11-10 20:45:04.343  3900  3900 D Notification.Badge: [filtered] shouldBeFilteredOut().mTempRanking.canShowBadge[false], [sbn : StatusBarNotification(pkg=com.android.systemui user=UserHandle{-1} id=2131362726 tag=charging_state key=-1|com.android.systemui|2131362726|charging_state|10063: Notification(channel=GEN pri=-2 contentView=null vibrate=null sound=null defaults=0x0 flags=0xa color=0xff607d8b category=sys number=0 vis=PUBLIC semFlags=0x0 semPriority=0 semMissedCount=0))]
11-10 20:45:04.343   730   730 I qti_sensors_hal: batch: current sample rate, report rate & buffering are equal to requested (50.000000,0.000000,0)
11-10 20:45:04.343  3196  3196 D TelephonyExtension: Not stopping low battery tone
11-10 20:45:04.344  3900  3995 D Notification.Badge: LauncherModel:onNotificationPosted() : com.android.systemui, count : [1], shouldBeFilteredOut : [true]
11-10 20:45:04.344  3900  3995 D Notification.Badge: updateLauncherIconBadges : 1
11-10 20:45:04.346   730   730 I qti_sensors_hal: SMGRReportAdd:sensor(android.sensor.accelerometer) handle=1, sample_rate=50.000000 report_rate=0 buffer=0
11-10 20:45:04.351  1936  4617 D ConnectivityService: filterNetworkStateForUid() uid: 10317 networkInfo: [type: MOBILE[] - MOBILE, state: DISCONNECTED/BLOCKED, reason: (unspecified), extra: (none), failover: false, available: true, roaming: false, metered: false]
11-10 20:45:04.352  1936  4617 D ConnectivityService: filterNetworkStateForUid() uid: 10317 networkInfo: [type: WIFI[] - WIFI, state: DISCONNECTED/BLOCKED, reason: (unspecified), extra: (none), failover: false, available: true, roaming: false, metered: false]
11-10 20:45:04.352  1936  4617 D ConnectivityService: filterNetworkStateForUid() uid: 10317 networkInfo: [type: MOBILE_MMS[] - MOBILE_MMS, state: DISCONNECTED/BLOCKED, reason: (unspecified), extra: (none), failover: false, available: true, roaming: false, metered: false]
11-10 20:45:04.352  1936  4617 D ConnectivityService: filterNetworkStateForUid() uid: 10317 networkInfo: [type: MOBILE_SUPL[] - MOBILE_SUPL, state: DISCONNECTED/BLOCKED, reason: (unspecified), extra: (none), failover: false, available: true, roaming: false, metered: false]
11-10 20:45:04.352  1936  4617 D ConnectivityService: filterNetworkStateForUid() uid: 10317 networkInfo: [type: MOBILE_DUN[] - MOBILE_DUN, state: DISCONNECTED/BLOCKED, reason: (unspecified), extra: (none), failover: false, available: true, roaming: false, metered: false]
11-10 20:45:04.353  1936  4617 D ConnectivityService: filterNetworkStateForUid() uid: 10317 networkInfo: [type: MOBILE_HIPRI[] - MOBILE_HIPRI, state: DISCONNECTED/BLOCKED, reason: (unspecified), extra: (none), failover: false, available: true, roaming: false, metered: false]
11-10 20:45:04.353  1936  4617 D ConnectivityService: filterNetworkStateForUid() uid: 10317 networkInfo: [type: BLUETOOTH[] - BLUETOOTH, state: DISCONNECTED/BLOCKED, reason: (unspecified), extra: (none), failover: false, available: true, roaming: false, metered: false]
11-10 20:45:04.353  1936  4617 D ConnectivityService: filterNetworkStateForUid() uid: 10317 networkInfo: [type: ETHERNET[] - ETHERNET, state: DISCONNECTED/BLOCKED, reason: (unspecified), extra: (none), failover: false, available: true, roaming: false, metered: false]
11-10 20:45:04.353  1936  4617 D ConnectivityService: filterNetworkStateForUid() uid: 10317 networkInfo: [type: MOBILE_FOTA[] - MOBILE_FOTA, state: DISCONNECTED/BLOCKED, reason: (unspecified), extra: (none), failover: false, available: true, roaming: false, metered: false]
11-10 20:45:04.353  1936  4617 D ConnectivityService: filterNetworkStateForUid() uid: 10317 networkInfo: [type: MOBILE_IMS[] - MOBILE_IMS, state: DISCONNECTED/BLOCKED, reason: (unspecified), extra: (none), failover: false, available: true, roaming: false, metered: false]
11-10 20:45:04.353  1936  4617 D ConnectivityService: filterNetworkStateForUid() uid: 10317 networkInfo: [type: MOBILE_CBS[] - MOBILE_CBS, state: DISCONNECTED/BLOCKED, reason: (unspecified), extra: (none), failover: false, available: true, roaming: false, metered: false]
11-10 20:45:04.354  1936  4617 D ConnectivityService: filterNetworkStateForUid() uid: 10317 networkInfo: [type: WIFI_P2P[] - WIFI_P2P, state: DISCONNECTED/BLOCKED, reason: (unspecified), extra: (none), failover: false, available: true, roaming: false, metered: false]
11-10 20:45:04.354  1936  4617 D ConnectivityService: filterNetworkStateForUid() uid: 10317 networkInfo: [type: MOBILE_IA[] - MOBILE_IA, state: DISCONNECTED/BLOCKED, reason: (unspecified), extra: (none), failover: false, available: true, roaming: false, metered: false]
11-10 20:45:04.354  1936  4617 D ConnectivityService: filterNetworkStateForUid() uid: 10317 networkInfo: [type: MOBILE_EMERGENCY[] - MOBILE_EMERGENCY, state: DISCONNECTED/BLOCKED, reason: (unspecified), extra: (none), failover: false, available: true, roaming: false, metered: false]
11-10 20:45:04.354  1936  4617 D ConnectivityService: filterNetworkStateForUid() uid: 10317 networkInfo: [type: VPN[] - VPN, state: DISCONNECTED/BLOCKED, reason: (unspecified), extra: (none), failover: false, available: true, roaming: false, metered: false]
11-10 20:45:04.355   730   867 I qti_sensors_hal: processReportInd: Accel - X: -0.368 Y: 0.840 Z: 9.633
11-10 20:45:04.356 22559 22559 D SensorManager: registerListener :: 1, K6DS3TR Accelerometer, 20000, 0,  
11-10 20:45:04.356  1936  3014 D SensorService: Calling batch handle==3 flags=0 rate=20000000 timeout== 0
11-10 20:45:04.357   730  2392 I qti_sensors_hal: batch:sensor(android.sensor.magnetic_field) handle:11 flags:0x0 period_ns 20000000
11-10 20:45:04.357   730  2392 I qti_sensors_hal: batch: current sample rate, report rate & buffering are equal to requested (50.000000,0.000000,0)
11-10 20:45:04.357  2905  2905 D KeyguardServiceBoxContainer: updateCMAS() hasCmasNotification = false, mHasCMAS = false
11-10 20:45:04.360   730  2392 I qti_sensors_hal: SMGRReportAdd:sensor(android.sensor.magnetic_field) handle=11, sample_rate=50.000000 report_rate=0 buffer=0
11-10 20:45:04.365 22559 22559 D SensorManager: registerListener :: 3, AK09911C Magnetometer, 20000, 0,  
11-10 20:45:04.366  1936  4617 D SensorService: Calling batch handle==5 flags=0 rate=20000000 timeout== 0
11-10 20:45:04.366   730  2392 I qti_sensors_hal: batch:sensor(android.sensor.gyroscope) handle:3 flags:0x0 period_ns 20000000
11-10 20:45:04.366   730  2392 I qti_sensors_hal: batch: current sample rate, report rate & buffering are equal to requested (50.000000,0.000000,0)
11-10 20:45:04.369   730  2392 I qti_sensors_hal: SMGRReportAdd:sensor(android.sensor.gyroscope) handle=3, sample_rate=50.000000 report_rate=0 buffer=0
11-10 20:45:04.372 22559 22559 D SensorManager: registerListener :: 5, K6DS3TR Gyroscope, 20000, 0,  
11-10 20:45:04.372 22559 22559 D UE4     : App is running in Landscape
11-10 20:45:04.372 22559 22559 D UE4     : === Restoring Transparent Bars ===
11-10 20:45:04.372 22559 22559 D UE4     : ==============> Resuming main init
11-10 20:45:04.372 22559 22559 D UE4     : ==============> GameActive.onResume complete!
11-10 20:45:04.374  1936  4617 D ActivityManager: post active user change for 0 fullscreen true isHomeActivity() false
11-10 20:45:04.377  1936  4617 V WindowManager: Relayout Window{e100341 u0 com.TeamNA.GiftGame/com.epicgames.ue4.GameActivity}: viewVisibility=0 req=1920x1080 WM.LayoutParams{(0,0)(fillxfill) sim=#110 ty=1 fl=#1810500 fmt=1 wanim=0x1030001 vsysui=0x1706 sysuil=true needsMenuKey=2 colorMode=0 naviIconColor=0}
11-10 20:45:04.383 22559 22606 D vulkan  : searching for layers in '/data/app/com.TeamNA.GiftGame-La5cEE4cgYiSutw6xZuOhg==/lib/arm'
11-10 20:45:04.384 22559 22606 D vulkan  : searching for layers in '/system/fake-libs'
11-10 20:45:04.387 22559 22606 D vulkan  : searching for layers in '/data/app/com.TeamNA.GiftGame-La5cEE4cgYiSutw6xZuOhg==/base.apk!/lib/armeabi-v7a'
11-10 20:45:04.388   730   867 I qti_sensors_hal: processReportInd: Cal Mag Filter, 0, 0, 0.000000, 0.000000, 0.000000, 0.000000, 0.000000, 0.000000, 11.407471, -21.458435, -44.534302
11-10 20:45:04.388 22559 22606 D vulkan  : vulkan api version_1_0 1.0.0
11-10 20:45:04.388 22559 22606 D vulkan  : vulkan header version 46
11-10 20:45:04.389 22559 22606 I Adreno  : QUALCOMM build          : 1b7798b, I8a9bdcf8d3
11-10 20:45:04.389 22559 22606 I Adreno  : Build Date              : 03/15/18
11-10 20:45:04.389 22559 22606 I Adreno  : Shader Compiler Version : EV031.22.00.01
11-10 20:45:04.389 22559 22606 I Adreno  : Local Branch            : 
11-10 20:45:04.389 22559 22606 I Adreno  : Remote Branch           : refs/tags/AU_LINUX_ANDROID_LA.UM.6.5.R1.08.00.00.312.043
11-10 20:45:04.389 22559 22606 I Adreno  : Remote Branch           : NONE
11-10 20:45:04.389 22559 22606 I Adreno  : Reconstruct Branch      : NOTHING
11-10 20:45:04.389 22559 22559 D ViewRootImpl@916ac0b[GameActivity]: Relayout returned: old=[0,0][1920,1080] new=[0,0][1920,1080] result=0x1 surface={valid=true 3532646400} changed=false
11-10 20:45:04.389 22559 22606 I vndksupport: sphal namespace is not configured for this process. Loading /vendor/lib/hw/gralloc.msm8996.so from the current namespace instead.
11-10 20:45:04.392 22559 22606 D UE4     : VulkanRHI is available, Vulkan capable device detected.
11-10 20:45:04.406 22559 22559 V InputMethodManager: Starting input: tba=android.view.inputmethod.EditorInfo@d1022e nm : com.TeamNA.GiftGame ic=null
11-10 20:45:04.407   730   867 I qti_sensors_hal: processReportInd: Gyro - X: 0.001 Y: 0.001 Z: -0.000 status: 3
11-10 20:45:04.417  3900  3900 D StageManager: saved stages : inStack [1] , outStack[2]
11-10 20:45:04.421  1936  3526 D Dex2oatAdjuster: Before fg size = 0
11-10 20:45:04.421  1936  3526 D Dex2oatAdjuster: After bg size = 0 fg size = 0
11-10 20:45:04.425  1936  2389 D ViewRootImpl@cdaa0a[GiftGame]: dispatchDetachedFromWindow
11-10 20:45:04.425  1936  2389 D InputEventReceiver: channel 'f1ca27b Splash Screen com.TeamNA.GiftGame (client)' ~ Disposing input event receiver.
11-10 20:45:04.425  1936  2389 D InputEventReceiver: channel 'f1ca27b Splash Screen com.TeamNA.GiftGame (client)' ~NativeInputEventReceiver.
11-10 20:45:04.425  1936  4617 I WindowManager: Destroying surface Surface(name=Splash Screen com.TeamNA.GiftGame) called by com.android.server.wm.WindowStateAnimator.destroySurface:2501 com.android.server.wm.WindowStateAnimator.destroySurfaceLocked:985 com.android.server.wm.WindowState.removeImmediately:2404 com.android.server.wm.WindowState.removeIfPossible:2612 com.android.server.wm.WindowState.removeIfPossible:2442 com.android.server.wm.WindowToken.removeAllWindowsIfPossible:143 com.android.server.wm.AppWindowToken.removeIfPossible:606 com.android.server.wm.AppWindowToken.onRemovedFromDisplay:674 
11-10 20:45:04.425   769  1006 I SurfaceFlinger: id=5964 Removed Splash Screen com.TeamNA.GiftGame#0 (1/5)
11-10 20:45:04.425   769  1006 I SurfaceFlinger: id=5964 Removed Splash Screen com.TeamNA.GiftGame#0 (-2/5)
11-10 20:45:04.428   769   769 I Layer   : id=5964 onRemoved Splash Screen com.TeamNA.GiftGame#0 
11-10 20:45:04.454  1936  2389 W WindowManager: Failed looking up window callers=com.android.server.wm.WindowManagerService.windowForClientLocked:6654 com.android.server.wm.WindowManagerService.removeWindow:2015 com.android.server.wm.Session.remove:237 
11-10 20:45:04.456  3170 22321 D ForegroundUtils: could not check pending caller
11-10 20:45:04.469  1936  3526 D Dex2oatAdjuster: Before fg size = 0
11-10 20:45:04.469  1936  3526 D Dex2oatAdjuster: After bg size = 0 fg size = 0
11-10 20:45:04.470  3170 22321 D ForegroundUtils: could not check pending caller
11-10 20:45:04.588  2920  2920 E adbd    : recv: OPEN 00008898 00000000 0009:74 63 70 3A 36 36 36 36 00 
11-10 20:45:04.589  2920  2920 E adbd    : service_to_fd: tcp:6666
11-10 20:45:04.589  1075  1362 D DnsProxyListener: DNSDBG::dns addrinfo af 2
11-10 20:45:04.592  2920  2920 E adbd    : failed to connect to socket 'tcp:6666': Connection refused
11-10 20:45:04.598  1936  1936 D CustomFrequencyManagerService: releaseDVFSLockLocked : Getting Lock type frm List : DVFS_MIN_LIMIT  frequency : 1555200  uid : 1000  pid : 1936  tag : AMS_RESUME_TAIL@CPU_MIN@26
11-10 20:45:04.600  1936  2467 D MdnieScenarioControlService:  packageName : com.TeamNA.GiftGame    className : com.epicgames.ue4.GameActivity
11-10 20:45:04.600  1936  2467 V MdnieScenarioControlService: setUIMode from UI function(3)
11-10 20:45:04.771  1936 11112 D GamePkgDataHelper: getGamePkgDataIncServer(). com.TeamNA.GiftGame
11-10 20:45:04.773 22559 22606 D UE4     : LogStreaming: Display: Took  0.137s to configure plugins.
11-10 20:45:04.773 22559 22606 D UE4     : 
11-10 20:45:04.776  1936 11112 D GameManagerService: identifyGamePackage. com.TeamNA.GiftGame
11-10 20:45:04.776  1936 11112 D GamePkgDataHelper: getGamePkgData(). com.TeamNA.GiftGame
11-10 20:45:04.777  1936 11112 D GameManagerService: identifyGamePackage. com.TeamNA.GiftGame
11-10 20:45:04.777  1936 11112 D GamePkgDataHelper: getGamePkgData(). com.TeamNA.GiftGame
11-10 20:45:04.778  1936 11112 D GameManagerService: identifyGamePackage. com.TeamNA.GiftGame
11-10 20:45:04.778  1936 11112 D GamePkgDataHelper: getGamePkgData(). com.TeamNA.GiftGame
11-10 20:45:04.788 22559 22606 D UE4     : LogOnline: Display: OnlineSubsystemGooglePlayModule::StartupModule()
11-10 20:45:04.789 22559 22606 D UE4     : 
11-10 20:45:04.789 22559 22606 D UE4     : LogOnline: Warning: FOnlineSubsystemGooglePlayModule was disabled
11-10 20:45:04.789 22559 22606 D UE4     : 
11-10 20:45:04.792 22559 22606 D UE4     : LogOnline: Warning: FOnlineSubsystemGooglePlayModule was disabled
11-10 20:45:04.792 22559 22606 D UE4     : 
11-10 20:45:04.793  1936 11112 D GameManagerService: identifyGamePackage. com.TeamNA.GiftGame
11-10 20:45:04.793  1936 11112 D GamePkgDataHelper: getGamePkgData(). com.TeamNA.GiftGame
11-10 20:45:04.795  1936 11112 D GameManagerService: identifyGamePackage. com.TeamNA.GiftGame
11-10 20:45:04.795  1936 11112 D GamePkgDataHelper: getGamePkgData(). com.TeamNA.GiftGame
11-10 20:45:04.797 22559 22606 D UE4     : LogStreaming: Display: Took  0.004s to delete old logs.
11-10 20:45:04.797 22559 22606 D UE4     : 
11-10 20:45:04.839 22559 22606 D UE4     : LogStreaming: Display: Async Loading initialized: Event Driven Loader: true, Async Loading Thread: false, Async Post Load: true
11-10 20:45:04.839 22559 22606 D UE4     : 
11-10 20:45:04.890 22559 22606 D UE4     : ***** RequestedContentScaleFactor different 1.000000 != -1.000000, not using res cache
11-10 20:45:04.890 22559 22606 D UE4     : ***** Window different, not using res cache
11-10 20:45:04.890 22559 22606 D UE4     : ***** WindowWidth is -1, not using res cache
11-10 20:45:04.896 22559 22606 D UE4     : Vulkan not available as project packaged without bSupportsVulkan or bSupportsVulkanSM5.
11-10 20:45:04.941 22608 22674 I RecursiveFileObserver: CLOSE_WRITE: /mnt/sdcard/UE4Game/GiftGame/GiftGame/Saved/Config/Android/DeviceProfiles.ini
11-10 20:45:04.959  1936  1936 D PreBindingService: handleMessage : 1
11-10 20:45:04.979 22559 22606 D UE4     : LogHAL: Display: Platform has ~ 4 GB [3903090688 / 4294967296 / 4], which maps to Default [LargestMinGB=8, LargerMinGB=6, DefaultMinGB=4, SmallerMinGB=3, SmallestMinGB=0)
11-10 20:45:04.979 22559 22606 D UE4     : 
11-10 20:45:04.986  1936  1936 D PreBindingService: handleMessage : 1
11-10 20:45:05.106 22559 22606 D UE4     : LogStreaming: Display: Took  0.120s to InitEngineTextLocalization.
11-10 20:45:05.106 22559 22606 D UE4     : 
11-10 20:45:05.135 22559 22606 D UE4     : VulkanRHI will NOT be used:
11-10 20:45:05.135 22559 22606 D UE4     :  ** Vulkan support is not available (Driver, RHI or shaders are missing, or disabled by cmdline)
11-10 20:45:05.135 22559 22606 D UE4     : OpenGL ES will be used.
11-10 20:45:05.135 22559 22606 D UE4     : FPlatformOpenGLDevice:Init
11-10 20:45:05.135 22559 22606 D UE4     : AndroidEGL::InitSurface 0, 1
11-10 20:45:05.136 22559 22606 D UE4     : [JAVA] - SetDesiredViewSize width=1280 and height=720
11-10 20:45:05.136 22559 22606 D UE4     : AndroidEGL::CreateEGLSurface() Already initialized: 0xd2c1ca00
11-10 20:45:05.151  2920  2920 E adbd    : recv: OPEN 0000889c 00000000 000c:73 68 65 6C 6C 2C 76 32 3A 70 73 00 
11-10 20:45:05.151  2920  2920 E adbd    : service_to_fd: shell,v2:ps
11-10 20:45:05.152 22559 22606 D libGLESv2: STS_GLApi : DTS, ODTC are not allowed for Package : com.TeamNA.GiftGame
11-10 20:45:05.175 22683 22683 E propClient: PropClient failed to load
11-10 20:45:05.176 22559 22606 D UE4     : LogRHI: Display: Testing for shader compiler compatibility
11-10 20:45:05.176 22559 22606 D UE4     : 
11-10 20:45:05.177 22559 22606 D UE4     : LogRHI: Display: Shaders compile fine no need to enable hacks
11-10 20:45:05.177 22559 22606 D UE4     : 
11-10 20:45:05.177 22559 22606 D UE4     : LogRHI: Display: Testing for round() function availability
11-10 20:45:05.177 22559 22606 D UE4     : 
11-10 20:45:05.177 22559 22606 D UE4     : LogRHI: Warning: Disabling the need for the round() function hack
11-10 20:45:05.177 22559 22606 D UE4     : 
11-10 20:45:05.177 22559 22606 D UE4     : LogShaderLibrary: Display: Failed to load Shared Shader Library: Global and no native library supported.
11-10 20:45:05.177 22559 22606 D UE4     : 
11-10 20:45:05.177 22559 22606 D UE4     : LogShaderLibrary: Display: Failed to load Shared Shader Library: Global_SC and no native library supported.
11-10 20:45:05.177 22559 22606 D UE4     : 
11-10 20:45:05.178 22559 22606 D UE4     : LogShaderLibrary: Display: Failed to load Shared Shader Library: Paper2D and no native library supported.
11-10 20:45:05.178 22559 22606 D UE4     : 
11-10 20:45:05.178 22559 22606 D UE4     : LogShaderLibrary: Display: Failed to load Shared Shader Library: Paper2D_SC and no native library supported.
11-10 20:45:05.178 22559 22606 D UE4     : 
11-10 20:45:05.179 22559 22606 D UE4     : LogShaderLibrary: Display: Failed to load Shared Shader Library: Paper2D and no native library supported.
11-10 20:45:05.179 22559 22606 D UE4     : 
11-10 20:45:05.179 22559 22606 D UE4     : LogShaderLibrary: Display: Failed to load Shared Shader Library: Paper2D_SC and no native library supported.
11-10 20:45:05.179 22559 22606 D UE4     : 
11-10 20:45:05.180 22559 22606 D UE4     : LogShaderLibrary: Display: Failed to load Shared Shader Library: CryptoKeys and no native library supported.
11-10 20:45:05.180 22559 22606 D UE4     : 
11-10 20:45:05.181 22559 22606 D UE4     : LogShaderLibrary: Display: Failed to load Shared Shader Library: CryptoKeys_SC and no native library supported.
11-10 20:45:05.181 22559 22606 D UE4     : 
11-10 20:45:05.181 22559 22606 D UE4     : LogShaderLibrary: Display: Failed to load Shared Shader Library: CryptoKeys and no native library supported.
11-10 20:45:05.181 22559 22606 D UE4     : 
11-10 20:45:05.182 22559 22606 D UE4     : LogShaderLibrary: Display: Failed to load Shared Shader Library: CryptoKeys_SC and no native library supported.
11-10 20:45:05.182 22559 22606 D UE4     : 
11-10 20:45:05.183 22559 22606 D UE4     : LogShaderLibrary: Display: Failed to load Shared Shader Library: MeshEditor and no native library supported.
11-10 20:45:05.183 22559 22606 D UE4     : 
11-10 20:45:05.183 22559 22606 D UE4     : LogShaderLibrary: Display: Failed to load Shared Shader Library: MeshEditor_SC and no native library supported.
11-10 20:45:05.183 22559 22606 D UE4     : 
11-10 20:45:05.184 22559 22606 D UE4     : LogShaderLibrary: Display: Failed to load Shared Shader Library: MeshEditor and no native library supported.
11-10 20:45:05.184 22559 22606 D UE4     : 
11-10 20:45:05.184 22559 22606 D UE4     : LogShaderLibrary: Display: Failed to load Shared Shader Library: MeshEditor_SC and no native library supported.
11-10 20:45:05.184 22559 22606 D UE4     : 
11-10 20:45:05.184 22559 22606 D UE4     : LogShaderLibrary: Display: Failed to load Shared Shader Library: DatasmithContent and no native library supported.
11-10 20:45:05.184 22559 22606 D UE4     : 
11-10 20:45:05.185 22559 22606 D UE4     : LogShaderLibrary: Display: Failed to load Shared Shader Library: DatasmithContent_SC and no native library supported.
11-10 20:45:05.185 22559 22606 D UE4     : 
11-10 20:45:05.185 22559 22606 D UE4     : LogShaderLibrary: Display: Failed to load Shared Shader Library: DatasmithContent and no native library supported.
11-10 20:45:05.185 22559 22606 D UE4     : 
11-10 20:45:05.185 22559 22606 D UE4     : LogShaderLibrary: Display: Failed to load Shared Shader Library: DatasmithContent_SC and no native library supported.
11-10 20:45:05.185 22559 22606 D UE4     : 
11-10 20:45:05.185 22559 22606 D UE4     : LogShaderLibrary: Display: Failed to load Shared Shader Library: MediaCompositing and no native library supported.
11-10 20:45:05.185 22559 22606 D UE4     : 
11-10 20:45:05.186 22559 22606 D UE4     : LogShaderLibrary: Display: Failed to load Shared Shader Library: MediaCompositing_SC and no native library supported.
11-10 20:45:05.186 22559 22606 D UE4     : 
11-10 20:45:05.186 22559 22606 D UE4     : LogShaderLibrary: Display: Failed to load Shared Shader Library: MediaCompositing and no native library supported.
11-10 20:45:05.186 22559 22606 D UE4     : 
11-10 20:45:05.186 22559 22606 D UE4     : LogShaderLibrary: Display: Failed to load Shared Shader Library: MediaCompositing_SC and no native library supported.
11-10 20:45:05.186 22559 22606 D UE4     : 
11-10 20:45:05.186 22559 22606 D UE4     : LogShaderLibrary: Display: Failed to load Shared Shader Library: OculusVR and no native library supported.
11-10 20:45:05.186 22559 22606 D UE4     : 
11-10 20:45:05.187 22559 22606 D UE4     : LogShaderLibrary: Display: Failed to load Shared Shader Library: OculusVR_SC and no native library supported.
11-10 20:45:05.187 22559 22606 D UE4     : 
11-10 20:45:05.187 22559 22606 D UE4     : LogShaderLibrary: Display: Failed to load Shared Shader Library: OculusVR and no native library supported.
11-10 20:45:05.187 22559 22606 D UE4     : 
11-10 20:45:05.187 22559 22606 D UE4     : LogShaderLibrary: Display: Failed to load Shared Shader Library: OculusVR_SC and no native library supported.
11-10 20:45:05.188 22559 22606 D UE4     : 
11-10 20:45:05.188 22559 22606 D UE4     : LogShaderLibrary: Display: Failed to load Shared Shader Library: SteamVR and no native library supported.
11-10 20:45:05.188 22559 22606 D UE4     : 
11-10 20:45:05.188 22559 22606 D UE4     : LogShaderLibrary: Display: Failed to load Shared Shader Library: SteamVR_SC and no native library supported.
11-10 20:45:05.188 22559 22606 D UE4     : 
11-10 20:45:05.188 22559 22606 D UE4     : LogShaderLibrary: Display: Failed to load Shared Shader Library: SteamVR and no native library supported.
11-10 20:45:05.188 22559 22606 D UE4     : 
11-10 20:45:05.188 22559 22606 D UE4     : LogShaderLibrary: Display: Failed to load Shared Shader Library: SteamVR_SC and no native library supported.
11-10 20:45:05.188 22559 22606 D UE4     : 
11-10 20:45:05.189 22559 22606 D UE4     : LogRHI: Display: Failed to open default shader pipeline cache for GiftGame using shader platform 8.
11-10 20:45:05.189 22559 22606 D UE4     : 
11-10 20:45:05.192 22683 22683 E propClient: PropClient failed to load
11-10 20:45:05.488 22559 22606 D UE4     : LogShaderLibrary: Display: Failed to load Shared Shader Library: GiftGame and no native library supported.
11-10 20:45:05.488 22559 22606 D UE4     : 
11-10 20:45:05.489 22559 22606 D UE4     : LogShaderLibrary: Display: Failed to load Shared Shader Library: GiftGame_SC and no native library supported.
11-10 20:45:05.489 22559 22606 D UE4     : 
11-10 20:45:05.495 22559 22606 D UE4     : LogRHI: Display: Failed to open default shader pipeline cache for GiftGame using shader platform 8.
11-10 20:45:05.495 22559 22606 D UE4     : 
11-10 20:45:05.495 22559 22606 D UE4     : LogShaderLibrary: Display: Failed to load Shared Shader Library: GiftGame and no native library supported.
11-10 20:45:05.495 22559 22606 D UE4     : 
11-10 20:45:05.496 22608 22674 I RecursiveFileObserver: CLOSE_WRITE: /mnt/sdcard/UE4Game/GiftGame/GiftGame/Saved/Config/Android/GameUserSettings.ini
11-10 20:45:05.497 22559 22606 D UE4     : LogShaderLibrary: Display: Failed to load Shared Shader Library: GiftGame_SC and no native library supported.
11-10 20:45:05.497 22559 22606 D UE4     : 
11-10 20:45:05.497 22559 22606 D UE4     : LogRHI: Display: Failed to open default shader pipeline cache for GiftGame using shader platform 8.
11-10 20:45:05.497 22559 22606 D UE4     : 
11-10 20:45:05.596 22559 22606 D UE4     : LogStreaming: Display: Took  0.098s to InitGameTextLocalization.
11-10 20:45:05.596 22559 22606 D UE4     : 
11-10 20:45:05.698  1936  2134 I zygote64: Explicit concurrent copying GC freed 44990(2MB) AllocSpace objects, 4(80KB) LOS objects, 30% free, 53MB/77MB, paused 2.130ms total 739.638ms
11-10 20:45:05.984  1936  1936 D PreBindingService: handleMessage : 1
11-10 20:45:06.032  1936  1936 D PreBindingService: handleMessage : 1
11-10 20:45:06.221 22559 22606 D UE4     : LogStreaming: Display: Flushing async loaders.
11-10 20:45:06.221 22559 22606 D UE4     : 
11-10 20:45:06.602  2920  2920 E adbd    : recv: OPEN 0000889d 00000000 0009:74 63 70 3A 36 36 36 36 00 
11-10 20:45:06.602  2920  2920 E adbd    : service_to_fd: tcp:6666
11-10 20:45:06.605  1075  1362 D DnsProxyListener: DNSDBG::dns addrinfo af 2
11-10 20:45:06.608  2920  2920 E adbd    : failed to connect to socket 'tcp:6666': Connection refused
11-10 20:45:06.828  2920  2920 E adbd    : recv: OPEN 000088a1 00000000 000c:73 68 65 6C 6C 2C 76 32 3A 70 73 00 
11-10 20:45:06.828  2920  2920 E adbd    : service_to_fd: shell,v2:ps
11-10 20:45:06.838 22687 22687 E propClient: PropClient failed to load
11-10 20:45:06.850 22687 22687 E propClient: PropClient failed to load
11-10 20:45:06.924 22559 22606 I MediaPlayer: Need to enable context aware info
11-10 20:45:06.924 22559 22606 V MediaPlayer-JNI: native_setup
11-10 20:45:06.924 22559 22606 V MediaPlayerNative: constructor
11-10 20:45:06.928 22559 22606 V MediaPlayerNative: setListener
11-10 20:45:06.948 22608 22674 I RecursiveFileObserver: CREATED: /mnt/sdcard/UE4Game/GiftGame/GiftGame/Saved/Logs/GiftGame-backup-2018.11.10-20.45.04.log
11-10 20:45:06.950 22608 22674 I RecursiveFileObserver: CLOSE_WRITE: /mnt/sdcard/UE4Game/GiftGame/GiftGame/Saved/Logs/GiftGame-backup-2018.11.10-20.45.04.log
11-10 20:45:06.954 22559 22606 D UE4     : [2018.11.11-02.45.06:954][  0]LogAndroid: Display: Android Version Make Model Language: 8.0.0 samsung SM-G930V en_US
11-10 20:45:06.954 22559 22606 D UE4     : [2018.11.11-02.45.06:954][  0]LogAndroid: Case APP_CMD_START
11-10 20:45:06.955 22559 22606 D UE4     : [2018.11.11-02.45.06:954][  0]LogAndroid: Case APP_CMD_RESUME
11-10 20:45:06.955 22559 22606 D UE4     : [2018.11.11-02.45.06:955][  0]LogAndroid: Case APP_CMD_INPUT_CHANGED
11-10 20:45:06.955 22559 22606 D UE4     : [2018.11.11-02.45.06:955][  0]LogAndroid: Case APP_CMD_INIT_WINDOW
11-10 20:45:06.955 22559 22606 D UE4     : [2018.11.11-02.45.06:955][  0]LogInit: Display: Running engine for game: GiftGame
11-10 20:45:06.955 22559 22606 D UE4     : [2018.11.11-02.45.06:955][  0]LogAndroid: Case APP_CMD_PAUSE
11-10 20:45:06.956 22559 22606 D UE4     : [2018.11.11-02.45.06:956][  0]LogTemp: 4 cores and 4 assignable cores
11-10 20:45:06.956 22559 22606 D UE4     : [2018.11.11-02.45.06:956][  0]LogTaskGraph: Started task graph with 5 named threads and 14 total threads with 3 sets of task threads.
11-10 20:45:06.956 22559 22606 D UE4     : [2018.11.11-02.45.06:956][  0]LogStats: Stats thread started at 0.903719
11-10 20:45:06.956 22559 22606 D UE4     : [2018.11.11-02.45.06:956][  0]LogAndroid: Case APP_CMD_GAINED_FOCUS
11-10 20:45:06.956 22559 22606 D UE4     : [2018.11.11-02.45.06:956][  0]LogICUInternationalization: Display: ICU TimeZone Detection - Raw Offset: -6:00, Platform Override: ''
11-10 20:45:06.956 22559 22606 D UE4     : [2018.11.11-02.45.06:956][  0]LogAndroid: Case APP_CMD_LOST_FOCUS
11-10 20:45:06.956 22559 22606 D UE4     : [2018.11.11-02.45.06:956][  0]LogAndroid: Case APP_CMD_GAINED_FOCUS
11-10 20:45:06.956 22559 22606 D UE4     : [2018.11.11-02.45.06:956][  0]LogAndroid: Case APP_CMD_RESUME
11-10 20:45:06.957 22559 22606 D UE4     : [2018.11.11-02.45.06:957][  0]LogPluginManager: Mounting plugin Paper2D
11-10 20:45:06.957 22559 22606 D UE4     : [2018.11.11-02.45.06:957][  0]LogPluginManager: Mounting plugin AISupport
11-10 20:45:06.957 22559 22606 D UE4     : [2018.11.11-02.45.06:957][  0]LogPluginManager: Mounting plugin LightPropagationVolume
11-10 20:45:06.957 22559 22606 D UE4     : [2018.11.11-02.45.06:957][  0]LogPluginManager: Mounting plugin AssetManagerEditor
11-10 20:45:06.957 22559 22606 D UE4     : [2018.11.11-02.45.06:957][  0]LogPluginManager: Mounting plugin CryptoKeys
11-10 20:45:06.957 22559 22606 D UE4     : [2018.11.11-02.45.06:957][  0]LogPluginManager: Mounting plugin FacialAnimation
11-10 20:45:06.957 22559 22606 D UE4     : [2018.11.11-02.45.06:957][  0]LogPluginManager: Mounting plugin MeshEditor
11-10 20:45:06.957 22559 22606 D UE4     : [2018.11.11-02.45.06:957][  0]LogPluginManager: Mounting plugin DatasmithContent
11-10 20:45:06.958 22559 22606 D UE4     : [2018.11.11-02.45.06:958][  0]LogPluginManager: Mounting plugin AlembicImporter
11-10 20:45:06.958 22559 22606 D UE4     : [2018.11.11-02.45.06:958][  0]LogPluginManager: Mounting plugin AppleImageUtils
11-10 20:45:06.958 22559 22606 D UE4     : [2018.11.11-02.45.06:958][  0]LogPluginManager: Mounting plugin AppleVision
11-10 20:45:06.958 22559 22606 D UE4     : [2018.11.11-02.45.06:958][  0]LogPluginManager: Mounting plugin BackChannel
11-10 20:45:06.958 22559 22606 D UE4     : [2018.11.11-02.45.06:958][  0]LogPluginManager: Mounting plugin CharacterAI
11-10 20:45:06.959 22559 22606 D UE4     : [2018.11.11-02.45.06:958][  0]LogPluginManager: Mounting plugin GeometryCache
11-10 20:45:06.959 22559 22606 D UE4     : [2018.11.11-02.45.06:959][  0]LogPluginManager: Mounting plugin AndroidMedia
11-10 20:45:06.959 22559 22606 D UE4     : [2018.11.11-02.45.06:959][  0]LogPluginManager: Mounting plugin ImgMedia
11-10 20:45:06.959 22559 22606 D UE4     : [2018.11.11-02.45.06:959][  0]LogPluginManager: Mounting plugin LinearTimecode
11-10 20:45:06.959 22559 22606 D UE4     : [2018.11.11-02.45.06:959][  0]LogPluginManager: Mounting plugin MediaCompositing
11-10 20:45:06.959 22559 22606 D UE4     : [2018.11.11-02.45.06:959][  0]LogPluginManager: Mounting plugin TcpMessaging
11-10 20:45:06.959 22559 22606 D UE4     : [2018.11.11-02.45.06:959][  0]LogPluginManager: Mounting plugin UdpMessaging
11-10 20:45:06.959 22559 22606 D UE4     : [2018.11.11-02.45.06:959][  0]LogPluginManager: Mounting plugin ActorSequence
11-10 20:45:06.960 22559 22606 D UE4     : [2018.11.11-02.45.06:960][  0]LogPluginManager: Mounting plugin NetcodeUnitTest
11-10 20:45:06.960 22559 22606 D UE4     : [2018.11.11-02.45.06:960][  0]LogPluginManager: Mounting plugin NUTUnrealEngine4
11-10 20:45:06.960 22559 22606 D UE4     : [2018.11.11-02.45.06:960][  0]LogPluginManager: Mounting plugin OnlineSubsystemGooglePlay
11-10 20:45:06.960 22559 22606 D UE4     : [2018.11.11-02.45.06:960][  0]LogPluginManager: Mounting plugin OnlineSubsystem
11-10 20:45:06.960 22559 22606 D UE4     : [2018.11.11-02.45.06:960][  0]LogPluginManager: Mounting plugin OnlineSubsystemNull
11-10 20:45:06.960 22559 22606 D UE4     : [2018.11.11-02.45.06:960][  0]LogPluginManager: Mounting plugin OnlineSubsystemUtils
11-10 20:45:06.960 22559 22606 D UE4     : [2018.11.11-02.45.06:960][  0]LogPluginManager: Mounting plugin AndroidDeviceProfileSelector
11-10 20:45:06.960 22559 22606 D UE4     : [2018.11.11-02.45.06:960][  0]LogPluginManager: Mounting plugin AndroidMoviePlayer
11-10 20:45:06.960 22559 22606 D UE4     : [2018.11.11-02.45.06:960][  0]LogPluginManager: Mounting plugin AndroidPermission
11-10 20:45:06.961 22559 22606 D UE4     : [2018.11.11-02.45.06:960][  0]LogPluginManager: Mounting plugin ArchVisCharacter
11-10 20:45:06.961 22559 22606 D UE4     : [2018.11.11-02.45.06:961][  0]LogPluginManager: Mounting plugin CableComponent
11-10 20:45:06.961 22559 22606 D UE4     : [2018.11.11-02.45.06:961][  0]LogPluginManager: Mounting plugin CustomMeshComponent
11-10 20:45:06.961 22559 22606 D UE4     : [2018.11.11-02.45.06:961][  0]LogPluginManager: Mounting plugin EditableMesh
11-10 20:45:06.961 22559 22606 D UE4     : [2018.11.11-02.45.06:961][  0]LogPluginManager: Mounting plugin ExampleDeviceProfileSelector
11-10 20:45:06.961 22559 22606 D UE4     : [2018.11.11-02.45.06:961][  0]LogPluginManager: Mounting plugin GoogleCloudMessaging
11-10 20:45:06.961 22559 22606 D UE4     : [2018.11.11-02.45.06:961][  0]LogPluginManager: Mounting plugin ImmediatePhysics
11-10 20:45:06.961 22559 22606 D UE4     : [2018.11.11-02.45.06:961][  0]LogPluginManager: Mounting plugin LocationServicesBPLibrary
11-10 20:45:06.961 22559 22606 D UE4     : [2018.11.11-02.45.06:961][  0]LogPluginManager: Mounting plugin MobilePatchingUtils
11-10 20:45:06.962 22559 22606 D UE4     : [2018.11.11-02.45.06:962][  0]LogPluginManager: Mounting plugin OculusVR
11-10 20:45:06.962 22559 22606 D UE4     : [2018.11.11-02.45.06:962][  0]LogPluginManager: Mounting plugin PhysXVehicles
11-10 20:45:06.962 22559 22606 D UE4     : [2018.11.11-02.45.06:962][  0]LogPluginManager: Mounting plugin ProceduralMeshComponent
11-10 20:45:06.962 22559 22606 D UE4     : [2018.11.11-02.45.06:962][  0]LogPluginManager: Mounting plugin RuntimePhysXCooking
11-10 20:45:06.962 22559 22606 D UE4     : [2018.11.11-02.45.06:962][  0]LogPluginManager: Mounting plugin SteamVR
11-10 20:45:06.962 22559 22606 D UE4     : [2018.11.11-02.45.06:962][  0]LogStreaming: Display: Took  0.137s to configure plugins.
11-10 20:45:06.962 22559 22606 D UE4     : [2018.11.11-02.45.06:962][  0]LogInit: Using libcurl 7.46.0
11-10 20:45:06.962 22559 22606 D UE4     : [2018.11.11-02.45.06:962][  0]LogInit:  - built for arm-unknown-linux-androideabi
11-10 20:45:06.962 22559 22606 D UE4     : [2018.11.11-02.45.06:962][  0]LogInit:  - supports SSL with OpenSSL/1.0.1s
11-10 20:45:06.963 22559 22606 D UE4     : [2018.11.11-02.45.06:963][  0]LogInit:  - supports HTTP deflate (compression) using libz 1.2.8
11-10 20:45:06.963 22559 22606 D UE4     : [2018.11.11-02.45.06:963][  0]LogInit:  - other features:
11-10 20:45:06.963 22559 22606 D UE4     : [2018.11.11-02.45.06:963][  0]LogInit:      CURL_VERSION_SSL
11-10 20:45:06.963 22559 22606 D UE4     : [2018.11.11-02.45.06:963][  0]LogInit:      CURL_VERSION_LIBZ
11-10 20:45:06.963 22559 22606 D UE4     : [2018.11.11-02.45.06:963][  0]LogInit:      CURL_VERSION_IPV6
11-10 20:45:06.963 22559 22606 D UE4     : [2018.11.11-02.45.06:963][  0]LogInit:      CURL_VERSION_ASYNCHDNS
11-10 20:45:06.963 22559 22606 D UE4     : [2018.11.11-02.45.06:963][  0]LogInit:      CURL_VERSION_TLSAUTH_SRP
11-10 20:45:06.963 22559 22606 D UE4     : [2018.11.11-02.45.06:963][  0]LogInit:  Libcurl: using existing PEM file: '/storage/emulated/0/Android/data/com.TeamNA.GiftGame/files/ca-bundle.pem'
11-10 20:45:06.963 22559 22606 D UE4     : [2018.11.11-02.45.06:963][  0]LogInit:  CurlRequestOptions (configurable via config and command line):
11-10 20:45:06.963 22559 22606 D UE4     : [2018.11.11-02.45.06:963][  0]LogInit:  - bVerifyPeer = true  - Libcurl will verify peer certificate
11-10 20:45:06.964 22559 22606 D UE4     : [2018.11.11-02.45.06:964][  0]LogInit:  - bUseHttpProxy = false  - Libcurl will NOT use HTTP proxy
11-10 20:45:06.964 22559 22606 D UE4     : [2018.11.11-02.45.06:964][  0]LogInit:  - bDontReuseConnections = false  - Libcurl will reuse connections
11-10 20:45:06.964 22559 22606 D UE4     : [2018.11.11-02.45.06:964][  0]LogInit:  - CertBundlePath = /storage/emulated/0/Android/data/com.TeamNA.GiftGame/files/ca-bundle.pem  - Libcurl will set CURLOPT_CAINFO to it
11-10 20:45:06.964 22559 22606 D UE4     : [2018.11.11-02.45.06:964][  0]LogInit:  - MaxHostConnections = 16  - Libcurl will limit the number of connections to a host
11-10 20:45:06.964 22559 22606 D UE4     : [2018.11.11-02.45.06:964][  0]LogInit:  - LocalHostAddr = Default
11-10 20:45:06.964 22559 22606 D UE4     : [2018.11.11-02.45.06:964][  0]LogInit:  - BufferSize = 65536
11-10 20:45:06.964 22559 22606 D UE4     : [2018.11.11-02.45.06:964][  0]LogOnline: Display: OnlineSubsystemGooglePlayModule::StartupModule()
11-10 20:45:06.964 22559 22606 D UE4     : [2018.11.11-02.45.06:964][  0]LogOnline: Warning: FOnlineSubsystemGooglePlayModule was disabled
11-10 20:45:06.964 22559 22606 D UE4     : [2018.11.11-02.45.06:964][  0]LogOnline: Warning: FOnlineSubsystemGooglePlayModule was disabled
11-10 20:45:06.965 22559 22606 D UE4     : [2018.11.11-02.45.06:964][  0]LogHMD: App is not packaged for Gear VR
11-10 20:45:06.965 22559 22606 D UE4     : [2018.11.11-02.45.06:965][  0]LogInit: Build: ++UE4+Release-4.20-CL-4369336
11-10 20:45:06.965 22559 22606 D UE4     : [2018.11.11-02.45.06:965][  0]LogInit: Engine Version: 4.20.3-4369336+++UE4+Release-4.20
11-10 20:45:06.965 22559 22606 D UE4     : [2018.11.11-02.45.06:965][  0]LogInit: Compatible Engine Version: 4.20.0-4212847+++UE4+Release-4.20
11-10 20:45:06.965 22559 22606 D UE4     : [2018.11.11-02.45.06:965][  0]LogInit: Net CL: 4212847
11-10 20:45:06.965 22559 22606 D UE4     : [2018.11.11-02.45.06:965][  0]LogInit: OS: Android (8.0.0), CPU: SM-G930V, GPU: Adreno (TM) 530
11-10 20:45:06.965 22559 22606 D UE4     : [2018.11.11-02.45.06:965][  0]LogInit: Compiled (32-bit): Sep 17 2018 13:07:02
11-10 20:45:06.966 22559 22606 D UE4     : [2018.11.11-02.45.06:965][  0]LogInit: Compiled with Clang: 3.8.256229 
11-10 20:45:06.966 22559 22606 D UE4     : [2018.11.11-02.45.06:966][  0]LogInit: Build Configuration: Development
11-10 20:45:06.966 22559 22606 D UE4     : [2018.11.11-02.45.06:966][  0]LogInit: Branch Name: ++UE4+Release-4.20
11-10 20:45:06.967 22559 22606 D UE4     : [2018.11.11-02.45.06:967][  0]LogInit: Command Line:   /Game/Maps/MainGame -Messaging -SessionId=2E51C96845BFE03259279FB54C5BCF4C -SessionOwner="DSU" -SessionName="Launch On Device" -iterative
11-10 20:45:06.968 22559 22606 D UE4     : [2018.11.11-02.45.06:968][  0]LogInit: Base Directory: 
11-10 20:45:06.968 22559 22606 D UE4     : [2018.11.11-02.45.06:968][  0]LogInit: Installed Engine Build: 0
11-10 20:45:06.968 22559 22606 D UE4     : [2018.11.11-02.45.06:968][  0]LogDevObjectVersion: Number of dev versions registered: 20
11-10 20:45:06.968 22559 22606 D UE4     : [2018.11.11-02.45.06:968][  0]LogDevObjectVersion:   Dev-Blueprints (B0D832E4-1F89-4F0D-ACCF-7EB736FD4AA2): 10
11-10 20:45:06.969 22559 22606 D UE4     : [2018.11.11-02.45.06:968][  0]LogDevObjectVersion:   Dev-Build (E1C64328-A22C-4D53-A36C-8E866417BD8C): 0
11-10 20:45:06.969 22559 22606 D UE4     : [2018.11.11-02.45.06:969][  0]LogDevObjectVersion:   Dev-Core (375EC13C-06E4-48FB-B500-84F0262A717E): 2
11-10 20:45:06.969 22559 22606 D UE4     : [2018.11.11-02.45.06:969][  0]LogDevObjectVersion:   Dev-Editor (E4B068ED-F494-42E9-A231-DA0B2E46BB41): 24
11-10 20:45:06.969 22559 22606 D UE4     : [2018.11.11-02.45.06:969][  0]LogDevObjectVersion:   Dev-Framework (CFFC743F-43B0-4480-9391-14DF171D2073): 34
11-10 20:45:06.969 22559 22606 D UE4     : [2018.11.11-02.45.06:969][  0]LogDevObjectVersion:   Dev-Mobile (B02B49B5-BB20-44E9-A304-32B752E40360): 2
11-10 20:45:06.969 22559 22606 D UE4     : [2018.11.11-02.45.06:969][  0]LogDevObjectVersion:   Dev-Networking (A4E4105C-59A1-49B5-A7C5-40C4547EDFEE): 0
11-10 20:45:06.969 22559 22606 D UE4     : [2018.11.11-02.45.06:969][  0]LogDevObjectVersion:   Dev-Online (39C831C9-5AE6-47DC-9A44-9C173E1C8E7C): 0
11-10 20:45:06.969 22559 22606 D UE4     : [2018.11.11-02.45.06:969][  0]LogDevObjectVersion:   Dev-Physics (78F01B33-EBEA-4F98-B9B4-84EACCB95AA2): 0
11-10 20:45:06.970 22559 22606 D UE4     : [2018.11.11-02.45.06:970][  0]LogDevObjectVersion:   Dev-Platform (6631380F-2D4D-43E0-8009-CF276956A95A): 0
11-10 20:45:06.970 22559 22606 D UE4     : [2018.11.11-02.45.06:970][  0]LogDevObjectVersion:   Dev-Rendering (12F88B9F-8875-4AFC-A67C-D90C383ABD29): 26
11-10 20:45:06.970 22559 22606 D UE4     : [2018.11.11-02.45.06:970][  0]LogDevObjectVersion:   Dev-Sequencer (7B5AE74C-D270-4C10-A958-57980B212A5A): 9
11-10 20:45:06.970 22559 22606 D UE4     : [2018.11.11-02.45.06:970][  0]LogDevObjectVersion:   Dev-VR (D7296918-1DD6-4BDD-9DE2-64A83CC13884): 2
11-10 20:45:06.970 22559 22606 D UE4     : [2018.11.11-02.45.06:970][  0]LogDevObjectVersion:   Dev-LoadTimes (C2A15278-BFE7-4AFE-6C17-90FF531DF755): 1
11-10 20:45:06.970 22559 22606 D UE4     : [2018.11.11-02.45.06:970][  0]LogDevObjectVersion:   Private-Geometry (6EACA3D4-40EC-4CC1-B786-8BED09428FC5): 3
11-10 20:45:06.970 22559 22606 D UE4     : [2018.11.11-02.45.06:970][  0]LogDevObjectVersion:   Dev-AnimPhys (29E575DD-E0A3-4627-9D10-D276232CDCEA): 17
11-10 20:45:06.970 22559 22606 D UE4     : [2018.11.11-02.45.06:970][  0]LogDevObjectVersion:   Dev-ReflectionCapture (6B266CEC-1EC7-4B8F-A30B-E4D90942FC07): 1
11-10 20:45:06.970 22559 22606 D UE4     : [2018.11.11-02.45.06:970][  0]LogDevObjectVersion:   Dev-Automation (0DF73D61-A23F-47EA-B727-89E90C41499A): 1
11-10 20:45:06.970 22559 22606 D UE4     : [2018.11.11-02.45.06:970][  0]LogDevObjectVersion:   FortniteMain (601D1886-AC64-4F84-AA16-D3DE0DEAC7D6): 12
11-10 20:45:06.971 22559 22606 D UE4     : [2018.11.11-02.45.06:971][  0]LogDevObjectVersion:   Dev-Enterprise (9DFFBCD6-494F-0158-E221-12823C92A888): 1
11-10 20:45:06.971 22559 22606 D UE4     : [2018.11.11-02.45.06:971][  0]LogStreaming: Display: Took  0.004s to delete old logs.
11-10 20:45:06.971 22559 22606 D UE4     : [2018.11.11-02.45.06:971][  0]LogInit: Presizing for max 131072 objects, including 0 objects not considered by GC, pre-allocating 0 bytes for permanent pool.
11-10 20:45:06.971 22559 22606 D UE4     : [2018.11.11-02.45.06:971][  0]LogStreaming: Display: Async Loading initialized: Event Driven Loader: true, Async Loading Thread: false, Async Post Load: true
11-10 20:45:06.971 22559 22606 D UE4     : [2018.11.11-02.45.06:971][  0]LogInit: Object subsystem initialized
11-10 20:45:06.971 22559 22606 D UE4     : [2018.11.11-02.45.06:971][  0]LogAndroid: Mobile HDR: no
11-10 20:45:06.971 22559 22606 D UE4     : [2018.11.11-02.45.06:971][  0]LogAndroid: Setting Width=1280 and Height=720 (requested scale = 1.000000)
11-10 20:45:06.971 22559 22606 D UE4     : [2018.11.11-02.45.06:971][  0]LogAndroid: Checking 31 rules from DeviceProfile ini file.
11-10 20:45:06.971 22559 22606 D UE4     : [2018.11.11-02.45.06:971][  0]LogAndroid:   Default profile: Android_Default
11-10 20:45:06.972 22559 22606 D UE4     : [2018.11.11-02.45.06:971][  0]LogAndroid:   GpuFamily: Adreno (TM) 530
11-10 20:45:06.972 22559 22606 D UE4     : [2018.11.11-02.45.06:972][  0]LogAndroid:   GlVersion: OpenGL ES 3.2 V@269.0 (GIT@1b7798b, I8a9bdcf8d3) (Date:03/15/18)
11-10 20:45:06.972 22559 22606 D UE4     : [2018.11.11-02.45.06:972][  0]LogAndroid:   VulkanAvailable: false
11-10 20:45:06.972 22559 22606 D UE4     : [2018.11.11-02.45.06:972][  0]LogAndroid:   VulkanVersion: 1.0.61
11-10 20:45:06.972 22559 22606 D UE4     : [2018.11.11-02.45.06:972][  0]LogAndroid:   AndroidVersion: 8.0.0
11-10 20:45:06.972 22559 22606 D UE4     : [2018.11.11-02.45.06:972][  0]LogAndroid:   DeviceMake: samsung
11-10 20:45:06.972 22559 22606 D UE4     : [2018.11.11-02.45.06:972][  0]LogAndroid:   DeviceModel: SM-G930V
11-10 20:45:06.972 22559 22606 D UE4     : [2018.11.11-02.45.06:972][  0]LogAndroid:   UsingHoudini: false
11-10 20:45:06.972 22559 22606 D UE4     : [2018.11.11-02.45.06:972][  0]LogAndroid: Selected Device Profile: [Android_Adreno5xx]
11-10 20:45:06.972 22559 22606 D UE4     : [2018.11.11-02.45.06:972][  0]LogInit: Applying CVar settings loaded from the selected device profile: [Android_Adreno5xx]
11-10 20:45:06.973 22559 22606 D UE4     : [2018.11.11-02.45.06:972][  0]LogHAL: Display: Platform has ~ 4 GB [3903090688 / 4294967296 / 4], which maps to Default [LargestMinGB=8, LargerMinGB=6, DefaultMinGB=4, SmallerMinGB=3, SmallestMinGB=0)
11-10 20:45:06.973 22559 22606 D UE4     : [2018.11.11-02.45.06:973][  0]LogInit: Setting Device Profile CVar: [[r.DisjointTimerQueries:1]]
11-10 20:45:06.973 22559 22606 D UE4     : [2018.11.11-02.45.06:973][  0]LogInit: Going up to parent DeviceProfile [Android_High]
11-10 20:45:06.973 22559 22606 D UE4     : [2018.11.11-02.45.06:973][  0]LogInit: Setting Device Profile CVar: [[r.BloomQuality:1]]
11-10 20:45:06.973 22559 22606 D UE4     : [2018.11.11-02.45.06:973][  0]LogInit: Setting Device Profile CVar: [[r.DepthOfFieldQuality:1]]
11-10 20:45:06.973 22559 22606 D UE4     : [2018.11.11-02.45.06:973][  0]LogInit: Setting Device Profile CVar: [[r.LightShaftQuality:1]]
11-10 20:45:06.973 22559 22606 D UE4     : [2018.11.11-02.45.06:973][  0]LogInit: Setting Device Profile CVar: [[r.RefractionQuality:1]]
11-10 20:45:06.973 22559 22606 D UE4     : [2018.11.11-02.45.06:973][  0]LogInit: Setting Device Profile CVar: [[r.MobileContentScaleFactor:1.0]]
11-10 20:45:06.973 22559 22606 D UE4     : [2018.11.11-02.45.06:973][  0]LogInit: Going up to parent DeviceProfile [Android]
11-10 20:45:06.973 22559 22606 D UE4     : [2018.11.11-02.45.06:973][  0]LogInit: Setting Device Profile CVar: [[r.ShadowQuality:2]]
11-10 20:45:06.974 22559 22606 D UE4     : [2018.11.11-02.45.06:973][  0]LogInit: Setting Device Profile CVar: [[slate.AbsoluteIndices:1]]
11-10 20:45:06.974 22559 22606 D UE4     : [2018.11.11-02.45.06:974][  0]LogInit: Setting Device Profile CVar: [[r.Vulkan.DelayAcquireBackBuffer:0]]
11-10 20:45:06.974 22559 22606 D UE4     : [2018.11.11-02.45.06:974][  0]LogInit: Going up to parent DeviceProfile []
11-10 20:45:06.974 22559 22606 D UE4     : [2018.11.11-02.45.06:974][  0]LogInit: Memory total: Physical=3722.28MB (4GB approx) Available=1258.77MB PageSize=4.0KB
11-10 20:45:06.974 22559 22606 D UE4     : [2018.11.11-02.45.06:974][  0]LogInit: Using OS detected language (en-US).
11-10 20:45:06.974 22559 22606 D UE4     : [2018.11.11-02.45.06:974][  0]LogInit: Using OS detected locale (en-US).
11-10 20:45:06.974 22559 22606 D UE4     : [2018.11.11-02.45.06:974][  0]LogTextLocalizationManager: No specific localization for 'en-US' exists, so the 'en' localization will be used.
11-10 20:45:06.974 22559 22606 D UE4     : [2018.11.11-02.45.06:974][  0]LogStreaming: Display: Took  0.120s to InitEngineTextLocalization.
11-10 20:45:06.974 22559 22606 D UE4     : [2018.11.11-02.45.06:974][  0]LogSlate: New Slate User Created.  User Index 0, Is Virtual User: 0
11-10 20:45:06.975 22559 22606 D UE4     : [2018.11.11-02.45.06:974][  0]LogSlate: Slate User Registered.  User Index 0, Is Virtual User: 0
11-10 20:45:06.975 22559 22606 D UE4     : [2018.11.11-02.45.06:975][  0]LogRHI: Initializing OpenGL RHI
11-10 20:45:06.975 22559 22606 D UE4     : [2018.11.11-02.45.06:975][  0]LogRHI:   GL_VENDOR: Qualcomm
11-10 20:45:06.975 22559 22606 D UE4     : [2018.11.11-02.45.06:975][  0]LogRHI:   GL_RENDERER: Adreno (TM) 530
11-10 20:45:06.975 22559 22606 D UE4     : [2018.11.11-02.45.06:975][  0]LogRHI:   GL_VERSION: OpenGL ES 3.2 V@269.0 (GIT@1b7798b, I8a9bdcf8d3) (Date:03/15/18)
11-10 20:45:06.975 22559 22606 D UE4     : [2018.11.11-02.45.06:975][  0]LogRHI:   GL_SHADING_LANGUAGE_VERSION: OpenGL ES GLSL ES 3.20
11-10 20:45:06.975 22559 22606 D UE4     : [2018.11.11-02.45.06:975][  0]LogRHI: OpenGL Extensions:
11-10 20:45:06.975 22559 22606 D UE4     : [2018.11.11-02.45.06:975][  0]LogRHI:   GL_OES_EGL_image
11-10 20:45:06.975 22559 22606 D UE4     : [2018.11.11-02.45.06:975][  0]LogRHI:   GL_OES_EGL_image_external
11-10 20:45:06.975 22559 22606 D UE4     : [2018.11.11-02.45.06:975][  0]LogRHI:   GL_OES_EGL_sync
11-10 20:45:06.976 22559 22606 D UE4     : [2018.11.11-02.45.06:976][  0]LogRHI:   GL_OES_vertex_half_float
11-10 20:45:06.976 22559 22606 D UE4     : [2018.11.11-02.45.06:976][  0]LogRHI:   GL_OES_framebuffer_object
11-10 20:45:06.976 22559 22606 D UE4     : [2018.11.11-02.45.06:976][  0]LogRHI:   GL_OES_rgb8_rgba8
11-10 20:45:06.976 22559 22606 D UE4     : [2018.11.11-02.45.06:976][  0]LogRHI:   GL_OES_compressed_ETC1_RGB8_texture
11-10 20:45:06.976 22559 22606 D UE4     : [2018.11.11-02.45.06:976][  0]LogRHI:   GL_AMD_compressed_ATC_texture
11-10 20:45:06.976 22559 22606 D UE4     : [2018.11.11-02.45.06:976][  0]LogRHI:   GL_KHR_texture_compression_astc_ldr
11-10 20:45:06.976 22559 22606 D UE4     : [2018.11.11-02.45.06:976][  0]LogRHI:   GL_KHR_texture_compression_astc_hdr
11-10 20:45:06.976 22559 22606 D UE4     : [2018.11.11-02.45.06:976][  0]LogRHI:   GL_OES_texture_compression_astc
11-10 20:45:06.976 22559 22606 D UE4     : [2018.11.11-02.45.06:976][  0]LogRHI:   GL_OES_texture_npot
11-10 20:45:06.976 22559 22606 D UE4     : [2018.11.11-02.45.06:976][  0]LogRHI:   GL_EXT_texture_filter_anisotropic
11-10 20:45:06.977 22559 22606 D UE4     : [2018.11.11-02.45.06:977][  0]LogRHI:   GL_EXT_texture_format_BGRA8888
11-10 20:45:06.977 22559 22606 D UE4     : [2018.11.11-02.45.06:977][  0]LogRHI:   GL_OES_texture_3D
11-10 20:45:06.977 22559 22606 D UE4     : [2018.11.11-02.45.06:977][  0]LogRHI:   GL_EXT_color_buffer_float
11-10 20:45:06.977 22559 22606 D UE4     : [2018.11.11-02.45.06:977][  0]LogRHI:   GL_EXT_color_buffer_half_float
11-10 20:45:06.977 22559 22606 D UE4     : [2018.11.11-02.45.06:977][  0]LogRHI:   GL_QCOM_alpha_test
11-10 20:45:06.977 22559 22606 D UE4     : [2018.11.11-02.45.06:977][  0]LogRHI:   GL_OES_depth24
11-10 20:45:06.977 22559 22606 D UE4     : [2018.11.11-02.45.06:977][  0]LogRHI:   GL_OES_packed_depth_stencil
11-10 20:45:06.977 22559 22606 D UE4     : [2018.11.11-02.45.06:977][  0]LogRHI:   GL_OES_depth_texture
11-10 20:45:06.977 22559 22606 D UE4     : [2018.11.11-02.45.06:977][  0]LogRHI:   GL_OES_depth_texture_cube_map
