--------- beginning of main
11-10 20:45:01.890 22553 22553 E propClient: PropClient failed to load
11-10 20:45:02.100  2920  2920 E adbd    : recv: OPEN 0000888e 00000000 004a:73 68 65 6C 6C 2C 76 32 3A 61 6D 20 73 74 61 72 74 20 2D 6E 20 63 6F 6D 2E 54 65 61 6D 4E 41 2E 47 69 66 74 47 61 6D 65 2F 63 6F 6D 2E 65 70 69 63 67 61 6D 65 73 2E 75 65 34 2E 53 70 6C 61 73 68 41 63 74 69 76 69 74 79 00 
11-10 20:45:02.100  2920  2920 E adbd    : service_to_fd: shell,v2:am start -n com.TeamNA.GiftGame/com.epicgames.ue4.SplashActivity
11-10 20:45:02.137 22555 22555 E propClient: PropClient failed to load
11-10 20:45:02.146 22555 22555 E propClient: PropClient failed to load
11-10 20:45:02.167 22557 22557 E propClient: PropClient failed to load
--------- beginning of system
11-10 20:45:02.184  1936  4727 I ActivityManager: START u0 {act=null typ=null flg=0x10000000 cmp=ComponentInfo{com.TeamNA.GiftGame/com.epicgames.ue4.SplashActivity}} from uid 2000
11-10 20:45:02.189   737   773 E ANDR-PERF-MPCTL: Invalid profile no. 0, total profiles 0 only
11-10 20:45:02.189  1936  4727 D CustomFrequencyManagerService: acquireDVFSLockLocked : type : DVFS_MIN_LIMIT  frequency : 1555200  uid : 1000  pid : 1936  pkgName : AMS_APP_SWITCH@CPU_MIN@80
11-10 20:45:02.190  1936  4727 D ActivityManagerPerformance: AMP_acquire() APP_SWITCH
11-10 20:45:02.191  1936  3529 D ActivityManagerPerformance: Received MSG_CFMS_HINT_AMS_SWITCH pkgName: com.TeamNA.GiftGame
11-10 20:45:02.191  1936  4727 E ANDR-PERF-JNI: com_qualcomm_qtiperformance_native_perf_io_prefetch_start
11-10 20:45:02.191  1936  4727 E ANDR-PERF-JNI: gIOPHAl initialized
11-10 20:45:02.197  1062  7830 V APM_AudioPolicyManager: getAudioPolicyConfig: audioParam;outDevice
11-10 20:45:02.197  1062  7830 V APM_AudioPolicyManager: getNewOutputDevice() selected device 0
11-10 20:45:02.197  1062  7830 V APM_AudioPolicyManager: ### curdevice : 2
11-10 20:45:02.198  1062  7830 V APM_AudioPolicyManager: getAudioPolicyConfig: audioParam;outDevice
11-10 20:45:02.198  1062  7830 V APM_AudioPolicyManager: getNewOutputDevice() selected device 0
11-10 20:45:02.198  1062  7830 V APM_AudioPolicyManager: ### curdevice : 2
11-10 20:45:02.199  1062  7830 V APM_AudioPolicyManager: getAudioPolicyConfig: audioParam;outDevice
11-10 20:45:02.199  1062  7830 V APM_AudioPolicyManager: getNewOutputDevice() selected device 0
11-10 20:45:02.199  1062  7830 V APM_AudioPolicyManager: ### curdevice : 2
11-10 20:45:02.205  3900  3900 V Launcher: Launcher.onPause()
11-10 20:45:02.208  1062  7830 V APM_AudioPolicyManager: getAudioPolicyConfig: audioParam;activeStream
11-10 20:45:02.208  1062  7830 V APM_AudioPolicyManager: ### active stream : 0
11-10 20:45:02.208  1936 11112 D AudioService: active stream is 0x0
11-10 20:45:02.210  1936  1936 D MdnieScenarioControlService: Listener Real Multi Window State : false
11-10 20:45:02.210  1936  1936 D CodecSolution: MultiWindowEventListener::onMultiWindowFocusChanged(1)
11-10 20:45:02.210  1936  1936 D CS_HdrController: MultiWindowEventListener::onFocusStackChanged(1)
11-10 20:45:02.217  1936  4730 D ActivityManager: isScaleDownAnimationEnabled() : false
11-10 20:45:02.218  1936  4730 D StorageManagerService: getExternalStorageMountMode : 3
11-10 20:45:02.218  1936  4730 D StorageManagerService: getExternalStorageMountMode : 3
11-10 20:45:02.218  1936  4730 D StorageManagerService: getExternalStorageMountMode : final mountMode=3, uid : 10544, packageName : com.TeamNA.GiftGame
11-10 20:45:02.218  1936  4730 I ApplicationPolicy: isApplicationExternalStorageWhitelisted:com.TeamNA.GiftGame user:0
11-10 20:45:02.219  1936  4730 D ApplicationPolicy: isApplicationExternalStorageWhitelisted: DO is not enabled on user 0. Allowed.
11-10 20:45:02.219  1936  4730 D ActivityManager: package  com.TeamNA.GiftGame, user - 0 is SDcard whitelisted
11-10 20:45:02.219  1936  4730 I ApplicationPolicy: isApplicationExternalStorageBlacklisted:com.TeamNA.GiftGame user:0
11-10 20:45:02.219  1936  4730 D ApplicationPolicy: isApplicationExternalStorageBlacklisted: DO is not enabled on user 0. Allowed.
11-10 20:45:02.223  1936  2389 D ViewRootImpl@cdaa0a[GiftGame]: setView = DecorView@ed4d898[GiftGame] TM=true MM=false
11-10 20:45:02.227  1936  2389 D ViewRootImpl@cdaa0a[GiftGame]: dispatchAttachedToWindow
11-10 20:45:02.227  1936  2389 V WindowManager: Relayout Window{f1ca27b u0 Splash Screen com.TeamNA.GiftGame}: viewVisibility=0 req=1080x1848 WM.LayoutParams{(0,0)(fillxfill) sim=#20 ty=3 fl=#1830518 pfl=0x11 wanim=0x1030001 needsMenuKey=2 colorMode=0 naviIconColor=0}
11-10 20:45:02.233   769   769 I SurfaceFlinger: id=5964 createSurf (1080x1920),1 flag=404, Splash Screen com.TeamNA.GiftGame#0
11-10 20:45:02.236  1936  2389 V Surface : sf_framedrop debug : 0x4f4c, game : false, logging : 0
11-10 20:45:02.241  1936  2389 D ViewRootImpl@cdaa0a[GiftGame]: Relayout returned: old=[0,0][0,0] new=[0,0][1080,1920] result=0x7 surface={valid=true 511781404672} changed=true
11-10 20:45:02.249 22559 22559 E Zygote  : isWhitelistProcess - Process is Whitelisted
11-10 20:45:02.249  1936  4730 I ActivityManager: Start proc 22559:com.TeamNA.GiftGame/u0a544 for activity com.TeamNA.GiftGame/com.epicgames.ue4.SplashActivity
11-10 20:45:02.251 22559 22559 E libpersona: scanKnoxPersonas
11-10 20:45:02.251 22559 22559 E libpersona: Couldn't open the File - /data/system/users/0/personalist.xml - No such file or directory
11-10 20:45:02.254  1936  1936 D CS_HdrController: updateMultiWindowState : 0
11-10 20:45:02.257 22559 22559 W SELinux : SELinux selinux_android_compute_policy_index : Policy Index[2],  Con:u:r:zygote:s0 RAM:SEPF_SM-G930V_8.0.0_0016, [-1 -1 -1 -1 0 1]
11-10 20:45:02.259 22559 22559 I SELinux : SELinux: seapp_context_lookup: seinfo=untrusted, level=s0:c512,c768, pkgname=com.TeamNA.GiftGame 
11-10 20:45:02.261  1936  2077 I ActivityManager: KPU : put [org.malwarebytes.antimalware] : 21698 K
11-10 20:45:02.261  1936  2077 I ActivityManager: Killing 17731:org.malwarebytes.antimalware/u0a317 (adj 906): DHA:SPC_empty #25
11-10 20:45:02.269  1936  2389 V WindowManager: finishDrawingLocked: mDrawState=COMMIT_DRAW_PENDING Window{f1ca27b u0 Splash Screen com.TeamNA.GiftGame} in Surface(name=Splash Screen com.TeamNA.GiftGame)
11-10 20:45:02.270 22559 22559 I zygote  : Late-enabling -Xcheck:jni
11-10 20:45:02.275  2905  2905 D WallpaperService: updateSurface forceRelayout=true redrawNeeded=false myWidth=1080 myHeight=1920 fixedSize=true x = 0 y = 0 mWidth=1080 mHeight=1920 mIsSleepMode=false
11-10 20:45:02.281  1936  4730 V WindowManager: Relayout Window{63febbe u0 com.android.systemui.ImageWallpaper}: viewVisibility=0 req=1080x1920 WM.LayoutParams{(0,0)(1080x1920) gr=#800033 ty=2013 fl=#10318 fmt=2 wanim=0x103030e colorMode=0 naviIconColor=0 sfl=0x8}
11-10 20:45:02.282  1936  4730 V WindowManager: rotationForOrientationLw(orient=0, last=0); user=0 USER_ROTATION_LOCKED sensorRotation=-1 mLidState=-1 mDockMode=0 mHdmiPlugged=false
11-10 20:45:02.282  1936  4730 D SamsungPhoneWindowManager: setRotationLw() : rotation=1
11-10 20:45:02.282  1936  4730 D SamsungPhoneWindowManager: semDvfsWakeupBooster.acquire()
11-10 20:45:02.282  1936  4730 D CustomFrequencyManagerService: acquireDVFSLockLocked : type : DVFS_MIN_LIMIT  frequency : 2150400  uid : 1000  pid : 1936  pkgName : PWM_ROTATION@CPU_MIN@96
11-10 20:45:02.283  1936  4730 D InputDispatcher: setInputDispatchMode: enabled=1, frozen=1
11-10 20:45:02.285   769   769 I SurfaceFlinger: id=5965 createSurf (1080x1920),2 flag=4, ScreenshotSurface#0
11-10 20:45:02.286  1936  4730 V Surface : sf_framedrop debug : 0x4f4c, game : false, logging : 0
11-10 20:45:02.287   769   769 V Surface : sf_framedrop debug : 0x4f4c, game : false, logging : 0
11-10 20:45:02.300  1936  1936 D GameManagerService: onDisplayChanged. displyId: 0, state: 2
11-10 20:45:02.300  1936  1936 D GameManagerService: dpi: 480, longPixel: 1920, shortPixel: 1080
11-10 20:45:02.300  1936  1936 I CAE     : handleMessage(CaPowerManager.java:173) - AP_WAKEUP_Already_Delivered
11-10 20:45:02.303  3170  3170 D NfcService: PROXIMITY SCREEN ON
11-10 20:45:02.307  3170 22564 D NfcService: call the applyRouting
11-10 20:45:02.307 22559 22559 W zygote  : Using default instruction set features for ARM CPU variant (cortex-a9) using conservative defaults
11-10 20:45:02.308   769   769 D DisplayDevice: [MultiResolution] Input Value : o = 1, v = (1920x1080), f = (2560x1440), pre-mScaledDisplay = (1080x1920), mDisplay = (1440x2560)
11-10 20:45:02.308   769   769 I SurfaceFlinger: Disp[0] Orientation 0=>1
11-10 20:45:02.312  2905 29420 D WallpaperService: dispatchAppVisibility onVisibilityChanged(): false
11-10 20:45:02.315   769   769 I SurfaceFlinger: Display 0 HWC layers:
11-10 20:45:02.315   769   769 I SurfaceFlinger:     type    |    handle    | flag |  format   |   source crop (l,t,r,b)    |         frame       | name 
11-10 20:45:02.315   769   769 I SurfaceFlinger: ------------+--------------+------+-----------+----------------------------+---------------------+------
11-10 20:45:02.315   769   769 I SurfaceFlinger:      Device | 0x771ae33000 | 0003 | RGBx_8888 |   0.0    0.0 1080.0 1920.0 |    0    0 1080 1920 | com.android.systemui.ImageWallpaper#0
11-10 20:45:02.315   769   769 I SurfaceFlinger:      Client | 0x771ae33300 | 0001 | RGBA_8888 |   0.0    0.0 1080.0 1080.0 |    0    0 1080 1080 | com.sec.android.app.launcher/com.sec[...]uncher.activities.LauncherActivity#0
11-10 20:45:02.315   769   769 I SurfaceFlinger:      Client | 0x771ae33880 | 0000 | RGBA_8888 |   0.0    0.0 1080.0   72.0 | 1008    0 1080 1080 | StatusBar#0
11-10 20:45:02.315   769   769 I SurfaceFlinger:      Client | 0x771ae33600 | 0000 | RGBA_8888 |   0.0    0.0 1080.0 1920.0 |    0    0 1080 1920 | ScreenshotSurface#0
11-10 20:45:02.315   769   769 I SurfaceFlinger: 
11-10 20:45:02.317  1936  2461 I InputReader: Reconfiguring input devices.  changes=0x00000004
11-10 20:45:02.317  1936  2461 I InputReader: Device reconfigured: id=6, name='sec_touchscreen', size 1080x1920, orientation 1, mode 1, display id 0
11-10 20:45:02.317  1936  2461 D InputReader: Wrote command set_rotation_status,1
11-10 20:45:02.319  1936  4730 I ActivityManager: Config changes=480 {0 1.0 themeSeq = 0 showBtnBg = 0 311mcc480mnc [en_US] ldltr sw360dp w640dp h336dp 480dpi nrml long land finger -keyb/v/h -nav/h appBounds=Rect(0, 0 - 1920, 1080) s.152 mkbd/h}
11-10 20:45:02.333  3900  3900 V Configuration:  needToUpdateOverlays
11-10 20:45:02.333 25522 25522 V Configuration:  needToUpdateOverlays
11-10 20:45:02.333  3900  3900 V Configuration:  needToUpdateOverlays
11-10 20:45:02.333  3900  3900 I chatty  : uid=10066(u0_a66) com.sec.android.app.launcher identical 3 lines
11-10 20:45:02.342  3900  3900 V Configuration:  needToUpdateOverlays
11-10 20:45:02.343  2920  2920 E adbd    : recv: OPEN 00008892 00000000 000c:73 68 65 6C 6C 2C 76 32 3A 70 73 00 
11-10 20:45:02.344  2920  2920 E adbd    : service_to_fd: shell,v2:ps
11-10 20:45:02.357  1936  1936 D TelecomService: onConfigurationChanged {0 1.0 themeSeq = 0 showBtnBg = 0 311mcc480mnc [en_US] ldltr sw360dp w640dp h336dp 480dpi nrml long land finger -keyb/v/h -nav/h appBounds=Rect(0, 0 - 1920, 1080) as.3 s.152 mkbd/h}
11-10 20:45:02.359  3782  3782 D SecUISvc: onConfigurationChanged, old dpi=480, new dpi=480
11-10 20:45:02.363  1936  4730 I ActivityManager: Override config changes=480 {0 1.0 themeSeq = 0 showBtnBg = 0 311mcc480mnc [en_US] ldltr sw360dp w640dp h336dp 480dpi nrml long land finger -keyb/v/h -nav/h appBounds=Rect(0, 0 - 1920, 1080) s.152 mkbd/h} for displayId=0
11-10 20:45:02.366   769   769 I SurfaceFlinger: Display 0 HWC layers:
11-10 20:45:02.366   769   769 I SurfaceFlinger:     type    |    handle    | flag |  format   |   source crop (l,t,r,b)    |         frame       | name 
11-10 20:45:02.366   769   769 I SurfaceFlinger: ------------+--------------+------+-----------+----------------------------+---------------------+------
11-10 20:45:02.366   769   769 I SurfaceFlinger:      Device | 0x771ae33880 | 0000 | RGBA_8888 |   0.0    0.0 1080.0   72.0 | 1008    0 1080 1080 | StatusBar#0
11-10 20:45:02.366   769   769 I SurfaceFlinger:      Device | 0x771ae33600 | 0000 | RGBA_8888 |   0.0    0.0 1080.0 1920.0 |    0    0 1080 1920 | ScreenshotSurface#0
11-10 20:45:02.366   769   769 I SurfaceFlinger: 
11-10 20:45:02.367  1936  4730 I SamsungPhoneWindowManager: setInitialDisplaySize() width=1080, height=1920, density=480, initWidth=1440, initHeight=2560, initDensity=640
11-10 20:45:02.369  1936  4730 I SamsungPhoneWindowManager: setInitialDisplaySize() width=1080, height=1920, density=480, initWidth=1440, initHeight=2560, initDensity=640
11-10 20:45:02.373 20216 20216 V Configuration:  needToUpdateOverlays
11-10 20:45:02.378  1936  2078 D WindowManager: set systemUiVisibility : systemUiFlags= 0x708 fullscreenStackSysUiFlags= 0x0
11-10 20:45:02.379  2978  2978 D ThemeManagerService: onConfigChanged - {0 1.0 themeSeq = 0 showBtnBg = 0 311mcc480mnc [en_US] ldltr sw360dp w640dp h336dp 480dpi nrml long land finger -keyb/v/h -nav/h appBounds=Rect(0, 0 - 1920, 1080) s.152 mkbd/h}
11-10 20:45:02.381  1936  4730 D InputDispatcher: Focus left window: 3900
11-10 20:45:02.383  1936  2389 D ViewRootImpl@cdaa0a[GiftGame]: MSG_RESIZED_REPORT: frame=Rect(0, 0 - 1920, 1080) ci=Rect(0, 0 - 0, 0) vi=Rect(0, 72 - 0, 0) or=2
11-10 20:45:02.386 19469 19469 V Configuration:  needToUpdateOverlays
11-10 20:45:02.388  2905  2905 D ImageWallpaper: onOffsetsChanged: xOffset=0.0, yOffset=0.0, xOffsetStep=0.0, yOffsetStep=0.0, xPixels=0, yPixels=0
11-10 20:45:02.388  1936  3592 W ActivityManager: Scheduling restart of crashed service org.malwarebytes.antimalware/.scanner.monitor.ScRunningAppMonitor in 1000ms
11-10 20:45:02.389  1936  3592 W ActivityManager: Scheduling restart of crashed service org.malwarebytes.antimalware/.base.service.background.SdCardMountService in 10999ms
11-10 20:45:02.389  1936  3592 W ActivityManager: Scheduling restart of crashed service org.malwarebytes.antimalware/.base.service.background.UpdateCheckerService in 20999ms
11-10 20:45:02.389  1936  3592 W ActivityManager: Scheduling restart of crashed service org.malwarebytes.antimalware/.scanner.monitor.ScFileMonitor in 30999ms
11-10 20:45:02.389 19469 19469 D AOD_CONFIG@AODConfigurationController: updateMonitor MONITOR_CONFIGURATION
11-10 20:45:02.390 19469 19469 D AOD_CONFIG@AODConfigurationController: registerMonitor MONITOR_CONFIGURATION
11-10 20:45:02.390 19469 19469 D AOD_CONFIG@AODConfigurationController: onMobileKeyboardAttached - set : false
11-10 20:45:02.390 19469 19469 I AlwaysOnDisplay: REASON_MOBILE_KEYBOARD_COVERED_STATE_CHANGED: isMobileKeyboardCovered = false
11-10 20:45:02.390 19469 19469 D AOD_CONFIG@AODConfigurationController: onFolderStateChanged - isClosed : true
11-10 20:45:02.391 19469 19469 I AOD_CONFIG@AlwaysOnDisplay: REASON_FOLDER_CLOSED_STATE_CHANGED: ignore / has Folder [false]
11-10 20:45:02.391 19469 19469 D AOD_CONFIG@AODConfigurationController: onDesktopModeChanged - isDesktopMode : false
11-10 20:45:02.391 19469 19469 I AOD_CONFIG@AlwaysOnDisplay: REASON_DESKTOP_MODE_ENABLE_STATE_CHANGED: [false]
11-10 20:45:02.391 19469 19469 D AOD_CONFIG@AODConfigurationController: onFlipFontChanged - flipFont : 0
11-10 20:45:02.391  3170  3170 V Configuration:  needToUpdateOverlays
11-10 20:45:02.391  3170 22321 D ForegroundUtils: could not check pending caller
11-10 20:45:02.395  1936  2389 V WindowManager: Relayout Window{f1ca27b u0 Splash Screen com.TeamNA.GiftGame}: viewVisibility=0 req=1920x1080 WM.LayoutParams{(0,0)(fillxfill) sim=#20 ty=3 fl=#1830518 pfl=0x11 wanim=0x1030001 needsMenuKey=2 colorMode=0 naviIconColor=0}
11-10 20:45:02.398  3900  3900 V Configuration:  needToUpdateOverlays
11-10 20:45:02.398  3900  3900 I chatty  : uid=10066(u0_a66) com.sec.android.app.launcher identical 1 line
11-10 20:45:02.398  3900  3900 V Configuration:  needToUpdateOverlays
11-10 20:45:02.401  2905  2905 D ImageWallpaper: newRotation : 1,mLastRotation : 0
11-10 20:45:02.401  2905  2905 W SemDesktopModeManager: Desktop Mode feature not available or SemDesktopModeManager not instantiated. Please check Configuration.semDesktopModeEnabled instead.
11-10 20:45:02.401  2905  2905 D ImageWallpaper: redraw is not needed, because rotation
11-10 20:45:02.405  2886  2886 V Configuration:  needToUpdateOverlays
11-10 20:45:02.407  2886  2886 I chatty  : uid=10152(u0_a152) com.sec.android.inputmethod identical 42 lines
11-10 20:45:02.407  2886  2886 V Configuration:  needToUpdateOverlays
11-10 20:45:02.407  2886  2886 I SKBD    : SamsungKeypad onConfigurationChanged2
11-10 20:45:02.408 18546 18546 D Mms/MmsApp: [start]    onConfigurationChanged(), newConfig = {0 1.0 themeSeq = 0 showBtnBg = 0 311mcc480mnc [en_US] ldltr sw360dp w640dp h336dp 480dpi nrml long land finger -keyb/v/h -nav/h appBounds=Rect(0, 0 - 1920, 1080) s.152 mkbd/h} consume time = 1316826.796165
11-10 20:45:02.408 18546 18546 D Mms/MmsApp: [end]    onConfigurationChanged(), newConfig = {0 1.0 themeSeq = 0 showBtnBg = 0 311mcc480mnc [en_US] ldltr sw360dp w640dp h336dp 480dpi nrml long land finger -keyb/v/h -nav/h appBounds=Rect(0, 0 - 1920, 1080) s.152 mkbd/h} consume time = 0.296145
11-10 20:45:02.412  3900  3900 V Configuration:  needToUpdateOverlays
11-10 20:45:02.412  3900  3900 I chatty  : uid=10066(u0_a66) com.sec.android.app.launcher identical 2 lines
11-10 20:45:02.412  3900  3900 V Configuration:  needToUpdateOverlays
11-10 20:45:02.414  5287  5287 V Configuration:  needToUpdateOverlays
11-10 20:45:02.419  3170  3170 I NfcP2pEventManager: changeConfiguration() in NfcService
11-10 20:45:02.422 22573 22573 E propClient: PropClient failed to load
11-10 20:45:02.426  3900  3900 I Launcher: onWindowVisibilityChanged : false
11-10 20:45:02.426  2905  2905 D ImageWallpaper: onVisibilityChanged: mVisible, visible=true, false
11-10 20:45:02.426  2905  2905 D ImageWallpaper: Visibility changed to visible=false
11-10 20:45:02.426  2905  2905 D WallpaperService: reportVisibility onVisibilityChanged visible: false
11-10 20:45:02.427  2905  2905 V Configuration:  needToUpdateOverlays
11-10 20:45:02.434  2905  2905 I chatty  : uid=10063(u0_a63) com.android.systemui identical 34 lines
11-10 20:45:02.434  2905  2905 V Configuration:  needToUpdateOverlays
11-10 20:45:02.434  2905  2905 V Configuration:  needToUpdateOverlays
11-10 20:45:02.435  1936  2389 D ViewRootImpl@cdaa0a[GiftGame]: Relayout returned: old=[0,0][1920,1080] new=[0,0][1920,1080] result=0x23 surface={valid=true 511781404672} changed=false
11-10 20:45:02.436 22573 22573 E propClient: PropClient failed to load
11-10 20:45:02.437  2905  2905 I chatty  : uid=10063(u0_a63) com.android.systemui expire 34 lines
11-10 20:45:02.437  2905  2905 V Configuration:  needToUpdateOverlays
11-10 20:45:02.439 21322 21322 V Configuration:  needToUpdateOverlays
11-10 20:45:02.439 21322 21322 I chatty  : uid=10413(u0_a413) com.piriform.ccleaner identical 3 lines
11-10 20:45:02.439 21322 21322 V Configuration:  needToUpdateOverlays
11-10 20:45:02.441  2905  2905 V Configuration:  needToUpdateOverlays
11-10 20:45:02.442  2905  3625 D vol.VolumeDialogControl.VC: setLayoutDirection
11-10 20:45:02.443  2905  3250 D vol.VolumeDialogControl: onReceive ACTION_CONFIGURATION_CHANGED
11-10 20:45:02.445  1936  2133 D TetheringConfiguration: NAP is enabled by CSCfeature
11-10 20:45:02.447  3183  3183 D DeviceLocale: onReceive
11-10 20:45:02.448  3183  3719 D EucModule: onLocaleChanged, languageCode=en
11-10 20:45:02.459  2886  2886 I SKBD    : SamsungKeypad [IMI] onStartInput - caller pid : 3900, caller uid : 10066
11-10 20:45:02.459  1936  2389 V WindowManager: finishDrawingLocked: mDrawState=COMMIT_DRAW_PENDING Window{f1ca27b u0 Splash Screen com.TeamNA.GiftGame} in Surface(name=Splash Screen com.TeamNA.GiftGame)
11-10 20:45:02.465  3196 10135 D TelephonyProvider: query: match = 1
11-10 20:45:02.465  3196 10135 D TelephonyProvider: URL_TELEPHONY uid = 1000, pid= 1936
11-10 20:45:02.469  1936  2389 D ViewRootImpl@cdaa0a[GiftGame]: MSG_RESIZED_REPORT: frame=Rect(0, 0 - 1920, 1080) ci=Rect(0, 0 - 0, 0) vi=Rect(0, 72 - 0, 0) or=1
11-10 20:45:02.469  2905 12415 D skia    : approximate: numPoints=3, lengths[0]=0.000000, totalLength=1.542925, segmentPoints[0]=[0.000000,1.000000]
11-10 20:45:02.469  2905 12415 D skia    : approximate: approximation[0]=0.000000, approximation[1]=0.000000, approximation[2]=1.000000
11-10 20:45:02.469  2905 12415 D skia    : approximate: numPoints=3, lengths[2]=1.542925, totalLength=1.542925, segmentPoints[2]=[1.000000,0.000000]
11-10 20:45:02.469  2905 12415 D skia    : approximate: approximation[6]=1.000000, approximation[7]=1.000000, approximation[8]=0.000000
11-10 20:45:02.469  2905 12415 D skia    : approximate: numPoints=4, lengths[0]=0.000000, totalLength=1.529557, segmentPoints[0]=[0.000000,1.000000]
11-10 20:45:02.469  2905 12415 D skia    : approximate: approximation[0]=0.000000, approximation[1]=0.000000, approximation[2]=1.000000
11-10 20:45:02.469  2905 12415 D skia    : approximate: numPoints=4, lengths[3]=1.529557, totalLength=1.529557, segmentPoints[3]=[1.000000,0.000000]
11-10 20:45:02.469  2905 12415 D skia    : approximate: approximation[9]=1.000000, approximation[10]=1.000000, approximation[11]=0.000000
11-10 20:45:02.469  2905 12415 D skia    : approximate: numPoints=20, lengths[0]=0.000000, totalLength=1.114717, segmentPoints[0]=[0.000000,0.250000]
11-10 20:45:02.469  2905 12415 D skia    : approximate: approximation[0]=0.000000, approximation[1]=0.000000, approximation[2]=0.250000
11-10 20:45:02.469  2905 12415 D skia    : approximate: numPoints=20, lengths[19]=1.114717, totalLength=1.114717, segmentPoints[19]=[1.000000,0.150000]
11-10 20:45:02.469  2905 12415 D skia    : approximate: approximation[57]=1.000000, approximation[58]=1.000000, approximation[59]=0.150000
11-10 20:45:02.469  2905 12415 D skia    : approximate: numPoints=4, lengths[0]=0.000000, totalLength=1.162570, segmentPoints[0]=[0.000000,0.250000]
11-10 20:45:02.469  2905 12415 D skia    : approximate: approximation[0]=0.000000, approximation[1]=0.000000, approximation[2]=0.250000
11-10 20:45:02.469  2905 12415 D skia    : approximate: numPoints=4, lengths[3]=1.162570, totalLength=1.162570, segmentPoints[3]=[1.000000,0.250000]
11-10 20:45:02.469  2905 12415 D skia    : approximate: approximation[9]=1.000000, approximation[10]=1.000000, approximation[11]=0.250000
11-10 20:45:02.479  1936  2133 W Settings: Setting tether_dun_required has moved from android.provider.Settings.Secure to android.provider.Settings.Global
11-10 20:45:02.487  3900  4272 D OpenGLRenderer: eglDestroySurface = 0x7715d38990
11-10 20:45:02.493  1936  3263 V WindowManager: Relayout Window{f47a97 u0 InputMethod}: viewVisibility=8 req=1920x0 WM.LayoutParams{(0,0)(fillxwrap) gr=#50 sim=#20 ty=2011 fl=#800108 fmt=-2 wanim=0x7f0e00e1 vsysui=0x300 needsMenuKey=2 colorMode=0 naviIconColor=0 sfl=0x800}
11-10 20:45:02.497  1936  4617 V WindowManager: Relayout Window{b47c748 u0 com.sec.android.app.launcher/com.sec.android.app.launcher.activities.LauncherActivity}: viewVisibility=8 req=1080x1920 WM.LayoutParams{(0,0)(fillxfill) sim=#130 ty=1 fl=#81910d00 pfl=0x20000 fmt=-2 wanim=0x10302ea vsysui=0x700 needsMenuKey=2 colorMode=0 dimDuration=200 naviIconColor=0}
11-10 20:45:02.497  1936  4617 I WindowManager: Destroying surface Surface(name=com.sec.android.app.launcher/com.sec.android.app.launcher.activities.LauncherActivity) called by com.android.server.wm.WindowStateAnimator.destroySurface:2501 com.android.server.wm.WindowStateAnimator.destroySurfaceLocked:985 com.android.server.wm.WindowState.destroyOrSaveSurfaceUnchecked:3680 com.android.server.wm.WindowState.destroySurface:3628 com.android.server.wm.WindowManagerService.tryStartExitingAnimation:2677 com.android.server.wm.WindowManagerService.relayoutWindow:2461 com.android.server.wm.Session.relayout:253 android.view.IWindowSession$Stub.onTransact:288 
11-10 20:45:02.497   769  4725 I SurfaceFlinger: id=5963 Removed com.sec.android.app.launcher/com.sec.android.app.launcher.activities.LauncherActivity#0 (1/5)
11-10 20:45:02.497   769  4725 I SurfaceFlinger: id=5963 Removed com.sec.android.app.launcher/com.sec.android.app.launcher.activities.LauncherActivity#0 (-2/5)
11-10 20:45:02.499 22559 22559 D TimaKeyStoreProvider: TimaKeyStore is not enabled: cannot add TimaSignature Service and generateKeyPair Service
11-10 20:45:02.500 22559 22559 D ActivityThread: Added TimaKeyStore provider
11-10 20:45:02.503  2905  2905 D ViewRootImpl@57ee4fa[AssistPreviewPanel]: setView = com.android.systemui.assist.AssistOrbContainer{427daab G.E...... ......I. 0,0-0,0} TM=true MM=false
11-10 20:45:02.505  2905  3151 D NetworkController.MobileSignalController(0/1): getMobileIconGroup(): 13
11-10 20:45:02.505  2905  3151 D NetworkController.MobileSignalController(0/1): updateVZWMobileIconGroup(): 13
11-10 20:45:02.507  1936 11386 I ActivityManager: DSS on for com.TeamNA.GiftGame and scale is 1.0
11-10 20:45:02.508   769   769 I Layer   : id=5963 onRemoved com.sec.android.app.launcher/com.sec.android.app.launcher.activities.LauncherActivity#0 
11-10 20:45:02.513  3900  3900 D ViewRootImpl@cbdb0a5[LauncherActivity]: Relayout returned: old=[0,0][1080,1920] new=[0,0][1080,1920] result=0x5 surface={valid=false 0} changed=true
11-10 20:45:02.513  3900  3900 D ViewRootImpl@cbdb0a5[LauncherActivity]: MSG_WINDOW_FOCUS_CHANGED 0
11-10 20:45:02.513  2886  2886 D ViewRootImpl@5bf2553[InputMethod]: Relayout returned: old=[0,516][1080,1920] new=[0,516][1080,1920] result=0x1 surface={valid=false 0} changed=false
11-10 20:45:02.515  2886  2886 I SKBDC   : TymeCore cASl
11-10 20:45:02.515  2886  2886 I SKBDC   : ?? 50
11-10 20:45:02.521  2886  2886 I SKBD    : ajd [PF_KL][SIIC] getSelectedText done 6
11-10 20:45:02.521  2886  2886 E SKBD    : axv [USICM][getSelectedText] updated, but null is returned
11-10 20:45:02.523  2886  2886 I SKBD    : ajd [PF_KL][SIIC] getTextBeforeCursor[127] done 2
11-10 20:45:02.523  2886  2886 I SKBD    : ajd [PF_KL][SIIC] getTextAfterCursor[127] done  0
11-10 20:45:02.524  2886  2886 I SKBDC   : TymeCore cASl
11-10 20:45:02.524  2886  2886 I SKBDC   : ?? 50
11-10 20:45:02.524  2886  2886 I SKBDC   : TymeCore cASl
11-10 20:45:02.524  2886  2886 I SKBDC   : ?? 50
11-10 20:45:02.524  2886  2886 I SKBDC   : TymeCore sCL 0
11-10 20:45:02.525  2886  2886 I SKBDC   : TymeCore sUS
11-10 20:45:02.530  1936 11386 D PersonaManagerService: Current focused persona service handled id set to : 0
11-10 20:45:02.535  2920  2920 E adbd    : recv: OPEN 00008893 00000000 0009:74 63 70 3A 36 36 36 36 00 
11-10 20:45:02.535  2920  2920 E adbd    : service_to_fd: tcp:6666
11-10 20:45:02.536  1075  1362 D DnsProxyListener: DNSDBG::dns addrinfo af 2
11-10 20:45:02.537  1936 11386 D InputDispatcher: Focused application set to: xxxx
11-10 20:45:02.538  1936 11386 D MARsPolicyManager: onPackageResumedFG pkgName = com.TeamNA.GiftGame, userId = 0
11-10 20:45:02.538  1936  2781 D GameManagerService: handleForegroundChange(). pkgName: com.TeamNA.GiftGame, clsName: com.epicgames.ue4.SplashActivity,FgActivityName:com.TeamNA.GiftGame/com.epicgames.ue4.SplashActivity
11-10 20:45:02.539  1936  2781 D GameManagerService: sem_perfomance_mode: 0
11-10 20:45:02.539  1936  2781 D GameManagerService: notifyResumePause(). pkg: com.TeamNA.GiftGame, type: 4, isMinimized: false, isTunableApp: false
11-10 20:45:02.539  1936  2781 D GameManagerService:   notifyResumePause(). do nothing. mKillNotiCount: 3
11-10 20:45:02.540  1936  3526 D Dex2oatAdjuster: Before bg size = 0
11-10 20:45:02.540  1936  3526 D Dex2oatAdjuster: After bg size = 0 fg size = 0
11-10 20:45:02.541  1936  2467 D MdnieScenarioControlService:  packageName : com.TeamNA.GiftGame    className : com.epicgames.ue4.SplashActivity
11-10 20:45:02.542  1936  2467 V MdnieScenarioControlService: setUIMode from UI function(3)
11-10 20:45:02.545  1936 11112 D GamePkgDataHelper: getGamePkgDataIncServer(). com.TeamNA.GiftGame
11-10 20:45:02.546  3170 22321 D ForegroundUtils: could not check pending caller
11-10 20:45:02.548  1075  1369 D CommandListener: bwctrlcmd: argc=3 bandwidth addniceapps ...
11-10 20:45:02.548  1075  1369 E IptablesRestoreController: [iptables debug]iptables-restore execute *filter
11-10 20:45:02.548  1075  1369 E IptablesRestoreController: -I bw_happy_box -m owner --uid-owner 10544 --jump RETURN
11-10 20:45:02.548  1075  1369 E IptablesRestoreController: COMMIT
11-10 20:45:02.550  1936  2078 D WindowManager: set systemUiVisibility : systemUiFlags= 0x0 fullscreenStackSysUiFlags= 0x0
11-10 20:45:02.553  1075  1369 E IptablesRestoreController: [iptables debug]iptables-restore execute done *filter
11-10 20:45:02.553  1075  1369 E IptablesRestoreController: -I bw_happy_box -m owner --uid-owner 10544 --jump RETURN
11-10 20:45:02.553  1075  1369 E IptablesRestoreController: COMMIT
11-10 20:45:02.553  1075  1369 E IptablesRestoreController: , res : 0
11-10 20:45:02.564   769   769 I SurfaceFlinger: Display 0 HWC layers:
11-10 20:45:02.564   769   769 I SurfaceFlinger:     type    |    handle    | flag |  format   |   source crop (l,t,r,b)    |         frame       | name 
11-10 20:45:02.564   769   769 I SurfaceFlinger: ------------+--------------+------+-----------+----------------------------+---------------------+------
11-10 20:45:02.564   769   769 I SurfaceFlinger:      Device | 0x771ae33280 | 0002 | RGBA_8888 |   0.0    0.0 1920.0 1080.0 |    0    0 1080 1920 | Splash Screen com.TeamNA.GiftGame#0
11-10 20:45:02.564   769   769 I SurfaceFlinger:      Client | 0x771ae33880 | 0001 | RGBA_8888 |   0.0    0.0 1080.0   72.0 | 1008    0 1080 1080 | StatusBar#0
11-10 20:45:02.564   769   769 I SurfaceFlinger:      Client | 0x771ae33600 | 0000 | RGBA_8888 |   0.0    0.0 1080.0 1920.0 |    0    0 1080 1920 | ScreenshotSurface#0
11-10 20:45:02.564   769   769 I SurfaceFlinger: 
11-10 20:45:02.565  2905  2905 D ViewRootImpl@29fbe50[DockedStackDivider]: setView = com.android.systemui.stackdivider.DividerView{be09849 I.E...... ......I. 0,0-0,0} TM=true MM=false
11-10 20:45:02.569  2905  2905 D ViewRootImpl@5706550[DividerButtonsGroup]: dispatchDetachedFromWindow
11-10 20:45:02.569  2905  2905 D InputEventReceiver: channel '4b43018 DividerButtonsGroup (client)' ~ Disposing input event receiver.
11-10 20:45:02.569  2905  2905 D InputEventReceiver: channel '4b43018 DividerButtonsGroup (client)' ~NativeInputEventReceiver.
11-10 20:45:02.570  1936  4617 W AppOps  : Finishing op nesting under-run: uid 10063 pkg com.android.systemui code 70 time=0 duration=0 nesting=0
11-10 20:45:02.573 22559 22559 I zygote  : no shared libraies, dex_files: 1
11-10 20:45:02.577  1936 11112 D GameManagerService: identifyGamePackage. com.TeamNA.GiftGame
11-10 20:45:02.577  1936 11112 D GamePkgDataHelper: getGamePkgData(). com.TeamNA.GiftGame
11-10 20:45:02.580   769   769 I SurfaceFlinger: Display 0 HWC layers:
11-10 20:45:02.580   769   769 I SurfaceFlinger:     type    |    handle    | flag |  format   |   source crop (l,t,r,b)    |         frame       | name 
11-10 20:45:02.580   769   769 I SurfaceFlinger: ------------+--------------+------+-----------+----------------------------+---------------------+------
11-10 20:45:02.580   769   769 I SurfaceFlinger:      Device | 0x771ae33280 | 0002 | RGBA_8888 |   0.0    0.0 1920.0 1080.0 |    0    0 1080 1920 | Splash Screen com.TeamNA.GiftGame#0
11-10 20:45:02.580   769   769 I SurfaceFlinger:      Device | 0x771ae33600 | 0000 | RGBA_8888 |   0.0    0.0 1080.0 1920.0 |    0    0 1080 1920 | ScreenshotSurface#0
11-10 20:45:02.580   769   769 I SurfaceFlinger: 
11-10 20:45:02.580  1936 11112 D GameManagerService: identifyGamePackage. com.TeamNA.GiftGame
11-10 20:45:02.580  1936 11112 D GamePkgDataHelper: getGamePkgData(). com.TeamNA.GiftGame
11-10 20:45:02.580  2905  3151 D NetworkController.MobileSignalController(0/1): callState:0, callStateByPhone:false voLTECall:false voiceNetTpe:13 dataNetType:13, ine911:false, emergencyCallbackMode:false
11-10 20:45:02.581  1936 11112 D GameManagerService: identifyGamePackage. com.TeamNA.GiftGame
11-10 20:45:02.581  1936 11112 D GamePkgDataHelper: getGamePkgData(). com.TeamNA.GiftGame
11-10 20:45:02.584  1936 11112 D GameManagerService: identifyGamePackage. com.TeamNA.GiftGame
11-10 20:45:02.584  1936 11112 D GamePkgDataHelper: getGamePkgData(). com.TeamNA.GiftGame
11-10 20:45:02.586  2920  2920 E adbd    : failed to connect to socket 'tcp:6666': Connection refused
11-10 20:45:02.593  1936 11112 D GameManagerService: identifyGamePackage. com.TeamNA.GiftGame
11-10 20:45:02.595  1936 11112 D GamePkgDataHelper: getGamePkgData(). com.TeamNA.GiftGame
11-10 20:45:02.610  2905  2905 D ViewRootImpl@d69d95f[DividerButtonsGroup]: setView = com.android.systemui.stackdivider.DividerButtonsGroup{4c6afac I.E...... ......I. 0,0-0,0} TM=true MM=false
11-10 20:45:02.610  2905  2905 D ImageWallpaper: engine visible:false
11-10 20:45:02.613  2905  2905 D ViewRootImpl@6feec0a[StatusBar]: MSG_RESIZED_REPORT: frame=Rect(0, 0 - 1920, 72) ci=Rect(0, 0 - 0, 0) vi=Rect(0, 0 - 0, 0) or=2
11-10 20:45:02.615  2905  2905 D MetadataParser: onConfigurationChanged()
11-10 20:45:02.617  2905  2905 I MetadataParser: updateMetadataInfo() key = com.sec.android.daemonapp, bInfo = MetadataInfo[pkgName=com.sec.android.daemonapp, dbKey=add_info_com_sec_android_daemonapp, titleRes = 2131100116, title=null], mInfo = MetadataInfo[pkgName=com.sec.android.daemonapp, dbKey=add_info_com_sec_android_daemonapp, titleRes = 2131100116, title=null]
11-10 20:45:02.621  1936  3263 D SecContentProvider: query(), uri = 17 selection = isSettingsChangesAllowed
11-10 20:45:02.621  1936  3263 D SecContentProvider: called from android.uid.systemui:10063
11-10 20:45:02.625  1936  3263 D SecContentProvider: query(), uri = 17 selection = isSettingsChangesAllowed
11-10 20:45:02.626  1936  3263 D SecContentProvider: called from android.uid.systemui:10063
11-10 20:45:02.639  1936 11386 D SecContentProvider: query(), uri = 17 selection = isSettingsChangesAllowed
11-10 20:45:02.641  1936 11386 D SecContentProvider: called from android.uid.systemui:10063
11-10 20:45:02.650  2905  2905 I NotificationShelf: show backgroud: :false
11-10 20:45:02.651  2905  2905 D KeyguardUpdateMonitor: received broadcast android.intent.action.CONFIGURATION_CHANGED
11-10 20:45:02.669  1936  3263 V WindowManager: Relayout Window{e0a38a6 u0 StatusBar}: viewVisibility=0 req=1920x72 WM.LayoutParams{(0,0)(fillx72) gr=#30 sim=#10 ty=2000 fl=#81840048 fmt=-3 vsysui=0x600 colorMode=0 naviIconColor=0}
11-10 20:45:02.670  1936  2467 D MdnieScenarioControlService:  packageName : com.TeamNA.GiftGame    className : com.epicgames.ue4.SplashActivity
11-10 20:45:02.670  1936  2467 V MdnieScenarioControlService: setUIMode from UI function(3)
11-10 20:45:02.683  2905  2905 D ViewRootImpl@6feec0a[StatusBar]: Relayout returned: old=[0,0][1920,72] new=[0,0][1920,72] result=0x23 surface={valid=true 511885938688} changed=false
11-10 20:45:02.686  2905  2905 D ScrollView:  onsize change changed 
11-10 20:45:02.689  2905  3298 D OpenGLRenderer: eglDestroySurface = 0x772efaae40
11-10 20:45:02.690  2905  3298 D OpenGLRenderer: eglCreateWindowSurface = 0x772efaae40
11-10 20:45:02.699  1936  3263 V WindowManager: finishDrawingLocked: mDrawState=COMMIT_DRAW_PENDING Window{e0a38a6 u0 StatusBar} in Surface(name=StatusBar)
11-10 20:45:02.699  2905  2905 D ViewRootImpl@57ee4fa[AssistPreviewPanel]: dispatchAttachedToWindow
11-10 20:45:02.700  1936  3263 V WindowManager: Relayout Window{a86e5f3 u0 AssistPreviewPanel}: viewVisibility=8 req=1920x750 WM.LayoutParams{(0,0)(fillx750) gr=#800053 sim=#31 ty=2033 fl=#1000118 fmt=-3 vsysui=0x700 colorMode=0 naviIconColor=0}
11-10 20:45:02.704  2905  2905 D ViewRootImpl@57ee4fa[AssistPreviewPanel]: Relayout returned: old=[0,0][0,0] new=[0,1080][1920,1080] result=0x1 surface={valid=false 0} changed=false
11-10 20:45:02.705  2905  2905 D ViewRootImpl@29fbe50[DockedStackDivider]: dispatchAttachedToWindow
11-10 20:45:02.708  1936  3263 V WindowManager: Relayout Window{f4eb9dc u0 DockedStackDivider}: viewVisibility=4 req=144x1008 WM.LayoutParams{(0,0)(144xfill) sim=#20 ty=2034 fl=#21840028 pfl=0x40 fmt=-3 vsysui=0x700 colorMode=0 naviIconColor=0}
11-10 20:45:02.715  2905  2905 D ViewRootImpl@29fbe50[DockedStackDivider]: Relayout returned: old=[0,0][0,0] new=[0,0][0,0] result=0x1 surface={valid=false 0} changed=false
11-10 20:45:02.721  2905  2905 D ViewRootImpl@d69d95f[DividerButtonsGroup]: dispatchAttachedToWindow
11-10 20:45:02.722  1936 11386 V WindowManager: Relayout Window{c2ca9ba u0 DividerButtonsGroup}: viewVisibility=4 req=150x525 WM.LayoutParams{(0,0)(150x525) sim=#20 ty=2302 fl=#1040020 fmt=-3 vsysui=0x700 surfaceInsets=Rect(36, 36 - 36, 36) colorMode=0 naviIconColor=0}
11-10 20:45:02.728  2905  2905 D ViewRootImpl@d69d95f[DividerButtonsGroup]: Relayout returned: old=[0,0][0,0] new=[0,0][0,0] result=0x1 surface={valid=false 0} changed=false
11-10 20:45:02.729  2905  2905 D ViewRootImpl@e99a1d9[AssistPreviewPanel]: dispatchDetachedFromWindow
11-10 20:45:02.729  2905  2905 D InputEventReceiver: channel 'd891cdf AssistPreviewPanel (client)' ~ Disposing input event receiver.
11-10 20:45:02.729  2905  2905 D InputEventReceiver: channel 'd891cdf AssistPreviewPanel (client)' ~NativeInputEventReceiver.
11-10 20:45:02.730  1936 11386 W AppOps  : Finishing op nesting under-run: uid 10063 pkg com.android.systemui code 70 time=0 duration=0 nesting=0
11-10 20:45:02.738  2905  2905 D ViewRootImpl@c13e738[DockedStackDivider]: dispatchDetachedFromWindow
11-10 20:45:02.738  2905  2905 D InputEventReceiver: channel '30c558a DockedStackDivider (client)' ~ Disposing input event receiver.
11-10 20:45:02.738  2905  2905 D InputEventReceiver: channel '30c558a DockedStackDivider (client)' ~NativeInputEventReceiver.
11-10 20:45:02.738  1936  3263 W AppOps  : Finishing op nesting under-run: uid 10063 pkg com.android.systemui code 70 time=0 duration=0 nesting=0
11-10 20:45:02.745  2905  2905 D BarTransitions.PhoneStatusBarView: MODE_TRANSPARENT -> MODE_OPAQUE animate=true
11-10 20:45:02.749  1936  3263 D WindowManager: adjustSystemUiVisibilityLw : vis= 0x0
11-10 20:45:02.756  2905  3151 D Tile.WifiTile: handleUpdateState enabledChanging
11-10 20:45:02.756  2905  3664 V SystemUIAnalytics: SAPreference : 1104 / 1
11-10 20:45:02.763  1936  2421 D SamsungAlarmManager: Expired : 8
11-10 20:45:02.763  1936  2421 V SamsungAlarmManager: Sending to uid : 10068 action=null alarm=Alarm{bfb97c8 type 3 when 831110773 com.asurion.android.verizon.vms}
11-10 20:45:02.774  2905  2905 D KeyguardUpdateMonitor: handleConfigurationChanged
11-10 20:45:02.775  2905  2905 D ViewRootImpl@6feec0a[StatusBar]: MSG_RESIZED_REPORT: frame=Rect(0, 0 - 1920, 72) ci=Rect(0, 0 - 0, 0) vi=Rect(0, 0 - 0, 0) or=2
11-10 20:45:02.778  2905  3664 V SystemUIAnalytics: SAPreference : 1105 / 0
11-10 20:45:02.784  2905  3151 D Tile.RotationLockTile:  handleUpdateState: false orientation = true
11-10 20:45:02.785  1936 11386 D SamsungAlarmManager: setExact Intent (T:3/F:5/AC:false) 20181110T204507 - CU:10068/CP:24848
11-10 20:45:02.786  1936 11386 I SamsungAlarmManager: setLocked to kernel - T:3 / 20181110T204507, SetElapsed=831115793, nowELAPSED=831110795
11-10 20:45:02.788  2905  3664 V SystemUIAnalytics: SAPreference : 1107 / 1
11-10 20:45:02.793  2905  3151 D Tile.BluetoothTile: handleUpdateState enabled = false connected = false bluetoothState = 10
11-10 20:45:02.794  2905  3664 V SystemUIAnalytics: SAPreference : 1106 / 0
11-10 20:45:02.796  2905  3151 D Tile.AirplaneModeTile: # of NON-poweroff( in servicestate) : 1
11-10 20:45:02.796  2905  3151 D Tile.AirplaneModeTile:  handleUpdateState:  value false  state.dim false
11-10 20:45:02.797  2905  3664 V SystemUIAnalytics: SAPreference : 2014 / 0
11-10 20:45:02.799  2905  3151 D Tile.HotspotTile: handleUpdateState :  = false
11-10 20:45:02.801  2905  3664 V SystemUIAnalytics: SAPreference : 2020 / 0
11-10 20:45:02.802  2905  3664 V SystemUIAnalytics: SAPreference : 1109 / 0
11-10 20:45:02.813  3306  3306 D io_stats: !@   8,0 r 7945891 313198536 w 2971605 62096084 d 233124 31116408 f 1913269 1913720 iot 6819790 3743635 th 51200 0 0 pt 0 inp 0 0 347917.779
11-10 20:45:02.818  2905  3151 D TileLifecycleManager: Binding service Intent { cmp=com.android.settings/com.samsung.android.settings.qstile.PowerSavingTile (has extras) } UserHandle{0}
11-10 20:45:02.822  1936  3263 D StorageManagerService: getExternalStorageMountMode : 1
11-10 20:45:02.822  1936  3263 D StorageManagerService: getExternalStorageMountMode : 3
11-10 20:45:02.822  1936  3263 D StorageManagerService: getExternalStorageMountMode : final mountMode=1, uid : 1000, packageName : com.android.settings
11-10 20:45:02.823  1936  3263 I ApplicationPolicy: isApplicationExternalStorageWhitelisted:com.android.settings user:0
11-10 20:45:02.823  1936  3263 D ApplicationPolicy: isApplicationExternalStorageWhitelisted: DO is not enabled on user 0. Allowed.
11-10 20:45:02.823  1936  3263 D ActivityManager: package  com.android.settings, user - 0 is SDcard whitelisted
11-10 20:45:02.823  1936  3263 I ApplicationPolicy: isApplicationExternalStorageBlacklisted:com.android.settings user:0
11-10 20:45:02.823  1936  3263 D ApplicationPolicy: isApplicationExternalStorageBlacklisted: DO is not enabled on user 0. Allowed.
11-10 20:45:02.857 22587 22587 E Zygote  : isWhitelistProcess - Process is Whitelisted
11-10 20:45:02.857  1936  3263 I ActivityManager: Start proc 22587:com.android.settings:QuickSettingsTile/1000 for service com.android.settings/com.samsung.android.settings.qstile.PowerSavingTile
11-10 20:45:02.858  2905  3151 D TileLifecycleManager: onStartListening
11-10 20:45:02.860  2905  3664 V SystemUIAnalytics: SAPreference : 2041 / 0
11-10 20:45:02.864 22587 22587 E libpersona: scanKnoxPersonas
11-10 20:45:02.865 22587 22587 E libpersona: Couldn't open the File - /data/system/users/0/personalist.xml - No such file or directory
11-10 20:45:02.870 22587 22587 W SELinux : SELinux selinux_android_compute_policy_index : Policy Index[2],  Con:u:r:zygote:s0 RAM:SEPF_SM-G930V_8.0.0_0016, [-1 -1 -2 -1 0 1]
11-10 20:45:02.871 22587 22587 I SELinux : SELinux: seapp_context_lookup: seinfo=platform, pkgname=com.android.settings:QuickSettingsTile 
11-10 20:45:02.875  2905  3664 V SystemUIAnalytics: SAPreference : 2016 / 0
11-10 20:45:02.891  2905  3151 D TileLifecycleManager: Binding service Intent { cmp=com.samsung.android.lool/com.samsung.android.sm.ui.booster.PerformanceTile (has extras) } UserHandle{0}
11-10 20:45:02.906  2905  3151 D TileLifecycleManager: onStartListening
11-10 20:45:02.908  2905  3151 D Tile.RotationLockTile:  handleUpdateState: false orientation = true
11-10 20:45:02.908  2905  3151 W Tile.CustomTile: handleUpdateState : hasPendingBind Power
11-10 20:45:02.908  2905  3151 W Tile.CustomTile: saving
11-10 20:45:02.912  2905  3151 W Tile.CustomTile: handleUpdateState : hasPendingBind Performance
11-10 20:45:02.912  2905  3151 W Tile.CustomTile: mode
11-10 20:45:02.916  1936  3263 I ActivityManager: START u0 {act=null typ=null flg=0x10000 cmp=ComponentInfo{com.TeamNA.GiftGame/com.epicgames.ue4.GameActivity}} from uid 10544
11-10 20:45:02.921 21698 21698 I PerformanceTile: onCreate, Performance0
11-10 20:45:02.928 22587 22587 D TimaKeyStoreProvider: TimaKeyStore is not enabled: cannot add TimaSignature Service and generateKeyPair Service
11-10 20:45:02.929 22587 22587 D ActivityThread: Added TimaKeyStore provider
11-10 20:45:02.934  1936  4617 I ActivityManager: DSS on for com.android.settings and scale is 1.0
11-10 20:45:02.941  1936  2389 D ViewRootImpl@cdaa0a[GiftGame]: MSG_RESIZED_REPORT: frame=Rect(0, 0 - 1920, 1080) ci=Rect(0, 0 - 0, 0) vi=Rect(0, 0 - 0, 0) or=1
11-10 20:45:02.942  1936  2389 V WindowManager: finishDrawingLocked: mDrawState=COMMIT_DRAW_PENDING Window{f1ca27b u0 Splash Screen com.TeamNA.GiftGame} in Surface(name=Splash Screen com.TeamNA.GiftGame)
11-10 20:45:02.944  2905  2905 D TileLifecycleManager: onServiceConnected ComponentInfo{com.samsung.android.lool/com.samsung.android.sm.ui.booster.PerformanceTile}
11-10 20:45:02.944  2905  2905 D TileLifecycleManager: Handling pending onStartListening
11-10 20:45:02.944  2905  2905 D TileLifecycleManager: onStartListening
11-10 20:45:02.946   769   769 I SurfaceFlinger: Display 0 HWC layers:
11-10 20:45:02.946   769   769 I SurfaceFlinger:     type    |    handle    | flag |  format   |   source crop (l,t,r,b)    |         frame       | name 
11-10 20:45:02.946   769   769 I SurfaceFlinger: ------------+--------------+------+-----------+----------------------------+---------------------+------
11-10 20:45:02.946   769   769 I SurfaceFlinger:      Device | 0x771ae33600 | 0000 | RGBA_8888 |   0.0    0.0 1080.0 1920.0 |    0    0 1080 1920 | ScreenshotSurface#0
11-10 20:45:02.946   769   769 I SurfaceFlinger: 
11-10 20:45:02.949  1936  2389 I WindowManager: Screen frozen for +666ms due to Window{f1ca27b u0 Splash Screen com.TeamNA.GiftGame}
11-10 20:45:02.951   769   769 I SurfaceFlinger: id=5966 createSurf (2160x1920),-1 flag=20004, BlackSurface#0
11-10 20:45:02.953   769   769 I SurfaceFlinger: id=5967 createSurf (1080x3840),-1 flag=20004, BlackSurface#0
11-10 20:45:02.955   769   769 I SurfaceFlinger: id=5968 createSurf (2160x1920),-1 flag=20004, BlackSurface#0
11-10 20:45:02.956   769   769 I SurfaceFlinger: id=5969 createSurf (1080x3840),-1 flag=20004, BlackSurface#0
11-10 20:45:02.957  1936  2389 D InputDispatcher: setInputDispatchMode: enabled=1, frozen=0
11-10 20:45:02.967  1936  3263 D SecContentProvider: query(), uri = 17 selection = isSettingsChangesAllowed
11-10 20:45:02.967  1936  3263 D SecContentProvider: called from android.uid.system:1000
11-10 20:45:02.968 21698 21698 I PerformanceTile: updateState, mode=0, state=1
11-10 20:45:02.968 22587 22587 I zygote64: find the special shared library, skip check
11-10 20:45:02.969  2905 12415 D Tile.CustomTile: updateState : Label = Performance
11-10 20:45:02.969  2905 12415 D Tile.CustomTile: mode, State = 1, Icon = Icon(typ=RESOURCE pkg=com.samsung.android.lool id=0x7f02008e)
11-10 20:45:02.971 22587 22587 I zygote64: find the special shared library, skip check
11-10 20:45:02.974   718 15789 D audio_hw_primary: adev_set_parameters: enter: display_rotation=1
11-10 20:45:02.975   718 15789 V msm8974_platform: platform_set_parameters: enter: display_rotation=1
11-10 20:45:02.975   718 15789 V msm8974_platform: platform_set_parameters: exit with code(0)
11-10 20:45:02.975   718 15789 V audio_hw_sec: factory_set_parameters: enter: display_rotation=1
11-10 20:45:02.975   718 15789 E soundtrigger: audio_extn_sound_trigger_set_parameters: str_params NULL
11-10 20:45:02.977  1936  3592 D ActivityManager: isScaleDownAnimationEnabled() : false
11-10 20:45:02.979  1062  7830 V MultiRecordManager: setParameters(): io 0, keyvalue display_rotation=1, calling pid 1936
11-10 20:45:02.979  1936  3592 D PersonaManagerService: Current focused persona service handled id set to : 0
11-10 20:45:02.980  1936  3592 D InputDispatcher: Focused application set to: xxxx
11-10 20:45:02.982  1936  3592 D MARsPolicyManager: onPackageResumedFG pkgName = com.TeamNA.GiftGame, userId = 0
11-10 20:45:02.982  1936  2781 D GameManagerService: handleForegroundChange(). pkgName: com.TeamNA.GiftGame, clsName: com.epicgames.ue4.GameActivity,FgActivityName:com.TeamNA.GiftGame/com.epicgames.ue4.GameActivity
11-10 20:45:02.982  1936  2781 D GameManagerService:   handleForegroundChange(). same package with Prev KILL_YOURSELF. ignore
11-10 20:45:02.983 22587 22587 I zygote64: find the special shared library, skip check
11-10 20:45:02.986 22587 22587 I zygote64: find the special shared library, skip check
11-10 20:45:02.988  1936  3592 V WindowManager: rotationForOrientationLw(orient=0, last=1); user=0 USER_ROTATION_LOCKED sensorRotation=-1 mLidState=-1 mDockMode=0 mHdmiPlugged=false
11-10 20:45:02.998   769   769 I SurfaceFlinger: Display 0 HWC layers:
11-10 20:45:02.998   769   769 I SurfaceFlinger:     type    |    handle    | flag |  format   |   source crop (l,t,r,b)    |         frame       | name 
11-10 20:45:02.998   769   769 I SurfaceFlinger: ------------+--------------+------+-----------+----------------------------+---------------------+------
11-10 20:45:02.998   769   769 I SurfaceFlinger:      Client | 0x771ae33600 | 0000 | RGBA_8888 |   0.0    0.0 1080.0 1920.0 |    0    0 1080 1920 | ScreenshotSurface#0
11-10 20:45:02.998   769   769 I SurfaceFlinger:      Client |              | 0000 |  Unknown  |  -0.4   -0.9   -0.9   -1.0 |    0    0 1080  291 | BlackSurface#0
11-10 20:45:02.998   769   769 I SurfaceFlinger:      Client |              | 0000 |  Unknown  |  -0.9   -0.0   -1.0   -0.6 |    0    0  201 1920 | BlackSurface#0
11-10 20:45:02.998   769   769 I SurfaceFlinger:      Client |              | 0000 |  Unknown  |  -0.1    0.0   -0.6   -0.1 |    0 1629 1080 1920 | BlackSurface#0
11-10 20:45:02.998   769   769 I SurfaceFlinger:      Client |              | 0000 |  Unknown  |   0.0   -0.4   -0.1   -1.0 |  879    0 1080 1920 | BlackSurface#0
11-10 20:45:02.998   769   769 I SurfaceFlinger: 
11-10 20:45:03.004 22559 22559 W linker  : /data/app/com.TeamNA.GiftGame-La5cEE4cgYiSutw6xZuOhg==/lib/arm/libOVRPlugin.so: is missing DT_SONAME will use basename as a replacement: "libOVRPlugin.so"
11-10 20:45:03.004 22587 22587 I zygote64: find the special shared library, skip check
11-10 20:45:03.007 22559 22559 D OVRPlugin: JNI_OnLoad
11-10 20:45:03.059 22559 22559 D UE4     : Used memory before allocating anything was 171.83MB
11-10 20:45:03.091  2905 12415 D SystemServicesProxy: updateOverviewLastStackActiveTimeAsync: newTime=1541904302980
11-10 20:45:03.092  1936  3592 D SecContentProvider: query(), uri = 17 selection = isSettingsChangesAllowed
11-10 20:45:03.098  1936  3592 D SecContentProvider: called from android.uid.systemui:10063
