11-10 20:45:17.428  1936  2461 I InputReader: Touch event's action is 0x1 (deviceType=0) [pCnt=1, s=] when=347932393901000
11-10 20:45:17.428  1936  2460 I InputDispatcher: Delivering touch to (22559): action: 0x1, toolType: 1
11-10 20:45:17.431 22559 22607 V threaded_app: New input event: type=2
11-10 20:45:17.433 22559 22607 V threaded_app: New input event: type=2
11-10 20:45:17.438 22559 22559 D ViewRootImpl@916ac0b[GameActivity]: ViewPostIme pointer 1
11-10 20:45:17.448 22559 22606 D UE4     : LogUMG: Display: Widget Class MainGameWidget_C - Loaded Fast Template.
11-10 20:45:17.448 22559 22606 D UE4     : 
11-10 20:45:17.449 22559 22606 D UE4     : [2018.11.11-02.45.17:448][337]LogUMG: Display: Widget Class MainGameWidget_C - Loaded Fast Template.
11-10 20:45:17.461 22559 22606 D UE4     : [2018.11.11-02.45.17:461][337]LogSlate: Took 0.000772 seconds to synchronously load lazily loaded font '../../../Engine/Content/EngineFonts/Faces/RobotoBold.ufont' (160K)
11-10 20:45:17.818  3306  3306 D io_stats: !@   8,0 r 7947610 313263288 w 2971808 62101680 d 233154 31120112 f 1913359 1913810 iot 6820650 3744102 th 51200 0 0 pt 0 inp 0 0 347932.784
11-10 20:45:17.834  1936  2421 D SamsungAlarmManager: Expired : 8
11-10 20:45:17.834  1936  2421 V SamsungAlarmManager: Sending to uid : 10068 action=null alarm=Alarm{bec24a0 type 3 when 831125844 com.asurion.android.verizon.vms}
11-10 20:45:17.848  1936  3263 D SamsungAlarmManager: setExact Intent (T:3/F:5/AC:false) 20181110T204522 - CU:10068/CP:24848
11-10 20:45:18.015  1016  1016 E audit   : type=1400 audit(1541904317.998:65178): avc:  denied  { read } for  pid=22559 comm="Thread-2" name="stat" dev="proc" ino=4026532368 scontext=u:r:untrusted_app_25:s0:c512,c768 tcontext=u:object_r:proc_stat:s0 tclass=file permissive=0 SEPF_SM-G930V_8.0.0_0016 audit_filtered
11-10 20:45:18.016  1016  1016 E audit   : type=1300 audit(1541904317.998:65178): arch=40000028 syscall=322 per=8 success=no exit=-13 a0=ffffff9c a1=cb33cce8 a2=20000 a3=0 items=0 ppid=1058 pid=22559 auid=4294967295 uid=10544 gid=10544 euid=10544 suid=10544 fsuid=10544 egid=10544 sgid=10544 fsgid=10544 tty=(none) ses=4294967295 comm="Thread-2" exe="/system/bin/app_process32" subj=u:r:untrusted_app_25:s0:c512,c768 key=(null)
11-10 20:45:18.016  1016  1016 E audit   : type=1327 audit(1541904317.998:65178): proctitle="com.TeamNA.GiftGame"
11-10 20:45:18.129  1016  1016 E audit   : type=1400 audit(1541904318.118:65179): avc:  denied  { read } for  pid=22559 comm="Thread-2" name="stat" dev="proc" ino=4026532368 scontext=u:r:untrusted_app_25:s0:c512,c768 tcontext=u:object_r:proc_stat:s0 tclass=file permissive=0 SEPF_SM-G930V_8.0.0_0016 audit_filtered
11-10 20:45:18.130  1016  1016 E audit   : type=1300 audit(1541904318.118:65179): arch=40000028 syscall=322 per=8 success=no exit=-13 a0=ffffff9c a1=cb33cce8 a2=20000 a3=0 items=0 ppid=1058 pid=22559 auid=4294967295 uid=10544 gid=10544 euid=10544 suid=10544 fsuid=10544 egid=10544 sgid=10544 fsgid=10544 tty=(none) ses=4294967295 comm="Thread-2" exe="/system/bin/app_process32" subj=u:r:untrusted_app_25:s0:c512,c768 key=(null)
11-10 20:45:18.130  1016  1016 E audit   : type=1327 audit(1541904318.118:65179): proctitle="com.TeamNA.GiftGame"
11-10 20:45:18.235  1016  1016 E audit   : type=1400 audit(1541904318.218:65180): avc:  denied  { read } for  pid=22559 comm="Thread-2" name="stat" dev="proc" ino=4026532368 scontext=u:r:untrusted_app_25:s0:c512,c768 tcontext=u:object_r:proc_stat:s0 tclass=file permissive=0 SEPF_SM-G930V_8.0.0_0016 audit_filtered
11-10 20:45:18.235  1016  1016 E audit   : type=1300 audit(1541904318.218:65180): arch=40000028 syscall=322 per=8 success=no exit=-13 a0=ffffff9c a1=cb33cce8 a2=20000 a3=0 items=0 ppid=1058 pid=22559 auid=4294967295 uid=10544 gid=10544 euid=10544 suid=10544 fsuid=10544 egid=10544 sgid=10544 fsgid=10544 tty=(none) ses=4294967295 comm="Thread-2" exe="/system/bin/app_process32" subj=u:r:untrusted_app_25:s0:c512,c768 key=(null)
11-10 20:45:18.236  1016  1016 E audit   : type=1327 audit(1541904318.218:65180): proctitle="com.TeamNA.GiftGame"
11-10 20:45:18.273  1936 11112 D SSRM:j  : SIOP:: AP = 350, PST = 266 (W:6), BAT = 242, CHG = 265
11-10 20:45:18.297  1062  7830 V APM_AudioPolicyManager: getAudioPolicyConfig: audioParam;outDevice
11-10 20:45:18.297  1062  7830 V APM_AudioPolicyManager: getNewOutputDevice() selected device 0
11-10 20:45:18.297  1062  7830 V APM_AudioPolicyManager: ### curdevice : 2
11-10 20:45:18.298  1062  7830 V APM_AudioPolicyManager: getAudioPolicyConfig: audioParam;outDevice
11-10 20:45:18.298  1062  7830 V APM_AudioPolicyManager: getNewOutputDevice() selected device 0
11-10 20:45:18.298  1062  7830 V APM_AudioPolicyManager: ### curdevice : 2
11-10 20:45:18.298  1062  7830 V APM_AudioPolicyManager: getAudioPolicyConfig: audioParam;outDevice
11-10 20:45:18.298  1062  7830 V APM_AudioPolicyManager: getNewOutputDevice() selected device 0
11-10 20:45:18.298  1062  7830 V APM_AudioPolicyManager: ### curdevice : 2
11-10 20:45:18.309  1062  7830 V APM_AudioPolicyManager: getAudioPolicyConfig: audioParam;activeStream
11-10 20:45:18.309  1062  7830 V APM_AudioPolicyManager: ### active stream : 8
11-10 20:45:18.309  1936 11112 D AudioService: active stream is 0x8
11-10 20:45:18.320  1062  7830 V APM_AudioPolicyManager: getAudioPolicyConfig: audioParam;activeStream
11-10 20:45:18.320  1062  7830 V APM_AudioPolicyManager: ### active stream : 8
11-10 20:45:18.320  1936 11112 D AudioService: active stream is 0x8
11-10 20:45:18.320  1936 11112 D AudioService: GetAppDevice, uid=1000
11-10 20:45:18.321  1936 11112 D AudioService: getStreamVolume 3 index 0
11-10 20:45:18.345  1016  1016 E audit   : type=1400 audit(1541904318.338:65181): avc:  denied  { read } for  pid=22559 comm="Thread-2" name="stat" dev="proc" ino=4026532368 scontext=u:r:untrusted_app_25:s0:c512,c768 tcontext=u:object_r:proc_stat:s0 tclass=file permissive=0 SEPF_SM-G930V_8.0.0_0016 audit_filtered
11-10 20:45:18.345  1016  1016 E audit   : type=1300 audit(1541904318.338:65181): arch=40000028 syscall=322 per=8 success=no exit=-13 a0=ffffff9c a1=cb33cce8 a2=20000 a3=0 items=0 ppid=1058 pid=22559 auid=4294967295 uid=10544 gid=10544 euid=10544 suid=10544 fsuid=10544 egid=10544 sgid=10544 fsgid=10544 tty=(none) ses=4294967295 comm="Thread-2" exe="/system/bin/app_process32" subj=u:r:untrusted_app_25:s0:c512,c768 key=(null)
11-10 20:45:18.345  1016  1016 E audit   : type=1327 audit(1541904318.338:65181): proctitle="com.TeamNA.GiftGame"
11-10 20:45:18.461  1016  1016 E audit   : type=1400 audit(1541904318.448:65182): avc:  denied  { read } for  pid=22559 comm="Thread-2" name="stat" dev="proc" ino=4026532368 scontext=u:r:untrusted_app_25:s0:c512,c768 tcontext=u:object_r:proc_stat:s0 tclass=file permissive=0 SEPF_SM-G930V_8.0.0_0016 audit_filtered
11-10 20:45:18.461  1016  1016 E audit   : type=1300 audit(1541904318.448:65182): arch=40000028 syscall=322 per=8 success=no exit=-13 a0=ffffff9c a1=cb33cce8 a2=20000 a3=0 items=0 ppid=1058 pid=22559 auid=4294967295 uid=10544 gid=10544 euid=10544 suid=10544 fsuid=10544 egid=10544 sgid=10544 fsgid=10544 tty=(none) ses=4294967295 comm="Thread-2" exe="/system/bin/app_process32" subj=u:r:untrusted_app_25:s0:c512,c768 key=(null)
11-10 20:45:18.461  1016  1016 E audit   : type=1327 audit(1541904318.448:65182): proctitle="com.TeamNA.GiftGame"
11-10 20:45:18.471   730   918 I qti_sensors_hal: Activities REPORT index 1 number 1 total 18
11-10 20:45:18.472   730   918 W qti_sensors_hal: timestampCalc: Adjusting timestamp for rollover: 831126480420605, 590
11-10 20:45:18.472   730   918 D qti_sensors_hal: Activities 0.000000 ts 1464643346
11-10 20:45:18.473  1936  2429 D SensorHubManager: onGetSensorHubDataLocked: library(18) = 1, 1, 3, 6, 0, 0, 0, 6, 1, -12, 34, 3, 31, 12, 0, 0, 0, 0
11-10 20:45:18.473  1936  2430 D CAE     : onGetSensorHubData(SensorHubParserProvider.java:91) - onGetSensorHubData Event [event buffer len :18], AP_WAKEUP
11-10 20:45:18.474  1936  2430 I CAE     : parse(SensorHubParserProvider.java:192) - buffer size = 18
11-10 20:45:18.474  1936  2430 I CAE     : parse(SensorHubParserProvider.java:203) - 1, 1, 3, 6, 0, 0, 0, 6, 1, -12, 34, 3, 31, 12, 0, 0, 0, 0,
11-10 20:45:18.475  1936  2430 I CAE     : parse(PedometerRunner.java:357) - parse start:3
11-10 20:45:18.475  1936  2430 D CAE     : display(PedometerRunner.java:320) - ================= PEDOMETER =================
11-10 20:45:18.476  1936  2430 I CAE     : display(PedometerRunner.java:343) - C=[239.14000000000135], WF=[1.2], WUSCD=[0], UDSCD=[0], RSCD=[0], RUSCD=[0], WSC=[3731], RUSC=[0], DD=[5.0], WDSC=[122], RDSCD=[0], RDSC=[0], S=[3.4], WUSC=[82], D=[3446.32000000001], SS=[3], TSCD=[6], WDSCD=[0], RSC=[101], TSC=[4036], UDSC=[204], CD=[0.31], WSCD=[6]
11-10 20:45:18.477  1936  2430 I CAE     : parse(PedometerRunner.java:827) - parse end:18
11-10 20:45:18.477  1936  2435 D SemContext.CaeProvider.PedometerImpl: display() : mode = [Normal], tsc = [6], wsc = [6], rsc = [0]
11-10 20:45:18.478  1936  2435 D SemContextService: Service.updateContext() : service = Pedometer
11-10 20:45:18.482 30119 30119 D SemContextManager: [2] : 30093, 29024, 278
11-10 20:45:18.485 30119 30294 I Sensor[0x06]: [0x01] 2
11-10 20:45:18.663 30119 30119 D Sensor[0x01]: [0x01] 6 [0x02] 0.31 [0x03] 5.0 [0x04] 6 [0x05] 0 [0x06] 3.4 [0x07] 6 [0x08] 1 [0x09] 1541904318486 [0x10] 1541904300000 [0x11] 0 [0x12] 0 [0x13] 0 [0x14] 0 [0x15] 0 [0x16] 0 [0x17] 0 [0x18] 1 [0x20] 1423 [0x21] 1429 [0x22] 1 [0x23] 1 
11-10 20:45:18.738  1936  4617 D StorageManagerService: getExternalStorageMountMode : 3
11-10 20:45:18.739  1936  4617 D StorageManagerService: getExternalStorageMountMode : 3
11-10 20:45:18.739  1936  4617 D StorageManagerService: getExternalStorageMountMode : final mountMode=3, uid : 10037, packageName : com.sec.android.app.shealth
11-10 20:45:18.739  1936  4617 I ApplicationPolicy: isApplicationExternalStorageWhitelisted:com.sec.android.app.shealth user:0
11-10 20:45:18.740  1936  4617 D ApplicationPolicy: isApplicationExternalStorageWhitelisted: DO is not enabled on user 0. Allowed.
11-10 20:45:18.740  1936  4617 D ActivityManager: package  com.sec.android.app.shealth, user - 0 is SDcard whitelisted
11-10 20:45:18.740  1936  4617 I ApplicationPolicy: isApplicationExternalStorageBlacklisted:com.sec.android.app.shealth user:0
11-10 20:45:18.740  1936  4617 D ApplicationPolicy: isApplicationExternalStorageBlacklisted: DO is not enabled on user 0. Allowed.
11-10 20:45:18.747  2920  2920 E adbd    : recv: OPEN 000088c9 00000000 000c:73 68 65 6C 6C 2C 76 32 3A 70 73 00 
11-10 20:45:18.747  2920  2920 E adbd    : service_to_fd: shell,v2:ps
11-10 20:45:18.775 22787 22787 E propClient: PropClient failed to load
11-10 20:45:18.792  1936  4617 W ActivityManager: Slow operation: 55ms so far, now at startProcess: returned from zygote!
11-10 20:45:18.792  1936  4617 W ActivityManager: Slow operation: 55ms so far, now at startProcess: done updating battery stats
11-10 20:45:18.792  1936  4617 W ActivityManager: Slow operation: 55ms so far, now at startProcess: building log message
11-10 20:45:18.792  1936  4617 I ActivityManager: Start proc 22789:com.sec.android.app.shealth/u0a37 for content provider com.sec.android.app.shealth/com.samsung.android.app.shealth.app.helper.MultiprocessSharedPreferencesProviderForSDK
11-10 20:45:18.792  1936  4617 W ActivityManager: Slow operation: 55ms so far, now at startProcess: starting to update pids map
11-10 20:45:18.792  1936  4617 W ActivityManager: Slow operation: 55ms so far, now at startProcess: done updating pids map
11-10 20:45:18.792  1936  4617 W ActivityManager: Slow operation: 55ms so far, now at startProcess: done starting proc!
11-10 20:45:18.792  1936  4617 W ActivityManager: Slow operation: 56ms so far, now at getContentProviderImpl: after start process
11-10 20:45:18.792  1936  4617 W ActivityManager: Slow operation: 56ms so far, now at getContentProviderImpl: updating data structures
11-10 20:45:18.793  1936  4617 W ActivityManager: Slow operation: 57ms so far, now at getContentProviderImpl: done!
11-10 20:45:18.812 22787 22787 E propClient: PropClient failed to load
11-10 20:45:18.824 22789 22789 E Zygote  : isWhitelistProcess - Process is Whitelisted
11-10 20:45:18.825 22789 22789 E libpersona: scanKnoxPersonas
11-10 20:45:18.825 22789 22789 E libpersona: Couldn't open the File - /data/system/users/0/personalist.xml - No such file or directory
11-10 20:45:18.830 22789 22789 W SELinux : SELinux selinux_android_compute_policy_index : Policy Index[2],  Con:u:r:zygote:s0 RAM:SEPF_SM-G930V_8.0.0_0016, [-1 -1 -1 -1 0 1]
11-10 20:45:18.831 22789 22789 I SELinux : SELinux: seapp_context_lookup: seinfo=shealth, level=s0:c512,c768, pkgname=com.sec.android.app.shealth 
11-10 20:45:18.869   727   727 D SEC LightsHAL: button : 0 +
11-10 20:45:18.878 22789 22789 D TimaKeyStoreProvider: TimaKeyStore is not enabled: cannot add TimaSignature Service and generateKeyPair Service
11-10 20:45:18.878 22789 22789 D ActivityThread: Added TimaKeyStore provider
11-10 20:45:18.881  1936  3592 I ActivityManager: DSS on for com.sec.android.app.shealth and scale is 1.0
11-10 20:45:18.894   727   727 D SEC LightsHAL: button : 0 -
11-10 20:45:19.012 22789 22789 I zygote64: no shared libraies, dex_files: 1
11-10 20:45:19.025  1016  1016 E audit   : type=1400 audit(1541904319.018:65187): avc:  denied  { read } for  pid=22559 comm="Thread-2" name="stat" dev="proc" ino=4026532368 scontext=u:r:untrusted_app_25:s0:c512,c768 tcontext=u:object_r:proc_stat:s0 tclass=file permissive=0 SEPF_SM-G930V_8.0.0_0016 audit_filtered
11-10 20:45:19.026  1016  1016 E audit   : type=1300 audit(1541904319.018:65187): arch=40000028 syscall=322 per=8 success=no exit=-13 a0=ffffff9c a1=cb33cce8 a2=20000 a3=0 items=0 ppid=1058 pid=22559 auid=4294967295 uid=10544 gid=10544 euid=10544 suid=10544 fsuid=10544 egid=10544 sgid=10544 fsgid=10544 tty=(none) ses=4294967295 comm="Thread-2" exe="/system/bin/app_process32" subj=u:r:untrusted_app_25:s0:c512,c768 key=(null)
11-10 20:45:19.026  1016  1016 E audit   : type=1327 audit(1541904319.018:65187): proctitle="com.TeamNA.GiftGame"
11-10 20:45:19.128  1016  1016 E audit   : type=1400 audit(1541904319.118:65188): avc:  denied  { read } for  pid=22559 comm="Thread-2" name="stat" dev="proc" ino=4026532368 scontext=u:r:untrusted_app_25:s0:c512,c768 tcontext=u:object_r:proc_stat:s0 tclass=file permissive=0 SEPF_SM-G930V_8.0.0_0016 audit_filtered
11-10 20:45:19.128  1016  1016 E audit   : type=1300 audit(1541904319.118:65188): arch=40000028 syscall=322 per=8 success=no exit=-13 a0=ffffff9c a1=cb33cce8 a2=20000 a3=0 items=0 ppid=1058 pid=22559 auid=4294967295 uid=10544 gid=10544 euid=10544 suid=10544 fsuid=10544 egid=10544 sgid=10544 fsgid=10544 tty=(none) ses=4294967295 comm="Thread-2" exe="/system/bin/app_process32" subj=u:r:untrusted_app_25:s0:c512,c768 key=(null)
11-10 20:45:19.128  1016  1016 E audit   : type=1327 audit(1541904319.118:65188): proctitle="com.TeamNA.GiftGame"
11-10 20:45:19.154 22789 22789 I FirebaseInitProvider: FirebaseApp initialization unsuccessful
11-10 20:45:19.204  1936  3263 W StorageManager: getStorageLowBytes lowPercent : 5, lowBytes : 1225677414, maxLowBytes : 524288000
11-10 20:45:19.227  1016  1016 E audit   : type=1400 audit(1541904319.218:65189): avc:  denied  { read } for  pid=22559 comm="Thread-2" name="stat" dev="proc" ino=4026532368 scontext=u:r:untrusted_app_25:s0:c512,c768 tcontext=u:object_r:proc_stat:s0 tclass=file permissive=0 SEPF_SM-G930V_8.0.0_0016 audit_filtered
11-10 20:45:19.227  1016  1016 E audit   : type=1300 audit(1541904319.218:65189): arch=40000028 syscall=322 per=8 success=no exit=-13 a0=ffffff9c a1=cb33cce8 a2=20000 a3=0 items=0 ppid=1058 pid=22559 auid=4294967295 uid=10544 gid=10544 euid=10544 suid=10544 fsuid=10544 egid=10544 sgid=10544 fsgid=10544 tty=(none) ses=4294967295 comm="Thread-2" exe="/system/bin/app_process32" subj=u:r:untrusted_app_25:s0:c512,c768 key=(null)
11-10 20:45:19.227  1016  1016 E audit   : type=1327 audit(1541904319.218:65189): proctitle="com.TeamNA.GiftGame"
11-10 20:45:19.260  1936  3592 W StorageManager: getStorageLowBytes lowPercent : 5, lowBytes : 1225677414, maxLowBytes : 524288000
11-10 20:45:19.274  1936  3592 I chatty  : uid=1000(system) Binder:1936_10 identical 3 lines
11-10 20:45:19.276  1936  3592 W StorageManager: getStorageLowBytes lowPercent : 5, lowBytes : 1225677414, maxLowBytes : 524288000
11-10 20:45:19.325 22789 22789 D S HEALTH - SHealthApplication: [PERF] oncreate - start
11-10 20:45:19.338  1016  1016 E audit   : type=1400 audit(1541904319.328:65190): avc:  denied  { read } for  pid=22559 comm="Thread-2" name="stat" dev="proc" ino=4026532368 scontext=u:r:untrusted_app_25:s0:c512,c768 tcontext=u:object_r:proc_stat:s0 tclass=file permissive=0 SEPF_SM-G930V_8.0.0_0016 audit_filtered
11-10 20:45:19.338  1016  1016 E audit   : type=1300 audit(1541904319.328:65190): arch=40000028 syscall=322 per=8 success=no exit=-13 a0=ffffff9c a1=cb33cce8 a2=20000 a3=0 items=0 ppid=1058 pid=22559 auid=4294967295 uid=10544 gid=10544 euid=10544 suid=10544 fsuid=10544 egid=10544 sgid=10544 fsgid=10544 tty=(none) ses=4294967295 comm="Thread-2" exe="/system/bin/app_process32" subj=u:r:untrusted_app_25:s0:c512,c768 key=(null)
11-10 20:45:19.338  1016  1016 E audit   : type=1327 audit(1541904319.328:65190): proctitle="com.TeamNA.GiftGame"
11-10 20:45:19.356 22789 22789 I S HEALTH - OOBEManager: init state: NOT_NEEDED / main
11-10 20:45:19.432 22789 22789 D S HEALTH - SHealthApplication: FEATURE_SAMSUNG_ACCOUNT_CLIENT(onCreate) :  SyncService, HealthSyncService
11-10 20:45:19.447  1016  1016 E audit   : type=1400 audit(1541904319.438:65191): avc:  denied  { read } for  pid=22559 comm="Thread-2" name="stat" dev="proc" ino=4026532368 scontext=u:r:untrusted_app_25:s0:c512,c768 tcontext=u:object_r:proc_stat:s0 tclass=file permissive=0 SEPF_SM-G930V_8.0.0_0016 audit_filtered
11-10 20:45:19.447  1016  1016 E audit   : type=1300 audit(1541904319.438:65191): arch=40000028 syscall=322 per=8 success=no exit=-13 a0=ffffff9c a1=cb33cce8 a2=20000 a3=0 items=0 ppid=1058 pid=22559 auid=4294967295 uid=10544 gid=10544 euid=10544 suid=10544 fsuid=10544 egid=10544 sgid=10544 fsgid=10544 tty=(none) ses=4294967295 comm="Thread-2" exe="/system/bin/app_process32" subj=u:r:untrusted_app_25:s0:c512,c768 key=(null)
11-10 20:45:19.447  1016  1016 E audit   : type=1327 audit(1541904319.438:65191): proctitle="com.TeamNA.GiftGame"
11-10 20:45:19.597 22789 22789 D NetworkSecurityConfig: No Network Security Config specified, using platform default
11-10 20:45:20.053 22789 22827 D S HEALTH - RestrictionManager: callLaunchApi(), mState is NONE.
11-10 20:45:20.053 22789 22827 I S HEALTH - RestrictionManager: init state: NONE / main
11-10 20:45:20.058 22789 22827 I GAv4    : Google Analytics 10.2.98 is starting up. To enable debug logging on a device run:
11-10 20:45:20.058 22789 22827 I GAv4    :   adb shell setprop log.tag.GAv4 DEBUG
11-10 20:45:20.058 22789 22827 I GAv4    :   adb logcat -s GAv4
11-10 20:45:20.072 22789 22789 D S HEALTH - SHealthApplication: [PERF] oncreate - end
11-10 20:45:20.072  1936  2659 D SamsungAlarmManager: Cancel Alarm calling from uid:10037 pid :22789 / op:PendingIntent{4041cf7: PendingIntentRecord{49dc764 com.sec.android.app.shealth broadcastIntent}}
11-10 20:45:20.083 22789 22827 W GAv4    : int configuration name not recognized: ga_dispatchPeriod
11-10 20:45:20.083 22789 22789 D HealthDataStore: Service for HealthDataStore is connected
11-10 20:45:20.101 22789 22827 D SamsungAnalytics111040: newThread on Executor
11-10 20:45:20.101 22789 22827 D SamsungAnalytics111040: [Tracker] Tracker start:1.11.040
11-10 20:45:20.102 22789 22831 W GAv4    : AnalyticsReceiver is not registered or is disabled. Register the receiver for reliable dispatching on non-Google Play devices. See http://goo.gl/8Rd3yj for instructions.
11-10 20:45:20.107 22789 22789 D S HEALTH - HealthDataStoreManager: HealthDataStoreManager.onConnected (22789)
11-10 20:45:20.117 22789 22827 D HealthAnalytics: [HAnalytics] onCreate()
11-10 20:45:20.128  1016  1016 E audit   : type=1400 audit(1541904320.118:65197): avc:  denied  { read } for  pid=22559 comm="Thread-2" name="stat" dev="proc" ino=4026532368 scontext=u:r:untrusted_app_25:s0:c512,c768 tcontext=u:object_r:proc_stat:s0 tclass=file permissive=0 SEPF_SM-G930V_8.0.0_0016 audit_filtered
11-10 20:45:20.128  1016  1016 E audit   : type=1300 audit(1541904320.118:65197): arch=40000028 syscall=322 per=8 success=no exit=-13 a0=ffffff9c a1=cb33cce8 a2=20000 a3=0 items=0 ppid=1058 pid=22559 auid=4294967295 uid=10544 gid=10544 euid=10544 suid=10544 fsuid=10544 egid=10544 sgid=10544 fsgid=10544 tty=(none) ses=4294967295 comm="Thread-2" exe="/system/bin/app_process32" subj=u:r:untrusted_app_25:s0:c512,c768 key=(null)
11-10 20:45:20.128  1016  1016 E audit   : type=1327 audit(1541904320.118:65197): proctitle="com.TeamNA.GiftGame"
11-10 20:45:20.129 22789 22831 W GAv4    : CampaignTrackingReceiver is not registered, not exported or is disabled. Installation campaign tracking is not possible. See http://goo.gl/8Rd3yj for instructions.
11-10 20:45:20.140 22789 22827 D HealthAnalytics: [HAnalytics] setCoverage() : PRD
11-10 20:45:20.141 22789 22827 D HealthAnalytics: [HAnalytics] setReleaseMode() : user mode
11-10 20:45:20.150 22789 22827 D HealthAnalytics: [HAnalytics] setInformation(public), key : uid, value : *** release mode
11-10 20:45:20.155 22789 22827 E HealthAnalytics: [HAnalytics] checkMandatoryProperty(), property ordinal : 1 is mandatory, but key is empty.
11-10 20:45:20.155 22789 22827 D HealthAnalytics: [HAnalytics] checkMandatoryProperty(), result : false
11-10 20:45:20.155 22789 22827 D HealthAnalytics: [HAnalytics] setInformation(public), key : cc, value : *** release mode
11-10 20:45:20.155 22789 22827 E HealthAnalytics: [HAnalytics] checkMandatoryProperty(), property ordinal : 2 is mandatory, but key is empty.
11-10 20:45:20.155 22789 22827 D HealthAnalytics: [HAnalytics] checkMandatoryProperty(), result : false
11-10 20:45:20.155 22789 22827 D HealthAnalytics: [HAnalytics] setInformation(public), key : lc, value : *** release mode
11-10 20:45:20.155 22789 22827 E HealthAnalytics: [HAnalytics] checkMandatoryProperty(), property ordinal : 3 is mandatory, but key is empty.
11-10 20:45:20.155 22789 22827 D HealthAnalytics: [HAnalytics] checkMandatoryProperty(), result : false
11-10 20:45:20.155 22789 22827 D HealthAnalytics: [HAnalytics] setInformation(public), key : mid, value : *** release mode
11-10 20:45:20.155 22789 22827 E HealthAnalytics: [HAnalytics] checkMandatoryProperty(), property ordinal : 4 is mandatory, but key is empty.
11-10 20:45:20.155 22789 22827 D HealthAnalytics: [HAnalytics] checkMandatoryProperty(), result : false
11-10 20:45:20.155 22789 22827 D HealthAnalytics: [HAnalytics] setInformation(public), key : os, value : *** release mode
11-10 20:45:20.155 22789 22827 E HealthAnalytics: [HAnalytics] checkMandatoryProperty(), property ordinal : 5 is mandatory, but key is empty.
11-10 20:45:20.155 22789 22827 D HealthAnalytics: [HAnalytics] checkMandatoryProperty(), result : false
11-10 20:45:20.155 22789 22827 D HealthAnalytics: [HAnalytics] setInformation(public), key : osv, value : *** release mode
11-10 20:45:20.155 22789 22827 E HealthAnalytics: [HAnalytics] checkMandatoryProperty(), property ordinal : 6 is mandatory, but key is empty.
11-10 20:45:20.155 22789 22827 D HealthAnalytics: [HAnalytics] checkMandatoryProperty(), result : false
11-10 20:45:20.155 22789 22827 D HealthAnalytics: [HAnalytics] setInformation(public), key : fwvs, value : *** release mode
11-10 20:45:20.156 22789 22827 E HealthAnalytics: [HAnalytics] checkMandatoryProperty(), property ordinal : 7 is mandatory, but key is empty.
11-10 20:45:20.156 22789 22827 D HealthAnalytics: [HAnalytics] checkMandatoryProperty(), result : false
11-10 20:45:20.162 22789 22827 D HealthAnalytics: [HAnalytics] setInformation(public), key : appvs, value : *** release mode
11-10 20:45:20.162 22789 22827 D HealthAnalytics: [HAnalytics] checkMandatoryProperty(), result : true
11-10 20:45:20.175 22789 22831 W GAv4    : AnalyticsService not registered in the app manifest. Hits might not be delivered reliably. See http://goo.gl/8Rd3yj for instructions.
11-10 20:45:20.178 22789 22827 D HealthAnalytics: [HAnalytics] setInformation(public), key : mcc, value : *** release mode
11-10 20:45:20.178 22789 22827 D HealthAnalytics: [HAnalytics] checkMandatoryProperty(), result : true
11-10 20:45:20.180 22789 22827 D HealthAnalytics: [HAnalytics] setInformation(public), key : mnc, value : *** release mode
11-10 20:45:20.180 22789 22827 D HealthAnalytics: [HAnalytics] checkMandatoryProperty(), result : true
11-10 20:45:20.180 22789 22827 D HealthAnalytics: [HAnalytics] setInformation(public), key : ed, value : *** release mode
11-10 20:45:20.180 22789 22827 D HealthAnalytics: [HAnalytics] checkMandatoryProperty(), result : true
11-10 20:45:20.180 22789 22827 D HealthAnalytics: [HAnalytics] setInformation(public), key : sv, value : *** release mode
11-10 20:45:20.180 22789 22827 D HealthAnalytics: [HAnalytics] checkMandatoryProperty(), result : true
11-10 20:45:20.212  2920  2920 E adbd    : recv: OPEN 000088cf 00000000 000c:73 68 65 6C 6C 2C 76 32 3A 70 73 00 
11-10 20:45:20.212  2920  2920 E adbd    : service_to_fd: shell,v2:ps
11-10 20:45:20.238 22836 22836 E propClient: PropClient failed to load
11-10 20:45:20.240  1016  1016 E audit   : type=1400 audit(1541904320.228:65198): avc:  denied  { read } for  pid=22559 comm="Thread-2" name="stat" dev="proc" ino=4026532368 scontext=u:r:untrusted_app_25:s0:c512,c768 tcontext=u:object_r:proc_stat:s0 tclass=file permissive=0 SEPF_SM-G930V_8.0.0_0016 audit_filtered
11-10 20:45:20.240  1016  1016 E audit   : type=1300 audit(1541904320.228:65198): arch=40000028 syscall=322 per=8 success=no exit=-13 a0=ffffff9c a1=cb33cce8 a2=20000 a3=0 items=0 ppid=1058 pid=22559 auid=4294967295 uid=10544 gid=10544 euid=10544 suid=10544 fsuid=10544 egid=10544 sgid=10544 fsgid=10544 tty=(none) ses=4294967295 comm="Thread-2" exe="/system/bin/app_process32" subj=u:r:untrusted_app_25:s0:c512,c768 key=(null)
11-10 20:45:20.240  1016  1016 E audit   : type=1327 audit(1541904320.228:65198): proctitle="com.TeamNA.GiftGame"
11-10 20:45:20.251 22789 22789 D HealthConsole: Service for HealthDataConsole is connected
11-10 20:45:20.260 22836 22836 E propClient: PropClient failed to load
11-10 20:45:20.349  1016  1016 E audit   : type=1400 audit(1541904320.338:65199): avc:  denied  { read } for  pid=22559 comm="Thread-2" name="stat" dev="proc" ino=4026532368 scontext=u:r:untrusted_app_25:s0:c512,c768 tcontext=u:object_r:proc_stat:s0 tclass=file permissive=0 SEPF_SM-G930V_8.0.0_0016 audit_filtered
11-10 20:45:20.350  1016  1016 E audit   : type=1300 audit(1541904320.338:65199): arch=40000028 syscall=322 per=8 success=no exit=-13 a0=ffffff9c a1=cb33cce8 a2=20000 a3=0 items=0 ppid=1058 pid=22559 auid=4294967295 uid=10544 gid=10544 euid=10544 suid=10544 fsuid=10544 egid=10544 sgid=10544 fsgid=10544 tty=(none) ses=4294967295 comm="Thread-2" exe="/system/bin/app_process32" subj=u:r:untrusted_app_25:s0:c512,c768 key=(null)
11-10 20:45:20.350  1016  1016 E audit   : type=1327 audit(1541904320.338:65199): proctitle="com.TeamNA.GiftGame"
11-10 20:45:20.422 22789 22789 D HealthAnalytics: [HAnalytics] setInformation(public), key : gd, value : *** release mode
11-10 20:45:20.423 22789 22789 D HealthAnalytics: [HAnalytics] checkMandatoryProperty(), result : true
11-10 20:45:20.423 22789 22789 D HealthAnalytics: [HAnalytics] setInformation(public), key : by, value : *** release mode
11-10 20:45:20.423 22789 22789 D HealthAnalytics: [HAnalytics] checkMandatoryProperty(), result : true
11-10 20:45:20.450   730   918 I qti_sensors_hal: Activities REPORT index 1 number 1 total 18
11-10 20:45:20.450   730   918 W qti_sensors_hal: timestampCalc: Adjusting timestamp for rollover: 831128458650061, 590
11-10 20:45:20.451   730   918 D qti_sensors_hal: Activities 0.000000 ts 1464708169
11-10 20:45:20.452  1936  2429 D SensorHubManager: onGetSensorHubDataLocked: library(18) = 1, 1, 3, 0, 0, 0, 0, 0, 0, 0, 0, 0, 0, 0, 0, 0, 0, 0
11-10 20:45:20.454  1936  2430 D CAE     : onGetSensorHubData(SensorHubParserProvider.java:91) - onGetSensorHubData Event [event buffer len :18], AP_WAKEUP
11-10 20:45:20.454  1936  2430 I CAE     : parse(SensorHubParserProvider.java:192) - buffer size = 18
11-10 20:45:20.454  1936  2430 I CAE     : parse(SensorHubParserProvider.java:203) - 1, 1, 3, 0, 0, 0, 0, 0, 0, 0, 0, 0, 0, 0, 0, 0, 0, 0,
11-10 20:45:20.455  1936  2430 I CAE     : parse(PedometerRunner.java:357) - parse start:3
11-10 20:45:20.455  1936  2430 D CAE     : display(PedometerRunner.java:320) - ================= PEDOMETER =================
11-10 20:45:20.456  1936  2430 I CAE     : display(PedometerRunner.java:343) - C=[239.14000000000135], WF=[0.0], WUSCD=[0], UDSCD=[0], RSCD=[0], RUSCD=[0], WSC=[3731], RUSC=[0], DD=[0.0], WDSC=[122], RDSCD=[0], RDSC=[0], S=[0.0], WUSC=[82], D=[3446.32000000001], SS=[0], TSCD=[0], WDSCD=[0], RSC=[101], TSC=[4036], UDSC=[204], CD=[0.0], WSCD=[0]
11-10 20:45:20.456  1936  2430 I CAE     : parse(PedometerRunner.java:827) - parse end:18
11-10 20:45:20.456  1936  2435 D SemContext.CaeProvider.PedometerImpl: display() : mode = [Normal], tsc = [0], wsc = [0], rsc = [0]
11-10 20:45:20.456  1936  2435 D SemContextService: Service.updateContext() : service = Pedometer
11-10 20:45:20.457 30119 30119 D SemContextManager: [2] : 30093, 29024, 278
11-10 20:45:20.458 30119 30294 I Sensor[0x06]: [0x01] 2
11-10 20:45:20.459  1016  1016 E audit   : type=1400 audit(1541904320.448:65200): avc:  denied  { read } for  pid=22559 comm="Thread-2" name="stat" dev="proc" ino=4026532368 scontext=u:r:untrusted_app_25:s0:c512,c768 tcontext=u:object_r:proc_stat:s0 tclass=file permissive=0 SEPF_SM-G930V_8.0.0_0016 audit_filtered
11-10 20:45:20.460  1016  1016 E audit   : type=1300 audit(1541904320.448:65200): arch=40000028 syscall=322 per=8 success=no exit=-13 a0=ffffff9c a1=cb33cce8 a2=20000 a3=0 items=0 ppid=1058 pid=22559 auid=4294967295 uid=10544 gid=10544 euid=10544 suid=10544 fsuid=10544 egid=10544 sgid=10544 fsgid=10544 tty=(none) ses=4294967295 comm="Thread-2" exe="/system/bin/app_process32" subj=u:r:untrusted_app_25:s0:c512,c768 key=(null)
11-10 20:45:20.460  1016  1016 E audit   : type=1327 audit(1541904320.448:65200): proctitle="com.TeamNA.GiftGame"
11-10 20:45:20.571  1016  1016 E audit   : type=1400 audit(1541904320.558:65201): avc:  denied  { read } for  pid=22559 comm="Thread-2" name="stat" dev="proc" ino=4026532368 scontext=u:r:untrusted_app_25:s0:c512,c768 tcontext=u:object_r:proc_stat:s0 tclass=file permissive=0 SEPF_SM-G930V_8.0.0_0016 audit_filtered
11-10 20:45:20.571  1016  1016 E audit   : type=1300 audit(1541904320.558:65201): arch=40000028 syscall=322 per=8 success=no exit=-13 a0=ffffff9c a1=cb33cce8 a2=20000 a3=0 items=0 ppid=1058 pid=22559 auid=4294967295 uid=10544 gid=10544 euid=10544 suid=10544 fsuid=10544 egid=10544 sgid=10544 fsgid=10544 tty=(none) ses=4294967295 comm="Thread-2" exe="/system/bin/app_process32" subj=u:r:untrusted_app_25:s0:c512,c768 key=(null)
11-10 20:45:20.571  1016  1016 E audit   : type=1327 audit(1541904320.558:65201): proctitle="com.TeamNA.GiftGame"
11-10 20:45:21.145  1936  2421 D SamsungAlarmManager: Expired : 4
11-10 20:45:21.146  1936  2421 D SamsungAlarmManager: setInexact Intent (T:3/F:0/AC:false) 20181110T204654 - CU:1000/CP:1936
11-10 20:45:21.146  1936  2421 I SamsungAlarmManager: setLocked to kernel - T:2 / 20181110T205201, SetElapsed=831529774, nowELAPSED=831129156
11-10 20:45:21.146  1936  2421 I SamsungAlarmManager: setLocked to kernel - T:3 / 20181110T204522, SetElapsed=831130855, nowELAPSED=831129156
11-10 20:45:21.147  1936  2421 D SamsungAlarmManager: setInexact Intent (T:1/F:0/AC:false) 20181110T204643 - CU:1000/CP:1936
11-10 20:45:21.148  1936  2421 D SamsungAlarmManager: setInexact Intent (T:2/F:0/AC:false) 20181110T205447 - CU:1000/CP:1936
11-10 20:45:21.148  1936  2421 V SamsungAlarmManager: Sending to uid : 10016 action=com.google.android.gms.gcm.ACTION_CHECK_QUEUE alarm=Alarm{f21f5d0 type 2 when 831059280 com.google.android.gms}
11-10 20:45:21.150  1936  2421 V SamsungAlarmManager: Sending to uid : 10016 action=com.google.android.location.reporting.collectors.ULR_BAROMETER_READ_ALARM alarm=Alarm{44908ce type 1 when 1541904283748 com.google.android.gms}
11-10 20:45:21.153  1936  2421 V SamsungAlarmManager: Sending to uid : 10016 action=com.google.android.location.reporting.collectors.ble.ULR_BLE_SCAN_ALARM alarm=Alarm{11bb3ef type 2 when 831095596 com.google.android.gms}
11-10 20:45:21.154  1936  2421 V SamsungAlarmManager: Sending to uid : 10016 action=null alarm=Alarm{3789efc type 3 when 831129155 com.google.android.gms}
11-10 20:45:21.154  1936  2421 V SamsungAlarmManager: Sending to uid : 10037 action=com.samsung.android.app.shealth.tracker.pedometer.PedometerService.HBA alarm=Alarm{db4a985 type 3 when 831042375 com.sec.android.app.shealth}
11-10 20:45:21.166 30119 30119 I PedometerService: onStartCommand  true, true, false
11-10 20:45:21.167  1936  2659 D SemContext.CaeProvider.SensorStatusCheckImpl: requestToUpdate SensorHub Reset Cnt : 0
11-10 20:45:21.167  1936  2659 D SemContext.CaeProvider.SensorStatusCheckImpl: SensorHub Reset Cnt : 0
11-10 20:45:21.167  1936  2659 D SemContext.CaeProvider.SensorStatusCheckImpl: LastEventMap sensorHubEvent TimeStamp address : 0 - 0
11-10 20:45:21.167  1936  2659 D SemContext.CaeProvider.SensorStatusCheckImpl: LastEventMap sensorHubEvent TimeStamp address : 1 - 0
11-10 20:45:21.167  1936  2421 V SamsungAlarmManager: Sending to uid : 10066 action=com.samsung.action.EVERY_MINUTE_CLOCK_UPDATE alarm=Alarm{370e3da type 1 when 1541904300000 com.sec.android.app.launcher}
11-10 20:45:21.167  1936  2659 D SemContext.CaeProvider.SensorStatusCheckImpl: LastEventMap sensorHubEvent TimeStamp address : 2 - 0
11-10 20:45:21.167  1936  2659 D SemContext.CaeProvider.SensorStatusCheckImpl: LastEventMap sensorHubEvent TimeStamp address : 3 - 0
11-10 20:45:21.167  1936  2659 D SemContext.CaeProvider.SensorStatusCheckImpl: LastEventMap sensorHubEvent TimeStamp address : 4 - 0
11-10 20:45:21.167  1936  2659 D SemContext.CaeProvider.SensorStatusCheckImpl: LastEventMap sensorHubEvent TimeStamp address : 5 - 0
11-10 20:45:21.167  1936  2659 D SemContext.CaeProvider.SensorStatusCheckImpl: LastEventMap sensorHubEvent TimeStamp address : 6 - 0
11-10 20:45:21.167  1936  2659 D SemContext.CaeProvider.SensorStatusCheckImpl: LastEventMap sensorHubEvent TimeStamp address : 7 - 0
11-10 20:45:21.167  1936  2659 D SemContext.CaeProvider.SensorStatusCheckImpl: LastEventMap sensorHubEvent TimeStamp address : 8 - 0
11-10 20:45:21.167  1936  2659 D SemContext.CaeProvider.SensorStatusCheckImpl: LastEventMap sensorHubEvent TimeStamp address : 9 - 0
11-10 20:45:21.168  1936  2659 D SemContextService: Service.updateContext() : service = Sensor Status Check
11-10 20:45:21.168  1936  2659 D SemContext.CaeProvider.SensorStatusCheckImpl: initialize Last Event!!
11-10 20:45:21.168  1936  2659 D SemContextService:     .requestToUpdate() : service = Sensor Status Check
11-10 20:45:21.169 30119 30119 D SemContextManager:   .requestToUpdate : listener = com.samsung.android.app.shealth.tracker.pedometer.service.wrapper.ActivitySensorDelegator$SemContextListenerWrapper@a11fb6b, service=Sensor Status Check
11-10 20:45:21.170  1936  2659 D ConnectivityService: filterNetworkStateForUid() uid: 10016 networkInfo: [type: WIFI[] - WIFI, state: CONNECTED/CONNECTED, reason: (unspecified), extra: "AsimovWasRight", failover: false, available: true, roaming: false, metered: false]
11-10 20:45:21.172  1936  2659 D ConnectivityService: filterNetworkStateForUid() uid: 10016 networkInfo: [type: WIFI[] - WIFI, state: CONNECTED/CONNECTED, reason: (unspecified), extra: "AsimovWasRight", failover: false, available: true, roaming: false, metered: false]
11-10 20:45:21.177  1936  2421 V SamsungAlarmManager: Sending to uid : 1001 action=com.android.internal.telephony.data-stall alarm=Alarm{a2eaee8 type 3 when 831129044 com.android.phone}
11-10 20:45:21.179  1936  2659 I SensorService: createSensorEventConnection package name com.google.android.location.reporting.collectors.BarometerReporter$BarometerWatcher
11-10 20:45:21.185  1936  2659 D SensorService: Calling batch handle==9 flags=0 rate=38461000 timeout== 0
11-10 20:45:21.189   730  2392 I qti_sensors_hal: batch:sensor(android.sensor.pressure) handle:4 flags:0x0 period_ns 38461000
11-10 20:45:21.189   730  2392 I qti_sensors_hal: batch: current sample rate, report rate & buffering are equal to requested (26.000000,0.000000,0)
11-10 20:45:21.195   730  2392 I qti_sensors_hal: read_pressure_cal cal data - 260
11-10 20:45:21.195   730  2392 I qti_sensors_hal: enable: pressure_cal = 2.600000
11-10 20:45:21.195   730  2392 I qti_sensors_hal: SMGRReportAdd:sensor(android.sensor.pressure) handle=4, sample_rate=26.000000 report_rate=0 buffer=0
11-10 20:45:21.197  3067  3067 D SensorManager: registerListener :: 9, BMP280 Barometer, 0, 0,  
11-10 20:45:21.200  1936  2659 D SamsungAlarmManager: Cancel Alarm calling from uid:10016 pid :3067 / op:PendingIntent{50963a6: PendingIntentRecord{cfcdc33 com.google.android.gms broadcastIntent}}
11-10 20:45:21.234  1016  1016 E audit   : type=1400 audit(1541904321.218:65207): avc:  denied  { read } for  pid=22559 comm="Thread-2" name="stat" dev="proc" ino=4026532368 scontext=u:r:untrusted_app_25:s0:c512,c768 tcontext=u:object_r:proc_stat:s0 tclass=file permissive=0 SEPF_SM-G930V_8.0.0_0016 audit_filtered
11-10 20:45:21.234  1016  1016 E audit   : type=1300 audit(1541904321.218:65207): arch=40000028 syscall=322 per=8 success=no exit=-13 a0=ffffff9c a1=cb33cce8 a2=20000 a3=0 items=0 ppid=1058 pid=22559 auid=4294967295 uid=10544 gid=10544 euid=10544 suid=10544 fsuid=10544 egid=10544 sgid=10544 fsgid=10544 tty=(none) ses=4294967295 comm="Thread-2" exe="/system/bin/app_process32" subj=u:r:untrusted_app_25:s0:c512,c768 key=(null)
11-10 20:45:21.234  1016  1016 E audit   : type=1327 audit(1541904321.218:65207): proctitle="com.TeamNA.GiftGame"
11-10 20:45:21.234  1936  2659 D SamsungAlarmManager: setInexact Intent (T:2/F:0/AC:false) 20181110T204825 - CU:10016/CP:3067
11-10 20:45:21.234  1936  2659 I SamsungAlarmManager: setLocked to kernel - T:2 / 20181110T204825, SetElapsed=831313596, nowELAPSED=831129244
11-10 20:45:21.246  3067 19884 I GCoreUlr: Starting BLE scan: mode: 2
11-10 20:45:21.247  3067  3067 I BeaconBle: Client requested scan, settings=BleSettings [scanMode=LOW_LATENCY, callbackType=ALL_MATCHES, reportDelayMillis=0, 2 filters, 0 clients, callingClientName=ULR]
11-10 20:45:21.256   730   867 I qti_sensors_hal: processReportInd: Pressure - 953.396
11-10 20:45:21.310  3067  3067 I BeaconBle: 'L' hardware scan: 2 filters, scanMode=2, reportdelay=0, callback type=1, #clients=1, workSource=WorkSource{}
11-10 20:45:21.313  3067  3067 I BeaconBle: Starting scan on OS scanner. BT state: 15
11-10 20:45:21.330  3067  3067 D BluetoothAdapter: STATE_BLE_ON
11-10 20:45:21.333  3067  3067 D BluetoothAdapter: appoCount is = 1
11-10 20:45:21.339  1016  1016 E audit   : type=1400 audit(1541904321.328:65208): avc:  denied  { read } for  pid=22559 comm="Thread-2" name="stat" dev="proc" ino=4026532368 scontext=u:r:untrusted_app_25:s0:c512,c768 tcontext=u:object_r:proc_stat:s0 tclass=file permissive=0 SEPF_SM-G930V_8.0.0_0016 audit_filtered
11-10 20:45:21.339  1016  1016 E audit   : type=1300 audit(1541904321.328:65208): arch=40000028 syscall=322 per=8 success=no exit=-13 a0=ffffff9c a1=cb33cce8 a2=20000 a3=0 items=0 ppid=1058 pid=22559 auid=4294967295 uid=10544 gid=10544 euid=10544 suid=10544 fsuid=10544 egid=10544 sgid=10544 fsgid=10544 tty=(none) ses=4294967295 comm="Thread-2" exe="/system/bin/app_process32" subj=u:r:untrusted_app_25:s0:c512,c768 key=(null)
11-10 20:45:21.339  1016  1016 E audit   : type=1327 audit(1541904321.328:65208): proctitle="com.TeamNA.GiftGame"
11-10 20:45:21.342  3067  3067 D BluetoothAdapter: STATE_BLE_ON
11-10 20:45:21.344  3067  3067 I chatty  : uid=10016(u0_a16) com.google.android.gms.persistent identical 1 line
11-10 20:45:21.345  3067  3067 D BluetoothAdapter: STATE_BLE_ON
11-10 20:45:21.345  3067  3067 D BluetoothAdapter: appoCount is = 1
11-10 20:45:21.349  3067  3067 D BluetoothLeScanner: Start Scan with callback
11-10 20:45:21.363  3067 18053 D BluetoothLeScanner: onScannerRegistered() - status=0 scannerId=4 mScannerId=0
11-10 20:45:21.364  5089  5118 D BluetoothAdapter: STATE_BLE_ON
11-10 20:45:21.365  5089  5118 D BluetoothAdapter: appoCount is = 1
11-10 20:45:21.372  5089  5260 D BluetoothAdapter: STATE_BLE_ON
11-10 20:45:21.373  1936  4617 D SensorService: Calling activate off 9
11-10 20:45:21.373  5089  5260 D BluetoothAdapter: STATE_BLE_ON
11-10 20:45:21.373   730   867 I qti_sensors_hal: processReportInd: Pressure - 953.396
11-10 20:45:21.374  5089  5260 D BluetoothAdapter: appoCount is = 1
11-10 20:45:21.374  5089  5263 E BtGatt.GattService: [GSIM LOG]: gsimLogHandler, msg: MESSAGE_SCAN_START, appName: com.google.uid.shared, scannerId: 4, reportDelayMillis=0
11-10 20:45:21.375  3067  3067 D SensorManager: unregisterListener ::   
11-10 20:45:21.375  5089  5260 D BluetoothAdapter: STATE_BLE_ON
11-10 20:45:21.375  5089  5260 D BluetoothAdapter: STATE_BLE_ON
11-10 20:45:21.377  5089  5260 D BluetoothAdapter: appoCount is = 1
11-10 20:45:21.378  5089  5260 D BluetoothAdapter: STATE_BLE_ON
11-10 20:45:21.380  5089  5260 D BluetoothAdapter: STATE_BLE_ON
11-10 20:45:21.381  5089  5260 D BluetoothAdapter: appoCount is = 1
11-10 20:45:21.413  3900  3900 I Launcher: onReceive: com.samsung.action.EVERY_MINUTE_CLOCK_UPDATE
11-10 20:45:21.420  5089  5260 D BtGatt.ScanManager: configureFilterParamter() : onFoundTimeout | onLostTimeout | onFoundCount | numOfTrackingEntries | scanFilterRssiThreshold | trackableScanFilterRssiThreshold | matchMode
11-10 20:45:21.420  5089  5260 D BtGatt.ScanManager: configureFilterParamter() : __________500__|________10000__|___________1__|___________________0__|___________________-128__|____________________________-128__|________1_
11-10 20:45:21.431  1936  4617 D SamsungAlarmManager: setInexact Intent (T:1/F:0/AC:false) 20181110T204600 - CU:10066/CP:3900
11-10 20:45:21.436  5089  5260 D BtGatt.ScanManager: configureFilterParamter() : onFoundTimeout | onLostTimeout | onFoundCount | numOfTrackingEntries | scanFilterRssiThreshold | trackableScanFilterRssiThreshold | matchMode
11-10 20:45:21.436  5089  5260 D BtGatt.ScanManager: configureFilterParamter() : __________500__|________10000__|___________1__|___________________0__|___________________-128__|____________________________-128__|________1_
11-10 20:45:21.442  5089  5260 D BluetoothAdapter: STATE_BLE_ON
11-10 20:45:21.442  5089  5321 W bt_btm  : btm_ble_enable_resolving_list() rl_state = 0x19, rl_mask = 0x2
11-10 20:45:21.444  5089  5260 D BluetoothAdapter: STATE_BLE_ON
11-10 20:45:21.450  1016  1016 E audit   : type=1400 audit(1541904321.438:65209): avc:  denied  { read } for  pid=22559 comm="Thread-2" name="stat" dev="proc" ino=4026532368 scontext=u:r:untrusted_app_25:s0:c512,c768 tcontext=u:object_r:proc_stat:s0 tclass=file permissive=0 SEPF_SM-G930V_8.0.0_0016 audit_filtered
11-10 20:45:21.450  1016  1016 E audit   : type=1300 audit(1541904321.438:65209): arch=40000028 syscall=322 per=8 success=no exit=-13 a0=ffffff9c a1=cb33cce8 a2=20000 a3=0 items=0 ppid=1058 pid=22559 auid=4294967295 uid=10544 gid=10544 euid=10544 suid=10544 fsuid=10544 egid=10544 sgid=10544 fsgid=10544 tty=(none) ses=4294967295 comm="Thread-2" exe="/system/bin/app_process32" subj=u:r:untrusted_app_25:s0:c512,c768 key=(null)
11-10 20:45:21.450  1016  1016 E audit   : type=1327 audit(1541904321.438:65209): proctitle="com.TeamNA.GiftGame"
11-10 20:45:21.458  5089  5260 D BluetoothAdapter: appoCount is = 1
11-10 20:45:21.459  5089  5260 D BluetoothAdapter: STATE_BLE_ON
11-10 20:45:21.461  5089  5260 D BluetoothAdapter: STATE_BLE_ON
11-10 20:45:21.462  5089  5260 D BluetoothAdapter: appoCount is = 1
11-10 20:45:21.463  5089  5260 D BtGatt.ScanManager: configureRegularScanParams() scan param set to 8000 / 8000 (units)
11-10 20:45:21.463  5089  5321 W bt_btm  : btm_ble_disable_resolving_list() rl_state = 0x1b, rl_mask = 0x2, to_resume = 1
11-10 20:45:21.463  5089  5321 W bt_btm  : btm_ble_enable_resolving_list() rl_state = 0x19, rl_mask = 0x2
11-10 20:45:21.473  3067  4111 E rs$DefaultThreadFactory: ===== Detect pool-thread leak =====
11-10 20:45:21.474  3067  4111 E rs$DefaultThreadFactory: dalvik.system.VMStack.getThreadStackTrace(Native Method)
11-10 20:45:21.474  3067  4111 E rs$DefaultThreadFactory: java.lang.Thread.getStackTrace(Thread.java:1536)
11-10 20:45:21.474  3067  4111 E rs$DefaultThreadFactory: java.util.concurrent.Executors$DefaultThreadFactory.newThread(Executors.java:568)
11-10 20:45:21.475  3067  3945 E rs$DefaultThreadFactory: ===== Detect pool-thread leak =====
11-10 20:45:21.475  3067  3945 E rs$DefaultThreadFactory: dalvik.system.VMStack.getThreadStackTrace(Native Method)
11-10 20:45:21.475  3067  3945 E rs$DefaultThreadFactory: java.lang.Thread.getStackTrace(Thread.java:1536)
11-10 20:45:21.475  3067  3945 E rs$DefaultThreadFactory: java.util.concurrent.Executors$DefaultThreadFactory.newThread(Executors.java:568)
11-10 20:45:21.475  3067  3945 E rs$DefaultThreadFactory: qpt.newThread(Unknown Source:9)
11-10 20:45:21.475  3067  3945 E rs$DefaultThreadFactory: java.util.concurrent.ThreadPoolExecutor$Worker.<init>(ThreadPoolExecutor.java:631)
11-10 20:45:21.475  3067  3945 E rs$DefaultThreadFactory: java.util.concurrent.ThreadPoolExecutor.addWorker(ThreadPoolExecutor.java:945)
11-10 20:45:21.475  3067  3945 E rs$DefaultThreadFactory: java.util.concurrent.ThreadPoolExecutor.execute(ThreadPoolExecutor.java:1388)
11-10 20:45:21.475  3067  3945 E rs$DefaultThreadFactory: qjs.execute(:com.google.android.gms@14366019@14.3.66 (040400-213742215):11)
11-10 20:45:21.475  3067  4111 E rs$DefaultThreadFactory: qpt.newThread(Unknown Source:9)
11-10 20:45:21.475  3067  4111 E rs$DefaultThreadFactory: java.util.concurrent.ThreadPoolExecutor$Worker.<init>(ThreadPoolExecutor.java:631)
11-10 20:45:21.475  3067  4111 E rs$DefaultThreadFactory: java.util.concurrent.ThreadPoolExecutor.addWorker(ThreadPoolExecutor.java:945)
11-10 20:45:21.475  3067  4111 E rs$DefaultThreadFactory: java.util.concurrent.ThreadPoolExecutor.execute(ThreadPoolExecutor.java:1388)
11-10 20:45:21.475  3067  4111 E rs$DefaultThreadFactory: qjs.execute(:com.google.android.gms@14366019@14.3.66 (040400-213742215):11)
11-10 20:45:21.475  3067  4111 E rs$DefaultThreadFactory: pve.a(:com.google.android.gms@14366019@14.3.66 (040400-213742215):2)
11-10 20:45:21.475  3067  4111 E rs$DefaultThreadFactory: ptn.a(:com.google.android.gms@14366019@14.3.66 (040400-213742215):27)
11-10 20:45:21.475  3067  4111 E rs$DefaultThreadFactory: ptv.a(:com.google.android.gms@14366019@14.3.66 (040400-213742215):102)
11-10 20:45:21.476  3067  3945 E rs$DefaultThreadFactory: pve.a(:com.google.android.gms@14366019@14.3.66 (040400-213742215):2)
11-10 20:45:21.476  3067  3945 E rs$DefaultThreadFactory: ptn.a(:com.google.android.gms@14366019@14.3.66 (040400-213742215):27)
11-10 20:45:21.476  3067  3945 E rs$DefaultThreadFactory: ptv.a(:com.google.android.gms@14366019@14.3.66 (040400-213742215):102)
11-10 20:45:21.476  3067  3945 E rs$DefaultThreadFactory: phc.a(:com.google.android.gms@14366019@14.3.66 (040400-213742215):10)
11-10 20:45:21.476  3067  3945 E rs$DefaultThreadFactory: phg.run(:com.google.android.gms@14366019@14.3.66 (040400-213742215):8)
11-10 20:45:21.476  3067  3945 E rs$DefaultThreadFactory: java.util.concurrent.Executors$RunnableAdapter.call(Executors.java:458)
11-10 20:45:21.476  3067  3945 E rs$DefaultThreadFactory: java.util.concurrent.FutureTask.run(FutureTask.java:266)
11-10 20:45:21.476  3067  3945 E rs$DefaultThreadFactory: java.util.concurrent.ThreadPoolExecutor.runWorker(ThreadPoolExecutor.java:1162)
11-10 20:45:21.476  3067  3945 E rs$DefaultThreadFactory: java.util.concurrent.ThreadPoolExecutor$Worker.run(ThreadPoolExecutor.java:636)
11-10 20:45:21.476  3067  3945 E rs$DefaultThreadFactory: qpu.run(Unknown Source:7)
11-10 20:45:21.476  3067  4111 E rs$DefaultThreadFactory: phc.a(:com.google.android.gms@14366019@14.3.66 (040400-213742215):10)
11-10 20:45:21.476  3067  3945 E rs$DefaultThreadFactory: java.lang.Thread.run(Thread.java:764)
11-10 20:45:21.476  3067  4111 E rs$DefaultThreadFactory: phg.run(:com.google.android.gms@14366019@14.3.66 (040400-213742215):8)
11-10 20:45:21.476  3067  4111 E rs$DefaultThreadFactory: java.util.concurrent.Executors$RunnableAdapter.call(Executors.java:458)
11-10 20:45:21.476  3067  4111 E rs$DefaultThreadFactory: java.util.concurrent.FutureTask.run(FutureTask.java:266)
11-10 20:45:21.476  3067  4111 E rs$DefaultThreadFactory: java.util.concurrent.ThreadPoolExecutor.runWorker(ThreadPoolExecutor.java:1162)
11-10 20:45:21.476  3067  4111 E rs$DefaultThreadFactory: java.util.concurrent.ThreadPoolExecutor$Worker.run(ThreadPoolExecutor.java:636)
11-10 20:45:21.476  3067  4111 E rs$DefaultThreadFactory: qpu.run(Unknown Source:7)
11-10 20:45:21.476  3067  4111 E rs$DefaultThreadFactory: java.lang.Thread.run(Thread.java:764)
11-10 20:45:21.479  1936  4617 D SamsungAlarmManager: setInexact Intent (T:3/F:8/AC:false) 20181110T204621 - CU:1001/CP:3196
11-10 20:45:21.507  3067  3945 E rs$DefaultThreadFactory: ===== Detect pool-thread leak =====
11-10 20:45:21.508  3067  3945 E rs$DefaultThreadFactory: dalvik.system.VMStack.getThreadStackTrace(Native Method)
11-10 20:45:21.508  3067  3945 E rs$DefaultThreadFactory: java.lang.Thread.getStackTrace(Thread.java:1536)
