11-10 20:45:06.978 22559 22606 D UE4     : [2018.11.11-02.45.06:977][  0]LogRHI:   GL_EXT_sRGB
11-10 20:45:06.978 22559 22606 D UE4     : [2018.11.11-02.45.06:978][  0]LogRHI:   GL_OES_texture_float
11-10 20:45:06.978 22559 22606 D UE4     : [2018.11.11-02.45.06:978][  0]LogRHI:   GL_OES_texture_float_linear
11-10 20:45:06.978 22559 22606 D UE4     : [2018.11.11-02.45.06:978][  0]LogRHI:   GL_OES_texture_half_float
11-10 20:45:06.978 22559 22606 D UE4     : [2018.11.11-02.45.06:978][  0]LogRHI:   GL_OES_texture_half_float_linear
11-10 20:45:06.978 22559 22606 D UE4     : [2018.11.11-02.45.06:978][  0]LogRHI:   GL_EXT_texture_type_2_10_10_10_REV
11-10 20:45:06.978 22559 22606 D UE4     : [2018.11.11-02.45.06:978][  0]LogRHI:   GL_EXT_texture_sRGB_decode
11-10 20:45:06.978 22559 22606 D UE4     : [2018.11.11-02.45.06:978][  0]LogRHI:   GL_OES_element_index_uint
11-10 20:45:06.978 22559 22606 D UE4     : [2018.11.11-02.45.06:978][  0]LogRHI:   GL_EXT_copy_image
11-10 20:45:06.978 22559 22606 D UE4     : [2018.11.11-02.45.06:978][  0]LogRHI:   GL_EXT_geometry_shader
11-10 20:45:06.978 22559 22606 D UE4     : [2018.11.11-02.45.06:978][  0]LogRHI:   GL_EXT_tessellation_shader
11-10 20:45:06.979 22559 22606 D UE4     : [2018.11.11-02.45.06:979][  0]LogRHI:   GL_OES_texture_stencil8
11-10 20:45:06.979 22559 22606 D UE4     : [2018.11.11-02.45.06:979][  0]LogRHI:   GL_EXT_shader_io_blocks
11-10 20:45:06.979 22559 22606 D UE4     : [2018.11.11-02.45.06:979][  0]LogRHI:   GL_OES_shader_image_atomic
11-10 20:45:06.979 22559 22606 D UE4     : [2018.11.11-02.45.06:979][  0]LogRHI:   GL_OES_sample_variables
11-10 20:45:06.979 22559 22606 D UE4     : [2018.11.11-02.45.06:979][  0]LogRHI:   GL_EXT_texture_border_clamp
11-10 20:45:06.979 22559 22606 D UE4     : [2018.11.11-02.45.06:979][  0]LogRHI:   GL_EXT_multisampled_render_to_texture
11-10 20:45:06.979 22559 22606 D UE4     : [2018.11.11-02.45.06:979][  0]LogRHI:   GL_EXT_multisampled_render_to_texture2
11-10 20:45:06.979 22559 22606 D UE4     : [2018.11.11-02.45.06:979][  0]LogRHI:   GL_OES_shader_multisample_interpolation
11-10 20:45:06.979 22559 22606 D UE4     : [2018.11.11-02.45.06:979][  0]LogRHI:   GL_EXT_texture_cube_map_array
11-10 20:45:06.979 22559 22606 D UE4     : [2018.11.11-02.45.06:979][  0]LogRHI:   GL_EXT_draw_buffers_indexed
11-10 20:45:06.980 22559 22606 D UE4     : [2018.11.11-02.45.06:980][  0]LogRHI:   GL_EXT_gpu_shader5
11-10 20:45:06.980 22559 22606 D UE4     : [2018.11.11-02.45.06:980][  0]LogRHI:   GL_EXT_robustness
11-10 20:45:06.980 22559 22606 D UE4     : [2018.11.11-02.45.06:980][  0]LogRHI:   GL_EXT_texture_buffer
11-10 20:45:06.980 22559 22606 D UE4     : [2018.11.11-02.45.06:980][  0]LogRHI:   GL_EXT_shader_framebuffer_fetch
11-10 20:45:06.980 22559 22606 D UE4     : [2018.11.11-02.45.06:980][  0]LogRHI:   GL_ARM_shader_framebuffer_fetch_depth_stencil
11-10 20:45:06.980 22559 22606 D UE4     : [2018.11.11-02.45.06:980][  0]LogRHI:   GL_OES_texture_storage_multisample_2d_array
11-10 20:45:06.980 22559 22606 D UE4     : [2018.11.11-02.45.06:980][  0]LogRHI:   GL_OES_sample_shading
11-10 20:45:06.980 22559 22606 D UE4     : [2018.11.11-02.45.06:980][  0]LogRHI:   GL_OES_get_program_binary
11-10 20:45:06.980 22559 22606 D UE4     : [2018.11.11-02.45.06:980][  0]LogRHI:   GL_EXT_debug_label
11-10 20:45:06.980 22559 22606 D UE4     : [2018.11.11-02.45.06:980][  0]LogRHI:   GL_KHR_blend_equation_advanced
11-10 20:45:06.981 22559 22606 D UE4     : [2018.11.11-02.45.06:981][  0]LogRHI:   GL_KHR_blend_equation_advanced_coherent
11-10 20:45:06.981 22559 22606 D UE4     : [2018.11.11-02.45.06:981][  0]LogRHI:   GL_QCOM_tiled_rendering
11-10 20:45:06.981 22559 22606 D UE4     : [2018.11.11-02.45.06:981][  0]LogRHI:   GL_ANDROID_extension_pack_es31a
11-10 20:45:06.981 22559 22606 D UE4     : [2018.11.11-02.45.06:981][  0]LogRHI:   GL_EXT_primitive_bounding_box
11-10 20:45:06.981 22559 22606 D UE4     : [2018.11.11-02.45.06:981][  0]LogRHI:   GL_OES_standard_derivatives
11-10 20:45:06.981 22559 22606 D UE4     : [2018.11.11-02.45.06:981][  0]LogRHI:   GL_OES_vertex_array_object
11-10 20:45:06.981 22559 22606 D UE4     : [2018.11.11-02.45.06:981][  0]LogRHI:   GL_EXT_disjoint_timer_query
11-10 20:45:06.981 22559 22606 D UE4     : [2018.11.11-02.45.06:981][  0]LogRHI:   GL_KHR_debug
11-10 20:45:06.981 22559 22606 D UE4     : [2018.11.11-02.45.06:981][  0]LogRHI:   GL_EXT_YUV_target
11-10 20:45:06.981 22559 22606 D UE4     : [2018.11.11-02.45.06:981][  0]LogRHI:   GL_EXT_sRGB_write_control
11-10 20:45:06.982 22559 22606 D UE4     : [2018.11.11-02.45.06:981][  0]LogRHI:   GL_EXT_texture_norm16
11-10 20:45:06.982 22559 22606 D UE4     : [2018.11.11-02.45.06:982][  0]LogRHI:   GL_EXT_discard_framebuffer
11-10 20:45:06.982 22559 22606 D UE4     : [2018.11.11-02.45.06:982][  0]LogRHI:   GL_OES_surfaceless_context
11-10 20:45:06.982 22559 22606 D UE4     : [2018.11.11-02.45.06:982][  0]LogRHI:   GL_OVR_multiview
11-10 20:45:06.982 22559 22606 D UE4     : [2018.11.11-02.45.06:982][  0]LogRHI:   GL_OVR_multiview2
11-10 20:45:06.982 22559 22606 D UE4     : [2018.11.11-02.45.06:982][  0]LogRHI:   GL_EXT_texture_sRGB_R8
11-10 20:45:06.982 22559 22606 D UE4     : [2018.11.11-02.45.06:982][  0]LogRHI:   GL_KHR_no_error
11-10 20:45:06.982 22559 22606 D UE4     : [2018.11.11-02.45.06:982][  0]LogRHI:   GL_EXT_debug_marker
11-10 20:45:06.982 22559 22606 D UE4     : [2018.11.11-02.45.06:982][  0]LogRHI:   GL_OES_EGL_image_external_essl3
11-10 20:45:06.982 22559 22606 D UE4     : [2018.11.11-02.45.06:982][  0]LogRHI:   GL_OVR_multiview_multisampled_render_to_texture
11-10 20:45:06.982 22559 22606 D UE4     : [2018.11.11-02.45.06:982][  0]LogRHI:   GL_EXT_buffer_storage
11-10 20:45:06.983 22559 22606 D UE4     : [2018.11.11-02.45.06:983][  0]LogRHI:   GL_EXT_external_buffer
11-10 20:45:06.983 22559 22606 D UE4     : [2018.11.11-02.45.06:983][  0]LogRHI:   GL_EXT_blit_framebuffer_params
11-10 20:45:06.983 22559 22606 D UE4     : [2018.11.11-02.45.06:983][  0]LogRHI:   GL_EXT_clip_cull_distance
11-10 20:45:06.983 22559 22606 D UE4     : [2018.11.11-02.45.06:983][  0]LogRHI:   GL_EXT_protected_textures
11-10 20:45:06.983 22559 22606 D UE4     : [2018.11.11-02.45.06:983][  0]LogRHI:   GL_EXT_shader_non_constant_global_initializers
11-10 20:45:06.983 22559 22606 D UE4     : [2018.11.11-02.45.06:983][  0]LogRHI:   GL_QCOM_texture_foveated
11-10 20:45:06.983 22559 22606 D UE4     : [2018.11.11-02.45.06:983][  0]LogRHI:   GL_QCOM_shader_framebuffer_fetch_noncoherent
11-10 20:45:06.983 22559 22606 D UE4     : [2018.11.11-02.45.06:983][  0]LogRHI:   GL_EXT_memory_object
11-10 20:45:06.983 22559 22606 D UE4     : [2018.11.11-02.45.06:983][  0]LogRHI:   GL_EXT_memory_object_fd
11-10 20:45:06.983 22559 22606 D UE4     : [2018.11.11-02.45.06:983][  0]LogRHI:   GL_EXT_EGL_image_array
11-10 20:45:06.983 22559 22606 D UE4     : [2018.11.11-02.45.06:983][  0]LogRHI:   GL_NV_shader_noperspective_interpolation
11-10 20:45:06.984 22559 22606 D UE4     : [2018.11.11-02.45.06:984][  0]LogRHI:   GL_MAX_VERTEX_ATTRIBS: 32
11-10 20:45:06.984 22559 22606 D UE4     : [2018.11.11-02.45.06:984][  0]LogRHI:   GL_MAX_VARYING_VECTORS: 31
11-10 20:45:06.984 22559 22606 D UE4     : [2018.11.11-02.45.06:984][  0]LogRHI:   GL_MAX_VERTEX_UNIFORM_VECTORS: 256
11-10 20:45:06.984 22559 22606 D UE4     : [2018.11.11-02.45.06:984][  0]LogRHI:   GL_MAX_FRAGMENT_UNIFORM_VECTORS: 256
11-10 20:45:06.984 22559 22606 D UE4     : [2018.11.11-02.45.06:984][  0]LogRHI: Fragment shader lowp precision: 10
11-10 20:45:06.984 22559 22606 D UE4     : [2018.11.11-02.45.06:984][  0]LogRHI: Fragment shader mediump precision: 10
11-10 20:45:06.984 22559 22606 D UE4     : [2018.11.11-02.45.06:984][  0]LogRHI: Fragment shader highp precision: 23
11-10 20:45:06.984 22559 22606 D UE4     : [2018.11.11-02.45.06:984][  0]LogRHI: Support for 4x MSAA detected
11-10 20:45:06.984 22559 22606 D UE4     : [2018.11.11-02.45.06:984][  0]LogRHI: Image external enabled: ImageExternalESSL300
11-10 20:45:06.984 22559 22606 D UE4     : [2018.11.11-02.45.06:984][  0]LogRHI: Device supports mobile multi-view.
11-10 20:45:06.985 22559 22606 D UE4     : [2018.11.11-02.45.06:985][  0]LogRHI:   GL_MAX_TEXTURE_SIZE: 16384
11-10 20:45:06.985 22559 22606 D UE4     : [2018.11.11-02.45.06:985][  0]LogRHI:   GL_MAX_CUBE_MAP_TEXTURE_SIZE: 16384
11-10 20:45:06.985 22559 22606 D UE4     : [2018.11.11-02.45.06:985][  0]LogRHI:   GL_MAX_ARRAY_TEXTURE_LAYERS: 2048
11-10 20:45:06.985 22559 22606 D UE4     : [2018.11.11-02.45.06:985][  0]LogRHI:   GL_MAX_RENDERBUFFER_SIZE: 16384
11-10 20:45:06.985 22559 22606 D UE4     : [2018.11.11-02.45.06:985][  0]LogRHI:   GL_MAX_TEXTURE_IMAGE_UNITS: 16
11-10 20:45:06.985 22559 22606 D UE4     : [2018.11.11-02.45.06:985][  0]LogRHI:   GL_MAX_DRAW_BUFFERS: 8
11-10 20:45:06.985 22559 22606 D UE4     : [2018.11.11-02.45.06:985][  0]LogRHI:   GL_MAX_COLOR_ATTACHMENTS: 1
11-10 20:45:06.985 22559 22606 D UE4     : [2018.11.11-02.45.06:985][  0]LogRHI:   GL_MAX_SAMPLES: 1
11-10 20:45:06.985 22559 22606 D UE4     : [2018.11.11-02.45.06:985][  0]LogRHI:   GL_MAX_COLOR_TEXTURE_SAMPLES: 1
11-10 20:45:06.985 22559 22606 D UE4     : [2018.11.11-02.45.06:985][  0]LogRHI:   GL_MAX_DEPTH_TEXTURE_SAMPLES: 1
11-10 20:45:06.985 22559 22606 D UE4     : [2018.11.11-02.45.06:985][  0]LogRHI:   GL_MAX_INTEGER_SAMPLES: 1
11-10 20:45:06.986 22559 22606 D UE4     : [2018.11.11-02.45.06:986][  0]LogRHI:   GL_MAX_COMBINED_TEXTURE_IMAGE_UNITS: 96
11-10 20:45:06.986 22559 22606 D UE4     : [2018.11.11-02.45.06:986][  0]LogRHI:   GL_MAX_VERTEX_ATTRIBS: 32
11-10 20:45:06.986 22559 22606 D UE4     : [2018.11.11-02.45.06:986][  0]LogRHI:   GL_MAX_TEXTURE_MAX_ANISOTROPY_EXT: 16
11-10 20:45:06.986 22559 22606 D UE4     : [2018.11.11-02.45.06:986][  0]LogRHI: OpenGL MajorVersion = 2, MinorVersion = 0, ShaderPlatform = GLSL_ES2, FeatureLevel = ES2
11-10 20:45:06.986 22559 22606 D UE4     : [2018.11.11-02.45.06:986][  0]LogRHI: PLATFORM_ANDROID
11-10 20:45:06.986 22559 22606 D UE4     : [2018.11.11-02.45.06:986][  0]LogRHI: Texture pool is 1000 MB (of 0 MB total graphics mem)
11-10 20:45:06.986 22559 22606 D UE4     : [2018.11.11-02.45.06:986][  0]LogRHI: Display: Testing for shader compiler compatibility
11-10 20:45:06.986 22559 22606 D UE4     : [2018.11.11-02.45.06:986][  0]LogRHI: Display: Shaders compile fine no need to enable hacks
11-10 20:45:06.986 22559 22606 D UE4     : [2018.11.11-02.45.06:986][  0]LogRHI: Display: Testing for round() function availability
11-10 20:45:06.986 22559 22606 D UE4     : [2018.11.11-02.45.06:986][  0]LogRHI: Warning: Disabling the need for the round() function hack
11-10 20:45:06.987 22559 22606 D UE4     : [2018.11.11-02.45.06:986][  0]LogShaderLibrary: Display: Failed to load Shared Shader Library: Global and no native library supported.
11-10 20:45:06.987 22559 22606 D UE4     : [2018.11.11-02.45.06:987][  0]LogShaderLibrary: Display: Failed to load Shared Shader Library: Global_SC and no native library supported.
11-10 20:45:06.987 22559 22606 D UE4     : [2018.11.11-02.45.06:987][  0]LogShaderLibrary: Display: Failed to load Shared Shader Library: Paper2D and no native library supported.
11-10 20:45:06.987 22559 22606 D UE4     : [2018.11.11-02.45.06:987][  0]LogShaderLibrary: Display: Failed to load Shared Shader Library: Paper2D_SC and no native library supported.
11-10 20:45:06.987 22559 22606 D UE4     : [2018.11.11-02.45.06:987][  0]LogShaderLibrary: Display: Failed to load Shared Shader Library: Paper2D and no native library supported.
11-10 20:45:06.987 22559 22606 D UE4     : [2018.11.11-02.45.06:987][  0]LogShaderLibrary: Display: Failed to load Shared Shader Library: Paper2D_SC and no native library supported.
11-10 20:45:06.987 22559 22606 D UE4     : [2018.11.11-02.45.06:987][  0]LogShaderLibrary: Display: Failed to load Shared Shader Library: CryptoKeys and no native library supported.
11-10 20:45:06.987 22559 22606 D UE4     : [2018.11.11-02.45.06:987][  0]LogShaderLibrary: Display: Failed to load Shared Shader Library: CryptoKeys_SC and no native library supported.
11-10 20:45:06.987 22559 22606 D UE4     : [2018.11.11-02.45.06:987][  0]LogShaderLibrary: Display: Failed to load Shared Shader Library: CryptoKeys and no native library supported.
11-10 20:45:06.987 22559 22606 D UE4     : [2018.11.11-02.45.06:987][  0]LogShaderLibrary: Display: Failed to load Shared Shader Library: CryptoKeys_SC and no native library supported.
11-10 20:45:06.988 22559 22606 D UE4     : [2018.11.11-02.45.06:988][  0]LogShaderLibrary: Display: Failed to load Shared Shader Library: MeshEditor and no native library supported.
11-10 20:45:06.988 22559 22606 D UE4     : [2018.11.11-02.45.06:988][  0]LogShaderLibrary: Display: Failed to load Shared Shader Library: MeshEditor_SC and no native library supported.
11-10 20:45:06.988 22559 22606 D UE4     : [2018.11.11-02.45.06:988][  0]LogShaderLibrary: Display: Failed to load Shared Shader Library: MeshEditor and no native library supported.
11-10 20:45:06.988 22559 22606 D UE4     : [2018.11.11-02.45.06:988][  0]LogShaderLibrary: Display: Failed to load Shared Shader Library: MeshEditor_SC and no native library supported.
11-10 20:45:06.988 22559 22606 D UE4     : [2018.11.11-02.45.06:988][  0]LogShaderLibrary: Display: Failed to load Shared Shader Library: DatasmithContent and no native library supported.
11-10 20:45:06.988 22559 22606 D UE4     : [2018.11.11-02.45.06:988][  0]LogShaderLibrary: Display: Failed to load Shared Shader Library: DatasmithContent_SC and no native library supported.
11-10 20:45:06.988 22559 22606 D UE4     : [2018.11.11-02.45.06:988][  0]LogShaderLibrary: Display: Failed to load Shared Shader Library: DatasmithContent and no native library supported.
11-10 20:45:06.988 22559 22606 D UE4     : [2018.11.11-02.45.06:988][  0]LogShaderLibrary: Display: Failed to load Shared Shader Library: DatasmithContent_SC and no native library supported.
11-10 20:45:06.988 22559 22606 D UE4     : [2018.11.11-02.45.06:988][  0]LogShaderLibrary: Display: Failed to load Shared Shader Library: MediaCompositing and no native library supported.
11-10 20:45:06.988 22559 22606 D UE4     : [2018.11.11-02.45.06:988][  0]LogShaderLibrary: Display: Failed to load Shared Shader Library: MediaCompositing_SC and no native library supported.
11-10 20:45:06.989 22559 22606 D UE4     : [2018.11.11-02.45.06:989][  0]LogShaderLibrary: Display: Failed to load Shared Shader Library: MediaCompositing and no native library supported.
11-10 20:45:06.989 22559 22606 D UE4     : [2018.11.11-02.45.06:989][  0]LogShaderLibrary: Display: Failed to load Shared Shader Library: MediaCompositing_SC and no native library supported.
11-10 20:45:06.989 22559 22606 D UE4     : [2018.11.11-02.45.06:989][  0]LogShaderLibrary: Display: Failed to load Shared Shader Library: OculusVR and no native library supported.
11-10 20:45:06.989 22559 22606 D UE4     : [2018.11.11-02.45.06:989][  0]LogShaderLibrary: Display: Failed to load Shared Shader Library: OculusVR_SC and no native library supported.
11-10 20:45:06.989 22559 22606 D UE4     : [2018.11.11-02.45.06:989][  0]LogShaderLibrary: Display: Failed to load Shared Shader Library: OculusVR and no native library supported.
11-10 20:45:06.989 22559 22606 D UE4     : [2018.11.11-02.45.06:989][  0]LogShaderLibrary: Display: Failed to load Shared Shader Library: OculusVR_SC and no native library supported.
11-10 20:45:06.989 22559 22606 D UE4     : [2018.11.11-02.45.06:989][  0]LogShaderLibrary: Display: Failed to load Shared Shader Library: SteamVR and no native library supported.
11-10 20:45:06.989 22559 22606 D UE4     : [2018.11.11-02.45.06:989][  0]LogShaderLibrary: Display: Failed to load Shared Shader Library: SteamVR_SC and no native library supported.
11-10 20:45:06.989 22559 22606 D UE4     : [2018.11.11-02.45.06:989][  0]LogShaderLibrary: Display: Failed to load Shared Shader Library: SteamVR and no native library supported.
11-10 20:45:06.990 22559 22606 D UE4     : [2018.11.11-02.45.06:989][  0]LogShaderLibrary: Display: Failed to load Shared Shader Library: SteamVR_SC and no native library supported.
11-10 20:45:06.990 22559 22606 D UE4     : [2018.11.11-02.45.06:990][  0]LogRHI: Display: Failed to open default shader pipeline cache for GiftGame using shader platform 8.
11-10 20:45:06.990 22559 22606 D UE4     : [2018.11.11-02.45.06:990][  0]LogMaterial: Verifying Global Shaders for GLSL_ES2
11-10 20:45:06.990 22559 22606 D UE4     : [2018.11.11-02.45.06:990][  0]LogSlate: Using FreeType 2.4.12
11-10 20:45:06.990 22559 22606 D UE4     : [2018.11.11-02.45.06:990][  0]LogSlate: SlateFontServices - WITH_FREETYPE: 1, WITH_HARFBUZZ: 1
11-10 20:45:06.990 22559 22606 D UE4     : [2018.11.11-02.45.06:990][  0]LogShaderLibrary: Display: Failed to load Shared Shader Library: GiftGame and no native library supported.
11-10 20:45:06.990 22559 22606 D UE4     : [2018.11.11-02.45.06:990][  0]LogShaderLibrary: Display: Failed to load Shared Shader Library: GiftGame_SC and no native library supported.
11-10 20:45:06.990 22559 22606 D UE4     : [2018.11.11-02.45.06:990][  0]LogRHI: Display: Failed to open default shader pipeline cache for GiftGame using shader platform 8.
11-10 20:45:06.990 22559 22606 D UE4     : [2018.11.11-02.45.06:990][  0]LogShaderLibrary: Display: Failed to load Shared Shader Library: GiftGame and no native library supported.
11-10 20:45:06.990 22559 22606 D UE4     : [2018.11.11-02.45.06:990][  0]LogShaderLibrary: Display: Failed to load Shared Shader Library: GiftGame_SC and no native library supported.
11-10 20:45:06.991 22559 22606 D UE4     : [2018.11.11-02.45.06:991][  0]LogRHI: Display: Failed to open default shader pipeline cache for GiftGame using shader platform 8.
11-10 20:45:06.991 22559 22606 D UE4     : [2018.11.11-02.45.06:991][  0]LogInit: Using OS detected language (en-US).
11-10 20:45:06.991 22559 22606 D UE4     : [2018.11.11-02.45.06:991][  0]LogInit: Using OS detected locale (en-US).
11-10 20:45:06.991 22559 22606 D UE4     : [2018.11.11-02.45.06:991][  0]LogTextLocalizationManager: No localization for 'en-US' exists, so 'en' will be used for the language.
11-10 20:45:06.991 22559 22606 D UE4     : [2018.11.11-02.45.06:991][  0]LogTextLocalizationManager: No localization for 'en-US' exists, so 'en' will be used for the locale.
11-10 20:45:06.991 22559 22606 D UE4     : [2018.11.11-02.45.06:991][  0]LogStreaming: Display: Took  0.098s to InitGameTextLocalization.
11-10 20:45:06.991 22559 22606 D UE4     : [2018.11.11-02.45.06:991][  0]LogAssetRegistry: FAssetRegistry took 0.0842 seconds to start up
11-10 20:45:06.991 22559 22606 D UE4     : [2018.11.11-02.45.06:991][  0]LogStreaming: Display: Flushing async loaders.
11-10 20:45:06.991 22559 22606 D UE4     : [2018.11.11-02.45.06:991][  0]LogPackageLocalizationCache: Processed 9 localized package path(s) for 1 prioritized culture(s) in 0.058567 seconds
11-10 20:45:06.991 22559 22606 D UE4     : [2018.11.11-02.45.06:991][  0]LogNetVersion: GiftGame 1.0.0, NetCL: 4212847, EngineNetVer: 5, GameNetVer: 0 (Checksum: 3731779599)
11-10 20:45:06.992 22559 22606 D UE4     : [2018.11.11-02.45.06:992][  0]LogMoviePlayer: Initializing movie player
11-10 20:45:07.057 22559 22606 D UE4     : LogAndroid: Display: Passed PreInit()
11-10 20:45:07.057 22559 22606 D UE4     : 
11-10 20:45:07.057 22559 22606 D UE4     : [2018.11.11-02.45.07:057][  0]LogTcpMessaging: Initializing TcpMessaging bridge, listening on 127.0.0.1:6666
11-10 20:45:07.057 22559 22606 D UE4     : [2018.11.11-02.45.07:057][  0]LogUdpMessaging: Initializing bridge on interface 0.0.0.0:0 to multicast group 230.0.0.1:6666.
11-10 20:45:07.057 22559 22606 D UE4     : [2018.11.11-02.45.07:057][  0]LogAndroidPermission: UAndroidPermissionCallbackProxy::GetInstance
11-10 20:45:07.057 22559 22606 D UE4     : [2018.11.11-02.45.07:057][  0]LogOcInput: OculusInput pre-init called
11-10 20:45:07.058 22559 22606 D UE4     : [2018.11.11-02.45.07:058][  0]LogUObjectArray: 33963 objects as part of root set at end of initial load.
11-10 20:45:07.058 22559 22606 D UE4     : [2018.11.11-02.45.07:058][  0]LogUObjectAllocator: 3763088 out of 0 bytes used by permanent object pool.
11-10 20:45:07.058 22559 22606 D UE4     : [2018.11.11-02.45.07:058][  0]LogUObjectArray: CloseDisregardForGC: 0/0 objects in disregard for GC pool
11-10 20:45:07.058 22559 22606 D UE4     : [2018.11.11-02.45.07:058][  0]LogAndroid: Display: Passed PreInit()
11-10 20:45:07.059 22559 22606 D UE4     : [2018.11.11-02.45.07:059][  0]LogEngine: Initializing Engine...
11-10 20:45:07.073 22559 22606 D UE4     : [2018.11.11-02.45.07:072][  0]LogStats: UGameplayTagsManager::ConstructGameplayTagTree: ImportINI prefixes -  0.000 s
11-10 20:45:07.073 22559 22606 D UE4     : [2018.11.11-02.45.07:073][  0]LogStats: UGameplayTagsManager::ConstructGameplayTagTree: Construct from data asset -  0.000 s
11-10 20:45:07.073 22559 22606 D UE4     : [2018.11.11-02.45.07:073][  0]LogStats: UGameplayTagsManager::ConstructGameplayTagTree: ImportINI -  0.001 s
11-10 20:45:07.074 22559 22606 D UE4     : [2018.11.11-02.45.07:074][  0]LogStats: UGameplayTagsManager::ConstructGameplayTagTree: GameplayTagTreeChangedEvent.Broadcast -  0.000 s
11-10 20:45:07.238 22559 22606 D UE4     : [2018.11.11-02.45.07:238][  0]LogInit: Initializing FReadOnlyCVARCache
11-10 20:45:07.239 22559 22606 D UE4     : LogAndroidAudio: Warning: SL Entered Init HW
11-10 20:45:07.239 22559 22606 D UE4     : 
11-10 20:45:07.239 22559 22606 D UE4     : [2018.11.11-02.45.07:239][  0]LogAndroidAudio: Warning: SL Entered Init HW
11-10 20:45:07.239 22559 22606 D UE4     : LogAndroidAudio: Warning: OpenSLES Initializing HW
11-10 20:45:07.239 22559 22606 D UE4     : 
11-10 20:45:07.240 22559 22606 D UE4     : [2018.11.11-02.45.07:240][  0]LogAndroidAudio: Warning: OpenSLES Initializing HW
11-10 20:45:07.241 22559 22606 D UE4     : LogAndroidAudio: Warning: OpenSLES Initialized
11-10 20:45:07.241 22559 22606 D UE4     : 
11-10 20:45:07.242 22559 22606 D UE4     : [2018.11.11-02.45.07:242][  0]LogAndroidAudio: Warning: OpenSLES Initialized
11-10 20:45:07.242 22559 22606 D UE4     : LogAndroidAudio: Warning: OpenSLAudioDevice: Allocated 12 sources
11-10 20:45:07.242 22559 22606 D UE4     : 
11-10 20:45:07.242 22559 22606 D UE4     : [2018.11.11-02.45.07:242][  0]LogAndroidAudio: Warning: OpenSLAudioDevice: Allocated 12 sources
11-10 20:45:07.242 22559 22606 D UE4     : [2018.11.11-02.45.07:242][  0]LogInit: FAudioDevice initialized.
11-10 20:45:07.244 22559 22606 D UE4     : LogAudio: Warning: Can't increase channels past starting number!
11-10 20:45:07.244 22559 22606 D UE4     : 
11-10 20:45:07.244 22559 22606 D UE4     : [2018.11.11-02.45.07:244][  0]LogAudio: Warning: Can't increase channels past starting number!
11-10 20:45:07.247 22559 22606 D UE4     : [2018.11.11-02.45.07:247][  0]LogNetVersion: Set ProjectVersion to 1.0.0.0. Version Checksum will be recalculated on next use.
11-10 20:45:07.248 22559 22606 D UE4     : [2018.11.11-02.45.07:248][  0]LogInit: Texture streaming: Enabled
11-10 20:45:07.266 22608 22674 I RecursiveFileObserver: CLOSE_WRITE: /mnt/sdcard/UE4Game/GiftGame/GiftGame/Saved/Config/Android/GameUserSettings.ini
11-10 20:45:07.276 22608 22674 I RecursiveFileObserver: CREATED: /mnt/sdcard/UE4Game/GiftGame/GiftGame/Saved/Config/Android/GameUserSettings.ini
11-10 20:45:07.280 22559 22606 D UE4     : LogAudio: Warning: Can't increase channels past starting number!
11-10 20:45:07.280 22559 22606 D UE4     : 
11-10 20:45:07.280 22608 22674 I RecursiveFileObserver: CLOSE_WRITE: /mnt/sdcard/UE4Game/GiftGame/GiftGame/Saved/Config/Android/GameUserSettings.ini
11-10 20:45:07.281 22559 22606 D UE4     : [2018.11.11-02.45.07:281][  0]LogAudio: Warning: Can't increase channels past starting number!
11-10 20:45:07.293 22559 22606 D UE4     : [2018.11.11-02.45.07:293][  0]LogSlate: Updating window title bar state: overlay mode, drag disabled, window buttons hidden, title bar hidden
11-10 20:45:07.295 22559 22606 D UE4     : LogInit: Display: Game Engine Initialized.
11-10 20:45:07.295 22559 22606 D UE4     : 
11-10 20:45:07.295 22559 22606 D UE4     : [2018.11.11-02.45.07:295][  0]LogInit: Display: Game Engine Initialized.
11-10 20:45:07.295 22559 22606 D UE4     : LogGameplayTags: Display: UGameplayTagsManager::DoneAddingNativeTags. DelegateIsBound: 0
11-10 20:45:07.295 22559 22606 D UE4     : 
11-10 20:45:07.296 22559 22606 D UE4     : [2018.11.11-02.45.07:295][  0]LogGameplayTags: Display: UGameplayTagsManager::DoneAddingNativeTags. DelegateIsBound: 0
11-10 20:45:07.296 22559 22606 D UE4     : [2018.11.11-02.45.07:296][  0]LogStats: UGameplayTagsManager::ConstructGameplayTagTree: ImportINI prefixes -  0.000 s
11-10 20:45:07.296 22559 22606 D UE4     : [2018.11.11-02.45.07:296][  0]LogStats: UGameplayTagsManager::ConstructGameplayTagTree: Construct from data asset -  0.000 s
11-10 20:45:07.297 22559 22606 D UE4     : [2018.11.11-02.45.07:297][  0]LogStats: UGameplayTagsManager::ConstructGameplayTagTree: ImportINI -  0.001 s
11-10 20:45:07.297 22559 22606 D UE4     : [2018.11.11-02.45.07:297][  0]LogStats: UGameplayTagsManager::ConstructGameplayTagTree: GameplayTagTreeChangedEvent.Broadcast -  0.000 s
11-10 20:45:07.378 22559 22606 D UE4     : LogInit: Display: Starting Game.
11-10 20:45:07.378 22559 22606 D UE4     : 
11-10 20:45:07.378 22559 22606 D UE4     : [2018.11.11-02.45.07:378][  0]LogInit: Display: Starting Game.
11-10 20:45:07.378 22559 22606 D UE4     : [2018.11.11-02.45.07:378][  0]LogNet: Browse: /Game/Maps/MainGame?Name=Player
11-10 20:45:07.379 22559 22606 D UE4     : [2018.11.11-02.45.07:379][  0]LogLoad: LoadMap: /Game/Maps/MainGame?Name=Player
11-10 20:45:07.783  1936  2421 D SamsungAlarmManager: Expired : 8
11-10 20:45:07.784  1936  2421 V SamsungAlarmManager: Sending to uid : 10068 action=null alarm=Alarm{8f6c23b type 3 when 831115793 com.asurion.android.verizon.vms}
11-10 20:45:07.808  1936  3014 D SamsungAlarmManager: setExact Intent (T:3/F:5/AC:false) 20181110T204512 - CU:10068/CP:24848
11-10 20:45:07.809  1936  3014 I SamsungAlarmManager: setLocked to kernel - T:3 / 20181110T204512, SetElapsed=831120815, nowELAPSED=831115818
11-10 20:45:07.815  3306  3306 D io_stats: !@   8,0 r 7947258 313250380 w 2971715 62100796 d 233152 31119688 f 1913300 1913751 iot 6820300 3743986 th 51200 0 0 pt 0 inp 1 0 347922.781
11-10 20:45:08.080  1062  7830 V APM_AudioPolicyManager: getAudioPolicyConfig: audioParam;outDevice
11-10 20:45:08.081  1062  7830 V APM_AudioPolicyManager: getNewOutputDevice() selected device 0
11-10 20:45:08.081  1062  7830 V APM_AudioPolicyManager: ### curdevice : 2
11-10 20:45:08.082  1062  2071 V APM_AudioPolicyManager: getAudioPolicyConfig: audioParam;outDevice
11-10 20:45:08.082  1062  2071 V APM_AudioPolicyManager: getNewOutputDevice() selected device 0
11-10 20:45:08.082  1062  2071 V APM_AudioPolicyManager: ### curdevice : 2
11-10 20:45:08.082  1062  2071 V APM_AudioPolicyManager: getAudioPolicyConfig: audioParam;outDevice
11-10 20:45:08.082  1062  2071 V APM_AudioPolicyManager: getNewOutputDevice() selected device 0
11-10 20:45:08.082  1062  2071 V APM_AudioPolicyManager: ### curdevice : 2
11-10 20:45:08.101  1062  7830 V APM_AudioPolicyManager: getAudioPolicyConfig: audioParam;activeStream
11-10 20:45:08.101  1062  7830 V APM_AudioPolicyManager: ### active stream : 0
11-10 20:45:08.101  1936 11112 D AudioService: active stream is 0x0
11-10 20:45:08.109  2920  2920 E adbd    : recv: OPEN 000088a5 00000000 000c:73 68 65 6C 6C 2C 76 32 3A 70 73 00 
11-10 20:45:08.109  2920  2920 E adbd    : service_to_fd: shell,v2:ps
11-10 20:45:08.122 22714 22714 E propClient: PropClient failed to load
11-10 20:45:08.135 22714 22714 E propClient: PropClient failed to load
11-10 20:45:08.217  1936 11112 D SSRM:j  : SIOP:: AP = 320, PST = 240 (W:6), BAT = 241, CHG = 251
11-10 20:45:08.500 22559 22606 D UE4     : LogStaticMesh: Warning: [WreathWSG] Mesh has more that 65535 vertices, incompatible with mobile; forcing 16-bit (will probably cause rendering issues).
11-10 20:45:08.500 22559 22606 D UE4     : 
11-10 20:45:08.500 22559 22606 D UE4     : [2018.11.11-02.45.08:500][  0]LogStaticMesh: Warning: [WreathWSG] Mesh has more that 65535 vertices, incompatible with mobile; forcing 16-bit (will probably cause rendering issues).
11-10 20:45:08.582  1936 11112 D GameManagerService: identifyGamePackage. com.TeamNA.GiftGame
11-10 20:45:08.582  1936 11112 D GamePkgDataHelper: getGamePkgData(). com.TeamNA.GiftGame
11-10 20:45:08.610 22559 22606 D UE4     : [2018.11.11-02.45.08:610][  0]LogAIModule: Creating AISystem for world MainGame
11-10 20:45:08.611 22559 22606 D UE4     : [2018.11.11-02.45.08:611][  0]LogLoad: Game class is 'MenuGameMode_C'
11-10 20:45:08.642 22559 22606 D UE4     : [2018.11.11-02.45.08:641][  0]LogWorld: Bringing World /Game/Maps/MainGame.MainGame up for play (max tick rate 0) at 2018.11.10-20.45.08
11-10 20:45:08.643 22559 22606 D UE4     : [2018.11.11-02.45.08:643][  0]LogWorld: Bringing up level for play took: 0.027032
11-10 20:45:08.644 22559 22606 D UE4     : LogOnline: Warning: FOnlineSubsystemGooglePlayModule was disabled
11-10 20:45:08.644 22559 22606 D UE4     : 
11-10 20:45:08.644 22559 22606 D UE4     : [2018.11.11-02.45.08:644][  0]LogOnline: Warning: FOnlineSubsystemGooglePlayModule was disabled
11-10 20:45:08.645 22559 22606 D UE4     : [2018.11.11-02.45.08:645][  0]LogGameMode: FindPlayerStart: PATHS NOT DEFINED or NO PLAYERSTART with positive rating
11-10 20:45:08.649 22559 22606 D UE4     : LogUMG: Display: Widget Class MainMenuWidget_C - Loaded Fast Template.
11-10 20:45:08.649 22559 22606 D UE4     : 
11-10 20:45:08.649 22559 22606 D UE4     : [2018.11.11-02.45.08:649][  0]LogUMG: Display: Widget Class MainMenuWidget_C - Loaded Fast Template.
11-10 20:45:08.653  2920  2920 E adbd    : recv: OPEN 000088a8 00000000 0009:74 63 70 3A 36 36 36 36 00 
11-10 20:45:08.653  2920  2920 E adbd    : service_to_fd: tcp:6666
11-10 20:45:08.654  1075  1362 D DnsProxyListener: DNSDBG::dns addrinfo af 2
11-10 20:45:08.662 22559 22606 D UE4     : [2018.11.11-02.45.08:662][  0]LogSlate: Took 0.000593 seconds to synchronously load lazily loaded font '../../../Engine/Content/Slate/Fonts/Roboto-Regular.ttf' (155K)
11-10 20:45:08.666 22559 22606 D UE4     : [2018.11.11-02.45.08:666][  0]LogLoad: Took 1.286993 seconds to LoadMap(/Game/Maps/MainGame)
11-10 20:45:08.667 22559 22606 D UE4     : [2018.11.11-02.45.08:667][  0]LogSlate: Took 0.000501 seconds to synchronously load lazily loaded font '../../../Engine/Content/EngineFonts/Faces/RobotoBold.ufont' (160K)
11-10 20:45:08.675 22559 22693 D UE4     : *** JavaEnvDestructor: 22693
11-10 20:45:08.677 22559 22690 D UE4     : AndroidEGL::ResetDisplay()
11-10 20:45:08.678 22559 22690 D UE4     : *** JavaEnvDestructor: 22690
11-10 20:45:08.689 22559 22606 D UE4     : [2018.11.11-02.45.08:689][  0]LogAndroid: Passed GEngineLoop.Init()
11-10 20:45:08.690 22559 22606 D UE4     : LogModuleManager: Warning: ModuleManager: Module 'FunctionalTesting' not found - its StaticallyLinkedModuleInitializers function is null.
11-10 20:45:08.690 22559 22606 D UE4     : 
11-10 20:45:08.690 22559 22606 D UE4     : [2018.11.11-02.45.08:690][  0]LogModuleManager: Warning: ModuleManager: Module 'FunctionalTesting' not found - its StaticallyLinkedModuleInitializers function is null.
11-10 20:45:08.694 22559 22606 D UE4     : LogAndroidEvents: Display: DequeueAppEvent : 9, 0
11-10 20:45:08.694 22559 22606 D UE4     : 
11-10 20:45:08.695 22559 22606 D UE4     : [2018.11.11-02.45.08:695][  0]LogRenderer: Reallocating scene render targets to support 1280x720 Format 2 NumSamples 1 (Frame:1).
11-10 20:45:08.695 22559 22606 D UE4     : [2018.11.11-02.45.08:695][  0]LogAndroidEvents: Display: DequeueAppEvent : 9, 0
11-10 20:45:08.695 22559 22606 D UE4     : LogAndroidEvents: Display: DequeueAppEvent : 7, 0
11-10 20:45:08.695 22559 22606 D UE4     : 
11-10 20:45:08.696 22559 22606 D UE4     : [2018.11.11-02.45.08:696][  0]LogAndroidEvents: Display: DequeueAppEvent : 7, 0
11-10 20:45:08.696 22559 22606 D UE4     : LogAndroidEvents: Display: DequeueAppEvent : 0, 3532650504
11-10 20:45:08.696 22559 22606 D UE4     : 
11-10 20:45:08.696 22559 22606 D UE4     : [2018.11.11-02.45.08:696][  0]LogAndroidEvents: Display: DequeueAppEvent : 0, 3532650504
11-10 20:45:08.696 22559 22606 D UE4     : APP_EVENT_STATE_WINDOW_CREATED, 0, 0, 1
11-10 20:45:08.696 22559 22606 D UE4     : LogAndroidEvents: Display: ExecWindowCreated
11-10 20:45:08.696 22559 22606 D UE4     : 
11-10 20:45:08.696 22559 22613 D OpenGLRenderer: eglDestroySurface = 0xe5d6a4c0
11-10 20:45:08.696 22559 22606 D UE4     : [2018.11.11-02.45.08:696][  0]LogAndroidEvents: Display: ExecWindowCreated
11-10 20:45:08.696 22559 22606 D UE4     : AndroidEGL::ReInitWindow()
11-10 20:45:08.696 22559 22606 D UE4     : AndroidEGL::ReInit()
11-10 20:45:08.696 22559 22606 D UE4     : AndroidEGL::ResetDisplay()
11-10 20:45:08.696 22559 22559 D ViewRootImpl@a224b96[GameActivity]: dispatchDetachedFromWindow
11-10 20:45:08.696 22559 22606 D UE4     : AndroidEGL::InitSurface 0, 1
11-10 20:45:08.696 22559 22606 D UE4     : AndroidEGL::CreateEGLSurface() Already initialized: 0xd2c1ca00
11-10 20:45:08.696 22559 22606 D UE4     : ExecWindowCreated, 0, 1, 1
11-10 20:45:08.697 22559 22559 D InputEventReceiver: channel '2c5dc09 com.TeamNA.GiftGame/com.epicgames.ue4.GameActivity (client)' ~ Disposing input event receiver.
11-10 20:45:08.697 22559 22559 D InputEventReceiver: channel '2c5dc09 com.TeamNA.GiftGame/com.epicgames.ue4.GameActivity (client)' ~NativeInputEventReceiver.
11-10 20:45:08.698  1936  4617 I WindowManager: Destroying surface Surface(name=com.TeamNA.GiftGame/com.epicgames.ue4.GameActivity) called by com.android.server.wm.WindowStateAnimator.destroySurface:2501 com.android.server.wm.WindowStateAnimator.destroySurfaceLocked:985 com.android.server.wm.WindowState.removeImmediately:2404 com.android.server.wm.WindowState.removeIfPossible:2612 com.android.server.wm.WindowState.removeIfPossible:2442 com.android.server.wm.WindowManagerService.removeWindow:2019 com.android.server.wm.Session.remove:237 android.view.IWindowSession$Stub.onTransact:242 
11-10 20:45:08.699 22559 22606 D UE4     : [2018.11.11-02.45.08:697][  0]LogTemp: Android resume audio
11-10 20:45:08.704 22559 22606 D UE4     : Registering volume receiver
11-10 20:45:08.705   769   823 I SurfaceFlinger: id=5970 Removed com.TeamNA.GiftGame/com.epicgames.ue4.GameActivity#0 (2/4)
11-10 20:45:08.715   769   823 I SurfaceFlinger: id=5970 Removed com.TeamNA.GiftGame/com.epicgames.ue4.GameActivity#0 (-2/4)
11-10 20:45:08.718   769   769 I Layer   : id=5970 onRemoved com.TeamNA.GiftGame/com.epicgames.ue4.GameActivity#0 
11-10 20:45:08.723   769   769 I SurfaceFlinger: Display 0 HWC layers:
11-10 20:45:08.723   769   769 I SurfaceFlinger:     type    |    handle    | flag |  format   |   source crop (l,t,r,b)    |         frame       | name 
11-10 20:45:08.723   769   769 I SurfaceFlinger: ------------+--------------+------+-----------+----------------------------+---------------------+------
11-10 20:45:08.723   769   769 I SurfaceFlinger:  SolidColor |              | 0002 |  Unknown  |   0.0    0.0   -1.0   -1.0 |    0    0 1080 1920 | Background for - SurfaceView - com.T[...]icgames.ue4.GameActivity@69d4501@0#0
11-10 20:45:08.723   769   769 I SurfaceFlinger:      Device | 0x771ae33780 | 0000 | RGBA_8888 |   0.0    0.0 1080.0 1920.0 |    0    0 1080 1920 | com.TeamNA.GiftGame/com.epicgames.ue4.GameActivity#1
11-10 20:45:08.723   769   769 I SurfaceFlinger: 
11-10 20:45:08.725  1936  3592 D AudioService: GetAppDevice, uid=10544
11-10 20:45:08.726  1936  3592 D AudioService: getStreamVolume 3 index 0
11-10 20:45:08.727 22559 22606 D UE4     : startVolumeReceiver: 0
11-10 20:45:08.727 22559 22606 D UE4     : nativeVolumeEvent(0)
11-10 20:45:08.728 22559 22606 D UE4     : Registering battery receiver
11-10 20:45:08.731 22559 22606 D UE4     : Registering headset receiver
11-10 20:45:08.732 22559 22606 D UE4     : startHeadsetReceiver: 0
11-10 20:45:08.732 22559 22606 D UE4     : nativeHeadsetEvent(0)
11-10 20:45:08.736 22559 22559 D UE4     : Battery: status = 2, rawlevel = 97, scale = 100
11-10 20:45:08.736 22559 22559 D UE4     : nativeBatteryEvent(stat = 2, lvl = 97  temp = 24.10 C)
11-10 20:45:08.736 22559 22559 D UE4     : headsetReceiver::onReceive
11-10 20:45:08.737 22559 22559 D UE4     : nativeHeadsetEvent(0)
11-10 20:45:08.839 22559 22699 D UE4     : *** JavaEnvDestructor: 22699
11-10 20:45:09.005 22559 22697 D UE4     : *** JavaEnvDestructor: 22697
11-10 20:45:09.007 22559 22698 D UE4     : *** JavaEnvDestructor: 22698
11-10 20:45:09.010 22559 22696 D UE4     : *** JavaEnvDestructor: 22696
11-10 20:45:09.118 22559 22606 D UE4     : [2018.11.11-02.45.09:118][  0]LogUdpMessaging: Initializing bridge on interface 0.0.0.0:0 to multicast group 230.0.0.1:6666.
11-10 20:45:09.429  2920  2920 E adbd    : recv: OPEN 000088ac 00000000 000c:73 68 65 6C 6C 2C 76 32 3A 70 73 00 
11-10 20:45:09.429  2920  2920 E adbd    : service_to_fd: shell,v2:ps
11-10 20:45:09.450 22726 22726 E propClient: PropClient failed to load
11-10 20:45:09.457  1936  2849 D WifiConnectivityMonitor:  [|229]
11-10 20:45:09.468 22726 22726 E propClient: PropClient failed to load
11-10 20:45:09.658 22559 22695 D UE4     : *** JavaEnvDestructor: 22695
11-10 20:45:09.862 22559 22721 D UE4     : *** JavaEnvDestructor: 22721
11-10 20:45:09.965 22559 22606 D UE4     : [2018.11.11-02.45.09:964][  0]LogTcpMessaging: Initializing TcpMessaging bridge, listening on 127.0.0.1:6666
11-10 20:45:09.974 22559 22606 D UE4     : Execution has been resumed!
11-10 20:45:09.975 22559 22606 D UE4     : LogAndroidEvents: Display: DequeueAppEvent : 6, 0
11-10 20:45:09.975 22559 22606 D UE4     : 
11-10 20:45:09.975 22559 22606 D UE4     : [2018.11.11-02.45.09:975][  0]LogAndroidEvents: Display: DequeueAppEvent : 6, 0
11-10 20:45:09.984 22559 22725 D UE4     : *** JavaEnvDestructor: 22725
11-10 20:45:09.999 22559 22694 D UE4     : *** JavaEnvDestructor: 22694
11-10 20:45:10.134 22559 22723 D UE4     : *** JavaEnvDestructor: 22723
11-10 20:45:10.136 22559 22724 D UE4     : *** JavaEnvDestructor: 22724
11-10 20:45:10.137 22559 22722 D UE4     : *** JavaEnvDestructor: 22722
11-10 20:45:10.744  2920  2920 E adbd    : recv: OPEN 000088b0 00000000 000c:73 68 65 6C 6C 2C 76 32 3A 70 73 00 
11-10 20:45:10.744  2920  2920 E adbd    : service_to_fd: shell,v2:ps
11-10 20:45:10.780  1936 11112 D GameManagerService: identifyGamePackage. com.TeamNA.GiftGame
11-10 20:45:10.781  1936 11112 D GamePkgDataHelper: getGamePkgData(). com.TeamNA.GiftGame
11-10 20:45:10.782 22731 22731 E propClient: PropClient failed to load
11-10 20:45:10.800 22731 22731 E propClient: PropClient failed to load
11-10 20:45:10.969 22559 22729 D UE4     : *** JavaEnvDestructor: 22729
11-10 20:45:10.974 22559 22730 D UE4     : *** JavaEnvDestructor: 22730
11-10 20:45:11.077 22559 22606 D UE4     : Unregistering volume receiver
11-10 20:45:11.080 22559 22606 D UE4     : Unregistering battery receiver
11-10 20:45:11.082 22559 22606 D UE4     : Unregistering headset receiver
11-10 20:45:11.091 22559 22718 D UE4     : *** JavaEnvDestructor: 22718
11-10 20:45:11.105 22559 22717 D UE4     : AndroidEGL::ResetDisplay()
11-10 20:45:11.108 22559 22717 D UE4     : *** JavaEnvDestructor: 22717
11-10 20:45:11.109 22559 22606 D UE4     : [2018.11.11-02.45.11:109][  0]LogTemp: Android pause audio
11-10 20:45:11.113 22559 22606 D UE4     : Execution has been paused...
11-10 20:45:11.113 22559 22606 D UE4     : LogAndroidEvents: Display: DequeueAppEvent : 11, 0
11-10 20:45:11.113 22559 22606 D UE4     : 
11-10 20:45:11.113 22559 22606 D UE4     : [2018.11.11-02.45.11:113][  0]LogAndroidEvents: Display: DequeueAppEvent : 11, 0
11-10 20:45:11.115 22559 22606 D UE4     : LogAndroidEvents: Display: DequeueAppEvent : 10, 0
11-10 20:45:11.115 22559 22606 D UE4     : 
11-10 20:45:11.116 22559 22606 D UE4     : [2018.11.11-02.45.11:115][  0]LogAndroidEvents: Display: DequeueAppEvent : 10, 0
11-10 20:45:11.116 22559 22606 D UE4     : LogAndroidEvents: Display: DequeueAppEvent : 11, 0
11-10 20:45:11.116 22559 22606 D UE4     : 
11-10 20:45:11.116 22559 22606 D UE4     : [2018.11.11-02.45.11:116][  0]LogAndroidEvents: Display: DequeueAppEvent : 11, 0
11-10 20:45:11.116 22559 22606 D UE4     : LogAndroidEvents: Display: DequeueAppEvent : 7, 0
11-10 20:45:11.116 22559 22606 D UE4     : 
11-10 20:45:11.117 22559 22606 D UE4     : [2018.11.11-02.45.11:117][  0]LogAndroidEvents: Display: DequeueAppEvent : 7, 0
11-10 20:45:11.131 22559 22606 D UE4     : [2018.11.11-02.45.11:130][  0]LogTemp: Android resume audio
11-10 20:45:11.131 22559 22606 D UE4     : Registering volume receiver
11-10 20:45:11.149  1936  4617 D AudioService: GetAppDevice, uid=10544
11-10 20:45:11.151  1936  4617 D AudioService: getStreamVolume 3 index 0
11-10 20:45:11.151 22559 22606 D UE4     : startVolumeReceiver: 0
11-10 20:45:11.151 22559 22606 D UE4     : nativeVolumeEvent(0)
11-10 20:45:11.151 22559 22606 D UE4     : Registering battery receiver
11-10 20:45:11.157 22559 22606 D UE4     : Registering headset receiver
11-10 20:45:11.160 22559 22606 D UE4     : startHeadsetReceiver: 0
11-10 20:45:11.160 22559 22606 D UE4     : nativeHeadsetEvent(0)
11-10 20:45:11.161 22559 22606 D UE4     : [2018.11.11-02.45.11:160][  0]LogUdpMessaging: Initializing bridge on interface 0.0.0.0:0 to multicast group 230.0.0.1:6666.
11-10 20:45:11.166 22559 22559 D UE4     : headsetReceiver::onReceive
11-10 20:45:11.166 22559 22559 D UE4     : nativeHeadsetEvent(0)
11-10 20:45:11.170 22559 22606 D UE4     : [2018.11.11-02.45.11:170][  0]LogTcpMessaging: Initializing TcpMessaging bridge, listening on 127.0.0.1:6666
11-10 20:45:11.173 22559 22606 D UE4     : Execution has been resumed!
11-10 20:45:11.221 22559 22710 D         : PlayerBase::PlayerBase()
11-10 20:45:11.222 22559 22710 D         : TrackPlayerBase::TrackPlayerBase()
11-10 20:45:11.222 22559 22710 I libOpenSLES: Emulating old channel mask behavior (ignoring positional mask 0x3, using default mask 0x3 based on channel count of 2)
11-10 20:45:11.233  1062  7830 V APM_AudioPolicyManager: getOutputForAttr() usage=1, content=2, tag= flags=00000000 session 24545 selectedDeviceId 0
11-10 20:45:11.233  1062  7830 D APM::SoundKitchen: getDevice, uid = 10544, device = 0
11-10 20:45:11.234  1062  7830 V APM_AudioPolicyManager: getOutputForAttr() device 0x2, samplingRate 44100, format 1, channelMask 3, flags 104
11-10 20:45:11.234  1062  7830 V APM_AudioPolicyManager: selectOutput() commonFlags for output 13, 0000
11-10 20:45:11.234  1062  7830 V APM_AudioPolicyManager: selectOutput() commonFlags for output 21, 0001
11-10 20:45:11.234  1062  7830 V APM_AudioPolicyManager: selectOutput() commonFlags for output 29, 0002
11-10 20:45:11.234  1062  7830 V APM_AudioPolicyManager:   getOutputForDevice() returns output 29
11-10 20:45:11.234 22559 22710 W AudioTrack: AUDIO_OUTPUT_FLAG_FAST denied by client; transfer 1, track 44100 Hz, output 48000 Hz
11-10 20:45:11.235  1062  7830 I AudioFlinger: add dynamic flag, can move to deep thread, session 24545
11-10 20:45:11.241 22559 22710 D AudioTrack: Client defaulted notificationFrames to 590 for frameCount 1772
11-10 20:45:11.245  1936  3263 D AudioPlaybackMonitor: Found a new active media playback. ID:20463 -- type:OpenSL ES AudioPlayer (Buffer Queue) -- u/pid:10544/22559 -- state:started -- attr:AudioAttributes: usage=1 content=0 flags=0x0 tags= bundle=null
11-10 20:45:11.246  1936  3263 D MediaSessionStack: updateMediaButtonSessionIfNeeded, callers=com.android.server.media.MediaSessionService$1.onAudioPlaybackStarted:189 com.android.server.media.AudioPlaybackMonitor.dispatchPlaybackConfigChange:127 
11-10 20:45:11.250 22559 22710 I AudioTrack: updateAudioTranstionLength FadeIn[0] FadeOut[0] FadeInRing[0]
11-10 20:45:11.251  1062  7830 W AudioPolicyIntefaceImpl: Skipped to add effects on session 24545
11-10 20:45:11.251  1062  7830 V APM_AudioPolicyManager: startOutput() output 29, stream 3, session 24545
11-10 20:45:11.251  1062  7830 D APM::SoundKitchen: getDevice, uid = 10544, device = 0
11-10 20:45:11.251  1062  7830 D APM_AudioPolicyManager: newDevice=0
11-10 20:45:11.251  1062  7830 V APM_AudioPolicyManager: setBeaconMute(1) mBeaconMuteRefCount=1 mBeaconPlayingRefCount=0
11-10 20:45:11.251  1062  7830 V APM_AudioPolicyManager: selectOutputForMusicEffects activeOnly 1 outputs[2] flags 0x00000104
11-10 20:45:11.251  1062  7830 V APM_AudioPolicyManager: selectOutputForMusicEffects selected output 13
11-10 20:45:11.251  1062  7830 V APM_AudioPolicyManager: getNewOutputDevice() selected device 2
11-10 20:45:11.251  1062  7830 V APM_AudioPolicyManager: setOutputDevice() device 0002 delayMs 0
11-10 20:45:11.251  1062  7830 V APM_AudioPolicyManager: setOutputDevice() prevDevice 0x0002
11-10 20:45:11.251  1062  7830 V APM_AudioPolicyManager: setOutputDevice() setting same device 0x0002 or null device
11-10 20:45:11.252  1062  7830 I AudioEffectStage: getStageIndex low_output_sub1_normal
11-10 20:45:11.252  1062  7830 I AudioFlinger: updateStageIndex prev 0, new -2902
11-10 20:45:11.252  1062  7830 I AudioEffectStage: getSinkBuffer low_output_sub1_normal
11-10 20:45:11.254  1936  2740 D StorageManagerService: getExternalStorageMountMode : 1
11-10 20:45:11.254  1936  2740 D StorageManagerService: getExternalStorageMountMode : 3
11-10 20:45:11.254  1936  2740 D StorageManagerService: getExternalStorageMountMode : final mountMode=1, uid : 10061, packageName : com.sec.android.app.soundalive
11-10 20:45:11.256  1936  2740 I ApplicationPolicy: isApplicationExternalStorageWhitelisted:com.sec.android.app.soundalive user:0
11-10 20:45:11.256  1936  2740 D ApplicationPolicy: isApplicationExternalStorageWhitelisted: DO is not enabled on user 0. Allowed.
11-10 20:45:11.256  1936  2740 D ActivityManager: package  com.sec.android.app.soundalive, user - 0 is SDcard whitelisted
11-10 20:45:11.256  1936  2740 I ApplicationPolicy: isApplicationExternalStorageBlacklisted:com.sec.android.app.soundalive user:0
11-10 20:45:11.256  1936  2740 D ApplicationPolicy: isApplicationExternalStorageBlacklisted: DO is not enabled on user 0. Allowed.
11-10 20:45:11.261   718 31773 D audio_hw_primary: start_output_stream: enter: stream(0xed1f0000)usecase(12: audio-ull-playback) devices(0x2)
11-10 20:45:11.261   718 31773 D audio_hw_primary: select_devices for use case (audio-ull-playback)
11-10 20:45:11.261   718 31773 V msm8974_platform: platform_get_output_snd_device: enter: output devices(0x2)
11-10 20:45:11.261   718 31773 V msm8974_platform: platform_get_output_snd_device: exit: snd_device(speaker)
11-10 20:45:11.261   718 31773 D audio_hw_primary: select_devices: out_snd_device(2: speaker) in_snd_device(0: )
11-10 20:45:11.261   718 31773 V msm8974_platform: platform_get_backend_index:napb: backend port - 0 device - 2 
11-10 20:45:11.261   718 31773 I msm8974_platform: platform_check_and_set_codec_backend_cfg:becf: afe: bitwidth 16, samplerate 48000 channels 2, backend_idx 0 usecase = 12 device (speaker)
11-10 20:45:11.261   718 31773 D msm8974_platform: platform_split_snd_device: snd_device(2) num devices(1) new_snd_devices(0)
11-10 20:45:11.261   718 31773 I msm8974_platform: platform_check_and_set_codec_backend_cfg: new_snd_devices[0] is 2
11-10 20:45:11.261   718 31773 V msm8974_platform: platform_get_native_support:napb: ui Prop enabled(0) version(4)
11-10 20:45:11.261   718 31773 V msm8974_platform: platform_get_backend_index:napb: backend port - 0 device - 2 
11-10 20:45:11.261   718 31773 I msm8974_platform: platform_check_codec_backend_cfg:becf: afe: bitwidth 16, samplerate 48000 channels 2, backend_idx 0 usecase = 12 device (speaker)
11-10 20:45:11.261   718 31773 V msm8974_platform: platform_check_backends_match: snd_device1 = speaker, snd_device2 = speaker
11-10 20:45:11.262   718 31773 V msm8974_platform: platform_check_backends_match: be_itf1 = SLIMBUS_0_RX, be_itf2 = SLIMBUS_0_RX, match 1
11-10 20:45:11.262   718 31773 D msm8974_platform: platform_check_codec_backend_cfg:becf: afe: playback on codec device not supporting native playback set default Sample Rate(48k)
11-10 20:45:11.262   718 31773 I msm8974_platform: platform_check_codec_backend_cfg:becf: afe: Codec selected backend: 0 updated bit width: 16 and sample rate: 48000
11-10 20:45:11.262   718 31773 D audio_hw_primary: check_usecases_codec_backend:becf: force routing 0
11-10 20:45:11.262   718 31773 V msm8974_platform: platform_check_backends_match: snd_device1 = speaker, snd_device2 = 
11-10 20:45:11.262   718 31773 E msm8974_platform: platform_check_backends_match: Invalid snd_device = 
11-10 20:45:11.262   718 31773 D audio_hw_primary: check_usecases_codec_backend:becf: (63) check_usecases curr device: speaker, usecase device: backends match 0
11-10 20:45:11.262   718 31773 D audio_hw_primary: check_usecases_codec_backend:becf: check_usecases num.of Usecases to switch 0
11-10 20:45:11.262   718 31773 D hardware_info: hw_info_append_hw_type : device_name = speaker
11-10 20:45:11.262   718 31773 D audio_hw_primary: enable_snd_device: snd_device(2: speaker)
11-10 20:45:11.262   718 31773 D audio_hw_utils: audio_extn_utils_send_app_type_cfg: usecase->out_snd_device speaker
11-10 20:45:11.262   718 31773 D msm8974_platform: platform_split_snd_device: snd_device(2) num devices(0) new_snd_devices(0)
11-10 20:45:11.262   718 31773 I audio_hw_utils: ULL doesnt need sending app type cfg, returning
11-10 20:45:11.262   718 31773 D msm8974_platform: platform_split_snd_device: snd_device(2) num devices(1) new_snd_devices(0)
11-10 20:45:11.262   718 31773 V msm8974_platform: platform_send_audio_calibration: sending audio calibration for snd_device(2) acdb_id(15)
