09-14 16:14:05.150  1943  1943 D SamsungPhoneWindowManager: ACTION_BATTERY_CHANGED - Level :: 100, battStatus :: 5
09-14 16:14:05.154  3217  3217 D PhoneApp: PhoneAppBroadcastReceiver onReceive android.intent.action.BATTERY_CHANGED
09-14 16:14:05.154  3217  3217 D TelephonyExtensionManager: lowBatterySound - isLowBatterySoundScheduled: false
09-14 16:14:05.154  3217  3217 D TelephonyExtensionManager: lowBatterySound - isPlayNow: false
09-14 16:14:05.154  3217  3217 D TelephonyExtensionManager: isSpeakerON - false
09-14 16:14:05.155  2902  2902 V HeadsetService: Received Intent.ACTION_BATTERY_CHANGED
09-14 16:14:05.156  2902  4136 D HeadsetStateMachine: Disconnected process message: 10, size: 0
09-14 16:14:05.156  2941  2941 W SamsungAnalytics: [SamsungAnalytics] Attempt to invoke virtual method 'int com.samsung.context.sdk.samsunganalytics.a.b.a(java.util.Map)' on a null object reference
09-14 16:14:05.156  2941  2941 D InputMethodManager: HSIFW - flag : 0 Pid : 2941
09-14 16:14:05.157  3222  3698 D EPDG -- SIM0 [EpdgSubScription]: android.intent.action.BATTERY_CHANGED intent received.
09-14 16:14:05.159  1943 12022 W InputMethodManagerService: hideSoftInput : Ignoring, uid 10063: com.android.internal.view.IInputMethodClient$Stub$Proxy@87cd5a6
09-14 16:14:05.159  2941  2941 D KeyguardViewBase: show()
09-14 16:14:05.159  3217  3217 D TelephonyExtensionManager: lowBatterySound - batteryStatus: 5
09-14 16:14:05.159  3217  3217 D TelephonyExtensionManager: lowBatterySound - batteryLevel: 100
09-14 16:14:05.159  3217  3217 D TelephonyExtensionManager: lowBatterySound - cancel
09-14 16:14:05.160  3217  3217 D TelephonyExtension: Not stopping low battery tone
09-14 16:14:05.162  2941  2941 V KeyguardSecurityView: showPrimarySecurityScreen(turningOff=false)
09-14 16:14:05.162  2941  2941 D KeyguardSecurityView: showSecurityScreen(Password)
09-14 16:14:05.162 13349 13349 D charging_screen: Naive charging time: 0 s
09-14 16:14:05.166  1943  5763 I FingerprintService: Active Biometrics : true
09-14 16:14:05.167  2941  2941 D KeyguardUpdateMonitor: onKeyguardVisibilityChanged(true)
09-14 16:14:05.168  2941  2941 D ServiceBoxPageResetTimer: updateTimer() F=false
09-14 16:14:05.168  2941  2941 D KeyguardServiceBoxContainer: refreshTime() 0
09-14 16:14:05.168  2941  2941 I AOD_CLOCK@DigitalVerticalClockView: refresh : true
09-14 16:14:05.174  2941  2941 D KeyguardOwnerInfoView: updateOwnerInfo(hasCMAS): -1
09-14 16:14:05.175  2941  2941 I AOD_CLOCK@DigitalVerticalClockView: suspend : mSuspend = true, enable = true
09-14 16:14:05.178  2941  2941 D KeyguardFingerPrint: shouldListenForFingerprint ( isFingerprintEnabled = false , mKeyguardIsVisible = true , mDeviceInteractive = false , mBouncer = false , mGoingToSleep = true , mSwitchingUser = false , mKeyguardUnlocking = false
09-14 16:14:05.178  2941  2941 E KeyguardFingerPrint: updateFingerprintListeningState#mFingerprintRunningState=0 shouldListenForFingerprint=false
09-14 16:14:05.178  2941  2941 D KeyguardFingerPrint: stopListeningForFingerprint()
09-14 16:14:05.178  2941  2941 D KeyguardUpdateMonitor: sendKeyguardStateUpdated(true, false, false)
09-14 16:14:05.178  2941  2941 D KeyguardViewMediator: adjustStatusBarLocked: mShowing=true mOccluded=false isSecure=true --> flags=0x1200000
09-14 16:14:05.180  2941  2941 D KnoxStateMonitor: lockSdp :: Maybe keyguard shown as user 0
09-14 16:14:05.183  2941  2941 D PowerUI.Notification: dismissUnintentionallyLcdOnNotice
09-14 16:14:05.184  2941  2941 D KeyguardFingerPrint: shouldListenForFingerprint ( isFingerprintEnabled = false , mKeyguardIsVisible = true , mDeviceInteractive = false , mBouncer = false , mGoingToSleep = false , mSwitchingUser = false , mKeyguardUnlocking = false
09-14 16:14:05.184  2941  3128 V KeyguardUpdateMonitor: handleFinishedGoingToSleep(requestSessionOpen FP)
09-14 16:14:05.184  2941  2941 E KeyguardFingerPrint: updateFingerprintListeningState#mFingerprintRunningState=0 shouldListenForFingerprint=false
09-14 16:14:05.184  2941  2941 D KeyguardFingerPrint: stopListeningForFingerprint()
09-14 16:14:05.184  2941  2941 I Choreographer: Skipped 46 frames!  The application may be doing too much work on its main thread.
09-14 16:14:05.185  1943  5763 V FingerprintService: request(2) called from pid=2941, param = 0, id = 0
09-14 16:14:05.188  1169  1169 I vendor.samsung.hardware.biometrics.fingerprint@2.1-service: request()
09-14 16:14:05.188  1169  1169 D bauth_service: req(2)
09-14 16:14:05.190  1169  1169 D bauth_FPBAuthService: FPBAuthService, 6629
09-14 16:14:05.190  1169  1169 D bauth_TLC_Communicator: Call FUNC ID 0x3, 1
09-14 16:14:05.190  1169  1169 D bauth_TLC_Communicator: Call FUNC ID 0x10
09-14 16:14:05.190  1169  1169 I bauth_TLC_Communicator: QSApp SB Size is 2008576
09-14 16:14:05.190  1169  1169 D QSEECOMAPI: QSEECom_get_handle sb_length = 0x1ea600
09-14 16:14:05.191  1169  1169 D QSEECOMAPI: App is not loaded in QSEE
09-14 16:14:05.191  1169  1169 D QSEECOMAPI: app_arch = 2, total_files = 8
09-14 16:14:05.198  1943  2092 D WindowManager: set systemUiVisibility : systemUiFlags= 0x608 fullscreenStackSysUiFlags= 0x0
09-14 16:14:05.219  1943  3042 D InputDispatcher: Focus entered window: 2941
09-14 16:14:05.219 13230 13230 D ViewRootImpl@b6f8086[Sys2410:dream]: MSG_RESIZED_REPORT: frame=Rect(0, 0 - 1080, 1920) ci=Rect(0, 0 - 0, 0) vi=Rect(0, 72 - 0, 0) or=1
09-14 16:14:05.224  2941  2941 D ViewRootImpl@dd81531[StatusBar]: Relayout returned: old=[0,0][1920,72] new=[0,0][1080,1920] result=0x23 surface={valid=true 516605403136} changed=false
09-14 16:14:05.230  2941  2941 D KeyguardWallpaperController: onLayoutChange() v: com.android.systemui.statusbar.BackDropView{e85fd33 I.E...... ......ID 0,0-1080,1920 #7f0a0069 app:id/backdrop}, bottom : 1920, oldBottom : 72
09-14 16:14:05.230  2941  2941 D KeyguardWallpaperController: mShowing=true, mOccluded=false, mFadingAway=false, match_parent=true
09-14 16:14:05.232  2941  2941 D ScrollView:  onsize change changed 
09-14 16:14:05.239 12902 13093 D UE4     : *** JavaEnvDestructor: 13093
09-14 16:14:05.239  2941  3332 D OpenGLRenderer: eglDestroySurface = 0x78451fb120
09-14 16:14:05.242  2941  3332 D OpenGLRenderer: eglCreateWindowSurface = 0x78451fb120
09-14 16:14:05.333  2941  2941 D ViewRootImpl@dd81531[StatusBar]: MSG_RESIZED_REPORT: frame=Rect(0, 0 - 1080, 72) ci=Rect(0, 0 - 0, 0) vi=Rect(0, 0 - 0, 0) or=2
09-14 16:14:05.336  2941  2941 V Configuration:  needToUpdateOverlays
09-14 16:14:05.345  2941  2941 I chatty  : uid=10063(u0_a63) com.android.systemui identical 104 lines
09-14 16:14:05.345  2941  2941 V Configuration:  needToUpdateOverlays
09-14 16:14:05.347  2941  2941 D KeyguardServiceBoxContainer: setExpandState() isExpand = true, mIsExpanded = true, mIsScreenTurnedOn = false
09-14 16:14:05.347  2941  3308 D NetworkController.MobileSignalController(0/1): getMobileIconGroup(): 13
09-14 16:14:05.347  2941  3308 D NetworkController.MobileSignalController(0/1): updateVZWMobileIconGroup(): 13
09-14 16:14:05.348  1169  1169 D QSEECOMAPI: Loaded image: APP id = 578
09-14 16:14:05.350  1169  1169 D bauth_TLC_Communicator: FUNC ID 0x10 is completed
09-14 16:14:05.350  1169  1169 D bauth_TLC_Communicator: FUNC ID 0x3 is completed
09-14 16:14:05.350  1169  1169 D         : fprc : rc 
09-14 16:14:05.350  1169  1169 D bauth_FPBAuthSensorControl: FPBAuthSensorControl, 803
09-14 16:14:05.350  1169  1169 D bauth_FPBAuthService: FPBAuthService, 6654
09-14 16:14:05.350  1169  1169 D bauth_FPBAuthSensorControl: FPBAuthSensorControl, 639
09-14 16:14:05.350  1169  1169 D bauth_FPBAuthSensorControl: FPBAuthSensorControl, 647
09-14 16:14:05.356  2941  3308 D NetworkController.MobileSignalController(0/1): callState:0, callStateByPhone:false voLTECall:false voiceNetTpe:13 dataNetType:13, ine911:false, emergencyCallbackMode:false
09-14 16:14:05.362  2941  2941 D ViewRootImpl@e97024e[AssistPreviewPanel]: setView = com.android.systemui.assist.AssistOrbContainer{f53ef6f G.E...... ......I. 0,0-0,0} TM=true MM=false
09-14 16:14:05.362  1169  1169 D bauth_FPBAuthServiceStorage: FPBAuthServiceStorage, 539
09-14 16:14:05.362  1169  1169 D bauth_TLC_Communicator: Call FP cmd 0xc (48)
09-14 16:14:05.362  1169  1169 I bauth_TLC_Communicator: change qseecom bandwidth to high
09-14 16:14:05.365  1169  1169 D bauth_TLC_Communicator: Check the Trustlet return code is completed
09-14 16:14:05.365  1169  1169 D bauth_FPBAuthService: check_opcode status = 5, opcode = 0, func_ret_val = 0, function_status = 0, timeout = 0
09-14 16:14:05.365  1169  1169 D bauth_TLC_Communicator: Call FP cmd 0xc (49)
09-14 16:14:05.373  1169  1169 D bauth_TLC_Communicator: Check the Trustlet return code is completed
09-14 16:14:05.373  1169  1169 D bauth_TLC_Communicator: Call FP cmd 0xc (37)
09-14 16:14:05.373  1169  1169 D bauth_TLC_Communicator: reqUserID = User_0 | User_0
09-14 16:14:05.382  2941  2941 D ViewRootImpl@185b881[DockedStackDivider]: setView = com.android.systemui.stackdivider.DividerView{8ed0d26 I.E...... ......I. 0,0-0,0} TM=true MM=false
09-14 16:14:05.384  2941  2941 D ViewRootImpl@66966b0[DividerButtonsGroup]: dispatchDetachedFromWindow
09-14 16:14:05.384  2941  2941 D InputEventReceiver: channel 'c54d795 DividerButtonsGroup (client)' ~ Disposing input event receiver.
09-14 16:14:05.384  2941  2941 D InputEventReceiver: channel 'c54d795 DividerButtonsGroup (client)' ~NativeInputEventReceiver.
09-14 16:14:05.397  2941  2941 D ViewRootImpl@16ff6b9[DividerButtonsGroup]: setView = com.android.systemui.stackdivider.DividerButtonsGroup{5ee9afe I.E...... ......I. 0,0-0,0} TM=true MM=false
09-14 16:14:05.398  2941  2941 D ImageWallpaper: engine visible:false
09-14 16:14:05.399  2941  2941 D ViewRootImpl@dd81531[StatusBar]: MSG_RESIZED_REPORT: frame=Rect(0, 0 - 1080, 72) ci=Rect(0, 0 - 0, 0) vi=Rect(0, 0 - 0, 0) or=1
09-14 16:14:05.401  2941  2941 D MetadataParser: onConfigurationChanged()
09-14 16:14:05.403  1943 12022 D SecContentProvider: query(), uri = 17 selection = isSettingsChangesAllowed
09-14 16:14:05.405  1943 12022 I chatty  : uid=1000(system) Binder:1943_1F identical 1 line
09-14 16:14:05.414  1943 12022 D SecContentProvider: query(), uri = 17 selection = isSettingsChangesAllowed
09-14 16:14:05.418  2941  2941 I NotificationShelf: show backgroud: :false
09-14 16:14:05.419  2941  2941 D KeyguardUpdateMonitor: received broadcast android.intent.action.CONFIGURATION_CHANGED
09-14 16:14:05.427  2941  2941 D KeyguardCircleAffordanceView: setPreviewView: mRight=false,color=536870912
09-14 16:14:05.427  2941  2941 D KeyguardCircleAffordanceView: setPreviewView: mRight=false,color=536870912
09-14 16:14:05.428  2941  2941 D KeyguardCircleAffordanceView: setPreviewView: mRight=true,preview=android.widget.AbsoluteLayout{845925f I.E...... ......ID 0,0-0,0}
09-14 16:14:05.429  2941  2941 D KeyguardUpdateMonitor: received broadcast android.intent.action.BATTERY_CHANGED
09-14 16:14:05.429  2941  2941 D BatteryController: onReceive-ACTION_BATTERY_CHANGED : mLevel=100, mBatteryStatus=5
09-14 16:14:05.430  2941  2941 D PowerUI : priorPlugType = 2 mPlugType =  2
09-14 16:14:05.430  2941  2941 D KeyguardUpdateMonitor: handleKeyguardReset
09-14 16:14:05.430  2941  2941 D KeyguardFingerPrint: shouldListenForFingerprint ( isFingerprintEnabled = false , mKeyguardIsVisible = true , mDeviceInteractive = false , mBouncer = false , mGoingToSleep = false , mSwitchingUser = false , mKeyguardUnlocking = false
09-14 16:14:05.430  2941  2941 E KeyguardFingerPrint: updateFingerprintListeningState#mFingerprintRunningState=0 shouldListenForFingerprint=false
09-14 16:14:05.430  2941  2941 D KeyguardFingerPrint: stopListeningForFingerprint()
09-14 16:14:05.431  2941  2941 D KeyguardUpdateMonitor: handleKeyguardStateUpdated(Bundle[{timeStamp=1536959645178, occluded=false, bouncerShowing=false, showing=true}])
09-14 16:14:05.431  2941  2941 D StatusBar: disable<e i a s b H!R!c s q >
09-14 16:14:05.431  2941  2941 D CollapsedStatusBarFragment: disable<e I a S b H!R!c s q >
09-14 16:14:05.431  2941  2941 D BarTransitions.PhoneStatusBarView: MODE_OPAQUE -> MODE_TRANSPARENT animate=false
09-14 16:14:05.432  2941  2941 D ViewRootImpl@dd81531[StatusBar]: MSG_RESIZED_REPORT: frame=Rect(0, 0 - 1080, 1920) ci=Rect(0, 0 - 0, 0) vi=Rect(0, 0 - 0, 0) or=1
09-14 16:14:05.432  2941 13276 D KeyguardUpdateMonitor: broadcast intent= Intent { act=com.samsung.keyguard.KEYGUARD_STATE_UPDATE (has extras) }
09-14 16:14:05.432  2941  2941 D ViewRootImpl@dd81531[StatusBar]: MSG_WINDOW_FOCUS_CHANGED 1
09-14 16:14:05.432  1943  3039 D WindowManager: adjustSystemUiVisibilityLw : vis= 0x608
09-14 16:14:05.440  1169  1169 I bauth_TLC_Communicator: change qseecom bandwidth to low
09-14 16:14:05.440  1169  1169 D bauth_TLC_Communicator: Check the Trustlet return code is completed
09-14 16:14:05.440  1169  1169 D bauth_FPBAuthService: check_opcode status = 5, opcode = 0, func_ret_val = 0, function_status = 0, timeout = 0
09-14 16:14:05.441  1169  1169 D bauth_TLC_Communicator: Call FP cmd 0xc (47)
09-14 16:14:05.441  1169  1169 D bauth_TLC_Communicator: reqUserID = User_0 | User_0
09-14 16:14:05.441  1169  1169 I bauth_TLC_Communicator: change qseecom bandwidth to high
09-14 16:14:05.445  2941  2941 D ScrollView:  onsize change changed 
09-14 16:14:05.448  1169  1169 D bauth_TLC_Communicator: Check the Trustlet return code is completed
09-14 16:14:05.448  1169  1169 D bauth_FPBAuthService: check_opcode status = 5, opcode = 0, func_ret_val = 0, function_status = 0, timeout = 0
09-14 16:14:05.449  1943  5763 W FingerprintService: semStartRequest[2] FP_FINISH (262ms) RESULT: 0
09-14 16:14:05.449  1169  1169 E hw-IPCThreadState: binder thread pool (1 threads) starved for 261 ms
09-14 16:14:05.464  2941  2941 D ViewRootImpl@e97024e[AssistPreviewPanel]: dispatchAttachedToWindow
09-14 16:14:05.470  2941  2941 D ViewRootImpl@e97024e[AssistPreviewPanel]: Relayout returned: old=[0,0][0,0] new=[0,1920][1080,1920] result=0x1 surface={valid=false 0} changed=false
09-14 16:14:05.470  2941  2941 D ViewRootImpl@185b881[DockedStackDivider]: dispatchAttachedToWindow
09-14 16:14:05.477  2941  2941 D ViewRootImpl@185b881[DockedStackDivider]: Relayout returned: old=[0,0][0,0] new=[0,1855][1080,1999] result=0x1 surface={valid=false 0} changed=false
09-14 16:14:05.483  2941  2941 D ViewRootImpl@16ff6b9[DividerButtonsGroup]: dispatchAttachedToWindow
09-14 16:14:05.487  2941  2941 D ViewRootImpl@16ff6b9[DividerButtonsGroup]: Relayout returned: old=[0,0][0,0] new=[277,1852][803,2002] result=0x1 surface={valid=false 0} changed=false
09-14 16:14:05.489  2941  2941 D ViewRootImpl@8d9fe23[AssistPreviewPanel]: dispatchDetachedFromWindow
09-14 16:14:05.489  2941  2941 D InputEventReceiver: channel '418a9b4 AssistPreviewPanel (client)' ~ Disposing input event receiver.
09-14 16:14:05.490  2941  2941 D InputEventReceiver: channel '418a9b4 AssistPreviewPanel (client)' ~NativeInputEventReceiver.
09-14 16:14:05.494  2941  2941 D ViewRootImpl@98914bd[DockedStackDivider]: dispatchDetachedFromWindow
09-14 16:14:05.495  2941  2941 D InputEventReceiver: channel '720f7f DockedStackDivider (client)' ~ Disposing input event receiver.
09-14 16:14:05.495  2941  2941 D InputEventReceiver: channel '720f7f DockedStackDivider (client)' ~NativeInputEventReceiver.
09-14 16:14:05.506  2941  3308 D TileLifecycleManager: onStopListening
09-14 16:14:05.507  2941  3308 D TileLifecycleManager: onStopListening
09-14 16:14:05.508  2941  3308 D Tile.WifiTile: handleUpdateState enabledChanging
09-14 16:14:05.508  2941  2941 D KeyguardUpdateMonitor: handleConfigurationChanged
09-14 16:14:05.508  2941  3694 V SystemUIAnalytics: SAPreference : 1104 / 1
09-14 16:14:05.509  2941  2941 D KeyguardServiceBoxContainer: updateExpandState() >> START >> isExpand = true, mIsExpanded = true
09-14 16:14:05.509  2941  2941 D KeyguardServiceBoxContainer: updateExpandState() << END << same state
09-14 16:14:05.511  2941  3694 V SystemUIAnalytics: SAPreference : 1105 / 0
09-14 16:14:05.512  2941  3308 D Tile.RotationLockTile:  handleUpdateState: false orientation = true
09-14 16:14:05.512  2941  3694 V SystemUIAnalytics: SAPreference : 1107 / 1
09-14 16:14:05.514  2941  3308 D Tile.BluetoothTile: handleUpdateState enabled = true connected = false bluetoothState = 12
09-14 16:14:05.515  2941  3308 D Tile.AirplaneModeTile: # of NON-poweroff( in servicestate) : 1
09-14 16:14:05.515  2941  3308 D Tile.AirplaneModeTile:  handleUpdateState:  value false  state.dim false
09-14 16:14:05.516  2941  3694 V SystemUIAnalytics: SAPreference : 2014 / 0
09-14 16:14:05.518  2941  3308 D Tile.RotationLockTile:  handleUpdateState: false orientation = true
09-14 16:14:05.622  1079 13095 W libutils.threads: Thread (this=0xf1234730): don't call waitForExit() from this Thread object's thread. It's a guaranteed deadlock!
09-14 16:14:05.661   712   712 D audio_hw_primary: out_standby: enter: stream (0xe720e000) usecase(12: audio-ull-playback)
09-14 16:14:05.696   712   712 D audio_hw_primary: disable_audio_route: reset and update mixer path: audio-ull-playback speaker
09-14 16:14:05.697   712   712 D audio_route: Setting mixer control: PRI_MI2S_RX Audio Mixer MultiMedia3, value: 0
09-14 16:14:05.698   712   712 D hardware_info: hw_info_append_hw_type : device_name = speaker
09-14 16:14:05.698   712   712 D audio_hw_primary: disable_snd_device: snd_device(2: speaker)
09-14 16:14:05.698   712   712 V audio_hw_sec: [MAXIM] sec_dsm_spkr_prot_control_tx_topology() enable:0, dsm_is_enabled:1
09-14 16:14:05.713   712   712 D hardware_info: hw_info_append_hw_type : device_name = vi-feedback
09-14 16:14:05.713   712   712 D audio_hw_primary: disable_snd_device: snd_device(389: vi-feedback)
09-14 16:14:05.713   712   712 D audio_hw_primary: disable_audio_route: reset and update mixer path: spkr-vi-feedback
09-14 16:14:05.713   712   712 D audio_route: Setting mixer control: MultiMedia2 Mixer PRI_MI2S_TX, value: 0
09-14 16:14:05.714   712   712 V audio_hw_sec: [MAXIM] sec_dsm_spkr_prot_control_tx_topology() dsm disabled
09-14 16:14:05.714   712   712 D audio_hw_primary: out_standby: exit
09-14 16:14:05.891 12902 13117 D UE4     : *** JavaEnvDestructor: 13117
09-14 16:14:05.992 12902 12958 D UE4     : Unregistering volume receiver
09-14 16:14:05.993 12902 12958 D UE4     : Unregistering battery receiver
09-14 16:14:05.994 12902 12958 D UE4     : Unregistering headset receiver
09-14 16:14:05.998 12902 13087 D UE4     : *** JavaEnvDestructor: 13087
09-14 16:14:05.999 12902 13086 D UE4     : AndroidEGL::ResetDisplay()
09-14 16:14:06.003 12902 13086 D UE4     : *** JavaEnvDestructor: 13086
09-14 16:14:06.004 12902 12958 D UE4     : [2018.09.14-21.14.06:004][294]LogTemp: Android pause audio
09-14 16:14:06.004 12902 12958 D UE4     : Execution has been paused...
09-14 16:14:06.005 12902 12959 D UE4     : LogAndroidEvents: EnqueueAppEvent : 12, 0, tid = 12959
09-14 16:14:06.005 12902 12959 V threaded_app: APP_CMD_SAVE_STATE
09-14 16:14:06.015 12902 12902 D SurfaceView: BG show() Surface(name=Background for - SurfaceView - com.YourCompany.GiftGame/com.epicgames.ue4.GameActivity@a8dbcbc@0) android.view.SurfaceView{a8dbcbc V.E...... ........ 0,0-1920,1080}
09-14 16:14:06.016 12902 12902 D SurfaceView: surfaceDestroyed 1 android.view.SurfaceView{a8dbcbc V.E...... ........ 0,0-1920,1080}
09-14 16:14:06.016 12902 12902 V threaded_app: NativeWindowDestroyed: 0xd812cc60 -- 0xc87e6808
09-14 16:14:06.016 12902 12959 V threaded_app: APP_CMD_TERM_WINDOW
09-14 16:14:06.016 12902 12959 D UE4     : Case APP_CMD_TERM_WINDOW, tid = 12959
09-14 16:14:06.016 12902 12959 D UE4     : LogAndroidEvents: EnqueueAppEvent : 3, 0, tid = 12959
09-14 16:14:06.059  2983  2983 E adbd    : recv: OPEN 00001466 00000000 000c:73 68 65 6C 6C 2C 76 32 3A 70 73 00 
09-14 16:14:06.059  2983  2983 E adbd    : service_to_fd: shell,v2:ps
09-14 16:14:06.060  1943  1943 D PreBindingService: handleMessage : 1
09-14 16:14:06.070 13278 13278 E propClient: PropClient failed to load
09-14 16:14:06.083 13278 13278 E propClient: PropClient failed to load
09-14 16:14:06.107 12902 12958 D UE4     : LogAndroidEvents: Display: DequeueAppEvent : 12, 0
09-14 16:14:06.107 12902 12958 D UE4     : 
09-14 16:14:06.107 12902 12958 D UE4     : [2018.09.14-21.14.06:107][294]LogAndroid: Case APP_CMD_SAVE_STATE
09-14 16:14:06.107 12902 12958 D UE4     : [2018.09.14-21.14.06:107][294]LogAndroid: Case APP_CMD_TERM_WINDOW
09-14 16:14:06.108 12902 12958 D UE4     : [2018.09.14-21.14.06:107][294]LogAndroidEvents: Display: DequeueAppEvent : 12, 0
09-14 16:14:06.108 12902 12958 D UE4     : LogAndroidEvents: Display: DequeueAppEvent : 3, 0
09-14 16:14:06.108 12902 12958 D UE4     : 
09-14 16:14:06.108 12902 12958 D UE4     : [2018.09.14-21.14.06:108][294]LogAndroidEvents: Display: DequeueAppEvent : 3, 0
09-14 16:14:06.108 12902 12958 D UE4     : AndroidEGL::DestroyWindow()
09-14 16:14:06.108 12902 12958 D UE4     : AndroidEGL::UnBind()
09-14 16:14:06.108 12902 12958 D UE4     : AndroidEGL::ResetDisplay()
09-14 16:14:06.108 12902 12958 D UE4     : AndroidEGL::DestroySurface()
09-14 16:14:06.117 12902 12958 D UE4     : APP_EVENT_STATE_WINDOW_DESTROYED, 0, 0, 0
09-14 16:14:06.118 12902 12959 V threaded_app: APP_CMD_TERM_WINDOW
09-14 16:14:06.119 12902 12902 V threaded_app: Stop: 0xd812cc60
09-14 16:14:06.119 12902 12959 V threaded_app: activityState=14
09-14 16:14:06.119 12902 12959 D UE4     : LogAndroidEvents: EnqueueAppEvent : 8, 0, tid = 12959
09-14 16:14:06.121 12902 12902 D UE4     : ==============> GameActive.onStop complete!
09-14 16:14:06.125 12902 12902 D ViewRootImpl@c80008e[GameActivity]: MSG_WINDOW_FOCUS_CHANGED 0
09-14 16:14:06.126 12902 12902 V threaded_app: WindowFocusChanged: 0xd812cc60 -- 0
09-14 16:14:06.126 12902 12959 D UE4     : LogAndroidEvents: EnqueueAppEvent : 10, 0, tid = 12959
09-14 16:14:06.143 12902 12902 W IInputConnectionWrapper: getSelectedText on inactive InputConnection
09-14 16:14:06.144  2915  2915 E SKBD    : [IIManager] IIfo InputConnection is slow! type : 1 tookTime : 1350
09-14 16:14:06.144  2915  2915 I SKBD    : ajd [PF_KL][SIIC] getSelectedText done 1350
09-14 16:14:06.144  2915  2915 E SKBD    : axv [USICM][getSelectedText] updated, but null is returned
09-14 16:14:06.150 12902 12902 D SurfaceView: BG show() Surface(name=Background for - SurfaceView - com.YourCompany.GiftGame/com.epicgames.ue4.GameActivity@a8dbcbc@0) android.view.SurfaceView{a8dbcbc V.E...... ......ID 0,0-1920,1080}
09-14 16:14:06.154 12902 12961 D OpenGLRenderer: eglDestroySurface = 0xdce91ed8
09-14 16:14:06.156   760   859 I SurfaceFlinger: id=1862 Removed com.YourCompany.GiftGame/com.epicgames.ue4.GameActivity#1 (3/6)
09-14 16:14:06.157   760   859 I SurfaceFlinger: id=1862 Removed com.YourCompany.GiftGame/com.epicgames.ue4.GameActivity#1 (-2/6)
09-14 16:14:06.163 12902 12902 D ViewRootImpl@c80008e[GameActivity]: Relayout returned: old=[0,0][1920,1080] new=[0,0][1920,1080] result=0x5 surface={valid=false 0} changed=true
09-14 16:14:06.163 12902 12902 W IInputConnectionWrapper: getTextBeforeCursor on inactive InputConnection
09-14 16:14:06.164  2915  2915 I SKBD    : ajd [PF_KL][SIIC] getTextBeforeCursor[127] done 20
09-14 16:14:06.165 12902 12902 W IInputConnectionWrapper: getTextAfterCursor on inactive InputConnection
09-14 16:14:06.165  2915  2915 I SKBD    : ajd [PF_KL][SIIC] getTextAfterCursor[127] done  1
09-14 16:14:06.165  2915  2915 I SKBDC   : TymeCore cASl
09-14 16:14:06.165  2915  2915 I SKBDC   : ?? 50
09-14 16:14:06.166  2915  2915 I SKBD    : awo checkCocktailBar() first use took : 0
09-14 16:14:06.169   760   760 I Layer   : id=1862 onRemoved com.YourCompany.GiftGame/com.epicgames.ue4.GameActivity#1 
09-14 16:14:06.169   760   760 I Layer   : id=1864 onRemoved Background for - SurfaceView - com.YourCompany.GiftGame/com.epicgames.ue4.GameActivity@a8dbcbc@0#0 
09-14 16:14:06.169   760   760 I Layer   : id=1863 onRemoved SurfaceView - com.YourCompany.GiftGame/com.epicgames.ue4.GameActivity@a8dbcbc@0#0 
09-14 16:14:06.169  2915  2915 I SKBD    : aje SKBD mScreenLockReceiver onReceive()
09-14 16:14:06.173  1943 12022 D SecContentProvider: query(), uri = 16 selection = isLockScreenEnabled
09-14 16:14:06.175  2915  2915 I SKBD_UnifiedIME: ToolBarManager setToolbarVisibility, visible = false
09-14 16:14:06.182  3203  3203 D NfcService: Top activity class name = com.epicgames.ue4.GameActivity
09-14 16:14:06.182  3203  3203 D NfcService: FactoryTestApp is not running, keep going
09-14 16:14:06.187  3203 13280 D NfcService: call the applyRouting
09-14 16:14:06.190  2941  3308 D NetworkController.MobileSignalController(0/1): onDataActivity: direction=0
09-14 16:14:06.190  3222  3698 D EPDG -- SIM0 [EpdgSubScription]: onDataActivity: direction=0
09-14 16:14:06.193  3222  3698 D EPDG -- SIM0 [EpdgSubScription]: onDataActivity: direction=0
09-14 16:14:06.193  2941  3308 D NetworkController.MobileSignalController(0/1): onDataActivity: direction=0
09-14 16:14:06.217  3222  3698 D EPDG -- SIM0 [EpdgSubScription]: android.intent.action.PRECISE_DATA_CONNECTION_STATE_CHANGED intent received.
09-14 16:14:06.219 12902 12958 D UE4     : LogAndroidEvents: Display: DequeueAppEvent : 8, 0
09-14 16:14:06.219 12902 12958 D UE4     : 
09-14 16:14:06.219 12902 12958 D UE4     : [2018.09.14-21.14.06:219][294]LogAndroid: Case APP_CMD_STOP
09-14 16:14:06.219 12902 12958 D UE4     : [2018.09.14-21.14.06:219][294]LogAndroid: Case APP_CMD_LOST_FOCUS
09-14 16:14:06.219 12902 12958 D UE4     : [2018.09.14-21.14.06:219][294]LogAndroidEvents: Display: DequeueAppEvent : 8, 0
09-14 16:14:06.219 12902 12958 D UE4     : LogAndroidEvents: Display: DequeueAppEvent : 10, 0
09-14 16:14:06.219 12902 12958 D UE4     : 
09-14 16:14:06.220 12902 12958 D UE4     : [2018.09.14-21.14.06:219][294]LogAndroidEvents: Display: DequeueAppEvent : 10, 0
09-14 16:14:06.236  3217  3217 D PhoneApp: PhoneAppBroadcastReceiver onReceive android.intent.action.ANY_DATA_STATE
09-14 16:14:06.236  3217  3217 D NetworkUIGlobals: PhoneAppBroadcastReceiver onReceive android.intent.action.ANY_DATA_STATE
09-14 16:14:06.237  3217  3217 D ReflectUtil: getPhoneId is called
09-14 16:14:06.238  3217  3217 D NetworkUIGlobals: mReceiver: ACTION_ANY_DATA_CONNECTION_STATE_CHANGED
09-14 16:14:06.238  3217  3217 D NetworkUIGlobals: - state: CONNECTED apnType= ims
09-14 16:14:06.238  3217  3217 D NetworkUIGlobals: - reason: SCREEN_OFF
09-14 16:14:06.238  3217  3217 D NetworkUIGlobals: - subId: 1
09-14 16:14:06.238  3217  3217 D NetworkUIGlobals: - phoneId: 0
09-14 16:14:06.238  3217  3217 I NetworkProxy: getPhoneCount : 1
09-14 16:14:06.238  3217  3217 I NetworkProxy: isValidPhoneId : true
09-14 16:14:06.238  3217  3217 D NetworkUIGlobals: ACTION_ANY_DATA_CONNECTION_STATE_CHANGED : not default APN
09-14 16:14:06.238  3222  3698 D EPDG -- SIM0 [EpdgSubScription]: android.intent.action.PRECISE_DATA_CONNECTION_STATE_CHANGED intent received.
09-14 16:14:06.238  3217  3217 D PhoneApp: PhoneAppBroadcastReceiver onReceive android.intent.action.ANY_DATA_STATE
09-14 16:14:06.239  3217  3217 D NetworkUIGlobals: PhoneAppBroadcastReceiver onReceive android.intent.action.ANY_DATA_STATE
09-14 16:14:06.241  3217  3217 D ReflectUtil: getPhoneId is called
09-14 16:14:06.241  3217  3217 D NetworkUIGlobals: mReceiver: ACTION_ANY_DATA_CONNECTION_STATE_CHANGED
09-14 16:14:06.241  3217  3217 D NetworkUIGlobals: - state: CONNECTED apnType= default
09-14 16:14:06.241  3217  3217 D NetworkUIGlobals: - reason: SCREEN_OFF
09-14 16:14:06.241  3217  3217 D NetworkUIGlobals: - subId: 1
09-14 16:14:06.241  3210  3893 D VolteServiceModule: onSreenOnOffChanged: on =0
09-14 16:14:06.241  3217  3217 D NetworkUIGlobals: - phoneId: 0
09-14 16:14:06.241  3217  3217 I NetworkProxy: getPhoneCount : 1
09-14 16:14:06.241  3217  3217 I NetworkProxy: isValidPhoneId : true
09-14 16:14:06.241  3210  3893 D StackIF[0]: updateScreenOnOff: on 0
09-14 16:14:06.241  3217  3217 I RoamingManager: state - CONNECTED
09-14 16:14:06.241  3217  3217 D PhoneProxy: getServiceState() : 0 0 voice home data home  LTE LTE CSS not supported RoamInd=1 DefRoamInd=0 VoiceRegType=0 ImsVoiceAvail=1 IsEbSupport=1 IsEaBarred=2 Snap=0 MobileVoice=1 Unknown MobileData=0 home LTE PsOnly=true FemtocellInd=0 EmergOnly=false IsDataRoamingFromRegistration=false IsUsingCarrierAggregation=false mLteEarfcnRsrpBoost=0
09-14 16:14:06.242  1943  4087 V LocSvc_HIDL_Subscription_jni: screen_status_update
09-14 16:14:06.242  3217  3217 D FileWriteThread: FileWriteThread : threadType = 2
09-14 16:14:06.242  1943  4087 V LocSvc_HIDL_Subscription_jni: [screen_status_update][485] [HC] =>> [HS]
09-14 16:14:06.245  1157  1275 V LocSvc_HIDL_IzatSubscription: [screenStatusUpdate][552] [HS] <<<<= [HC]
09-14 16:14:06.248  1157  1246 I LocSvc_SystemStatusOsObserver: DataItem: IS_SCREEN_ON: false >> IZAT-MANAGER
09-14 16:14:06.248  1943  4087 V LocSvc_HIDL_Subscription_jni: Exit Result 0
09-14 16:14:06.248  1157  4165 I LocSvc_libulp: ulp_msg_process_system_update: systemEvent:6 
09-14 16:14:06.248  1157  4165 I LocSvc_libulp: ulp_msg_process_start_req, at ulp state = 1
09-14 16:14:06.252  3222  3698 D EPDG -- SIM0 [EpdgSubScription]: android.intent.action.SCREEN_OFF intent received.
09-14 16:14:06.255  3826  3826 D SecUIScreenReceiver: Intent received = android.intent.action.SCREEN_OFF
09-14 16:14:06.256  3826  3826 E LibSecureUISvc: svc_sock_send_message(suisvc): invalid remote socket suitch
09-14 16:14:06.257  3826  3826 E LibSecureUISvc: svc_sock_send_message(suisvc): invalid remote socket suilst
09-14 16:14:06.257  3222  3698 D EPDG -- SIM0 [EpdgSubScription]: getIsAirplaneMode: returning: false
09-14 16:14:06.258  3217 13281 D FileWriteThread: dataChargingCutOff : skip same state - true
09-14 16:14:06.261  3222  3698 D EPDG -- SIM0 [EpdgSubScription]: mScreenOffIntentReceiver: Removing periodic DNS pending intent
09-14 16:14:06.267  3222  3698 D EPDG -- SIM0 [EpdgPeriodicDns]: resetTimerForPeriodicDns: Reset DNS retry counter
09-14 16:14:06.267  3222  3698 D EPDG -- SIM0 [EpdgPeriodicDns]: Periodic DNS intent is cancelled
09-14 16:14:06.273  2941  2941 D PowerUI.Notification: dismissUnintentionallyLcdOnNotice
09-14 16:14:06.283  3210  3893 D SECIMSJ[0]: [0875]> REQUEST_UPDATE_COMMON_CONFIG
09-14 16:14:06.290  3210  3890 D [IMS6.0]: IMS_onResponse() Resp Id:101
09-14 16:14:06.299  3210  3890 D StackIF : readMessage: messageType 1 tid 875 pduLength 10
09-14 16:14:06.312  3210  3890 D SECIMSJ[0]: [0875]< REQUEST_UPDATE_COMMON_CONFIG
09-14 16:14:06.312  3210  3890 D StackIF[0]: processResponse: reqId 2
09-14 16:14:06.312  3210  3890 D StackIF[0]: processResponse: handle 0 result REQUEST_SUCCESS reason REASON_NO_ERROR
09-14 16:14:06.328 18871 13282 I System.out: (HTTPLog)-Static: isSBSettingEnabled false
09-14 16:14:06.328 18871 13282 I System.out: (HTTPLog)-Static: isSBSettingEnabled false
09-14 16:14:06.328 18871 20778 D BluetoothAdapter: STATE_ON
09-14 16:14:06.328 28521 28521 D Receiver_Screen: onReceive:  in=1536959646328
09-14 16:14:06.328 28521 28521 D Receiver_Screen: onReceive: ACTION_SCREEN_OFF
09-14 16:14:06.329 18871 20778 D BluetoothAdapter: STATE_ON
09-14 16:14:06.329 18871 20778 I chatty  : uid=10016(u0_a16) NearbyDirectMai identical 1 line
09-14 16:14:06.330 18871 20778 D BluetoothAdapter: STATE_ON
09-14 16:14:06.330 18871 20778 D BluetoothLeScanner: Stop Scan with callback
09-14 16:14:06.330 28521 28521 D Receiver_Screen: onReceive: out=1536959646330
09-14 16:14:06.330  1136  1542 D DnsProxyListener: DNSDBG::dns addrinfo af 2
09-14 16:14:06.335  2902  3749 W bt_btm  : btm_ble_disable_resolving_list() rl_state = 0x1b, rl_mask = 0x2, to_resume = 1
09-14 16:14:06.348  2902  3672 E BtGatt.GattService: [GSIM LOG]: gsimLogHandler, msg: MESSAGE_SCAN_STOP, appName: com.google.uid.shared, scannerId: 5, reportDelayMillis=0
09-14 16:14:06.383  1766  1766 V AllShare(ASF-DMC): SystemEventMonitor.checkScreenState - SCREEN STATE: OFF
09-14 16:14:06.384  1766  1863 D AllShare(ASF-DMC): NetworkStatusListener.eventNotifyReceived - this is not NIC related event!
09-14 16:14:06.384  1766  1863 D AllShare(ASF-DMC): DeviceSubscriber.eventNotifyReceived - receive system event: com.sec.android.allshare.event.EVENT_SCREEN_OFF
09-14 16:14:06.384  1766  1863 D AllShare(ASF-DMC): DeviceSubscriber.eventNotifyReceived - EVENT_SCREEN_OFF, clean all subscribed devices!
09-14 16:14:06.384  1766  1863 I AllShare(ASF_DMC): [JNI] JavaSetScreenStatus: 103: Enter AllShareFrameworkCoreNativeAPI_setScreenStatus, j_on_off=0
09-14 16:14:06.384  1766  1863 I AllShare(ASF_DMC): 
09-14 16:14:06.384  1766  1863 V AllShare(ASF_DMC): [CP_DISCOVERY] DisableAutoRescan: 248: Auto rescan already stopped 
09-14 16:14:06.384  1766  1863 V AllShare(ASF_DMC): [NETWORK_LAYER] ConfigureMulticastSupport: 654: Disabling udp servers!!!
09-14 16:14:06.384  1766  1863 D AllShare(ASF_DMC): [NETWORK_LAYER] Stop: 128: Leaving multicast group at interface [wlan0]
09-14 16:14:06.385  1766  1828 E AllShare(ASF_DMC): [NETWORK_LAYER] receive_handler: 263: [Multicast Server::receive_handler] Canceled [Operation Canceled]
09-14 16:14:06.385  1766  1827 E AllShare(ASF_DMC): [NETWORK_LAYER] read_handler: 230: [UDPServer::read_handler] Canceled [Operation Canceled]
09-14 16:14:07.309  2983  2983 E adbd    : recv: OPEN 0000146a 00000000 000c:73 68 65 6C 6C 2C 76 32 3A 70 73 00 
09-14 16:14:07.310  2983  2983 E adbd    : service_to_fd: shell,v2:ps
09-14 16:14:07.353 13285 13285 E propClient: PropClient failed to load
09-14 16:14:07.381 13285 13285 E propClient: PropClient failed to load
09-14 16:14:07.896  2983  2983 E adbd    : recv: OPEN 0000146b 00000000 0009:74 63 70 3A 36 36 36 36 00 
09-14 16:14:07.897  2983  2983 E adbd    : service_to_fd: tcp:6666
09-14 16:14:07.901  1136  1542 D DnsProxyListener: DNSDBG::dns addrinfo af 2
09-14 16:14:07.909  2983  2983 E adbd    : failed to connect to socket 'tcp:6666': Connection refused
09-14 16:14:08.724  2983  2983 E adbd    : recv: OPEN 0000146f 00000000 000c:73 68 65 6C 6C 2C 76 32 3A 70 73 00 
09-14 16:14:08.725  2983  2983 E adbd    : service_to_fd: shell,v2:ps
09-14 16:14:08.771 13289 13289 E propClient: PropClient failed to load
09-14 16:14:08.798 13289 13289 E propClient: PropClient failed to load
09-14 16:14:09.913  2983  2983 E adbd    : recv: OPEN 00001472 00000000 0009:74 63 70 3A 36 36 36 36 00 
09-14 16:14:09.914  2983  2983 E adbd    : service_to_fd: tcp:6666
09-14 16:14:09.917  1136  1542 D DnsProxyListener: DNSDBG::dns addrinfo af 2
09-14 16:14:09.924  2983  2983 E adbd    : failed to connect to socket 'tcp:6666': Connection refused
09-14 16:14:10.210  2983  2983 E adbd    : recv: OPEN 00001476 00000000 000c:73 68 65 6C 6C 2C 76 32 3A 70 73 00 
09-14 16:14:10.211  2983  2983 E adbd    : service_to_fd: shell,v2:ps
09-14 16:14:10.263 13292 13292 E propClient: PropClient failed to load
09-14 16:14:10.293 13292 13292 E propClient: PropClient failed to load
09-14 16:14:10.946  1943  3042 I ApplicationPolicy: isApplicationExternalStorageWhitelisted:com.samsung.android.email.provider user:0
09-14 16:14:10.946  1943  3042 D ApplicationPolicy: isApplicationExternalStorageWhitelisted: DO is not enabled on user 0. Allowed.
09-14 16:14:10.947  1943  3042 I ApplicationPolicy: isApplicationExternalStorageBlacklisted:com.samsung.android.email.provider user:0
09-14 16:14:10.947  1943  3042 D ApplicationPolicy: isApplicationExternalStorageBlacklisted: DO is not enabled on user 0. Allowed.
09-14 16:14:11.012 13294 13294 E Zygote  : isWhitelistProcess - Process is Whitelisted
09-14 16:14:11.015 13294 13294 E Zygote  : isSdpEnabledProcess - SDP enabled
09-14 16:14:11.020 13294 13294 E Zygote  : isSdpEnabledProcess - SDP enabled
09-14 16:14:11.023 13294 13294 W SELinux : SELinux selinux_android_compute_policy_index : Policy Index[2],  Con:u:r:zygote:s0 RAM:SEPF_SM-G930V_8.0.0_0007, [-1 -1 -1 -1 0 1]
09-14 16:14:11.024 13294 13294 I SELinux : SELinux: seapp_context_lookup: seinfo=platform, level=s0:c512,c768, pkgname=com.samsung.android.email.provider 
09-14 16:14:11.080 13294 13294 D TimaKeyStoreProvider: TimaKeyStore is not enabled: cannot add TimaSignature Service and generateKeyPair Service
09-14 16:14:11.081 13294 13294 D ActivityThread: Added TimaKeyStore provider
09-14 16:14:11.178 13294 13294 I zygote64: find the special shared library, skip check
09-14 16:14:11.206 13294 13294 I chatty  : uid=10051(u0_a51) com.samsung.android.email.provider identical 3 lines
09-14 16:14:11.214 13294 13294 I zygote64: find the special shared library, skip check
09-14 16:14:11.419  2902  3038 E bt_btif : btif_dm_upstreams_evt: ev: BTA_DM_ENER_INFO_READ
09-14 16:14:11.450 13294 13294 I BNRClientProivder, VERSION : 1.7.5: register - xml6 quick_backup : Email, QJ5JBlRnP9, com.samsung.android.email.provider.service.sCloudBNRService
09-14 16:14:11.451 13294 13294 I QBNRClientHelper: init SyncClientHelper : Email
09-14 16:14:11.451 13294 13294 I BNRClientProivder, VERSION : 1.7.5: register - xml6 quick_backup : EMAILFOLDER, 55LAYJm0O2, com.samsung.android.email.provider.service.sCloudBNRService2
09-14 16:14:11.451 13294 13294 I QBNRClientHelper: init SyncClientHelper : EMAILFOLDER
09-14 16:14:11.531 13294 13294 I RuntimePermission: 0
09-14 16:14:11.538 13294 13294 I chatty  : uid=10051(u0_a51) com.samsung.android.email.provider identical 1 line
09-14 16:14:11.540 13294 13294 I RuntimePermission: 0
09-14 16:14:11.563  1943 13309 I BarTender:BatteryStatsDumper: writing to daily db completed
09-14 16:14:11.567 13294 13294 D SamsungAnalytics111040: cf feature is supported
09-14 16:14:11.569  1943 13309 I BarTender:BatteryStatsDumper: writing to weekly db completed
09-14 16:14:11.569  1943 13309 I BarTender:BatteryStatsDumper: refreshstats completed
09-14 16:14:11.569  1943 13309 I BarTender:GATHERERBATTSTATS: set - time:1536959651569
09-14 16:14:11.569  1943 13309 I BarTender:ANALYZERBATTSTATS: Observer from Gatherer - time:1536959651569
09-14 16:14:11.569  1943  2457 I BarTender:ANALYZERBATTSTATS: MSG_TYPE_BARTENDER_CHECK_POWER::
09-14 16:14:11.569  1943  2457 I BarTender:BatteryStatsDBHelper: checkForPowerThreshold called : 1536959651569
09-14 16:14:11.571 13294 13319 D skia    : --- SkAndroidCodec::NewFromStream returned null
09-14 16:14:11.573 13294 13294 D SamsungAnalytics111040: [Tracker] Tracker start:1.11.040
09-14 16:14:11.581 13294 13319 D skia    : --- SkAndroidCodec::NewFromStream returned null
09-14 16:14:11.584 13294 13319 D skia    : --- SkAndroidCodec::NewFromStream returned null
09-14 16:14:11.601 13294 13323 D Protocol: Email::grantAccessForAllEmailAliases() - grant permissions for aliases start
09-14 16:14:11.611 13294 13323 W Protocol: Email::grantAccessForAKS() - alias is null
09-14 16:14:11.611 13294 13323 I chatty  : uid=10051(u0_a51) com.samsung.android.email.provider identical 1 line
09-14 16:14:11.611 13294 13323 W Protocol: Email::grantAccessForAKS() - alias is null
09-14 16:14:11.633  2983  2983 E adbd    : recv: OPEN 0000147a 00000000 000c:73 68 65 6C 6C 2C 76 32 3A 70 73 00 
09-14 16:14:11.634  2983  2983 E adbd    : service_to_fd: shell,v2:ps
09-14 16:14:11.644 13329 13329 E propClient: PropClient failed to load
09-14 16:14:11.655 13329 13329 E propClient: PropClient failed to load
09-14 16:14:11.742 13294 13326 D EmailProvider: cached Inbox 1/14
09-14 16:14:11.927  2983  2983 E adbd    : recv: OPEN 0000147b 00000000 0009:74 63 70 3A 36 36 36 36 00 
09-14 16:14:11.928  2983  2983 E adbd    : service_to_fd: tcp:6666
09-14 16:14:11.933  1136  1542 D DnsProxyListener: DNSDBG::dns addrinfo af 2
09-14 16:14:11.941  2983  2983 E adbd    : failed to connect to socket 'tcp:6666': Connection refused
09-14 16:14:12.889  2983  2983 E adbd    : recv: OPEN 0000147f 00000000 000c:73 68 65 6C 6C 2C 76 32 3A 70 73 00 
09-14 16:14:12.890  2983  2983 E adbd    : service_to_fd: shell,v2:ps
09-14 16:14:12.931 13333 13333 E propClient: PropClient failed to load
09-14 16:14:12.959 13333 13333 E propClient: PropClient failed to load
09-14 16:14:13.274  2941  3308 D NetworkController.MobileSignalController(0/1): onSignalStrengthsChanged signalStrength=SignalStrength: 99 99 -120 -160 -120 -1 -1 24 -92 -10 160 2147483647 0 2147483647 0x4000 P gsm|lte level=4
09-14 16:14:13.275  2941  3308 D NetworkController.MobileSignalController(0/1): getMobileIconGroup(): 13
09-14 16:14:13.275  2941  3308 D NetworkController.MobileSignalController(0/1): updateVZWMobileIconGroup(): 13
09-14 16:14:13.288  3222  3698 D EPDG -- SIM0 [SMARTWIFI]: onSignalStrengthsChanged: Received signal strength change, phone type is: 2
09-14 16:14:13.290  3222  5419 D EPDG -- SIM0 [SMARTWIFI]: lastLteRSRP is -94currentLteRSRP is -92
09-14 16:14:13.290  3222  5419 D EPDG -- SIM0 [SMARTWIFI]: lastLteRSRQ is -10currentLteRSRQ is -10
09-14 16:14:13.290  3222  5419 D EPDG -- SIM0 [SMARTWIFI]: lastCdmaDb is -16currentCdmaDb is -16
09-14 16:14:13.290  3222  5419 V EPDG -- SIM0 [SMARTWIFI]: Radio oldest entry removed
09-14 16:14:13.290  3222  5419 V EPDG -- SIM0 [SMARTWIFI]: New entry : (SignalStrength: 99 99 -120 -160 -120 -1 -1 24 -92 -10 160 2147483647 0 2147483647 0x4000 P gsm|lte : 0 )
09-14 16:14:13.290  3222  5419 V EPDG -- SIM0 [SMARTWIFI]: Radio entry added
09-14 16:14:13.293  2941  3308 D NetworkController.MobileSignalController(0/1): callState:0, callStateByPhone:false voLTECall:false voiceNetTpe:13 dataNetType:13, ine911:false, emergencyCallbackMode:false
09-14 16:14:13.948  2983  2983 E adbd    : recv: OPEN 00001480 00000000 0009:74 63 70 3A 36 36 36 36 00 
09-14 16:14:13.948  2983  2983 E adbd    : service_to_fd: tcp:6666
09-14 16:14:13.951  1136  1542 D DnsProxyListener: DNSDBG::dns addrinfo af 2
09-14 16:14:13.962  2983  2983 E adbd    : failed to connect to socket 'tcp:6666': Connection refused
09-14 16:14:14.465  2983  2983 E adbd    : recv: OPEN 00001484 00000000 000c:73 68 65 6C 6C 2C 76 32 3A 70 73 00 
09-14 16:14:14.465  2983  2983 E adbd    : service_to_fd: shell,v2:ps
09-14 16:14:14.508 13339 13339 E propClient: PropClient failed to load
09-14 16:14:14.539 13339 13339 E propClient: PropClient failed to load
09-14 16:14:15.455  1943  1943 I MotionRecognitionService: Plugged
09-14 16:14:15.455  1943  1943 D MotionRecognitionService:   mCableConnection= 1
09-14 16:14:15.456  1943  1943 D MotionRecognitionService: setPowerConnected : mGripEnabled = false
09-14 16:14:15.456  1943  1943 D SamsungPhoneWindowManager: ACTION_BATTERY_CHANGED - Level :: 100, battStatus :: 5
09-14 16:14:15.459  2941  2941 D KeyguardUpdateMonitor: received broadcast android.intent.action.BATTERY_CHANGED
09-14 16:14:15.460  2941  2941 D BatteryController: onReceive-ACTION_BATTERY_CHANGED : mLevel=100, mBatteryStatus=5
09-14 16:14:15.465  3217  3217 D PhoneApp: PhoneAppBroadcastReceiver onReceive android.intent.action.BATTERY_CHANGED
09-14 16:14:15.466  3217  3217 D TelephonyExtensionManager: lowBatterySound - isLowBatterySoundScheduled: false
09-14 16:14:15.467  2902  2902 V HeadsetService: Received Intent.ACTION_BATTERY_CHANGED
09-14 16:14:15.467  3217  3217 D TelephonyExtensionManager: lowBatterySound - isPlayNow: false
09-14 16:14:15.468  2902  4136 D HeadsetStateMachine: Disconnected process message: 10, size: 0
09-14 16:14:15.470  3222  3698 D EPDG -- SIM0 [EpdgSubScription]: android.intent.action.BATTERY_CHANGED intent received.
09-14 16:14:15.471  2941  2941 D PowerUI : priorPlugType = 2 mPlugType =  2
09-14 16:14:15.472  3217  3217 D TelephonyExtensionManager: isSpeakerON - false
09-14 16:14:15.482 13349 13349 D charging_screen: Naive charging time: 0 s
09-14 16:14:15.485  3217  3217 D TelephonyExtensionManager: lowBatterySound - batteryStatus: 5
09-14 16:14:15.485  3217  3217 D TelephonyExtensionManager: lowBatterySound - batteryLevel: 100
09-14 16:14:15.485  3217  3217 D TelephonyExtensionManager: lowBatterySound - cancel
09-14 16:14:15.487  3217  3217 D TelephonyExtension: Not stopping low battery tone
09-14 16:14:15.929  2983  2983 E adbd    : recv: OPEN 00001488 00000000 000c:73 68 65 6C 6C 2C 76 32 3A 70 73 00 
09-14 16:14:15.929  2983  2983 E adbd    : service_to_fd: shell,v2:ps
09-14 16:14:15.966  2983  2983 E adbd    : recv: OPEN 00001489 00000000 0009:74 63 70 3A 36 36 36 36 00 
09-14 16:14:15.966  2983  2983 E adbd    : service_to_fd: tcp:6666
09-14 16:14:15.969  1136  1542 D DnsProxyListener: DNSDBG::dns addrinfo af 2
09-14 16:14:15.972 13341 13341 E propClient: PropClient failed to load
09-14 16:14:15.973  2983  2983 E adbd    : failed to connect to socket 'tcp:6666': Connection refused
09-14 16:14:15.998 13341 13341 E propClient: PropClient failed to load
09-14 16:14:17.388  2983  2983 E adbd    : recv: OPEN 0000148d 00000000 000c:73 68 65 6C 6C 2C 76 32 3A 70 73 00 
09-14 16:14:17.389  2983  2983 E adbd    : service_to_fd: shell,v2:ps
09-14 16:14:17.429 13344 13344 E propClient: PropClient failed to load
09-14 16:14:17.458 13344 13344 E propClient: PropClient failed to load
09-14 16:14:17.976  2983  2983 E adbd    : recv: OPEN 0000148e 00000000 0009:74 63 70 3A 36 36 36 36 00 
09-14 16:14:17.977  2983  2983 E adbd    : service_to_fd: tcp:6666
09-14 16:14:17.978  1136  1542 D DnsProxyListener: DNSDBG::dns addrinfo af 2
09-14 16:14:17.987  2983  2983 E adbd    : failed to connect to socket 'tcp:6666': Connection refused
09-14 16:14:18.844  2983  2983 E adbd    : recv: OPEN 00001492 00000000 000c:73 68 65 6C 6C 2C 76 32 3A 70 73 00 
09-14 16:14:18.845  2983  2983 E adbd    : service_to_fd: shell,v2:ps
09-14 16:14:18.888 13348 13348 E propClient: PropClient failed to load
09-14 16:14:18.917 13348 13348 E propClient: PropClient failed to load
09-14 16:14:19.991  2983  2983 E adbd    : recv: OPEN 00001493 00000000 0009:74 63 70 3A 36 36 36 36 00 
09-14 16:14:19.992  2983  2983 E adbd    : service_to_fd: tcp:6666
09-14 16:14:19.995  1136  1542 D DnsProxyListener: DNSDBG::dns addrinfo af 2
09-14 16:14:20.002  2983  2983 E adbd    : failed to connect to socket 'tcp:6666': Connection refused
09-14 16:14:20.266  2983  2983 E adbd    : recv: OPEN 00001497 00000000 000c:73 68 65 6C 6C 2C 76 32 3A 70 73 00 
09-14 16:14:20.266  2983  2983 E adbd    : service_to_fd: shell,v2:ps
09-14 16:14:20.309 13352 13352 E propClient: PropClient failed to load
09-14 16:14:20.337 13352 13352 E propClient: PropClient failed to load
09-14 16:14:21.842  2983  2983 E adbd    : recv: OPEN 0000149d 00000000 000c:73 68 65 6C 6C 2C 76 32 3A 70 73 00 
09-14 16:14:21.843  2983  2983 E adbd    : service_to_fd: shell,v2:ps
09-14 16:14:21.887 13354 13354 E propClient: PropClient failed to load
09-14 16:14:21.916 13354 13354 E propClient: PropClient failed to load
09-14 16:14:22.005  2983  2983 E adbd    : recv: OPEN 0000149e 00000000 0009:74 63 70 3A 36 36 36 36 00 
09-14 16:14:22.005  2983  2983 E adbd    : service_to_fd: tcp:6666
09-14 16:14:22.007  1136  1542 D DnsProxyListener: DNSDBG::dns addrinfo af 2
09-14 16:14:22.011  2983  2983 E adbd    : failed to connect to socket 'tcp:6666': Connection refused
09-14 16:14:23.265  2983  2983 E adbd    : recv: OPEN 000014a2 00000000 000c:73 68 65 6C 6C 2C 76 32 3A 70 73 00 
09-14 16:14:23.265  2983  2983 E adbd    : service_to_fd: shell,v2:ps
09-14 16:14:23.307 13357 13357 E propClient: PropClient failed to load
09-14 16:14:23.336 13357 13357 E propClient: PropClient failed to load
09-14 16:14:24.015  2983  2983 E adbd    : recv: OPEN 000014a3 00000000 0009:74 63 70 3A 36 36 36 36 00 
09-14 16:14:24.016  2983  2983 E adbd    : service_to_fd: tcp:6666
09-14 16:14:24.018  1136  1542 D DnsProxyListener: DNSDBG::dns addrinfo af 2
09-14 16:14:24.025  2983  2983 E adbd    : failed to connect to socket 'tcp:6666': Connection refused
09-14 16:14:24.697  2983  2983 E adbd    : recv: OPEN 000014a7 00000000 000c:73 68 65 6C 6C 2C 76 32 3A 70 73 00 
09-14 16:14:24.698  2983  2983 E adbd    : service_to_fd: shell,v2:ps
09-14 16:14:24.733 13368 13368 E propClient: PropClient failed to load
09-14 16:14:24.760 13368 13368 E propClient: PropClient failed to load
09-14 16:14:26.029  2983  2983 E adbd    : recv: OPEN 000014a8 00000000 0009:74 63 70 3A 36 36 36 36 00 
09-14 16:14:26.030  2983  2983 E adbd    : service_to_fd: tcp:6666
09-14 16:14:26.034  1136  1542 D DnsProxyListener: DNSDBG::dns addrinfo af 2
09-14 16:14:26.040  2983  2983 E adbd    : failed to connect to socket 'tcp:6666': Connection refused
09-14 16:14:26.137  2983  2983 E adbd    : recv: OPEN 000014ac 00000000 000c:73 68 65 6C 6C 2C 76 32 3A 70 73 00 
09-14 16:14:26.138  2983  2983 E adbd    : service_to_fd: shell,v2:ps
09-14 16:14:26.173 13371 13371 E propClient: PropClient failed to load
09-14 16:14:26.201 13371 13371 E propClient: PropClient failed to load
09-14 16:14:27.512  2983  2983 E adbd    : recv: OPEN 000014b0 00000000 000c:73 68 65 6C 6C 2C 76 32 3A 70 73 00 
09-14 16:14:27.513  2983  2983 E adbd    : service_to_fd: shell,v2:ps
09-14 16:14:27.550 13373 13373 E propClient: PropClient failed to load
09-14 16:14:27.578 13373 13373 E propClient: PropClient failed to load
09-14 16:14:28.046  2983  2983 E adbd    : recv: OPEN 000014b1 00000000 0009:74 63 70 3A 36 36 36 36 00 
09-14 16:14:28.046  2983  2983 E adbd    : service_to_fd: tcp:6666
09-14 16:14:28.049  1136  1542 D DnsProxyListener: DNSDBG::dns addrinfo af 2
09-14 16:14:28.055  2983  2983 E adbd    : failed to connect to socket 'tcp:6666': Connection refused
09-14 16:14:28.568 28521 28521 I PedometerService: onStartCommand  true, true, false
09-14 16:14:28.585  1943  3039 I SensorService: createSensorEventConnection package name azjt
09-14 16:14:28.589  1943  3039 D SensorService: Calling batch handle==9 flags=0 rate=38461000 timeout== 0
09-14 16:14:28.590  1943  4492 D SemContext.CaeProvider.SensorStatusCheckImpl: requestToUpdate SensorHub Reset Cnt : 0
09-14 16:14:28.590  1943  4492 D SemContext.CaeProvider.SensorStatusCheckImpl: SensorHub Reset Cnt : 0
09-14 16:14:28.590  1943  4492 D SemContext.CaeProvider.SensorStatusCheckImpl: LastEventMap sensorHubEvent TimeStamp address : 0 - 0
09-14 16:14:28.590  1943  4492 D SemContext.CaeProvider.SensorStatusCheckImpl: LastEventMap sensorHubEvent TimeStamp address : 1 - 0
