09-14 16:14:28.590  1943  4492 D SemContext.CaeProvider.SensorStatusCheckImpl: LastEventMap sensorHubEvent TimeStamp address : 2 - 0
09-14 16:14:28.590  1943  4492 D SemContext.CaeProvider.SensorStatusCheckImpl: LastEventMap sensorHubEvent TimeStamp address : 3 - 0
09-14 16:14:28.590  1943  4492 D SemContext.CaeProvider.SensorStatusCheckImpl: LastEventMap sensorHubEvent TimeStamp address : 4 - 0
09-14 16:14:28.590  1943  4492 D SemContext.CaeProvider.SensorStatusCheckImpl: LastEventMap sensorHubEvent TimeStamp address : 5 - 0
09-14 16:14:28.590  1943  4492 D SemContext.CaeProvider.SensorStatusCheckImpl: LastEventMap sensorHubEvent TimeStamp address : 6 - 0
09-14 16:14:28.590  1943  4492 D SemContext.CaeProvider.SensorStatusCheckImpl: LastEventMap sensorHubEvent TimeStamp address : 7 - 0
09-14 16:14:28.591  1943  4492 D SemContext.CaeProvider.SensorStatusCheckImpl: LastEventMap sensorHubEvent TimeStamp address : 8 - 0
09-14 16:14:28.591  1943  4492 D SemContext.CaeProvider.SensorStatusCheckImpl: LastEventMap sensorHubEvent TimeStamp address : 9 - 0
09-14 16:14:28.593  1943  1943 I ApplicationPolicy: isApplicationExternalStorageWhitelisted:com.google.android.partnersetup user:0
09-14 16:14:28.593  1943  1943 D ApplicationPolicy: isApplicationExternalStorageWhitelisted: DO is not enabled on user 0. Allowed.
09-14 16:14:28.593  1943  1943 I ApplicationPolicy: isApplicationExternalStorageBlacklisted:com.google.android.partnersetup user:0
09-14 16:14:28.593  1943  1943 D ApplicationPolicy: isApplicationExternalStorageBlacklisted: DO is not enabled on user 0. Allowed.
09-14 16:14:28.594  1943  4492 D SemContextService: Service.updateContext() : service = Sensor Status Check
09-14 16:14:28.594  1943  4492 D SemContext.CaeProvider.SensorStatusCheckImpl: initialize Last Event!!
09-14 16:14:28.595  1943  4492 D SemContextService:     .requestToUpdate() : service = Sensor Status Check
09-14 16:14:28.595   727   727 I qti_sensors_hal: batch:sensor(android.sensor.pressure) handle:4 flags:0x0 period_ns 38461000
09-14 16:14:28.595 28521 28521 D SemContextManager:   .requestToUpdate : listener = com.samsung.android.app.shealth.tracker.pedometer.service.wrapper.ActivitySensorDelegator$SemContextListenerWrapper@5e5eeb4, service=Sensor Status Check
09-14 16:14:28.595   727   727 I qti_sensors_hal: batch: current sample rate, report rate & buffering are equal to requested (26.000000,0.000000,0)
09-14 16:14:28.600   727   727 I qti_sensors_hal: read_pressure_cal cal data - 260
09-14 16:14:28.600   727   727 I qti_sensors_hal: enable: pressure_cal = 2.600000
09-14 16:14:28.601   727   727 I qti_sensors_hal: SMGRReportAdd:sensor(android.sensor.pressure) handle=4, sample_rate=26.000000 report_rate=0 buffer=0
09-14 16:14:28.610 18871 18871 D SensorManager: registerListener :: 9, BMP280 Barometer, 0, 0,  
09-14 16:14:28.635 13379 13379 E Zygote  : isWhitelistProcess - Process is Whitelisted
09-14 16:14:28.637  1943  1943 I ApplicationPolicy: isApplicationExternalStorageWhitelisted:com.LogiaGroup.LogiaDeck user:0
09-14 16:14:28.637  1943  1943 D ApplicationPolicy: isApplicationExternalStorageWhitelisted: DO is not enabled on user 0. Allowed.
09-14 16:14:28.637  1943  1943 I ApplicationPolicy: isApplicationExternalStorageBlacklisted:com.LogiaGroup.LogiaDeck user:0
09-14 16:14:28.637  1943  1943 D ApplicationPolicy: isApplicationExternalStorageBlacklisted: DO is not enabled on user 0. Allowed.
09-14 16:14:28.644 13379 13379 W SELinux : SELinux selinux_android_compute_policy_index : Policy Index[2],  Con:u:r:zygote:s0 RAM:SEPF_SM-G930V_8.0.0_0007, [-1 -1 -1 -1 0 1]
09-14 16:14:28.646 13379 13379 I SELinux : SELinux: seapp_context_lookup: seinfo=untrusted, level=s0:c512,c768, pkgname=com.google.android.partnersetup 
09-14 16:14:28.675   727   868 I qti_sensors_hal: processReportInd: Pressure - 953.518
09-14 16:14:28.678  1943  4492 D SensorService: Calling activate off 9
09-14 16:14:28.681 13393 13393 E Zygote  : isWhitelistProcess - Process is Whitelisted
09-14 16:14:28.687 18871 18871 D SensorManager: unregisterListener ::   
09-14 16:14:28.694 13393 13393 W SELinux : SELinux selinux_android_compute_policy_index : Policy Index[2],  Con:u:r:zygote:s0 RAM:SEPF_SM-G930V_8.0.0_0007, [-1 -1 -1 -1 0 1]
09-14 16:14:28.696 13393 13393 I SELinux : SELinux: seapp_context_lookup: seinfo=untrusted, level=s0:c512,c768, pkgname=com.LogiaGroup.LogiaDeck 
09-14 16:14:28.707 13379 13379 D TimaKeyStoreProvider: TimaKeyStore is not enabled: cannot add TimaSignature Service and generateKeyPair Service
09-14 16:14:28.707 13379 13379 D ActivityThread: Added TimaKeyStore provider
09-14 16:14:28.718  1943  4504 I zygote64: IncrementDisableThreadFlip blocked for 6.417ms
09-14 16:14:28.773  4746  4746 I Launcher: onReceive: com.samsung.action.EVERY_MINUTE_CLOCK_UPDATE
09-14 16:14:28.840 13393 13393 D TimaKeyStoreProvider: TimaKeyStore is not enabled: cannot add TimaSignature Service and generateKeyPair Service
09-14 16:14:28.841 13393 13393 D ActivityThread: Added TimaKeyStore provider
09-14 16:14:28.873  2983  2983 E adbd    : recv: OPEN 000014b5 00000000 000c:73 68 65 6C 6C 2C 76 32 3A 70 73 00 
09-14 16:14:28.873  2983  2983 E adbd    : service_to_fd: shell,v2:ps
09-14 16:14:28.896 18871 19179 E rs$DefaultThreadFactory: ===== Detect pool-thread leak =====
09-14 16:14:28.899 18871 19180 E rs$DefaultThreadFactory: ===== Detect pool-thread leak =====
09-14 16:14:28.901 18871 19180 E rs$DefaultThreadFactory: dalvik.system.VMStack.getThreadStackTrace(Native Method)
09-14 16:14:28.901 18871 19180 E rs$DefaultThreadFactory: java.lang.Thread.getStackTrace(Thread.java:1536)
09-14 16:14:28.901 18871 19180 E rs$DefaultThreadFactory: java.util.concurrent.Executors$DefaultThreadFactory.newThread(Executors.java:568)
09-14 16:14:28.901 18871 19180 E rs$DefaultThreadFactory: qiu.newThread(Unknown Source:9)
09-14 16:14:28.901 18871 19180 E rs$DefaultThreadFactory: java.util.concurrent.ThreadPoolExecutor$Worker.<init>(ThreadPoolExecutor.java:631)
09-14 16:14:28.901 18871 19180 E rs$DefaultThreadFactory: java.util.concurrent.ThreadPoolExecutor.addWorker(ThreadPoolExecutor.java:945)
09-14 16:14:28.901 18871 19180 E rs$DefaultThreadFactory: java.util.concurrent.ThreadPoolExecutor.execute(ThreadPoolExecutor.java:1388)
09-14 16:14:28.901 18871 19180 E rs$DefaultThreadFactory: qcq.execute(:com.google.android.gms@13280019@13.2.80 (040400-211705629):8)
09-14 16:14:28.901 18871 19180 E rs$DefaultThreadFactory: poq.a(:com.google.android.gms@13280019@13.2.80 (040400-211705629):2)
09-14 16:14:28.901 18871 19180 E rs$DefaultThreadFactory: pmz.a(:com.google.android.gms@13280019@13.2.80 (040400-211705629):32)
09-14 16:14:28.901 18871 19180 E rs$DefaultThreadFactory: pnh.a(:com.google.android.gms@13280019@13.2.80 (040400-211705629):110)
09-14 16:14:28.901 18871 19180 E rs$DefaultThreadFactory: paj.a(:com.google.android.gms@13280019@13.2.80 (040400-211705629):10)
09-14 16:14:28.901 18871 19180 E rs$DefaultThreadFactory: pan.run(:com.google.android.gms@13280019@13.2.80 (040400-211705629):5)
09-14 16:14:28.901 18871 19180 E rs$DefaultThreadFactory: java.util.concurrent.Executors$RunnableAdapter.call(Executors.java:458)
09-14 16:14:28.901 18871 19180 E rs$DefaultThreadFactory: java.util.concurrent.FutureTask.run(FutureTask.java:266)
09-14 16:14:28.901 18871 19180 E rs$DefaultThreadFactory: java.util.concurrent.ThreadPoolExecutor.runWorker(ThreadPoolExecutor.java:1162)
09-14 16:14:28.901 18871 19180 E rs$DefaultThreadFactory: java.util.concurrent.ThreadPoolExecutor$Worker.run(ThreadPoolExecutor.java:636)
09-14 16:14:28.901 18871 19180 E rs$DefaultThreadFactory: qiv.run(Unknown Source:7)
09-14 16:14:28.901 18871 19180 E rs$DefaultThreadFactory: java.lang.Thread.run(Thread.java:764)
09-14 16:14:28.940 13416 13416 E propClient: PropClient failed to load
09-14 16:14:28.943 18871 19179 E rs$DefaultThreadFactory: dalvik.system.VMStack.getThreadStackTrace(Native Method)
09-14 16:14:28.943 18871 19179 E rs$DefaultThreadFactory: java.lang.Thread.getStackTrace(Thread.java:1536)
09-14 16:14:28.943 18871 19179 E rs$DefaultThreadFactory: java.util.concurrent.Executors$DefaultThreadFactory.newThread(Executors.java:568)
09-14 16:14:28.943 18871 19179 E rs$DefaultThreadFactory: qiu.newThread(Unknown Source:9)
09-14 16:14:28.943 18871 19179 E rs$DefaultThreadFactory: java.util.concurrent.ThreadPoolExecutor$Worker.<init>(ThreadPoolExecutor.java:631)
09-14 16:14:28.943 18871 19179 E rs$DefaultThreadFactory: java.util.concurrent.ThreadPoolExecutor.addWorker(ThreadPoolExecutor.java:945)
09-14 16:14:28.943 18871 19179 E rs$DefaultThreadFactory: java.util.concurrent.ThreadPoolExecutor.execute(ThreadPoolExecutor.java:1388)
09-14 16:14:28.943 18871 19179 E rs$DefaultThreadFactory: qcq.execute(:com.google.android.gms@13280019@13.2.80 (040400-211705629):8)
09-14 16:14:28.943 18871 19179 E rs$DefaultThreadFactory: wwk.run(:com.google.android.gms@13280019@13.2.80 (040400-211705629):35)
09-14 16:14:28.943 18871 19179 E rs$DefaultThreadFactory: bdbk.run(:com.google.android.gms@13280019@13.2.80 (040400-211705629):2)
09-14 16:14:28.944 18871 19179 E rs$DefaultThreadFactory: qcr.run(:com.google.android.gms@13280019@13.2.80 (040400-211705629):21)
09-14 16:14:28.944 18871 19179 E rs$DefaultThreadFactory: java.util.concurrent.ThreadPoolExecutor.runWorker(ThreadPoolExecutor.java:1162)
09-14 16:14:28.944 18871 19179 E rs$DefaultThreadFactory: java.util.concurrent.ThreadPoolExecutor$Worker.run(ThreadPoolExecutor.java:636)
09-14 16:14:28.944 18871 19179 E rs$DefaultThreadFactory: qiv.run(Unknown Source:7)
09-14 16:14:28.944 18871 19179 E rs$DefaultThreadFactory: java.lang.Thread.run(Thread.java:764)
09-14 16:14:28.987 13416 13416 E propClient: PropClient failed to load
09-14 16:14:29.644  1943  1957 I zygote64: Background concurrent copying GC freed 152431(8MB) AllocSpace objects, 69(2MB) LOS objects, 30% free, 55MB/79MB, paused 2.964ms total 937.277ms
09-14 16:14:29.654 12902 12919 D         : TrackPlayerBase::~TrackPlayerBase()
09-14 16:14:29.654 12902 12919 D         : PlayerBase::~PlayerBase()
09-14 16:14:29.767  1943  4492 I ApplicationPolicy: isApplicationExternalStorageWhitelisted:com.LogiaGroup.LogiaDeck user:0
09-14 16:14:29.767  1943  4492 D ApplicationPolicy: isApplicationExternalStorageWhitelisted: DO is not enabled on user 0. Allowed.
09-14 16:14:29.768  1943  4492 I ApplicationPolicy: isApplicationExternalStorageBlacklisted:com.LogiaGroup.LogiaDeck user:0
09-14 16:14:29.768  1943  4492 D ApplicationPolicy: isApplicationExternalStorageBlacklisted: DO is not enabled on user 0. Allowed.
09-14 16:14:29.803 13439 13439 E Zygote  : isWhitelistProcess - Process is Whitelisted
09-14 16:14:29.810 13439 13439 W SELinux : SELinux selinux_android_compute_policy_index : Policy Index[2],  Con:u:r:zygote:s0 RAM:SEPF_SM-G930V_8.0.0_0007, [-1 -1 -1 -1 0 1]
09-14 16:14:29.811 13439 13439 I SELinux : SELinux: seapp_context_lookup: seinfo=untrusted, level=s0:c512,c768, pkgname=com.digitalturbine.ignite.suspend.DataUsageRecorderService 
09-14 16:14:29.866 13439 13439 D TimaKeyStoreProvider: TimaKeyStore is not enabled: cannot add TimaSignature Service and generateKeyPair Service
09-14 16:14:29.867 13439 13439 D ActivityThread: Added TimaKeyStore provider
09-14 16:14:29.875 13393 13393 W JobInfo : Specified interval for -256 is +5m0s0ms. Clamped to +15m0s0ms
09-14 16:14:29.972  1136  1542 D DnsProxyListener: DNSDBG::dns addrinfo af 2
09-14 16:14:30.016 13393 13393 V VZWAPNLib: pkgName: com.LogiaGroup.LogiaDeck
09-14 16:14:30.058  2983  2983 E adbd    : recv: OPEN 000014b6 00000000 0009:74 63 70 3A 36 36 36 36 00 
09-14 16:14:30.058  2983  2983 E adbd    : service_to_fd: tcp:6666
09-14 16:14:30.059  1136  1542 D DnsProxyListener: DNSDBG::dns addrinfo af 2
09-14 16:14:30.073  2983  2983 E adbd    : failed to connect to socket 'tcp:6666': Connection refused
09-14 16:14:30.378  2983  2983 E adbd    : recv: OPEN 000014ba 00000000 000c:73 68 65 6C 6C 2C 76 32 3A 70 73 00 
09-14 16:14:30.378  2983  2983 E adbd    : service_to_fd: shell,v2:ps
09-14 16:14:30.393 13481 13481 E propClient: PropClient failed to load
09-14 16:14:30.411 13481 13481 E propClient: PropClient failed to load
09-14 16:14:30.413 13393 13393 E Ignite  : TID:2 -- workerHandler is null taskInfo is rejected !
09-14 16:14:30.437 13439 13439 D IgniteSuspend: Service onBind default suspend threshold: 1200000000
09-14 16:14:30.713 13393 13503 W Ignite  : TID:14983 -- [TaskManager] instance-igniteBroadcastTasks | dismiss: Found Task:871905546, Explicit Dismissal: false
09-14 16:14:30.807  1766  1820 D AllShare(ASF_DMC): [CP_CONTROL] OnResponseReceived: 117: Subscription response for session_id [774]
09-14 16:14:30.865  1943 12025 D NtpTrustedTime: currentTimeMillis() cache hit
09-14 16:14:30.871  1136  1561 D CommandListener: bwctrlcmd: argc=2 bandwidth gettetherstats ...
09-14 16:14:30.872  1136  1561 D CommandListener: gettetherstats start. socket=51, pid=1943, uid=1000, gid=1000
09-14 16:14:30.872  1136  1561 D CommandListener: gettetherstats end 1
09-14 16:14:30.888  1943 12025 D NtpTrustedTime: currentTimeMillis() cache hit
09-14 16:14:30.890  1943  2689 D NtpTrustedTime: currentTimeMillis() cache hit
09-14 16:14:30.891  1943  2689 D NetworkPolicy: mIsVideoCall: false, mHasEpdgCall:false
09-14 16:14:30.891  1943  2689 D NtpTrustedTime: currentTimeMillis() cache hit
09-14 16:14:30.896  1943  2689 D NtpTrustedTime: currentTimeMillis() cache hit
09-14 16:14:30.900  1943 12025 D NtpTrustedTime: currentTimeMillis() cache hit
09-14 16:14:30.909  1136  1561 D CommandListener: bwctrlcmd: argc=2 bandwidth gettetherstats ...
09-14 16:14:30.909  1136  1561 D CommandListener: gettetherstats start. socket=51, pid=1943, uid=1000, gid=1000
09-14 16:14:30.910  1136  1561 D CommandListener: gettetherstats end 1
09-14 16:14:30.919  1943 12025 D NtpTrustedTime: currentTimeMillis() cache hit
09-14 16:14:30.921  1943  2689 D NtpTrustedTime: currentTimeMillis() cache hit
09-14 16:14:30.922  1943  2689 D NetworkPolicy: mIsVideoCall: false, mHasEpdgCall:false
09-14 16:14:30.922  1943  2689 D NtpTrustedTime: currentTimeMillis() cache hit
09-14 16:14:30.924  1943  2689 D NtpTrustedTime: currentTimeMillis() cache hit
09-14 16:14:31.795  2983  2983 E adbd    : recv: OPEN 000014c0 00000000 000c:73 68 65 6C 6C 2C 76 32 3A 70 73 00 
09-14 16:14:31.796  2983  2983 E adbd    : service_to_fd: shell,v2:ps
09-14 16:14:31.834 13508 13508 E propClient: PropClient failed to load
09-14 16:14:31.869 13508 13508 E propClient: PropClient failed to load
09-14 16:14:32.076  2983  2983 E adbd    : recv: OPEN 000014c1 00000000 0009:74 63 70 3A 36 36 36 36 00 
09-14 16:14:32.076  2983  2983 E adbd    : service_to_fd: tcp:6666
09-14 16:14:32.078  1136  1542 D DnsProxyListener: DNSDBG::dns addrinfo af 2
09-14 16:14:32.081  2983  2983 E adbd    : failed to connect to socket 'tcp:6666': Connection refused
09-14 16:14:32.492  2941  3308 D NetworkController.MobileSignalController(0/1): onSignalStrengthsChanged signalStrength=SignalStrength: 99 99 -120 -160 -120 -1 -1 24 -93 -10 114 2147483647 0 2147483647 0x4000 P gsm|lte level=4
09-14 16:14:32.492  2941  3308 D NetworkController.MobileSignalController(0/1): getMobileIconGroup(): 13
09-14 16:14:32.493  2941  3308 D NetworkController.MobileSignalController(0/1): updateVZWMobileIconGroup(): 13
09-14 16:14:32.518  2941  3308 D NetworkController.MobileSignalController(0/1): callState:0, callStateByPhone:false voLTECall:false voiceNetTpe:13 dataNetType:13, ine911:false, emergencyCallbackMode:false
09-14 16:14:32.520  3222  3698 D EPDG -- SIM0 [SMARTWIFI]: onSignalStrengthsChanged: Received signal strength change, phone type is: 2
09-14 16:14:32.522  3222  5419 D EPDG -- SIM0 [SMARTWIFI]: lastLteRSRP is -92currentLteRSRP is -93
09-14 16:14:32.522  3222  5419 D EPDG -- SIM0 [SMARTWIFI]: lastLteRSRQ is -10currentLteRSRQ is -10
09-14 16:14:32.522  3222  5419 D EPDG -- SIM0 [SMARTWIFI]: lastCdmaDb is -16currentCdmaDb is -16
09-14 16:14:32.522  3222  5419 V EPDG -- SIM0 [SMARTWIFI]: Radio oldest entry removed
09-14 16:14:32.522  3222  5419 V EPDG -- SIM0 [SMARTWIFI]: New entry : (SignalStrength: 99 99 -120 -160 -120 -1 -1 24 -93 -10 114 2147483647 0 2147483647 0x4000 P gsm|lte : 0 )
09-14 16:14:32.522  3222  5419 V EPDG -- SIM0 [SMARTWIFI]: Radio entry added
09-14 16:14:33.012 21340 21340 D SEMS-4.0.06_SeMobileServiceSession: bindState ProfileService: UNBOUND in setBindState()
09-14 16:14:33.013 21340 21340 D SEMS-4.0.06_SeMobileServiceSession: ProfileApi service disconnected!@f7f4390
09-14 16:14:33.013 21340 21340 D SEMS-4.0.06_SeMobileServiceSession: reconnect 
09-14 16:14:33.014 21340 21371 D SEMS-4.0.06_SeMobileServiceSession: MESSAGE CMD_RECONNECT
09-14 16:14:33.015 21340 21340 D SEMS-4.0.06_SeMobileServiceSession: bindState SocialService: UNBOUND in setBindState()
09-14 16:14:33.015 21340 21340 D SEMS-4.0.06_SeMobileServiceSession: SocialApi service disconnected!@125d489
09-14 16:14:33.015 21340 21340 D SEMS-4.0.06_SeMobileServiceSession: reconnect 
09-14 16:14:33.016 21340 21371 D SEMS-4.0.06_SeMobileServiceSession: reconnectInternal [ProfileService, SocialService, AuthService]null
09-14 16:14:33.016 21340 21340 D SEMS-4.0.06_SeMobileServiceSession: bindState AuthService: UNBOUND in setBindState()
09-14 16:14:33.016 21340 21371 D SEMS-4.0.06_SeMobileServiceSession: bindState AuthService: BOUND in getBindState()
09-14 16:14:33.016 21340 21371 D SEMS-4.0.06_SeMobileServiceSession: bindState ProfileService: UNBOUND in getBindState()
09-14 16:14:33.016 21340 21340 D SEMS-4.0.06_SeMobileServiceSession: AuthApi service disconnected!@fc27e53
09-14 16:14:33.016 21340 21340 D SEMS-4.0.06_SeMobileServiceSession: reconnect 
09-14 16:14:33.016 21340 21371 D SEMS-4.0.06_SeMobileServiceSession: bind ProfileServiceConnection
09-14 16:14:33.016 21340 21371 D SEMS-4.0.06_SeMobileServiceSession: bindState ProfileService: BINDING in setBindState()
09-14 16:14:33.019  3203  3243 D ForegroundUtils: could not check pending caller
09-14 16:14:33.054  1943  4504 I ApplicationPolicy: isApplicationExternalStorageWhitelisted:com.samsung.android.mobileservice user:0
09-14 16:14:33.054  1943  4504 D ApplicationPolicy: isApplicationExternalStorageWhitelisted: DO is not enabled on user 0. Allowed.
09-14 16:14:33.054  1943  4504 I ApplicationPolicy: isApplicationExternalStorageBlacklisted:com.samsung.android.mobileservice user:0
09-14 16:14:33.055  1943  4504 D ApplicationPolicy: isApplicationExternalStorageBlacklisted: DO is not enabled on user 0. Allowed.
09-14 16:14:33.110 21340 21371 D SEMS-4.0.06_SeMobileServiceSession: bindState SocialService: UNBOUND in getBindState()
09-14 16:14:33.111 21340 21371 D SEMS-4.0.06_SeMobileServiceSession: bind SocialServiceConnection
09-14 16:14:33.111 21340 21371 D SEMS-4.0.06_SeMobileServiceSession: bindState SocialService: BINDING in setBindState()
09-14 16:14:33.117 21340 21371 D SEMS-4.0.06_SeMobileServiceSession: reconnect requestBindServices.size() 2
09-14 16:14:33.118 21340 21371 D SEMS-4.0.06_SeMobileServiceSession: reconnect failServices.size() 0
09-14 16:14:33.118 21340 21371 D SEMS-4.0.06_SeMobileServiceSession: MESSAGE CMD_RECONNECT
09-14 16:14:33.119 21340 21371 D SEMS-4.0.06_SeMobileServiceSession: reconnectInternal [ProfileService, SocialService, AuthService]null
09-14 16:14:33.119 21340 21371 D SEMS-4.0.06_SeMobileServiceSession: bindState AuthService: UNBOUND in getBindState()
09-14 16:14:33.119 21340 21371 D SEMS-4.0.06_SeMobileServiceSession: bind AuthServiceConnection
09-14 16:14:33.119 21340 21371 D SEMS-4.0.06_SeMobileServiceSession: bindState AuthService: BINDING in setBindState()
09-14 16:14:33.123 13514 13514 E Zygote  : isWhitelistProcess - Process is Whitelisted
09-14 16:14:33.124 21340 21371 D SEMS-4.0.06_SeMobileServiceSession: bindState ProfileService: BINDING in getBindState()
09-14 16:14:33.124 21340 21371 D SEMS-4.0.06_SeMobileServiceSession: bindState SocialService: BINDING in getBindState()
09-14 16:14:33.124 21340 21371 D SEMS-4.0.06_SeMobileServiceSession: reconnect requestBindServices.size() 1
09-14 16:14:33.124 21340 21371 D SEMS-4.0.06_SeMobileServiceSession: reconnect failServices.size() 0
09-14 16:14:33.125 21340 21371 D SEMS-4.0.06_SeMobileServiceSession: MESSAGE CMD_RECONNECT
09-14 16:14:33.125 21340 21371 D SEMS-4.0.06_SeMobileServiceSession: reconnectInternal [ProfileService, SocialService, AuthService]null
09-14 16:14:33.125 21340 21371 D SEMS-4.0.06_SeMobileServiceSession: bindState AuthService: BINDING in getBindState()
09-14 16:14:33.125 21340 21371 D SEMS-4.0.06_SeMobileServiceSession: bindState ProfileService: BINDING in getBindState()
09-14 16:14:33.125 21340 21371 D SEMS-4.0.06_SeMobileServiceSession: bindState SocialService: BINDING in getBindState()
09-14 16:14:33.125 21340 21371 D SEMS-4.0.06_SeMobileServiceSession: reconnect requestBindServices.size() 0
09-14 16:14:33.125 21340 21371 D SEMS-4.0.06_SeMobileServiceSession: reconnect failServices.size() 0
09-14 16:14:33.135 13514 13514 W SELinux : SELinux selinux_android_compute_policy_index : Policy Index[2],  Con:u:r:zygote:s0 RAM:SEPF_SM-G930V_8.0.0_0007, [-1 -1 -1 -1 0 1]
09-14 16:14:33.138 13514 13514 I SELinux : SELinux: seapp_context_lookup: seinfo=platform, level=s0:c512,c768, pkgname=com.samsung.android.mobileservice 
09-14 16:14:33.155 13514 13514 W zygote  : Using default instruction set features for ARM CPU variant (cortex-a9) using conservative defaults
09-14 16:14:33.218 13514 13514 D TimaKeyStoreProvider: TimaKeyStore is not enabled: cannot add TimaSignature Service and generateKeyPair Service
09-14 16:14:33.219 13514 13514 D ActivityThread: Added TimaKeyStore provider
09-14 16:14:33.283 13514 13514 I zygote  : find the special shared library, skip check
09-14 16:14:33.307  2983  2983 E adbd    : recv: OPEN 000014c5 00000000 000c:73 68 65 6C 6C 2C 76 32 3A 70 73 00 
09-14 16:14:33.307  2983  2983 E adbd    : service_to_fd: shell,v2:ps
09-14 16:14:33.326 13529 13529 E propClient: PropClient failed to load
09-14 16:14:33.348 13529 13529 E propClient: PropClient failed to load
09-14 16:14:33.478 13514 13514 D SEMS:DiagMonProvider: File path: /data/user/0/com.samsung.android.mobileservice/diagmon/diagmon.log
09-14 16:14:33.531 13514 13514 I SEMS:SamsungAccount: [SSP] onCreated
09-14 16:14:33.540 13514 13514 D SEMS:MobileService_4.2.0.033: [ALog][2][ActivityDBHelper] context : null
09-14 16:14:33.540 13514 13514 I SEMS:EasySignUp: [EasySignUpProviderPublic] onCreate
09-14 16:14:33.541 13514 13514 D SEMS:MSFramework_4.2.0.034: [2][FloatingFeatureRef] getEnableStatus : SEC_FLOATING_FEATURE_SETTINGS_SUPPORT_SHOW_BUTTON_BG : true
09-14 16:14:33.541 13514 13514 I SEMS:MSFramework_4.2.0.034: [2][SEM_INT : 2601] DeviceUtils
09-14 16:14:33.542 13514 13514 D SEMS:MSFramework_4.2.0.034: [2][CommonPref] no encryption : S1D4S1D , type : contains
09-14 16:14:33.545 13514 13514 I SEMS:MSFramework_4.2.0.034: [2][CommonPref] getBoolean - key : crypto_secured , value : true
09-14 16:14:33.545 13514 13514 I SEMS:MSFramework_4.2.0.034: [2][CommonPref] getBoolean - key : is_enable_profile_sharing , value : false
09-14 16:14:33.545 13514 13514 I SEMS:MSFramework_4.2.0.034: [2][CommonPref] getBoolean - key : is_enable_profile_sharing_fake , value : false
09-14 16:14:33.545 13514 13514 I SEMS:MSFramework_4.2.0.034: [2][CommonPref] getBoolean - key : before_is_enable_profile_sharing , value : false
09-14 16:14:33.546 13514 13514 I SEMS:EasySignUp: [EasySignUpDBHelper] getInstance start null
09-14 16:14:33.546 13514 13514 I SEMS:EasySignUp: [EasySignUpDBHelper] getInstance end
09-14 16:14:33.547 13514 13514 I SEMS:MobileService_4.2.0.033: [BLog][2][BuddyProvider] onCreate()
09-14 16:14:33.572 13514 13514 I MobileServiceApplication: onCreate
09-14 16:14:33.576 13514 13514 D SEMS:PreferenceUtils: getMigrationStatus() : 2
09-14 16:14:33.576 13514 13514 D MobileServiceApplication:  startMigrationService : Migration was completed in the past! status - 2
09-14 16:14:33.589 13514 13514 D SEMS:PreferenceUtils: setVersionToAnalytics() key: sems_version_name value: 4.2.00.36
09-14 16:14:33.590 13514 13514 I SEMS:MSFramework_4.2.0.034: [2][MobileServiceCommon] init
09-14 16:14:33.590 13514 13514 I SEMS:MSFramework_4.2.0.034: [2][ConnectivityUtils] init
09-14 16:14:33.590 13514 13514 I SEMS:MSFramework_4.2.0.034: [2][SEM_INT : 2601] DeviceUtils
09-14 16:14:33.590 13514 13514 D SEMS:MSFramework_4.2.0.034: [2][CommonPref] no encryption : S1D4S1D , type : contains
09-14 16:14:33.590 13514 13514 I SEMS:MSFramework_4.2.0.034: [2][CommonPref] getBoolean - key : crypto_secured , value : true
09-14 16:14:33.590 13514 13514 I SEMS:MSFramework_4.2.0.034: [2][CommonPref] getBoolean - key : is_enable_profile_sharing , value : false
09-14 16:14:33.590 13514 13514 I SEMS:MSFramework_4.2.0.034: [2][CommonPref] getBoolean - key : is_enable_profile_sharing_fake , value : false
09-14 16:14:33.590 13514 13514 I SEMS:MSFramework_4.2.0.034: [2][CommonPref] getBoolean - key : before_is_enable_profile_sharing , value : false
09-14 16:14:33.594 13514 13514 I SEMS:MSFramework_4.2.0.034: [2][SEM_INT : 2601] DeviceUtils
09-14 16:14:33.595 13514 13514 I SEMS:MSFramework_4.2.0.034: [NetworkCommon][SEMS][ActivateLog][2][MobileServiceActivate] init
09-14 16:14:33.607 13514 13514 I SEMS:MSFramework_4.2.0.034: [NetworkCommon][SEMS][PolicyLog][2][GetPolicyJobService] polling job service was already scheduled (from:86400000 to:86400000)
09-14 16:14:33.608 13514 13514 I SEMS:MSFramework_4.2.0.034: [2][MobileServiceCommon] registerServiceState done
09-14 16:14:33.608 13514 13514 I SEMS:SamsungAccount: [BuildInfo] current binary is false
09-14 16:14:33.610 13514 13514 I SEMS:SamsungAccount: [DM] init START
09-14 16:14:33.613 13514 13514 I SEMS:SamsungAccount: [DM] SetupWizard doesn't exist
09-14 16:14:33.614 13514 13514 I SEMS:SamsungAccount: [DM] This device is not a Vodafone device
09-14 16:14:33.617 13514 13514 I SEMS:SamsungAccount: [DM] Supports Ref Jpn : true
09-14 16:14:33.617 13514 13514 I SEMS:SamsungAccount: [DM] init END
09-14 16:14:33.618 13514 13514 I SEMS:SamsungAccount: [ODM] saveOpenData( Support_SamsungPass_Integration, true )
09-14 16:14:33.619 13514 13514 I SEMS:SamsungAccount: [[OCP] ]  URI : content://com.msc.openprovider.openContentProvider/openData
09-14 16:14:33.634 13514 13514 I SEMS:SamsungAccount: [[OCP] ]  Cursor is not null
09-14 16:14:33.636 13514 13514 I SEMS:SamsungAccount: [[OCP] ] update openData : true
09-14 16:14:33.638 13514 13514 I SEMS:SamsungAccount: [AESCryptoBase] AESCrypto creator !!
09-14 16:14:33.642 13514 13514 I SEMS:SamsungAccount: [AccountManagerUtil] isHaveSA() - true
09-14 16:14:33.644 13514 13514 I SEMS:SamsungAccount: phone number id is : supported
09-14 16:14:33.648 13514 13514 I SEMS:SamsungAccount: [SCU] == networkStateCheck == true
09-14 16:14:33.648 13514 13514 I SEMS:SamsungAccount: [DirServerUtil] Need to retry to update marketing receive value = true
09-14 16:14:33.648 13514 13514 I SEMS:SamsungAccount: [DirServerUtil] no success marketing info data
09-14 16:14:33.650 13514 13514 W System.err: android.content.pm.PackageManager$NameNotFoundException: com.samsung.android.rubin.app
09-14 16:14:33.652 13514 13514 W System.err: 	at android.app.ApplicationPackageManager.getPackageInfoAsUser(ApplicationPackageManager.java:298)
09-14 16:14:33.652 13514 13514 W System.err: 	at android.app.ApplicationPackageManager.getPackageInfo(ApplicationPackageManager.java:269)
09-14 16:14:33.652 13514 13514 W System.err: 	at com.samsung.android.samsungaccount.authentication.runestone.SupportRubinManager.init(SupportRubinManager.java:425)
09-14 16:14:33.652 13514 13514 W System.err: 	at com.samsung.android.samsungaccount.authentication.service.SamsungService.init(SamsungService.java:66)
09-14 16:14:33.652 13514 13514 W System.err: 	at com.samsung.android.samsungaccount.authentication.Authentication.init(Authentication.java:78)
09-14 16:14:33.652 13514 13514 W System.err: 	at com.samsung.android.samsungaccount.SamsungAccount.init(SamsungAccount.java:72)
09-14 16:14:33.653 13514 13514 W System.err: 	at com.samsung.android.mobileservice.MobileServiceApplication.init(MobileServiceApplication.java:92)
09-14 16:14:33.653 13514 13514 W System.err: 	at com.samsung.android.mobileservice.MobileServiceApplication.onCreate(MobileServiceApplication.java:68)
09-14 16:14:33.653 13514 13514 W System.err: 	at android.app.Instrumentation.callApplicationOnCreate(Instrumentation.java:1125)
09-14 16:14:33.653 13514 13514 W System.err: 	at android.app.ActivityThread.handleBindApplication(ActivityThread.java:6062)
09-14 16:14:33.653 13514 13514 W System.err: 	at android.app.ActivityThread.-wrap1(Unknown Source:0)
09-14 16:14:33.653 13514 13514 W System.err: 	at android.app.ActivityThread$H.handleMessage(ActivityThread.java:1764)
09-14 16:14:33.653 13514 13514 W System.err: 	at android.os.Handler.dispatchMessage(Handler.java:105)
09-14 16:14:33.653 13514 13514 W System.err: 	at android.os.Looper.loop(Looper.java:164)
09-14 16:14:33.653 13514 13514 W System.err: 	at android.app.ActivityThread.main(ActivityThread.java:6944)
09-14 16:14:33.653 13514 13514 W System.err: 	at java.lang.reflect.Method.invoke(Native Method)
09-14 16:14:33.653 13514 13514 W System.err: 	at com.android.internal.os.Zygote$MethodAndArgsCaller.run(Zygote.java:327)
09-14 16:14:33.653 13514 13514 W System.err: 	at com.android.internal.os.ZygoteInit.main(ZygoteInit.java:1374)
09-14 16:14:33.654  1943 12025 D PackageManager: setEnabledSetting : userId = 0 packageName = com.samsung.android.mobileservice cmp = com.samsung.android.samsungaccount.authentication.runestone.SplashActivity newState = 2 callingPackage = 10201/com.samsung.android.mobileservice
09-14 16:14:33.655 13514 13514 I SEMS:SamsungAccount: [SS] Start Check SA EF Mapping
09-14 16:14:33.670 13514 13514 I SEMS:SamsungAccount: [LBE] isLaunchPageServiceList = false
09-14 16:14:33.670 13514 13514 I SEMS:SamsungAccount: [APAT] NOT controlSoftkey - true
09-14 16:14:33.671 13514 13514 I SEMS:EasySignUp: [EasySignUpInitService] onEasySignUpCreate
09-14 16:14:33.671 13514 13514 I SEMS:MSFramework_4.2.0.034: [2][SEM_INT : 2601] DeviceUtils
09-14 16:14:33.672 13514 13514 I SEMS:MSFramework_4.2.0.034: [2][CommonPref] getBoolean - key : crypto_secured , value : true
09-14 16:14:33.672 13514 13514 I SEMS:MSFramework_4.2.0.034: [2][CommonPref] getBoolean - key : is_enable_profile_sharing , value : false
09-14 16:14:33.672 13514 13514 I SEMS:MSFramework_4.2.0.034: [2][CommonPref] getBoolean - key : is_enable_profile_sharing_fake , value : false
09-14 16:14:33.672 13514 13514 I SEMS:MSFramework_4.2.0.034: [2][CommonPref] getBoolean - key : before_is_enable_profile_sharing , value : false
09-14 16:14:33.672 13514 13514 I SEMS:MSFramework_4.2.0.034: [2][ConnectivityUtils] init
09-14 16:14:33.673 13514 13514 I SEMS:MSFramework_4.2.0.034: [Social][2][CoreAppsFeature] CoreAppsFeature init start init flag : false, invalidate : false
09-14 16:14:33.674 13514 13514 I SEMS:MSFramework_4.2.0.034: [Social][2][CoreAppsFeature] setSupportService  : 0, true
09-14 16:14:33.674 13514 13514 I SEMS:MSFramework_4.2.0.034: [Social][2][CoreAppsFeature] setSupportService  : 1, true
09-14 16:14:33.674 13514 13514 I SEMS:MSFramework_4.2.0.034: [Social][2][CoreAppsFeature] setSupportService  : 2, true
09-14 16:14:33.674 13514 13514 I SEMS:MSFramework_4.2.0.034: [Social][2][CoreAppsFeature] setSupportService  : 3, true
09-14 16:14:33.675 13514 13514 I SEMS:MSFramework_4.2.0.034: [Social][2][CoreAppsFeature] setSupportService  : 4, true
09-14 16:14:33.675 13514 13514 I SEMS:MSFramework_4.2.0.034: [Social][2][CoreAppsFeature] device check : true, false
09-14 16:14:33.675 13514 13514 I SEMS:MSFramework_4.2.0.034: [Social][2][CoreAppsFeature] setSupportService  : 1, false
09-14 16:14:33.675 13514 13514 I SEMS:MSFramework_4.2.0.034: [Social][2][CoreAppsFeature] setSupportService  : 3, false
09-14 16:14:33.675 13514 13514 I SEMS:MSFramework_4.2.0.034: [2][SEM_INT : 2601] DeviceUtils
09-14 16:14:33.675 13514 13514 I SEMS:MSFramework_4.2.0.034: [2][CommonPref] getBoolean - key : crypto_secured , value : true
09-14 16:14:33.675 13514 13514 I SEMS:MSFramework_4.2.0.034: [2][CommonPref] getBoolean - key : is_enable_profile_sharing , value : false
09-14 16:14:33.675 13514 13514 I SEMS:MSFramework_4.2.0.034: [2][CommonPref] getBoolean - key : is_enable_profile_sharing_fake , value : false
09-14 16:14:33.675 13514 13514 I SEMS:MSFramework_4.2.0.034: [2][CommonPref] getBoolean - key : before_is_enable_profile_sharing , value : false
09-14 16:14:33.675 13514 13514 I SEMS:MSFramework_4.2.0.034: [Social][2][CoreAppsFeature] setSupportService  : 1, false
09-14 16:14:33.675 13514 13514 I SEMS:MSFramework_4.2.0.034: [Social][2][CoreAppsFeature] setSupportService  : 3, false
09-14 16:14:33.675 13514 13514 I SEMS:MSFramework_4.2.0.034: [Social][2][CoreAppsFeature] CoreAppsFeature init end
09-14 16:14:33.675 13514 13514 I SEMS:MSFramework_4.2.0.034: [Social][2][SDKInterface] initializing EnhancedFeatures start
09-14 16:14:33.675 13514 13514 I SEMS:MSFramework_4.2.0.034: [2][SEM_INT : 2601] DeviceUtils
09-14 16:14:33.675 13514 13514 I SEMS:MSFramework_4.2.0.034: [2][CommonPref] getBoolean - key : crypto_secured , value : true
09-14 16:14:33.675 13514 13514 I SEMS:MSFramework_4.2.0.034: [2][CommonPref] getBoolean - key : is_enable_profile_sharing , value : false
09-14 16:14:33.675 13514 13514 I SEMS:MSFramework_4.2.0.034: [2][CommonPref] getBoolean - key : is_enable_profile_sharing_fake , value : false
09-14 16:14:33.675 13514 13514 I SEMS:MSFramework_4.2.0.034: [2][CommonPref] getBoolean - key : before_is_enable_profile_sharing , value : false
09-14 16:14:33.676 13514 13514 I SEMS:MSFramework_4.2.0.034: [2][CommonPref] getBoolean - key : profile_sync , value : false
09-14 16:14:33.676 13514 13514 I SEMS:MSFramework_4.2.0.034: [2][CommonPref] getBoolean - key : is_message_support , value : false
09-14 16:14:33.677 13514 13514 I SEMS:MSFramework_4.2.0.034: [2][SEM_INT : 2601] DeviceUtils
09-14 16:14:33.677 13514 13514 I SEMS:MSFramework_4.2.0.034: [2][CommonPref] getBoolean - key : crypto_secured , value : true
09-14 16:14:33.677 13514 13514 I SEMS:MSFramework_4.2.0.034: [2][CommonPref] getBoolean - key : is_enable_profile_sharing , value : false
09-14 16:14:33.677 13514 13514 I SEMS:MSFramework_4.2.0.034: [2][CommonPref] getBoolean - key : is_enable_profile_sharing_fake , value : false
09-14 16:14:33.677 13514 13514 I SEMS:MSFramework_4.2.0.034: [2][CommonPref] getBoolean - key : before_is_enable_profile_sharing , value : false
09-14 16:14:33.683 13514 13514 I SEMS:MSFramework_4.2.0.034: [2][SEM_INT : 2601] DeviceUtils
09-14 16:14:33.688 13514 13514 I SEMS:MSFramework_4.2.0.034: [2][ConnectivityUtils] is SMS capable? : true
09-14 16:14:33.688 13514 13514 I SEMS:MSFramework_4.2.0.034: [2][DeviceUtils] isMultiSimDevice : false
09-14 16:14:33.688 13514 13514 I SEMS:MSFramework_4.2.0.034: [2][DeviceUtils] isMultiSimDevice : false
09-14 16:14:33.724 13514 13514 I SEMS:MSFramework_4.2.0.034: [ELog][2][EasySignUpDBHandler] query end
09-14 16:14:33.724 13514 13514 I SEMS:MSFramework_4.2.0.034: [NetworkCommon][SSF][2][EasySignUpInterface] isAuth with param is false
09-14 16:14:33.724 13514 13514 I SEMS:MSFramework_4.2.0.034: [2][SEM_INT : 2601] DeviceUtils
09-14 16:14:33.724 13514 13514 I SEMS:MSFramework_4.2.0.034: [Social][2][SDKInterface] initializing EnhancedFeatures end
09-14 16:14:33.724 13514 13514 I SEMS:EasySignUp: [EasySignUpInitService] =====EasySignUp init=====
09-14 16:14:33.724 13514 13514 I SEMS:EasySignUp: [EnhancedAccountWrapper] =====addAccountPushListener=====
09-14 16:14:33.727 13514 13514 I SEMS:MSFramework_4.2.0.034: [2][EnhancedFeatures] registerFeature : 4com.samsung.android.mobileservice.auth.apis.EnhancedAccount$1@afcd051
09-14 16:14:33.727 13514 13514 I SEMS:MSFramework_4.2.0.034: [2][DeviceUtils] isMultiSimDevice : false
09-14 16:14:33.727 13514 13514 I SEMS:MSFramework_4.2.0.034: [2][DeviceUtils] isMultiSimDevice : false
09-14 16:14:33.733 13514 13514 I SEMS:EasySignUp: [EnhancedAccountWrapper] =====getDuid=====
09-14 16:14:33.738 13514 13514 I SEMS:MSFramework_4.2.0.034: [ELog][2][EasySignUpDBHandler] query end
09-14 16:14:33.738 13514 13514 I SEMS:EasySignUp: [EasySignUpInitService] [NotRegistered]
09-14 16:14:33.747 18871 18882 I zygote64: Background concurrent copying GC freed 275035(11MB) AllocSpace objects, 45(1764KB) LOS objects, 50% free, 14MB/28MB, paused 10.621ms total 347.148ms
09-14 16:14:33.752 13514 13541 V Volley  : [4806] CacheDispatcher.run: start new dispatcher
09-14 16:14:33.753 13514 13514 I SEMS:EasySignUp: [SppRegRecoveryHelper] SppRegRecoveryHelper creator !!
09-14 16:14:33.754 13514 13514 I SEMS:EasySignUp: [SppRegRecoveryHelper] checkSppRegRecovery
09-14 16:14:33.754 13514 13514 I SEMS:MSFramework_4.2.0.034: [2][CommonPref] getBoolean - key : skip_spp_reg_recovery_from_core_apps , value : true
09-14 16:14:33.754 13514 13514 I SEMS:EasySignUp: [SppRegRecoveryHelper] Already recovered - skip recovery.
09-14 16:14:33.754 13514 13514 I SEMS:EasySignUp: [SppRegRecoveryHelper] checkSppRegIdAndSaGuid
09-14 16:14:33.755 13514 13514 I SEMS:SamsungAccount: [AccountManagerUtil] isHaveSA() - true
09-14 16:14:33.755 13514 13514 I SEMS:MSFramework_4.2.0.034: [2][DeviceUtils] isMultiSimDevice : false
09-14 16:14:33.755 13514 13514 I SEMS:MSFramework_4.2.0.034: [2][DeviceUtils] isMultiSimDevice : false
09-14 16:14:33.770 13514 13514 I SEMS:MSFramework_4.2.0.034: [ELog][2][EasySignUpDBHandler] query end
09-14 16:14:33.770 13514 13514 I SEMS:MSFramework_4.2.0.034: [NetworkCommon][SSF][2][EasySignUpInterface] isAuth is false
09-14 16:14:33.771 13514 13514 I SEMS:SamsungAccount: [AccountManagerUtil] isHaveSA() - true
09-14 16:14:33.771 13514 13514 I SEMS:MSFramework_4.2.0.034: [2][DeviceUtils] isTabletDevice ? falseisDaAuthSupportedDevice : true
09-14 16:14:33.771 13514 13514 I SEMS:EasySignUp: [EasySignUpProviderPublic] uri : content://com.samsung.android.coreapps.easysignup.public/contact_sync_agreement_41?data_name=contact_sync_agreement_41
09-14 16:14:33.772 13514 13514 I SEMS:EasySignUp: [EasySignUpProviderPublic] query packageName : com.samsung.android.mobileservice
09-14 16:14:33.782 13514 13514 I SEMS:EasySignUp: [EasySignUpProviderPublic] contact_sync_agreement_41 : false
09-14 16:14:33.782 13514 13514 I SEMS:EasySignUp: [SppRegRecoveryHelper] isAccountSignedIn ? true
09-14 16:14:33.782 13514 13514 I SEMS:EasySignUp: [SppRegRecoveryHelper] isDaAuthUnsupported ? false
09-14 16:14:33.783 13514 13514 I SEMS:EasySignUp: [SppRegRecoveryHelper] isSocialTncAgreed ? false
09-14 16:14:33.783 13514 13514 I SEMS:EasySignUp: [SppRegRecoveryHelper] EF is not joined
09-14 16:14:33.783 13514 13514 I SEMS:SamsungAccount: [AccountManagerUtil] isHaveSA() - true
09-14 16:14:33.784 13514 13514 I SEMS:MSFramework_4.2.0.034: [2][DeviceUtils] isMultiSimDevice : false
09-14 16:14:33.784 13514 13514 I SEMS:MSFramework_4.2.0.034: [2][DeviceUtils] isMultiSimDevice : false
09-14 16:14:33.793 13514 13514 I SEMS:MSFramework_4.2.0.034: [ELog][2][EasySignUpDBHandler] query end
09-14 16:14:33.793 13514 13514 I SEMS:MSFramework_4.2.0.034: [NetworkCommon][SSF][2][EasySignUpInterface] isAuth is false
09-14 16:14:33.793 13514 13514 I SEMS:MSFramework_4.2.0.034: [ELog][2][EPref] getBoolean - key : have_checked_ef_recovery_issue , value : true
09-14 16:14:33.794 13514 13514 I SEMS:EasySignUp: [EasySignUpInitService] VERSION : 4.2.00.36
09-14 16:14:33.795 13514 13514 I SEMS:SamsungAccount: [AccountManagerUtil] isHaveSA() - true
09-14 16:14:33.795 13514 13514 I SEMS:MSFramework_4.2.0.034: [2][DeviceUtils] isMultiSimDevice : false
09-14 16:14:33.795 13514 13514 I SEMS:MSFramework_4.2.0.034: [2][DeviceUtils] isMultiSimDevice : false
09-14 16:14:33.802 13514 13514 I SEMS:MSFramework_4.2.0.034: [ELog][2][EasySignUpDBHandler] query end
09-14 16:14:33.802 13514 13514 I SEMS:MSFramework_4.2.0.034: [NetworkCommon][SSF][2][EasySignUpInterface] isAuth is false
09-14 16:14:33.802  1766  1820 D AllShare(ASF_DMC): [CP_CONTROL] OnResponseReceived: 117: Subscription response for session_id [772]
09-14 16:14:33.803  1766  1820 D AllShare(ASF_DMC): [CP_CONTROL] OnResponseReceived: 117: Subscription response for session_id [773]
09-14 16:14:33.805 13514 13514 D SamsungAnalytics111040: cf feature is supported
09-14 16:14:33.811 13514 13514 D SamsungAnalytics111040: [Tracker] Tracker start:1.11.040
09-14 16:14:33.811 13514 13514 D SamsungAnalytics111040: newThread on Executor
09-14 16:14:33.813 13514 13514 I SEMS:SamsungAccount: [SamsungAccount] initBixby()
09-14 16:14:33.815 13514 13514 I SEMS:SamsungAccount: [SamsungAccount] initBixby2()
09-14 16:14:33.817 13514 13514 I SEMS:SamsungAccount: [ContactJobService] start job scheduler
09-14 16:14:33.818 13514 13514 I SEMS:SamsungAccount: [ContactJobService] profile uri registered..!
09-14 16:14:33.819 13514 13514 I SEMS:SamsungAccount: [ContactJobService] schedule success
09-14 16:14:33.819 13514 13514 I SEMS:MobileService_4.2.0.033: [2][MobileServiceSocial] init start
09-14 16:14:33.819 13514 13514 I SEMS:MSFramework_4.2.0.034: [Social][2][SDKInterface] initializing EnhancedFeatures start
09-14 16:14:33.819 13514 13514 I SEMS:MSFramework_4.2.0.034: [Social][2][SDKInterface] initializing EnhancedFeatures end
09-14 16:14:33.819 13514 13514 I SEMS:MobileService_4.2.0.033: [BLog][2][MobileServiceBuddy] init
09-14 16:14:33.820 13514 13514 I SEMS:MSFramework_4.2.0.034: [2][SEM_INT : 2601] DeviceUtils
09-14 16:14:33.820 13514 13514 I SEMS:MSFramework_4.2.0.034: [2][CommonPref] getBoolean - key : crypto_secured , value : true
09-14 16:14:33.820 13514 13514 I SEMS:MSFramework_4.2.0.034: [2][CommonPref] getBoolean - key : is_enable_profile_sharing , value : false
09-14 16:14:33.820 13514 13514 I SEMS:MSFramework_4.2.0.034: [2][CommonPref] getBoolean - key : is_enable_profile_sharing_fake , value : false
09-14 16:14:33.820 13514 13514 I SEMS:MSFramework_4.2.0.034: [2][CommonPref] getBoolean - key : before_is_enable_profile_sharing , value : false
09-14 16:14:33.820 13514 13514 I SEMS:MobileService_4.2.0.033: [BLog][2][ObserverJobService] Observer scheduled
09-14 16:14:33.822 13514 13514 I SEMS:MobileService_4.2.0.033: [BLog][2][ObserverJobService] schedule success
09-14 16:14:33.823 13514 13514 I SEMS:MobileService_4.2.0.033: [BLog][2][PollingJobService] polling job service was already scheduled
09-14 16:14:33.823 13514 13514 I SEMS:MobileService_4.2.0.033: [BLog][2][PollingJobService] polling job service was already scheduled
09-14 16:14:33.824 13514 13514 I SEMS:MobileService_4.2.0.033: [SLog][2][MobileServiceShare] init
09-14 16:14:33.825 13514 13514 I SEMS:MobileService_4.2.0.033: [CDMSG_][2][MobileServiceMessage]  ######## init ######## 
09-14 16:14:33.827 13514 13514 I SEMS:MobileService_4.2.0.033: [ALog][2][MobileServiceActivity] init
09-14 16:14:33.827 13514 13514 I SEMS:MobileService_4.2.0.033: [ShopLog][2][MobileServiceShop] init.
09-14 16:14:33.827 13514 13514 I SEMS:MobileService_4.2.0.033: [2][MobileServiceSocial] init end
09-14 16:14:33.832 13514 13514 I SEMS:SamsungAccount: [TPMU] isSIMCardReady() - phoneType:CDMA
09-14 16:14:33.841 13514 13514 I SEMS:SamsungAccount: [TPMU] getMccFromUsim : 311
09-14 16:14:33.841 13514 13514 I SEMS:SamsungAccount: getMccForGalaxyJpn step1 PURE MCC : 311
09-14 16:14:33.841 13514 13514 I SEMS:SamsungAccount: [LBE] REF_JPN : true
09-14 16:14:33.842 13514 13514 I SEMS:SamsungAccount: [SAIDL] OnCreate Service
09-14 16:14:33.842 13514 13514 I SEMS:SamsungAccount: [SAIDL] OnBind
09-14 16:14:33.843 13514 13514 I SEMS:SamsungAccount: [SAIDL] [AUTH] Service binded
09-14 16:14:33.846 21340 21340 D SEMS-4.0.06_SeMobileServiceSession: bindState AuthService: BOUND in setBindState()
09-14 16:14:33.846 21340 21340 D SEMS-4.0.06_SeMobileServiceSession: AuthApi service connection established!@fc27e53
09-14 16:14:33.846 21340 21340 D SEMS-4.0.06_SeMobileServiceSession: ConnectionManager has AuthService
09-14 16:14:33.846 21340 21340 D SEMS-4.0.06_SeMobileServiceSession: AuthService service reconnected!@fc27e53
09-14 16:14:33.847 13514 13514 I SEMS:SamsungAccount: [SAIDL] OnBind
09-14 16:14:33.848 13514 13514 I SEMS:SamsungAccount: [SAIDL] [PROFILE] Service binded
09-14 16:14:33.850 21340 21340 D SEMS-4.0.06_SeMobileServiceSession: bindState ProfileService: BOUND in setBindState()
09-14 16:14:33.850 21340 21340 D SEMS-4.0.06_SeMobileServiceSession: ProfileApi service connection established!@f7f4390
09-14 16:14:33.850 21340 21340 D SEMS-4.0.06_SeMobileServiceSession: ConnectionManager has ProfileService
09-14 16:14:33.850 21340 21340 D SEMS-4.0.06_SeMobileServiceSession: ProfileService service reconnected!@f7f4390
09-14 16:14:33.855 13514 13514 I SEMS:MobileService_4.2.0.033: [BLog][2][MobileServiceSocialService] onCreate()
09-14 16:14:33.856 13514 13514 I SEMS:MobileService_4.2.0.033: [BLog][2][MobileServiceSocialService] onBind()
09-14 16:14:33.861 21340 21340 D SEMS-4.0.06_SeMobileServiceSession: bindState SocialService: BOUND in setBindState()
09-14 16:14:33.861 21340 21340 D SEMS-4.0.06_SeMobileServiceSession: SocialApi service connection established!@125d489
09-14 16:14:33.861 21340 21340 D SEMS-4.0.06_SeMobileServiceSession: ConnectionManager has SocialService
09-14 16:14:33.861 21340 21340 D SEMS-4.0.06_SeMobileServiceSession: SocialService service reconnected!@125d489
09-14 16:14:33.893  3203  3243 D ForegroundUtils: could not check pending caller
09-14 16:14:34.084  2983  2983 E adbd    : recv: OPEN 000014c6 00000000 0009:74 63 70 3A 36 36 36 36 00 
09-14 16:14:34.085  2983  2983 E adbd    : service_to_fd: tcp:6666
09-14 16:14:34.088  1136  1542 D DnsProxyListener: DNSDBG::dns addrinfo af 2
09-14 16:14:34.093  2983  2983 E adbd    : failed to connect to socket 'tcp:6666': Connection refused
09-14 16:14:34.557 18692 18704 I zygote  : Background concurrent copying GC freed 189927(10MB) AllocSpace objects, 0(0B) LOS objects, 49% free, 10MB/21MB, paused 7.770ms total 183.290ms
09-14 16:14:34.621  2983  2983 E adbd    : recv: OPEN 000014ca 00000000 000c:73 68 65 6C 6C 2C 76 32 3A 70 73 00 
09-14 16:14:34.621  2983  2983 E adbd    : service_to_fd: shell,v2:ps
09-14 16:14:34.653 13552 13552 E propClient: PropClient failed to load
09-14 16:14:34.680 13552 13552 E propClient: PropClient failed to load
09-14 16:14:35.524  2941  3308 D TileLifecycleManager: Unbinding service Intent { cmp=com.android.settings/com.samsung.android.settings.qstile.PowerSavingTile (has extras) } UserHandle{0}
09-14 16:14:35.556  2941  3308 D TileLifecycleManager: Unbinding service Intent { cmp=com.samsung.android.lool/com.samsung.android.sm.ui.booster.PerformanceTile (has extras) } UserHandle{0}
09-14 16:14:35.619  3203  3243 D ForegroundUtils: could not check pending caller
09-14 16:14:35.629  1943  2092 I ApplicationPolicy: isApplicationExternalStorageWhitelisted:com.enhance.gameservice user:0
09-14 16:14:35.630  1943  2092 D ApplicationPolicy: isApplicationExternalStorageWhitelisted: DO is not enabled on user 0. Allowed.
09-14 16:14:35.630  1943  2092 I ApplicationPolicy: isApplicationExternalStorageBlacklisted:com.enhance.gameservice user:0
09-14 16:14:35.630  1943  2092 D ApplicationPolicy: isApplicationExternalStorageBlacklisted: DO is not enabled on user 0. Allowed.
09-14 16:14:35.661 13557 13557 E Zygote  : isWhitelistProcess - Process is Whitelisted
09-14 16:14:35.668  3203  3243 D ForegroundUtils: could not check pending caller
09-14 16:14:35.672 13514 13514 I SEMS:SamsungAccount: [SS] Check SA EF Mapping
09-14 16:14:35.673 13514 13514 I SEMS:SamsungAccount: [ODM] isRequireEmailVerify
09-14 16:14:35.673 13514 13514 I SEMS:SamsungAccount: [ODM] getTncCursor
09-14 16:14:35.673 13514 13514 I SEMS:SamsungAccount: [[OCP] ]  URI : content://com.msc.openprovider.openContentProvider/tncRequest
09-14 16:14:35.675 13557 13557 W SELinux : SELinux selinux_android_compute_policy_index : Policy Index[2],  Con:u:r:zygote:s0 RAM:SEPF_SM-G930V_8.0.0_0007, [-1 -1 -1 -1 0 1]
09-14 16:14:35.675 13514 13514 I SEMS:SamsungAccount: [AccountManagerUtil] isHaveSA() - true
09-14 16:14:35.677 13557 13557 I SELinux : SELinux: seapp_context_lookup: seinfo=platform, level=s0:c512,c768, pkgname=com.enhance.gameservice 
09-14 16:14:35.679 13514 13514 I SEMS:SamsungAccount: [[OCP] ]  Cursor is not null
09-14 16:14:35.682 13514 13514 I SEMS:SamsungAccount: [ODM] isRequireNameValid
09-14 16:14:35.682 13514 13514 I SEMS:SamsungAccount: [ODM] getTncCursor
09-14 16:14:35.682 13514 13514 I SEMS:SamsungAccount: [[OCP] ]  URI : content://com.msc.openprovider.openContentProvider/tncRequest
09-14 16:14:35.685 13514 13514 I SEMS:SamsungAccount: [AccountManagerUtil] isHaveSA() - true
09-14 16:14:35.688 13514 13514 I SEMS:SamsungAccount: [[OCP] ]  Cursor is not null
09-14 16:14:35.690 13514 13514 I SEMS:SamsungAccount: [DBMV2] getMccFromDB
09-14 16:14:35.690 13514 13514 I SEMS:SamsungAccount: [DBMV2] getDataV02ForItems
09-14 16:14:35.691 13514 13514 I SEMS:SamsungAccount: [SSP] query invoked
09-14 16:14:35.722   619   619 D SoftKeymaster: system/keymaster/auth_encrypted_key_blob.cpp, Line 130: Failed to deserialize versioned key blob.  Assuming unversioned.
09-14 16:14:35.723   619   619 D SoftKeymaster: system/keymaster/auth_encrypted_key_blob.cpp, Line 74: Failed to deserialize unversioned blob (may be a HW-backed key)
09-14 16:14:35.746   619   619 D SoftKeymaster: system/keymaster/soft_keymaster_context.cpp, Line 884: Module "Keymaster MDFPP Mobicore HAL" accepted key
09-14 16:14:35.752 13557 13557 D TimaKeyStoreProvider: TimaKeyStore is not enabled: cannot add TimaSignature Service and generateKeyPair Service
09-14 16:14:35.752 13557 13557 D ActivityThread: Added TimaKeyStore provider
09-14 16:14:35.772   619   619 D SoftKeymaster: system/keymaster/auth_encrypted_key_blob.cpp, Line 130: Failed to deserialize versioned key blob.  Assuming unversioned.
