09-14 16:13:21.492 12902 12958 D UE4     : [2018.09.14-21.13.21:492][  0]LogRHI:   GL_EXT_texture_sRGB_R8
09-14 16:13:21.492 12902 12958 D UE4     : [2018.09.14-21.13.21:492][  0]LogRHI:   GL_KHR_no_error
09-14 16:13:21.493 12902 12958 D UE4     : [2018.09.14-21.13.21:493][  0]LogRHI:   GL_EXT_debug_marker
09-14 16:13:21.493 12902 12958 D UE4     : [2018.09.14-21.13.21:493][  0]LogRHI:   GL_OES_EGL_image_external_essl3
09-14 16:13:21.493 12902 12958 D UE4     : [2018.09.14-21.13.21:493][  0]LogRHI:   GL_OVR_multiview_multisampled_render_to_texture
09-14 16:13:21.493 12902 12958 D UE4     : [2018.09.14-21.13.21:493][  0]LogRHI:   GL_EXT_buffer_storage
09-14 16:13:21.493 12902 12958 D UE4     : [2018.09.14-21.13.21:493][  0]LogRHI:   GL_EXT_external_buffer
09-14 16:13:21.493 12902 12958 D UE4     : [2018.09.14-21.13.21:493][  0]LogRHI:   GL_EXT_blit_framebuffer_params
09-14 16:13:21.493 12902 12958 D UE4     : [2018.09.14-21.13.21:493][  0]LogRHI:   GL_EXT_clip_cull_distance
09-14 16:13:21.493 12902 12958 D UE4     : [2018.09.14-21.13.21:493][  0]LogRHI:   GL_EXT_protected_textures
09-14 16:13:21.493 12902 12958 D UE4     : [2018.09.14-21.13.21:493][  0]LogRHI:   GL_EXT_shader_non_constant_global_initializers
09-14 16:13:21.493 12902 12958 D UE4     : [2018.09.14-21.13.21:493][  0]LogRHI:   GL_QCOM_texture_foveated
09-14 16:13:21.494 12902 12958 D UE4     : [2018.09.14-21.13.21:494][  0]LogRHI:   GL_QCOM_shader_framebuffer_fetch_noncoherent
09-14 16:13:21.494 12902 12958 D UE4     : [2018.09.14-21.13.21:494][  0]LogRHI:   GL_EXT_memory_object
09-14 16:13:21.494 12902 12958 D UE4     : [2018.09.14-21.13.21:494][  0]LogRHI:   GL_EXT_memory_object_fd
09-14 16:13:21.494 12902 12958 D UE4     : [2018.09.14-21.13.21:494][  0]LogRHI:   GL_EXT_EGL_image_array
09-14 16:13:21.494 12902 12958 D UE4     : [2018.09.14-21.13.21:494][  0]LogRHI:   GL_NV_shader_noperspective_interpolation
09-14 16:13:21.494 12902 12958 D UE4     : [2018.09.14-21.13.21:494][  0]LogRHI:   GL_MAX_VERTEX_ATTRIBS: 32
09-14 16:13:21.494 12902 12958 D UE4     : [2018.09.14-21.13.21:494][  0]LogRHI:   GL_MAX_VARYING_VECTORS: 31
09-14 16:13:21.494 12902 12958 D UE4     : [2018.09.14-21.13.21:494][  0]LogRHI:   GL_MAX_VERTEX_UNIFORM_VECTORS: 256
09-14 16:13:21.494 12902 12958 D UE4     : [2018.09.14-21.13.21:494][  0]LogRHI:   GL_MAX_FRAGMENT_UNIFORM_VECTORS: 256
09-14 16:13:21.495 12902 12958 D UE4     : [2018.09.14-21.13.21:494][  0]LogRHI: Fragment shader lowp precision: 10
09-14 16:13:21.495 12902 12958 D UE4     : [2018.09.14-21.13.21:495][  0]LogRHI: Fragment shader mediump precision: 10
09-14 16:13:21.495 12902 12958 D UE4     : [2018.09.14-21.13.21:495][  0]LogRHI: Fragment shader highp precision: 23
09-14 16:13:21.495 12902 12958 D UE4     : [2018.09.14-21.13.21:495][  0]LogRHI: Support for 4x MSAA detected
09-14 16:13:21.495 12902 12958 D UE4     : [2018.09.14-21.13.21:495][  0]LogRHI: Image external enabled: ImageExternalESSL300
09-14 16:13:21.495 12902 12958 D UE4     : [2018.09.14-21.13.21:495][  0]LogRHI: Device supports mobile multi-view.
09-14 16:13:21.495 12902 12958 D UE4     : [2018.09.14-21.13.21:495][  0]LogRHI:   GL_MAX_TEXTURE_SIZE: 16384
09-14 16:13:21.495 12902 12958 D UE4     : [2018.09.14-21.13.21:495][  0]LogRHI:   GL_MAX_CUBE_MAP_TEXTURE_SIZE: 16384
09-14 16:13:21.495 12902 12958 D UE4     : [2018.09.14-21.13.21:495][  0]LogRHI:   GL_MAX_ARRAY_TEXTURE_LAYERS: 2048
09-14 16:13:21.495 12902 12958 D UE4     : [2018.09.14-21.13.21:495][  0]LogRHI:   GL_MAX_RENDERBUFFER_SIZE: 16384
09-14 16:13:21.496 12902 12958 D UE4     : [2018.09.14-21.13.21:495][  0]LogRHI:   GL_MAX_TEXTURE_IMAGE_UNITS: 16
09-14 16:13:21.496 12902 12958 D UE4     : [2018.09.14-21.13.21:496][  0]LogRHI:   GL_MAX_DRAW_BUFFERS: 8
09-14 16:13:21.496 12902 12958 D UE4     : [2018.09.14-21.13.21:496][  0]LogRHI:   GL_MAX_COLOR_ATTACHMENTS: 1
09-14 16:13:21.496 12902 12958 D UE4     : [2018.09.14-21.13.21:496][  0]LogRHI:   GL_MAX_SAMPLES: 1
09-14 16:13:21.496 12902 12958 D UE4     : [2018.09.14-21.13.21:496][  0]LogRHI:   GL_MAX_COLOR_TEXTURE_SAMPLES: 1
09-14 16:13:21.496 12902 12958 D UE4     : [2018.09.14-21.13.21:496][  0]LogRHI:   GL_MAX_DEPTH_TEXTURE_SAMPLES: 1
09-14 16:13:21.496 12902 12958 D UE4     : [2018.09.14-21.13.21:496][  0]LogRHI:   GL_MAX_INTEGER_SAMPLES: 1
09-14 16:13:21.496 12902 12958 D UE4     : [2018.09.14-21.13.21:496][  0]LogRHI:   GL_MAX_COMBINED_TEXTURE_IMAGE_UNITS: 96
09-14 16:13:21.496 12902 12958 D UE4     : [2018.09.14-21.13.21:496][  0]LogRHI:   GL_MAX_VERTEX_ATTRIBS: 32
09-14 16:13:21.496 12902 12958 D UE4     : [2018.09.14-21.13.21:496][  0]LogRHI:   GL_MAX_TEXTURE_MAX_ANISOTROPY_EXT: 16
09-14 16:13:21.497 12902 12958 D UE4     : [2018.09.14-21.13.21:496][  0]LogRHI: OpenGL MajorVersion = 2, MinorVersion = 0, ShaderPlatform = GLSL_ES2, FeatureLevel = ES2
09-14 16:13:21.497 12902 12958 D UE4     : [2018.09.14-21.13.21:497][  0]LogRHI: PLATFORM_ANDROID
09-14 16:13:21.497 12902 12958 D UE4     : [2018.09.14-21.13.21:497][  0]LogRHI: Texture pool is 1000 MB (of 0 MB total graphics mem)
09-14 16:13:21.497 12902 12958 D UE4     : [2018.09.14-21.13.21:497][  0]LogRHI: Display: Testing for shader compiler compatibility
09-14 16:13:21.497 12902 12958 D UE4     : [2018.09.14-21.13.21:497][  0]LogRHI: Display: Shaders compile fine no need to enable hacks
09-14 16:13:21.497 12902 12958 D UE4     : [2018.09.14-21.13.21:497][  0]LogRHI: Display: Testing for round() function availability
09-14 16:13:21.497 12902 12958 D UE4     : [2018.09.14-21.13.21:497][  0]LogRHI: Warning: Disabling the need for the round() function hack
09-14 16:13:21.497 12902 12958 D UE4     : [2018.09.14-21.13.21:497][  0]LogShaderLibrary: Display: Failed to load Shared Shader Library: Global and no native library supported.
09-14 16:13:21.497 12902 12958 D UE4     : [2018.09.14-21.13.21:497][  0]LogShaderLibrary: Display: Failed to load Shared Shader Library: Global_SC and no native library supported.
09-14 16:13:21.497 12902 12958 D UE4     : [2018.09.14-21.13.21:497][  0]LogShaderLibrary: Display: Failed to load Shared Shader Library: Paper2D and no native library supported.
09-14 16:13:21.498 12902 12958 D UE4     : [2018.09.14-21.13.21:497][  0]LogShaderLibrary: Display: Failed to load Shared Shader Library: Paper2D_SC and no native library supported.
09-14 16:13:21.498 12902 12958 D UE4     : [2018.09.14-21.13.21:498][  0]LogShaderLibrary: Display: Failed to load Shared Shader Library: Paper2D and no native library supported.
09-14 16:13:21.498 12902 12958 D UE4     : [2018.09.14-21.13.21:498][  0]LogShaderLibrary: Display: Failed to load Shared Shader Library: Paper2D_SC and no native library supported.
09-14 16:13:21.498 12902 12958 D UE4     : [2018.09.14-21.13.21:498][  0]LogShaderLibrary: Display: Failed to load Shared Shader Library: CryptoKeys and no native library supported.
09-14 16:13:21.498 12902 12958 D UE4     : [2018.09.14-21.13.21:498][  0]LogShaderLibrary: Display: Failed to load Shared Shader Library: CryptoKeys_SC and no native library supported.
09-14 16:13:21.498 12902 12958 D UE4     : [2018.09.14-21.13.21:498][  0]LogShaderLibrary: Display: Failed to load Shared Shader Library: CryptoKeys and no native library supported.
09-14 16:13:21.498 12902 12958 D UE4     : [2018.09.14-21.13.21:498][  0]LogShaderLibrary: Display: Failed to load Shared Shader Library: CryptoKeys_SC and no native library supported.
09-14 16:13:21.498 12902 12958 D UE4     : [2018.09.14-21.13.21:498][  0]LogShaderLibrary: Display: Failed to load Shared Shader Library: MeshEditor and no native library supported.
09-14 16:13:21.498 12902 12958 D UE4     : [2018.09.14-21.13.21:498][  0]LogShaderLibrary: Display: Failed to load Shared Shader Library: MeshEditor_SC and no native library supported.
09-14 16:13:21.498 12902 12958 D UE4     : [2018.09.14-21.13.21:498][  0]LogShaderLibrary: Display: Failed to load Shared Shader Library: MeshEditor and no native library supported.
09-14 16:13:21.499 12902 12958 D UE4     : [2018.09.14-21.13.21:499][  0]LogShaderLibrary: Display: Failed to load Shared Shader Library: MeshEditor_SC and no native library supported.
09-14 16:13:21.499 12902 12958 D UE4     : [2018.09.14-21.13.21:499][  0]LogShaderLibrary: Display: Failed to load Shared Shader Library: DatasmithContent and no native library supported.
09-14 16:13:21.499 12902 12958 D UE4     : [2018.09.14-21.13.21:499][  0]LogShaderLibrary: Display: Failed to load Shared Shader Library: DatasmithContent_SC and no native library supported.
09-14 16:13:21.499 12902 12958 D UE4     : [2018.09.14-21.13.21:499][  0]LogShaderLibrary: Display: Failed to load Shared Shader Library: DatasmithContent and no native library supported.
09-14 16:13:21.499 12902 12958 D UE4     : [2018.09.14-21.13.21:499][  0]LogShaderLibrary: Display: Failed to load Shared Shader Library: DatasmithContent_SC and no native library supported.
09-14 16:13:21.499 12902 12958 D UE4     : [2018.09.14-21.13.21:499][  0]LogShaderLibrary: Display: Failed to load Shared Shader Library: MediaCompositing and no native library supported.
09-14 16:13:21.499 12902 12958 D UE4     : [2018.09.14-21.13.21:499][  0]LogShaderLibrary: Display: Failed to load Shared Shader Library: MediaCompositing_SC and no native library supported.
09-14 16:13:21.499 12902 12958 D UE4     : [2018.09.14-21.13.21:499][  0]LogShaderLibrary: Display: Failed to load Shared Shader Library: MediaCompositing and no native library supported.
09-14 16:13:21.499 12902 12958 D UE4     : [2018.09.14-21.13.21:499][  0]LogShaderLibrary: Display: Failed to load Shared Shader Library: MediaCompositing_SC and no native library supported.
09-14 16:13:21.500 12902 12958 D UE4     : [2018.09.14-21.13.21:499][  0]LogShaderLibrary: Display: Failed to load Shared Shader Library: OculusVR and no native library supported.
09-14 16:13:21.500 12902 12958 D UE4     : [2018.09.14-21.13.21:500][  0]LogShaderLibrary: Display: Failed to load Shared Shader Library: OculusVR_SC and no native library supported.
09-14 16:13:21.500 12902 12958 D UE4     : [2018.09.14-21.13.21:500][  0]LogShaderLibrary: Display: Failed to load Shared Shader Library: OculusVR and no native library supported.
09-14 16:13:21.500 12902 12958 D UE4     : [2018.09.14-21.13.21:500][  0]LogShaderLibrary: Display: Failed to load Shared Shader Library: OculusVR_SC and no native library supported.
09-14 16:13:21.500 12902 12958 D UE4     : [2018.09.14-21.13.21:500][  0]LogShaderLibrary: Display: Failed to load Shared Shader Library: SteamVR and no native library supported.
09-14 16:13:21.500 12902 12958 D UE4     : [2018.09.14-21.13.21:500][  0]LogShaderLibrary: Display: Failed to load Shared Shader Library: SteamVR_SC and no native library supported.
09-14 16:13:21.500 12902 12958 D UE4     : [2018.09.14-21.13.21:500][  0]LogShaderLibrary: Display: Failed to load Shared Shader Library: SteamVR and no native library supported.
09-14 16:13:21.500 12902 12958 D UE4     : [2018.09.14-21.13.21:500][  0]LogShaderLibrary: Display: Failed to load Shared Shader Library: SteamVR_SC and no native library supported.
09-14 16:13:21.500 12902 12958 D UE4     : [2018.09.14-21.13.21:500][  0]LogRHI: Display: Failed to open default shader pipeline cache for GiftGame using shader platform 8.
09-14 16:13:21.500 12902 12958 D UE4     : [2018.09.14-21.13.21:500][  0]LogMaterial: Verifying Global Shaders for GLSL_ES2
09-14 16:13:21.501 12902 12958 D UE4     : [2018.09.14-21.13.21:501][  0]LogSlate: Using FreeType 2.4.12
09-14 16:13:21.501 12902 12958 D UE4     : [2018.09.14-21.13.21:501][  0]LogSlate: SlateFontServices - WITH_FREETYPE: 1, WITH_HARFBUZZ: 1
09-14 16:13:21.501 12902 12958 D UE4     : [2018.09.14-21.13.21:501][  0]LogShaderLibrary: Display: Failed to load Shared Shader Library: GiftGame and no native library supported.
09-14 16:13:21.501 12902 12958 D UE4     : [2018.09.14-21.13.21:501][  0]LogShaderLibrary: Display: Failed to load Shared Shader Library: GiftGame_SC and no native library supported.
09-14 16:13:21.501 12902 12958 D UE4     : [2018.09.14-21.13.21:501][  0]LogRHI: Display: Failed to open default shader pipeline cache for GiftGame using shader platform 8.
09-14 16:13:21.501 12902 12958 D UE4     : [2018.09.14-21.13.21:501][  0]LogShaderLibrary: Display: Failed to load Shared Shader Library: GiftGame and no native library supported.
09-14 16:13:21.501 12902 12958 D UE4     : [2018.09.14-21.13.21:501][  0]LogShaderLibrary: Display: Failed to load Shared Shader Library: GiftGame_SC and no native library supported.
09-14 16:13:21.501 12902 12958 D UE4     : [2018.09.14-21.13.21:501][  0]LogRHI: Display: Failed to open default shader pipeline cache for GiftGame using shader platform 8.
09-14 16:13:21.501 12902 12958 D UE4     : [2018.09.14-21.13.21:501][  0]LogInit: Using OS detected language (en-US).
09-14 16:13:21.501 12902 12958 D UE4     : [2018.09.14-21.13.21:501][  0]LogInit: Using OS detected locale (en-US).
09-14 16:13:21.502 12902 12958 D UE4     : [2018.09.14-21.13.21:502][  0]LogTextLocalizationManager: No localization for 'en-US' exists, so 'en' will be used for the language.
09-14 16:13:21.502 12902 12958 D UE4     : [2018.09.14-21.13.21:502][  0]LogTextLocalizationManager: No localization for 'en-US' exists, so 'en' will be used for the locale.
09-14 16:13:21.502 12902 12958 D UE4     : [2018.09.14-21.13.21:502][  0]LogStreaming: Display: Took  0.163s to InitGameTextLocalization.
09-14 16:13:21.502 12902 12958 D UE4     : [2018.09.14-21.13.21:502][  0]LogAssetRegistry: FAssetRegistry took 0.0807 seconds to start up
09-14 16:13:21.502 12902 12958 D UE4     : [2018.09.14-21.13.21:502][  0]LogStreaming: Display: Flushing async loaders.
09-14 16:13:21.502 12902 12958 D UE4     : [2018.09.14-21.13.21:502][  0]LogPackageLocalizationCache: Processed 9 localized package path(s) for 1 prioritized culture(s) in 0.057733 seconds
09-14 16:13:21.502 12902 12958 D UE4     : [2018.09.14-21.13.21:502][  0]LogNetVersion: GiftGame 1.0.0, NetCL: 4212847, EngineNetVer: 5, GameNetVer: 0 (Checksum: 3731779599)
09-14 16:13:21.502 12902 12958 D UE4     : [2018.09.14-21.13.21:502][  0]LogMoviePlayer: Initializing movie player
09-14 16:13:21.517 18692 11148 W System.err: android.content.pm.PackageManager$NameNotFoundException
09-14 16:13:21.517 18692 11148 W System.err: 	at android.app.ApplicationPackageManager.getPackageInfoAsUser(ApplicationPackageManager.java:298)
09-14 16:13:21.517 18692 11148 W System.err: 	at android.app.ApplicationPackageManager.getPackageInfo(ApplicationPackageManager.java:269)
09-14 16:13:21.517 18692 11148 W System.err: 	at com.estrongs.android.pop.app.d.q.c(LoggerLandingSceneManager.java:153)
09-14 16:13:21.517 18692 11148 W System.err: 	at com.estrongs.android.pop.app.d.q.a(LoggerLandingSceneManager.java:66)
09-14 16:13:21.517 18692 11148 W System.err: 	at com.estrongs.android.pop.app.scene.e.h$1.a(SceneWhenNewFile.java:77)
09-14 16:13:21.517 18692 11148 W System.err: 	at com.estrongs.android.scanner.c.j$a$1.run(NotifyHandler.java:68)
09-14 16:13:21.517 18692 11148 W System.err: 	at com.estrongs.android.util.n$a.run(ESThreadPoolImpl.java:95)
09-14 16:13:21.517 18692 11148 W System.err: 	at java.lang.Thread.run(Thread.java:764)
09-14 16:13:21.524 18692 22630 W System.err: android.content.pm.PackageManager$NameNotFoundException
09-14 16:13:21.524 18692 22630 W System.err: 	at android.app.ApplicationPackageManager.getPackageInfoAsUser(ApplicationPackageManager.java:298)
09-14 16:13:21.524 18692 22630 W System.err: 	at android.app.ApplicationPackageManager.getPackageInfo(ApplicationPackageManager.java:269)
09-14 16:13:21.526 18692 22630 W System.err: 	at com.estrongs.android.pop.app.d.q.c(LoggerLandingSceneManager.java:153)
09-14 16:13:21.526 18692 22630 W System.err: 	at com.estrongs.android.pop.app.d.q.a(LoggerLandingSceneManager.java:66)
09-14 16:13:21.526 18692 22630 W System.err: 	at com.estrongs.android.pop.app.scene.e.h$1.a(SceneWhenNewFile.java:77)
09-14 16:13:21.530 18692 22630 W System.err: 	at com.estrongs.android.scanner.c.j$a$1.run(NotifyHandler.java:75)
09-14 16:13:21.532 18692 22630 W System.err: 	at com.estrongs.android.util.n$a.run(ESThreadPoolImpl.java:95)
09-14 16:13:21.533 18692 22630 W System.err: 	at java.lang.Thread.run(Thread.java:764)
09-14 16:13:21.550  8374  8398 I RecursiveFileObserver: CLOSE_WRITE: /mnt/sdcard/UE4Game/GiftGame/GiftGame/Saved/Config/Android/Engine.ini
09-14 16:13:21.614 12902 12958 D UE4     : LogAndroid: Display: Passed PreInit()
09-14 16:13:21.614 12902 12958 D UE4     : 
09-14 16:13:21.614 12902 12958 D UE4     : [2018.09.14-21.13.21:614][  0]LogTcpMessaging: Initializing TcpMessaging bridge, listening on 127.0.0.1:6666
09-14 16:13:21.614 12902 12958 D UE4     : [2018.09.14-21.13.21:614][  0]LogUdpMessaging: Initializing bridge on interface 0.0.0.0:0 to multicast group 230.0.0.1:6666.
09-14 16:13:21.615 12902 12958 D UE4     : [2018.09.14-21.13.21:615][  0]LogAndroidPermission: UAndroidPermissionCallbackProxy::GetInstance
09-14 16:13:21.615 12902 12958 D UE4     : [2018.09.14-21.13.21:615][  0]LogOcInput: OculusInput pre-init called
09-14 16:13:21.615 12902 12958 D UE4     : [2018.09.14-21.13.21:615][  0]LogUObjectArray: 33963 objects as part of root set at end of initial load.
09-14 16:13:21.615 12902 12958 D UE4     : [2018.09.14-21.13.21:615][  0]LogUObjectAllocator: 3763080 out of 0 bytes used by permanent object pool.
09-14 16:13:21.615 12902 12958 D UE4     : [2018.09.14-21.13.21:615][  0]LogUObjectArray: CloseDisregardForGC: 0/0 objects in disregard for GC pool
09-14 16:13:21.615 12902 12958 D UE4     : [2018.09.14-21.13.21:615][  0]LogAndroid: Display: Passed PreInit()
09-14 16:13:21.616 12902 12958 D UE4     : [2018.09.14-21.13.21:616][  0]LogEngine: Initializing Engine...
09-14 16:13:21.623 12902 12958 D UE4     : [2018.09.14-21.13.21:623][  0]LogStats: UGameplayTagsManager::ConstructGameplayTagTree: ImportINI prefixes -  0.000 s
09-14 16:13:21.624 12902 12958 D UE4     : [2018.09.14-21.13.21:624][  0]LogStats: UGameplayTagsManager::ConstructGameplayTagTree: Construct from data asset -  0.000 s
09-14 16:13:21.624 12902 12958 D UE4     : [2018.09.14-21.13.21:624][  0]LogStats: UGameplayTagsManager::ConstructGameplayTagTree: ImportINI -  0.001 s
09-14 16:13:21.624 12902 12958 D UE4     : [2018.09.14-21.13.21:624][  0]LogStats: UGameplayTagsManager::ConstructGameplayTagTree: GameplayTagTreeChangedEvent.Broadcast -  0.000 s
09-14 16:13:21.783 12902 12958 D UE4     : [2018.09.14-21.13.21:783][  0]LogInit: Initializing FReadOnlyCVARCache
09-14 16:13:21.783 12902 12958 D UE4     : LogAndroidAudio: Warning: SL Entered Init HW
09-14 16:13:21.783 12902 12958 D UE4     : 
09-14 16:13:21.784 12902 12958 D UE4     : [2018.09.14-21.13.21:784][  0]LogAndroidAudio: Warning: SL Entered Init HW
09-14 16:13:21.784 12902 12958 D UE4     : LogAndroidAudio: Warning: OpenSLES Initializing HW
09-14 16:13:21.784 12902 12958 D UE4     : 
09-14 16:13:21.784 12902 12958 D UE4     : [2018.09.14-21.13.21:784][  0]LogAndroidAudio: Warning: OpenSLES Initializing HW
09-14 16:13:21.787 12902 12958 D UE4     : LogAndroidAudio: Warning: OpenSLES Initialized
09-14 16:13:21.787 12902 12958 D UE4     : 
09-14 16:13:21.787 12902 12958 D UE4     : [2018.09.14-21.13.21:787][  0]LogAndroidAudio: Warning: OpenSLES Initialized
09-14 16:13:21.787 12902 12958 D UE4     : LogAndroidAudio: Warning: OpenSLAudioDevice: Allocated 12 sources
09-14 16:13:21.787 12902 12958 D UE4     : 
09-14 16:13:21.788 12902 12958 D UE4     : [2018.09.14-21.13.21:787][  0]LogAndroidAudio: Warning: OpenSLAudioDevice: Allocated 12 sources
09-14 16:13:21.788 12902 12958 D UE4     : [2018.09.14-21.13.21:788][  0]LogInit: FAudioDevice initialized.
09-14 16:13:21.789 12902 12958 D UE4     : LogAudio: Warning: Can't increase channels past starting number!
09-14 16:13:21.789 12902 12958 D UE4     : 
09-14 16:13:21.790 12902 12958 D UE4     : [2018.09.14-21.13.21:790][  0]LogAudio: Warning: Can't increase channels past starting number!
09-14 16:13:21.794 12902 12958 D UE4     : [2018.09.14-21.13.21:794][  0]LogNetVersion: Set ProjectVersion to 1.0.0.0. Version Checksum will be recalculated on next use.
09-14 16:13:21.794 12902 12958 D UE4     : [2018.09.14-21.13.21:794][  0]LogInit: Texture streaming: Enabled
09-14 16:13:21.812  8374  8398 I RecursiveFileObserver: CLOSE_WRITE: /mnt/sdcard/UE4Game/GiftGame/GiftGame/Saved/Config/Android/GameUserSettings.ini
09-14 16:13:21.824  8374  8398 I RecursiveFileObserver: CREATED: /mnt/sdcard/UE4Game/GiftGame/GiftGame/Saved/Config/Android/GameUserSettings.ini
09-14 16:13:21.837 12902 12958 D UE4     : LogAudio: Warning: Can't increase channels past starting number!
09-14 16:13:21.837 12902 12958 D UE4     : 
09-14 16:13:21.837 12902 12958 D UE4     : [2018.09.14-21.13.21:837][  0]LogAudio: Warning: Can't increase channels past starting number!
09-14 16:13:21.839  8374  8398 I RecursiveFileObserver: CLOSE_WRITE: /mnt/sdcard/UE4Game/GiftGame/GiftGame/Saved/Config/Android/GameUserSettings.ini
09-14 16:13:21.849 12902 12958 D UE4     : [2018.09.14-21.13.21:849][  0]LogSlate: Updating window title bar state: overlay mode, drag disabled, window buttons hidden, title bar hidden
09-14 16:13:21.850 12902 12958 D UE4     : LogInit: Display: Game Engine Initialized.
09-14 16:13:21.850 12902 12958 D UE4     : 
09-14 16:13:21.850 12902 12958 D UE4     : [2018.09.14-21.13.21:850][  0]LogInit: Display: Game Engine Initialized.
09-14 16:13:21.850 12902 12958 D UE4     : LogGameplayTags: Display: UGameplayTagsManager::DoneAddingNativeTags. DelegateIsBound: 0
09-14 16:13:21.850 12902 12958 D UE4     : 
09-14 16:13:21.851 12902 12958 D UE4     : [2018.09.14-21.13.21:850][  0]LogGameplayTags: Display: UGameplayTagsManager::DoneAddingNativeTags. DelegateIsBound: 0
09-14 16:13:21.851 12902 12958 D UE4     : [2018.09.14-21.13.21:851][  0]LogStats: UGameplayTagsManager::ConstructGameplayTagTree: ImportINI prefixes -  0.000 s
09-14 16:13:21.851 12902 12958 D UE4     : [2018.09.14-21.13.21:851][  0]LogStats: UGameplayTagsManager::ConstructGameplayTagTree: Construct from data asset -  0.000 s
09-14 16:13:21.852 12902 12958 D UE4     : [2018.09.14-21.13.21:852][  0]LogStats: UGameplayTagsManager::ConstructGameplayTagTree: ImportINI -  0.001 s
09-14 16:13:21.852 12902 12958 D UE4     : [2018.09.14-21.13.21:852][  0]LogStats: UGameplayTagsManager::ConstructGameplayTagTree: GameplayTagTreeChangedEvent.Broadcast -  0.000 s
09-14 16:13:21.930 12902 12958 D UE4     : LogInit: Display: Starting Game.
09-14 16:13:21.930 12902 12958 D UE4     : 
09-14 16:13:21.931 12902 12958 D UE4     : [2018.09.14-21.13.21:931][  0]LogInit: Display: Starting Game.
09-14 16:13:21.931 12902 12958 D UE4     : [2018.09.14-21.13.21:931][  0]LogNet: Browse: /Game/Levels/MainMenu/MainMenu?Name=Player
09-14 16:13:21.932 12902 12958 D UE4     : [2018.09.14-21.13.21:932][  0]LogLoad: LoadMap: /Game/Levels/MainMenu/MainMenu?Name=Player
09-14 16:13:22.056 12902 12958 D UE4     : [2018.09.14-21.13.22:056][  0]LogAIModule: Creating AISystem for world MainMenu
09-14 16:13:22.057 12902 12958 D UE4     : [2018.09.14-21.13.22:056][  0]LogLoad: Game class is 'MenuGameMode_C'
09-14 16:13:22.066 12902 12958 D UE4     : [2018.09.14-21.13.22:066][  0]LogWorld: Bringing World /Game/Levels/MainMenu/MainMenu.MainMenu up for play (max tick rate 0) at 2018.09.14-16.13.22
09-14 16:13:22.067 12902 12958 D UE4     : [2018.09.14-21.13.22:066][  0]LogWorld: Bringing up level for play took: 0.001547
09-14 16:13:22.067 12902 12958 D UE4     : LogOnline: Warning: FOnlineSubsystemGooglePlayModule was disabled
09-14 16:13:22.067 12902 12958 D UE4     : 
09-14 16:13:22.067 12902 12958 D UE4     : [2018.09.14-21.13.22:067][  0]LogOnline: Warning: FOnlineSubsystemGooglePlayModule was disabled
09-14 16:13:22.069 12902 12958 D UE4     : [2018.09.14-21.13.22:068][  0]LogGameMode: FindPlayerStart: PATHS NOT DEFINED or NO PLAYERSTART with positive rating
09-14 16:13:22.089 12902 12958 D UE4     : LogUMG: Display: Widget Class MainMenuWidget_C - Loaded Fast Template.
09-14 16:13:22.089 12902 12958 D UE4     : 
09-14 16:13:22.089 12902 12958 D UE4     : [2018.09.14-21.13.22:089][  0]LogUMG: Display: Widget Class MainMenuWidget_C - Loaded Fast Template.
09-14 16:13:22.093 12902 12958 D UE4     : [2018.09.14-21.13.22:093][  0]LogLoad: Took 0.161286 seconds to LoadMap(/Game/Levels/MainMenu/MainMenu)
09-14 16:13:22.100 12902 13047 D UE4     : *** JavaEnvDestructor: 13047
09-14 16:13:22.175 12902 13045 D UE4     : AndroidEGL::ResetDisplay()
09-14 16:13:22.175 12902 13045 D UE4     : *** JavaEnvDestructor: 13045
09-14 16:13:22.192 12902 12958 D UE4     : [2018.09.14-21.13.22:192][  0]LogAndroid: Passed GEngineLoop.Init()
09-14 16:13:22.204 12902 12961 D OpenGLRenderer: eglDestroySurface = 0xdce91eb0
09-14 16:13:22.204 12902 12902 D ViewRootImpl@6a22ef5[GameActivity]: dispatchDetachedFromWindow
09-14 16:13:22.204 12902 12902 D InputEventReceiver: channel '9824f7c com.YourCompany.GiftGame/com.epicgames.ue4.GameActivity (client)' ~ Disposing input event receiver.
09-14 16:13:22.204 12902 12902 D InputEventReceiver: channel '9824f7c com.YourCompany.GiftGame/com.epicgames.ue4.GameActivity (client)' ~NativeInputEventReceiver.
09-14 16:13:22.207   760  1229 I SurfaceFlinger: id=1861 Removed com.YourCompany.GiftGame/com.epicgames.ue4.GameActivity#0 (4/5)
09-14 16:13:22.208   760  1229 I SurfaceFlinger: id=1861 Removed com.YourCompany.GiftGame/com.epicgames.ue4.GameActivity#0 (-2/5)
09-14 16:13:22.214   760   760 I Layer   : id=1861 onRemoved com.YourCompany.GiftGame/com.epicgames.ue4.GameActivity#0 
09-14 16:13:22.215 12902 12958 D UE4     : LogModuleManager: Warning: ModuleManager: Module 'FunctionalTesting' not found - its StaticallyLinkedModuleInitializers function is null.
09-14 16:13:22.215 12902 12958 D UE4     : 
09-14 16:13:22.216 12902 12958 D UE4     : [2018.09.14-21.13.22:216][  0]LogRenderer: Reallocating scene render targets to support 1280x720 Format 2 NumSamples 1 (Frame:1).
09-14 16:13:22.216 12902 12958 D UE4     : [2018.09.14-21.13.22:216][  0]LogModuleManager: Warning: ModuleManager: Module 'FunctionalTesting' not found - its StaticallyLinkedModuleInitializers function is null.
09-14 16:13:22.219   760   760 I SurfaceFlinger: Display 0 HWC layers:
09-14 16:13:22.219   760   760 I SurfaceFlinger:     type    |    handle    | flag |  format   |   source crop (l,t,r,b)    |         frame       | name 
09-14 16:13:22.219   760   760 I SurfaceFlinger: ------------+--------------+------+-----------+----------------------------+---------------------+------
09-14 16:13:22.219   760   760 I SurfaceFlinger:  SolidColor |              | 0002 |  Unknown  |   0.0    0.0   -1.0   -1.0 |    0    0 1080 1920 | Background for - SurfaceView - com.Y[...]icgames.ue4.GameActivity@a8dbcbc@0#0
09-14 16:13:22.219   760   760 I SurfaceFlinger:      Device | 0x7a0282f100 | 0000 | RGBA_8888 |   0.0    0.0 1080.0 1920.0 |    0    0 1080 1920 | com.YourCompany.GiftGame/com.epicgames.ue4.GameActivity#1
09-14 16:13:22.219   760   760 I SurfaceFlinger: 
09-14 16:13:22.223 12902 12958 D UE4     : LogAndroidEvents: Display: DequeueAppEvent : 9, 0
09-14 16:13:22.223 12902 12958 D UE4     : 
09-14 16:13:22.224 12902 12958 D UE4     : [2018.09.14-21.13.22:224][  0]LogAndroidEvents: Display: DequeueAppEvent : 9, 0
09-14 16:13:22.224 12902 12958 D UE4     : LogAndroidEvents: Display: DequeueAppEvent : 7, 0
09-14 16:13:22.224 12902 12958 D UE4     : 
09-14 16:13:22.224 12902 12958 D UE4     : [2018.09.14-21.13.22:224][  0]LogAndroidEvents: Display: DequeueAppEvent : 7, 0
09-14 16:13:22.225 12902 12958 D UE4     : LogAndroidEvents: Display: DequeueAppEvent : 0, 3363727368
09-14 16:13:22.225 12902 12958 D UE4     : 
09-14 16:13:22.225 12902 12958 D UE4     : [2018.09.14-21.13.22:225][  0]LogAndroidEvents: Display: DequeueAppEvent : 0, 3363727368
09-14 16:13:22.225 12902 12958 D UE4     : APP_EVENT_STATE_WINDOW_CREATED, 0, 0, 1
09-14 16:13:22.225 12902 12958 D UE4     : LogAndroidEvents: Display: ExecWindowCreated
09-14 16:13:22.225 12902 12958 D UE4     : 
09-14 16:13:22.225 12902 12958 D UE4     : [2018.09.14-21.13.22:225][  0]LogAndroidEvents: Display: ExecWindowCreated
09-14 16:13:22.225 12902 12958 D UE4     : AndroidEGL::ReInitWindow()
09-14 16:13:22.225 12902 12958 D UE4     : AndroidEGL::ReInit()
09-14 16:13:22.225 12902 12958 D UE4     : AndroidEGL::ResetDisplay()
09-14 16:13:22.225 12902 12958 D UE4     : AndroidEGL::InitSurface 0, 1
09-14 16:13:22.226 12902 12958 D UE4     : AndroidEGL::CreateEGLSurface() Already initialized: 0xdce92bd0
09-14 16:13:22.226 12902 12958 D UE4     : ExecWindowCreated, 0, 1, 1
09-14 16:13:22.226 12902 12958 D UE4     : [2018.09.14-21.13.22:226][  0]LogTemp: Android resume audio
09-14 16:13:22.236 12902 12958 D UE4     : Registering volume receiver
09-14 16:13:22.244  1943  5981 D AudioService: GetAppDevice, uid=10029
09-14 16:13:22.245 12902 12958 D UE4     : startVolumeReceiver: 0
09-14 16:13:22.245 12902 12958 D UE4     : nativeVolumeEvent(0)
09-14 16:13:22.245 12902 12958 D UE4     : Registering battery receiver
09-14 16:13:22.250 12902 12958 D UE4     : Registering headset receiver
09-14 16:13:22.255 12902 12958 D UE4     : startHeadsetReceiver: 0
09-14 16:13:22.255 12902 12958 D UE4     : nativeHeadsetEvent(0)
09-14 16:13:22.256 12902 12902 D UE4     : Battery: status = 5, rawlevel = 100, scale = 100
09-14 16:13:22.257 12902 12902 D UE4     : nativeBatteryEvent(stat = 5, lvl = 100  temp = 25.40 C)
09-14 16:13:22.261 12902 13055 D UE4     : *** JavaEnvDestructor: 13055
09-14 16:13:22.432  2983  2983 E adbd    : recv: OPEN 000013d1 00000000 0009:74 63 70 3A 36 36 36 36 00 
09-14 16:13:22.432  2983  2983 E adbd    : service_to_fd: tcp:6666
09-14 16:13:22.436  1136  1542 D DnsProxyListener: DNSDBG::dns addrinfo af 2
09-14 16:13:22.466  2983  2983 E adbd    : recv: OPEN 000013d5 00000000 000c:73 68 65 6C 6C 2C 76 32 3A 70 73 00 
09-14 16:13:22.466  2983  2983 E adbd    : service_to_fd: shell,v2:ps
09-14 16:13:22.504 13073 13073 E propClient: PropClient failed to load
09-14 16:13:22.519 13073 13073 E propClient: PropClient failed to load
09-14 16:13:22.553 12902 13053 D UE4     : *** JavaEnvDestructor: 13053
09-14 16:13:22.554 12902 13054 D UE4     : *** JavaEnvDestructor: 13054
09-14 16:13:22.554 12902 13051 D UE4     : *** JavaEnvDestructor: 13051
09-14 16:13:22.658 12902 12958 D UE4     : [2018.09.14-21.13.22:658][  0]LogUdpMessaging: Initializing bridge on interface 0.0.0.0:0 to multicast group 230.0.0.1:6666.
09-14 16:13:22.805  1079  3591 V APM_AudioPolicyManager: getAudioPolicyConfig: audioParam;outDevice
09-14 16:13:22.806  1079  3591 V APM_AudioPolicyManager: getNewOutputDevice() selected device 0
09-14 16:13:22.806  1079  3591 V APM_AudioPolicyManager: ### curdevice : 2
09-14 16:13:22.806  1079  3591 V APM_AudioPolicyManager: getAudioPolicyConfig: audioParam;outDevice
09-14 16:13:22.806  1079  3591 V APM_AudioPolicyManager: getNewOutputDevice() selected device 0
09-14 16:13:22.806  1079  3591 V APM_AudioPolicyManager: ### curdevice : 2
09-14 16:13:22.807  1079  3591 V APM_AudioPolicyManager: getAudioPolicyConfig: audioParam;outDevice
09-14 16:13:22.807  1079  3591 V APM_AudioPolicyManager: getNewOutputDevice() selected device 0
09-14 16:13:22.807  1079  3591 V APM_AudioPolicyManager: ### curdevice : 2
09-14 16:13:22.833  1079  3591 V APM_AudioPolicyManager: getAudioPolicyConfig: audioParam;activeStream
09-14 16:13:22.833  1079  3591 V APM_AudioPolicyManager: ### active stream : 0
09-14 16:13:22.834  1943 11527 D AudioService: active stream is 0x0
09-14 16:13:23.073 18692 18704 I zygote  : Background concurrent copying GC freed 185650(10MB) AllocSpace objects, 23(460KB) LOS objects, 49% free, 11MB/22MB, paused 7.201ms total 179.601ms
09-14 16:13:23.455 12902 13049 D UE4     : *** JavaEnvDestructor: 13049
09-14 16:13:23.479 18692 21547 I zygote  : Note: end time exceeds INT32_MAX: 9223372034
09-14 16:13:23.508 12902 13048 D UE4     : *** JavaEnvDestructor: 13048
09-14 16:13:23.600  1766  1817 V AllShare(ASF_DMC): [CP_DISCOVERY] OnUDPRequestReceived: 101: OnUDPRequestReceived Enter
09-14 16:13:23.601  1766  1817 V AllShare(ASF_DMC): [CP_DISCOVERY] OnUDPRequestReceived: 123: RetrieveResponse result [1]
09-14 16:13:23.602  1766  1817 V AllShare(ASF_DMC): [CP_DISCOVERY] OnUDPRequestReceived: 155: OnUDPRequestReceived get outgoing ip finished
09-14 16:13:23.776  2983  2983 E adbd    : recv: OPEN 000013d9 00000000 000c:73 68 65 6C 6C 2C 76 32 3A 70 73 00 
09-14 16:13:23.776  2983  2983 E adbd    : service_to_fd: shell,v2:ps
09-14 16:13:23.786 13080 13080 E propClient: PropClient failed to load
09-14 16:13:23.799 13080 13080 E propClient: PropClient failed to load
09-14 16:13:23.837 18692 11086 W System.err: android.content.pm.PackageManager$NameNotFoundException
09-14 16:13:23.838 18692 11086 W System.err: 	at android.app.ApplicationPackageManager.getPackageInfoAsUser(ApplicationPackageManager.java:298)
09-14 16:13:23.838 18692 11086 W System.err: 	at android.app.ApplicationPackageManager.getPackageInfo(ApplicationPackageManager.java:269)
09-14 16:13:23.838 18692 11086 W System.err: 	at com.estrongs.android.pop.app.d.q.c(LoggerLandingSceneManager.java:153)
09-14 16:13:23.838 18692 11086 W System.err: 	at com.estrongs.android.pop.app.d.q.a(LoggerLandingSceneManager.java:66)
09-14 16:13:23.838 18692 11086 W System.err: 	at com.estrongs.android.pop.app.scene.e.h$1.a(SceneWhenNewFile.java:77)
09-14 16:13:23.839 18692 11086 W System.err: 	at com.estrongs.android.scanner.c.j$a$1.run(NotifyHandler.java:68)
09-14 16:13:23.839 18692 11086 W System.err: 	at com.estrongs.android.util.n$a.run(ESThreadPoolImpl.java:95)
09-14 16:13:23.839 18692 11086 W System.err: 	at java.lang.Thread.run(Thread.java:764)
09-14 16:13:23.843 18692 11150 W System.err: android.content.pm.PackageManager$NameNotFoundException
09-14 16:13:23.844 18692 11150 W System.err: 	at android.app.ApplicationPackageManager.getPackageInfoAsUser(ApplicationPackageManager.java:298)
09-14 16:13:23.844 18692 11150 W System.err: 	at android.app.ApplicationPackageManager.getPackageInfo(ApplicationPackageManager.java:269)
09-14 16:13:23.844 18692 11150 W System.err: 	at com.estrongs.android.pop.app.d.q.c(LoggerLandingSceneManager.java:153)
09-14 16:13:23.844 18692 11150 W System.err: 	at com.estrongs.android.pop.app.d.q.a(LoggerLandingSceneManager.java:66)
09-14 16:13:23.845 18692 11150 W System.err: 	at com.estrongs.android.pop.app.scene.e.h$1.a(SceneWhenNewFile.java:77)
09-14 16:13:23.845 18692 11150 W System.err: 	at com.estrongs.android.scanner.c.j$a$1.run(NotifyHandler.java:75)
09-14 16:13:23.846 18692 11150 W System.err: 	at com.estrongs.android.util.n$a.run(ESThreadPoolImpl.java:95)
09-14 16:13:23.846 18692 11150 W System.err: 	at java.lang.Thread.run(Thread.java:764)
09-14 16:13:23.904  1766  1817 V AllShare(ASF_DMC): [CP_DISCOVERY] OnUDPRequestReceived: 101: OnUDPRequestReceived Enter
09-14 16:13:23.904  1766  1817 V AllShare(ASF_DMC): [CP_DISCOVERY] OnUDPRequestReceived: 123: RetrieveResponse result [1]
09-14 16:13:23.904  1766  1817 V AllShare(ASF_DMC): [CP_DISCOVERY] OnUDPRequestReceived: 155: OnUDPRequestReceived get outgoing ip finished
09-14 16:13:23.921  1943  1943 I MotionRecognitionService: Plugged
09-14 16:13:23.921  1943  1943 D MotionRecognitionService:   mCableConnection= 1
09-14 16:13:23.921  1943  1943 D MotionRecognitionService: setPowerConnected : mGripEnabled = false
09-14 16:13:23.921  1943  1943 D SamsungPhoneWindowManager: ACTION_BATTERY_CHANGED - Level :: 100, battStatus :: 5
09-14 16:13:23.924  2941  2941 D KeyguardUpdateMonitor: received broadcast android.intent.action.BATTERY_CHANGED
09-14 16:13:23.927  2941  2941 D BatteryController: onReceive-ACTION_BATTERY_CHANGED : mLevel=100, mBatteryStatus=5
09-14 16:13:23.931  3217  3217 D PhoneApp: PhoneAppBroadcastReceiver onReceive android.intent.action.BATTERY_CHANGED
09-14 16:13:23.931  3217  3217 D TelephonyExtensionManager: lowBatterySound - isLowBatterySoundScheduled: false
09-14 16:13:23.931  3217  3217 D TelephonyExtensionManager: lowBatterySound - isPlayNow: false
09-14 16:13:23.932  3217  3217 D TelephonyExtensionManager: isSpeakerON - false
09-14 16:13:23.932  2902  2902 V HeadsetService: Received Intent.ACTION_BATTERY_CHANGED
09-14 16:13:23.933  2902  4136 D HeadsetStateMachine: Disconnected process message: 10, size: 0
09-14 16:13:23.936  3222  3698 D EPDG -- SIM0 [EpdgSubScription]: android.intent.action.BATTERY_CHANGED intent received.
09-14 16:13:23.937  2941  2941 D PowerUI : priorPlugType = 2 mPlugType =  2
09-14 16:13:23.947 12902 12902 D UE4     : Battery: status = 5, rawlevel = 100, scale = 100
09-14 16:13:23.947  3217  3217 D TelephonyExtensionManager: lowBatterySound - batteryStatus: 5
09-14 16:13:23.947  3217  3217 D TelephonyExtensionManager: lowBatterySound - batteryLevel: 100
09-14 16:13:23.947  3217  3217 D TelephonyExtensionManager: lowBatterySound - cancel
09-14 16:13:23.947 12902 12902 D UE4     : nativeBatteryEvent(stat = 5, lvl = 100  temp = 25.50 C)
09-14 16:13:23.949  3217  3217 D TelephonyExtension: Not stopping low battery tone
09-14 16:13:23.952 13349 13349 D charging_screen: Naive charging time: 0 s
09-14 16:13:24.189 12902 13075 D UE4     : *** JavaEnvDestructor: 13075
09-14 16:13:24.293 12902 12958 D UE4     : [2018.09.14-21.13.24:292][  0]LogTcpMessaging: Initializing TcpMessaging bridge, listening on 127.0.0.1:6666
09-14 16:13:24.306 12902 12958 D UE4     : Execution has been resumed!
09-14 16:13:24.307 12902 12958 D UE4     : LogAndroidEvents: Display: DequeueAppEvent : 6, 0
09-14 16:13:24.307 12902 12958 D UE4     : 
09-14 16:13:24.308 12902 12958 D UE4     : [2018.09.14-21.13.24:308][  0]LogAndroidEvents: Display: DequeueAppEvent : 6, 0
09-14 16:13:24.317 12902 13079 D UE4     : *** JavaEnvDestructor: 13079
09-14 16:13:24.317  1766  1817 V AllShare(ASF_DMC): [CP_DISCOVERY] OnUDPRequestReceived: 101: OnUDPRequestReceived Enter
09-14 16:13:24.317  1766  1817 V AllShare(ASF_DMC): [CP_DISCOVERY] OnUDPRequestReceived: 123: RetrieveResponse result [1]
09-14 16:13:24.323  1766  1817 V AllShare(ASF_DMC): [CP_DISCOVERY] OnUDPRequestReceived: 155: OnUDPRequestReceived get outgoing ip finished
09-14 16:13:24.324  1766  1817 V AllShare(ASF_DMC): [CP_DISCOVERY] OnUDPRequestReceived: 101: OnUDPRequestReceived Enter
09-14 16:13:24.325  1766  1817 V AllShare(ASF_DMC): [CP_DISCOVERY] OnUDPRequestReceived: 123: RetrieveResponse result [1]
09-14 16:13:24.325  1766  1817 V AllShare(ASF_DMC): [CP_DISCOVERY] OnUDPRequestReceived: 155: OnUDPRequestReceived get outgoing ip finished
09-14 16:13:24.667 12902 13077 D UE4     : *** JavaEnvDestructor: 13077
09-14 16:13:24.668 12902 13078 D UE4     : *** JavaEnvDestructor: 13078
09-14 16:13:24.670 12902 13076 D UE4     : *** JavaEnvDestructor: 13076
09-14 16:13:25.028  2983  2983 E adbd    : recv: OPEN 000013dd 00000000 000c:73 68 65 6C 6C 2C 76 32 3A 70 73 00 
09-14 16:13:25.029  2983  2983 E adbd    : service_to_fd: shell,v2:ps
09-14 16:13:25.084 13084 13084 E propClient: PropClient failed to load
09-14 16:13:25.097 13084 13084 E propClient: PropClient failed to load
09-14 16:13:25.236  1766  1817 V AllShare(ASF_DMC): [CP_DISCOVERY] OnUDPRequestReceived: 101: OnUDPRequestReceived Enter
09-14 16:13:25.236  1766  1817 V AllShare(ASF_DMC): [CP_DISCOVERY] OnUDPRequestReceived: 123: RetrieveResponse result [1]
09-14 16:13:25.236  1766  1817 V AllShare(ASF_DMC): [CP_DISCOVERY] OnUDPRequestReceived: 155: OnUDPRequestReceived get outgoing ip finished
09-14 16:13:25.238  1766  1818 V AllShare(ASF_DMC): [CP_DISCOVERY] OnUDPRequestReceived: 101: OnUDPRequestReceived Enter
09-14 16:13:25.238  1766  1818 V AllShare(ASF_DMC): [CP_DISCOVERY] OnUDPRequestReceived: 123: RetrieveResponse result [1]
09-14 16:13:25.238  1766  1818 V AllShare(ASF_DMC): [CP_DISCOVERY] OnUDPRequestReceived: 155: OnUDPRequestReceived get outgoing ip finished
09-14 16:13:25.298 12902 13082 D UE4     : *** JavaEnvDestructor: 13082
09-14 16:13:25.306 12902 13083 D UE4     : *** JavaEnvDestructor: 13083
09-14 16:13:25.408 12902 12958 D UE4     : Unregistering volume receiver
09-14 16:13:25.419 12902 12958 D UE4     : Unregistering battery receiver
09-14 16:13:25.424 12902 12958 D UE4     : Unregistering headset receiver
09-14 16:13:25.434 12902 13070 D UE4     : *** JavaEnvDestructor: 13070
09-14 16:13:25.451 12902 13069 D UE4     : AndroidEGL::ResetDisplay()
09-14 16:13:25.453 12902 13069 D UE4     : *** JavaEnvDestructor: 13069
09-14 16:13:25.455 12902 12958 D UE4     : [2018.09.14-21.13.25:455][  0]LogTemp: Android pause audio
09-14 16:13:25.456 12902 12958 D UE4     : Execution has been paused...
09-14 16:13:25.456 12902 12958 D UE4     : LogAndroidEvents: Display: DequeueAppEvent : 11, 0
09-14 16:13:25.457 12902 12958 D UE4     : 
09-14 16:13:25.457 12902 12958 D UE4     : [2018.09.14-21.13.25:457][  0]LogAndroidEvents: Display: DequeueAppEvent : 11, 0
09-14 16:13:25.457 12902 12958 D UE4     : LogAndroidEvents: Display: DequeueAppEvent : 10, 0
09-14 16:13:25.457 12902 12958 D UE4     : 
09-14 16:13:25.457 12902 12958 D UE4     : [2018.09.14-21.13.25:457][  0]LogAndroidEvents: Display: DequeueAppEvent : 10, 0
09-14 16:13:25.457 12902 12958 D UE4     : LogAndroidEvents: Display: DequeueAppEvent : 11, 0
09-14 16:13:25.457 12902 12958 D UE4     : 
09-14 16:13:25.457 12902 12958 D UE4     : [2018.09.14-21.13.25:457][  0]LogAndroidEvents: Display: DequeueAppEvent : 11, 0
09-14 16:13:25.457 12902 12958 D UE4     : LogAndroidEvents: Display: DequeueAppEvent : 7, 0
09-14 16:13:25.458 12902 12958 D UE4     : 
09-14 16:13:25.458 12902 12958 D UE4     : [2018.09.14-21.13.25:458][  0]LogAndroidEvents: Display: DequeueAppEvent : 7, 0
09-14 16:13:25.471 12902 12958 D UE4     : [2018.09.14-21.13.25:471][  0]LogTemp: Android resume audio
09-14 16:13:25.472 12902 12958 D UE4     : Registering volume receiver
09-14 16:13:25.475  1943  3042 D AudioService: GetAppDevice, uid=10029
09-14 16:13:25.475 12902 12958 D UE4     : startVolumeReceiver: 0
09-14 16:13:25.476 12902 12958 D UE4     : nativeVolumeEvent(0)
09-14 16:13:25.476 12902 12958 D UE4     : Registering battery receiver
09-14 16:13:25.478 12902 12958 D UE4     : Registering headset receiver
09-14 16:13:25.479 12902 12958 D UE4     : startHeadsetReceiver: 0
09-14 16:13:25.479 12902 12958 D UE4     : nativeHeadsetEvent(0)
09-14 16:13:25.480 12902 12958 D UE4     : [2018.09.14-21.13.25:480][  0]LogUdpMessaging: Initializing bridge on interface 0.0.0.0:0 to multicast group 230.0.0.1:6666.
09-14 16:13:25.485 12902 12958 D UE4     : [2018.09.14-21.13.25:485][  0]LogTcpMessaging: Initializing TcpMessaging bridge, listening on 127.0.0.1:6666
09-14 16:13:25.490 12902 12958 D UE4     : Execution has been resumed!
09-14 16:13:25.558 12902 13066 D         : PlayerBase::PlayerBase()
09-14 16:13:25.561 12902 13066 D         : TrackPlayerBase::TrackPlayerBase()
09-14 16:13:25.562 12902 13066 I libOpenSLES: Emulating old channel mask behavior (ignoring positional mask 0x3, using default mask 0x3 based on channel count of 2)
09-14 16:13:25.574  1079  3591 V APM_AudioPolicyManager: getOutputForAttr() usage=1, content=2, tag= flags=00000000 session 5425 selectedDeviceId 0
09-14 16:13:25.574  1079  3591 D APM::SoundKitchen: getDevice, uid = 10029, device = 0
09-14 16:13:25.574  1079  3591 V APM_AudioPolicyManager: getOutputForAttr() device 0x2, samplingRate 44100, format 1, channelMask 3, flags 104
09-14 16:13:25.574  1079  3591 V APM_AudioPolicyManager: selectOutput() commonFlags for output 13, 0000
09-14 16:13:25.574  1079  3591 V APM_AudioPolicyManager: selectOutput() commonFlags for output 21, 0001
09-14 16:13:25.574  1079  3591 V APM_AudioPolicyManager: selectOutput() commonFlags for output 29, 0002
09-14 16:13:25.574  1079  3591 V APM_AudioPolicyManager:   getOutputForDevice() returns output 29
09-14 16:13:25.575 12902 13066 W AudioTrack: AUDIO_OUTPUT_FLAG_FAST denied by client; transfer 1, track 44100 Hz, output 48000 Hz
09-14 16:13:25.579  1079  3591 I AudioFlinger: add dynamic flag, can move to deep thread, session 5425
09-14 16:13:25.594 12902 13066 D AudioTrack: Client defaulted notificationFrames to 590 for frameCount 1772
09-14 16:13:25.602  1943  3042 D AudioPlaybackMonitor: Found a new active media playback. ID:3311 -- type:OpenSL ES AudioPlayer (Buffer Queue) -- u/pid:10029/12902 -- state:started -- attr:AudioAttributes: usage=1 content=0 flags=0x0 tags= bundle=null
09-14 16:13:25.605 12902 13066 I AudioTrack: updateAudioTranstionLength FadeIn[0] FadeOut[0] FadeInRing[0]
09-14 16:13:25.606  1079  3591 W AudioPolicyIntefaceImpl: Skipped to add effects on session 5425
09-14 16:13:25.606  1079  3591 V APM_AudioPolicyManager: startOutput() output 29, stream 3, session 5425
09-14 16:13:25.606  1079  3591 D APM::SoundKitchen: getDevice, uid = 10029, device = 0
09-14 16:13:25.606  1079  3591 D APM_AudioPolicyManager: newDevice=0
09-14 16:13:25.606  1079  3591 V APM_AudioPolicyManager: setBeaconMute(1) mBeaconMuteRefCount=1 mBeaconPlayingRefCount=0
09-14 16:13:25.606  1079  3591 V APM_AudioPolicyManager: selectOutputForMusicEffects activeOnly 1 outputs[2] flags 0x00000104
09-14 16:13:25.606  1079  3591 V APM_AudioPolicyManager: selectOutputForMusicEffects selected output 13
09-14 16:13:25.606  1079  3591 V APM_AudioPolicyManager: getNewOutputDevice() selected device 2
09-14 16:13:25.606  1079  3591 V APM_AudioPolicyManager: setOutputDevice() device 0002 delayMs 0
09-14 16:13:25.606  1079  3591 V APM_AudioPolicyManager: setOutputDevice() prevDevice 0x0002
09-14 16:13:25.606  1079  3591 V APM_AudioPolicyManager: setOutputDevice() setting same device 0x0002 or null device
09-14 16:13:25.613  1079  3591 I AudioEffectStage: getStageIndex low_output_sub1_normal
09-14 16:13:25.613  1079  3591 I AudioFlinger: updateStageIndex prev 0, new -2902
09-14 16:13:25.613  1079  3591 I AudioEffectStage: getSinkBuffer low_output_sub1_normal
09-14 16:13:25.617  1079  2020 I AudioSAEffectSecPlus: command EFFECT_CMD_SET_VOLUME left = 0.000000, right =0.000000
09-14 16:13:25.618  1943  2758 I ApplicationPolicy: isApplicationExternalStorageWhitelisted:com.sec.android.app.soundalive user:0
09-14 16:13:25.618  1943  2758 D ApplicationPolicy: isApplicationExternalStorageWhitelisted: DO is not enabled on user 0. Allowed.
09-14 16:13:25.618  1943  2758 I ApplicationPolicy: isApplicationExternalStorageBlacklisted:com.sec.android.app.soundalive user:0
09-14 16:13:25.618  1943  2758 D ApplicationPolicy: isApplicationExternalStorageBlacklisted: DO is not enabled on user 0. Allowed.
09-14 16:13:25.629  1079  2020 I SoundAlive_Interface: [ -272087808 ][ 48000 ]FlushBuffers()
09-14 16:13:25.629  1079  2020 I SoundAlive_Core: [ -272087808 ][ 48000 ](interface-API)FlushBuffers()
09-14 16:13:25.629  1079  2020 D SoundAlive_Core: [ -272087808 ][ 48000 ](internal-API)ReOpen( ConfigMode : 1 )
09-14 16:13:25.629  1079  2020 I SoundAlive_Effect: [ -272087808 ][ 48000 ]Init() nch : 2  bitdepth : 0 
09-14 16:13:25.629  1079  2020 I SoundAlive_Effect: [ -272087808 ][ 48000 ]SamplingRateConfig() SamplingRate : 48000
09-14 16:13:25.629  1079  2020 I SoundAlive_Effect: [ -272087808 ][ 48000 ]OutDevConfig() OutDevConfig : 1
09-14 16:13:25.629  1079  2020 D SoundAlive_Core: [ -272087808 ][ 48000 ](internal-API)Set_Current_Effect_Configuration( ConfigMode : 1 )
09-14 16:13:25.629  1079  2020 I SoundAlive_Effect: [ -272087808 ][ 48000 ]Set_Preset() : 0
09-14 16:13:25.629  1079  2020 I SoundAlive_Effect: [ -272087808 ][ 48000 ]Set_User_BWE() 0
09-14 16:13:25.629  1079  2020 I SoundAlive_Effect: [ -272087808 ][ 48000 ]Set_User_CH() : 0
09-14 16:13:25.629  1079  2020 I SoundAlive_Effect: [ -272087808 ][ 48000 ]Set_SquareUI() : 4 , 4
09-14 16:13:25.629  1079  2020 I SoundAlive_Effect: [ -272087808 ][ 48000 ]Set_User_3D() : 0
09-14 16:13:25.629  1079  2020 I SoundAlive_Effect: [ -272087808 ][ 48000 ]Set_User_BE() : 0
09-14 16:13:25.629  1079  2020 I SoundAlive_Interface: [ -272087808 ][ 48000 ]Set_SquareUI() Sqrow : 4  , Sqcol : 4  
09-14 16:13:25.629  1079  2020 I SoundAlive_Core: [ -272087808 ][ 48000 ](interface-API)Set_SquareUI() Sqrow : 4  , Sqcol : 4  
09-14 16:13:25.630  1079  2020 I SoundAlive_PrePost: [ -272087808 ][ 48000 ]Set_UI_Tab 0
09-14 16:13:25.630  1079  2020 I SoundAlive_PrePost: [ -272087808 ][ 48000 ]Set_SquareUI() Sqrow : 4  ,  Sqcol : 4
09-14 16:13:25.630  1079  2020 I SoundAlive_Effect: [ -272087808 ][ 48000 ]Set_SquareUI() : 4 , 4
09-14 16:13:25.630  1079  2020 I SoundAlive_Effect: [ -272087808 ][ 48000 ]Set_User_3D() : 0
09-14 16:13:25.630  1079  2020 I SoundAlive_Effect: [ -272087808 ][ 48000 ]Set_User_BE() : 0
09-14 16:13:25.630  1079  2020 I SoundAlive_Interface: [ -272087808 ][ 48000 ]Set_Preset() Preset : 0  
09-14 16:13:25.630  1079  2020 I SoundAlive_Core: [ -272087808 ][ 48000 ](interface-API)Set_Preset() Preset : 0  
09-14 16:13:25.630  1079  2020 I SoundAlive_PrePost: [ -272087808 ][ 48000 ]Set_Preset()  Preset : 0
09-14 16:13:25.630  1079  2020 I SoundAlive_Effect: [ -272087808 ][ 48000 ]Set_Preset() : 0
09-14 16:13:25.630  1079  2020 I SoundAlive_Interface: [ -272087808 ][ 48000 ]Set_User_CH() : 0
09-14 16:13:25.630  1079  2020 I SoundAlive_Core: [ -272087808 ][ 48000 ](interface-API)Set_User_CH() : 0
09-14 16:13:25.630  1079  2020 I SoundAlive_PrePost: [ -272087808 ][ 48000 ]Set_User_CH() OnOff : 0
09-14 16:13:25.630  1079  2020 I SoundAlive_Effect: [ -272087808 ][ 48000 ]Set_User_CH() : 0
09-14 16:13:25.637   712  9952 D audio_hw_primary: start_output_stream: enter: stream(0xe720e000)usecase(12: audio-ull-playback) devices(0x2)
09-14 16:13:25.637   712  9952 D audio_hw_primary: select_devices for use case (audio-ull-playback)
09-14 16:13:25.637   712  9952 V msm8974_platform: platform_get_output_snd_device: enter: output devices(0x2)
09-14 16:13:25.637   712  9952 V msm8974_platform: platform_get_output_snd_device: exit: snd_device(speaker)
