09-14 16:14:35.772   619   619 D SoftKeymaster: system/keymaster/auth_encrypted_key_blob.cpp, Line 74: Failed to deserialize unversioned blob (may be a HW-backed key)
09-14 16:14:35.807   619   619 D SoftKeymaster: system/keymaster/soft_keymaster_context.cpp, Line 884: Module "Keymaster MDFPP Mobicore HAL" accepted key
09-14 16:14:35.810   619   619 D SoftKeymaster: system/keymaster/auth_encrypted_key_blob.cpp, Line 130: Failed to deserialize versioned key blob.  Assuming unversioned.
09-14 16:14:35.810   619   619 D SoftKeymaster: system/keymaster/auth_encrypted_key_blob.cpp, Line 74: Failed to deserialize unversioned blob (may be a HW-backed key)
09-14 16:14:35.833   619   619 D SoftKeymaster: system/keymaster/soft_keymaster_context.cpp, Line 884: Module "Keymaster MDFPP Mobicore HAL" accepted key
09-14 16:14:35.833   619   619 D SoftKeymaster: system/keymaster/soft_keymaster_device.cpp, Line 700: Not performing software digesting for AES keys
09-14 16:14:35.833   619   619 D SoftKeymaster: system/keymaster/soft_keymaster_device.cpp, Line 1245: Operation supported by Keymaster MDFPP Mobicore HAL, passing through to keymaster1 module
09-14 16:14:35.863  1099  1099 W keystore: ENTER remove operation from uid 10201
09-14 16:14:35.869 13514 13514 I SEMS:SamsungAccount: Not Skip Name Validation by accountMCC
09-14 16:14:35.872 13514 13514 I SEMS:SamsungAccount: [ODM] mIsRequireEmailorNameVerification : false
09-14 16:14:35.872 13514 13514 I SEMS:MSFramework_4.2.0.034: [2][DeviceUtils] isMultiSimDevice : false
09-14 16:14:35.872 13514 13514 I SEMS:MSFramework_4.2.0.034: [2][DeviceUtils] isMultiSimDevice : false
09-14 16:14:35.894 13514 13514 I SEMS:MSFramework_4.2.0.034: [ELog][2][EasySignUpDBHandler] query end
09-14 16:14:35.895 13514 13514 I SEMS:MSFramework_4.2.0.034: [NetworkCommon][SSF][2][EasySignUpInterface] isAuth is false
09-14 16:14:35.895 13514 13514 I SEMS:SamsungAccount: [SS] result : false
09-14 16:14:35.895 13514 13514 I SEMS:SamsungAccount: [SS] No need to call EF Mapping API
09-14 16:14:36.046  1943  1943 I MotionRecognitionService: Plugged
09-14 16:14:36.046  1943  1943 D MotionRecognitionService:   mCableConnection= 1
09-14 16:14:36.046  1943  1943 D MotionRecognitionService: setPowerConnected : mGripEnabled = false
09-14 16:14:36.047  1943  1943 D SamsungPhoneWindowManager: ACTION_BATTERY_CHANGED - Level :: 100, battStatus :: 5
09-14 16:14:36.053  2941  2941 D KeyguardUpdateMonitor: received broadcast android.intent.action.BATTERY_CHANGED
09-14 16:14:36.057  2941  2941 D BatteryController: onReceive-ACTION_BATTERY_CHANGED : mLevel=100, mBatteryStatus=5
09-14 16:14:36.063  2902  2902 V HeadsetService: Received Intent.ACTION_BATTERY_CHANGED
09-14 16:14:36.063  3217  3217 D PhoneApp: PhoneAppBroadcastReceiver onReceive android.intent.action.BATTERY_CHANGED
09-14 16:14:36.063  3217  3217 D TelephonyExtensionManager: lowBatterySound - isLowBatterySoundScheduled: false
09-14 16:14:36.063  3217  3217 D TelephonyExtensionManager: lowBatterySound - isPlayNow: false
09-14 16:14:36.064  3217  3217 D TelephonyExtensionManager: isSpeakerON - false
09-14 16:14:36.064  2941  2941 D PowerUI : priorPlugType = 2 mPlugType =  2
09-14 16:14:36.065  2902  4136 D HeadsetStateMachine: Disconnected process message: 10, size: 0
09-14 16:14:36.070  3222  3698 D EPDG -- SIM0 [EpdgSubScription]: android.intent.action.BATTERY_CHANGED intent received.
09-14 16:14:36.075  3217  3217 D TelephonyExtensionManager: lowBatterySound - batteryStatus: 5
09-14 16:14:36.075  3217  3217 D TelephonyExtensionManager: lowBatterySound - batteryLevel: 100
09-14 16:14:36.075  3217  3217 D TelephonyExtensionManager: lowBatterySound - cancel
09-14 16:14:36.076  3217  3217 D TelephonyExtension: Not stopping low battery tone
09-14 16:14:36.076 13349 13349 D charging_screen: Naive charging time: 0 s
09-14 16:14:36.096  2983  2983 E adbd    : recv: OPEN 000014cb 00000000 0009:74 63 70 3A 36 36 36 36 00 
09-14 16:14:36.096  2983  2983 E adbd    : service_to_fd: tcp:6666
09-14 16:14:36.098  1136  1542 D DnsProxyListener: DNSDBG::dns addrinfo af 2
09-14 16:14:36.101  2983  2983 E adbd    : failed to connect to socket 'tcp:6666': Connection refused
09-14 16:14:36.139  2983  2983 E adbd    : recv: OPEN 000014cf 00000000 000c:73 68 65 6C 6C 2C 76 32 3A 70 73 00 
09-14 16:14:36.139  2983  2983 E adbd    : service_to_fd: shell,v2:ps
09-14 16:14:36.158 13579 13579 E propClient: PropClient failed to load
09-14 16:14:36.178 13579 13579 E propClient: PropClient failed to load
09-14 16:14:36.225 13557 13583 D GOS:GameIntentService: onHandleIntent. begin
09-14 16:14:36.226 13557 13583 D GOS:GameIntentService: onHandleIntent. GameIntentService. type 8
09-14 16:14:36.226 13557 13583 D GOS:GameIntentService: PROCESS_DIED, got process died signal, pkgName : com.samsung.android.game.gamehome, pid : 10864, uid : 10013
09-14 16:14:36.227 13557 13583 D GOS:GameIntentService: PROCESS_DIED, Skips applying. The target package belongs to sec game family : com.samsung.android.game.gamehome
09-14 16:14:36.261  9738  9755 I Finsky  : [3888] com.google.android.finsky.bo.ac.run(5): Stats for Executor: BlockingExecutor com.google.android.finsky.bo.ad@bb775c3[Running, pool size = 0, active threads = 0, queued tasks = 0, completed tasks = 2]
09-14 16:14:36.262  9738  9755 I Finsky  : [3888] com.google.android.finsky.bo.ac.run(5): Stats for Executor: LightweightExecutor com.google.android.finsky.bo.ad@ad0be40[Running, pool size = 3, active threads = 0, queued tasks = 0, completed tasks = 8]
09-14 16:14:36.278  3203  3243 D ForegroundUtils: could not check pending caller
09-14 16:14:37.504  2983  2983 E adbd    : recv: OPEN 000014d3 00000000 000c:73 68 65 6C 6C 2C 76 32 3A 70 73 00 
09-14 16:14:37.505  2983  2983 E adbd    : service_to_fd: shell,v2:ps
09-14 16:14:37.550 13585 13585 E propClient: PropClient failed to load
09-14 16:14:37.577 13585 13585 E propClient: PropClient failed to load
09-14 16:14:38.104  2983  2983 E adbd    : recv: OPEN 000014d4 00000000 0009:74 63 70 3A 36 36 36 36 00 
09-14 16:14:38.105  2983  2983 E adbd    : service_to_fd: tcp:6666
09-14 16:14:38.109  1136  1542 D DnsProxyListener: DNSDBG::dns addrinfo af 2
09-14 16:14:38.119  2983  2983 E adbd    : failed to connect to socket 'tcp:6666': Connection refused
09-14 16:14:38.903  2983  2983 E adbd    : recv: OPEN 000014d8 00000000 000c:73 68 65 6C 6C 2C 76 32 3A 70 73 00 
09-14 16:14:38.903  2983  2983 E adbd    : service_to_fd: shell,v2:ps
09-14 16:14:38.944 13590 13590 E propClient: PropClient failed to load
09-14 16:14:38.975 13590 13590 E propClient: PropClient failed to load
09-14 16:14:40.123  2983  2983 E adbd    : recv: OPEN 000014d9 00000000 0009:74 63 70 3A 36 36 36 36 00 
09-14 16:14:40.123  2983  2983 E adbd    : service_to_fd: tcp:6666
09-14 16:14:40.126  1136  1542 D DnsProxyListener: DNSDBG::dns addrinfo af 2
09-14 16:14:40.130  2983  2983 E adbd    : failed to connect to socket 'tcp:6666': Connection refused
09-14 16:14:40.185  2941  3308 D NetworkController.MobileSignalController(0/1): onSignalStrengthsChanged signalStrength=SignalStrength: 99 99 -120 -160 -120 -1 -1 24 -94 -10 100 2147483647 0 2147483647 0x4000 P gsm|lte level=4
09-14 16:14:40.187  2941  3308 D NetworkController.MobileSignalController(0/1): getMobileIconGroup(): 13
09-14 16:14:40.187  2941  3308 D NetworkController.MobileSignalController(0/1): updateVZWMobileIconGroup(): 13
09-14 16:14:40.209  2941  3308 D NetworkController.MobileSignalController(0/1): callState:0, callStateByPhone:false voLTECall:false voiceNetTpe:13 dataNetType:13, ine911:false, emergencyCallbackMode:false
09-14 16:14:40.209  3222  3698 D EPDG -- SIM0 [SMARTWIFI]: onSignalStrengthsChanged: Received signal strength change, phone type is: 2
09-14 16:14:40.211  3222  5419 D EPDG -- SIM0 [SMARTWIFI]: lastLteRSRP is -93currentLteRSRP is -94
09-14 16:14:40.211  3222  5419 D EPDG -- SIM0 [SMARTWIFI]: lastLteRSRQ is -10currentLteRSRQ is -10
09-14 16:14:40.211  3222  5419 D EPDG -- SIM0 [SMARTWIFI]: lastCdmaDb is -16currentCdmaDb is -16
09-14 16:14:40.211  3222  5419 V EPDG -- SIM0 [SMARTWIFI]: Radio oldest entry removed
09-14 16:14:40.211  3222  5419 V EPDG -- SIM0 [SMARTWIFI]: New entry : (SignalStrength: 99 99 -120 -160 -120 -1 -1 24 -94 -10 100 2147483647 0 2147483647 0x4000 P gsm|lte : 0 )
09-14 16:14:40.211  3222  5419 V EPDG -- SIM0 [SMARTWIFI]: Radio entry added
09-14 16:14:40.268  2983  2983 E adbd    : recv: OPEN 000014dd 00000000 000c:73 68 65 6C 6C 2C 76 32 3A 70 73 00 
09-14 16:14:40.268  2983  2983 E adbd    : service_to_fd: shell,v2:ps
09-14 16:14:40.309 13596 13596 E propClient: PropClient failed to load
09-14 16:14:40.338 13596 13596 E propClient: PropClient failed to load
09-14 16:14:41.001  3611  3741 D ContactsProvider_EventLog: contents_sample_state: [CONTACT contacts(25) data(64) accounts({vnd.sec.contact.phone (1)=25}) accounts deleted({}) calls([logtype:100 cnt:17, logtype:200 cnt:42, logtype:300 cnt:458]) countryIso(US) userId(0)  ]

09-14 16:14:41.001  3611  3741 D ContactsProvider_EventLog: contents_sample_state: [ agr({[1]=25})  ]

09-14 16:14:41.001  3611  3741 D ContactsProvider_EventLog: contents_sample_state: [ actCnt({android.process.acore(3611)=1, com.samsung.android.email.provider(13294)=1})  ]

09-14 16:14:41.001  3611  3741 D ContactsProvider_EventLog: contents_sample_state: [PROFILE contacts(1) data(2) accounts({vnd.sec.contact.phone (1)=1})  ]

09-14 16:14:41.001  3611  3741 D ContactsProvider_EventLog: contents_sample_state: [SAPROFILE contacts(1) data(5) accounts({vnd.sec.contact.phone (1)=1})  ]
09-14 16:14:41.662  2983  2983 E adbd    : recv: OPEN 000014e1 00000000 000c:73 68 65 6C 6C 2C 76 32 3A 70 73 00 
09-14 16:14:41.664  2983  2983 E adbd    : service_to_fd: shell,v2:ps
09-14 16:14:41.707 13599 13599 E propClient: PropClient failed to load
09-14 16:14:41.737 13599 13599 E propClient: PropClient failed to load
09-14 16:14:42.134  2983  2983 E adbd    : recv: OPEN 000014e2 00000000 0009:74 63 70 3A 36 36 36 36 00 
09-14 16:14:42.134  2983  2983 E adbd    : service_to_fd: tcp:6666
09-14 16:14:42.136  1136  1542 D DnsProxyListener: DNSDBG::dns addrinfo af 2
09-14 16:14:42.143  2983  2983 E adbd    : failed to connect to socket 'tcp:6666': Connection refused
09-14 16:14:42.726  2941  3308 D NetworkController.MobileSignalController(0/1): onSignalStrengthsChanged signalStrength=SignalStrength: 99 99 -120 -160 -120 -1 -1 24 -93 -10 158 2147483647 0 2147483647 0x4000 P gsm|lte level=4
09-14 16:14:42.727  2941  3308 D NetworkController.MobileSignalController(0/1): getMobileIconGroup(): 13
09-14 16:14:42.727  2941  3308 D NetworkController.MobileSignalController(0/1): updateVZWMobileIconGroup(): 13
09-14 16:14:42.743  3222  3698 D EPDG -- SIM0 [SMARTWIFI]: onSignalStrengthsChanged: Received signal strength change, phone type is: 2
09-14 16:14:42.744  3222  5419 D EPDG -- SIM0 [SMARTWIFI]: lastLteRSRP is -94currentLteRSRP is -93
09-14 16:14:42.744  3222  5419 D EPDG -- SIM0 [SMARTWIFI]: lastLteRSRQ is -10currentLteRSRQ is -10
09-14 16:14:42.744  3222  5419 D EPDG -- SIM0 [SMARTWIFI]: lastCdmaDb is -16currentCdmaDb is -16
09-14 16:14:42.744  2941  3308 D NetworkController.MobileSignalController(0/1): callState:0, callStateByPhone:false voLTECall:false voiceNetTpe:13 dataNetType:13, ine911:false, emergencyCallbackMode:false
09-14 16:14:42.744  3222  5419 V EPDG -- SIM0 [SMARTWIFI]: Radio oldest entry removed
09-14 16:14:42.745  3222  5419 V EPDG -- SIM0 [SMARTWIFI]: New entry : (SignalStrength: 99 99 -120 -160 -120 -1 -1 24 -93 -10 158 2147483647 0 2147483647 0x4000 P gsm|lte : 0 )
09-14 16:14:42.745  3222  5419 V EPDG -- SIM0 [SMARTWIFI]: Radio entry added
09-14 16:14:43.085  2983  2983 E adbd    : recv: OPEN 000014e8 00000000 000c:73 68 65 6C 6C 2C 76 32 3A 70 73 00 
09-14 16:14:43.086  2983  2983 E adbd    : service_to_fd: shell,v2:ps
09-14 16:14:43.129 13607 13607 E propClient: PropClient failed to load
09-14 16:14:43.158 13607 13607 E propClient: PropClient failed to load
09-14 16:14:44.147  2983  2983 E adbd    : recv: OPEN 000014e9 00000000 0009:74 63 70 3A 36 36 36 36 00 
09-14 16:14:44.147  2983  2983 E adbd    : service_to_fd: tcp:6666
09-14 16:14:44.151  1136  1542 D DnsProxyListener: DNSDBG::dns addrinfo af 2
09-14 16:14:44.159  2983  2983 E adbd    : failed to connect to socket 'tcp:6666': Connection refused
09-14 16:14:44.452  2983  2983 E adbd    : recv: OPEN 000014ed 00000000 000c:73 68 65 6C 6C 2C 76 32 3A 70 73 00 
09-14 16:14:44.452  2983  2983 E adbd    : service_to_fd: shell,v2:ps
09-14 16:14:44.495 13613 13613 E propClient: PropClient failed to load
09-14 16:14:44.524 13613 13613 E propClient: PropClient failed to load
09-14 16:14:45.920  2983  2983 E adbd    : recv: OPEN 000014f1 00000000 000c:73 68 65 6C 6C 2C 76 32 3A 70 73 00 
09-14 16:14:45.920  2983  2983 E adbd    : service_to_fd: shell,v2:ps
09-14 16:14:45.959 13615 13615 E propClient: PropClient failed to load
09-14 16:14:45.988 13615 13615 E propClient: PropClient failed to load
09-14 16:14:46.160  2983  2983 E adbd    : recv: OPEN 000014f2 00000000 0009:74 63 70 3A 36 36 36 36 00 
09-14 16:14:46.161  2983  2983 E adbd    : service_to_fd: tcp:6666
09-14 16:14:46.163  1136  1542 D DnsProxyListener: DNSDBG::dns addrinfo af 2
09-14 16:14:46.166  2983  2983 E adbd    : failed to connect to socket 'tcp:6666': Connection refused
09-14 16:14:47.309  2983  2983 E adbd    : recv: OPEN 000014f6 00000000 000c:73 68 65 6C 6C 2C 76 32 3A 70 73 00 
09-14 16:14:47.309  2983  2983 E adbd    : service_to_fd: shell,v2:ps
09-14 16:14:47.344 13618 13618 E propClient: PropClient failed to load
09-14 16:14:47.372 13618 13618 E propClient: PropClient failed to load
09-14 16:14:48.171  2983  2983 E adbd    : recv: OPEN 000014f7 00000000 0009:74 63 70 3A 36 36 36 36 00 
09-14 16:14:48.172  2983  2983 E adbd    : service_to_fd: tcp:6666
09-14 16:14:48.177  1136  1542 D DnsProxyListener: DNSDBG::dns addrinfo af 2
09-14 16:14:48.182  2983  2983 E adbd    : failed to connect to socket 'tcp:6666': Connection refused
09-14 16:14:48.663  2983  2983 E adbd    : recv: OPEN 000014fb 00000000 000c:73 68 65 6C 6C 2C 76 32 3A 70 73 00 
09-14 16:14:48.664  2983  2983 E adbd    : service_to_fd: shell,v2:ps
09-14 16:14:48.714 13622 13622 E propClient: PropClient failed to load
09-14 16:14:48.743 13622 13622 E propClient: PropClient failed to load
09-14 16:14:50.071  3203  3243 D ForegroundUtils: could not check pending caller
09-14 16:14:50.114  2983  2983 E adbd    : recv: OPEN 000014ff 00000000 000c:73 68 65 6C 6C 2C 76 32 3A 70 73 00 
09-14 16:14:50.115  2983  2983 E adbd    : service_to_fd: shell,v2:ps
09-14 16:14:50.145 13625 13625 E propClient: PropClient failed to load
09-14 16:14:50.169 13625 13625 E propClient: PropClient failed to load
09-14 16:14:50.186  2983  2983 E adbd    : recv: OPEN 00001500 00000000 0009:74 63 70 3A 36 36 36 36 00 
09-14 16:14:50.187  2983  2983 E adbd    : service_to_fd: tcp:6666
09-14 16:14:50.191  1136  1542 D DnsProxyListener: DNSDBG::dns addrinfo af 2
09-14 16:14:50.196  2983  2983 E adbd    : failed to connect to socket 'tcp:6666': Connection refused
09-14 16:14:51.503  2983  2983 E adbd    : recv: OPEN 00001504 00000000 000c:73 68 65 6C 6C 2C 76 32 3A 70 73 00 
09-14 16:14:51.504  2983  2983 E adbd    : service_to_fd: shell,v2:ps
09-14 16:14:51.541 13628 13628 E propClient: PropClient failed to load
09-14 16:14:51.569 13628 13628 E propClient: PropClient failed to load
09-14 16:14:52.200  2983  2983 E adbd    : recv: OPEN 00001505 00000000 0009:74 63 70 3A 36 36 36 36 00 
09-14 16:14:52.200  2983  2983 E adbd    : service_to_fd: tcp:6666
09-14 16:14:52.205  1136  1542 D DnsProxyListener: DNSDBG::dns addrinfo af 2
09-14 16:14:52.212  2983  2983 E adbd    : failed to connect to socket 'tcp:6666': Connection refused
09-14 16:14:52.857  2983  2983 E adbd    : recv: OPEN 00001509 00000000 000c:73 68 65 6C 6C 2C 76 32 3A 70 73 00 
09-14 16:14:52.858  2983  2983 E adbd    : service_to_fd: shell,v2:ps
09-14 16:14:52.900 13631 13631 E propClient: PropClient failed to load
09-14 16:14:52.929 13631 13631 E propClient: PropClient failed to load
09-14 16:14:54.217  2983  2983 E adbd    : recv: OPEN 0000150c 00000000 0009:74 63 70 3A 36 36 36 36 00 
09-14 16:14:54.217  2983  2983 E adbd    : service_to_fd: tcp:6666
09-14 16:14:54.221  1136  1542 D DnsProxyListener: DNSDBG::dns addrinfo af 2
09-14 16:14:54.226  2983  2983 E adbd    : failed to connect to socket 'tcp:6666': Connection refused
09-14 16:14:54.260  2983  2983 E adbd    : recv: OPEN 00001510 00000000 000c:73 68 65 6C 6C 2C 76 32 3A 70 73 00 
09-14 16:14:54.261  2983  2983 E adbd    : service_to_fd: shell,v2:ps
09-14 16:14:54.300 13634 13634 E propClient: PropClient failed to load
09-14 16:14:54.327 13634 13634 E propClient: PropClient failed to load
09-14 16:14:55.683  2983  2983 E adbd    : recv: OPEN 00001514 00000000 000c:73 68 65 6C 6C 2C 76 32 3A 70 73 00 
09-14 16:14:55.683  2983  2983 E adbd    : service_to_fd: shell,v2:ps
09-14 16:14:55.724 13636 13636 E propClient: PropClient failed to load
09-14 16:14:55.753 13636 13636 E propClient: PropClient failed to load
09-14 16:14:56.231  2983  2983 E adbd    : recv: OPEN 00001515 00000000 0009:74 63 70 3A 36 36 36 36 00 
09-14 16:14:56.232  2983  2983 E adbd    : service_to_fd: tcp:6666
09-14 16:14:56.234  1136  1542 D DnsProxyListener: DNSDBG::dns addrinfo af 2
09-14 16:14:56.240  2983  2983 E adbd    : failed to connect to socket 'tcp:6666': Connection refused
09-14 16:14:57.252  2983  2983 E adbd    : recv: OPEN 00001519 00000000 000c:73 68 65 6C 6C 2C 76 32 3A 70 73 00 
09-14 16:14:57.253  2983  2983 E adbd    : service_to_fd: shell,v2:ps
09-14 16:14:57.290 13639 13639 E propClient: PropClient failed to load
09-14 16:14:57.323 13639 13639 E propClient: PropClient failed to load
09-14 16:14:58.243  2983  2983 E adbd    : recv: OPEN 0000151a 00000000 0009:74 63 70 3A 36 36 36 36 00 
09-14 16:14:58.244  2983  2983 E adbd    : service_to_fd: tcp:6666
09-14 16:14:58.247  1136  1542 D DnsProxyListener: DNSDBG::dns addrinfo af 2
09-14 16:14:58.252  2983  2983 E adbd    : failed to connect to socket 'tcp:6666': Connection refused
09-14 16:14:58.793  2983  2983 E adbd    : recv: OPEN 0000151e 00000000 000c:73 68 65 6C 6C 2C 76 32 3A 70 73 00 
09-14 16:14:58.793  2983  2983 E adbd    : service_to_fd: shell,v2:ps
09-14 16:14:58.831 13645 13645 E propClient: PropClient failed to load
09-14 16:14:58.859 13645 13645 E propClient: PropClient failed to load
09-14 16:14:59.517   727   932 I qti_sensors_hal: Activities REPORT index 1 number 1 total 64
09-14 16:14:59.520   727   932 D qti_sensors_hal: Activities 0.000000 ts 3840810989
09-14 16:14:59.520   727   932 D qti_sensors_hal: Activities -93182222637089144052206878588928.000000 ts 3840810989
09-14 16:14:59.526  1943  2463 D SensorHubManager: onGetSensorHubDataLocked: library(64) = 1, 1, 3, 0, 0, 0, 0, 0, 0, 0, 0, 0, 0, 0, 0, 0, 0, 0, 1, 1, 44, 1, 1, 3, 4, -119, -55, -128, 1, 0, 0, 0, 0, 0, 0, 0, 0, 0, 7, -48, 2, 0, 0, 0, 0, 0, 0, 0, 0, 0, -26, -16, 2, 0, 0, 0, 0, 0, 0, 0, 0, 4, -109, -12
09-14 16:14:59.534  1943  2464 I CAE     : sendCmdToSensorHub(SensorHubCommManager.java:158) - -63, 14, 21, 14, 59,
09-14 16:14:59.537  1943  2466 D SensorService: setSContextDataLocked ints length 3 , byte length 5
09-14 16:14:59.540   727   727 I qti_sensors_hal: sensors_inject_sensor_data: sensors_inject_sensor_data
09-14 16:14:59.540   727   727 I qti_sensors_hal: sensor hal 80, 5, (c1, 14)
09-14 16:14:59.540   727   727 I qti_sensors_hal: Activities 5
09-14 16:14:59.540   727   727 I qti_sensors_hal: Activities h 193 m 14 s 21
09-14 16:14:59.548   727   932 I qti_sensors_hal: Activities UPDATE_RESP
09-14 16:14:59.548   727   727 I qti_sensors_hal: CommonInfo 5
09-14 16:14:59.548   727   727 I qti_sensors_hal: CommonInfo h 193 m 14 s 21
09-14 16:14:59.551   727   936 I qti_sensors_hal: CommonInfo UPDATE_RESP
09-14 16:14:59.554  1943  2464 D CAE     : onGetSensorHubData(SensorHubParserProvider.java:91) - onGetSensorHubData Event [event buffer len :64], AP_SLEEP
09-14 16:14:59.555  1943  2464 I CAE     : parse(SensorHubParserProvider.java:192) - buffer size = 64
09-14 16:14:59.557  1943  2464 I CAE     : parse(SensorHubParserProvider.java:203) - 1, 1, 3, 0, 0, 0, 0, 0, 0, 0, 0, 0, 0, 0, 0, 0, 0, 0, 1, 1, 44, 1, 1, 3, 4, -119, -55, -128, 1, 0, 0, 0, 0, 0, 0, 0, 0, 0, 7, -48, 2, 0, 0, 0, 0, 0, 0, 0, 0, 0, -26, -16, 2, 0, 0, 0, 0, 0, 0, 0, 0, 4, -109, -12,
09-14 16:14:59.565  1943  2464 I CAE     : parse(PedometerRunner.java:357) - parse start:3
09-14 16:14:59.571  1943  2464 D CAE     : display(PedometerRunner.java:320) - ================= PEDOMETER =================
09-14 16:14:59.574  1943  2464 I CAE     : display(PedometerRunner.java:343) - C=[677.019999999999], WF=[0.0], WUSCD=[0], UDSCD=[0], RSCD=[0], RUSCD=[0], WSC=[12647], RUSC=[0], DD=[0.0], WDSC=[99], RDSCD=[0], RDSC=[0], S=[0.0], WUSC=[160], D=[10512.560000000072], SS=[0], TSCD=[0], WDSCD=[0], RSC=[101], TSC=[13007], UDSC=[259], CD=[0.0], WSCD=[0]
09-14 16:14:59.575  1943  2464 I CAE     : parse(PedometerRunner.java:827) - parse end:18
09-14 16:14:59.577  1943  2464 I CAE     : parse(SLMonitorRunner.java:301) - parse:22
09-14 16:14:59.578  1943  2464 D CAE     : parse(SLMonitorRunner.java:323) - dataSize:3
09-14 16:14:59.579  1943  2464 D CAE     : display(SLMonitorRunner.java:604) - ================= STEP_LEVEL_MONITOR =================
09-14 16:14:59.581  1943  2469 D SemContext.CaeProvider.PedometerImpl: display() : mode = [Normal], tsc = [0], wsc = [0], rsc = [0]
09-14 16:14:59.583  1943  2469 D SemContextService: Service.updateContext() : service = Pedometer
09-14 16:14:59.584  1943  2464 I CAE     : display(SLMonitorRunner.java:721) - DT=[1], DC=[3], TS=[1536959338880], ST=[ST,SE,SE], SC=[0,0,0], DI=[0.0,0.0,0.0], CA=[0.0,0.0,0.0], DU=[2000,59120,300020]
09-14 16:14:59.587  1943  2469 D SemContextService: Service.updateContext() : service = Step Level Monitor
09-14 16:14:59.590 28521 28521 D SemContextManager: [2] : 14000, 13619, 101
09-14 16:14:59.592 28521 28746 I Sensor[0x06]: [0x01] 2
09-14 16:14:59.607 28521 28746 I Sensor[0x06]: [0x01] 33
09-14 16:14:59.608 28521 28746 I Sensor[0x04]: [0x01] 1536959338880[0x02] 0[0x03] 1[0x04] 2000
09-14 16:14:59.608 28521 28746 I Sensor[0x04]: [0x01] 1536959340880[0x02] 0[0x03] 2[0x04] 59120
09-14 16:14:59.608 28521 28746 I Sensor[0x04]: [0x01] 1536959400000[0x02] 0[0x03] 2[0x04] 300020
09-14 16:15:00.179  2983  2983 E adbd    : recv: OPEN 00001522 00000000 000c:73 68 65 6C 6C 2C 76 32 3A 70 73 00 
09-14 16:15:00.180  2983  2983 E adbd    : service_to_fd: shell,v2:ps
09-14 16:15:00.225 13647 13647 E propClient: PropClient failed to load
09-14 16:15:00.254 13647 13647 E propClient: PropClient failed to load
09-14 16:15:00.256  2983  2983 E adbd    : recv: OPEN 00001523 00000000 0009:74 63 70 3A 36 36 36 36 00 
09-14 16:15:00.256  2983  2983 E adbd    : service_to_fd: tcp:6666
09-14 16:15:00.258  1136  1542 D DnsProxyListener: DNSDBG::dns addrinfo af 2
09-14 16:15:00.262  2983  2983 E adbd    : failed to connect to socket 'tcp:6666': Connection refused
09-14 16:15:01.590  2983  2983 E adbd    : recv: OPEN 00001527 00000000 000c:73 68 65 6C 6C 2C 76 32 3A 70 73 00 
09-14 16:15:01.590  2983  2983 E adbd    : service_to_fd: shell,v2:ps
09-14 16:15:01.630 13650 13650 E propClient: PropClient failed to load
09-14 16:15:01.658 13650 13650 E propClient: PropClient failed to load
09-14 16:15:02.269  2983  2983 E adbd    : recv: OPEN 00001528 00000000 0009:74 63 70 3A 36 36 36 36 00 
09-14 16:15:02.270  2983  2983 E adbd    : service_to_fd: tcp:6666
09-14 16:15:02.273  1136  1542 D DnsProxyListener: DNSDBG::dns addrinfo af 2
09-14 16:15:02.283  2983  2983 E adbd    : failed to connect to socket 'tcp:6666': Connection refused
09-14 16:15:03.049  2983  2983 E adbd    : recv: OPEN 0000152c 00000000 000c:73 68 65 6C 6C 2C 76 32 3A 70 73 00 
09-14 16:15:03.049  2983  2983 E adbd    : service_to_fd: shell,v2:ps
09-14 16:15:03.089 13653 13653 E propClient: PropClient failed to load
09-14 16:15:03.118 13653 13653 E propClient: PropClient failed to load
09-14 16:15:04.287  2983  2983 E adbd    : recv: OPEN 0000152d 00000000 0009:74 63 70 3A 36 36 36 36 00 
09-14 16:15:04.287  2983  2983 E adbd    : service_to_fd: tcp:6666
09-14 16:15:04.291  1136  1542 D DnsProxyListener: DNSDBG::dns addrinfo af 2
09-14 16:15:04.297  2983  2983 E adbd    : failed to connect to socket 'tcp:6666': Connection refused
09-14 16:15:04.389  2983  2983 E adbd    : recv: OPEN 00001531 00000000 000c:73 68 65 6C 6C 2C 76 32 3A 70 73 00 
09-14 16:15:04.390  2983  2983 E adbd    : service_to_fd: shell,v2:ps
09-14 16:15:04.429 13656 13656 E propClient: PropClient failed to load
09-14 16:15:04.458 13656 13656 E propClient: PropClient failed to load
09-14 16:15:05.939  2983  2983 E adbd    : recv: OPEN 00001537 00000000 000c:73 68 65 6C 6C 2C 76 32 3A 70 73 00 
09-14 16:15:05.939  2983  2983 E adbd    : service_to_fd: shell,v2:ps
09-14 16:15:05.973 13658 13658 E propClient: PropClient failed to load
09-14 16:15:06.001 13658 13658 E propClient: PropClient failed to load
09-14 16:15:06.302  2983  2983 E adbd    : recv: OPEN 00001538 00000000 0009:74 63 70 3A 36 36 36 36 00 
09-14 16:15:06.303  2983  2983 E adbd    : service_to_fd: tcp:6666
09-14 16:15:06.305  1136  1542 D DnsProxyListener: DNSDBG::dns addrinfo af 2
09-14 16:15:06.311  2983  2983 E adbd    : failed to connect to socket 'tcp:6666': Connection refused
09-14 16:15:07.304  2983  2983 E adbd    : recv: OPEN 0000153c 00000000 000c:73 68 65 6C 6C 2C 76 32 3A 70 73 00 
09-14 16:15:07.305  2983  2983 E adbd    : service_to_fd: shell,v2:ps
09-14 16:15:07.348 13662 13662 E propClient: PropClient failed to load
09-14 16:15:07.377 13662 13662 E propClient: PropClient failed to load
09-14 16:15:08.316  2983  2983 E adbd    : recv: OPEN 0000153d 00000000 0009:74 63 70 3A 36 36 36 36 00 
09-14 16:15:08.316  2983  2983 E adbd    : service_to_fd: tcp:6666
09-14 16:15:08.319  1136  1542 D DnsProxyListener: DNSDBG::dns addrinfo af 2
09-14 16:15:08.326  2983  2983 E adbd    : failed to connect to socket 'tcp:6666': Connection refused
09-14 16:15:08.870  2983  2983 E adbd    : recv: OPEN 00001541 00000000 000c:73 68 65 6C 6C 2C 76 32 3A 70 73 00 
09-14 16:15:08.870  2983  2983 E adbd    : service_to_fd: shell,v2:ps
09-14 16:15:08.911 13667 13667 E propClient: PropClient failed to load
09-14 16:15:08.938 13667 13667 E propClient: PropClient failed to load
09-14 16:15:10.296  2983  2983 E adbd    : recv: OPEN 00001545 00000000 000c:73 68 65 6C 6C 2C 76 32 3A 70 73 00 
09-14 16:15:10.296  2983  2983 E adbd    : service_to_fd: shell,v2:ps
09-14 16:15:10.329  2983  2983 E adbd    : recv: OPEN 00001546 00000000 0009:74 63 70 3A 36 36 36 36 00 
09-14 16:15:10.330  2983  2983 E adbd    : service_to_fd: tcp:6666
09-14 16:15:10.332 13669 13669 E propClient: PropClient failed to load
09-14 16:15:10.333  1136  1542 D DnsProxyListener: DNSDBG::dns addrinfo af 2
09-14 16:15:10.338  2983  2983 E adbd    : failed to connect to socket 'tcp:6666': Connection refused
09-14 16:15:10.357 13669 13669 E propClient: PropClient failed to load
09-14 16:15:10.775  1766  1819 D AllShare(ASF_DMC): [CP_CONTROL] OnResponseReceived: 117: Subscription response for session_id [775]
09-14 16:15:11.685  2983  2983 E adbd    : recv: OPEN 0000154a 00000000 000c:73 68 65 6C 6C 2C 76 32 3A 70 73 00 
09-14 16:15:11.685  2983  2983 E adbd    : service_to_fd: shell,v2:ps
09-14 16:15:11.729 13678 13678 E propClient: PropClient failed to load
09-14 16:15:11.762 13678 13678 E propClient: PropClient failed to load
09-14 16:15:11.769  1766  1819 D AllShare(ASF_DMC): [CP_CONTROL] OnResponseReceived: 117: Subscription response for session_id [776]
09-14 16:15:11.971  1766  1819 D AllShare(ASF_DMC): [CP_CONTROL] OnResponseReceived: 117: Subscription response for session_id [777]
09-14 16:15:12.342  2983  2983 E adbd    : recv: OPEN 0000154b 00000000 0009:74 63 70 3A 36 36 36 36 00 
09-14 16:15:12.342  2983  2983 E adbd    : service_to_fd: tcp:6666
09-14 16:15:12.345  1136  1542 D DnsProxyListener: DNSDBG::dns addrinfo af 2
09-14 16:15:12.350  2983  2983 E adbd    : failed to connect to socket 'tcp:6666': Connection refused
09-14 16:15:13.246  2983  2983 E adbd    : recv: OPEN 0000154f 00000000 000c:73 68 65 6C 6C 2C 76 32 3A 70 73 00 
09-14 16:15:13.246  2983  2983 E adbd    : service_to_fd: shell,v2:ps
09-14 16:15:13.288 13681 13681 E propClient: PropClient failed to load
09-14 16:15:13.317 13681 13681 E propClient: PropClient failed to load
09-14 16:15:14.354  2983  2983 E adbd    : recv: OPEN 00001550 00000000 0009:74 63 70 3A 36 36 36 36 00 
09-14 16:15:14.354  2983  2983 E adbd    : service_to_fd: tcp:6666
09-14 16:15:14.357  1136  1542 D DnsProxyListener: DNSDBG::dns addrinfo af 2
09-14 16:15:14.365  2983  2983 E adbd    : failed to connect to socket 'tcp:6666': Connection refused
09-14 16:15:14.599  2983  2983 E adbd    : recv: OPEN 00001554 00000000 000c:73 68 65 6C 6C 2C 76 32 3A 70 73 00 
09-14 16:15:14.599  2983  2983 E adbd    : service_to_fd: shell,v2:ps
09-14 16:15:14.648 13684 13684 E propClient: PropClient failed to load
09-14 16:15:14.681 13684 13684 E propClient: PropClient failed to load
09-14 16:15:16.123  2983  2983 E adbd    : recv: OPEN 0000155a 00000000 000c:73 68 65 6C 6C 2C 76 32 3A 70 73 00 
09-14 16:15:16.124  2983  2983 E adbd    : service_to_fd: shell,v2:ps
09-14 16:15:16.170 13687 13687 E propClient: PropClient failed to load
09-14 16:15:16.199 13687 13687 E propClient: PropClient failed to load
09-14 16:15:16.369  2983  2983 E adbd    : recv: OPEN 0000155b 00000000 0009:74 63 70 3A 36 36 36 36 00 
09-14 16:15:16.369  2983  2983 E adbd    : service_to_fd: tcp:6666
09-14 16:15:16.374  1136  1542 D DnsProxyListener: DNSDBG::dns addrinfo af 2
09-14 16:15:16.384  2983  2983 E adbd    : failed to connect to socket 'tcp:6666': Connection refused
09-14 16:15:17.523  2983  2983 E adbd    : recv: OPEN 0000155f 00000000 000c:73 68 65 6C 6C 2C 76 32 3A 70 73 00 
09-14 16:15:17.524  2983  2983 E adbd    : service_to_fd: shell,v2:ps
09-14 16:15:17.567 13698 13698 E propClient: PropClient failed to load
09-14 16:15:17.597 13698 13698 E propClient: PropClient failed to load
09-14 16:15:18.388  2983  2983 E adbd    : recv: OPEN 00001560 00000000 0009:74 63 70 3A 36 36 36 36 00 
09-14 16:15:18.389  2983  2983 E adbd    : service_to_fd: tcp:6666
09-14 16:15:18.391  1136  1542 D DnsProxyListener: DNSDBG::dns addrinfo af 2
09-14 16:15:18.400  2983  2983 E adbd    : failed to connect to socket 'tcp:6666': Connection refused
09-14 16:15:18.964  2983  2983 E adbd    : recv: OPEN 00001564 00000000 000c:73 68 65 6C 6C 2C 76 32 3A 70 73 00 
09-14 16:15:18.964  2983  2983 E adbd    : service_to_fd: shell,v2:ps
09-14 16:15:19.006 13703 13703 E propClient: PropClient failed to load
09-14 16:15:19.035 13703 13703 E propClient: PropClient failed to load
09-14 16:15:20.404  2983  2983 E adbd    : recv: OPEN 00001565 00000000 0009:74 63 70 3A 36 36 36 36 00 
09-14 16:15:20.404  2983  2983 E adbd    : service_to_fd: tcp:6666
09-14 16:15:20.407  1136  1542 D DnsProxyListener: DNSDBG::dns addrinfo af 2
09-14 16:15:20.416  2983  2983 E adbd    : failed to connect to socket 'tcp:6666': Connection refused
09-14 16:15:20.459  2983  2983 E adbd    : recv: OPEN 00001569 00000000 000c:73 68 65 6C 6C 2C 76 32 3A 70 73 00 
09-14 16:15:20.459  2983  2983 E adbd    : service_to_fd: shell,v2:ps
09-14 16:15:20.503 13711 13711 E propClient: PropClient failed to load
09-14 16:15:20.532 13711 13711 E propClient: PropClient failed to load
09-14 16:15:21.757  2983  2983 E adbd    : recv: OPEN 0000156d 00000000 000c:73 68 65 6C 6C 2C 76 32 3A 70 73 00 
09-14 16:15:21.757  2983  2983 E adbd    : service_to_fd: shell,v2:ps
09-14 16:15:21.792 13713 13713 E propClient: PropClient failed to load
09-14 16:15:21.822 13713 13713 E propClient: PropClient failed to load
09-14 16:15:22.420  2983  2983 E adbd    : recv: OPEN 0000156e 00000000 0009:74 63 70 3A 36 36 36 36 00 
09-14 16:15:22.420  2983  2983 E adbd    : service_to_fd: tcp:6666
09-14 16:15:22.423  1136  1542 D DnsProxyListener: DNSDBG::dns addrinfo af 2
09-14 16:15:22.429  2983  2983 E adbd    : failed to connect to socket 'tcp:6666': Connection refused
09-14 16:15:23.103  2983  2983 E adbd    : recv: OPEN 00001572 00000000 000c:73 68 65 6C 6C 2C 76 32 3A 70 73 00 
09-14 16:15:23.105  2983  2983 E adbd    : service_to_fd: shell,v2:ps
09-14 16:15:23.149 13718 13718 E propClient: PropClient failed to load
09-14 16:15:23.177 13718 13718 E propClient: PropClient failed to load
09-14 16:15:24.434  2983  2983 E adbd    : recv: OPEN 00001573 00000000 0009:74 63 70 3A 36 36 36 36 00 
09-14 16:15:24.434  2983  2983 E adbd    : service_to_fd: tcp:6666
09-14 16:15:24.436  1136  1542 D DnsProxyListener: DNSDBG::dns addrinfo af 2
09-14 16:15:24.446  2983  2983 E adbd    : failed to connect to socket 'tcp:6666': Connection refused
09-14 16:15:24.556  2983  2983 E adbd    : recv: OPEN 00001577 00000000 000c:73 68 65 6C 6C 2C 76 32 3A 70 73 00 
09-14 16:15:24.556  2983  2983 E adbd    : service_to_fd: shell,v2:ps
09-14 16:15:24.592 13721 13721 E propClient: PropClient failed to load
09-14 16:15:24.620 13721 13721 E propClient: PropClient failed to load
09-14 16:15:26.111  2983  2983 E adbd    : recv: OPEN 0000157b 00000000 000c:73 68 65 6C 6C 2C 76 32 3A 70 73 00 
09-14 16:15:26.111  2983  2983 E adbd    : service_to_fd: shell,v2:ps
09-14 16:15:26.151 13723 13723 E propClient: PropClient failed to load
09-14 16:15:26.179 13723 13723 E propClient: PropClient failed to load
09-14 16:15:26.452  2983  2983 E adbd    : recv: OPEN 0000157c 00000000 0009:74 63 70 3A 36 36 36 36 00 
09-14 16:15:26.452  2983  2983 E adbd    : service_to_fd: tcp:6666
09-14 16:15:26.455  1136  1542 D DnsProxyListener: DNSDBG::dns addrinfo af 2
09-14 16:15:26.459  2983  2983 E adbd    : failed to connect to socket 'tcp:6666': Connection refused
09-14 16:15:27.551  1943  1943 I MotionRecognitionService: Plugged
09-14 16:15:27.552  1943  1943 D MotionRecognitionService:   mCableConnection= 1
09-14 16:15:27.552  1943  1943 D MotionRecognitionService: setPowerConnected : mGripEnabled = false
09-14 16:15:27.553  1943  1943 D SamsungPhoneWindowManager: ACTION_BATTERY_CHANGED - Level :: 100, battStatus :: 5
09-14 16:15:27.554  2983  2983 E adbd    : recv: OPEN 00001582 00000000 000c:73 68 65 6C 6C 2C 76 32 3A 70 73 00 
09-14 16:15:27.554  2983  2983 E adbd    : service_to_fd: shell,v2:ps
09-14 16:15:27.563  2941  2941 D KeyguardUpdateMonitor: received broadcast android.intent.action.BATTERY_CHANGED
09-14 16:15:27.565  2941  2941 D BatteryController: onReceive-ACTION_BATTERY_CHANGED : mLevel=100, mBatteryStatus=5
09-14 16:15:27.575  3217  3217 D PhoneApp: PhoneAppBroadcastReceiver onReceive android.intent.action.BATTERY_CHANGED
09-14 16:15:27.575  3217  3217 D TelephonyExtensionManager: lowBatterySound - isLowBatterySoundScheduled: false
09-14 16:15:27.575  3217  3217 D TelephonyExtensionManager: lowBatterySound - isPlayNow: false
09-14 16:15:27.578  2941  2941 D PowerUI : priorPlugType = 2 mPlugType =  2
09-14 16:15:27.578  3217  3217 D TelephonyExtensionManager: isSpeakerON - false
09-14 16:15:27.580  2902  2902 V HeadsetService: Received Intent.ACTION_BATTERY_CHANGED
09-14 16:15:27.581  2902  4136 D HeadsetStateMachine: Disconnected process message: 10, size: 0
09-14 16:15:27.581 13727 13727 E propClient: PropClient failed to load
09-14 16:15:27.582  3222  3698 D EPDG -- SIM0 [EpdgSubScription]: android.intent.action.BATTERY_CHANGED intent received.
09-14 16:15:27.591  3217  3217 D TelephonyExtensionManager: lowBatterySound - batteryStatus: 5
09-14 16:15:27.591  3217  3217 D TelephonyExtensionManager: lowBatterySound - batteryLevel: 100
09-14 16:15:27.591  3217  3217 D TelephonyExtensionManager: lowBatterySound - cancel
09-14 16:15:27.593  3217  3217 D TelephonyExtension: Not stopping low battery tone
09-14 16:15:27.596 13349 13349 D charging_screen: Naive charging time: 0 s
09-14 16:15:27.608 13727 13727 E propClient: PropClient failed to load
09-14 16:15:28.451  2983  2983 E adbd    : recv: OPEN 00001583 00000000 0009:74 63 70 3A 36 36 36 36 00 
09-14 16:15:28.453  2983  2983 E adbd    : service_to_fd: tcp:6666
09-14 16:15:28.457  1136  1542 D DnsProxyListener: DNSDBG::dns addrinfo af 2
09-14 16:15:28.464  2983  2983 E adbd    : failed to connect to socket 'tcp:6666': Connection refused
09-14 16:15:29.085  2983  2983 E adbd    : recv: OPEN 00001587 00000000 000c:73 68 65 6C 6C 2C 76 32 3A 70 73 00 
09-14 16:15:29.086  2983  2983 E adbd    : service_to_fd: shell,v2:ps
09-14 16:15:29.123 13733 13733 E propClient: PropClient failed to load
09-14 16:15:29.150 13733 13733 E propClient: PropClient failed to load
09-14 16:15:30.468  2983  2983 E adbd    : recv: OPEN 00001588 00000000 0009:74 63 70 3A 36 36 36 36 00 
09-14 16:15:30.469  2983  2983 E adbd    : service_to_fd: tcp:6666
09-14 16:15:30.472  1136  1542 D DnsProxyListener: DNSDBG::dns addrinfo af 2
09-14 16:15:30.480  2983  2983 E adbd    : failed to connect to socket 'tcp:6666': Connection refused
09-14 16:15:30.507  2983  2983 E adbd    : recv: OPEN 0000158c 00000000 000c:73 68 65 6C 6C 2C 76 32 3A 70 73 00 
09-14 16:15:30.508  2983  2983 E adbd    : service_to_fd: shell,v2:ps
09-14 16:15:30.544 13737 13737 E propClient: PropClient failed to load
09-14 16:15:30.571 13737 13737 E propClient: PropClient failed to load
09-14 16:15:31.887  2983  2983 E adbd    : recv: OPEN 00001590 00000000 000c:73 68 65 6C 6C 2C 76 32 3A 70 73 00 
09-14 16:15:31.887  2983  2983 E adbd    : service_to_fd: shell,v2:ps
09-14 16:15:31.922 13739 13739 E propClient: PropClient failed to load
09-14 16:15:31.950 13739 13739 E propClient: PropClient failed to load
09-14 16:15:32.485  2983  2983 E adbd    : recv: OPEN 00001591 00000000 0009:74 63 70 3A 36 36 36 36 00 
09-14 16:15:32.485  2983  2983 E adbd    : service_to_fd: tcp:6666
09-14 16:15:32.488  1136  1542 D DnsProxyListener: DNSDBG::dns addrinfo af 2
09-14 16:15:32.497  2983  2983 E adbd    : failed to connect to socket 'tcp:6666': Connection refused
09-14 16:15:33.225  2983  2983 E adbd    : recv: OPEN 00001595 00000000 000c:73 68 65 6C 6C 2C 76 32 3A 70 73 00 
09-14 16:15:33.225  2983  2983 E adbd    : service_to_fd: shell,v2:ps
09-14 16:15:33.269 13742 13742 E propClient: PropClient failed to load
09-14 16:15:33.298 13742 13742 E propClient: PropClient failed to load
09-14 16:15:33.569  9738  9767 I PlayCommon: [3900] com.google.android.play.b.g.d(216): Preparing logs for uploading
09-14 16:15:33.598  9738  9767 I PlayCommon: [3900] com.google.android.play.b.g.a(385): Connecting to server: https://play.googleapis.com/play/log?format=raw&proto_v2=true
09-14 16:15:33.609  9738  9767 I System.out: (HTTPLog)-Static: isSBSettingEnabled false
09-14 16:15:33.609  9738  9767 I System.out: (HTTPLog)-Static: isSBSettingEnabled false
09-14 16:15:33.615  1136  1542 D DnsProxyListener: DNSDBG::dns addrinfo af 2
09-14 16:15:34.050  9738  9767 I PlayCommon: [3900] com.google.android.play.b.g.a(453): Successfully uploaded logs.
09-14 16:15:34.502  2983  2983 E adbd    : recv: OPEN 00001596 00000000 0009:74 63 70 3A 36 36 36 36 00 
09-14 16:15:34.503  2983  2983 E adbd    : service_to_fd: tcp:6666
09-14 16:15:34.506  1136  1542 D DnsProxyListener: DNSDBG::dns addrinfo af 2
09-14 16:15:34.511  2983  2983 E adbd    : failed to connect to socket 'tcp:6666': Connection refused
09-14 16:15:34.577  2983  2983 E adbd    : recv: OPEN 0000159a 00000000 000c:73 68 65 6C 6C 2C 76 32 3A 70 73 00 
09-14 16:15:34.578  2983  2983 E adbd    : service_to_fd: shell,v2:ps
09-14 16:15:34.613 13750 13750 E propClient: PropClient failed to load
09-14 16:15:34.641 13750 13750 E propClient: PropClient failed to load
09-14 16:15:36.078  2983  2983 E adbd    : recv: OPEN 0000159e 00000000 000c:73 68 65 6C 6C 2C 76 32 3A 70 73 00 
09-14 16:15:36.079  2983  2983 E adbd    : service_to_fd: shell,v2:ps
09-14 16:15:36.113 13752 13752 E propClient: PropClient failed to load
09-14 16:15:36.141 13752 13752 E propClient: PropClient failed to load
09-14 16:15:36.263  9738  9755 I Finsky  : [3888] com.google.android.finsky.bo.ac.run(5): Stats for Executor: BlockingExecutor com.google.android.finsky.bo.ad@bb775c3[Running, pool size = 0, active threads = 0, queued tasks = 0, completed tasks = 2]
09-14 16:15:36.263  9738  9755 I Finsky  : [3888] com.google.android.finsky.bo.ac.run(5): Stats for Executor: LightweightExecutor com.google.android.finsky.bo.ad@ad0be40[Running, pool size = 3, active threads = 0, queued tasks = 0, completed tasks = 8]
09-14 16:15:36.515  2983  2983 E adbd    : recv: OPEN 0000159f 00000000 0009:74 63 70 3A 36 36 36 36 00 
09-14 16:15:36.515  2983  2983 E adbd    : service_to_fd: tcp:6666
09-14 16:15:36.517  1136  1542 D DnsProxyListener: DNSDBG::dns addrinfo af 2
09-14 16:15:36.524  2983  2983 E adbd    : failed to connect to socket 'tcp:6666': Connection refused
09-14 16:15:37.426  2983  2983 E adbd    : recv: OPEN 000015a3 00000000 000c:73 68 65 6C 6C 2C 76 32 3A 70 73 00 
09-14 16:15:37.426  2983  2983 E adbd    : service_to_fd: shell,v2:ps
09-14 16:15:37.470 13756 13756 E propClient: PropClient failed to load
09-14 16:15:37.498 13756 13756 E propClient: PropClient failed to load
09-14 16:15:37.859  1943  1943 I MotionRecognitionService: Plugged
09-14 16:15:37.859  1943  1943 D MotionRecognitionService:   mCableConnection= 1
09-14 16:15:37.860  1943  1943 D MotionRecognitionService: setPowerConnected : mGripEnabled = false
09-14 16:15:37.860  1943  1943 D SamsungPhoneWindowManager: ACTION_BATTERY_CHANGED - Level :: 100, battStatus :: 5
09-14 16:15:37.864  2941  2941 D KeyguardUpdateMonitor: received broadcast android.intent.action.BATTERY_CHANGED
09-14 16:15:37.867  3217  3217 D PhoneApp: PhoneAppBroadcastReceiver onReceive android.intent.action.BATTERY_CHANGED
09-14 16:15:37.868  3217  3217 D TelephonyExtensionManager: lowBatterySound - isLowBatterySoundScheduled: false
09-14 16:15:37.868  3217  3217 D TelephonyExtensionManager: lowBatterySound - isPlayNow: false
09-14 16:15:37.868  2902  2902 V HeadsetService: Received Intent.ACTION_BATTERY_CHANGED
09-14 16:15:37.869  2902  4136 D HeadsetStateMachine: Disconnected process message: 10, size: 0
09-14 16:15:37.872  3217  3217 D TelephonyExtensionManager: isSpeakerON - false
09-14 16:15:37.872  3222  3698 D EPDG -- SIM0 [EpdgSubScription]: android.intent.action.BATTERY_CHANGED intent received.
09-14 16:15:37.874  2941  2941 D BatteryController: onReceive-ACTION_BATTERY_CHANGED : mLevel=100, mBatteryStatus=5
09-14 16:15:37.880  2941  2941 D PowerUI : priorPlugType = 2 mPlugType =  2
09-14 16:15:37.881  3217  3217 D TelephonyExtensionManager: lowBatterySound - batteryStatus: 5
09-14 16:15:37.881  3217  3217 D TelephonyExtensionManager: lowBatterySound - batteryLevel: 100
09-14 16:15:37.881  3217  3217 D TelephonyExtensionManager: lowBatterySound - cancel
09-14 16:15:37.884  3217  3217 D TelephonyExtension: Not stopping low battery tone
09-14 16:15:37.885 13349 13349 D charging_screen: Naive charging time: 0 s
09-14 16:15:38.529  2983  2983 E adbd    : recv: OPEN 000015a6 00000000 0009:74 63 70 3A 36 36 36 36 00 
09-14 16:15:38.530  2983  2983 E adbd    : service_to_fd: tcp:6666
09-14 16:15:38.535  1136  1542 D DnsProxyListener: DNSDBG::dns addrinfo af 2
09-14 16:15:38.547  2983  2983 E adbd    : failed to connect to socket 'tcp:6666': Connection refused
09-14 16:15:38.865  2983  2983 E adbd    : recv: OPEN 000015aa 00000000 000c:73 68 65 6C 6C 2C 76 32 3A 70 73 00 
09-14 16:15:38.866  2983  2983 E adbd    : service_to_fd: shell,v2:ps
09-14 16:15:38.909 13761 13761 E propClient: PropClient failed to load
09-14 16:15:38.937 13761 13761 E propClient: PropClient failed to load
09-14 16:15:40.306  2983  2983 E adbd    : recv: OPEN 000015ae 00000000 000c:73 68 65 6C 6C 2C 76 32 3A 70 73 00 
09-14 16:15:40.307  2983  2983 E adbd    : service_to_fd: shell,v2:ps
09-14 16:15:40.348 13763 13763 E propClient: PropClient failed to load
09-14 16:15:40.376 13763 13763 E propClient: PropClient failed to load
09-14 16:15:40.550  2983  2983 E adbd    : recv: OPEN 000015af 00000000 0009:74 63 70 3A 36 36 36 36 00 
09-14 16:15:40.551  2983  2983 E adbd    : service_to_fd: tcp:6666
09-14 16:15:40.552  1136  1542 D DnsProxyListener: DNSDBG::dns addrinfo af 2
09-14 16:15:40.556  2983  2983 E adbd    : failed to connect to socket 'tcp:6666': Connection refused
09-14 16:15:41.081  3611  3741 D ContactsProvider_EventLog: contents_sample_state: [CONTACT contacts(25) data(64) accounts({vnd.sec.contact.phone (1)=25}) accounts deleted({}) calls([logtype:100 cnt:17, logtype:200 cnt:42, logtype:300 cnt:458]) countryIso(US) userId(0)  ]

09-14 16:15:41.081  3611  3741 D ContactsProvider_EventLog: contents_sample_state: [ agr({[1]=25})  ]

09-14 16:15:41.081  3611  3741 D ContactsProvider_EventLog: contents_sample_state: [ actCnt({android.process.acore(3611)=1})  ]

09-14 16:15:41.081  3611  3741 D ContactsProvider_EventLog: contents_sample_state: [PROFILE contacts(1) data(2) accounts({vnd.sec.contact.phone (1)=1})  ]

09-14 16:15:41.081  3611  3741 D ContactsProvider_EventLog: contents_sample_state: [SAPROFILE contacts(1) data(5) accounts({vnd.sec.contact.phone (1)=1})  ]
09-14 16:15:41.619  2941  3308 D NetworkController.MobileSignalController(0/1): onSignalStrengthsChanged signalStrength=SignalStrength: 99 99 -120 -160 -120 -1 -1 24 -94 -10 94 2147483647 0 2147483647 0x4000 P gsm|lte level=4
09-14 16:15:41.620  2941  3308 D NetworkController.MobileSignalController(0/1): getMobileIconGroup(): 13
09-14 16:15:41.620  2941  3308 D NetworkController.MobileSignalController(0/1): updateVZWMobileIconGroup(): 13
09-14 16:15:41.655  3222  3698 D EPDG -- SIM0 [SMARTWIFI]: onSignalStrengthsChanged: Received signal strength change, phone type is: 2
09-14 16:15:41.655  2941  3308 D NetworkController.MobileSignalController(0/1): callState:0, callStateByPhone:false voLTECall:false voiceNetTpe:13 dataNetType:13, ine911:false, emergencyCallbackMode:false
09-14 16:15:41.656  3222  5419 D EPDG -- SIM0 [SMARTWIFI]: lastLteRSRP is -93currentLteRSRP is -94
09-14 16:15:41.656  3222  5419 D EPDG -- SIM0 [SMARTWIFI]: lastLteRSRQ is -10currentLteRSRQ is -10
09-14 16:15:41.656  3222  5419 D EPDG -- SIM0 [SMARTWIFI]: lastCdmaDb is -16currentCdmaDb is -16
09-14 16:15:41.656  3222  5419 V EPDG -- SIM0 [SMARTWIFI]: Radio oldest entry removed
09-14 16:15:41.656  3222  5419 V EPDG -- SIM0 [SMARTWIFI]: New entry : (SignalStrength: 99 99 -120 -160 -120 -1 -1 24 -94 -10 94 2147483647 0 2147483647 0x4000 P gsm|lte : 0 )
09-14 16:15:41.656  3222  5419 V EPDG -- SIM0 [SMARTWIFI]: Radio entry added
09-14 16:15:41.685  2983  2983 E adbd    : recv: OPEN 000015b3 00000000 000c:73 68 65 6C 6C 2C 76 32 3A 70 73 00 
09-14 16:15:41.686  2983  2983 E adbd    : service_to_fd: shell,v2:ps
09-14 16:15:41.727 13771 13771 E propClient: PropClient failed to load
09-14 16:15:41.754 13771 13771 E propClient: PropClient failed to load
09-14 16:15:42.560  2983  2983 E adbd    : recv: OPEN 000015b4 00000000 0009:74 63 70 3A 36 36 36 36 00 
09-14 16:15:42.561  2983  2983 E adbd    : service_to_fd: tcp:6666
09-14 16:15:42.564  1136  1542 D DnsProxyListener: DNSDBG::dns addrinfo af 2
09-14 16:15:42.571  2983  2983 E adbd    : failed to connect to socket 'tcp:6666': Connection refused
09-14 16:15:42.990  2983  2983 E adbd    : recv: OPEN 000015b8 00000000 000c:73 68 65 6C 6C 2C 76 32 3A 70 73 00 
09-14 16:15:42.992  2983  2983 E adbd    : service_to_fd: shell,v2:ps
09-14 16:15:43.031 13774 13774 E propClient: PropClient failed to load
09-14 16:15:43.060 13774 13774 E propClient: PropClient failed to load
09-14 16:15:44.377  2983  2983 E adbd    : recv: OPEN 000015bc 00000000 000c:73 68 65 6C 6C 2C 76 32 3A 70 73 00 
09-14 16:15:44.378  2983  2983 E adbd    : service_to_fd: shell,v2:ps
09-14 16:15:44.413 13776 13776 E propClient: PropClient failed to load
09-14 16:15:44.452 13776 13776 E propClient: PropClient failed to load
09-14 16:15:44.576  2983  2983 E adbd    : recv: OPEN 000015bd 00000000 0009:74 63 70 3A 36 36 36 36 00 
09-14 16:15:44.576  2983  2983 E adbd    : service_to_fd: tcp:6666
09-14 16:15:44.577  1136  1542 D DnsProxyListener: DNSDBG::dns addrinfo af 2
09-14 16:15:44.580  2983  2983 E adbd    : failed to connect to socket 'tcp:6666': Connection refused
09-14 16:15:45.779  2983  2983 E adbd    : recv: OPEN 000015c1 00000000 000c:73 68 65 6C 6C 2C 76 32 3A 70 73 00 
09-14 16:15:45.780  2983  2983 E adbd    : service_to_fd: shell,v2:ps
09-14 16:15:45.814 13779 13779 E propClient: PropClient failed to load
09-14 16:15:45.850 13779 13779 E propClient: PropClient failed to load
09-14 16:15:46.584  2983  2983 E adbd    : recv: OPEN 000015c2 00000000 0009:74 63 70 3A 36 36 36 36 00 
09-14 16:15:46.584  2983  2983 E adbd    : service_to_fd: tcp:6666
09-14 16:15:46.587  1136  1542 D DnsProxyListener: DNSDBG::dns addrinfo af 2
09-14 16:15:46.594  2983  2983 E adbd    : failed to connect to socket 'tcp:6666': Connection refused
09-14 16:15:47.184  2983  2983 E adbd    : recv: OPEN 000015c6 00000000 000c:73 68 65 6C 6C 2C 76 32 3A 70 73 00 
09-14 16:15:47.185  2983  2983 E adbd    : service_to_fd: shell,v2:ps
09-14 16:15:47.228 13782 13782 E propClient: PropClient failed to load
09-14 16:15:47.257 13782 13782 E propClient: PropClient failed to load
09-14 16:15:48.148  1943  1943 I MotionRecognitionService: Plugged
09-14 16:15:48.148  1943  1943 D MotionRecognitionService:   mCableConnection= 1
09-14 16:15:48.148  1943  1943 D MotionRecognitionService: setPowerConnected : mGripEnabled = false
09-14 16:15:48.149  1943  1943 D SamsungPhoneWindowManager: ACTION_BATTERY_CHANGED - Level :: 100, battStatus :: 5
09-14 16:15:48.151  2941  2941 D KeyguardUpdateMonitor: received broadcast android.intent.action.BATTERY_CHANGED
09-14 16:15:48.158  2941  2941 D BatteryController: onReceive-ACTION_BATTERY_CHANGED : mLevel=100, mBatteryStatus=5
