03-08 19:40:10.250  1004  1004 E audit   : type=1400 audit(1552095610.239:41496): avc:  denied  { read } for  pid=14836 comm="Thread-2" name="stat" dev="proc" ino=4026532368 scontext=u:r:untrusted_app:s0:c512,c768 tcontext=u:object_r:proc_stat:s0 tclass=file permissive=0 SEPF_SM-G930V_8.0.0_0016 audit_filtered
03-08 19:40:10.250  1004  1004 E audit   : type=1300 audit(1552095610.239:41496): arch=40000028 syscall=322 per=8 success=no exit=-13 a0=ffffff9c a1=c4b42d27 a2=20000 a3=0 items=0 ppid=1027 pid=14836 auid=4294967295 uid=10572 gid=10572 euid=10572 suid=10572 fsuid=10572 egid=10572 sgid=10572 fsgid=10572 tty=(none) ses=4294967295 comm="Thread-2" exe="/system/bin/app_process32" subj=u:r:untrusted_app:s0:c512,c768 key=(null)
03-08 19:40:10.250  1004  1004 E audit   : type=1327 audit(1552095610.239:41496): proctitle="com.TeamNA.GiftGame"
03-08 19:40:10.252 14836 15049 D AudioTrack: stop() called with 39187 frames delivered
03-08 19:40:10.254 14836 15049 I AudioTrack: Skip ramp
03-08 19:40:10.255 14836 15049 D         : PlayerBase::stop() from IPlayer
03-08 19:40:10.257 14836 15002 D         : PlayerBase::stop() from IPlayer
03-08 19:40:10.331  1044  1354 V APM_AudioPolicyManager: stopOutput() output 29, stream 3, session 32793
03-08 19:40:10.331  1044  1354 V APM_AudioPolicyManager: setBeaconMute(1) mBeaconMuteRefCount=7 mBeaconPlayingRefCount=0
03-08 19:40:10.331  1044  1354 V APM_AudioPolicyManager: selectOutputForMusicEffects activeOnly 1 outputs[2] flags 0x00000104
03-08 19:40:10.331  1044  1354 V APM_AudioPolicyManager: selectOutputForMusicEffects selected output 13
03-08 19:40:10.331  1044  1354 V APM_AudioPolicyManager: releaseOutput() 29
03-08 19:40:10.351  1044  1354 V APM_AudioPolicyManager: stopOutput() output 29, stream 3, session 32809
03-08 19:40:10.351  1044  1354 V APM_AudioPolicyManager: setBeaconMute(1) mBeaconMuteRefCount=6 mBeaconPlayingRefCount=0
03-08 19:40:10.351  1044  1354 V APM_AudioPolicyManager: selectOutputForMusicEffects activeOnly 1 outputs[2] flags 0x00000104
03-08 19:40:10.351  1044  1354 V APM_AudioPolicyManager: selectOutputForMusicEffects selected output 13
03-08 19:40:10.351  1044  1354 V APM_AudioPolicyManager: releaseOutput() 29
03-08 19:40:10.352  1004  1004 E audit   : type=1400 audit(1552095610.339:41497): avc:  denied  { read } for  pid=14836 comm="Thread-2" name="stat" dev="proc" ino=4026532368 scontext=u:r:untrusted_app:s0:c512,c768 tcontext=u:object_r:proc_stat:s0 tclass=file permissive=0 SEPF_SM-G930V_8.0.0_0016 audit_filtered
03-08 19:40:10.353  1004  1004 E audit   : type=1300 audit(1552095610.339:41497): arch=40000028 syscall=322 per=8 success=no exit=-13 a0=ffffff9c a1=c4b42d27 a2=20000 a3=0 items=0 ppid=1027 pid=14836 auid=4294967295 uid=10572 gid=10572 euid=10572 suid=10572 fsuid=10572 egid=10572 sgid=10572 fsgid=10572 tty=(none) ses=4294967295 comm="Thread-2" exe="/system/bin/app_process32" subj=u:r:untrusted_app:s0:c512,c768 key=(null)
03-08 19:40:10.353  1004  1004 E audit   : type=1327 audit(1552095610.339:41497): proctitle="com.TeamNA.GiftGame"
03-08 19:40:10.452 14836 15036 D AudioTrack: stop() called with 47970 frames delivered
03-08 19:40:10.452 14836 15036 I AudioTrack: Skip ramp
03-08 19:40:10.452 14836 15036 D         : PlayerBase::stop() from IPlayer
03-08 19:40:10.454  1004  1004 E audit   : type=1400 audit(1552095610.439:41498): avc:  denied  { read } for  pid=14836 comm="Thread-2" name="stat" dev="proc" ino=4026532368 scontext=u:r:untrusted_app:s0:c512,c768 tcontext=u:object_r:proc_stat:s0 tclass=file permissive=0 SEPF_SM-G930V_8.0.0_0016 audit_filtered
03-08 19:40:10.454  1004  1004 E audit   : type=1300 audit(1552095610.439:41498): arch=40000028 syscall=322 per=8 success=no exit=-13 a0=ffffff9c a1=c4b42d27 a2=20000 a3=0 items=0 ppid=1027 pid=14836 auid=4294967295 uid=10572 gid=10572 euid=10572 suid=10572 fsuid=10572 egid=10572 sgid=10572 fsgid=10572 tty=(none) ses=4294967295 comm="Thread-2" exe="/system/bin/app_process32" subj=u:r:untrusted_app:s0:c512,c768 key=(null)
03-08 19:40:10.454  1004  1004 E audit   : type=1327 audit(1552095610.439:41498): proctitle="com.TeamNA.GiftGame"
03-08 19:40:10.460 14836 15002 D         : PlayerBase::stop() from IPlayer
03-08 19:40:10.533 14836 15054 D AudioTrack: stop() called with 49506 frames delivered
03-08 19:40:10.533 14836 15054 I AudioTrack: Skip ramp
03-08 19:40:10.533 14836 15054 D         : PlayerBase::stop() from IPlayer
03-08 19:40:10.547 14836 15002 D         : PlayerBase::stop() from IPlayer
03-08 19:40:10.551  1044  1354 V APM_AudioPolicyManager: stopOutput() output 29, stream 3, session 32761
03-08 19:40:10.551  1044  1354 V APM_AudioPolicyManager: setBeaconMute(1) mBeaconMuteRefCount=5 mBeaconPlayingRefCount=0
03-08 19:40:10.551  1044  1354 V APM_AudioPolicyManager: selectOutputForMusicEffects activeOnly 1 outputs[2] flags 0x00000104
03-08 19:40:10.551  1044  1354 V APM_AudioPolicyManager: selectOutputForMusicEffects selected output 13
03-08 19:40:10.551  1044  1354 V APM_AudioPolicyManager: releaseOutput() 29
03-08 19:40:10.615 14836 15039 D AudioTrack: stop() called with 55560 frames delivered
03-08 19:40:10.615 14836 15039 I AudioTrack: Skip ramp
03-08 19:40:10.616 14836 15039 D         : PlayerBase::stop() from IPlayer
03-08 19:40:10.620 24191 15073 I GmscoreIpa: Starting mediastore instant index
03-08 19:40:10.626 14836 15002 D         : PlayerBase::stop() from IPlayer
03-08 19:40:10.631  1044  1354 V APM_AudioPolicyManager: stopOutput() output 29, stream 3, session 32825
03-08 19:40:10.631  1044  1354 V APM_AudioPolicyManager: setBeaconMute(1) mBeaconMuteRefCount=4 mBeaconPlayingRefCount=0
03-08 19:40:10.631  1044  1354 V APM_AudioPolicyManager: selectOutputForMusicEffects activeOnly 1 outputs[2] flags 0x00000104
03-08 19:40:10.631  1044  1354 V APM_AudioPolicyManager: selectOutputForMusicEffects selected output 13
03-08 19:40:10.631  1044  1354 V APM_AudioPolicyManager: releaseOutput() 29
03-08 19:40:10.710  1044  1354 V APM_AudioPolicyManager: stopOutput() output 29, stream 3, session 32777
03-08 19:40:10.711  1044  1354 V APM_AudioPolicyManager: setBeaconMute(1) mBeaconMuteRefCount=3 mBeaconPlayingRefCount=0
03-08 19:40:10.711  1044  1354 V APM_AudioPolicyManager: selectOutputForMusicEffects activeOnly 1 outputs[2] flags 0x00000104
03-08 19:40:10.711  1044  1354 V APM_AudioPolicyManager: selectOutputForMusicEffects selected output 13
03-08 19:40:10.711  1044  1354 V APM_AudioPolicyManager: releaseOutput() 29
03-08 19:40:10.872 14836 15059 D AudioTrack: stop() called with 64228 frames delivered
03-08 19:40:10.872 14836 15059 I AudioTrack: Skip ramp
03-08 19:40:10.872 14836 15059 D         : PlayerBase::stop() from IPlayer
03-08 19:40:10.886 14836 15002 D         : PlayerBase::stop() from IPlayer
03-08 19:40:10.942 14836 14906 D UE4     : Used memory: 590992
03-08 19:40:10.972  1044  1354 V APM_AudioPolicyManager: stopOutput() output 29, stream 3, session 32833
03-08 19:40:10.972  1044  1354 V APM_AudioPolicyManager: setBeaconMute(1) mBeaconMuteRefCount=2 mBeaconPlayingRefCount=0
03-08 19:40:10.972  1044  1354 V APM_AudioPolicyManager: selectOutputForMusicEffects activeOnly 1 outputs[2] flags 0x00000104
03-08 19:40:10.972  1044  1354 V APM_AudioPolicyManager: selectOutputForMusicEffects selected output 13
03-08 19:40:10.972  1044  1354 V APM_AudioPolicyManager: releaseOutput() 29
03-08 19:40:11.022  1004  1004 E audit   : type=1400 audit(1552095611.009:41503): avc:  denied  { read } for  pid=14836 comm="Thread-2" name="stat" dev="proc" ino=4026532368 scontext=u:r:untrusted_app:s0:c512,c768 tcontext=u:object_r:proc_stat:s0 tclass=file permissive=0 SEPF_SM-G930V_8.0.0_0016 audit_filtered
03-08 19:40:11.022  1004  1004 E audit   : type=1300 audit(1552095611.009:41503): arch=40000028 syscall=322 per=8 success=no exit=-13 a0=ffffff9c a1=c4b42d27 a2=20000 a3=0 items=0 ppid=1027 pid=14836 auid=4294967295 uid=10572 gid=10572 euid=10572 suid=10572 fsuid=10572 egid=10572 sgid=10572 fsgid=10572 tty=(none) ses=4294967295 comm="Thread-2" exe="/system/bin/app_process32" subj=u:r:untrusted_app:s0:c512,c768 key=(null)
03-08 19:40:11.022  1004  1004 E audit   : type=1327 audit(1552095611.009:41503): proctitle="com.TeamNA.GiftGame"
03-08 19:40:11.032 14836 15038 D AudioTrack: stop() called with 73992 frames delivered
03-08 19:40:11.033 14836 15038 I AudioTrack: Skip ramp
03-08 19:40:11.033 14836 15038 D         : PlayerBase::stop() from IPlayer
03-08 19:40:11.034 14836 15002 D         : PlayerBase::stop() from IPlayer
03-08 19:40:11.114 15041 15041 D SADVFSHelper: Either heavy-duty effect is Off or Music playback is not active
03-08 19:40:11.131  1044  1354 V APM_AudioPolicyManager: stopOutput() output 29, stream 3, session 32769
03-08 19:40:11.131  1044  1354 V APM_AudioPolicyManager: setBeaconMute(1) mBeaconMuteRefCount=1 mBeaconPlayingRefCount=0
03-08 19:40:11.131  1044  1354 V APM_AudioPolicyManager: selectOutputForMusicEffects activeOnly 1 outputs[2] flags 0x00000104
03-08 19:40:11.131  1044  1354 V APM_AudioPolicyManager: selectOutputForMusicEffects selected output 13
03-08 19:40:11.131  1044  1354 V APM_AudioPolicyManager: releaseOutput() 29
03-08 19:40:11.136  1004  1004 E audit   : type=1400 audit(1552095611.119:41504): avc:  denied  { read } for  pid=14836 comm="Thread-2" name="stat" dev="proc" ino=4026532368 scontext=u:r:untrusted_app:s0:c512,c768 tcontext=u:object_r:proc_stat:s0 tclass=file permissive=0 SEPF_SM-G930V_8.0.0_0016 audit_filtered
03-08 19:40:11.136  1004  1004 E audit   : type=1300 audit(1552095611.119:41504): arch=40000028 syscall=322 per=8 success=no exit=-13 a0=ffffff9c a1=c4b42d27 a2=20000 a3=0 items=0 ppid=1027 pid=14836 auid=4294967295 uid=10572 gid=10572 euid=10572 suid=10572 fsuid=10572 egid=10572 sgid=10572 fsgid=10572 tty=(none) ses=4294967295 comm="Thread-2" exe="/system/bin/app_process32" subj=u:r:untrusted_app:s0:c512,c768 key=(null)
03-08 19:40:11.136  1004  1004 E audit   : type=1327 audit(1552095611.119:41504): proctitle="com.TeamNA.GiftGame"
03-08 19:40:11.149  3136  3136 E adbd    : recv: OPEN 00001364 00000000 0010:73 68 65 6C 6C 2C 76 32 2C 72 61 77 3A 70 73 00 
03-08 19:40:11.149  3136  3136 E adbd    : service_to_fd: shell,v2,raw:ps
03-08 19:40:11.166 15074 15074 E propClient: PropClient failed to load
03-08 19:40:11.187 15074 15074 E propClient: PropClient failed to load
03-08 19:40:11.251  1004  1004 E audit   : type=1400 audit(1552095611.239:41505): avc:  denied  { read } for  pid=14836 comm="Thread-2" name="stat" dev="proc" ino=4026532368 scontext=u:r:untrusted_app:s0:c512,c768 tcontext=u:object_r:proc_stat:s0 tclass=file permissive=0 SEPF_SM-G930V_8.0.0_0016 audit_filtered
03-08 19:40:11.251  1004  1004 E audit   : type=1300 audit(1552095611.239:41505): arch=40000028 syscall=322 per=8 success=no exit=-13 a0=ffffff9c a1=c4b42d27 a2=20000 a3=0 items=0 ppid=1027 pid=14836 auid=4294967295 uid=10572 gid=10572 euid=10572 suid=10572 fsuid=10572 egid=10572 sgid=10572 fsgid=10572 tty=(none) ses=4294967295 comm="Thread-2" exe="/system/bin/app_process32" subj=u:r:untrusted_app:s0:c512,c768 key=(null)
03-08 19:40:11.251  1004  1004 E audit   : type=1327 audit(1552095611.239:41505): proctitle="com.TeamNA.GiftGame"
03-08 19:40:11.357  1004  1004 E audit   : type=1400 audit(1552095611.349:41506): avc:  denied  { read } for  pid=14836 comm="Thread-2" name="stat" dev="proc" ino=4026532368 scontext=u:r:untrusted_app:s0:c512,c768 tcontext=u:object_r:proc_stat:s0 tclass=file permissive=0 SEPF_SM-G930V_8.0.0_0016 audit_filtered
03-08 19:40:11.357  1004  1004 E audit   : type=1300 audit(1552095611.349:41506): arch=40000028 syscall=322 per=8 success=no exit=-13 a0=ffffff9c a1=c4b42d27 a2=20000 a3=0 items=0 ppid=1027 pid=14836 auid=4294967295 uid=10572 gid=10572 euid=10572 suid=10572 fsuid=10572 egid=10572 sgid=10572 fsgid=10572 tty=(none) ses=4294967295 comm="Thread-2" exe="/system/bin/app_process32" subj=u:r:untrusted_app:s0:c512,c768 key=(null)
03-08 19:40:11.357  1004  1004 E audit   : type=1327 audit(1552095611.349:41506): proctitle="com.TeamNA.GiftGame"
03-08 19:40:11.463  1004  1004 E audit   : type=1400 audit(1552095611.449:41507): avc:  denied  { read } for  pid=14836 comm="Thread-2" name="stat" dev="proc" ino=4026532368 scontext=u:r:untrusted_app:s0:c512,c768 tcontext=u:object_r:proc_stat:s0 tclass=file permissive=0 SEPF_SM-G930V_8.0.0_0016 audit_filtered
03-08 19:40:11.464  1004  1004 E audit   : type=1300 audit(1552095611.449:41507): arch=40000028 syscall=322 per=8 success=no exit=-13 a0=ffffff9c a1=c4b42d27 a2=20000 a3=0 items=0 ppid=1027 pid=14836 auid=4294967295 uid=10572 gid=10572 euid=10572 suid=10572 fsuid=10572 egid=10572 sgid=10572 fsgid=10572 tty=(none) ses=4294967295 comm="Thread-2" exe="/system/bin/app_process32" subj=u:r:untrusted_app:s0:c512,c768 key=(null)
03-08 19:40:11.464  1004  1004 E audit   : type=1327 audit(1552095611.449:41507): proctitle="com.TeamNA.GiftGame"
03-08 19:40:11.559   732   881 I qti_sensors_hal: processReportInd: Accel - X: 0.077 Y: -0.359 Z: 9.705
03-08 19:40:11.560   732   881 I qti_sensors_hal: processReportInd: Gyro - X: -0.002 Y: 0.001 Z: 0.000 status: 3
03-08 19:40:11.639   732   881 I qti_sensors_hal: processReportInd: Cal Mag Filter, 0, 0, 0.000000, 0.000000, 0.000000, 0.000000, 0.000000, 0.000000, 15.774536, -25.720215, -52.748108
03-08 19:40:11.710   737  3710 E ANDR-PERF-MPCTL: poll() has timed out for /sys/module/msm_performance/events/cpu_hotplug
03-08 19:40:11.711   737  3710 E ANDR-PERF-MPCTL: Block on poll()
03-08 19:40:12.104  1004  1004 E audit   : type=1400 audit(1552095612.089:41513): avc:  denied  { read } for  pid=14836 comm="Thread-2" name="stat" dev="proc" ino=4026532368 scontext=u:r:untrusted_app:s0:c512,c768 tcontext=u:object_r:proc_stat:s0 tclass=file permissive=0 SEPF_SM-G930V_8.0.0_0016 audit_filtered
03-08 19:40:12.104  1004  1004 E audit   : type=1300 audit(1552095612.089:41513): arch=40000028 syscall=322 per=8 success=no exit=-13 a0=ffffff9c a1=c4b42d27 a2=20000 a3=0 items=0 ppid=1027 pid=14836 auid=4294967295 uid=10572 gid=10572 euid=10572 suid=10572 fsuid=10572 egid=10572 sgid=10572 fsgid=10572 tty=(none) ses=4294967295 comm="Thread-2" exe="/system/bin/app_process32" subj=u:r:untrusted_app:s0:c512,c768 key=(null)
03-08 19:40:12.104  1004  1004 E audit   : type=1327 audit(1552095612.089:41513): proctitle="com.TeamNA.GiftGame"
03-08 19:40:12.116 15041 15041 D SADVFSHelper: Either heavy-duty effect is Off or Music playback is not active
03-08 19:40:12.219  1004  1004 E audit   : type=1400 audit(1552095612.209:41514): avc:  denied  { read } for  pid=14836 comm="Thread-2" name="stat" dev="proc" ino=4026532368 scontext=u:r:untrusted_app:s0:c512,c768 tcontext=u:object_r:proc_stat:s0 tclass=file permissive=0 SEPF_SM-G930V_8.0.0_0016 audit_filtered
03-08 19:40:12.219  1004  1004 E audit   : type=1300 audit(1552095612.209:41514): arch=40000028 syscall=322 per=8 success=no exit=-13 a0=ffffff9c a1=c4b42d27 a2=20000 a3=0 items=0 ppid=1027 pid=14836 auid=4294967295 uid=10572 gid=10572 euid=10572 suid=10572 fsuid=10572 egid=10572 sgid=10572 fsgid=10572 tty=(none) ses=4294967295 comm="Thread-2" exe="/system/bin/app_process32" subj=u:r:untrusted_app:s0:c512,c768 key=(null)
03-08 19:40:12.219  1004  1004 E audit   : type=1327 audit(1552095612.209:41514): proctitle="com.TeamNA.GiftGame"
03-08 19:40:12.321  1004  1004 E audit   : type=1400 audit(1552095612.309:41515): avc:  denied  { read } for  pid=14836 comm="Thread-2" name="stat" dev="proc" ino=4026532368 scontext=u:r:untrusted_app:s0:c512,c768 tcontext=u:object_r:proc_stat:s0 tclass=file permissive=0 SEPF_SM-G930V_8.0.0_0016 audit_filtered
03-08 19:40:12.321  1004  1004 E audit   : type=1300 audit(1552095612.309:41515): arch=40000028 syscall=322 per=8 success=no exit=-13 a0=ffffff9c a1=c4b42d27 a2=20000 a3=0 items=0 ppid=1027 pid=14836 auid=4294967295 uid=10572 gid=10572 euid=10572 suid=10572 fsuid=10572 egid=10572 sgid=10572 fsgid=10572 tty=(none) ses=4294967295 comm="Thread-2" exe="/system/bin/app_process32" subj=u:r:untrusted_app:s0:c512,c768 key=(null)
03-08 19:40:12.321  1004  1004 E audit   : type=1327 audit(1552095612.309:41515): proctitle="com.TeamNA.GiftGame"
03-08 19:40:12.435  1004  1004 E audit   : type=1400 audit(1552095612.419:41516): avc:  denied  { read } for  pid=14836 comm="Thread-2" name="stat" dev="proc" ino=4026532368 scontext=u:r:untrusted_app:s0:c512,c768 tcontext=u:object_r:proc_stat:s0 tclass=file permissive=0 SEPF_SM-G930V_8.0.0_0016 audit_filtered
03-08 19:40:12.435  1004  1004 E audit   : type=1300 audit(1552095612.419:41516): arch=40000028 syscall=322 per=8 success=no exit=-13 a0=ffffff9c a1=c4b42d27 a2=20000 a3=0 items=0 ppid=1027 pid=14836 auid=4294967295 uid=10572 gid=10572 euid=10572 suid=10572 fsuid=10572 egid=10572 sgid=10572 fsgid=10572 tty=(none) ses=4294967295 comm="Thread-2" exe="/system/bin/app_process32" subj=u:r:untrusted_app:s0:c512,c768 key=(null)
03-08 19:40:12.435  1004  1004 E audit   : type=1327 audit(1552095612.419:41516): proctitle="com.TeamNA.GiftGame"
03-08 19:40:12.481  3136  3136 E adbd    : recv: OPEN 00001368 00000000 0010:73 68 65 6C 6C 2C 76 32 2C 72 61 77 3A 70 73 00 
03-08 19:40:12.482  3136  3136 E adbd    : service_to_fd: shell,v2,raw:ps
03-08 19:40:12.496 15077 15077 E propClient: PropClient failed to load
03-08 19:40:12.516 15077 15077 E propClient: PropClient failed to load
03-08 19:40:12.547  1004  1004 E audit   : type=1400 audit(1552095612.539:41517): avc:  denied  { read } for  pid=14836 comm="Thread-2" name="stat" dev="proc" ino=4026532368 scontext=u:r:untrusted_app:s0:c512,c768 tcontext=u:object_r:proc_stat:s0 tclass=file permissive=0 SEPF_SM-G930V_8.0.0_0016 audit_filtered
03-08 19:40:12.548  1004  1004 E audit   : type=1300 audit(1552095612.539:41517): arch=40000028 syscall=322 per=8 success=no exit=-13 a0=ffffff9c a1=c4b42d27 a2=20000 a3=0 items=0 ppid=1027 pid=14836 auid=4294967295 uid=10572 gid=10572 euid=10572 suid=10572 fsuid=10572 egid=10572 sgid=10572 fsgid=10572 tty=(none) ses=4294967295 comm="Thread-2" exe="/system/bin/app_process32" subj=u:r:untrusted_app:s0:c512,c768 key=(null)
03-08 19:40:12.549  1004  1004 E audit   : type=1327 audit(1552095612.539:41517): proctitle="com.TeamNA.GiftGame"
03-08 19:40:13.193  1004  1004 E audit   : type=1400 audit(1552095613.179:41523): avc:  denied  { read } for  pid=14836 comm="Thread-2" name="stat" dev="proc" ino=4026532368 scontext=u:r:untrusted_app:s0:c512,c768 tcontext=u:object_r:proc_stat:s0 tclass=file permissive=0 SEPF_SM-G930V_8.0.0_0016 audit_filtered
03-08 19:40:13.194  1004  1004 E audit   : type=1300 audit(1552095613.179:41523): arch=40000028 syscall=322 per=8 success=no exit=-13 a0=ffffff9c a1=c4b42d27 a2=20000 a3=0 items=0 ppid=1027 pid=14836 auid=4294967295 uid=10572 gid=10572 euid=10572 suid=10572 fsuid=10572 egid=10572 sgid=10572 fsgid=10572 tty=(none) ses=4294967295 comm="Thread-2" exe="/system/bin/app_process32" subj=u:r:untrusted_app:s0:c512,c768 key=(null)
03-08 19:40:13.194  1004  1004 E audit   : type=1327 audit(1552095613.179:41523): proctitle="com.TeamNA.GiftGame"
03-08 19:40:13.313  1004  1004 E audit   : type=1400 audit(1552095613.299:41524): avc:  denied  { read } for  pid=14836 comm="Thread-2" name="stat" dev="proc" ino=4026532368 scontext=u:r:untrusted_app:s0:c512,c768 tcontext=u:object_r:proc_stat:s0 tclass=file permissive=0 SEPF_SM-G930V_8.0.0_0016 audit_filtered
03-08 19:40:13.313  1004  1004 E audit   : type=1300 audit(1552095613.299:41524): arch=40000028 syscall=322 per=8 success=no exit=-13 a0=ffffff9c a1=c4b42d27 a2=20000 a3=0 items=0 ppid=1027 pid=14836 auid=4294967295 uid=10572 gid=10572 euid=10572 suid=10572 fsuid=10572 egid=10572 sgid=10572 fsgid=10572 tty=(none) ses=4294967295 comm="Thread-2" exe="/system/bin/app_process32" subj=u:r:untrusted_app:s0:c512,c768 key=(null)
03-08 19:40:13.313  1004  1004 E audit   : type=1327 audit(1552095613.299:41524): proctitle="com.TeamNA.GiftGame"
03-08 19:40:13.425  1004  1004 E audit   : type=1400 audit(1552095613.409:41525): avc:  denied  { read } for  pid=14836 comm="Thread-2" name="stat" dev="proc" ino=4026532368 scontext=u:r:untrusted_app:s0:c512,c768 tcontext=u:object_r:proc_stat:s0 tclass=file permissive=0 SEPF_SM-G930V_8.0.0_0016 audit_filtered
03-08 19:40:13.426  1004  1004 E audit   : type=1300 audit(1552095613.409:41525): arch=40000028 syscall=322 per=8 success=no exit=-13 a0=ffffff9c a1=c4b42d27 a2=20000 a3=0 items=0 ppid=1027 pid=14836 auid=4294967295 uid=10572 gid=10572 euid=10572 suid=10572 fsuid=10572 egid=10572 sgid=10572 fsgid=10572 tty=(none) ses=4294967295 comm="Thread-2" exe="/system/bin/app_process32" subj=u:r:untrusted_app:s0:c512,c768 key=(null)
03-08 19:40:13.426  1004  1004 E audit   : type=1327 audit(1552095613.409:41525): proctitle="com.TeamNA.GiftGame"
03-08 19:40:13.526  1004  1004 E audit   : type=1400 audit(1552095613.509:41526): avc:  denied  { read } for  pid=14836 comm="Thread-2" name="stat" dev="proc" ino=4026532368 scontext=u:r:untrusted_app:s0:c512,c768 tcontext=u:object_r:proc_stat:s0 tclass=file permissive=0 SEPF_SM-G930V_8.0.0_0016 audit_filtered
03-08 19:40:13.526  1004  1004 E audit   : type=1300 audit(1552095613.509:41526): arch=40000028 syscall=322 per=8 success=no exit=-13 a0=ffffff9c a1=c4b42d27 a2=20000 a3=0 items=0 ppid=1027 pid=14836 auid=4294967295 uid=10572 gid=10572 euid=10572 suid=10572 fsuid=10572 egid=10572 sgid=10572 fsgid=10572 tty=(none) ses=4294967295 comm="Thread-2" exe="/system/bin/app_process32" subj=u:r:untrusted_app:s0:c512,c768 key=(null)
03-08 19:40:13.527  1004  1004 E audit   : type=1327 audit(1552095613.509:41526): proctitle="com.TeamNA.GiftGame"
03-08 19:40:13.638  1004  1004 E audit   : type=1400 audit(1552095613.629:41527): avc:  denied  { read } for  pid=14836 comm="Thread-2" name="stat" dev="proc" ino=4026532368 scontext=u:r:untrusted_app:s0:c512,c768 tcontext=u:object_r:proc_stat:s0 tclass=file permissive=0 SEPF_SM-G930V_8.0.0_0016 audit_filtered
03-08 19:40:13.638  1004  1004 E audit   : type=1300 audit(1552095613.629:41527): arch=40000028 syscall=322 per=8 success=no exit=-13 a0=ffffff9c a1=c4b42d27 a2=20000 a3=0 items=0 ppid=1027 pid=14836 auid=4294967295 uid=10572 gid=10572 euid=10572 suid=10572 fsuid=10572 egid=10572 sgid=10572 fsgid=10572 tty=(none) ses=4294967295 comm="Thread-2" exe="/system/bin/app_process32" subj=u:r:untrusted_app:s0:c512,c768 key=(null)
03-08 19:40:13.638  1004  1004 E audit   : type=1327 audit(1552095613.629:41527): proctitle="com.TeamNA.GiftGame"
03-08 19:40:13.685 14061 14125 I ReschedulableTimer: [#CMH#] ReschedulableTimer started 
03-08 19:40:13.763  1865  2468 D SamsungAlarmManager: Expired : 8
03-08 19:40:13.763  1865  2468 V SamsungAlarmManager: Sending to uid : 10068 action=null alarm=Alarm{e2b8a58 type 3 when 1156315922 com.asurion.android.verizon.vms}
03-08 19:40:13.788  1865  3448 D SamsungAlarmManager: setExact Intent (T:3/F:5/AC:false) 20190308T194018 - CU:10068/CP:4132
03-08 19:40:13.828  3136  3136 E adbd    : recv: OPEN 0000136c 00000000 0010:73 68 65 6C 6C 2C 76 32 2C 72 61 77 3A 70 73 00 
03-08 19:40:13.828  3136  3136 E adbd    : service_to_fd: shell,v2,raw:ps
03-08 19:40:13.845 15080 15080 E propClient: PropClient failed to load
03-08 19:40:13.869  1865  3213 E Watchdog: !@Sync 9515 [2019-03-08 19:40:13.869]
03-08 19:40:13.861 15080 15080 E propClient: PropClient failed to load
03-08 19:40:14.221 14571 14590 D ContactsProvider_EventLog: contents_sample_state: [CONTACT contacts(27) data(68) accounts({vnd.sec.contact.phone (1)=27}) accounts deleted({}) calls([logtype:100 cnt:69, logtype:200 cnt:98, logtype:300 cnt:402]) countryIso(US) userId(0)  ]

03-08 19:40:14.221 14571 14590 D ContactsProvider_EventLog: contents_sample_state: [ agr({[1]=27})  ]

03-08 19:40:14.221 14571 14590 D ContactsProvider_EventLog: contents_sample_state: [ actCnt({android.process.acore(14571)=4})  ]

03-08 19:40:14.221 14571 14590 D ContactsProvider_EventLog: contents_sample_state: [PROFILE contacts(1) data(2) accounts({vnd.sec.contact.phone (1)=1})  ]

03-08 19:40:14.221 14571 14590 D ContactsProvider_EventLog: contents_sample_state: [SAPROFILE contacts(1) data(5) accounts({vnd.sec.contact.phone (1)=1})  ]
03-08 19:40:14.227 14571 14590 E ContactsProvider_EventLog: Flush buffer to file cnt : 1 size : 1Kb duration : 2ms lastUpdatedAfter : 39544 ms mFlush_time_threasold : 2000 mCurrentSize : 563
03-08 19:40:14.306  1004  1004 E audit   : type=1400 audit(1552095614.289:41533): avc:  denied  { read } for  pid=14836 comm="Thread-2" name="stat" dev="proc" ino=4026532368 scontext=u:r:untrusted_app:s0:c512,c768 tcontext=u:object_r:proc_stat:s0 tclass=file permissive=0 SEPF_SM-G930V_8.0.0_0016 audit_filtered
03-08 19:40:14.307  1004  1004 E audit   : type=1300 audit(1552095614.289:41533): arch=40000028 syscall=322 per=8 success=no exit=-13 a0=ffffff9c a1=c4b42d27 a2=20000 a3=0 items=0 ppid=1027 pid=14836 auid=4294967295 uid=10572 gid=10572 euid=10572 suid=10572 fsuid=10572 egid=10572 sgid=10572 fsgid=10572 tty=(none) ses=4294967295 comm="Thread-2" exe="/system/bin/app_process32" subj=u:r:untrusted_app:s0:c512,c768 key=(null)
03-08 19:40:14.307  1004  1004 E audit   : type=1327 audit(1552095614.289:41533): proctitle="com.TeamNA.GiftGame"
03-08 19:40:14.360  3522  3522 D io_stats: !@   8,0 r 6417404 236586036 w 2821143 56744912 d 225246 25999824 f 1099386 1101307 iot 5213480 3133260 th 51200 0 0 pt 0 inp 0 0 285775.503
03-08 19:40:14.390  1865  1865 D TelephonyManager: getCellLocation : Caller (PID / UID / TID): 1865 / 1000 / 1865
03-08 19:40:14.396  3108  3336 D NetworkController.MobileSignalController(0/1): onSignalStrengthsChanged signalStrength=SignalStrength: 99 99 -120 -160 -120 -1 -1 24 -95 -10 30 2147483647 0 2147483647 0x4000 P gsm|lte level=4
03-08 19:40:14.400  3108  3336 D NetworkController.MobileSignalController(0/1): getMobileIconGroup(): 13
03-08 19:40:14.400  3108  3336 D NetworkController.MobileSignalController(0/1): updateVZWMobileIconGroup(): 13
03-08 19:40:14.407  3410  3873 D EPDG -- SIM0 [SMARTWIFI]: onSignalStrengthsChanged: Received signal strength change, phone type is: 2
03-08 19:40:14.409  3410  5492 D EPDG -- SIM0 [SMARTWIFI]: lastLteRSRP is -95currentLteRSRP is -95
03-08 19:40:14.409  3410  5492 D EPDG -- SIM0 [SMARTWIFI]: lastLteRSRQ is -10currentLteRSRQ is -10
03-08 19:40:14.409  3410  5492 D EPDG -- SIM0 [SMARTWIFI]: lastCdmaDb is -16currentCdmaDb is -16
03-08 19:40:14.409  3410  5492 V EPDG -- SIM0 [SMARTWIFI]: Radio oldest entry removed
03-08 19:40:14.409  3410  5492 V EPDG -- SIM0 [SMARTWIFI]: New entry : (SignalStrength: 99 99 -120 -160 -120 -1 -1 24 -95 -10 30 2147483647 0 2147483647 0x4000 P gsm|lte : 0 )
03-08 19:40:14.409  3410  5492 V EPDG -- SIM0 [SMARTWIFI]: Radio entry added
03-08 19:40:14.415  1004  1004 E audit   : type=1400 audit(1552095614.399:41534): avc:  denied  { read } for  pid=14836 comm="Thread-2" name="stat" dev="proc" ino=4026532368 scontext=u:r:untrusted_app:s0:c512,c768 tcontext=u:object_r:proc_stat:s0 tclass=file permissive=0 SEPF_SM-G930V_8.0.0_0016 audit_filtered
03-08 19:40:14.415  1004  1004 E audit   : type=1300 audit(1552095614.399:41534): arch=40000028 syscall=322 per=8 success=no exit=-13 a0=ffffff9c a1=c4b42d27 a2=20000 a3=0 items=0 ppid=1027 pid=14836 auid=4294967295 uid=10572 gid=10572 euid=10572 suid=10572 fsuid=10572 egid=10572 sgid=10572 fsgid=10572 tty=(none) ses=4294967295 comm="Thread-2" exe="/system/bin/app_process32" subj=u:r:untrusted_app:s0:c512,c768 key=(null)
03-08 19:40:14.415  1004  1004 E audit   : type=1327 audit(1552095614.399:41534): proctitle="com.TeamNA.GiftGame"
03-08 19:40:14.420  3108  3336 D NetworkController.MobileSignalController(0/1): callState:0, callStateByPhone:false voLTECall:false voiceNetTpe:13 dataNetType:13, ine911:false, emergencyCallbackMode:false
03-08 19:40:14.527  1004  1004 E audit   : type=1400 audit(1552095614.509:41535): avc:  denied  { read } for  pid=14836 comm="Thread-2" name="stat" dev="proc" ino=4026532368 scontext=u:r:untrusted_app:s0:c512,c768 tcontext=u:object_r:proc_stat:s0 tclass=file permissive=0 SEPF_SM-G930V_8.0.0_0016 audit_filtered
03-08 19:40:14.527  1004  1004 E audit   : type=1300 audit(1552095614.509:41535): arch=40000028 syscall=322 per=8 success=no exit=-13 a0=ffffff9c a1=c4b42d27 a2=20000 a3=0 items=0 ppid=1027 pid=14836 auid=4294967295 uid=10572 gid=10572 euid=10572 suid=10572 fsuid=10572 egid=10572 sgid=10572 fsgid=10572 tty=(none) ses=4294967295 comm="Thread-2" exe="/system/bin/app_process32" subj=u:r:untrusted_app:s0:c512,c768 key=(null)
03-08 19:40:14.527  1004  1004 E audit   : type=1327 audit(1552095614.509:41535): proctitle="com.TeamNA.GiftGame"
03-08 19:40:14.541  1865  2511 D InputReader: Input event(6): value=1 when=285775684418000
03-08 19:40:14.541  1865  2511 D InputReader: Input event(6): value=1 when=285775684418000
03-08 19:40:14.541  1865  2511 I InputReader: Touch event's action is 0x0 (deviceType=0) [pCnt=1, s=0.26983 ] when=285775684418000
03-08 19:40:14.542  1865  2510 I InputDispatcher: Delivering touch to (14836): action: 0x0, toolType: 1
03-08 19:40:14.546   726   726 D SEC LightsHAL: button : 1 +
03-08 19:40:14.560 14836 14902 V threaded_app: New input event: type=2
03-08 19:40:14.561 14836 14836 D ViewRootImpl@f1c9a4b[GameActivity]: ViewPostIme pointer 0
03-08 19:40:14.566 14836 14901 D UE4     : [2019.03.09-01.40.14:566][269]LogSlate: FSceneViewport::OnFocusLost() reason 0
03-08 19:40:14.576   726   726 D SEC LightsHAL: button : 1 -
03-08 19:40:14.593 14836 14902 V threaded_app: New input event: type=2
03-08 19:40:14.610 14836 14902 V threaded_app: New input event: type=2
03-08 19:40:14.616  1865  2511 D InputReader: Input event(6): value=0 when=285775759169000
03-08 19:40:14.616  1865  2511 D InputReader: Input event(6): value=0 when=285775759169000
03-08 19:40:14.616  1865  2511 I InputReader: Touch event's action is 0x1 (deviceType=0) [pCnt=1, s=] when=285775759169000
03-08 19:40:14.617  1865  2510 I InputDispatcher: Delivering touch to (14836): action: 0x1, toolType: 1
03-08 19:40:14.621 14836 14902 V threaded_app: New input event: type=2
03-08 19:40:14.621 14836 14836 D ViewRootImpl@f1c9a4b[GameActivity]: ViewPostIme pointer 1
03-08 19:40:14.644  1004  1004 E audit   : type=1400 audit(1552095614.629:41536): avc:  denied  { read } for  pid=14836 comm="Thread-2" name="stat" dev="proc" ino=4026532368 scontext=u:r:untrusted_app:s0:c512,c768 tcontext=u:object_r:proc_stat:s0 tclass=file permissive=0 SEPF_SM-G930V_8.0.0_0016 audit_filtered
03-08 19:40:14.644  1004  1004 E audit   : type=1300 audit(1552095614.629:41536): arch=40000028 syscall=322 per=8 success=no exit=-13 a0=ffffff9c a1=c4b42d27 a2=20000 a3=0 items=0 ppid=1027 pid=14836 auid=4294967295 uid=10572 gid=10572 euid=10572 suid=10572 fsuid=10572 egid=10572 sgid=10572 fsgid=10572 tty=(none) ses=4294967295 comm="Thread-2" exe="/system/bin/app_process32" subj=u:r:untrusted_app:s0:c512,c768 key=(null)
03-08 19:40:14.644  1004  1004 E audit   : type=1327 audit(1552095614.629:41536): proctitle="com.TeamNA.GiftGame"
03-08 19:40:14.714   737  3710 E ANDR-PERF-MPCTL: poll() has timed out for /sys/module/msm_performance/events/cpu_hotplug
03-08 19:40:14.715   737  3710 E ANDR-PERF-MPCTL: Block on poll()
03-08 19:40:14.747  1004  1004 E audit   : type=1400 audit(1552095614.739:41537): avc:  denied  { read } for  pid=14836 comm="Thread-2" name="stat" dev="proc" ino=4026532368 scontext=u:r:untrusted_app:s0:c512,c768 tcontext=u:object_r:proc_stat:s0 tclass=file permissive=0 SEPF_SM-G930V_8.0.0_0016 audit_filtered
03-08 19:40:14.747  1004  1004 E audit   : type=1300 audit(1552095614.739:41537): arch=40000028 syscall=322 per=8 success=no exit=-13 a0=ffffff9c a1=c4b42d27 a2=20000 a3=0 items=0 ppid=1027 pid=14836 auid=4294967295 uid=10572 gid=10572 euid=10572 suid=10572 fsuid=10572 egid=10572 sgid=10572 fsgid=10572 tty=(none) ses=4294967295 comm="Thread-2" exe="/system/bin/app_process32" subj=u:r:untrusted_app:s0:c512,c768 key=(null)
03-08 19:40:14.747  1004  1004 E audit   : type=1327 audit(1552095614.739:41537): proctitle="com.TeamNA.GiftGame"
03-08 19:40:14.784  1865  2468 D SamsungAlarmManager: Expired : 4
03-08 19:40:14.788  1865  2468 D SamsungAlarmManager: setInexact Intent (T:2/F:0/AC:false) 20190308T195447 - CU:1000/CP:1865
03-08 19:40:14.788  1865  2468 I SamsungAlarmManager: setLocked to kernel - T:2 / 20190308T194119, SetElapsed=1156381447, nowELAPSED=1156316947
03-08 19:40:14.789  1865  2468 I SamsungAlarmManager: setLocked to kernel - T:3 / 20190308T194018, SetElapsed=1156320942, nowELAPSED=1156316948
03-08 19:40:14.790  1865  2468 D SamsungAlarmManager: setInexact Intent (T:1/F:0/AC:false) 20190308T194203 - CU:1000/CP:1865
03-08 19:40:14.793  1865  2468 D SamsungAlarmManager: setInexact Intent (T:2/F:0/AC:false) 20190308T195003 - CU:1000/CP:1865
03-08 19:40:14.794  1865  2468 V SamsungAlarmManager: Sending to uid : 10027 action=KeepaliveManager.ACTION_INEXACT_ALARM.MqttSimpleClient.com.instagram.android alarm=Alarm{a0c496 type 2 when 1156289826 com.instagram.android}
03-08 19:40:14.798  1865  2468 V SamsungAlarmManager: Sending to uid : 10016 action=com.google.android.location.reporting.collectors.ULR_BAROMETER_READ_ALARM alarm=Alarm{25d9817 type 1 when 1552095603277 com.google.android.gms}
03-08 19:40:14.801  1865  2468 V SamsungAlarmManager: Sending to uid : 10016 action=com.google.android.location.reporting.collectors.ble.ULR_BLE_SCAN_ALARM alarm=Alarm{64b4ded type 2 when 1156306034 com.google.android.gms}
03-08 19:40:14.805  1865  2468 V SamsungAlarmManager: Sending to uid : 10016 action=null alarm=Alarm{21c9422 type 3 when 1156316943 com.google.android.gms}
03-08 19:40:14.805  1865  2468 V SamsungAlarmManager: Sending to uid : 1001 action=com.android.internal.telephony.data-stall alarm=Alarm{f999eb3 type 3 when 1156300651 com.android.phone}
03-08 19:40:14.806  1865  2468 V SamsungAlarmManager: Sending to uid : 10066 action=com.samsung.action.EVERY_MINUTE_CLOCK_UPDATE alarm=Alarm{4354c70 type 1 when 1552095600000 com.sec.android.app.launcher}
03-08 19:40:14.806  1865  3448 I SensorService: createSensorEventConnection package name com.google.android.location.reporting.collectors.BarometerReporter$BarometerWatcher
03-08 19:40:14.809  1865  3448 D SensorService: Calling batch handle==9 flags=0 rate=38461000 timeout== 0
03-08 19:40:14.811   732   732 I qti_sensors_hal: batch:sensor(android.sensor.pressure) handle:4 flags:0x0 period_ns 38461000
03-08 19:40:14.811   732   732 I qti_sensors_hal: batch: current sample rate, report rate & buffering are equal to requested (26.000000,0.000000,0)
03-08 19:40:14.814   732   732 I qti_sensors_hal: read_pressure_cal cal data - 260
03-08 19:40:14.814   732   732 I qti_sensors_hal: enable: pressure_cal = 2.600000
03-08 19:40:14.814   732   732 I qti_sensors_hal: SMGRReportAdd:sensor(android.sensor.pressure) handle=4, sample_rate=26.000000 report_rate=0 buffer=0
03-08 19:40:14.817  3788  3788 D SensorManager: registerListener :: 9, BMP280 Barometer, 0, 0,  
03-08 19:40:14.830  3788 30357 I GCoreUlr: Starting BLE scan: mode: 2
03-08 19:40:14.831  3788  3788 I BeaconBle: Client requested scan, settings=BleSettings [scanMode=LOW_LATENCY, callbackType=ALL_MATCHES, reportDelayMillis=0, 2 filters, 0 clients, callingClientName=ULR]
03-08 19:40:14.857  1865 10181 D ConnectivityService: filterNetworkStateForUid() uid: 10016 networkInfo: [type: WIFI[] - WIFI, state: CONNECTED/CONNECTED, reason: (unspecified), extra: "AsimovWasRight", failover: false, available: true, roaming: false, metered: false]
03-08 19:40:14.869  3788  3788 I BeaconBle: 'L' hardware scan: 2 filters, scanMode=2, reportdelay=0, callback type=1, #clients=1, workSource=WorkSource{}
03-08 19:40:14.872  3788  3788 I BeaconBle: Starting scan on OS scanner. BT state: 15
03-08 19:40:14.873  3788  3788 D BluetoothAdapter: STATE_BLE_ON
03-08 19:40:14.874  3788  3788 D BluetoothAdapter: appoCount is = 1
03-08 19:40:14.875  3788  3788 D BluetoothAdapter: STATE_BLE_ON
03-08 19:40:14.879  3788  3788 I chatty  : uid=10016(u0_a16) com.google.android.gms.persistent identical 1 line
03-08 19:40:14.880  3788  3788 D BluetoothAdapter: STATE_BLE_ON
03-08 19:40:14.881  3788  3788 D BluetoothAdapter: appoCount is = 1
03-08 19:40:14.882  3788  3788 D BluetoothLeScanner: Start Scan with callback
03-08 19:40:14.886  3788  3808 D BluetoothLeScanner: onScannerRegistered() - status=0 scannerId=4 mScannerId=0
03-08 19:40:14.887   732   881 I qti_sensors_hal: processReportInd: Pressure - 948.370
03-08 19:40:14.890  6262  6279 D BluetoothAdapter: STATE_BLE_ON
03-08 19:40:14.892  6262  6279 D BluetoothAdapter: appoCount is = 1
03-08 19:40:14.898  6262  6408 D BluetoothAdapter: STATE_BLE_ON
03-08 19:40:14.899  6262  6408 D BluetoothAdapter: STATE_BLE_ON
03-08 19:40:14.899  1865  3448 D SensorService: Calling activate off 9
03-08 19:40:14.899  6262  6408 D BluetoothAdapter: appoCount is = 1
03-08 19:40:14.901  3788  3788 D SensorManager: unregisterListener ::   
03-08 19:40:14.901  6262  6411 E BtGatt.GattService: [GSIM LOG]: gsimLogHandler, msg: MESSAGE_SCAN_START, appName: com.google.uid.shared, scannerId: 4, reportDelayMillis=0
03-08 19:40:14.905  6262  6408 D BluetoothAdapter: STATE_BLE_ON
03-08 19:40:14.907  6262  6408 D BluetoothAdapter: STATE_BLE_ON
03-08 19:40:14.908  6262  6408 D BluetoothAdapter: appoCount is = 1
03-08 19:40:14.911  6262  6408 D BluetoothAdapter: STATE_BLE_ON
03-08 19:40:14.923  6262  6408 D BluetoothAdapter: STATE_BLE_ON
03-08 19:40:14.924  4078  4078 I Launcher: onReceive: com.samsung.action.EVERY_MINUTE_CLOCK_UPDATE
03-08 19:40:14.928  6262  6408 D BluetoothAdapter: appoCount is = 1
03-08 19:40:14.929  1865  3448 D SamsungAlarmManager: setInexact Intent (T:1/F:0/AC:false) 20190308T194100 - CU:10066/CP:4078
03-08 19:40:14.937  3788  4478 E rs$DefaultThreadFactory: ===== Detect pool-thread leak =====
03-08 19:40:14.938  1865 10181 D SamsungAlarmManager: setInexact Intent (T:3/F:8/AC:false) 20190308T194114 - CU:1001/CP:3404
03-08 19:40:14.945  6262  6408 D BtGatt.ScanManager: configureFilterParamter() : onFoundTimeout | onLostTimeout | onFoundCount | numOfTrackingEntries | scanFilterRssiThreshold | trackableScanFilterRssiThreshold | matchMode
03-08 19:40:14.945  6262  6408 D BtGatt.ScanManager: configureFilterParamter() : __________500__|________10000__|___________1__|___________________0__|___________________-128__|____________________________-128__|________1_
03-08 19:40:14.949  6262  6408 D BtGatt.ScanManager: configureFilterParamter() : onFoundTimeout | onLostTimeout | onFoundCount | numOfTrackingEntries | scanFilterRssiThreshold | trackableScanFilterRssiThreshold | matchMode
03-08 19:40:14.949  6262  6408 D BtGatt.ScanManager: configureFilterParamter() : __________500__|________10000__|___________1__|___________________0__|___________________-128__|____________________________-128__|________1_
03-08 19:40:14.953  6262  6448 W bt_btm  : btm_ble_enable_resolving_list() rl_state = 0x19, rl_mask = 0x2
03-08 19:40:14.953  6262  6408 D BluetoothAdapter: STATE_BLE_ON
03-08 19:40:14.954  3788  4478 E rs$DefaultThreadFactory: dalvik.system.VMStack.getThreadStackTrace(Native Method)
03-08 19:40:14.954  3788  4478 E rs$DefaultThreadFactory: java.lang.Thread.getStackTrace(Thread.java:1536)
03-08 19:40:14.954  3788  4478 E rs$DefaultThreadFactory: java.util.concurrent.Executors$DefaultThreadFactory.newThread(Executors.java:568)
03-08 19:40:14.954  3788  4478 E rs$DefaultThreadFactory: rxn.newThread(Unknown Source:9)
03-08 19:40:14.954  3788  4478 E rs$DefaultThreadFactory: java.util.concurrent.ThreadPoolExecutor$Worker.<init>(ThreadPoolExecutor.java:631)
03-08 19:40:14.954  6262  6408 D BluetoothAdapter: STATE_BLE_ON
03-08 19:40:14.954  3788  4478 E rs$DefaultThreadFactory: java.util.concurrent.ThreadPoolExecutor.addWorker(ThreadPoolExecutor.java:945)
03-08 19:40:14.954  3788  4478 E rs$DefaultThreadFactory: java.util.concurrent.ThreadPoolExecutor.execute(ThreadPoolExecutor.java:1388)
03-08 19:40:14.954  3788  4478 E rs$DefaultThreadFactory: rrk.execute(:com.google.android.gms@15090019@15.0.90 (040400-231259764):14)
03-08 19:40:14.954  3788  4478 E rs$DefaultThreadFactory: rel.a(:com.google.android.gms@15090019@15.0.90 (040400-231259764):2)
03-08 19:40:14.954  3788  4478 E rs$DefaultThreadFactory: ray.a(:com.google.android.gms@15090019@15.0.90 (040400-231259764):31)
03-08 19:40:14.954  3788  4478 E rs$DefaultThreadFactory: rbg.a(:com.google.android.gms@15090019@15.0.90 (040400-231259764):106)
03-08 19:40:14.954  3788  4478 E rs$DefaultThreadFactory: qod.a(:com.google.android.gms@15090019@15.0.90 (040400-231259764):10)
03-08 19:40:14.954  3788  4478 E rs$DefaultThreadFactory: qoh.run(:com.google.android.gms@15090019@15.0.90 (040400-231259764):5)
03-08 19:40:14.954  3788  4478 E rs$DefaultThreadFactory: java.util.concurrent.Executors$RunnableAdapter.call(Executors.java:458)
03-08 19:40:14.954  3788  4478 E rs$DefaultThreadFactory: java.util.concurrent.FutureTask.run(FutureTask.java:266)
03-08 19:40:14.954  3788  4478 E rs$DefaultThreadFactory: rrm.run(:com.google.android.gms@15090019@15.0.90 (040400-231259764):21)
03-08 19:40:14.954  3788  4478 E rs$DefaultThreadFactory: java.util.concurrent.ThreadPoolExecutor.runWorker(ThreadPoolExecutor.java:1162)
03-08 19:40:14.954  6262  6408 D BluetoothAdapter: appoCount is = 1
03-08 19:40:14.954  3788  4478 E rs$DefaultThreadFactory: java.util.concurrent.ThreadPoolExecutor$Worker.run(ThreadPoolExecutor.java:636)
03-08 19:40:14.954  3788  4478 E rs$DefaultThreadFactory: rxo.run(Unknown Source:7)
03-08 19:40:14.955  3788  4478 E rs$DefaultThreadFactory: java.lang.Thread.run(Thread.java:764)
03-08 19:40:14.955  6262  6408 D BluetoothAdapter: STATE_BLE_ON
03-08 19:40:14.956  6262  6408 D BluetoothAdapter: STATE_BLE_ON
03-08 19:40:14.957  6262  6408 D BluetoothAdapter: appoCount is = 1
03-08 19:40:14.958  6262  6408 D BtGatt.ScanManager: configureRegularScanParams() scan param set to 8000 / 8000 (units)
03-08 19:40:14.958  6262  6448 W bt_btm  : btm_ble_disable_resolving_list() rl_state = 0x1b, rl_mask = 0x2, to_resume = 1
03-08 19:40:14.958  6262  6448 W bt_btm  : btm_ble_enable_resolving_list() rl_state = 0x19, rl_mask = 0x2
03-08 19:40:15.087  1865  3458 D SamsungAlarmManager: setInexact Intent (T:3/F:0/AC:false) 20190308T194115 - CU:10016/CP:3788
03-08 19:40:15.161  3136  3136 E adbd    : recv: OPEN 00001370 00000000 0010:73 68 65 6C 6C 2C 76 32 2C 72 61 77 3A 70 73 00 
03-08 19:40:15.161  3136  3136 E adbd    : service_to_fd: shell,v2,raw:ps
03-08 19:40:15.170 15088 15088 E propClient: PropClient failed to load
03-08 19:40:15.183 15088 15088 E propClient: PropClient failed to load
03-08 19:40:15.402  1004  1004 E audit   : type=1400 audit(1552095615.389:41543): avc:  denied  { read } for  pid=14836 comm="Thread-2" name="stat" dev="proc" ino=4026532368 scontext=u:r:untrusted_app:s0:c512,c768 tcontext=u:object_r:proc_stat:s0 tclass=file permissive=0 SEPF_SM-G930V_8.0.0_0016 audit_filtered
03-08 19:40:15.403  1004  1004 E audit   : type=1300 audit(1552095615.389:41543): arch=40000028 syscall=322 per=8 success=no exit=-13 a0=ffffff9c a1=c4b42d27 a2=20000 a3=0 items=0 ppid=1027 pid=14836 auid=4294967295 uid=10572 gid=10572 euid=10572 suid=10572 fsuid=10572 egid=10572 sgid=10572 fsgid=10572 tty=(none) ses=4294967295 comm="Thread-2" exe="/system/bin/app_process32" subj=u:r:untrusted_app:s0:c512,c768 key=(null)
03-08 19:40:15.403  1004  1004 E audit   : type=1327 audit(1552095615.389:41543): proctitle="com.TeamNA.GiftGame"
03-08 19:40:15.518  1004  1004 E audit   : type=1400 audit(1552095615.509:41544): avc:  denied  { read } for  pid=14836 comm="Thread-2" name="stat" dev="proc" ino=4026532368 scontext=u:r:untrusted_app:s0:c512,c768 tcontext=u:object_r:proc_stat:s0 tclass=file permissive=0 SEPF_SM-G930V_8.0.0_0016 audit_filtered
03-08 19:40:15.518  1004  1004 E audit   : type=1300 audit(1552095615.509:41544): arch=40000028 syscall=322 per=8 success=no exit=-13 a0=ffffff9c a1=c4b42d27 a2=20000 a3=0 items=0 ppid=1027 pid=14836 auid=4294967295 uid=10572 gid=10572 euid=10572 suid=10572 fsuid=10572 egid=10572 sgid=10572 fsgid=10572 tty=(none) ses=4294967295 comm="Thread-2" exe="/system/bin/app_process32" subj=u:r:untrusted_app:s0:c512,c768 key=(null)
03-08 19:40:15.518  1004  1004 E audit   : type=1327 audit(1552095615.509:41544): proctitle="com.TeamNA.GiftGame"
03-08 19:40:15.521  1865  2511 D InputReader: Input event(6): value=1 when=285776665241000
03-08 19:40:15.522  1865  2511 D InputReader: Input event(6): value=1 when=285776665241000
03-08 19:40:15.522  1865  2511 I InputReader: Touch event's action is 0x0 (deviceType=0) [pCnt=1, s=0.26984 ] when=285776665241000
03-08 19:40:15.522  1865  2510 I InputDispatcher: Delivering touch to (14836): action: 0x0, toolType: 1
03-08 19:40:15.524 14836 14902 V threaded_app: New input event: type=2
03-08 19:40:15.532 14836 14836 D ViewRootImpl@f1c9a4b[GameActivity]: ViewPostIme pointer 0
03-08 19:40:15.564 14836 14902 V threaded_app: New input event: type=2
03-08 19:40:15.596 14836 14902 I chatty  : uid=10572(u0_a572) identical 2 lines
03-08 19:40:15.615 14836 14902 V threaded_app: New input event: type=2
03-08 19:40:15.628  1004  1004 E audit   : type=1400 audit(1552095615.619:41545): avc:  denied  { read } for  pid=14836 comm="Thread-2" name="stat" dev="proc" ino=4026532368 scontext=u:r:untrusted_app:s0:c512,c768 tcontext=u:object_r:proc_stat:s0 tclass=file permissive=0 SEPF_SM-G930V_8.0.0_0016 audit_filtered
03-08 19:40:15.628  1004  1004 E audit   : type=1300 audit(1552095615.619:41545): arch=40000028 syscall=322 per=8 success=no exit=-13 a0=ffffff9c a1=c4b42d27 a2=20000 a3=0 items=0 ppid=1027 pid=14836 auid=4294967295 uid=10572 gid=10572 euid=10572 suid=10572 fsuid=10572 egid=10572 sgid=10572 fsgid=10572 tty=(none) ses=4294967295 comm="Thread-2" exe="/system/bin/app_process32" subj=u:r:untrusted_app:s0:c512,c768 key=(null)
03-08 19:40:15.628  1004  1004 E audit   : type=1327 audit(1552095615.619:41545): proctitle="com.TeamNA.GiftGame"
03-08 19:40:15.629 14836 14902 V threaded_app: New input event: type=2
03-08 19:40:15.712 14836 14902 I chatty  : uid=10572(u0_a572) identical 5 lines
03-08 19:40:15.729 14836 14902 V threaded_app: New input event: type=2
03-08 19:40:15.742  1004  1004 E audit   : type=1400 audit(1552095615.729:41546): avc:  denied  { read } for  pid=14836 comm="Thread-2" name="stat" dev="proc" ino=4026532368 scontext=u:r:untrusted_app:s0:c512,c768 tcontext=u:object_r:proc_stat:s0 tclass=file permissive=0 SEPF_SM-G930V_8.0.0_0016 audit_filtered
03-08 19:40:15.742  1004  1004 E audit   : type=1300 audit(1552095615.729:41546): arch=40000028 syscall=322 per=8 success=no exit=-13 a0=ffffff9c a1=c4b42d27 a2=20000 a3=0 items=0 ppid=1027 pid=14836 auid=4294967295 uid=10572 gid=10572 euid=10572 suid=10572 fsuid=10572 egid=10572 sgid=10572 fsgid=10572 tty=(none) ses=4294967295 comm="Thread-2" exe="/system/bin/app_process32" subj=u:r:untrusted_app:s0:c512,c768 key=(null)
03-08 19:40:15.742  1004  1004 E audit   : type=1327 audit(1552095615.729:41546): proctitle="com.TeamNA.GiftGame"
03-08 19:40:15.745 14836 14902 V threaded_app: New input event: type=2
03-08 19:40:15.814 14836 14902 I chatty  : uid=10572(u0_a572) identical 4 lines
03-08 19:40:15.828 14836 14902 V threaded_app: New input event: type=2
03-08 19:40:15.843  1004  1004 E audit   : type=1400 audit(1552095615.829:41547): avc:  denied  { read } for  pid=14836 comm="Thread-2" name="stat" dev="proc" ino=4026532368 scontext=u:r:untrusted_app:s0:c512,c768 tcontext=u:object_r:proc_stat:s0 tclass=file permissive=0 SEPF_SM-G930V_8.0.0_0016 audit_filtered
03-08 19:40:15.843  1004  1004 E audit   : type=1300 audit(1552095615.829:41547): arch=40000028 syscall=322 per=8 success=no exit=-13 a0=ffffff9c a1=c4b42d27 a2=20000 a3=0 items=0 ppid=1027 pid=14836 auid=4294967295 uid=10572 gid=10572 euid=10572 suid=10572 fsuid=10572 egid=10572 sgid=10572 fsgid=10572 tty=(none) ses=4294967295 comm="Thread-2" exe="/system/bin/app_process32" subj=u:r:untrusted_app:s0:c512,c768 key=(null)
03-08 19:40:15.843  1004  1004 E audit   : type=1327 audit(1552095615.829:41547): proctitle="com.TeamNA.GiftGame"
03-08 19:40:15.845 14836 14902 V threaded_app: New input event: type=2
03-08 19:40:15.979 14836 14902 I chatty  : uid=10572(u0_a572) identical 8 lines
03-08 19:40:15.997 14836 14902 V threaded_app: New input event: type=2
03-08 19:40:15.998 14836 14841 I zygote  : Do partial code cache collection, code=29KB, data=30KB
03-08 19:40:15.998 14836 14841 I zygote  : After code cache collection, code=29KB, data=30KB
03-08 19:40:15.998 14836 14841 I zygote  : Increasing code cache capacity to 128KB
03-08 19:40:16.013 14836 14902 V threaded_app: New input event: type=2
03-08 19:40:16.146 14836 14902 I chatty  : uid=10572(u0_a572) identical 8 lines
03-08 19:40:16.164 14836 14902 V threaded_app: New input event: type=2
03-08 19:40:16.175  1865  2511 D InputReader: Input event(6): value=0 when=285777319212000
03-08 19:40:16.175  1865  2511 D InputReader: Input event(6): value=0 when=285777319212000
03-08 19:40:16.176  1865  2511 I InputReader: Touch event's action is 0x1 (deviceType=0) [pCnt=1, s=] when=285777319212000
03-08 19:40:16.176  1865  2510 I InputDispatcher: Delivering touch to (14836): action: 0x1, toolType: 1
03-08 19:40:16.176 14836 14902 V threaded_app: New input event: type=2
03-08 19:40:16.177 14836 14902 V threaded_app: New input event: type=2
03-08 19:40:16.178 14836 14836 D ViewRootImpl@f1c9a4b[GameActivity]: ViewPostIme pointer 1
03-08 19:40:16.180  1865  9170 D CustomFrequencyManagerService: acquireDVFSLockLocked : type : DVFS_MIN_LIMIT  frequency : 883200  uid : 1000  pid : 1865  pkgName : GESTURE_DETECTED@CPU_MIN@86
03-08 19:40:16.476  1004  1004 E audit   : type=1400 audit(1552095616.459:41553): avc:  denied  { read } for  pid=14836 comm="Thread-2" name="stat" dev="proc" ino=4026532368 scontext=u:r:untrusted_app:s0:c512,c768 tcontext=u:object_r:proc_stat:s0 tclass=file permissive=0 SEPF_SM-G930V_8.0.0_0016 audit_filtered
