03-08 20:01:38.118  3378  4902 D ForegroundUtils: could not check pending caller
03-08 20:01:38.119   773   773 I Layer   : id=7366 onRemoved com.TeamNA.GiftGame/com.epicgames.ue4.GameActivity#1 
03-08 20:01:38.123   773   773 D SurfaceFlinger: postFramebuffer : visible layers are empty!!
03-08 20:01:38.123  1865  5589 D SensorService: Calling activate off
03-08 20:01:38.124 18441 18441 E propClient: PropClient failed to load
03-08 20:01:38.126  1865  1983 D InputDispatcher: Focus left window: 18188
03-08 20:01:38.138  1865  5656 D InputDispatcher: Focused application released
03-08 20:01:38.138  1865  5656 W MultiScreenManagerService: moveTaskBackToDisplayIfNeeded(): root activity or app is null, task=TaskRecord{8af655ed0 #640 A=com.TeamNA.GiftGame U=0 StackId=1 sz=0}, rootActivity=null
03-08 20:01:38.139  1865  1865 D MdnieScenarioControlService: Listener Real Multi Window State : true
03-08 20:01:38.139  1865  1865 D CS_HdrController: MultiWindowEventListener::onFocusStackChanged(0)
03-08 20:01:38.143 18441 18441 E propClient: PropClient failed to load
03-08 20:01:38.151  1865  5656 D CustomFrequencyManagerService: acquireDVFSLockLocked : type : DVFS_MIN_LIMIT  frequency : 2150400  uid : 1000  pid : 1865  pkgName : AMS_APP_HOME@CPU_MIN@81
03-08 20:01:38.152  1865  5656 D ActivityManagerPerformance: AMP_acquire() HOME
03-08 20:01:38.153  1865  5656 D PersonaManagerService: Current focused persona service handled id set to : 0
03-08 20:01:38.153  1865  5656 D InputDispatcher: Focused application set to: xxxx
03-08 20:01:38.158  1865  5656 V WindowManager: rotationForOrientationLw(orient=5, last=1); user=0 USER_ROTATION_LOCKED sensorRotation=-1 mLidState=-1 mDockMode=0 mHdmiPlugged=false
03-08 20:01:38.158  1865  5656 D SamsungPhoneWindowManager: setRotationLw() : rotation=0
03-08 20:01:38.158  1865  5656 D SamsungPhoneWindowManager: semDvfsWakeupBooster.acquire()
03-08 20:01:38.158  1865  5656 D CustomFrequencyManagerService: acquireDVFSLockLocked : type : DVFS_MIN_LIMIT  frequency : 2150400  uid : 1000  pid : 1865  pkgName : PWM_ROTATION@CPU_MIN@98
03-08 20:01:38.159  1865  5656 D InputDispatcher: setInputDispatchMode: enabled=1, frozen=1
03-08 20:01:38.160   773   773 I SurfaceFlinger: id=7369 createSurf (1080x1920),2 flag=4, ScreenshotSurface#0
03-08 20:01:38.161  1865  5656 V Surface : sf_framedrop debug : 0x4f4c, game : false, logging : 0
03-08 20:01:38.162   773   773 V Surface : sf_framedrop debug : 0x4f4c, game : false, logging : 0
03-08 20:01:38.176   773   773 I SurfaceFlinger: Display 0 HWC layers:
03-08 20:01:38.176   773   773 I SurfaceFlinger:     type    |    handle    | flag |  format   |   source crop (l,t,r,b)    |         frame       | name 
03-08 20:01:38.176   773   773 I SurfaceFlinger: ------------+--------------+------+-----------+----------------------------+---------------------+------
03-08 20:01:38.176   773   773 I SurfaceFlinger:      Device | 0x71b057bb80 | 0000 | RGBA_8888 |   0.0    0.0 1080.0 1920.0 |    0    0 1080 1920 | ScreenshotSurface#0
03-08 20:01:38.176   773   773 I SurfaceFlinger: 
03-08 20:01:38.178  4078  4078 I Launcher: onWindowVisibilityChanged : false
03-08 20:01:38.186   773   773 D DisplayDevice: [MultiResolution] Input Value : o = 0, v = (1080x1920), f = (1440x2560), pre-mScaledDisplay = (1080x1920), mDisplay = (1440x2560)
03-08 20:01:38.186   773   773 I SurfaceFlinger: Disp[0] Orientation 1=>0
03-08 20:01:38.187  1865  1984 V WindowManager: Relayout Window{dc56141 u0 com.sec.android.app.launcher/com.sec.android.app.launcher.activities.LauncherActivity}: viewVisibility=4 req=1080x1920 WM.LayoutParams{(0,0)(fillxfill) sim=#30 ty=1 fl=#81910d00 pfl=0x20000 fmt=-2 wanim=0x10302ea vsysui=0x700 needsMenuKey=2 colorMode=0 dimDuration=374 naviIconColor=0}
03-08 20:01:38.190  1865  5656 I ActivityManager: Config changes=480 {0 1.0 themeSeq = 0 showBtnBg = 0 311mcc480mnc [en_US] ldltr sw360dp w360dp h616dp 480dpi nrml long port finger -keyb/v/h -nav/h appBounds=Rect(0, 0 - 1080, 1920) s.123 mkbd/h}
03-08 20:01:38.190  4078  4078 D ViewRootImpl@765b7f7[LauncherActivity]: Relayout returned: old=[0,0][1080,1920] new=[0,0][1080,1920] result=0x1 surface={valid=false 0} changed=false
03-08 20:01:38.211 24191 24191 V Configuration:  needToUpdateOverlays
03-08 20:01:38.212   807   833 E Sensors : sns_reg.c(279):invalid data len: 1541402964 (126)
03-08 20:01:38.213  3090  3090 V Configuration:  needToUpdateOverlays
03-08 20:01:38.214  3090  3090 I chatty  : uid=10152(u0_a152) com.sec.android.inputmethod identical 37 lines
03-08 20:01:38.214  3090  3090 V Configuration:  needToUpdateOverlays
03-08 20:01:38.214  3090  3090 I SKBD    : SamsungKeypad onConfigurationChanged1
03-08 20:01:38.217  4078  4078 V Configuration:  needToUpdateOverlays
03-08 20:01:38.229  4078  4078 I chatty  : uid=10066(u0_a66) com.sec.android.app.launcher identical 17 lines
03-08 20:01:38.229  4078  4078 V Configuration:  needToUpdateOverlays
03-08 20:01:38.249  1865  5656 I ActivityManager: Override config changes=480 {0 1.0 themeSeq = 0 showBtnBg = 0 311mcc480mnc [en_US] ldltr sw360dp w360dp h616dp 480dpi nrml long port finger -keyb/v/h -nav/h appBounds=Rect(0, 0 - 1080, 1920) s.123 mkbd/h} for displayId=0
03-08 20:01:38.259  3126  3126 D ThemeManagerService: onConfigChanged - {0 1.0 themeSeq = 0 showBtnBg = 0 311mcc480mnc [en_US] ldltr sw360dp w360dp h616dp 480dpi nrml long port finger -keyb/v/h -nav/h appBounds=Rect(0, 0 - 1080, 1920) s.123 mkbd/h}
03-08 20:01:38.261  3404  3404 V Configuration:  needToUpdateOverlays
03-08 20:01:38.261  3404  3404 I chatty  : uid=1001(radio) com.android.phone identical 4 lines
03-08 20:01:38.261  3404  3404 V Configuration:  needToUpdateOverlays
03-08 20:01:38.267 24651 24651 V Configuration:  needToUpdateOverlays
03-08 20:01:38.268 24651 24651 I chatty  : uid=10413(u0_a413) com.piriform.ccleaner identical 9 lines
03-08 20:01:38.268 24651 24651 V Configuration:  needToUpdateOverlays
03-08 20:01:38.274 15421 15421 V Configuration:  needToUpdateOverlays
03-08 20:01:38.275 15421 15421 D AOD_CONFIG@AODConfigurationController: updateMonitor MONITOR_CONFIGURATION
03-08 20:01:38.280  3949  3949 D SecUISvc: onConfigurationChanged, old dpi=480, new dpi=480
03-08 20:01:38.283  3108  3108 V Configuration:  needToUpdateOverlays
03-08 20:01:38.284  3108  3108 I chatty  : uid=10063(u0_a63) com.android.systemui identical 4 lines
03-08 20:01:38.285  3108  3108 V Configuration:  needToUpdateOverlays
03-08 20:01:38.290  6195  6195 V Configuration:  needToUpdateOverlays
03-08 20:01:38.293  3108  3108 V Configuration:  needToUpdateOverlays
03-08 20:01:38.296  3108  3108 I chatty  : uid=10063(u0_a63) com.android.systemui identical 4 lines
03-08 20:01:38.296  3108  3108 V Configuration:  needToUpdateOverlays
03-08 20:01:38.300  1865  5656 I SamsungPhoneWindowManager: setInitialDisplaySize() width=1080, height=1920, density=480, initWidth=1440, initHeight=2560, initDensity=640
03-08 20:01:38.304  3090  3090 I SKBD    : SamsungKeypad [IMI] onStartInput - caller pid : 18188, caller uid : 10572
03-08 20:01:38.306  1865  5656 I SamsungPhoneWindowManager: setInitialDisplaySize() width=1080, height=1920, density=480, initWidth=1440, initHeight=2560, initDensity=640
03-08 20:01:38.311  3108  3108 V Configuration:  needToUpdateOverlays
03-08 20:01:38.312  3108  3108 V Configuration:  needToUpdateOverlays
03-08 20:01:38.314  4078  4078 D HomeContainer: setAlpha : 1.0
03-08 20:01:38.319  3378  3378 V Configuration:  needToUpdateOverlays
03-08 20:01:38.319  1865  2992 D GameManagerService: handleForegroundChange(). pkgName: com.sec.android.app.launcher, clsName: com.android.launcher3.Launcher,FgActivityName:com.sec.android.app.launcher/com.android.launcher3.Launcher
03-08 20:01:38.319  1865  5656 D MARsPolicyManager: onPackageResumedFG pkgName = com.sec.android.app.launcher, userId = 0
03-08 20:01:38.319  1865  2992 D GameManagerService: sem_perfomance_mode: 0
03-08 20:01:38.319  1865  2992 D GameManagerService: notifyResumePause(). pkg: com.sec.android.app.launcher, type: 4, isMinimized: false, isTunableApp: false
03-08 20:01:38.319  1865  2992 D GameManagerService:   notifyResumePause(). do nothing. mKillNotiCount: 3
03-08 20:01:38.325  3108  3108 V Configuration:  needToUpdateOverlays
03-08 20:01:38.338  1865  5587 V WindowManager: Relayout Window{2a26354 u0 InputMethod}: viewVisibility=8 req=1080x0 WM.LayoutParams{(0,0)(fillxwrap) gr=#50 sim=#20 ty=2011 fl=#800108 fmt=-2 wanim=0x7f0e00e1 vsysui=0x300 needsMenuKey=2 colorMode=0 naviIconColor=0 sfl=0x800}
03-08 20:01:38.343  1865  2074 W Looper  : Dispatch took 226ms on android.ui, h=Handler (com.android.server.am.ActivityManagerService$UiHandler) {79388ab} cb=null msg=32
03-08 20:01:38.344  3108  3108 I chatty  : uid=10063(u0_a63) com.android.systemui identical 105 lines
03-08 20:01:38.344  1865  1865 D CS_HdrController: updateMultiWindowState : 0
03-08 20:01:38.344  3108  3108 V Configuration:  needToUpdateOverlays
03-08 20:01:38.344  3108  3108 V Configuration:  needToUpdateOverlays
03-08 20:01:38.344  3108  3108 V Configuration:  needToUpdateOverlays
03-08 20:01:38.344  1865  1865 D CodecSolution: MultiWindowEventListener::onMultiWindowFocusChanged(0)
03-08 20:01:38.344  3108  3108 V Configuration:  needToUpdateOverlays
03-08 20:01:38.344  3108  3108 I chatty  : uid=10063(u0_a63) com.android.systemui identical 22 lines
03-08 20:01:38.344  3108  3108 V Configuration:  needToUpdateOverlays
03-08 20:01:38.344  1865  1865 D TelecomService: onConfigurationChanged {0 1.0 themeSeq = 0 showBtnBg = 0 311mcc480mnc [en_US] ldltr sw360dp w360dp h616dp 480dpi nrml long port finger -keyb/v/h -nav/h appBounds=Rect(0, 0 - 1080, 1920) as.3 s.123 mkbd/h}
03-08 20:01:38.344  3108  3108 V Configuration:  needToUpdateOverlays
03-08 20:01:38.345  3108  3108 I chatty  : uid=10063(u0_a63) com.android.systemui identical 45 lines
03-08 20:01:38.348  3108  3108 V Configuration:  needToUpdateOverlays
03-08 20:01:38.352  3108  2200 D vol.VolumeDialogControl.VC: setLayoutDirection
03-08 20:01:38.354  3108  3108 V Configuration:  needToUpdateOverlays
03-08 20:01:38.354  3108  3108 I chatty  : uid=10063(u0_a63) com.android.systemui identical 1 line
03-08 20:01:38.355  3108  3108 V Configuration:  needToUpdateOverlays
03-08 20:01:38.356  1865  2110 D TetheringConfiguration: NAP is enabled by CSCfeature
03-08 20:01:38.356  3108  3108 V Configuration:  needToUpdateOverlays
03-08 20:01:38.356  1144  1294 D CommandListener: bwctrlcmd: argc=3 bandwidth removeniceapps ...
03-08 20:01:38.356  1144  1294 E IptablesRestoreController: [iptables debug]iptables-restore execute *filter
03-08 20:01:38.356  1144  1294 E IptablesRestoreController: -D bw_happy_box -m owner --uid-owner 10572 --jump RETURN
03-08 20:01:38.356  1144  1294 E IptablesRestoreController: COMMIT
03-08 20:01:38.357  3108  3108 I chatty  : uid=10063(u0_a63) com.android.systemui expire 1 line
03-08 20:01:38.357  3108  3341 D vol.VolumeDialogControl: onReceive ACTION_CONFIGURATION_CHANGED
03-08 20:01:38.357  3108  3108 V Configuration:  needToUpdateOverlays
03-08 20:01:38.360  3090  3090 D ViewRootImpl@ac4754a[InputMethod]: Relayout returned: old=[0,185][1920,1080] new=[0,185][1920,1080] result=0x1 surface={valid=false 0} changed=false
03-08 20:01:38.366  3385  3385 D DeviceLocale: onReceive
03-08 20:01:38.366  3385  4071 D EucModule: onLocaleChanged, languageCode=en
03-08 20:01:38.369  1144  1294 E IptablesRestoreController: [iptables debug]iptables-restore execute done *filter
03-08 20:01:38.369  1144  1294 E IptablesRestoreController: -D bw_happy_box -m owner --uid-owner 10572 --jump RETURN
03-08 20:01:38.369  1144  1294 E IptablesRestoreController: COMMIT
03-08 20:01:38.369  1144  1294 E IptablesRestoreController: , res : 0
03-08 20:01:38.376  3090  3090 I SKBD    : awo getNaviationBarHeight() first use took : 14
03-08 20:01:38.377  3090  3090 I SKBDC   : TymeCore cASl
03-08 20:01:38.377  3090  3090 I SKBDC   : ?? 50
03-08 20:01:38.378  3090  3090 I SKBD    : ajd [PF_KL][SIIC] getSelectedText done 1
03-08 20:01:38.378  3090  3090 E SKBD    : axv [USICM][getSelectedText] updated, but null is returned
03-08 20:01:38.378  3090  3090 I SKBD    : ajd [PF_KL][SIIC] getTextBeforeCursor[127] done 0
03-08 20:01:38.378  3090  3090 I SKBD    : ajd [PF_KL][SIIC] getTextAfterCursor[127] done  0
03-08 20:01:38.378  3090  3090 I SKBDC   : TymeCore cASl
03-08 20:01:38.378  3090  3090 I SKBDC   : ?? 50
03-08 20:01:38.378  3090  3090 I SKBDC   : TymeCore cASl
03-08 20:01:38.378  3090  3090 I SKBDC   : ?? 50
03-08 20:01:38.379  3090  3090 I SKBDC   : TymeCore sCL 0
03-08 20:01:38.379  3090  3090 I SKBDC   : TymeCore sUS
03-08 20:01:38.381  4078  4078 V Launcher: Launcher.onResume()
03-08 20:01:38.381  1865  2111 W ActivityManager: setHasOverlayUi called on unknown pid: 18188
03-08 20:01:38.382  3378  4902 D ForegroundUtils: could not check pending caller
03-08 20:01:38.386  3404  4669 D TelephonyProvider: query: match = 1
03-08 20:01:38.386  3404  4669 D TelephonyProvider: URL_TELEPHONY uid = 1000, pid= 1865
03-08 20:01:38.388  1865  1865 D GameManagerService: onDisplayChanged. displyId: 0, state: 2
03-08 20:01:38.389  1865  1865 D GameManagerService: dpi: 480, longPixel: 1920, shortPixel: 1080
03-08 20:01:38.389  1865  1865 I CAE     : handleMessage(CaPowerManager.java:173) - AP_WAKEUP_Already_Delivered
03-08 20:01:38.390  1865  3760 D Dex2oatAdjuster: Before bg size = 0
03-08 20:01:38.390  1865  3760 D Dex2oatAdjuster: After bg size = 0 fg size = 0
03-08 20:01:38.393  1865  9170 D GamePkgDataHelper: getGamePkgDataIncServer(). com.sec.android.app.launcher
03-08 20:01:38.399  1865  5587 W ActivityManager: Unable to start service Intent { act=com.android.launcher3.WINDOW_OVERLAY dat=app://com.sec.android.app.launcher:10066?v=0 pkg=com.google.android.googlequicksearchbox } U=0: not found
03-08 20:01:38.400  1865  2511 I InputReader: Reconfiguring input devices.  changes=0x00000004
03-08 20:01:38.400  1865  2511 I InputReader: Device reconfigured: id=6, name='sec_touchscreen', size 1080x1920, orientation 0, mode 1, display id 0
03-08 20:01:38.401  1865  2511 D InputReader: Wrote command set_rotation_status,0
03-08 20:01:38.403  4078  4078 D ExternalMethodQueue: Getting and clearing EXTERNAL_METHOD_LIST: null
03-08 20:01:38.404  4078  4078 D Launcher.HomeController: onResume HomeContainer current alpha = 1.0
03-08 20:01:38.404  4078  4078 D AppsCustomAdapter: notifyUpdate : com.android.launcher3.Launcher@a9ea0a0
03-08 20:01:38.404  4078  4078 D AppsDragController: needDeferToBind : true , false
03-08 20:01:38.404  4078  4078 D Launcher: setupWallpaperScroller
03-08 20:01:38.405  4078  4175 I LauncherAppWidgetInfo: reinflateWidgetsIfNecessary, Not required: AppWidget(id=8)
03-08 20:01:38.405  4078  4175 I LauncherAppWidgetInfo: reinflateWidgetsIfNecessary, Not required: AppWidget(id=12)
03-08 20:01:38.405  4078  4175 I LauncherAppWidgetInfo: reinflateWidgetsIfNecessary, Not required: AppWidget(id=14)
03-08 20:01:38.405  4078  4175 I LauncherAppWidgetInfo: reinflateWidgetsIfNecessary, Not required: AppWidget(id=15)
03-08 20:01:38.405  4078  4175 I LauncherAppWidgetInfo: reinflateWidgetsIfNecessary, Not required: AppWidget(id=17)
03-08 20:01:38.405  4078  4175 I LauncherAppWidgetInfo: reinflateWidgetsIfNecessary, Not required: AppWidget(id=21)
03-08 20:01:38.405  4078  4175 I LauncherAppWidgetInfo: reinflateWidgetsIfNecessary, Not required: AppWidget(id=23)
03-08 20:01:38.406  1865  3458 D AppWidgetServiceImpl: updateAppWidgetOptions, appWidgetId = 30, before options = Bundle[{appWidgetMaxHeight=410, appWidgetCategory=1, appWidgetMaxWidth=328, appWidgetMinHeight=410, appWidgetMinWidth=328}], merge options = Bundle[EMPTY_PARCEL]
03-08 20:01:38.415  1865  2110 W Settings: Setting tether_dun_required has moved from android.provider.Settings.Secure to android.provider.Settings.Global
03-08 20:01:38.418  1865  3458 D AppWidgetServiceImpl: sendOptionsChangedIntentLocked, widget = AppWidgetId{30:Host{HostId{user:0, app:10066, hostId:1024, pkg:com.sec.android.app.launcher}}:Provider{ProviderId{user:0, app:10251, cmp:ComponentInfo{com.samsung.android.calendar/com.android.calendar.widget.list.ListWidgetProvider}}}}, options = Bundle[{appWidgetMaxHeight=410, appWidgetCategory=1, appWidgetMaxWidth=328, appWidgetMinHeight=410, appWidgetMinWidth=328}]
03-08 20:01:38.419  4078  4175 I LauncherAppWidgetHostView: updateLastOrientation, orientation: 1, activityOrientation: 1, fromRemoteViews: false, widget: ComponentInfo{com.samsung.android.calendar/com.android.calendar.widget.list.ListWidgetProvider}
03-08 20:01:38.419  4078  4175 I LauncherAppWidgetInfo: reinflateWidgetsIfNecessary, WidgetInfo: AppWidget(id=30)
03-08 20:01:38.419  4078  4175 I LauncherAppWidgetInfo: reinflateWidgetsIfNecessary, Not required: AppWidget(id=32)
03-08 20:01:38.419  4078  4175 I LauncherAppWidgetInfo: reinflateWidgetsIfNecessary, Not required: AppWidget(id=36)
03-08 20:01:38.419  4078  4175 I LauncherAppWidgetInfo: reinflateWidgetsIfNecessary, Not required: AppWidget(id=37)
03-08 20:01:38.419  4078  4175 I LauncherAppWidgetInfo: reinflateWidgetsIfNecessary, Not required: AppWidget(id=38)
03-08 20:01:38.422  3108  3173 D SystemServicesProxy: updateOverviewLastStackActiveTimeAsync: newTime=1552096850027
03-08 20:01:38.422  1865  3458 D Notification: allPendingIntents
03-08 20:01:38.422  1865  3973 D ActivityManager: post active user change for 0 fullscreen true isHomeActivity() true
03-08 20:01:38.422  1865  3973 I WallpaperManagerService: switchPersonaWallpaper is called for personaId-0
03-08 20:01:38.422  1865  1865 D WallpaperManagerService:  force update = false; persona id = 0; current user =0; current persona = 0
03-08 20:01:38.423  1865  3458 D Notification: allPendingIntents
03-08 20:01:38.423  4078  4078 I Launcher: onWindowVisibilityChanged : true
03-08 20:01:38.423  1865  3458 D Notification: allPendingIntents
03-08 20:01:38.424  1865  3458 I chatty  : uid=1000(system) Binder:1865_B identical 1 line
03-08 20:01:38.424  1865  3458 D Notification: allPendingIntents
03-08 20:01:38.425  1865  5594 D SecContentProvider: query(), uri = 17 selection = isSettingsChangesAllowed
03-08 20:01:38.426  1865  3458 V WindowManager: Relayout Window{dc56141 u0 com.sec.android.app.launcher/com.sec.android.app.launcher.activities.LauncherActivity}: viewVisibility=0 req=1080x1920 WM.LayoutParams{(0,0)(fillxfill) sim=#30 ty=1 fl=#81910d00 pfl=0x20000 fmt=-2 wanim=0x10302ea vsysui=0x700 needsMenuKey=2 colorMode=0 dimDuration=374 naviIconColor=0}
03-08 20:01:38.426  1865  5594 D SecContentProvider: called from android.uid.systemui:10063
03-08 20:01:38.427   773   773 I SurfaceFlinger: id=7370 createSurf (1080x1920),1 flag=4, com.sec.android.app.launcher/com.sec.android.app.launcher.activities.LauncherActivity#0
03-08 20:01:38.427  3108  3250 D SystemServicesProxy: updateOverviewLastStackActiveTimeAsync: done.
03-08 20:01:38.429  1865  9170 D GameManagerService: identifyGamePackage. com.sec.android.app.launcher
03-08 20:01:38.429  1865  9170 D GamePkgDataHelper: getGamePkgData(). com.sec.android.app.launcher
03-08 20:01:38.430  1865  3458 V Surface : sf_framedrop debug : 0x4f4c, game : false, logging : 0
03-08 20:01:38.431  1865  9170 D GameManagerService: identifyGamePackage. com.sec.android.app.launcher
03-08 20:01:38.431  1865  9170 D GamePkgDataHelper: getGamePkgData(). com.sec.android.app.launcher
03-08 20:01:38.431  3378  3378 I NfcP2pEventManager: changeConfiguration() in NfcService
03-08 20:01:38.433  1865  2074 D WindowManager: set systemUiVisibility : systemUiFlags= 0x708 fullscreenStackSysUiFlags= 0x0
03-08 20:01:38.435  3378  3378 D NfcService: PROXIMITY SCREEN ON
03-08 20:01:38.441  1865  3458 D InputDispatcher: Focus entered window: 4078
03-08 20:01:38.441  4078  4175 D Notification.Badge: [filtered] shouldBeFilteredOut().Notification.FLAG_ONGOING_EVENT [sbn : StatusBarNotification(pkg=org.malwarebytes.antimalware user=UserHandle{0} id=1 tag=null key=0|org.malwarebytes.antimalware|1|null|10317: Notification(channel=null pri=0 contentView=null vibrate=null sound=null defaults=0x0 flags=0x22 color=0x00000000 number=0 vis=PRIVATE semFlags=0x0 semPriority=0 semMissedCount=0))]
03-08 20:01:38.442  4078  4175 D Notification.Badge: [filtered] shouldBeFilteredOut().mTempRanking.canShowBadge[false], [sbn : StatusBarNotification(pkg=com.android.systemui user=UserHandle{-1} id=2131362726 tag=full_battery key=-1|com.android.systemui|2131362726|full_battery|10063: Notification(channel=FBT pri=-2 contentView=null vibrate=null sound=null tick defaults=0x0 flags=0xa color=0xff17c433 category=sys number=0 vis=PUBLIC semFlags=0x0 semPriority=0 semMissedCount=0))]
03-08 20:01:38.442  4078  4175 D Notification.Badge: [filtered] shouldBeFilteredOut().mTempRanking.canShowBadge[false], [sbn : StatusBarNotification(pkg=android user=UserHandle{-1} id=27 tag=null key=-1|android|27|null|1000: Notification(channel=USB pri=0 contentView=null vibrate=null sound=null tick defaults=0x0 flags=0x2 color=0xff607d8b number=0 vis=PUBLIC semFlags=0x0 semPriority=0 semMissedCount=0))]
03-08 20:01:38.442  4078  4175 D Notification.Badge: LauncherModel:onNotificationFullRefresh() : [2], IconType : [0]
03-08 20:01:38.443  4078  4078 V Surface : sf_framedrop debug : 0x4f4c, game : false, logging : 0
03-08 20:01:38.443  4078  4078 D ViewRootImpl@765b7f7[LauncherActivity]: Relayout returned: old=[0,0][1080,1920] new=[0,0][1080,1920] result=0x7 surface={valid=true 526231650304} changed=true
03-08 20:01:38.448  1044  2129 V APM_AudioPolicyManager: getAudioPolicyConfig: audioParam;outDevice
03-08 20:01:38.448  1044  2129 V APM_AudioPolicyManager: getNewOutputDevice() selected device 0
03-08 20:01:38.448  1044  2129 V APM_AudioPolicyManager: ### curdevice : 2
03-08 20:01:38.451  4078  4175 D Notification.Badge: notificationKey : 0|android|40|null|1000, count : 0, this.count : 1
03-08 20:01:38.451  4078  4175 D Notification.Badge: notificationKey : 0|android|40|null|1000, count : 1, mTotalCount : 1
03-08 20:01:38.451  4078  4175 D Notification.Badge: notificationKey : 0|com.google.android.apps.freighter|1|null|10426, count : 0, this.count : 1
03-08 20:01:38.451  4078  4175 D Notification.Badge: notificationKey : 0|com.google.android.apps.freighter|1|null|10426, count : 1, mTotalCount : 1
03-08 20:01:38.451  4078  4175 D Notification.Badge: LauncherModel:onNotificationFullRefresh() not need to update, updatedBadges.remove[com.google.android.apps.freighter], count : [1]
03-08 20:01:38.451  4078  4175 D Notification.Badge: LauncherModel:onNotificationFullRefresh() not need to update, updatedBadges.remove[android], count : [1]
03-08 20:01:38.459  4078  4631 D OpenGLRenderer: eglCreateWindowSurface = 0x7a97816830
03-08 20:01:38.462  1044  2129 V APM_AudioPolicyManager: getAudioPolicyConfig: audioParam;outDevice
03-08 20:01:38.462  1044  2129 V APM_AudioPolicyManager: getNewOutputDevice() selected device 0
03-08 20:01:38.462  1044  2129 V APM_AudioPolicyManager: ### curdevice : 2
03-08 20:01:38.462  1044  2129 V APM_AudioPolicyManager: getAudioPolicyConfig: audioParam;outDevice
03-08 20:01:38.462  1044  2129 V APM_AudioPolicyManager: getNewOutputDevice() selected device 0
03-08 20:01:38.462  1044  2129 V APM_AudioPolicyManager: ### curdevice : 2
03-08 20:01:38.466  3378 18445 D NfcService: call the applyRouting
03-08 20:01:38.466  4078  4078 D AppsAdapter: notifyUpdate start : com.android.launcher3.Launcher@a9ea0a0
03-08 20:01:38.467  4078  4078 D AppsCustomAdapter: no change items
03-08 20:01:38.467  4078  4078 D AppsAdapter: notifyUpdate end : com.android.launcher3.Launcher@a9ea0a0
03-08 20:01:38.471  4078  4078 D DragLayer: DragLayer dispatchDraw, mIsNaviBarPositionChanged = false, mWillOrientationChange = false
03-08 20:01:38.471  3108  3173 D skia    : approximate: numPoints=5, lengths[0]=0.000000, totalLength=1.503537, segmentPoints[0]=[0.000000,1.000000]
03-08 20:01:38.471  3108  3173 D skia    : approximate: approximation[0]=0.000000, approximation[1]=0.000000, approximation[2]=1.000000
03-08 20:01:38.471  3108  3173 D skia    : approximate: numPoints=5, lengths[4]=1.503537, totalLength=1.503537, segmentPoints[4]=[1.000000,0.000000]
03-08 20:01:38.471  3108  3173 D skia    : approximate: approximation[12]=1.000000, approximation[13]=1.000000, approximation[14]=0.000000
03-08 20:01:38.471  3108  3173 D skia    : approximate: numPoints=4, lengths[0]=0.000000, totalLength=1.605647, segmentPoints[0]=[0.000000,1.000000]
03-08 20:01:38.471  3108  3173 D skia    : approximate: approximation[0]=0.000000, approximation[1]=0.000000, approximation[2]=1.000000
03-08 20:01:38.471  3108  3173 D skia    : approximate: numPoints=4, lengths[3]=1.605647, totalLength=1.605647, segmentPoints[3]=[1.000000,0.000000]
03-08 20:01:38.471  3108  3173 D skia    : approximate: approximation[9]=1.000000, approximation[10]=1.000000, approximation[11]=0.000000
03-08 20:01:38.471  3108  3173 D skia    : approximate: numPoints=21, lengths[0]=0.000000, totalLength=1.127779, segmentPoints[0]=[0.000000,0.250000]
03-08 20:01:38.471  3108  3173 D skia    : approximate: approximation[0]=0.000000, approximation[1]=0.000000, approximation[2]=0.250000
03-08 20:01:38.471  3108  3173 D skia    : approximate: numPoints=21, lengths[20]=1.127779, totalLength=1.127779, segmentPoints[20]=[1.000000,0.150000]
03-08 20:01:38.471  3108  3173 D skia    : approximate: approximation[60]=1.000000, approximation[61]=1.000000, approximation[62]=0.150000
03-08 20:01:38.471  3108  3173 D skia    : approximate: numPoints=4, lengths[0]=0.000000, totalLength=1.162570, segmentPoints[0]=[0.000000,0.250000]
03-08 20:01:38.471  3108  3173 D skia    : approximate: approximation[0]=0.000000, approximation[1]=0.000000, approximation[2]=0.250000
03-08 20:01:38.471  3108  3173 D skia    : approximate: numPoints=4, lengths[3]=1.162570, totalLength=1.162570, segmentPoints[3]=[1.000000,0.250000]
03-08 20:01:38.471  3108  3173 D skia    : approximate: approximation[9]=1.000000, approximation[10]=1.000000, approximation[11]=0.250000
03-08 20:01:38.472  3108  3108 D ViewRootImpl@774c11a[AssistPreviewPanel]: setView = com.android.systemui.assist.AssistOrbContainer{3a8544b G.E...... ......I. 0,0-0,0} TM=true MM=false
03-08 20:01:38.476  3108  3336 D NetworkController.MobileSignalController(0/1): getMobileIconGroup(): 13
03-08 20:01:38.476  3108  3336 D NetworkController.MobileSignalController(0/1): updateVZWMobileIconGroup(): 13
03-08 20:01:38.494  1865  1865 D AppWidgetServiceImpl: handleNotifyUpdateAppWidget, appWidgetId = 30
03-08 20:01:38.494  1865  5587 V WindowManager: finishDrawingLocked: mDrawState=COMMIT_DRAW_PENDING Window{dc56141 u0 com.sec.android.app.launcher/com.sec.android.app.launcher.activities.LauncherActivity} in Surface(name=com.sec.android.app.launcher/com.sec.android.app.launcher.activities.LauncherActivity)
03-08 20:01:38.495  4078  4078 D ViewRootImpl@765b7f7[LauncherActivity]: MSG_RESIZED_REPORT: frame=Rect(0, 0 - 1080, 1920) ci=Rect(0, 0 - 0, 0) vi=Rect(0, 0 - 0, 0) or=1
03-08 20:01:38.496  4078  4078 D ViewRootImpl@765b7f7[LauncherActivity]: MSG_WINDOW_FOCUS_CHANGED 1
03-08 20:01:38.499   726   726 D SEC LightsHAL: button : 0 +
03-08 20:01:38.500  1044  2129 V APM_AudioPolicyManager: getAudioPolicyConfig: audioParam;activeStream
03-08 20:01:38.500  1044  2129 V APM_AudioPolicyManager: ### active stream : 0
03-08 20:01:38.501  1865  9170 D AudioService: active stream is 0x0
03-08 20:01:38.504  3108  3173 I ApplicationPackageManager: load=com.TeamNA.GiftGame, bg=144-144, dr=144-144, forDefault=false, density=0
03-08 20:01:38.506  1865  9170 D GameManagerService: identifyGamePackage. com.sec.android.app.launcher
03-08 20:01:38.506  3108  3173 I ApplicationPackageManager: scaled rate=0.59999996, size=144, alpha=0, hold=0
03-08 20:01:38.506  3108  3173 I ApplicationPackageManager: load=com.TeamNA.GiftGame-theme2, bg=144-144, dr=144-144, tarScale=0.59999996, relScale=0.59999996, mask=false
03-08 20:01:38.506  1865  9170 D GamePkgDataHelper: getGamePkgData(). com.sec.android.app.launcher
03-08 20:01:38.507  3108 28317 D WallpaperService: dispatchAppVisibility onVisibilityChanged(): true
03-08 20:01:38.514  3108  3336 D NetworkController.MobileSignalController(0/1): callState:0, callStateByPhone:false voLTECall:false voiceNetTpe:13 dataNetType:13, ine911:false, emergencyCallbackMode:false
03-08 20:01:38.516  1865  9170 D GameManagerService: identifyGamePackage. com.sec.android.app.launcher
03-08 20:01:38.516  1865  9170 D GamePkgDataHelper: getGamePkgData(). com.sec.android.app.launcher
03-08 20:01:38.521  4078  4078 V InputMethodManager: Starting input: tba=android.view.inputmethod.EditorInfo@48137c2 nm : com.sec.android.app.launcher ic=null
03-08 20:01:38.521  4078  4078 I InputMethodManager: startInputInner - mService.startInputOrWindowGainedFocus
03-08 20:01:38.521  1865  3973 D InputMethodManagerService: startInputOrWindowGainedFocus : windowGainedFocus 
03-08 20:01:38.522  1865  3973 D InputMethodManagerService: windowGainedFocus: destinationUserId (getCallingUid) = 0
03-08 20:01:38.522  1865  3973 D InputMethodManagerService: windowGainedFocus: currentUserId=0
03-08 20:01:38.522  1865  3973 D InputMethodManagerService: windowGainedFocus: mCurrentFocusedUserId=0
03-08 20:01:38.522  1865  3973 D InputMethodManagerService: windowGainedFocus : lock - currentUserId = 0 destinationUserId = 0
03-08 20:01:38.522  1865  3973 D InputMethodManagerService: windowGainedFocus : mCurrentFocusedUserId - 0 and mSecureKeypadEnabled - false, userSwitched - false
03-08 20:01:38.522  1865  2517 D MdnieScenarioControlService:  packageName : com.sec.android.app.launcher    className : com.sec.android.app.launcher.activities.LauncherActivity
03-08 20:01:38.523  1865  2517 V MdnieScenarioControlService: setUIMode from UI function(3)
03-08 20:01:38.526  1865  1865 D AppWidgetServiceImpl: handleNotifyUpdateAppWidget, appWidgetId = 30
03-08 20:01:38.527   726   726 D SEC LightsHAL: button : 0 -
03-08 20:01:38.528  1865  3973 V InputMethodManagerService: windowGainedFocus : reason=WINDOW_FOCUS_GAIN client=android.os.BinderProxy@d87de4b inputContext=null missingMethods= attribute=android.view.inputmethod.EditorInfo@e50c618 nm = com.sec.android.app.launcher controlFlags=#104 softInputMode=#30 windowFlags=#81910d00
03-08 20:01:38.528  1865  3973 V InputMethodManagerService: hideCurrentInputLocked : shouldHideSoftInput is false
03-08 20:01:38.528  1865  3973 D InputMethodManagerService: setCurrentInputInfo - inputContext : null eidtorInfo : android.view.inputmethod.EditorInfo@e50c618 missingMethods : 0
03-08 20:01:38.529  3090  3090 I InputMethodWrapper:  call dispatchStartInputWithToken
03-08 20:01:38.529  3090  3090 I InputMethodService: dispatchStartInputWithToken
03-08 20:01:38.529  3090  3090 I SKBD    : SamsungKeypad [IMI] onStartInput - caller pid : 18188, caller uid : 10572
03-08 20:01:38.529  3090  3090 I SKBD    : SamsungKeypad  CACHEDIC onStartInput  isCachedICEnabled:  false
03-08 20:01:38.529  3090  3090 I SKBD    : atl getDefaultInputRange : UNKNOWN
03-08 20:01:38.530  3090  3090 I SKBD    : awo resetBinderManager()
03-08 20:01:38.530  3090  3090 I SKBD_SYNC: SamsungKeypad onStartInput: import DLM
03-08 20:01:38.530  3090  3090 I SKBD    : atl setPrivateImeOptionsToTable privateImeOptions ( null )
03-08 20:01:38.530  3090  3090 I SKBD    : atl imeOptions is null
03-08 20:01:38.530  3090  3090 I SKBD    : SamsungKeypad [PF_OP][onStartInput] 372187
03-08 20:01:38.530  1865  3973 V WindowManager: Relayout Window{dc56141 u0 com.sec.android.app.launcher/com.sec.android.app.launcher.activities.LauncherActivity}: viewVisibility=0 req=1080x1920 WM.LayoutParams{(0,0)(fillxfill) sim=#30 ty=1 fl=#81910d00 pfl=0x20000 fmt=-2 wanim=0x10302ea vsysui=0x700 needsMenuKey=2 colorMode=0 dimDuration=374 naviIconColor=0}
03-08 20:01:38.530  3090  3090 I SKBD    : putCacheDrawable inputModule=0 key =ICON_SETTING
03-08 20:01:38.534  4078  4078 D ViewRootImpl@765b7f7[LauncherActivity]: Relayout returned: old=[0,0][1080,1920] new=[0,0][1080,1920] result=0x1 surface={valid=true 526231650304} changed=false
03-08 20:01:38.536  4078  4631 D OpenGLRenderer: eglDestroySurface = 0x7a97816830
03-08 20:01:38.537  4078  4631 D OpenGLRenderer: eglCreateWindowSurface = 0x7a97816830
03-08 20:01:38.539  3108  3108 D ViewRootImpl@fd01c3[DockedStackDivider]: setView = com.android.systemui.stackdivider.DividerView{2155a40 I.E...... ......I. 0,0-0,0} TM=true MM=false
03-08 20:01:38.540   773   773 I SurfaceFlinger: Display 0 HWC layers:
03-08 20:01:38.540   773   773 I SurfaceFlinger:     type    |    handle    | flag |  format   |   source crop (l,t,r,b)    |         frame       | name 
03-08 20:01:38.540   773   773 I SurfaceFlinger: ------------+--------------+------+-----------+----------------------------+---------------------+------
03-08 20:01:38.540   773   773 I SurfaceFlinger:      Device | 0x71ad58e080 | 0000 | RGBA_8888 |   0.0    0.0 1080.0 1920.0 |    0    0 1080 1920 | com.sec.android.app.launcher/com.sec[...]uncher.activities.LauncherActivity#0
03-08 20:01:38.540   773   773 I SurfaceFlinger:      Device | 0x71b057bb80 | 0000 | RGBA_8888 |   0.0    0.0 1080.0 1920.0 |    0    0 1080 1920 | ScreenshotSurface#0
03-08 20:01:38.540   773   773 I SurfaceFlinger: 
03-08 20:01:38.546  3108  3108 D ViewRootImpl@6821b52[DividerButtonsGroup]: dispatchDetachedFromWindow
03-08 20:01:38.546  3108  3108 D InputEventReceiver: channel 'a5ee99 DividerButtonsGroup (client)' ~ Disposing input event receiver.
03-08 20:01:38.546  3108  3108 D InputEventReceiver: channel 'a5ee99 DividerButtonsGroup (client)' ~NativeInputEventReceiver.
03-08 20:01:38.551  1865  5594 W AppOps  : Finishing op nesting under-run: uid 10063 pkg com.android.systemui code 70 time=0 duration=0 nesting=0
03-08 20:01:38.551  4078  4078 I LauncherAppWidgetHostView: updateLastOrientation, orientation: 1, activityOrientation: 1, fromRemoteViews: true, widget: ComponentInfo{com.samsung.android.calendar/com.android.calendar.widget.list.ListWidgetProvider}
03-08 20:01:38.558  4078  4078 I LauncherAppWidgetHostView: updateLastOrientation, orientation: 1, activityOrientation: 1, fromRemoteViews: true, widget: ComponentInfo{com.samsung.android.calendar/com.android.calendar.widget.list.ListWidgetProvider}
03-08 20:01:38.559  1144  1294 D CommandListener: bwctrlcmd: argc=3 bandwidth addniceapps ...
03-08 20:01:38.560  1144  1294 E IptablesRestoreController: [iptables debug]iptables-restore execute *filter
03-08 20:01:38.560  1144  1294 E IptablesRestoreController: -I bw_happy_box -m owner --uid-owner 10251 --jump RETURN
03-08 20:01:38.560  1144  1294 E IptablesRestoreController: COMMIT
03-08 20:01:38.565  1144  1294 E IptablesRestoreController: [iptables debug]iptables-restore execute done *filter
03-08 20:01:38.565  1144  1294 E IptablesRestoreController: -I bw_happy_box -m owner --uid-owner 10251 --jump RETURN
03-08 20:01:38.565  1144  1294 E IptablesRestoreController: COMMIT
03-08 20:01:38.565  1144  1294 E IptablesRestoreController: , res : 0
03-08 20:01:38.568  3108  3108 D ViewRootImpl@49ae63b[DividerButtonsGroup]: setView = com.android.systemui.stackdivider.DividerButtonsGroup{4bc3158 I.E...... ......I. 0,0-0,0} TM=true MM=false
03-08 20:01:38.568  3108  3108 D ImageWallpaper: engine visible:false
03-08 20:01:38.569  3108  3108 D ViewRootImpl@1c48cc8[StatusBar]: MSG_RESIZED_REPORT: frame=Rect(0, 0 - 1080, 72) ci=Rect(0, 0 - 0, 0) vi=Rect(0, 0 - 0, 0) or=1
03-08 20:01:38.570  4078  4078 D DragLayer: DragLayer onMeasure, mIsNaviBarPositionChanged = false, mWillOrientationChange = false
03-08 20:01:38.570  4078  4078 D LauncherAppWidgetHostView: setResizeScaleResult() 1035/ 1279 scaleToResize = 0.9961353(widget id = 30)
03-08 20:01:38.570  3108  3108 D MetadataParser: onConfigurationChanged()
03-08 20:01:38.572  3108  3108 I MetadataParser: updateMetadataInfo() key = com.sec.android.daemonapp, bInfo = MetadataInfo[pkgName=com.sec.android.daemonapp, dbKey=add_info_com_sec_android_daemonapp, titleRes = 2131100116, title=null], mInfo = MetadataInfo[pkgName=com.sec.android.daemonapp, dbKey=add_info_com_sec_android_daemonapp, titleRes = 2131100116, title=null]
03-08 20:01:38.574  1865  3973 D SecContentProvider: query(), uri = 17 selection = isSettingsChangesAllowed
03-08 20:01:38.574  1865  3973 D SecContentProvider: called from android.uid.systemui:10063
03-08 20:01:38.576  1865  3973 I chatty  : uid=1000(system) Binder:1865_F identical 1 line
03-08 20:01:38.576  1865  3973 I chatty  : uid=1000(system) Binder:1865_F identical 1 line
03-08 20:01:38.581  1865  3973 D SecContentProvider: query(), uri = 17 selection = isSettingsChangesAllowed
03-08 20:01:38.581  1865  3973 D SecContentProvider: called from android.uid.systemui:10063
03-08 20:01:38.587  3108  3108 I NotificationShelf: show backgroud: :false
03-08 20:01:38.587  4078  4078 D DragLayer: DragLayer onMeasure, mIsNaviBarPositionChanged = false, mWillOrientationChange = false
03-08 20:01:38.587  4078  4078 D LauncherAppWidgetHostView: setResizeScaleResult() 1035/ 1279 scaleToResize = 0.9961353(widget id = 30)
03-08 20:01:38.588  3108  3108 D KeyguardUpdateMonitor: received broadcast android.intent.action.CONFIGURATION_CHANGED
03-08 20:01:38.596  1865  3973 D WindowManager: adjustSystemUiVisibilityLw : vis= 0x708
03-08 20:01:38.607  1865  3973 V WindowManager: Relayout Window{b8a7b60 u0 StatusBar}: viewVisibility=0 req=1080x72 WM.LayoutParams{(0,0)(fillx72) gr=#30 sim=#10 ty=2000 fl=#81840048 fmt=-3 vsysui=0x600 colorMode=0 naviIconColor=0}
03-08 20:01:38.625  3108  3108 D ViewRootImpl@1c48cc8[StatusBar]: Relayout returned: old=[0,0][1080,72] new=[0,0][1080,72] result=0x23 surface={valid=true 526464094208} changed=false
03-08 20:01:38.628  3108  3476 D OpenGLRenderer: eglDestroySurface = 0x7a93ddbef0
03-08 20:01:38.629  3108  3108 D ScrollView:  onsize change changed 
03-08 20:01:38.630  3108  3476 D OpenGLRenderer: eglCreateWindowSurface = 0x7a93ddbef0
03-08 20:01:38.639  3108  3108 W View    : requestLayout() improperly called by android.widget.TextView{b6ca5b3 V.ED..... ......ID 0,-18-1920,72 #7f0a03a2 app:id/notification_panel_carrier_label} during layout: running second layout pass
03-08 20:01:38.639  3108  3108 I ViewRootImpl@1c48cc8[StatusBar]: requestLayout is already in process
03-08 20:01:38.648  1865  3973 V WindowManager: finishDrawingLocked: mDrawState=COMMIT_DRAW_PENDING Window{b8a7b60 u0 StatusBar} in Surface(name=StatusBar)
03-08 20:01:38.649  3108  3108 D ViewRootImpl@774c11a[AssistPreviewPanel]: dispatchAttachedToWindow
03-08 20:01:38.652  1865  1865 D CustomFrequencyManagerService: releaseDVFSLockLocked : Getting Lock type frm List : DVFS_MIN_LIMIT  frequency : 2150400  uid : 1000  pid : 1865  tag : AMS_APP_HOME@CPU_MIN@81
03-08 20:01:38.658  1865  3973 V WindowManager: Relayout Window{4157b8a u0 AssistPreviewPanel}: viewVisibility=8 req=1080x750 WM.LayoutParams{(0,0)(fillx750) gr=#800053 sim=#31 ty=2033 fl=#1000118 fmt=-3 vsysui=0x700 colorMode=0 naviIconColor=0}
03-08 20:01:38.664  3108  3108 D ViewRootImpl@774c11a[AssistPreviewPanel]: Relayout returned: old=[0,0][0,0] new=[0,1920][1080,1920] result=0x1 surface={valid=false 0} changed=false
03-08 20:01:38.664  3108  3108 D ViewRootImpl@fd01c3[DockedStackDivider]: dispatchAttachedToWindow
03-08 20:01:38.666  1865  3973 V WindowManager: Relayout Window{982bc4 u0 DockedStackDivider}: viewVisibility=4 req=1080x144 WM.LayoutParams{(0,0)(fillx144) sim=#20 ty=2034 fl=#21840028 pfl=0x40 fmt=-3 vsysui=0x700 colorMode=0 naviIconColor=0}
03-08 20:01:38.670  3108  3108 D ViewRootImpl@fd01c3[DockedStackDivider]: Relayout returned: old=[0,0][0,0] new=[0,0][0,0] result=0x1 surface={valid=false 0} changed=false
03-08 20:01:38.673   773   773 I SurfaceFlinger: Display 0 HWC layers:
03-08 20:01:38.673   773   773 I SurfaceFlinger:     type    |    handle    | flag |  format   |   source crop (l,t,r,b)    |         frame       | name 
03-08 20:01:38.673   773   773 I SurfaceFlinger: ------------+--------------+------+-----------+----------------------------+---------------------+------
03-08 20:01:38.673   773   773 I SurfaceFlinger:      Device | 0x71ad5e8000 | 0000 | RGBA_8888 |   0.0    0.0 1080.0 1920.0 |    0    0 1080 1920 | com.sec.android.app.launcher/com.sec[...]uncher.activities.LauncherActivity#0
03-08 20:01:38.673   773   773 I SurfaceFlinger:      Device | 0x71ad5c3380 | 0000 | RGBA_8888 |   0.0    0.0 1080.0   72.0 |    0    0 1080   72 | StatusBar#0
03-08 20:01:38.673   773   773 I SurfaceFlinger:      Device | 0x71b057bb80 | 0000 | RGBA_8888 |   0.0    0.0 1080.0 1920.0 |    0    0 1080 1920 | ScreenshotSurface#0
03-08 20:01:38.673   773   773 I SurfaceFlinger: 
03-08 20:01:38.678  3108  3108 D ViewRootImpl@49ae63b[DividerButtonsGroup]: dispatchAttachedToWindow
03-08 20:01:38.679  1865  3973 V WindowManager: Relayout Window{5714a2e u0 DividerButtonsGroup}: viewVisibility=4 req=525x150 WM.LayoutParams{(0,0)(525x150) sim=#20 ty=2302 fl=#1040020 fmt=-3 vsysui=0x700 surfaceInsets=Rect(36, 36 - 36, 36) colorMode=0 naviIconColor=0}
03-08 20:01:38.683  3108  3108 D ViewRootImpl@49ae63b[DividerButtonsGroup]: Relayout returned: old=[0,0][0,0] new=[0,0][0,0] result=0x1 surface={valid=false 0} changed=false
03-08 20:01:38.684  3108  3108 D ViewRootImpl@e3af233[AssistPreviewPanel]: dispatchDetachedFromWindow
03-08 20:01:38.684  3108  3108 D InputEventReceiver: channel 'c75bbc8 AssistPreviewPanel (client)' ~ Disposing input event receiver.
03-08 20:01:38.684  3108  3108 D InputEventReceiver: channel 'c75bbc8 AssistPreviewPanel (client)' ~NativeInputEventReceiver.
03-08 20:01:38.684  1865  3973 W AppOps  : Finishing op nesting under-run: uid 10063 pkg com.android.systemui code 70 time=0 duration=0 nesting=0
03-08 20:01:38.690  3108  3108 D ViewRootImpl@7e9a6fa[DockedStackDivider]: dispatchDetachedFromWindow
03-08 20:01:38.690  3108  3108 D InputEventReceiver: channel '143e5e3 DockedStackDivider (client)' ~ Disposing input event receiver.
03-08 20:01:38.690  3108  3108 D InputEventReceiver: channel '143e5e3 DockedStackDivider (client)' ~NativeInputEventReceiver.
03-08 20:01:38.690  1865  3973 W AppOps  : Finishing op nesting under-run: uid 10063 pkg com.android.systemui code 70 time=0 duration=0 nesting=0
03-08 20:01:38.694  3108  3108 D ImageWallpaper: onOffsetsChanged: xOffset=0.0, yOffset=0.0, xOffsetStep=0.0, yOffsetStep=0.0, xPixels=0, yPixels=0
03-08 20:01:38.695  3108  3108 D ImageWallpaper: newRotation : 0,mLastRotation : 1
03-08 20:01:38.695  3108  3108 W SemDesktopModeManager: Desktop Mode feature not available or SemDesktopModeManager not instantiated. Please check Configuration.semDesktopModeEnabled instead.
03-08 20:01:38.695  3108  3108 D ImageWallpaper: redraw is not needed, because rotation
03-08 20:01:38.695  3108  3108 D WallpaperService: updateSurface forceRelayout=false redrawNeeded=false myWidth=1080 myHeight=1920 fixedSize=true x = 0 y = 0 mWidth=1080 mHeight=1920 mIsSleepMode=false
03-08 20:01:38.695  3108  3108 D ImageWallpaper: onVisibilityChanged: mVisible, visible=false, true
03-08 20:01:38.695  3108  3108 D ImageWallpaper: Visibility changed to visible=true
03-08 20:01:38.695  3108  3108 D ImageWallpaper: newRotation : 0,mLastRotation : 0
03-08 20:01:38.695  3108  3108 W SemDesktopModeManager: Desktop Mode feature not available or SemDesktopModeManager not instantiated. Please check Configuration.semDesktopModeEnabled instead.
03-08 20:01:38.695  3108  3108 D ImageWallpaper: drawFrame:[frame.width()]1080[frame.height()]1920
03-08 20:01:38.695  3108  3108 D ImageWallpaper: surfaceDimensionsChanged=false mDisplayWidth=1080 mDisplayHeight=1920
03-08 20:01:38.695  3108  3108 D ImageWallpaper: mNewKeyboard : 0 mLastKeyboard : 0 mForceDraw = false
03-08 20:01:38.695  3108  3108 D ImageWallpaper: redrawNeeded = false, mOffsetsChanged = false
03-08 20:01:38.695  3108  3108 D ImageWallpaper: Suppressed drawFrame since redraw is not needed and offsets have not changed.
03-08 20:01:38.695  3108  3108 D WallpaperService: reportVisibility onVisibilityChanged visible: true
03-08 20:01:38.695  3108  3108 D WallpaperService: updateSurface forceRelayout=true redrawNeeded=true myWidth=1080 myHeight=1920 fixedSize=true x = 0 y = 0 mWidth=1080 mHeight=1920 mIsSleepMode=false
03-08 20:01:38.696  1865  3973 V WindowManager: Relayout Window{458b886 u0 com.android.systemui.ImageWallpaper}: viewVisibility=0 req=1080x1920 WM.LayoutParams{(0,0)(1080x1920) gr=#800033 ty=2013 fl=#10318 fmt=2 wanim=0x103030e colorMode=0 naviIconColor=0 sfl=0x8}
03-08 20:01:38.700  3108  3108 D ImageWallpaper: onSurfaceRedrawNeeded
03-08 20:01:38.700  3108  3108 D ImageWallpaper: newRotation : 0,mLastRotation : 0
03-08 20:01:38.700  3108  3108 W SemDesktopModeManager: Desktop Mode feature not available or SemDesktopModeManager not instantiated. Please check Configuration.semDesktopModeEnabled instead.
03-08 20:01:38.700  3108  3108 D ImageWallpaper: drawFrame:[frame.width()]1080[frame.height()]1920
03-08 20:01:38.700  3108  3108 D ImageWallpaper: surfaceDimensionsChanged=false mDisplayWidth=1080 mDisplayHeight=1920
03-08 20:01:38.700  3108  3108 D ImageWallpaper: mNewKeyboard : 0 mLastKeyboard : 0 mForceDraw = false
03-08 20:01:38.701  3108  3108 D ImageWallpaper: redrawNeeded = false, mOffsetsChanged = false
03-08 20:01:38.701  3108  3108 D ImageWallpaper: Suppressed drawFrame since redraw is not needed and offsets have not changed.
03-08 20:01:38.701  3108  3108 D WallpaperService: updateSurface : finish redrawing
03-08 20:01:38.701  1865  3973 V WindowManager: finishDrawingLocked: mDrawState=COMMIT_DRAW_PENDING Window{458b886 u0 com.android.systemui.ImageWallpaper} in Surface(name=com.android.systemui.ImageWallpaper)
03-08 20:01:38.701  3108  3108 D ImageWallpaper: onOffsetsChanged: xOffset=0.0, yOffset=0.0, xOffsetStep=0.0, yOffsetStep=0.0, xPixels=0, yPixels=0
03-08 20:01:38.701  3108  3108 D ImageWallpaper: newRotation : 0,mLastRotation : 0
03-08 20:01:38.701  3108  3108 W SemDesktopModeManager: Desktop Mode feature not available or SemDesktopModeManager not instantiated. Please check Configuration.semDesktopModeEnabled instead.
03-08 20:01:38.701  3108  3108 D ImageWallpaper: drawFrame:[frame.width()]1080[frame.height()]1920
03-08 20:01:38.701  3108  3108 D ImageWallpaper: surfaceDimensionsChanged=false mDisplayWidth=1080 mDisplayHeight=1920
03-08 20:01:38.701  3108  3108 D ImageWallpaper: mNewKeyboard : 0 mLastKeyboard : 0 mForceDraw = false
03-08 20:01:38.701  3108  3108 D ImageWallpaper: redrawNeeded = false, mOffsetsChanged = false
03-08 20:01:38.701  3108  3108 D ImageWallpaper: Suppressed drawFrame since redraw is not needed and offsets have not changed.
03-08 20:01:38.709  1865  2437 I WindowManager: Screen frozen for +550ms due to Window{458b886 u0 com.android.systemui.ImageWallpaper}
03-08 20:01:38.709  3108  3336 D TileLifecycleManager: onStopListening
03-08 20:01:38.710  3108  3108 D KeyguardUpdateMonitor: handleConfigurationChanged
03-08 20:01:38.710  3108  3108 D ViewRootImpl@1c48cc8[StatusBar]: MSG_RESIZED_REPORT: frame=Rect(0, 0 - 1080, 72) ci=Rect(0, 0 - 0, 0) vi=Rect(0, 0 - 0, 0) or=1
03-08 20:01:38.711  3108  3336 D TileLifecycleManager: onStopListening
03-08 20:01:38.711   773   773 I SurfaceFlinger: id=7371 createSurf (3840x1080),-1 flag=20004, BlackSurface#0
03-08 20:01:38.713   773   773 I SurfaceFlinger: id=7372 createSurf (1920x2160),-1 flag=20004, BlackSurface#0
03-08 20:01:38.714  3108  3336 D Tile.WifiTile: handleUpdateState enabledChanging
03-08 20:01:38.715  3108  3823 V SystemUIAnalytics: SAPreference : 1104 / 1
03-08 20:01:38.716   773   773 I SurfaceFlinger: id=7373 createSurf (3840x1080),-1 flag=20004, BlackSurface#0
03-08 20:01:38.718   773   773 I SurfaceFlinger: id=7374 createSurf (1920x2160),-1 flag=20004, BlackSurface#0
03-08 20:01:38.719  3108  3823 V SystemUIAnalytics: SAPreference : 1105 / 0
03-08 20:01:38.720  3108  3336 D Tile.RotationLockTile:  handleUpdateState: false orientation = true
03-08 20:01:38.720  1865  2437 D InputDispatcher: setInputDispatchMode: enabled=1, frozen=0
03-08 20:01:38.723  3108  3336 D Tile.BluetoothTile: handleUpdateState enabled = false connected = false bluetoothState = 10
03-08 20:01:38.724   773   773 I SurfaceFlinger: Display 0 HWC layers:
03-08 20:01:38.724   773   773 I SurfaceFlinger:     type    |    handle    | flag |  format   |   source crop (l,t,r,b)    |         frame       | name 
03-08 20:01:38.724   773   773 I SurfaceFlinger: ------------+--------------+------+-----------+----------------------------+---------------------+------
03-08 20:01:38.724   773   773 I SurfaceFlinger:      Device | 0x71ad5c4900 | 0002 | RGBx_8888 |   0.0    0.0 1080.0 1920.0 |    0    0 1080 1920 | com.android.systemui.ImageWallpaper#0
03-08 20:01:38.724   773   773 I SurfaceFlinger:      Device | 0x71ad5e8000 | 0000 | RGBA_8888 |   0.0    0.0 1080.0 1920.0 |    0    0 1080 1920 | com.sec.android.app.launcher/com.sec[...]uncher.activities.LauncherActivity#0
03-08 20:01:38.724   773   773 I SurfaceFlinger:      Device | 0x71ad5c3380 | 0000 | RGBA_8888 |   0.0    0.0 1080.0   72.0 |    0    0 1080   72 | StatusBar#0
03-08 20:01:38.724   773   773 I SurfaceFlinger:      Device | 0x71b057bb80 | 0000 | RGBA_8888 |   0.0    0.0 1080.0 1920.0 |    0    0 1080 1920 | ScreenshotSurface#0
03-08 20:01:38.724   773   773 I SurfaceFlinger: 
03-08 20:01:38.724  3108  3823 V SystemUIAnalytics: SAPreference : 1107 / 1
03-08 20:01:38.724  3108  3823 V SystemUIAnalytics: SAPreference : 1106 / 0
03-08 20:01:38.724   717  2078 D audio_hw_primary: adev_set_parameters: enter: display_rotation=0
03-08 20:01:38.725   717  2078 V msm8974_platform: platform_set_parameters: enter: display_rotation=0
03-08 20:01:38.725   717  2078 V msm8974_platform: platform_set_parameters: exit with code(0)
03-08 20:01:38.725   717  2078 V audio_hw_sec: factory_set_parameters: enter: display_rotation=0
