03-11 18:35:13.428  1865  5655 D ApplicationPolicy: isStatusBarNotificationAllowedAsUser: packageName = com.android.systemui,userId = -1
03-11 18:35:13.428  1865  5655 D API test: getContainerInfo: value is 
03-11 18:35:13.428  1865  5655 D ApplicationPolicy: isStatusBarNotificationAllowedAsUser: packageName = com.android.systemui,userId = 0
03-11 18:35:13.428  1865  5655 D API test: getContainerInfo: value is 
03-11 18:35:13.429  3404  3404 D TelephonyExtension: Not stopping low battery tone
03-11 18:35:13.435  1865  1865 D AudioService: getStreamVolume 5 index 0
03-11 18:35:13.443  1865  5655 D Notification: allPendingIntents
03-11 18:35:13.448  1865  5595 D Notification: allPendingIntents
03-11 18:35:13.491  3108  3108 D KeyguardServiceBoxContainer: updateCMAS() hasCmasNotification = false, mHasCMAS = false
03-11 18:35:13.538  3108  3108 D swipe   : !isFreemformEnabled
03-11 18:35:13.556  3136  3136 E adbd    : recv: OPEN 0000068f 00000000 0010:73 68 65 6C 6C 2C 76 32 2C 72 61 77 3A 70 73 00 
03-11 18:35:13.556  3136  3136 E adbd    : service_to_fd: shell,v2,raw:ps
03-11 18:35:13.569 27935 27935 E propClient: PropClient failed to load
03-11 18:35:13.587 27935 27935 E propClient: PropClient failed to load
03-11 18:35:13.894   737  3710 E ANDR-PERF-MPCTL: poll() has timed out for /sys/module/msm_performance/events/cpu_hotplug
03-11 18:35:13.895   737  3710 E ANDR-PERF-MPCTL: Block on poll()
03-11 18:35:13.920  1004  1004 E audit   : type=1400 audit(1552347313.908:66342): avc:  denied  { read } for  pid=27710 comm="Thread-2" name="stat" dev="proc" ino=4026532368 scontext=u:r:untrusted_app:s0:c512,c768 tcontext=u:object_r:proc_stat:s0 tclass=file permissive=0 SEPF_SM-G930V_8.0.0_0016 audit_filtered
03-11 18:35:13.920  1004  1004 E audit   : type=1300 audit(1552347313.908:66342): arch=40000028 syscall=322 per=8 success=no exit=-13 a0=ffffff9c a1=c4c39b38 a2=20000 a3=0 items=0 ppid=1027 pid=27710 auid=4294967295 uid=10576 gid=10576 euid=10576 suid=10576 fsuid=10576 egid=10576 sgid=10576 fsgid=10576 tty=(none) ses=4294967295 comm="Thread-2" exe="/system/bin/app_process32" subj=u:r:untrusted_app:s0:c512,c768 key=(null)
03-11 18:35:13.920  1004  1004 E audit   : type=1327 audit(1552347313.908:66342): proctitle="com.TeamNA.GiftGame"
03-11 18:35:14.024  1004  1004 E audit   : type=1400 audit(1552347314.018:66343): avc:  denied  { read } for  pid=27710 comm="Thread-2" name="stat" dev="proc" ino=4026532368 scontext=u:r:untrusted_app:s0:c512,c768 tcontext=u:object_r:proc_stat:s0 tclass=file permissive=0 SEPF_SM-G930V_8.0.0_0016 audit_filtered
03-11 18:35:14.025  1004  1004 E audit   : type=1300 audit(1552347314.018:66343): arch=40000028 syscall=322 per=8 success=no exit=-13 a0=ffffff9c a1=c4c39b38 a2=20000 a3=0 items=0 ppid=1027 pid=27710 auid=4294967295 uid=10576 gid=10576 euid=10576 suid=10576 fsuid=10576 egid=10576 sgid=10576 fsgid=10576 tty=(none) ses=4294967295 comm="Thread-2" exe="/system/bin/app_process32" subj=u:r:untrusted_app:s0:c512,c768 key=(null)
03-11 18:35:14.025  1004  1004 E audit   : type=1327 audit(1552347314.018:66343): proctitle="com.TeamNA.GiftGame"
03-11 18:35:14.138  1004  1004 E audit   : type=1400 audit(1552347314.128:66344): avc:  denied  { read } for  pid=27710 comm="Thread-2" name="stat" dev="proc" ino=4026532368 scontext=u:r:untrusted_app:s0:c512,c768 tcontext=u:object_r:proc_stat:s0 tclass=file permissive=0 SEPF_SM-G930V_8.0.0_0016 audit_filtered
03-11 18:35:14.139  1004  1004 E audit   : type=1300 audit(1552347314.128:66344): arch=40000028 syscall=322 per=8 success=no exit=-13 a0=ffffff9c a1=c4c39b38 a2=20000 a3=0 items=0 ppid=1027 pid=27710 auid=4294967295 uid=10576 gid=10576 euid=10576 suid=10576 fsuid=10576 egid=10576 sgid=10576 fsgid=10576 tty=(none) ses=4294967295 comm="Thread-2" exe="/system/bin/app_process32" subj=u:r:untrusted_app:s0:c512,c768 key=(null)
03-11 18:35:14.139  1004  1004 E audit   : type=1327 audit(1552347314.128:66344): proctitle="com.TeamNA.GiftGame"
03-11 18:35:14.240  1004  1004 E audit   : type=1400 audit(1552347314.228:66345): avc:  denied  { read } for  pid=27710 comm="Thread-2" name="stat" dev="proc" ino=4026532368 scontext=u:r:untrusted_app:s0:c512,c768 tcontext=u:object_r:proc_stat:s0 tclass=file permissive=0 SEPF_SM-G930V_8.0.0_0016 audit_filtered
03-11 18:35:14.241  1004  1004 E audit   : type=1300 audit(1552347314.228:66345): arch=40000028 syscall=322 per=8 success=no exit=-13 a0=ffffff9c a1=c4c39b38 a2=20000 a3=0 items=0 ppid=1027 pid=27710 auid=4294967295 uid=10576 gid=10576 euid=10576 suid=10576 fsuid=10576 egid=10576 sgid=10576 fsgid=10576 tty=(none) ses=4294967295 comm="Thread-2" exe="/system/bin/app_process32" subj=u:r:untrusted_app:s0:c512,c768 key=(null)
03-11 18:35:14.241  1004  1004 E audit   : type=1327 audit(1552347314.228:66345): proctitle="com.TeamNA.GiftGame"
03-11 18:35:14.273  3108  3108 D vol.SecVolumeDialogImpl: dismissH reason: 3
03-11 18:35:14.276  3108  3108 D vol.SecVolumeDialogImpl: Set KeyguardStatubar Visibility : TRUE
03-11 18:35:14.276  3108  3108 D vol.SecVolumeDialogImpl: mLockScreenDialog is dismissing
03-11 18:35:14.276  3108  3108 D vol.VolumeDialogMotion: startDismiss
03-11 18:35:14.276  3108  3108 D vol.VolumeDialogMotion: mDismissing = true
03-11 18:35:14.276  3108  3108 D vol.VolumeDialogMotion: mAnimating = true
03-11 18:35:14.283  3108  3108 I vol.Events: writeEvent dismiss_dialog timeout
03-11 18:35:14.284  3108  3341 I vol.Events: writeEvent active_stream_changed UNKNOWN_STREAM_-1
03-11 18:35:14.284  3108  3341 D vol.VolumeDialogControl: updateActiveStreamW -1
03-11 18:35:14.285  3108  3341 D vol.VolumeDialogControl: forceVolumeControlStream -1
03-11 18:35:14.293  3108  3108 D vol.SecVolumeDialogImpl: updateWindowWidth lp.width=1248, mCurrentWindowWidth = 1248
03-11 18:35:14.293  3108  3108 D vol.SecVolumeDialogImpl: onStateChangedH animating=true
03-11 18:35:14.353  1004  1004 E audit   : type=1400 audit(1552347314.338:66346): avc:  denied  { read } for  pid=27710 comm="Thread-2" name="stat" dev="proc" ino=4026532368 scontext=u:r:untrusted_app:s0:c512,c768 tcontext=u:object_r:proc_stat:s0 tclass=file permissive=0 SEPF_SM-G930V_8.0.0_0016 audit_filtered
03-11 18:35:14.353  1004  1004 E audit   : type=1300 audit(1552347314.338:66346): arch=40000028 syscall=322 per=8 success=no exit=-13 a0=ffffff9c a1=c4c39b38 a2=20000 a3=0 items=0 ppid=1027 pid=27710 auid=4294967295 uid=10576 gid=10576 euid=10576 suid=10576 fsuid=10576 egid=10576 sgid=10576 fsgid=10576 tty=(none) ses=4294967295 comm="Thread-2" exe="/system/bin/app_process32" subj=u:r:untrusted_app:s0:c512,c768 key=(null)
03-11 18:35:14.355  1004  1004 E audit   : type=1327 audit(1552347314.338:66346): proctitle="com.TeamNA.GiftGame"
03-11 18:35:14.362  3108  3336 D NetworkController.MobileSignalController(0/1): onSignalStrengthsChanged signalStrength=SignalStrength: 99 99 -120 -160 -120 -1 -1 20 -101 -11 44 2147483647 0 2147483647 0x3000 P gsm|lte level=3
03-11 18:35:14.363  3108  3336 D NetworkController.MobileSignalController(0/1): getMobileIconGroup(): 13
03-11 18:35:14.363  1865  1865 D TelephonyManager: getCellLocation : Caller (PID / UID / TID): 1865 / 1000 / 1865
03-11 18:35:14.367  3108  3336 D NetworkController.MobileSignalController(0/1): updateVZWMobileIconGroup(): 13
03-11 18:35:14.384  3410  3873 D EPDG -- SIM0 [SMARTWIFI]: onSignalStrengthsChanged: Received signal strength change, phone type is: 2
03-11 18:35:14.384  3410  5492 D EPDG -- SIM0 [SMARTWIFI]: lastLteRSRP is -99currentLteRSRP is -101
03-11 18:35:14.384  3410  5492 D EPDG -- SIM0 [SMARTWIFI]: lastLteRSRQ is -11currentLteRSRQ is -11
03-11 18:35:14.384  3410  5492 D EPDG -- SIM0 [SMARTWIFI]: lastCdmaDb is -16currentCdmaDb is -16
03-11 18:35:14.385  3410  5492 V EPDG -- SIM0 [SMARTWIFI]: Radio oldest entry removed
03-11 18:35:14.385  3410  5492 V EPDG -- SIM0 [SMARTWIFI]: New entry : (SignalStrength: 99 99 -120 -160 -120 -1 -1 20 -101 -11 44 2147483647 0 2147483647 0x3000 P gsm|lte : 0 )
03-11 18:35:14.385  3410  5492 V EPDG -- SIM0 [SMARTWIFI]: Radio entry added
03-11 18:35:14.388  3108  3336 D NetworkController.MobileSignalController(0/1): callState:0, callStateByPhone:false voLTECall:false voiceNetTpe:13 dataNetType:13, ine911:false, emergencyCallbackMode:false
03-11 18:35:14.541  3108  3108 D vol.VolumeDialogMotion: dismiss.onAnimationEnd
03-11 18:35:14.591  3108  3108 D vol.VolumeDialogMotion: mDialog.dismiss()
03-11 18:35:14.596  3108  3108 D vol.SecVolumeDialogImpl: onViewDetachedFromWindow
03-11 18:35:14.616  3108  3476 D OpenGLRenderer: eglDestroySurface = 0x7a895fb050
03-11 18:35:14.618  3108  3108 D ViewRootImpl@bdcf5cb[SecVolumeDialogImpl]: dispatchDetachedFromWindow
03-11 18:35:14.619  3108  3108 D InputEventReceiver: channel '3242489 SecVolumeDialogImpl (client)' ~ Disposing input event receiver.
03-11 18:35:14.619  3108  3108 D InputEventReceiver: channel '3242489 SecVolumeDialogImpl (client)' ~NativeInputEventReceiver.
03-11 18:35:14.620  1865  3996 I WindowManager: Destroying surface Surface(name=SecVolumeDialogImpl) called by com.android.server.wm.WindowStateAnimator.destroySurface:2501 com.android.server.wm.WindowStateAnimator.destroySurfaceLocked:985 com.android.server.wm.WindowState.removeImmediately:2404 com.android.server.wm.WindowState.removeIfPossible:2612 com.android.server.wm.WindowState.removeIfPossible:2442 com.android.server.wm.WindowManagerService.removeWindow:2020 com.android.server.wm.Session.remove:237 android.view.IWindowSession$Stub.onTransact:242 
03-11 18:35:14.621   773  2528 I SurfaceFlinger: id=9408 Removed SecVolumeDialogImpl#0 (4/4)
03-11 18:35:14.623  1865  3996 W AppOps  : Finishing op nesting under-run: uid 10063 pkg com.android.systemui code 70 time=0 duration=0 nesting=0
03-11 18:35:14.623   773   847 I SurfaceFlinger: id=9408 Removed SecVolumeDialogImpl#0 (-2/4)
03-11 18:35:14.624   773   773 I Layer   : id=9408 onRemoved SecVolumeDialogImpl#0 
03-11 18:35:14.630   773   773 I SurfaceFlinger: Display 0 HWC layers:
03-11 18:35:14.630   773   773 I SurfaceFlinger:     type    |    handle    | flag |  format   |   source crop (l,t,r,b)    |         frame       | name 
03-11 18:35:14.630   773   773 I SurfaceFlinger: ------------+--------------+------+-----------+----------------------------+---------------------+------
03-11 18:35:14.630   773   773 I SurfaceFlinger:      Device | 0x71ad58e580 | 0002 | RGBx_8888 |   0.0    0.0  720.0 1280.0 |    0    0 1080 1920 | SurfaceView - com.TeamNA.GiftGame/com.epicgames.ue4.GameActivity@4de7d41@0#0
03-11 18:35:14.630   773   773 I SurfaceFlinger:      Device | 0x71ad58d480 | 0000 | RGBA_8888 |   0.0    0.0 1080.0 1920.0 |    0    0 1080 1920 | com.TeamNA.GiftGame/com.epicgames.ue4.GameActivity#1
03-11 18:35:14.630   773   773 I SurfaceFlinger: 
03-11 18:35:14.640  3108  3108 D vol.SecVolumeDialogImpl: onStop animating=true
03-11 18:35:14.640  3108  3108 D vol.VolumeDialogMotion: mDismissing = false
03-11 18:35:14.640  3108  3108 D vol.VolumeDialogMotion: mAnimating = false
03-11 18:35:14.640  3108  3108 D vol.VolumeDialogMotion: mDialog.onDismiss
03-11 18:35:14.640  3108  3108 D vol.SecVolumeDialogImpl: updateWindowWidth lp.width=1248, mCurrentWindowWidth = 1248
03-11 18:35:14.640  3108  3108 D vol.SecVolumeDialogImpl: onStateChangedH animating=false
03-11 18:35:14.651  3108  3108 D vol.SecVolumeDialogImpl: updateRowsH 2
03-11 18:35:14.651  3108  3108 D vol.SecVolumeDialogImpl: trimObsoleteH
03-11 18:35:14.652  3108  3108 D vol.SecVolumeDialogImpl: rescheduleTimeout 3000 com.android.systemui.volume.SecVolumeDialogImpl.onStateChangedH:1706
03-11 18:35:14.652  3108  3108 D vol.SecVolumeDialogImpl: updateVolumeRowH s=2, ss.level : 0, row.lastAudibleLevel : 1, row.ss.muted : true
03-11 18:35:14.652  1865  3996 D PowerManagerService: [api] [s] userActivity : event: 0 flags: 0 (uid: 10063 pid: 3108) eventTime = 358277618
03-11 18:35:14.652  3108  3108 D vol.SecVolumeDialogImpl: updateVolumeRowH s=3, ss.level : 400, row.lastAudibleLevel : 400, row.ss.muted : false
03-11 18:35:14.653  3108  3108 D vol.SecVolumeDialogImpl: updateVolumeRowH s=5, ss.level : 0, row.lastAudibleLevel : 1, row.ss.muted : true
03-11 18:35:14.653  3108  3108 D vol.SecVolumeDialogImpl: updateVolumeRowH s=1, ss.level : 0, row.lastAudibleLevel : 6, row.ss.muted : true
03-11 18:35:14.653  3108  3108 D vol.SecVolumeDialogImpl: updateVolumeRowH s=4, ss.level : 11, row.lastAudibleLevel : 11, row.ss.muted : false
03-11 18:35:14.653  3108  3108 D vol.SecVolumeDialogImpl: updateVolumeRowH s=0, ss.level : 7, row.lastAudibleLevel : 7, row.ss.muted : false
03-11 18:35:14.653  3108  3108 D vol.SecVolumeDialogImpl: updateVolumeRowH s=6, ss.level : 7, row.lastAudibleLevel : 7, row.ss.muted : false
03-11 18:35:14.653  3108  3108 D vol.SecVolumeDialogImpl: updateVolumeRowH s=10, ss.level : 7, row.lastAudibleLevel : 7, row.ss.muted : false
03-11 18:35:14.653  3108  3108 D vol.SecVolumeDialogImpl: updateVolumeRowH s=14, ss.level : 7, row.lastAudibleLevel : 7, row.ss.muted : false
03-11 18:35:14.653  3108  3108 D vol.SecVolumeDialogImpl: updateVolumeRowH s=11, ss.level : 0, row.lastAudibleLevel : 1, row.ss.muted : false
03-11 18:35:14.654  3108  3108 D vol.SecVolumeDialogImpl: updateVolumeRowH s=12, ss.level : 700, row.lastAudibleLevel : 700, row.ss.muted : false
03-11 18:35:14.654  3108  3108 D vol.SecVolumeDialogImpl: recheckH ALL
03-11 18:35:14.654  3108  3108 D vol.SecVolumeDialogImpl: trimObsoleteH
03-11 18:35:14.654  3108  3108 D vol.SecVolumeDialogImpl: updateVolumeRowH s=2, ss.level : 0, row.lastAudibleLevel : 1, row.ss.muted : true
03-11 18:35:14.655  3108  3108 D vol.SecVolumeDialogImpl: updateVolumeRowH s=3, ss.level : 400, row.lastAudibleLevel : 400, row.ss.muted : false
03-11 18:35:14.655  3108  3108 D vol.SecVolumeDialogImpl: updateVolumeRowH s=5, ss.level : 0, row.lastAudibleLevel : 1, row.ss.muted : true
03-11 18:35:14.656  3108  3108 D vol.SecVolumeDialogImpl: updateVolumeRowH s=1, ss.level : 0, row.lastAudibleLevel : 6, row.ss.muted : true
03-11 18:35:14.656  3108  3108 D vol.SecVolumeDialogImpl: updateVolumeRowH s=4, ss.level : 11, row.lastAudibleLevel : 11, row.ss.muted : false
03-11 18:35:14.657  3108  3108 D vol.SecVolumeDialogImpl: updateVolumeRowH s=0, ss.level : 7, row.lastAudibleLevel : 7, row.ss.muted : false
03-11 18:35:14.657  3108  3108 D vol.SecVolumeDialogImpl: updateVolumeRowH s=6, ss.level : 7, row.lastAudibleLevel : 7, row.ss.muted : false
03-11 18:35:14.658  3108  3108 D vol.SecVolumeDialogImpl: updateVolumeRowH s=10, ss.level : 7, row.lastAudibleLevel : 7, row.ss.muted : false
03-11 18:35:14.658  3108  3108 D vol.SecVolumeDialogImpl: updateVolumeRowH s=14, ss.level : 7, row.lastAudibleLevel : 7, row.ss.muted : false
03-11 18:35:14.658  3108  3108 D vol.SecVolumeDialogImpl: updateVolumeRowH s=11, ss.level : 0, row.lastAudibleLevel : 1, row.ss.muted : false
03-11 18:35:14.659  3108  3108 D vol.SecVolumeDialogImpl: updateVolumeRowH s=12, ss.level : 700, row.lastAudibleLevel : 700, row.ss.muted : false
03-11 18:35:14.704  1865  2468 D SamsungAlarmManager: Expired : 8
03-11 18:35:14.704  1865  2468 I SamsungAlarmManager: setLocked to kernel - T:3 / 20190311T183600, SetElapsed=1408062009, nowELAPSED=1408016713
03-11 18:35:14.705  1865  2468 V SamsungAlarmManager: Sending to uid : 10068 action=null alarm=Alarm{8361968 type 3 when 1408016713 com.asurion.android.verizon.vms}
03-11 18:35:14.723  1865  5595 D SamsungAlarmManager: setExact Intent (T:3/F:5/AC:false) 20190311T183519 - CU:10068/CP:4132
03-11 18:35:14.723  1865  5595 I SamsungAlarmManager: setLocked to kernel - T:3 / 20190311T183519, SetElapsed=1408021729, nowELAPSED=1408016732
03-11 18:35:14.860  3136  3136 E adbd    : recv: OPEN 00000695 00000000 0010:73 68 65 6C 6C 2C 76 32 2C 72 61 77 3A 70 73 00 
03-11 18:35:14.860  3136  3136 E adbd    : service_to_fd: shell,v2,raw:ps
03-11 18:35:14.882 27941 27941 E propClient: PropClient failed to load
03-11 18:35:14.897 27941 27941 E propClient: PropClient failed to load
03-11 18:35:15.011  1004  1004 E audit   : type=1400 audit(1552347314.998:66352): avc:  denied  { read } for  pid=27710 comm="Thread-2" name="stat" dev="proc" ino=4026532368 scontext=u:r:untrusted_app:s0:c512,c768 tcontext=u:object_r:proc_stat:s0 tclass=file permissive=0 SEPF_SM-G930V_8.0.0_0016 audit_filtered
03-11 18:35:15.011  1004  1004 E audit   : type=1300 audit(1552347314.998:66352): arch=40000028 syscall=322 per=8 success=no exit=-13 a0=ffffff9c a1=c4c39b38 a2=20000 a3=0 items=0 ppid=1027 pid=27710 auid=4294967295 uid=10576 gid=10576 euid=10576 suid=10576 fsuid=10576 egid=10576 sgid=10576 fsgid=10576 tty=(none) ses=4294967295 comm="Thread-2" exe="/system/bin/app_process32" subj=u:r:untrusted_app:s0:c512,c768 key=(null)
03-11 18:35:15.011  1004  1004 E audit   : type=1327 audit(1552347314.998:66352): proctitle="com.TeamNA.GiftGame"
03-11 18:35:15.123  1004  1004 E audit   : type=1400 audit(1552347315.108:66353): avc:  denied  { read } for  pid=27710 comm="Thread-2" name="stat" dev="proc" ino=4026532368 scontext=u:r:untrusted_app:s0:c512,c768 tcontext=u:object_r:proc_stat:s0 tclass=file permissive=0 SEPF_SM-G930V_8.0.0_0016 audit_filtered
03-11 18:35:15.123  1004  1004 E audit   : type=1300 audit(1552347315.108:66353): arch=40000028 syscall=322 per=8 success=no exit=-13 a0=ffffff9c a1=c4c39b38 a2=20000 a3=0 items=0 ppid=1027 pid=27710 auid=4294967295 uid=10576 gid=10576 euid=10576 suid=10576 fsuid=10576 egid=10576 sgid=10576 fsgid=10576 tty=(none) ses=4294967295 comm="Thread-2" exe="/system/bin/app_process32" subj=u:r:untrusted_app:s0:c512,c768 key=(null)
03-11 18:35:15.123  1004  1004 E audit   : type=1327 audit(1552347315.108:66353): proctitle="com.TeamNA.GiftGame"
03-11 18:35:15.150 14571 14590 D ContactsProvider_EventLog: contents_sample_state: [CONTACT contacts(27) data(68) accounts({vnd.sec.contact.phone (1)=27}) accounts deleted({}) calls([logtype:100 cnt:69, logtype:200 cnt:98, logtype:300 cnt:402]) countryIso(US) userId(0)  ]

03-11 18:35:15.150 14571 14590 D ContactsProvider_EventLog: contents_sample_state: [ agr({[1]=27})  ]

03-11 18:35:15.150 14571 14590 D ContactsProvider_EventLog: contents_sample_state: [ actCnt({com.samsung.android.email.provider(27634)=1, android.process.acore(14571)=1})  ]

03-11 18:35:15.150 14571 14590 D ContactsProvider_EventLog: contents_sample_state: [PROFILE contacts(1) data(2) accounts({vnd.sec.contact.phone (1)=1})  ]

03-11 18:35:15.150 14571 14590 D ContactsProvider_EventLog: contents_sample_state: [SAPROFILE contacts(1) data(5) accounts({vnd.sec.contact.phone (1)=1})  ]
03-11 18:35:15.154 14571 14590 E ContactsProvider_EventLog: Flush buffer to file cnt : 1 size : 1Kb duration : 3ms lastUpdatedAfter : 48814 ms mFlush_time_threasold : 2000 mCurrentSize : 608
03-11 18:35:15.226  1004  1004 E audit   : type=1400 audit(1552347315.218:66354): avc:  denied  { read } for  pid=27710 comm="Thread-2" name="stat" dev="proc" ino=4026532368 scontext=u:r:untrusted_app:s0:c512,c768 tcontext=u:object_r:proc_stat:s0 tclass=file permissive=0 SEPF_SM-G930V_8.0.0_0016 audit_filtered
03-11 18:35:15.227  1004  1004 E audit   : type=1300 audit(1552347315.218:66354): arch=40000028 syscall=322 per=8 success=no exit=-13 a0=ffffff9c a1=c4c39b38 a2=20000 a3=0 items=0 ppid=1027 pid=27710 auid=4294967295 uid=10576 gid=10576 euid=10576 suid=10576 fsuid=10576 egid=10576 sgid=10576 fsgid=10576 tty=(none) ses=4294967295 comm="Thread-2" exe="/system/bin/app_process32" subj=u:r:untrusted_app:s0:c512,c768 key=(null)
03-11 18:35:15.227  1004  1004 E audit   : type=1327 audit(1552347315.218:66354): proctitle="com.TeamNA.GiftGame"
03-11 18:35:15.340  1004  1004 E audit   : type=1400 audit(1552347315.328:66355): avc:  denied  { read } for  pid=27710 comm="Thread-2" name="stat" dev="proc" ino=4026532368 scontext=u:r:untrusted_app:s0:c512,c768 tcontext=u:object_r:proc_stat:s0 tclass=file permissive=0 SEPF_SM-G930V_8.0.0_0016 audit_filtered
03-11 18:35:15.340  1004  1004 E audit   : type=1300 audit(1552347315.328:66355): arch=40000028 syscall=322 per=8 success=no exit=-13 a0=ffffff9c a1=c4c39b38 a2=20000 a3=0 items=0 ppid=1027 pid=27710 auid=4294967295 uid=10576 gid=10576 euid=10576 suid=10576 fsuid=10576 egid=10576 sgid=10576 fsgid=10576 tty=(none) ses=4294967295 comm="Thread-2" exe="/system/bin/app_process32" subj=u:r:untrusted_app:s0:c512,c768 key=(null)
03-11 18:35:15.340  1004  1004 E audit   : type=1327 audit(1552347315.328:66355): proctitle="com.TeamNA.GiftGame"
03-11 18:35:15.457  1004  1004 E audit   : type=1400 audit(1552347315.448:66356): avc:  denied  { read } for  pid=27710 comm="Thread-2" name="stat" dev="proc" ino=4026532368 scontext=u:r:untrusted_app:s0:c512,c768 tcontext=u:object_r:proc_stat:s0 tclass=file permissive=0 SEPF_SM-G930V_8.0.0_0016 audit_filtered
03-11 18:35:15.458  1004  1004 E audit   : type=1300 audit(1552347315.448:66356): arch=40000028 syscall=322 per=8 success=no exit=-13 a0=ffffff9c a1=c4c39b38 a2=20000 a3=0 items=0 ppid=1027 pid=27710 auid=4294967295 uid=10576 gid=10576 euid=10576 suid=10576 fsuid=10576 egid=10576 sgid=10576 fsgid=10576 tty=(none) ses=4294967295 comm="Thread-2" exe="/system/bin/app_process32" subj=u:r:untrusted_app:s0:c512,c768 key=(null)
03-11 18:35:15.458  1004  1004 E audit   : type=1327 audit(1552347315.448:66356): proctitle="com.TeamNA.GiftGame"
03-11 18:35:15.552  1865  9170 D SSRM:g  : SIOP:: AP = 440, PST = 378 (W:6), BAT = 323, CHG = 366
03-11 18:35:15.643  1865  1865 D TelephonyManager: getCellLocation : Caller (PID / UID / TID): 1865 / 1000 / 1865
03-11 18:35:15.644  3108  3336 D NetworkController.MobileSignalController(0/1): onSignalStrengthsChanged signalStrength=SignalStrength: 99 99 -120 -160 -120 -1 -1 21 -101 -11 68 2147483647 0 2147483647 0x3000 P gsm|lte level=3
03-11 18:35:15.644  3108  3336 D NetworkController.MobileSignalController(0/1): getMobileIconGroup(): 13
03-11 18:35:15.644  3108  3336 D NetworkController.MobileSignalController(0/1): updateVZWMobileIconGroup(): 13
03-11 18:35:15.658  3410  3873 D EPDG -- SIM0 [SMARTWIFI]: onSignalStrengthsChanged: Received signal strength change, phone type is: 2
03-11 18:35:15.658  3410  5492 D EPDG -- SIM0 [SMARTWIFI]: lastLteRSRP is -101currentLteRSRP is -101
03-11 18:35:15.658  3410  5492 D EPDG -- SIM0 [SMARTWIFI]: lastLteRSRQ is -11currentLteRSRQ is -11
03-11 18:35:15.658  3410  5492 D EPDG -- SIM0 [SMARTWIFI]: lastCdmaDb is -16currentCdmaDb is -16
03-11 18:35:15.658  3410  5492 V EPDG -- SIM0 [SMARTWIFI]: Radio oldest entry removed
03-11 18:35:15.658  3410  5492 V EPDG -- SIM0 [SMARTWIFI]: New entry : (SignalStrength: 99 99 -120 -160 -120 -1 -1 21 -101 -11 68 2147483647 0 2147483647 0x3000 P gsm|lte : 0 )
03-11 18:35:15.658  3410  5492 V EPDG -- SIM0 [SMARTWIFI]: Radio entry added
03-11 18:35:15.661  3108  3336 D NetworkController.MobileSignalController(0/1): callState:0, callStateByPhone:false voLTECall:false voiceNetTpe:13 dataNetType:13, ine911:false, emergencyCallbackMode:false
03-11 18:35:16.108  1004  1004 E audit   : type=1400 audit(1552347316.098:66362): avc:  denied  { read } for  pid=27710 comm="Thread-2" name="stat" dev="proc" ino=4026532368 scontext=u:r:untrusted_app:s0:c512,c768 tcontext=u:object_r:proc_stat:s0 tclass=file permissive=0 SEPF_SM-G930V_8.0.0_0016 audit_filtered
03-11 18:35:16.108  1004  1004 E audit   : type=1300 audit(1552347316.098:66362): arch=40000028 syscall=322 per=8 success=no exit=-13 a0=ffffff9c a1=c4c39b38 a2=20000 a3=0 items=0 ppid=1027 pid=27710 auid=4294967295 uid=10576 gid=10576 euid=10576 suid=10576 fsuid=10576 egid=10576 sgid=10576 fsgid=10576 tty=(none) ses=4294967295 comm="Thread-2" exe="/system/bin/app_process32" subj=u:r:untrusted_app:s0:c512,c768 key=(null)
03-11 18:35:16.108  1004  1004 E audit   : type=1327 audit(1552347316.098:66362): proctitle="com.TeamNA.GiftGame"
03-11 18:35:16.128  3136  3136 E adbd    : recv: OPEN 00000699 00000000 0010:73 68 65 6C 6C 2C 76 32 2C 72 61 77 3A 70 73 00 
03-11 18:35:16.129  3136  3136 E adbd    : service_to_fd: shell,v2,raw:ps
03-11 18:35:16.142 27946 27946 E propClient: PropClient failed to load
03-11 18:35:16.155 27946 27946 E propClient: PropClient failed to load
03-11 18:35:16.214  1004  1004 E audit   : type=1400 audit(1552347316.198:66363): avc:  denied  { read } for  pid=27710 comm="Thread-2" name="stat" dev="proc" ino=4026532368 scontext=u:r:untrusted_app:s0:c512,c768 tcontext=u:object_r:proc_stat:s0 tclass=file permissive=0 SEPF_SM-G930V_8.0.0_0016 audit_filtered
03-11 18:35:16.214  1004  1004 E audit   : type=1300 audit(1552347316.198:66363): arch=40000028 syscall=322 per=8 success=no exit=-13 a0=ffffff9c a1=c4c39b38 a2=20000 a3=0 items=0 ppid=1027 pid=27710 auid=4294967295 uid=10576 gid=10576 euid=10576 suid=10576 fsuid=10576 egid=10576 sgid=10576 fsgid=10576 tty=(none) ses=4294967295 comm="Thread-2" exe="/system/bin/app_process32" subj=u:r:untrusted_app:s0:c512,c768 key=(null)
03-11 18:35:16.214  1004  1004 E audit   : type=1327 audit(1552347316.198:66363): proctitle="com.TeamNA.GiftGame"
03-11 18:35:16.328  1004  1004 E audit   : type=1400 audit(1552347316.318:66364): avc:  denied  { read } for  pid=27710 comm="Thread-2" name="stat" dev="proc" ino=4026532368 scontext=u:r:untrusted_app:s0:c512,c768 tcontext=u:object_r:proc_stat:s0 tclass=file permissive=0 SEPF_SM-G930V_8.0.0_0016 audit_filtered
03-11 18:35:16.328  1004  1004 E audit   : type=1300 audit(1552347316.318:66364): arch=40000028 syscall=322 per=8 success=no exit=-13 a0=ffffff9c a1=c4c39b38 a2=20000 a3=0 items=0 ppid=1027 pid=27710 auid=4294967295 uid=10576 gid=10576 euid=10576 suid=10576 fsuid=10576 egid=10576 sgid=10576 fsgid=10576 tty=(none) ses=4294967295 comm="Thread-2" exe="/system/bin/app_process32" subj=u:r:untrusted_app:s0:c512,c768 key=(null)
03-11 18:35:16.328  1004  1004 E audit   : type=1327 audit(1552347316.318:66364): proctitle="com.TeamNA.GiftGame"
03-11 18:35:16.429  1004  1004 E audit   : type=1400 audit(1552347316.418:66365): avc:  denied  { read } for  pid=27710 comm="Thread-2" name="stat" dev="proc" ino=4026532368 scontext=u:r:untrusted_app:s0:c512,c768 tcontext=u:object_r:proc_stat:s0 tclass=file permissive=0 SEPF_SM-G930V_8.0.0_0016 audit_filtered
03-11 18:35:16.431  1004  1004 E audit   : type=1300 audit(1552347316.418:66365): arch=40000028 syscall=322 per=8 success=no exit=-13 a0=ffffff9c a1=c4c39b38 a2=20000 a3=0 items=0 ppid=1027 pid=27710 auid=4294967295 uid=10576 gid=10576 euid=10576 suid=10576 fsuid=10576 egid=10576 sgid=10576 fsgid=10576 tty=(none) ses=4294967295 comm="Thread-2" exe="/system/bin/app_process32" subj=u:r:untrusted_app:s0:c512,c768 key=(null)
03-11 18:35:16.432  1004  1004 E audit   : type=1327 audit(1552347316.418:66365): proctitle="com.TeamNA.GiftGame"
03-11 18:35:16.449  1865  2511 D InputReader: Input event(6): value=1 when=358279415207000
03-11 18:35:16.449  1865  2511 D InputReader: Input event(6): value=1 when=358279415207000
03-11 18:35:16.449  1865  2511 I InputReader: Touch event's action is 0x0 (deviceType=0) [pCnt=1, s=0.34736 ] when=358279415207000
03-11 18:35:16.450  1865  2510 I InputDispatcher: Delivering touch to (27710): action: 0x0, toolType: 1
03-11 18:35:16.459 27710 27759 V threaded_app: New input event: type=2
03-11 18:35:16.462 27710 27710 D ViewRootImpl@f1c9a4b[GameActivity]: ViewPostIme pointer 0
03-11 18:35:16.467 27710 27758 D UE4     : [2019.03.11-23.35.16:467][496]LogSlate: FSceneViewport::OnFocusLost() reason 0
03-11 18:35:16.471   726   726 D SEC LightsHAL: button : 1 +
03-11 18:35:16.478 27710 27759 V threaded_app: New input event: type=2
03-11 18:35:16.496   726   726 D SEC LightsHAL: button : 1 -
03-11 18:35:16.496 27710 27759 V threaded_app: New input event: type=2
03-11 18:35:16.511 27710 27759 V threaded_app: New input event: type=2
03-11 18:35:16.515  1865  2511 D InputReader: Input event(6): value=0 when=358279481342000
03-11 18:35:16.515  1865  2511 D InputReader: Input event(6): value=0 when=358279481342000
03-11 18:35:16.515  1865  2511 I InputReader: Touch event's action is 0x1 (deviceType=0) [pCnt=1, s=] when=358279481342000
03-11 18:35:16.516  1865  2510 I InputDispatcher: Delivering touch to (27710): action: 0x1, toolType: 1
03-11 18:35:16.516 27710 27759 V threaded_app: New input event: type=2
03-11 18:35:16.518 27710 27710 D ViewRootImpl@f1c9a4b[GameActivity]: ViewPostIme pointer 1
03-11 18:35:16.529  1004  1004 E audit   : type=1400 audit(1552347316.518:66366): avc:  denied  { read } for  pid=27710 comm="Thread-2" name="stat" dev="proc" ino=4026532368 scontext=u:r:untrusted_app:s0:c512,c768 tcontext=u:object_r:proc_stat:s0 tclass=file permissive=0 SEPF_SM-G930V_8.0.0_0016 audit_filtered
03-11 18:35:16.529  1004  1004 E audit   : type=1300 audit(1552347316.518:66366): arch=40000028 syscall=322 per=8 success=no exit=-13 a0=ffffff9c a1=c4c39b38 a2=20000 a3=0 items=0 ppid=1027 pid=27710 auid=4294967295 uid=10576 gid=10576 euid=10576 suid=10576 fsuid=10576 egid=10576 sgid=10576 fsgid=10576 tty=(none) ses=4294967295 comm="Thread-2" exe="/system/bin/app_process32" subj=u:r:untrusted_app:s0:c512,c768 key=(null)
03-11 18:35:16.529  1004  1004 E audit   : type=1327 audit(1552347316.518:66366): proctitle="com.TeamNA.GiftGame"
03-11 18:35:16.532 27710 27758 D UE4     : [2019.03.11-23.35.16:532][500]Closing by request
03-11 18:35:16.533 27710 27758 D UE4     : [2019.03.11-23.35.16:532][500]LogWindows: FAndroidMisc::RequestExit(0)
03-11 18:35:16.541 27710 27758 D UE4     : [2019.03.11-23.35.16:541][501]LogAndroid: Exiting
03-11 18:35:16.555 27710 27846 D UE4     : *** JavaEnvDestructor: 27846
03-11 18:35:16.555 27710 27758 D AudioTrack: stop() called with 422440 frames delivered
03-11 18:35:16.556 27710 27758 D         : PlayerBase::stop() from IPlayer
03-11 18:35:16.557 27710 27758 D UE4     : [2019.03.11-23.35.16:557][501]LogAndroidAudio: Warning: OpenSLES Tearing Down HW
03-11 18:35:16.582 27710 27758 D UE4     : [2019.03.11-23.35.16:582][501]LogSlate: Request Window 'GiftGame (32-bit Development GLSL_ES2) ' being destroyed
03-11 18:35:16.586 27710 27876 D UE4     : *** JavaEnvDestructor: 27876
03-11 18:35:16.587 27710 27875 D UE4     : AndroidEGL::ResetDisplay()
03-11 18:35:16.590 27710 27875 D UE4     : *** JavaEnvDestructor: 27875
03-11 18:35:16.595 27710 27758 D UE4     : [2019.03.11-23.35.16:595][501]LogSlate: Window 'GiftGame (32-bit Development GLSL_ES2) ' being destroyed
03-11 18:35:16.598 27710 27758 D UE4     : [2019.03.11-23.35.16:598][501]LogSlate: Slate User Destroyed.  User Index 0, Is Virtual User: 0
03-11 18:35:16.600 27710 27949 D UE4     : *** JavaEnvDestructor: 27949
03-11 18:35:16.601 27710 27948 D UE4     : AndroidEGL::ResetDisplay()
03-11 18:35:16.606 27710 27948 D UE4     : *** JavaEnvDestructor: 27948
03-11 18:35:16.633  1044  2094 I SoundAlive_Interface: [ -282568960 ][ 48000 ]FlushBuffers()
03-11 18:35:16.634 27710 27758 D UE4     : AndroidEGL::ResetDisplay()
03-11 18:35:16.634  1044  2094 I SoundAlive_Core: [ -282568960 ][ 48000 ](interface-API)FlushBuffers()
03-11 18:35:16.634  1044  2094 D SoundAlive_Core: [ -282568960 ][ 48000 ](internal-API)ReOpen( ConfigMode : 1 )
03-11 18:35:16.634  1044  2094 I SoundAlive_Effect: [ -282568960 ][ 48000 ]Init() nch : 2  bitdepth : 0 
03-11 18:35:16.634  1044  2094 I SoundAlive_Effect: [ -282568960 ][ 48000 ]SamplingRateConfig() SamplingRate : 48000
03-11 18:35:16.634  1044  2094 I SoundAlive_Effect: [ -282568960 ][ 48000 ]OutDevConfig() OutDevConfig : 1
03-11 18:35:16.634  1044  2094 D SoundAlive_Core: [ -282568960 ][ 48000 ](internal-API)Set_Current_Effect_Configuration( ConfigMode : 1 )
03-11 18:35:16.634  1044  2094 I SoundAlive_Effect: [ -282568960 ][ 48000 ]Set_Preset() : 0
03-11 18:35:16.635  1044  2094 I SoundAlive_Effect: [ -282568960 ][ 48000 ]Set_User_BWE() 0
03-11 18:35:16.635  1044  2094 I SoundAlive_Effect: [ -282568960 ][ 48000 ]Set_User_CH() : 0
03-11 18:35:16.635  1044  2094 I SoundAlive_Effect: [ -282568960 ][ 48000 ]Set_SquareUI() : 4 , 4
03-11 18:35:16.635  1044  2094 I SoundAlive_Effect: [ -282568960 ][ 48000 ]Set_User_3D() : 0
03-11 18:35:16.635  1044  2094 I SoundAlive_Effect: [ -282568960 ][ 48000 ]Set_User_BE() : 0
03-11 18:35:16.648  1044  1354 V APM_AudioPolicyManager: stopOutput() output 29, stream 3, session 41657
03-11 18:35:16.648  1044  1354 V APM_AudioPolicyManager: setBeaconMute(1) mBeaconMuteRefCount=0 mBeaconPlayingRefCount=0
03-11 18:35:16.648  1044  1354 V APM_AudioPolicyManager: getNewOutputDevice() selected device 0
03-11 18:35:16.648  1044  1354 V APM_AudioPolicyManager: setOutputDevice() device 0000 delayMs 96
03-11 18:35:16.648  1044  1354 V APM_AudioPolicyManager: setOutputDevice() prevDevice 0x0002
03-11 18:35:16.648  1044  1354 V APM_AudioPolicyManager: setOutputDevice() setting same device 0x0000 or null device
03-11 18:35:16.648  1044  1354 V APM_AudioPolicyManager: selectOutputForMusicEffects selected output 13
03-11 18:35:16.648  1044  1354 V APM_AudioPolicyManager: releaseOutput() 29
03-11 18:35:16.896   737  3710 E ANDR-PERF-MPCTL: poll() has timed out for /sys/module/msm_performance/events/cpu_hotplug
03-11 18:35:16.896   737  3710 E ANDR-PERF-MPCTL: Block on poll()
03-11 18:35:16.915  1044 27885 W libutils.threads: Thread (this=0xf0834730): don't call waitForExit() from this Thread object's thread. It's a guaranteed deadlock!
03-11 18:35:17.077 27710 27758 D UE4     : AndroidEGL::DestroySurface()
03-11 18:35:17.262 27710 27758 D UE4     : [2019.03.11-23.35.17:262][501]LogMoviePlayer: Shutting down movie player
03-11 18:35:17.264 27710 27777 D UE4     : *** JavaEnvDestructor: 27777
03-11 18:35:17.265 27710 27768 D UE4     : *** JavaEnvDestructor: 27768
03-11 18:35:17.265 27710 27772 D UE4     : *** JavaEnvDestructor: 27772
03-11 18:35:17.266 27710 27773 D UE4     : *** JavaEnvDestructor: 27773
03-11 18:35:17.266 27710 27770 D UE4     : *** JavaEnvDestructor: 27770
03-11 18:35:17.266 27710 27771 D UE4     : *** JavaEnvDestructor: 27771
03-11 18:35:17.267 27710 27774 D UE4     : *** JavaEnvDestructor: 27774
03-11 18:35:17.267 27710 27775 D UE4     : *** JavaEnvDestructor: 27775
03-11 18:35:17.269 27710 27776 D UE4     : *** JavaEnvDestructor: 27776
03-11 18:35:17.272 27710 27769 D UE4     : *** JavaEnvDestructor: 27769
03-11 18:35:17.275 27710 27758 D UE4     : [2019.03.11-23.35.17:275][501]LogAndroid: Exiting is over
03-11 18:35:17.275 27710 27758 D UE4     : [2019.03.11-23.35.17:275][501]LogWindows: FAndroidMisc::RequestExit(1)
03-11 18:35:17.279 27710 27758 I zygote  : System.exit called, status: 0
03-11 18:35:17.280 27710 27758 I AndroidRuntime: VM exiting with result code 0, cleanup skipped.
03-11 18:35:17.379  3136  3136 E adbd    : recv: OPEN 0000069d 00000000 0010:73 68 65 6C 6C 2C 76 32 2C 72 61 77 3A 70 73 00 
03-11 18:35:17.379  3136  3136 E adbd    : service_to_fd: shell,v2,raw:ps
03-11 18:35:17.392 27952 27952 E propClient: PropClient failed to load
03-11 18:35:17.413 27952 27952 E propClient: PropClient failed to load
03-11 18:35:17.458  3090  3090 D InputEventReceiver: channel 'ClientState{5aee318 uid 10576 pid 27710} (client)' ~ Disposing input event receiver.
03-11 18:35:17.459  1865  5595 I ActivityManager: Process com.TeamNA.GiftGame (pid 27710) has died: fore TOP (387,1071)
03-11 18:35:17.459  3090  3090 D InputEventReceiver: channel 'ClientState{5aee318 uid 10576 pid 27710} (client)' ~NativeInputEventReceiver.
03-11 18:35:17.460  1865  3458 I WindowManager: WIN DEATH: Window{5550d32 u0 com.TeamNA.GiftGame/com.epicgames.ue4.GameActivity}
03-11 18:35:17.460  1865  5595 W ActivityManager: Force removing ActivityRecord{639864 u0 com.TeamNA.GiftGame/com.epicgames.ue4.GameActivity t796}: app died, no saved state
03-11 18:35:17.461  3378  3403 D ForegroundUtils: could not check pending caller
03-11 18:35:17.462   773   773 I SurfaceFlinger: removeLayer is called from message
03-11 18:35:17.462   773   773 I SurfaceFlinger: id=9406 Removed SurfaceView - com.TeamNA.GiftGame/com.epicgames.ue4.GameActivity@4de7d41@0#0 (1/4)
03-11 18:35:17.463   773   773 I SurfaceFlinger: removeLayer is called from message
03-11 18:35:17.463   773   773 I SurfaceFlinger: id=9407 Removed Background for - SurfaceView - com.TeamNA.GiftGame/com.epicgames.ue4.GameActivity@4de7d41@0#0 (0/4)
03-11 18:35:17.463  1865  3210 D SensorService: Calling activate off
03-11 18:35:17.465  1865  3210 I chatty  : uid=1000(system) Binder:1865_8 identical 1 line
03-11 18:35:17.470  1865  3210 D SensorService: Calling activate off
03-11 18:35:17.474  1865  3458 I WindowManager: Destroying surface Surface(name=com.TeamNA.GiftGame/com.epicgames.ue4.GameActivity) called by com.android.server.wm.WindowStateAnimator.destroySurface:2501 com.android.server.wm.WindowStateAnimator.destroySurfaceLocked:985 com.android.server.wm.WindowState.removeImmediately:2404 com.android.server.wm.WindowState.removeIfPossible:2612 com.android.server.wm.WindowState.-wrap1:0 com.android.server.wm.WindowState$DeathRecipient.binderDied:3151 android.os.BinderProxy.sendDeathNotice:841 <bottom of call stack> 
03-11 18:35:17.475   773  2528 I SurfaceFlinger: id=9405 Removed com.TeamNA.GiftGame/com.epicgames.ue4.GameActivity#1 (1/3)
03-11 18:35:17.475   773  2528 I SurfaceFlinger: id=9405 Removed com.TeamNA.GiftGame/com.epicgames.ue4.GameActivity#1 (-2/3)
03-11 18:35:17.478   773   773 I Layer   : id=9406 onRemoved SurfaceView - com.TeamNA.GiftGame/com.epicgames.ue4.GameActivity@4de7d41@0#0 
03-11 18:35:17.487   773   773 I Layer   : id=9405 onRemoved com.TeamNA.GiftGame/com.epicgames.ue4.GameActivity#1 
03-11 18:35:17.489   773   773 I Layer   : id=9407 onRemoved Background for - SurfaceView - com.TeamNA.GiftGame/com.epicgames.ue4.GameActivity@4de7d41@0#0 
03-11 18:35:17.490  1865  3458 D InputDispatcher: Focus left window: 27710
03-11 18:35:17.493   773   773 D SurfaceFlinger: postFramebuffer : visible layers are empty!!
03-11 18:35:17.496  1865  5595 D InputDispatcher: Focused application released
03-11 18:35:17.498  1865  5595 W MultiScreenManagerService: moveTaskBackToDisplayIfNeeded(): root activity or app is null, task=TaskRecord{5092321d0 #796 A=com.TeamNA.GiftGame U=0 StackId=1 sz=0}, rootActivity=null
03-11 18:35:17.498  1865  1865 D MdnieScenarioControlService: Listener Real Multi Window State : true
03-11 18:35:17.498  1865  1865 D CS_HdrController: MultiWindowEventListener::onFocusStackChanged(0)
03-11 18:35:17.519  1865  5595 D CustomFrequencyManagerService: acquireDVFSLockLocked : type : DVFS_MIN_LIMIT  frequency : 2150400  uid : 1000  pid : 1865  pkgName : AMS_APP_HOME@CPU_MIN@81
03-11 18:35:17.520  1865  5595 D ActivityManagerPerformance: AMP_acquire() HOME
03-11 18:35:17.522  1865  5595 D PersonaManagerService: Current focused persona service handled id set to : 0
03-11 18:35:17.522  1865  5595 D InputDispatcher: Focused application set to: xxxx
03-11 18:35:17.530  4078  4078 I Launcher: onWindowVisibilityChanged : false
03-11 18:35:17.530  1865  5595 V WindowManager: rotationForOrientationLw(orient=5, last=1); user=0 USER_ROTATION_LOCKED sensorRotation=-1 mLidState=-1 mDockMode=0 mHdmiPlugged=false
03-11 18:35:17.530  1865  5595 D SamsungPhoneWindowManager: setRotationLw() : rotation=0
03-11 18:35:17.530  1865  5595 D SamsungPhoneWindowManager: semDvfsWakeupBooster.acquire()
03-11 18:35:17.531  1865  5595 D CustomFrequencyManagerService: acquireDVFSLockLocked : type : DVFS_MIN_LIMIT  frequency : 2150400  uid : 1000  pid : 1865  pkgName : PWM_ROTATION@CPU_MIN@98
03-11 18:35:17.541  1865  5595 D InputDispatcher: setInputDispatchMode: enabled=1, frozen=1
03-11 18:35:17.543   773   773 I SurfaceFlinger: id=9409 createSurf (1080x1920),2 flag=4, ScreenshotSurface#0
03-11 18:35:17.544  1865  5595 V Surface : sf_framedrop debug : 0x4f4c, game : false, logging : 0
03-11 18:35:17.546   773   773 D SurfaceFlinger: postFramebuffer : visible layers are empty!!
03-11 18:35:17.546   773   773 V Surface : sf_framedrop debug : 0x4f4c, game : false, logging : 0
03-11 18:35:17.562   773   773 D DisplayDevice: [MultiResolution] Input Value : o = 0, v = (1080x1920), f = (1440x2560), pre-mScaledDisplay = (1080x1920), mDisplay = (1440x2560)
03-11 18:35:17.562   773   773 I SurfaceFlinger: Disp[0] Orientation 1=>0
03-11 18:35:17.563  1865  3210 V WindowManager: Relayout Window{dc56141 u0 com.sec.android.app.launcher/com.sec.android.app.launcher.activities.LauncherActivity}: viewVisibility=4 req=1080x1920 WM.LayoutParams{(0,0)(fillxfill) sim=#30 ty=1 fl=#81910d00 pfl=0x20000 fmt=-2 wanim=0x10302ea vsysui=0x700 needsMenuKey=2 colorMode=0 dimDuration=350 naviIconColor=0}
03-11 18:35:17.565   773   773 I SurfaceFlinger: Display 0 HWC layers:
03-11 18:35:17.565   773   773 I SurfaceFlinger:     type    |    handle    | flag |  format   |   source crop (l,t,r,b)    |         frame       | name 
03-11 18:35:17.565   773   773 I SurfaceFlinger: ------------+--------------+------+-----------+----------------------------+---------------------+------
03-11 18:35:17.565   773   773 I SurfaceFlinger:      Device | 0x71ad58e600 | 0000 | RGBA_8888 |   0.0    0.0 1080.0 1920.0 |    0    0 1080 1920 | ScreenshotSurface#0
03-11 18:35:17.565   773   773 I SurfaceFlinger: 
03-11 18:35:17.567  4078  4078 D ViewRootImpl@765b7f7[LauncherActivity]: Relayout returned: old=[0,0][1080,1920] new=[0,0][1080,1920] result=0x1 surface={valid=false 0} changed=false
03-11 18:35:17.568  1865  5595 I ActivityManager: Config changes=480 {0 1.0 themeSeq = 0 showBtnBg = 0 311mcc480mnc [en_US] ldltr sw360dp w360dp h616dp 480dpi nrml long port finger -keyb/v/h -nav/h appBounds=Rect(0, 0 - 1080, 1920) s.189 mkbd/h}
03-11 18:35:17.573   807   833 E Sensors : sns_reg.c(279):invalid data len: 1541402964 (126)
03-11 18:35:17.579  4078  4078 V Configuration:  needToUpdateOverlays
03-11 18:35:17.586  4078  4078 V Configuration:  needToUpdateOverlays
03-11 18:35:17.586  3090  3090 V Configuration:  needToUpdateOverlays
03-11 18:35:17.587  3090  3090 I chatty  : uid=10152(u0_a152) com.sec.android.inputmethod identical 26 lines
03-11 18:35:17.587  4078  4078 V Configuration:  needToUpdateOverlays
03-11 18:35:17.587  3090  3090 V Configuration:  needToUpdateOverlays
03-11 18:35:17.587  3090  3090 V Configuration:  needToUpdateOverlays
03-11 18:35:17.587  4078  4078 V Configuration:  needToUpdateOverlays
03-11 18:35:17.587  3090  3090 V Configuration:  needToUpdateOverlays
03-11 18:35:17.588  3090  3090 I chatty  : uid=10152(u0_a152) com.sec.android.inputmethod identical 23 lines
03-11 18:35:17.588  3090  3090 V Configuration:  needToUpdateOverlays
03-11 18:35:17.588  3090  3090 I SKBD    : SamsungKeypad onConfigurationChanged1
03-11 18:35:17.589  4078  4078 V Configuration:  needToUpdateOverlays
03-11 18:35:17.590  4078  4078 I chatty  : uid=10066(u0_a66) com.sec.android.app.launcher identical 3 lines
03-11 18:35:17.590  4078  4078 V Configuration:  needToUpdateOverlays
03-11 18:35:17.590 24191 24191 V Configuration:  needToUpdateOverlays
03-11 18:35:17.599  4078  4078 V Configuration:  needToUpdateOverlays
03-11 18:35:17.601  4078  4078 I chatty  : uid=10066(u0_a66) com.sec.android.app.launcher identical 13 lines
03-11 18:35:17.601  4078  4078 V Configuration:  needToUpdateOverlays
03-11 18:35:17.623 27729 27729 V Configuration:  needToUpdateOverlays
03-11 18:35:17.623 27729 27729 I chatty  : uid=10014(u0_a14) com.samsung.android.game.gametools identical 2 lines
03-11 18:35:17.623 27729 27729 V Configuration:  needToUpdateOverlays
03-11 18:35:17.627  6195  6195 V Configuration:  needToUpdateOverlays
03-11 18:35:17.651  3090  3090 I SKBD    : SamsungKeypad [IMI] onStartInput - caller pid : 27710, caller uid : 10576
03-11 18:35:17.652  3108  3108 D vol.SecVolumeDialogImpl: dismissH reason: 3
03-11 18:35:17.658  1865  5595 I ActivityManager: Override config changes=480 {0 1.0 themeSeq = 0 showBtnBg = 0 311mcc480mnc [en_US] ldltr sw360dp w360dp h616dp 480dpi nrml long port finger -keyb/v/h -nav/h appBounds=Rect(0, 0 - 1080, 1920) s.189 mkbd/h} for displayId=0
03-11 18:35:17.667  3949  3949 D SecUISvc: onConfigurationChanged, old dpi=480, new dpi=480
03-11 18:35:17.668  3126  3126 D ThemeManagerService: onConfigChanged - {0 1.0 themeSeq = 0 showBtnBg = 0 311mcc480mnc [en_US] ldltr sw360dp w360dp h616dp 480dpi nrml long port finger -keyb/v/h -nav/h appBounds=Rect(0, 0 - 1080, 1920) s.189 mkbd/h}
03-11 18:35:17.676  3404  3404 V Configuration:  needToUpdateOverlays
03-11 18:35:17.676  3404  3404 I chatty  : uid=1001(radio) com.android.phone identical 4 lines
03-11 18:35:17.676  3404  3404 V Configuration:  needToUpdateOverlays
03-11 18:35:17.676  3108  3108 V Configuration:  needToUpdateOverlays
03-11 18:35:17.677  3108  3108 I chatty  : uid=10063(u0_a63) com.android.systemui identical 1 line
03-11 18:35:17.677  3108  3108 V Configuration:  needToUpdateOverlays
03-11 18:35:17.679  1865  5595 I SamsungPhoneWindowManager: setInitialDisplaySize() width=1080, height=1920, density=480, initWidth=1440, initHeight=2560, initDensity=640
03-11 18:35:17.681  1865  5595 I SamsungPhoneWindowManager: setInitialDisplaySize() width=1080, height=1920, density=480, initWidth=1440, initHeight=2560, initDensity=640
03-11 18:35:17.683  3378  3378 V Configuration:  needToUpdateOverlays
03-11 18:35:17.683  3108  3108 V Configuration:  needToUpdateOverlays
03-11 18:35:17.683  3108  3108 V Configuration:  needToUpdateOverlays
03-11 18:35:17.686  4078  4078 D HomeContainer: setAlpha : 1.0
03-11 18:35:17.687  1865  5586 V WindowManager: Relayout Window{2a26354 u0 InputMethod}: viewVisibility=8 req=1080x0 WM.LayoutParams{(0,0)(fillxwrap) gr=#50 sim=#20 ty=2011 fl=#800108 fmt=-2 wanim=0x7f0e00e1 vsysui=0x300 needsMenuKey=2 colorMode=0 naviIconColor=0 sfl=0x800}
03-11 18:35:17.695  1865  2992 D GameManagerService: handleForegroundChange(). pkgName: com.sec.android.app.launcher, clsName: com.android.launcher3.Launcher,FgActivityName:com.sec.android.app.launcher/com.android.launcher3.Launcher
03-11 18:35:17.695 24651 24651 V Configuration:  needToUpdateOverlays
03-11 18:35:17.695  1865  2992 D GameManagerService: sem_perfomance_mode: 0
03-11 18:35:17.695 24651 24651 I chatty  : uid=10413(u0_a413) com.piriform.ccleaner identical 12 lines
03-11 18:35:17.695  1865  2992 D GameManagerService: notifyResumePause(). pkg: com.sec.android.app.launcher, type: 4, isMinimized: false, isTunableApp: false
03-11 18:35:17.695  1865  2992 D GameManagerService:   notifyResumePause(). do nothing. mKillNotiCount: 3
03-11 18:35:17.695 24651 24651 V Configuration:  needToUpdateOverlays
03-11 18:35:17.696  1865  5595 D MARsPolicyManager: onPackageResumedFG pkgName = com.sec.android.app.launcher, userId = 0
03-11 18:35:17.696  3090  3090 D ViewRootImpl@ac4754a[InputMethod]: Relayout returned: old=[0,185][1920,1080] new=[0,185][1920,1080] result=0x1 surface={valid=false 0} changed=false
03-11 18:35:17.699  3090  3090 I SKBD    : awo getNaviationBarHeight() first use took : 1
03-11 18:35:17.702  3108  3108 V Configuration:  needToUpdateOverlays
03-11 18:35:17.702  3108  3108 I chatty  : uid=10063(u0_a63) com.android.systemui identical 2 lines
03-11 18:35:17.702  3108  3108 V Configuration:  needToUpdateOverlays
03-11 18:35:17.703  3378  3378 I NfcP2pEventManager: changeConfiguration() in NfcService
03-11 18:35:17.707  1865  1865 D CS_HdrController: updateMultiWindowState : 0
03-11 18:35:17.707  1865  1865 D CodecSolution: MultiWindowEventListener::onMultiWindowFocusChanged(0)
03-11 18:35:17.707  1865  2074 W Looper  : Dispatch took 248ms on android.ui, h=Handler (com.android.server.am.ActivityManagerService$UiHandler) {79388ab} cb=null msg=32
03-11 18:35:17.708  1865  1865 D TelecomService: onConfigurationChanged {0 1.0 themeSeq = 0 showBtnBg = 0 311mcc480mnc [en_US] ldltr sw360dp w360dp h616dp 480dpi nrml long port finger -keyb/v/h -nav/h appBounds=Rect(0, 0 - 1080, 1920) as.3 s.189 mkbd/h}
03-11 18:35:17.710  1144  1294 D CommandListener: bwctrlcmd: argc=3 bandwidth removeniceapps ...
03-11 18:35:17.711  1144  1294 E IptablesRestoreController: [iptables debug]iptables-restore execute *filter
03-11 18:35:17.711  1144  1294 E IptablesRestoreController: -D bw_happy_box -m owner --uid-owner 10576 --jump RETURN
03-11 18:35:17.711  1144  1294 E IptablesRestoreController: COMMIT
03-11 18:35:17.712  1865  2111 W ActivityManager: setHasOverlayUi called on unknown pid: 27710
03-11 18:35:17.714  1865  2110 D TetheringConfiguration: NAP is enabled by CSCfeature
03-11 18:35:17.715  3108 29572 D vol.VolumeDialogControl.VC: setLayoutDirection
03-11 18:35:17.715  3385  3385 D DeviceLocale: onReceive
03-11 18:35:17.716  3385  4071 D EucModule: onLocaleChanged, languageCode=en
03-11 18:35:17.716  3090  3090 I SKBDC   : TymeCore cASl
03-11 18:35:17.716  3090  3090 I SKBDC   : ?? 50
03-11 18:35:17.717  3108  3341 D vol.VolumeDialogControl: onReceive ACTION_CONFIGURATION_CHANGED
03-11 18:35:17.720  3108  3108 V Configuration:  needToUpdateOverlays
03-11 18:35:17.722  3108  3108 I chatty  : uid=10063(u0_a63) com.android.systemui identical 84 lines
03-11 18:35:17.722  3108  3108 V Configuration:  needToUpdateOverlays
03-11 18:35:17.723  3378  3403 D ForegroundUtils: could not check pending caller
03-11 18:35:17.724  3108  3108 V Configuration:  needToUpdateOverlays
03-11 18:35:17.725  1865  3760 D Dex2oatAdjuster: Before bg size = 0
03-11 18:35:17.725  1865  1865 D GameManagerService: onDisplayChanged. displyId: 0, state: 2
03-11 18:35:17.725  1865  1865 D GameManagerService: dpi: 480, longPixel: 1920, shortPixel: 1080
03-11 18:35:17.726  1865  1865 I CAE     : handleMessage(CaPowerManager.java:173) - AP_WAKEUP_Already_Delivered
03-11 18:35:17.729  1144  1294 E IptablesRestoreController: [iptables debug]iptables-restore execute done *filter
03-11 18:35:17.729  1144  1294 E IptablesRestoreController: -D bw_happy_box -m owner --uid-owner 10576 --jump RETURN
03-11 18:35:17.729  1144  1294 E IptablesRestoreController: COMMIT
03-11 18:35:17.729  1144  1294 E IptablesRestoreController: , res : 0
03-11 18:35:17.729  1865  3760 D Dex2oatAdjuster: After bg size = 0 fg size = 0
03-11 18:35:17.732  3090  3090 I SKBD    : ajd [PF_KL][SIIC] getSelectedText done 16
