03-11 18:38:47.752   913   978 W libprocessgroup: kill(-21411, 9) failed: No such process
03-11 18:38:47.772   664   664 I Zygote  : Process 21411 exited due to signal (9)
03-11 18:38:47.796   913   978 W libprocessgroup: kill(-21411, 9) failed: No such process
03-11 18:38:47.796   913   978 I libprocessgroup: Successfully killed process cgroup uid 10018 pid 21411 in 44ms
03-11 18:38:47.800 22429 22581 I BugleDataModel: FixupMessageStatusOnStartupAction: sendFailedCnt: 0, downloadFailedCnt: 0, partsProcessingFailedCnt: 0
03-11 18:38:47.803 22429 22581 I BugleDataModel: PendingMessagesProcessor: process from FixupMessageStatusOnStartupAction due to connectivity changed with queues:
03-11 18:38:47.803 22429 22581 I BugleDataModel: ProcessPendingMessagesTimers: cleared next retry time for channel sms_send 
03-11 18:38:47.803 22429 22581 I BugleDataModel: ProcessPendingMessagesTimers: cleared next retry time for channel mms_send 
03-11 18:38:47.803 22429 22581 I BugleDataModel: ProcessPendingMessagesTimers: cleared next retry time for channel mms_download 
03-11 18:38:47.803 22429 22581 I BugleDataModel: ProcessPendingMessagesTimers: cleared next retry time for channel rcs_send 
03-11 18:38:47.803 22429 22581 I BugleDataModel: ProcessPendingMessagesTimers: cleared next retry time for channel rcs_ft_upload 
03-11 18:38:47.803 22429 22581 I BugleDataModel: ProcessPendingMessagesTimers: cleared next retry time for channel rcs_ft_download 
03-11 18:38:47.803 22429 22581 I BugleDataModel: ProcessPendingMessagesTimers: cleared next retry time for channel cloud_sync_send 
03-11 18:38:47.804 22429 22581 I BugleDataModel: ProcessPendingMessagesTimers: cleared next retry time for channel cloud_sync_attachment_download 
03-11 18:38:47.806 22429 22581 I BugleDataModel: PendingMessagesProcessor: process from ProcessPendingMessagesAction due to scheduled processing with queues:
03-11 18:38:48.137 22333 22372 D UE4     : [2019.03.11-23.38.48:137][  0]LogMoviePlayer: Initializing movie player
03-11 18:38:48.138 22333 22372 D UE4     : [2019.03.11-23.38.48:138][  0]LogTcpMessaging: Initializing TcpMessaging bridge, listening on 127.0.0.1:6666
03-11 18:38:48.184 32636 32646 I android.vendin: Background concurrent copying GC freed 605(159KB) AllocSpace objects, 119(4MB) LOS objects, 50% free, 4MB/9MB, paused 111us total 152.235ms
03-11 18:38:48.192 22333 22372 D UE4     : [2019.03.11-23.38.48:192][  0]LogUdpMessaging: Initializing bridge on interface 0.0.0.0:0 to multicast group 230.0.0.1:6666.
03-11 18:38:48.215 22333 22372 D UE4     : [2019.03.11-23.38.48:215][  0]LogAndroidPermission: UAndroidPermissionCallbackProxy::GetInstance
03-11 18:38:48.215 22333 22372 D UE4     : [2019.03.11-23.38.48:215][  0]LogOcInput: OculusInput pre-init called
03-11 18:38:48.239 22333 22372 D UE4     : [2019.03.11-23.38.48:239][  0]LogUObjectArray: 35064 objects as part of root set at end of initial load.
03-11 18:38:48.240 22333 22372 D UE4     : [2019.03.11-23.38.48:239][  0]LogUObjectArray: 2 objects are not in the root set, but can never be destroyed because they are in the DisregardForGC set.
03-11 18:38:48.240 22333 22372 D UE4     : [2019.03.11-23.38.48:240][  0]LogUObjectAllocator: 3861432 out of 0 bytes used by permanent object pool.
03-11 18:38:48.240 22333 22372 D UE4     : [2019.03.11-23.38.48:240][  0]LogUObjectArray: CloseDisregardForGC: 35064/35064 objects in disregard for GC pool
03-11 18:38:48.255 22333 22372 D UE4     : [2019.03.11-23.38.48:255][  0]LogAndroid: Display: Passed PreInit()
03-11 18:38:48.256 22333 22372 D UE4     : [2019.03.11-23.38.48:256][  0]LogEngine: Initializing Engine...
03-11 18:38:48.263 22333 22372 D UE4     : [2019.03.11-23.38.48:263][  0]LogStats: UGameplayTagsManager::ConstructGameplayTagTree: ImportINI prefixes -  0.000 s
03-11 18:38:48.263 22333 22372 D UE4     : [2019.03.11-23.38.48:263][  0]LogStats: UGameplayTagsManager::ConstructGameplayTagTree: Construct from data asset -  0.000 s
03-11 18:38:48.264 22333 22372 D UE4     : [2019.03.11-23.38.48:264][  0]LogStats: UGameplayTagsManager::ConstructGameplayTagTree: ImportINI -  0.000 s
03-11 18:38:48.264 22333 22372 D UE4     : [2019.03.11-23.38.48:264][  0]LogStats: UGameplayTagsManager::ConstructGameplayTagTree: GameplayTagTreeChangedEvent.Broadcast -  0.000 s
03-11 18:38:48.353 22333 22372 D UE4     : [2019.03.11-23.38.48:353][  0]LogInit: Initializing FReadOnlyCVARCache
03-11 18:38:48.354 22333 22372 D UE4     : [2019.03.11-23.38.48:354][  0]LogAndroidAudio: Warning: SL Entered Init HW
03-11 18:38:48.354 22333 22372 D UE4     : [2019.03.11-23.38.48:354][  0]LogAndroidAudio: Warning: OpenSLES Initializing HW
03-11 18:38:48.364 22333 22372 D UE4     : [2019.03.11-23.38.48:364][  0]LogAndroidAudio: Warning: OpenSLES Initialized
03-11 18:38:48.364 22333 22372 D UE4     : [2019.03.11-23.38.48:364][  0]LogAndroidAudio: Warning: OpenSLAudioDevice: Allocated 12 sources
03-11 18:38:48.365 22333 22372 D UE4     : [2019.03.11-23.38.48:365][  0]LogInit: FAudioDevice initialized.
03-11 18:38:48.366 22333 22372 D UE4     : [2019.03.11-23.38.48:366][  0]LogAudio: Warning: Can't increase channels past starting number!
03-11 18:38:48.368 22333 22372 D UE4     : [2019.03.11-23.38.48:367][  0]LogNetVersion: Set ProjectVersion to 1.0.0.0. Version Checksum will be recalculated on next use.
03-11 18:38:48.368 22333 22372 D UE4     : [2019.03.11-23.38.48:368][  0]LogInit: Texture streaming: Enabled
03-11 18:38:48.518 22333 22372 D UE4     : [2019.03.11-23.38.48:518][  0]LogAudio: Warning: Can't increase channels past starting number!
03-11 18:38:48.531 22333 22372 D UE4     : [2019.03.11-23.38.48:530][  0]LogSlate: Updating window title bar state: overlay mode, drag disabled, window buttons hidden, title bar hidden
03-11 18:38:48.532 22333 22372 D UE4     : [2019.03.11-23.38.48:532][  0]LogInit: Display: Game Engine Initialized.
03-11 18:38:48.532 22333 22372 D UE4     : [2019.03.11-23.38.48:532][  0]LogGameplayTags: Display: UGameplayTagsManager::DoneAddingNativeTags. DelegateIsBound: 0
03-11 18:38:48.532 22333 22372 D UE4     : [2019.03.11-23.38.48:532][  0]LogStats: UGameplayTagsManager::ConstructGameplayTagTree: ImportINI prefixes -  0.000 s
03-11 18:38:48.532 22333 22372 D UE4     : [2019.03.11-23.38.48:532][  0]LogStats: UGameplayTagsManager::ConstructGameplayTagTree: Construct from data asset -  0.000 s
03-11 18:38:48.533 22333 22372 D UE4     : [2019.03.11-23.38.48:533][  0]LogStats: UGameplayTagsManager::ConstructGameplayTagTree: ImportINI -  0.001 s
03-11 18:38:48.533 22333 22372 D UE4     : [2019.03.11-23.38.48:533][  0]LogStats: UGameplayTagsManager::ConstructGameplayTagTree: GameplayTagTreeChangedEvent.Broadcast -  0.000 s
03-11 18:38:48.611 22333 22372 D UE4     : [2019.03.11-23.38.48:611][  0]LogInit: Display: Starting Game.
03-11 18:38:48.611 22333 22372 D UE4     : [2019.03.11-23.38.48:611][  0]LogNet: Browse: /Game/Maps/MainGame?Name=Player
03-11 18:38:48.612 22333 22372 D UE4     : [2019.03.11-23.38.48:612][  0]LogLoad: LoadMap: /Game/Maps/MainGame?Name=Player
03-11 18:38:48.896   913  2722 W ActivityManager: Background start not allowed: service Intent { cmp=com.google.android.apps.messaging/.shared.datamodel.action.execution.ActionExecutorImpl$EmptyService } to com.google.android.apps.messaging/.shared.datamodel.action.execution.ActionExecutorImpl$EmptyService from pid=22429 uid=10086 pkg=com.google.android.apps.messaging startFg?=false
03-11 18:38:48.897 22429 22429 W BugleDataModel: ActionExecutorImpl: Action started execution, but we can't guarantee it will complete, the app may be killed. Action: class com.google.android.apps.messaging.shared.datamodel.action.GenericWorkerQueueAction-GenericWorkerQueueAction:292856906008
03-11 18:38:48.897 22429 22429 W BugleDataModel: java.lang.IllegalStateException: Not allowed to start service Intent { cmp=com.google.android.apps.messaging/.shared.datamodel.action.execution.ActionExecutorImpl$EmptyService }: app is in background uid UidRecord{f6adbc3 u0a86 CEM  idle change:cached procs:2 seq(0,0,0)}
03-11 18:38:48.897 22429 22429 W BugleDataModel: 	at android.app.ContextImpl.startServiceCommon(ContextImpl.java:1577)
03-11 18:38:48.897 22429 22429 W BugleDataModel: 	at android.app.ContextImpl.startService(ContextImpl.java:1532)
03-11 18:38:48.897 22429 22429 W BugleDataModel: 	at android.content.ContextWrapper.startService(ContextWrapper.java:664)
03-11 18:38:48.897 22429 22429 W BugleDataModel: 	at com.google.android.apps.messaging.shared.datamodel.action.execution.ActionExecutorImpl.c(SourceFile:115)
03-11 18:38:48.897 22429 22429 W BugleDataModel: 	at com.google.android.apps.messaging.shared.datamodel.action.execution.ActionExecutorImpl.a(SourceFile:21)
03-11 18:38:48.897 22429 22429 W BugleDataModel: 	at com.google.android.apps.messaging.shared.datamodel.action.execution.ActionExecutorImpl.a(SourceFile:16)
03-11 18:38:48.897 22429 22429 W BugleDataModel: 	at dll.c(SourceFile:9)
03-11 18:38:48.897 22429 22429 W BugleDataModel: 	at dlm.run(Unknown Source:2)
03-11 18:38:48.897 22429 22429 W BugleDataModel: 	at android.os.Handler.handleCallback(Handler.java:873)
03-11 18:38:48.897 22429 22429 W BugleDataModel: 	at android.os.Handler.dispatchMessage(Handler.java:99)
03-11 18:38:48.897 22429 22429 W BugleDataModel: 	at android.os.Looper.loop(Looper.java:193)
03-11 18:38:48.897 22429 22429 W BugleDataModel: 	at android.app.ActivityThread.main(ActivityThread.java:6718)
03-11 18:38:48.897 22429 22429 W BugleDataModel: 	at java.lang.reflect.Method.invoke(Native Method)
03-11 18:38:48.897 22429 22429 W BugleDataModel: 	at com.android.internal.os.RuntimeInit$MethodAndArgsCaller.run(RuntimeInit.java:493)
03-11 18:38:48.897 22429 22429 W BugleDataModel: 	at com.android.internal.os.ZygoteInit.main(ZygoteInit.java:858)
03-11 18:38:49.142 22333 22610 D UE4     : [2019.03.11-23.38.49:142][  0]LogTcpMessaging: Started Connection to '127.0.0.1:39962'
03-11 18:38:49.142 22333 22610 D UE4     : [2019.03.11-23.38.49:142][  0]LogTcpMessaging: Discovered node '9E80CC8048E68506EF3F4AAD07B71B31' on connection '127.0.0.1:39962'...
03-11 18:38:49.633   913   913 V SettingsProvider: Notifying for 0: content://settings/system/screen_brightness
03-11 18:38:49.923 22333 22375 D UE4     : Used memory: 287460
03-11 18:38:49.985 22333 22372 D UE4     : [2019.03.11-23.38.49:985][  0]LogStaticMesh: Warning: [WreathWSG] Mesh has more that 65535 vertices, incompatible with mobile; forcing 16-bit (will probably cause rendering issues).
03-11 18:38:50.056 22333 22372 D UE4     : [2019.03.11-23.38.50:056][  0]LogAIModule: Creating AISystem for world MainGame
03-11 18:38:50.057 22333 22372 D UE4     : [2019.03.11-23.38.50:057][  0]LogLoad: Game class is 'MenuGameMode_C'
03-11 18:38:50.076 22333 22372 D UE4     : [2019.03.11-23.38.50:076][  0]LogWorld: Bringing World /Game/Maps/MainGame.MainGame up for play (max tick rate 0) at 2019.03.11-18.38.50
03-11 18:38:50.078 22333 22372 D UE4     : [2019.03.11-23.38.50:078][  0]LogWorld: Bringing up level for play took: 0.019678
03-11 18:38:50.079 22333 22372 D UE4     : [2019.03.11-23.38.50:079][  0]LogOnline: Warning: OSS: FOnlineSubsystemGooglePlayModule was disabled
03-11 18:38:50.081 22333 22372 D UE4     : [2019.03.11-23.38.50:081][  0]LogGameMode: FindPlayerStart: PATHS NOT DEFINED or NO PLAYERSTART with positive rating
03-11 18:38:50.084 22333 22372 D UE4     : [2019.03.11-23.38.50:084][  0]LogUMG: Display: Widget Class MainMenuWidget_C - Loaded Fast Template.
03-11 18:38:50.092 22333 22372 D UE4     : [2019.03.11-23.38.50:092][  0]LogSlate: Took 0.000499 seconds to synchronously load lazily loaded font '../../../Engine/Content/Slate/Fonts/Roboto-Regular.ttf' (155K)
03-11 18:38:50.093 22333 22372 D UE4     : [2019.03.11-23.38.50:093][  0]LogUMG: Display: Widget Class EditableTextboxWidget_C - Loaded Fast Template.
03-11 18:38:50.097 22333 22372 D UE4     : [2019.03.11-23.38.50:097][  0]LogLoad: Took 1.485031 seconds to LoadMap(/Game/Maps/MainGame)
03-11 18:38:50.098 22333 22372 D UE4     : [2019.03.11-23.38.50:098][  0]LogSlate: Took 0.000322 seconds to synchronously load lazily loaded font '../../../GiftGame/Content/MyFonts/KOMIKAX_.ufont' (53K)
03-11 18:38:50.101 22333 22570 D UE4     : *** JavaEnvDestructor: 22570
03-11 18:38:50.165 22333 22568 D UE4     : AndroidEGL::ResetDisplay()
03-11 18:38:50.165 22333 22568 D UE4     : *** JavaEnvDestructor: 22568
03-11 18:38:50.175 22333 22372 D UE4     : [2019.03.11-23.38.50:175][  0]LogAndroid: Passed GEngineLoop.Init()
03-11 18:38:50.179 22333 22372 D UE4     : [2019.03.11-23.38.50:179][  0]LogAndroidEvents: Display: DequeueAppEvent : 9, 0
03-11 18:38:50.179 22333 22372 D UE4     : [2019.03.11-23.38.50:179][  0]LogAndroidEvents: Display: DequeueAppEvent : 7, 0
03-11 18:38:50.179 22333 22372 D UE4     : [2019.03.11-23.38.50:179][  0]LogAndroidEvents: Display: DequeueAppEvent : 0, 3436843016
03-11 18:38:50.180 22333 22372 D UE4     : APP_EVENT_STATE_WINDOW_CREATED, 0, 0, 1
03-11 18:38:50.180 22333 22372 D UE4     : [2019.03.11-23.38.50:180][  0]LogAndroidEvents: Display: ExecWindowCreated
03-11 18:38:50.180 22333 22372 D UE4     : AndroidEGL::ReInitWindow()
03-11 18:38:50.180 22333 22372 D UE4     : AndroidEGL::ReInit()
03-11 18:38:50.180 22333 22372 D UE4     : AndroidEGL::ResetDisplay()
03-11 18:38:50.180 22333 22372 D UE4     : AndroidEGL::InitSurface 0, 1
03-11 18:38:50.180 22333 22372 D UE4     : AndroidEGL::CreateEGLSurface() Already initialized: 0xc3931b60
03-11 18:38:50.180 22333 22372 D UE4     : ExecWindowCreated, 0, 1, 1
03-11 18:38:50.180 22333 22372 D UE4     : [2019.03.11-23.38.50:180][  0]LogTemp: Android resume audio
03-11 18:38:50.182 22333 22617 D UE4     : [2019.03.11-23.38.50:182][  0]LogRenderer: Reallocating scene render targets to support 1280x720 Format 2 NumSamples 1 (Frame:1).
03-11 18:38:50.184 22333 22372 D UE4     : Registering volume receiver
03-11 18:38:50.187 22333 22372 D UE4     : startVolumeReceiver: 0
03-11 18:38:50.187 22333 22372 D UE4     : nativeVolumeEvent(0)
03-11 18:38:50.187 22333 22372 D UE4     : Registering battery receiver
03-11 18:38:50.189 22333 22372 D UE4     : Registering headset receiver
03-11 18:38:50.189 22333 22333 D UE4     : Battery: status = 2, rawlevel = 82, scale = 100
03-11 18:38:50.190 22333 22333 D UE4     : nativeBatteryEvent(stat = 2, lvl = 82  temp = 33.00 C)
03-11 18:38:50.190 22333 22372 D UE4     : startHeadsetReceiver: 0
03-11 18:38:50.190 22333 22372 D UE4     : nativeHeadsetEvent(0)
03-11 18:38:50.190 22333 22372 D UE4     : [2019.03.11-23.38.50:190][  0]LogAndroid: Display: Low Power Mode Changed: 0
03-11 18:38:50.191 22333 22333 D UE4     : headsetReceiver::onReceive
03-11 18:38:50.191 22333 22333 D UE4     : nativeHeadsetEvent(0)
03-11 18:38:50.200 22333 22591 D UE4     : *** JavaEnvDestructor: 22591
03-11 18:38:50.205 22333 22617 D UE4     : [2019.03.11-23.38.50:205][  0]LogRHI: Using OpenGL program LRU cache: 0
03-11 18:38:50.236   681   681 I /vendor/bin/hw/android.hardware.health@2.0-service.marlin: SRAM data: 2542000
03-11 18:38:50.246 22333 22333 D UE4     : Battery: status = 2, rawlevel = 83, scale = 100
03-11 18:38:50.246 22333 22333 D UE4     : nativeBatteryEvent(stat = 2, lvl = 83  temp = 33.70 C)
03-11 18:38:50.249   681   681 I /vendor/bin/hw/android.hardware.health@2.0-service.marlin: SRAM data: 2542000
03-11 18:38:50.257   681   681 I /vendor/bin/hw/android.hardware.health@2.0-service.marlin: SRAM data: 2542000
03-11 18:38:50.260   685   685 E QCOM PowerHAL: extract_stats: failed to open: /d/wlan_wcnss/power_stats Error = No such file or directory
03-11 18:38:51.204 22333 22589 D UE4     : *** JavaEnvDestructor: 22589
03-11 18:38:51.204 22333 22590 D UE4     : *** JavaEnvDestructor: 22590
03-11 18:38:51.205 22333 22588 D UE4     : *** JavaEnvDestructor: 22588
03-11 18:38:51.306 22333 22372 D UE4     : [2019.03.11-23.38.51:306][  0]LogUdpMessaging: Initializing bridge on interface 0.0.0.0:0 to multicast group 230.0.0.1:6666.
03-11 18:38:51.322 22333 22586 D UE4     : *** JavaEnvDestructor: 22586
03-11 18:38:51.387  3741 17719 I EventLogSendingHelper: Sending log events.
03-11 18:38:51.407  3741  3773 I WorkerManager: dispose()
03-11 18:38:52.179 22333 22587 D UE4     : *** JavaEnvDestructor: 22587
03-11 18:38:52.281 22333 22610 D UE4     : [2019.03.11-23.38.52:281][  0]LogTcpMessaging: Lost node '9E80CC8048E68506EF3F4AAD07B71B31' on connection '127.0.0.1:39962'...
03-11 18:38:52.281 22333 22610 D UE4     : *** JavaEnvDestructor: 22610
03-11 18:38:52.383 22333 22372 D UE4     : [2019.03.11-23.38.52:383][  0]LogTcpMessaging: Initializing TcpMessaging bridge, listening on 127.0.0.1:6666
03-11 18:38:52.390 22333 22372 D UE4     : Execution has been resumed!
03-11 18:38:52.390 22333 22372 D UE4     : [2019.03.11-23.38.52:390][  0]LogAndroidEvents: Display: DequeueAppEvent : 6, 0
03-11 18:38:52.411   913  2722 W ActivityManager: Background start not allowed: service Intent { cmp=com.google.android.apps.messaging/.shared.datamodel.action.execution.ActionExecutorImpl$EmptyService } to com.google.android.apps.messaging/.shared.datamodel.action.execution.ActionExecutorImpl$EmptyService from pid=22429 uid=10086 pkg=com.google.android.apps.messaging startFg?=false
03-11 18:38:52.413 22333 22627 D UE4     : *** JavaEnvDestructor: 22627
03-11 18:38:52.578 22429 22429 I BugleRcs: RcsAvailability: updating
03-11 18:38:52.579 22429 22502 I BugleRcs: RcsAvailability: No minimum Cs.apk version is set, not checking Cs.apk version
03-11 18:38:52.583 22429 22502 I BugleRcs: RCS is disabled via P/H
03-11 18:38:52.583 22429 22502 I BugleRcs: RcsAvailability: config server url unavailable - Carrier is not RCS enabled
03-11 18:38:53.313 22333 22625 D UE4     : *** JavaEnvDestructor: 22625
03-11 18:38:53.314 22333 22626 D UE4     : *** JavaEnvDestructor: 22626
03-11 18:38:53.315 22333 22624 D UE4     : *** JavaEnvDestructor: 22624
03-11 18:38:53.586   913  2722 D WificondControl: Scan result ready event
03-11 18:38:53.599   913  1512 D WificondScannerImpl: Filtering out 8 scan results.
03-11 18:38:54.287 22333 22631 D UE4     : *** JavaEnvDestructor: 22631
03-11 18:38:54.386 22333 22630 D UE4     : *** JavaEnvDestructor: 22630
03-11 18:38:54.390 22333 22372 D UE4     : Unregistering volume receiver
03-11 18:38:54.392 22333 22372 D UE4     : Unregistering battery receiver
03-11 18:38:54.394 22333 22372 D UE4     : Unregistering headset receiver
03-11 18:38:54.402 22333 22618 D UE4     : *** JavaEnvDestructor: 22618
03-11 18:38:54.414 22333 22617 D UE4     : AndroidEGL::ResetDisplay()
03-11 18:38:54.415 22333 22617 D UE4     : *** JavaEnvDestructor: 22617
03-11 18:38:54.416 22333 22372 D UE4     : [2019.03.11-23.38.54:416][  0]LogTemp: Android pause audio
03-11 18:38:54.421 22333 22372 D UE4     : Execution has been paused...
03-11 18:38:54.421 22333 22372 D UE4     : [2019.03.11-23.38.54:421][  0]LogAndroidEvents: Display: DequeueAppEvent : 11, 0
03-11 18:38:54.421 22333 22372 D UE4     : [2019.03.11-23.38.54:421][  0]LogAndroidEvents: Display: DequeueAppEvent : 7, 0
03-11 18:38:54.488 22333 22372 D UE4     : [2019.03.11-23.38.54:488][  0]LogTemp: Android resume audio
03-11 18:38:54.488 22333 22372 D UE4     : Registering volume receiver
03-11 18:38:54.491 22333 22372 D UE4     : startVolumeReceiver: 0
03-11 18:38:54.491 22333 22372 D UE4     : nativeVolumeEvent(0)
03-11 18:38:54.491 22333 22372 D UE4     : Registering battery receiver
03-11 18:38:54.494 22333 22372 D UE4     : Registering headset receiver
03-11 18:38:54.497 22333 22372 D UE4     : startHeadsetReceiver: 0
03-11 18:38:54.497 22333 22372 D UE4     : nativeHeadsetEvent(0)
03-11 18:38:54.497 22333 22372 D UE4     : [2019.03.11-23.38.54:497][  0]LogUdpMessaging: Initializing bridge on interface 0.0.0.0:0 to multicast group 230.0.0.1:6666.
03-11 18:38:54.499 22333 22333 D UE4     : headsetReceiver::onReceive
03-11 18:38:54.499 22333 22333 D UE4     : nativeHeadsetEvent(0)
03-11 18:38:54.506 22333 22372 D UE4     : [2019.03.11-23.38.54:506][  0]LogTcpMessaging: Initializing TcpMessaging bridge, listening on 127.0.0.1:6666
03-11 18:38:54.508 22333 22372 D UE4     : Execution has been resumed!
03-11 18:38:54.562 22333 22608 D         : PlayerBase::PlayerBase()
03-11 18:38:54.562 22333 22608 D         : TrackPlayerBase::TrackPlayerBase()
03-11 18:38:54.563 22333 22608 I libOpenSLES: Emulating old channel mask behavior (ignoring positional mask 0x3, using default mask 0x3 based on channel count of 2)
03-11 18:38:54.564   692 15016 D AudioFlinger: Client defaulted notificationFrames to 590 for frameCount 1772
03-11 18:38:54.565 22333 22608 W AudioTrack: AUDIO_OUTPUT_FLAG_FAST denied by server; frameCount 0 -> 1772
03-11 18:38:54.570   667   667 W AshmemAllocator: ashmem_create_region(7680) returning hidl_memory(0x790b22c100, 7680)
03-11 18:38:54.572   667   667 W AshmemAllocator: ashmem_create_region(7680) returning hidl_memory(0x790b22c100, 7680)
03-11 18:38:54.583   670   890 E volume_listener: check_and_set_gain_dep_cal: Failed to set gain dep cal level
03-11 18:38:54.584   670 11520 I ACDB-LOADER: ACDB AFE returned = -19
03-11 18:38:54.584  2167  2176 E ANDR-PERF-OPTSHANDLER: Warning: Resource [2, 0] not supported for core 1. Instead use resource for core 0
03-11 18:38:54.584   670 11520 D hardware_info: hw_info_append_hw_type : device_name = speaker
03-11 18:38:54.584  2167  2176 E ANDR-PERF-RESOURCEQS: Failed to apply optimization [2, 2, 0]
03-11 18:38:54.584   670 11520 D audio_hw_primary: enable_snd_device: snd_device(2: speaker)
03-11 18:38:54.584   670 11520 D audio_route: Apply path: speaker
03-11 18:38:54.584   670 11520 D audio_hw_primary: enable_audio_route: usecase(5) apply and update mixer path: audio-ull-playback speaker
03-11 18:38:54.584   670 11520 D audio_route: Apply path: audio-ull-playback speaker
03-11 18:38:54.605   670 11520 D audio_hw_primary: out_write: retry previous failed cal level set
03-11 18:38:55.060 22333 22634 D UE4     : [2019.03.11-23.38.55:060][  0]LogRHI: AndroidEGL:SwapBuffers eglGetCompositorTimingANDROID EGL_COMPOSITE_DEADLINE_ANDROID=136737980250875, EGL_COMPOSITE_INTERVAL_ANDROID=16688022, EGL_COMPOSITE_TO_PRESENT_LATENCY_ANDROID=10688022
03-11 18:38:55.062 22333 22634 D UE4     : [2019.03.11-23.38.55:062][  0]LogRHI: JNI Display getPresentationDeadlineNanos=11666666 getAppVsyncOffsetNanos=2000000 getRefreshRate=60.000004
03-11 18:38:55.062 22333 22634 D UE4     : [2019.03.11-23.38.55:062][  0]LogRHI: Final display timing metrics: DriverRefreshRate=59.9232  DriverRefreshNanos=16688022  DriverDeadlineNanos=10666666  DriverAppVsyncOffsetNanos=2000000
03-11 18:38:55.062 22333 22634 D UE4     : [2019.03.11-23.38.55:062][  0]LogRHI: AndroidEGL:SwapBuffers Min=0, Max=1, Request=1, ClosestDriver=1, SetDriver=1
03-11 18:38:55.068 22333 22372 D UE4     : [2019.03.11-23.38.55:068][  0]LogSlate: Slate font cache was flushed
03-11 18:38:55.081 22333 22372 D UE4     : [2019.03.11-23.38.55:081][  1]LogSlate: Took 0.000889 seconds to synchronously load lazily loaded font '../../../Engine/Content/Slate/Fonts/Roboto-Regular.ttf' (155K)
03-11 18:38:55.082 22333 22372 D UE4     : [2019.03.11-23.38.55:082][  1]LogSlate: Took 0.000362 seconds to synchronously load lazily loaded font '../../../GiftGame/Content/MyFonts/KOMIKAX_.ufont' (53K)
03-11 18:38:55.180   913   913 V SettingsProvider: Notifying for 0: content://settings/system/screen_brightness
03-11 18:38:56.511 22333 22649 D UE4     : [2019.03.11-23.38.56:511][ 84]LogTcpMessaging: Started Connection to '127.0.0.1:40769'
03-11 18:38:56.511 22333 22649 D UE4     : [2019.03.11-23.38.56:511][ 84]LogTcpMessaging: Discovered node '9E80CC8048E68506EF3F4AAD07B71B31' on connection '127.0.0.1:40769'...
03-11 18:38:56.813 22333 22373 V threaded_app: New input event: type=2
03-11 18:38:56.825 22333 22373 V threaded_app: New input event: type=2
03-11 18:38:56.827 22333 22372 D UE4     : [2019.03.11-23.38.56:827][103]LogSlate: FSceneViewport::OnFocusLost() reason 0
03-11 18:38:56.842 22333 22373 V threaded_app: New input event: type=2
03-11 18:38:58.739 22333 22373 I chatty  : uid=10382(com.TeamNA.GiftGame) identical 7 lines
03-11 18:38:58.740 22333 22373 V threaded_app: New input event: type=2
03-11 18:38:58.758 22333 22372 D UE4     : [2019.03.11-23.38.58:758][216]LogScript: Warning: Script Msg: Attempted to access index 3 from array 'PlayerArray' of length 3 in '/Game/Maps/MainMenuWidget.MainMenuWidget_C'!
03-11 18:38:58.758 22333 22372 D UE4     : [2019.03.11-23.38.58:758][216]LogScript: Warning: Accessed None trying to read property CallFunc_Array_Get_Item1
03-11 18:38:58.759 22333 22372 D UE4     : 	MainMenuWidget_C /Engine/Transient.GameEngine_0:GameInstance_0.MainMenuWidget_C_0
03-11 18:38:58.759 22333 22372 D UE4     : 	Function /Game/Maps/MainMenuWidget.MainMenuWidget_C:ExecuteUbergraph_MainMenuWidget:07E3
03-11 18:38:58.759 22333 22372 D UE4     : [2019.03.11-23.38.58:759][216]LogScript: Warning: Script call stack:
03-11 18:38:58.759 22333 22372 D UE4     : 	Function /Game/Maps/MainMenuWidget.MainMenuWidget_C:BndEvt__Back_K2Node_ComponentBoundEvent_3_OnButtonClickedEvent__DelegateSignature
03-11 18:38:58.759 22333 22372 D UE4     : 	Function /Game/Maps/MainMenuWidget.MainMenuWidget_C:ExecuteUbergraph_MainMenuWidget
03-11 18:38:58.759 22333 22372 D UE4     : 
03-11 18:38:58.759 22333 22372 D UE4     : [2019.03.11-23.38.58:759][216]LogScript: Warning: Accessed None
03-11 18:38:58.759 22333 22372 D UE4     : 	MainMenuWidget_C /Engine/Transient.GameEngine_0:GameInstance_0.MainMenuWidget_C_0
03-11 18:38:58.760 22333 22372 D UE4     : 	Function /Game/Maps/MainMenuWidget.MainMenuWidget_C:ExecuteUbergraph_MainMenuWidget:07F8
03-11 18:38:58.760 22333 22372 D UE4     : [2019.03.11-23.38.58:760][216]LogScript: Warning: Script call stack:
03-11 18:38:58.760 22333 22372 D UE4     : 	Function /Game/Maps/MainMenuWidget.MainMenuWidget_C:BndEvt__Back_K2Node_ComponentBoundEvent_3_OnButtonClickedEvent__DelegateSignature
03-11 18:38:58.760 22333 22372 D UE4     : 	Function /Game/Maps/MainMenuWidget.MainMenuWidget_C:ExecuteUbergraph_MainMenuWidget
03-11 18:38:58.760 22333 22372 D UE4     : 
03-11 18:38:58.760 22333 22372 D UE4     : [2019.03.11-23.38.58:760][216]LogBlueprintUserMessages: [MainMenuWidget_C_0] 
03-11 18:38:58.761 22333 22372 D UE4     : [2019.03.11-23.38.58:760][216]LogUMG: Display: Widget Class MainGameWidget_C - Loaded Fast Template.
03-11 18:38:58.782 22333 22372 D UE4     : [2019.03.11-23.38.58:782][216]LogSlate: Took 0.003416 seconds to synchronously load lazily loaded font '../../../Engine/Content/EngineFonts/Faces/RobotoBold.ufont' (160K)
03-11 18:38:59.850 22333 22375 D UE4     : Used memory: 418788
03-11 18:39:00.570 22333 22373 V threaded_app: New input event: type=2
03-11 18:39:00.610 22333 22373 I chatty  : uid=10382(com.TeamNA.GiftGame) identical 1 line
03-11 18:39:00.612 22333 22373 V threaded_app: New input event: type=2
03-11 18:39:00.615 22333 22372 D UE4     : [2019.03.11-23.39.00:614][324]LogScript: Warning: Script Msg: Attempted to access index 0 from array 'PlayerScores' of length 0 in '/Game/Maps/MenuGameMode.MenuGameMode_C'!
03-11 18:39:01.293 22333 22373 V threaded_app: New input event: type=2
03-11 18:39:01.375 22333 22373 I chatty  : uid=10382(com.TeamNA.GiftGame) identical 5 lines
03-11 18:39:01.375 22333 22373 V threaded_app: New input event: type=2
03-11 18:39:01.379 22333 22372 D UE4     : [2019.03.11-23.39.01:379][369]LogScript: Warning: Script Msg: Attempted to access index 1 from array 'PlayerScores' of length 1 in '/Game/Maps/MenuGameMode.MenuGameMode_C'!
03-11 18:39:01.819 22333 22373 V threaded_app: New input event: type=2
03-11 18:39:01.938 22333 22373 I chatty  : uid=10382(com.TeamNA.GiftGame) identical 5 lines
03-11 18:39:01.938 22333 22373 V threaded_app: New input event: type=2
03-11 18:39:01.947 22333 22372 D UE4     : [2019.03.11-23.39.01:947][403]LogScript: Warning: Script Msg: Attempted to access index 1 from array 'PlayerScores' of length 1 in '/Game/Maps/MenuGameMode.MenuGameMode_C'!
03-11 18:39:02.161 22333 22373 V threaded_app: New input event: type=2
03-11 18:39:02.254 22333 22373 I chatty  : uid=10382(com.TeamNA.GiftGame) identical 5 lines
03-11 18:39:02.254 22333 22373 V threaded_app: New input event: type=2
03-11 18:39:02.270 22333 22372 D UE4     : [2019.03.11-23.39.02:270][422]LogScript: Warning: Script Msg: Attempted to access index 2 from array 'PlayerScores' of length 2 in '/Game/Maps/MenuGameMode.MenuGameMode_C'!
03-11 18:39:02.432 22333 22373 V threaded_app: New input event: type=2
03-11 18:39:02.525 22333 22373 I chatty  : uid=10382(com.TeamNA.GiftGame) identical 2 lines
03-11 18:39:02.526 22333 22373 V threaded_app: New input event: type=2
03-11 18:39:02.529 22333 22372 D UE4     : [2019.03.11-23.39.02:529][438]LogScript: Warning: Script Msg: Attempted to access index 2 from array 'PlayerScores' of length 2 in '/Game/Maps/MenuGameMode.MenuGameMode_C'!
03-11 18:39:02.621 22333 22373 V threaded_app: New input event: type=2
03-11 18:39:04.021 22333 22373 I chatty  : uid=10382(com.TeamNA.GiftGame) identical 63 lines
03-11 18:39:04.047 22333 22373 V threaded_app: New input event: type=2
03-11 18:39:04.052 22333 22372 D UE4     : [2019.03.11-23.39.04:052][526]LogSlate: FSceneViewport::OnFocusLost() reason 0
03-11 18:39:04.082 22333 22373 V threaded_app: New input event: type=2
03-11 18:39:06.121 22333 22373 I chatty  : uid=10382(com.TeamNA.GiftGame) identical 95 lines
03-11 18:39:06.122 22333 22373 V threaded_app: New input event: type=2
03-11 18:39:06.132 22333 22372 D UE4     : [2019.03.11-23.39.06:132][651]LogUMG: Display: Widget Class EndScreenWidget_C - Loaded Fast Template.
03-11 18:39:07.912 22333 22373 V threaded_app: New input event: type=2
03-11 18:39:08.036 22333 22373 I chatty  : uid=10382(com.TeamNA.GiftGame) identical 3 lines
03-11 18:39:08.037 22333 22373 V threaded_app: New input event: type=2
03-11 18:39:08.050 22333 22372 D UE4     : [2019.03.11-23.39.08:050][764]LogUMG: Display: Widget Class CreditsWidget_C - Loaded Fast Template.
03-11 18:39:08.669 22333 22373 V threaded_app: New input event: type=2
03-11 18:39:08.734 22333 22373 I chatty  : uid=10382(com.TeamNA.GiftGame) identical 3 lines
03-11 18:39:08.735 22333 22373 V threaded_app: New input event: type=2
03-11 18:39:08.997   681   681 I /vendor/bin/hw/android.hardware.health@2.0-service.marlin: SRAM data: 2542000
03-11 18:39:09.007 22333 22333 D UE4     : Battery: status = 2, rawlevel = 83, scale = 100
03-11 18:39:09.008 22333 22333 D UE4     : nativeBatteryEvent(stat = 2, lvl = 83  temp = 34.70 C)
03-11 18:39:09.473 22333 22373 V threaded_app: New input event: type=2
03-11 18:39:09.532 22333 22373 I chatty  : uid=10382(com.TeamNA.GiftGame) identical 3 lines
03-11 18:39:09.533 22333 22373 V threaded_app: New input event: type=2
03-11 18:39:09.859 22333 22375 D UE4     : Used memory: 419640
03-11 18:39:10.044 22333 22373 V threaded_app: New input event: type=2
03-11 18:39:10.102 22333 22373 I chatty  : uid=10382(com.TeamNA.GiftGame) identical 4 lines
03-11 18:39:10.564 22333 22373 V threaded_app: New input event: type=2
03-11 18:39:10.572 22333 22372 D UE4     : [2019.03.11-23.39.10:572][912]LogSlate: FSceneViewport::OnFocusLost() reason 2
03-11 18:39:10.589 22333 22373 V threaded_app: New input event: type=2
03-11 18:39:11.270 22333 22373 I chatty  : uid=10382(com.TeamNA.GiftGame) identical 9 lines
03-11 18:39:11.271 22333 22373 V threaded_app: New input event: type=2
03-11 18:39:11.325 32636 32652 I Finsky  : [3255] hyc.run(5): Stats for Executor: BlockingExecutor hzm@4405c21[Running, pool size = 1, active threads = 0, queued tasks = 0, completed tasks = 22]
03-11 18:39:11.326 32636 32652 I Finsky  : [3255] hyc.run(5): Stats for Executor: LightweightExecutor hzm@dff7846[Running, pool size = 3, active threads = 0, queued tasks = 0, completed tasks = 60]
03-11 18:39:11.766 22333 22373 V threaded_app: New input event: type=2
03-11 18:39:11.832 22333 22373 I chatty  : uid=10382(com.TeamNA.GiftGame) identical 4 lines
03-11 18:39:11.833 22333 22373 V threaded_app: New input event: type=2
03-11 18:39:11.837 22333 22372 D UE4     : [2019.03.11-23.39.11:837][987]LogScript: Warning: Script Msg: Attempted to access index 3 from array 'PlayerArray' of length 3 in '/Game/Maps/MainMenuWidget.MainMenuWidget_C'!
03-11 18:39:11.838 22333 22372 D UE4     : [2019.03.11-23.39.11:838][987]LogScript: Warning: Accessed None trying to read property CallFunc_Array_Get_Item1
03-11 18:39:11.838 22333 22372 D UE4     : 	MainMenuWidget_C /Engine/Transient.GameEngine_0:GameInstance_0.MainMenuWidget_C_0
03-11 18:39:11.838 22333 22372 D UE4     : 	Function /Game/Maps/MainMenuWidget.MainMenuWidget_C:ExecuteUbergraph_MainMenuWidget:07E3
03-11 18:39:11.838 22333 22372 D UE4     : [2019.03.11-23.39.11:838][987]LogScript: Warning: Script call stack:
03-11 18:39:11.838 22333 22372 D UE4     : 	Function /Game/Maps/MainMenuWidget.MainMenuWidget_C:BndEvt__Back_K2Node_ComponentBoundEvent_3_OnButtonClickedEvent__DelegateSignature
03-11 18:39:11.838 22333 22372 D UE4     : 	Function /Game/Maps/MainMenuWidget.MainMenuWidget_C:ExecuteUbergraph_MainMenuWidget
03-11 18:39:11.838 22333 22372 D UE4     : 
03-11 18:39:11.839 22333 22372 D UE4     : [2019.03.11-23.39.11:839][987]LogScript: Warning: Accessed None
03-11 18:39:11.839 22333 22372 D UE4     : 	MainMenuWidget_C /Engine/Transient.GameEngine_0:GameInstance_0.MainMenuWidget_C_0
03-11 18:39:11.839 22333 22372 D UE4     : 	Function /Game/Maps/MainMenuWidget.MainMenuWidget_C:ExecuteUbergraph_MainMenuWidget:07F8
03-11 18:39:11.839 22333 22372 D UE4     : [2019.03.11-23.39.11:839][987]LogScript: Warning: Script call stack:
03-11 18:39:11.839 22333 22372 D UE4     : 	Function /Game/Maps/MainMenuWidget.MainMenuWidget_C:BndEvt__Back_K2Node_ComponentBoundEvent_3_OnButtonClickedEvent__DelegateSignature
03-11 18:39:11.839 22333 22372 D UE4     : 	Function /Game/Maps/MainMenuWidget.MainMenuWidget_C:ExecuteUbergraph_MainMenuWidget
03-11 18:39:11.839 22333 22372 D UE4     : 
03-11 18:39:11.839 22333 22372 D UE4     : [2019.03.11-23.39.11:839][987]LogBlueprintUserMessages: [MainMenuWidget_C_0] 
03-11 18:39:12.067 32636 32652 I Finsky  : [3255] hyc.run(5): Stats for Executor: bgExecutor hzm@88fba07[Running, pool size = 4, active threads = 0, queued tasks = 0, completed tasks = 79]
03-11 18:39:12.450 22333 22373 V threaded_app: New input event: type=2
03-11 18:39:12.517 22333 22373 I chatty  : uid=10382(com.TeamNA.GiftGame) identical 4 lines
03-11 18:39:12.518 22333 22373 V threaded_app: New input event: type=2
03-11 18:39:12.520 22333 22372 D UE4     : [2019.03.11-23.39.12:520][ 28]LogScript: Warning: Script Msg: Attempted to access index 0 from array 'PlayerScores' of length 0 in '/Game/Maps/MenuGameMode.MenuGameMode_C'!
03-11 18:39:12.878 22333 22373 V threaded_app: New input event: type=2
03-11 18:39:12.952 22333 22373 I chatty  : uid=10382(com.TeamNA.GiftGame) identical 4 lines
03-11 18:39:12.953 22333 22373 V threaded_app: New input event: type=2
03-11 18:39:12.954 22333 22372 D UE4     : [2019.03.11-23.39.12:954][ 54]LogScript: Warning: Script Msg: Attempted to access index 1 from array 'PlayerScores' of length 1 in '/Game/Maps/MenuGameMode.MenuGameMode_C'!
03-11 18:39:13.423 22333 22373 V threaded_app: New input event: type=2
03-11 18:39:13.489 22333 22373 I chatty  : uid=10382(com.TeamNA.GiftGame) identical 3 lines
03-11 18:39:13.490 22333 22373 V threaded_app: New input event: type=2
03-11 18:39:14.072   686   786 I nanohub : osLog: [AR_CHRE] inconsistent: 69
03-11 18:39:14.195 22333 22373 V threaded_app: New input event: type=2
03-11 18:39:14.262 22333 22373 I chatty  : uid=10382(com.TeamNA.GiftGame) identical 4 lines
03-11 18:39:14.263 22333 22373 V threaded_app: New input event: type=2
03-11 18:39:14.270 22333 22372 D UE4     : [2019.03.11-23.39.14:270][133]Closing by request
03-11 18:39:14.270 22333 22372 D UE4     : [2019.03.11-23.39.14:270][133]LogWindows: FAndroidMisc::RequestExit(0)
03-11 18:39:14.286 22333 22372 D UE4     : [2019.03.11-23.39.14:286][134]LogAndroid: Exiting
03-11 18:39:14.302 22333 22608 D UE4     : *** JavaEnvDestructor: 22608
03-11 18:39:14.302 22333 22372 D         : PlayerBase::stop() from IPlayer
03-11 18:39:14.302 22333 22372 D AudioTrack: stop() called with 869660 frames delivered
03-11 18:39:14.304  2181  2181 V MediaRouter: onRestoreRoute() : route=RouteInfo{ name=Phone, description=null, status=null, category=RouteCategory{ name=System types=ROUTE_TYPE_LIVE_AUDIO ROUTE_TYPE_LIVE_VIDEO  groupable=false }, supportedTypes=ROUTE_TYPE_LIVE_AUDIO ROUTE_TYPE_LIVE_VIDEO , presentationDisplay=null }
03-11 18:39:14.304  2181  2181 V MediaRouter: Selecting route: RouteInfo{ name=Phone, description=null, status=null, category=RouteCategory{ name=System types=ROUTE_TYPE_LIVE_AUDIO ROUTE_TYPE_LIVE_VIDEO  groupable=false }, supportedTypes=ROUTE_TYPE_LIVE_AUDIO ROUTE_TYPE_LIVE_VIDEO , presentationDisplay=null }
03-11 18:39:14.316 22333 22372 D UE4     : [2019.03.11-23.39.14:316][134]LogAndroidAudio: Warning: OpenSLES Tearing Down HW
03-11 18:39:14.352 22333 22372 D UE4     : [2019.03.11-23.39.14:352][134]LogSlate: Request Window 'GiftGame (32-bit Development GLSL_ES2) ' being destroyed
03-11 18:39:14.356 22333 22635 D UE4     : *** JavaEnvDestructor: 22635
03-11 18:39:14.359 22333 22634 D UE4     : AndroidEGL::ResetDisplay()
03-11 18:39:14.359 22333 22634 D UE4     : *** JavaEnvDestructor: 22634
03-11 18:39:14.364 22333 22372 D UE4     : [2019.03.11-23.39.14:364][134]LogSlate: Window 'GiftGame (32-bit Development GLSL_ES2) ' being destroyed
03-11 18:39:14.368 22333 22372 D UE4     : [2019.03.11-23.39.14:368][134]LogSlate: Slate User Destroyed.  User Index 0, Is Virtual User: 0
03-11 18:39:14.370 22333 22693 D UE4     : *** JavaEnvDestructor: 22693
03-11 18:39:14.370 22333 22692 D UE4     : AndroidEGL::ResetDisplay()
03-11 18:39:14.371 22333 22692 D UE4     : *** JavaEnvDestructor: 22692
03-11 18:39:14.399 22333 22372 D UE4     : AndroidEGL::ResetDisplay()
03-11 18:39:14.400   670   890 E volume_listener: check_and_set_gain_dep_cal: Failed to set gain dep cal level
03-11 18:39:14.400   670   890 E volume_listener: check_and_set_gain_dep_cal: Failed to set gain dep cal level
03-11 18:39:14.923 22333 22372 D UE4     : AndroidEGL::DestroySurface()
03-11 18:39:15.108 22333 22372 D UE4     : [2019.03.11-23.39.15:108][134]LogMoviePlayer: Shutting down movie player
03-11 18:39:15.109 22333 22409 D UE4     : *** JavaEnvDestructor: 22409
03-11 18:39:15.110 22333 22400 D UE4     : *** JavaEnvDestructor: 22400
03-11 18:39:15.110 22333 22401 D UE4     : *** JavaEnvDestructor: 22401
03-11 18:39:15.110 22333 22402 D UE4     : *** JavaEnvDestructor: 22402
03-11 18:39:15.110 22333 22403 D UE4     : *** JavaEnvDestructor: 22403
03-11 18:39:15.111 22333 22404 D UE4     : *** JavaEnvDestructor: 22404
03-11 18:39:15.111 22333 22405 D UE4     : *** JavaEnvDestructor: 22405
03-11 18:39:15.111 22333 22407 D UE4     : *** JavaEnvDestructor: 22407
03-11 18:39:15.111 22333 22406 D UE4     : *** JavaEnvDestructor: 22406
03-11 18:39:15.111 22333 22408 D UE4     : *** JavaEnvDestructor: 22408
03-11 18:39:15.112 22333 22372 D UE4     : [2019.03.11-23.39.15:111][134]LogAndroid: Exiting is over
03-11 18:39:15.112 22333 22372 D UE4     : [2019.03.11-23.39.15:112][134]LogWindows: FAndroidMisc::RequestExit(1)
03-11 18:39:15.117 22333 22372 I TeamNA.GiftGam: System.exit called, status: 0
03-11 18:39:15.117 22333 22372 I AndroidRuntime: VM exiting with result code 0, cleanup skipped.
03-11 18:39:15.168   913   978 W libprocessgroup: kill(-22333, 9) failed: No such process
03-11 18:39:15.168   913  1452 W InputDispatcher: channel '3904c11 com.TeamNA.GiftGame/com.epicgames.ue4.GameActivity (server)' ~ Consumer closed input channel or an error occurred.  events=0x9
03-11 18:39:15.168   913  1452 E InputDispatcher: channel '3904c11 com.TeamNA.GiftGame/com.epicgames.ue4.GameActivity (server)' ~ Channel is unrecoverably broken and will be disposed!
03-11 18:39:15.169   913  5593 I ActivityManager: Process com.TeamNA.GiftGame (pid 22333) has died: fore TOP 
03-11 18:39:15.169   913  2722 I WindowManager: WIN DEATH: Window{3904c11 u0 com.TeamNA.GiftGame/com.epicgames.ue4.GameActivity}
03-11 18:39:15.169   913  2722 W InputDispatcher: Attempted to unregister already unregistered input channel '3904c11 com.TeamNA.GiftGame/com.epicgames.ue4.GameActivity (server)'
03-11 18:39:15.171   913  5593 W ActivityManager: Force removing ActivityRecord{256c73e u0 com.TeamNA.GiftGame/com.epicgames.ue4.GameActivity t177}: app died, no saved state
03-11 18:39:15.188   491   546 W SurfaceFlinger: Attempting to destroy on removed layer: AppWindowToken{e8b1aec token=Token{79be99f ActivityRecord{256c73e u0 com.TeamNA.GiftGame/com.epicgames.ue4.GameActivity t177}}}#0
03-11 18:39:15.197   913  5593 I ActivityManager: Killing 21425:com.google.android.music:main/u0a79 (adj 906): empty #17
03-11 18:39:15.204   913  5593 I ActivityManager: Killing 16895:com.google.process.gapps/u0a18 (adj 906): empty #18
03-11 18:39:15.215   665   665 I Zygote  : Process 22333 exited cleanly (0)
03-11 18:39:15.226   491   546 E SurfaceFlinger: size mismatch (1920, 1080) > (1080, 1920)
03-11 18:39:15.227   664   664 I Zygote  : Process 16895 exited due to signal (9)
03-11 18:39:15.230   913   978 W libprocessgroup: kill(-22333, 9) failed: No such process
03-11 18:39:15.230   913   978 I libprocessgroup: Successfully killed process cgroup uid 10382 pid 22333 in 62ms
03-11 18:39:15.231   913   978 W libprocessgroup: kill(-21425, 9) failed: No such process
03-11 18:39:15.234   664   664 I Zygote  : Process 21425 exited due to signal (9)
03-11 18:39:15.247   913  5593 I ActivityManager: Config changes=20000480 {1.0 311mcc480mnc [en_US] ldltr sw411dp w411dp h659dp 420dpi nrml port night finger -keyb/v/h -nav/h winConfig={ mBounds=Rect(0, 0 - 0, 0) mAppBounds=Rect(0, 0 - 1080, 1794) mWindowingMode=fullscreen mActivityType=undefined} s.120}
03-11 18:39:15.276   913   978 W libprocessgroup: kill(-21425, 9) failed: No such process
03-11 18:39:15.276   913   978 I libprocessgroup: Successfully killed process cgroup uid 10079 pid 21425 in 45ms
03-11 18:39:15.277   913   978 W libprocessgroup: kill(-16895, 9) failed: No such process
03-11 18:39:15.288   913   978 I libprocessgroup: Successfully killed process cgroup uid 10018 pid 16895 in 11ms
03-11 18:39:15.330   913  5593 E ActivityManager: Failed to schedule configuration change
03-11 18:39:15.330   913  5593 E ActivityManager: android.os.DeadObjectException
03-11 18:39:15.330   913  5593 E ActivityManager: 	at android.os.BinderProxy.transactNative(Native Method)
03-11 18:39:15.330   913  5593 E ActivityManager: 	at android.os.BinderProxy.transact(Binder.java:1127)
03-11 18:39:15.330   913  5593 E ActivityManager: 	at android.app.IApplicationThread$Stub$Proxy.scheduleTransaction(IApplicationThread.java:1777)
03-11 18:39:15.330   913  5593 E ActivityManager: 	at android.app.servertransaction.ClientTransaction.schedule(ClientTransaction.java:129)
03-11 18:39:15.330   913  5593 E ActivityManager: 	at com.android.server.am.ClientLifecycleManager.scheduleTransaction(ClientLifecycleManager.java:47)
03-11 18:39:15.330   913  5593 E ActivityManager: 	at com.android.server.am.ClientLifecycleManager.scheduleTransaction(ClientLifecycleManager.java:100)
03-11 18:39:15.330   913  5593 E ActivityManager: 	at com.android.server.am.ActivityManagerService.updateGlobalConfigurationLocked(ActivityManagerService.java:22690)
03-11 18:39:15.330   913  5593 E ActivityManager: 	at com.android.server.am.ActivityManagerService.updateDisplayOverrideConfigurationLocked(ActivityManagerService.java:22803)
03-11 18:39:15.330   913  5593 E ActivityManager: 	at com.android.server.am.ActivityManagerService.updateDisplayOverrideConfigurationLocked(ActivityManagerService.java:22780)
03-11 18:39:15.330   913  5593 E ActivityManager: 	at com.android.server.am.ActivityStackSupervisor.ensureVisibilityAndConfig(ActivityStackSupervisor.java:1659)
03-11 18:39:15.330   913  5593 E ActivityManager: 	at com.android.server.am.ActivityStack.resumeTopActivityInnerLocked(ActivityStack.java:2645)
03-11 18:39:15.330   913  5593 E ActivityManager: 	at com.android.server.am.ActivityStack.resumeTopActivityUncheckedLocked(ActivityStack.java:2299)
03-11 18:39:15.330   913  5593 E ActivityManager: 	at com.android.server.am.ActivityStackSupervisor.resumeFocusedStackTopActivityLocked(ActivityStackSupervisor.java:2225)
03-11 18:39:15.330   913  5593 E ActivityManager: 	at com.android.server.am.ActivityStackSupervisor.resumeFocusedStackTopActivityLocked(ActivityStackSupervisor.java:2209)
03-11 18:39:15.330   913  5593 E ActivityManager: 	at com.android.server.am.ActivityManagerService.handleAppDiedLocked(ActivityManagerService.java:5929)
03-11 18:39:15.330   913  5593 E ActivityManager: 	at com.android.server.am.ActivityManagerService.appDiedLocked(ActivityManagerService.java:6093)
03-11 18:39:15.330   913  5593 E ActivityManager: 	at com.android.server.am.ActivityManagerService$AppDeathRecipient.binderDied(ActivityManagerService.java:1891)
03-11 18:39:15.330   913  5593 E ActivityManager: 	at android.os.BinderProxy.sendDeathNotice(Binder.java:1193)
03-11 18:39:15.330   913  5593 E ActivityManager: Failed to schedule configuration change
03-11 18:39:15.330   913  5593 E ActivityManager: android.os.DeadObjectException
03-11 18:39:15.330   913  5593 E ActivityManager: 	at android.os.BinderProxy.transactNative(Native Method)
03-11 18:39:15.330   913  5593 E ActivityManager: 	at android.os.BinderProxy.transact(Binder.java:1127)
03-11 18:39:15.330   913  5593 E ActivityManager: 	at android.app.IApplicationThread$Stub$Proxy.scheduleTransaction(IApplicationThread.java:1777)
03-11 18:39:15.330   913  5593 E ActivityManager: 	at android.app.servertransaction.ClientTransaction.schedule(ClientTransaction.java:129)
03-11 18:39:15.330   913  5593 E ActivityManager: 	at com.android.server.am.ClientLifecycleManager.scheduleTransaction(ClientLifecycleManager.java:47)
03-11 18:39:15.330   913  5593 E ActivityManager: 	at com.android.server.am.ClientLifecycleManager.scheduleTransaction(ClientLifecycleManager.java:100)
03-11 18:39:15.330   913  5593 E ActivityManager: 	at com.android.server.am.ActivityManagerService.updateGlobalConfigurationLocked(ActivityManagerService.java:22690)
03-11 18:39:15.330   913  5593 E ActivityManager: 	at com.android.server.am.ActivityManagerService.updateDisplayOverrideConfigurationLocked(ActivityManagerService.java:22803)
03-11 18:39:15.330   913  5593 E ActivityManager: 	at com.android.server.am.ActivityManagerService.updateDisplayOverrideConfigurationLocked(ActivityManagerService.java:22780)
03-11 18:39:15.330   913  5593 E ActivityManager: 	at com.android.server.am.ActivityStackSupervisor.ensureVisibilityAndConfig(ActivityStackSupervisor.java:1659)
03-11 18:39:15.330   913  5593 E ActivityManager: 	at com.android.server.am.ActivityStack.resumeTopActivityInnerLocked(ActivityStack.java:2645)
03-11 18:39:15.330   913  5593 E ActivityManager: 	at com.android.server.am.ActivityStack.resumeTopActivityUncheckedLocked(ActivityStack.java:2299)
03-11 18:39:15.330   913  5593 E ActivityManager: 	at com.android.server.am.ActivityStackSupervisor.resumeFocusedStackTopActivityLocked(ActivityStackSupervisor.java:2225)
03-11 18:39:15.330   913  5593 E ActivityManager: 	at com.android.server.am.ActivityStackSupervisor.resumeFocusedStackTopActivityLocked(ActivityStackSupervisor.java:2209)
03-11 18:39:15.330   913  5593 E ActivityManager: 	at com.android.server.am.ActivityManagerService.handleAppDiedLocked(ActivityManagerService.java:5929)
03-11 18:39:15.330   913  5593 E ActivityManager: 	at com.android.server.am.ActivityManagerService.appDiedLocked(ActivityManagerService.java:6093)
03-11 18:39:15.330   913  5593 E ActivityManager: 	at com.android.server.am.ActivityManagerService$AppDeathRecipient.binderDied(ActivityManagerService.java:1891)
03-11 18:39:15.330   913  5593 E ActivityManager: 	at android.os.BinderProxy.sendDeathNotice(Binder.java:1193)
03-11 18:39:15.380   913  5593 I ActivityManager: Override config changes=20000480 {1.0 311mcc480mnc [en_US] ldltr sw411dp w411dp h659dp 420dpi nrml port night finger -keyb/v/h -nav/h winConfig={ mBounds=Rect(0, 0 - 1794, 1080) mAppBounds=Rect(0, 0 - 1080, 1794) mWindowingMode=fullscreen mActivityType=undefined} s.120} for displayId=0
03-11 18:39:15.399   913   974 W Looper  : Slow dispatch took 228ms android.ui h=com.android.server.am.ActivityManagerService$UiHandler c=null m=53
03-11 18:39:15.399   913   974 W Looper  : Slow delivery took 225ms android.ui h=com.android.server.policy.PhoneWindowManager$PolicyHandler c=com.android.server.policy.PhoneWindowManager$19@c674dc7 m=0
03-11 18:39:15.400   913   974 W Looper  : Drained
03-11 18:39:15.408   913  1000 W ActivityManager: setHasOverlayUi called on unknown pid: 22333
03-11 18:39:15.417   913  1453 I InputReader: Reconfiguring input devices.  changes=0x00000004
03-11 18:39:15.417   913  1453 I InputReader: Device reconfigured: id=9, name='synaptics_dsxv26', size 1080x1920, orientation 0, mode 1, display id 0
03-11 18:39:15.450 12631 12631 I KeyboardViewUtil: systemKeyboardHeightRatio:1.000000; userKeyboardHeightRatio:1.050000.
03-11 18:39:15.466 12631 12631 I DeviceStatusMonitor: onReceive() : Action = android.intent.action.CONFIGURATION_CHANGED
03-11 18:39:15.466 12631 12631 I ConfigNotification: Get device mode by ui mode:1 and smallestScreenWidthDp:411
03-11 18:39:15.466 12631 12631 I chatty  : uid=10076(com.google.android.inputmethod.latin) identical 2 lines
03-11 18:39:15.466 12631 12631 I ConfigNotification: Get device mode by ui mode:1 and smallestScreenWidthDp:411
03-11 18:39:15.517  1565  1565 D StatusBar: disable<e i a s b h r c s > disable2<q i n >
03-11 18:39:15.672  1565  1565 D StatusBar: disable<e i a s b h r c s > disable2<q i n >
