03-09 20:33:35.718  1004  1004 E audit   : type=1300 audit(1552185215.707:51323): arch=40000028 syscall=322 per=8 success=no exit=-13 a0=ffffff9c a1=c4be3d27 a2=20000 a3=0 items=0 ppid=1027 pid=7195 auid=4294967295 uid=10574 gid=10574 euid=10574 suid=10574 fsuid=10574 egid=10574 sgid=10574 fsgid=10574 tty=(none) ses=4294967295 comm="Thread-2" exe="/system/bin/app_process32" subj=u:r:untrusted_app:s0:c512,c768 key=(null)
03-09 20:33:35.719  1004  1004 E audit   : type=1327 audit(1552185215.707:51323): proctitle="com.TeamNA.GiftGame"
03-09 20:33:35.821  1004  1004 E audit   : type=1400 audit(1552185215.807:51324): avc:  denied  { read } for  pid=7195 comm="Thread-2" name="stat" dev="proc" ino=4026532368 scontext=u:r:untrusted_app:s0:c512,c768 tcontext=u:object_r:proc_stat:s0 tclass=file permissive=0 SEPF_SM-G930V_8.0.0_0016 audit_filtered
03-09 20:33:35.821  1004  1004 E audit   : type=1300 audit(1552185215.807:51324): arch=40000028 syscall=322 per=8 success=no exit=-13 a0=ffffff9c a1=c4be3d27 a2=20000 a3=0 items=0 ppid=1027 pid=7195 auid=4294967295 uid=10574 gid=10574 euid=10574 suid=10574 fsuid=10574 egid=10574 sgid=10574 fsgid=10574 tty=(none) ses=4294967295 comm="Thread-2" exe="/system/bin/app_process32" subj=u:r:untrusted_app:s0:c512,c768 key=(null)
03-09 20:33:35.823  1004  1004 E audit   : type=1327 audit(1552185215.807:51324): proctitle="com.TeamNA.GiftGame"
03-09 20:33:35.924  1004  1004 E audit   : type=1400 audit(1552185215.907:51325): avc:  denied  { read } for  pid=7195 comm="Thread-2" name="stat" dev="proc" ino=4026532368 scontext=u:r:untrusted_app:s0:c512,c768 tcontext=u:object_r:proc_stat:s0 tclass=file permissive=0 SEPF_SM-G930V_8.0.0_0016 audit_filtered
03-09 20:33:35.924  1004  1004 E audit   : type=1300 audit(1552185215.907:51325): arch=40000028 syscall=322 per=8 success=no exit=-13 a0=ffffff9c a1=c4be3d27 a2=20000 a3=0 items=0 ppid=1027 pid=7195 auid=4294967295 uid=10574 gid=10574 euid=10574 suid=10574 fsuid=10574 egid=10574 sgid=10574 fsgid=10574 tty=(none) ses=4294967295 comm="Thread-2" exe="/system/bin/app_process32" subj=u:r:untrusted_app:s0:c512,c768 key=(null)
03-09 20:33:35.924  1004  1004 E audit   : type=1327 audit(1552185215.907:51325): proctitle="com.TeamNA.GiftGame"
03-09 20:33:35.994  3522  3522 D io_stats: !@   8,0 r 6886892 253707544 w 2970954 60706428 d 238215 28254172 f 1161509 1163474 iot 5544750 3331697 th 51200 0 0 pt 0 inp 0 0 300027.831
03-09 20:33:36.588  1004  1004 E audit   : type=1400 audit(1552185216.577:51331): avc:  denied  { read } for  pid=7195 comm="Thread-2" name="stat" dev="proc" ino=4026532368 scontext=u:r:untrusted_app:s0:c512,c768 tcontext=u:object_r:proc_stat:s0 tclass=file permissive=0 SEPF_SM-G930V_8.0.0_0016 audit_filtered
03-09 20:33:36.588  1004  1004 E audit   : type=1300 audit(1552185216.577:51331): arch=40000028 syscall=322 per=8 success=no exit=-13 a0=ffffff9c a1=c4be3d27 a2=20000 a3=0 items=0 ppid=1027 pid=7195 auid=4294967295 uid=10574 gid=10574 euid=10574 suid=10574 fsuid=10574 egid=10574 sgid=10574 fsgid=10574 tty=(none) ses=4294967295 comm="Thread-2" exe="/system/bin/app_process32" subj=u:r:untrusted_app:s0:c512,c768 key=(null)
03-09 20:33:36.588  1004  1004 E audit   : type=1327 audit(1552185216.577:51331): proctitle="com.TeamNA.GiftGame"
03-09 20:33:36.654  3136  3136 E adbd    : recv: OPEN 00002545 00000000 0010:73 68 65 6C 6C 2C 76 32 2C 72 61 77 3A 70 73 00 
03-09 20:33:36.654  3136  3136 E adbd    : service_to_fd: shell,v2,raw:ps
03-09 20:33:36.674  7468  7468 E propClient: PropClient failed to load
03-09 20:33:36.689  7468  7468 E propClient: PropClient failed to load
03-09 20:33:36.696  1004  1004 E audit   : type=1400 audit(1552185216.687:51332): avc:  denied  { read } for  pid=7195 comm="Thread-2" name="stat" dev="proc" ino=4026532368 scontext=u:r:untrusted_app:s0:c512,c768 tcontext=u:object_r:proc_stat:s0 tclass=file permissive=0 SEPF_SM-G930V_8.0.0_0016 audit_filtered
03-09 20:33:36.696  1004  1004 E audit   : type=1300 audit(1552185216.687:51332): arch=40000028 syscall=322 per=8 success=no exit=-13 a0=ffffff9c a1=c4be3d27 a2=20000 a3=0 items=0 ppid=1027 pid=7195 auid=4294967295 uid=10574 gid=10574 euid=10574 suid=10574 fsuid=10574 egid=10574 sgid=10574 fsgid=10574 tty=(none) ses=4294967295 comm="Thread-2" exe="/system/bin/app_process32" subj=u:r:untrusted_app:s0:c512,c768 key=(null)
03-09 20:33:36.696  1004  1004 E audit   : type=1327 audit(1552185216.687:51332): proctitle="com.TeamNA.GiftGame"
03-09 20:33:36.811  1004  1004 E audit   : type=1400 audit(1552185216.797:51333): avc:  denied  { read } for  pid=7195 comm="Thread-2" name="stat" dev="proc" ino=4026532368 scontext=u:r:untrusted_app:s0:c512,c768 tcontext=u:object_r:proc_stat:s0 tclass=file permissive=0 SEPF_SM-G930V_8.0.0_0016 audit_filtered
03-09 20:33:36.811  1004  1004 E audit   : type=1300 audit(1552185216.797:51333): arch=40000028 syscall=322 per=8 success=no exit=-13 a0=ffffff9c a1=c4be3d27 a2=20000 a3=0 items=0 ppid=1027 pid=7195 auid=4294967295 uid=10574 gid=10574 euid=10574 suid=10574 fsuid=10574 egid=10574 sgid=10574 fsgid=10574 tty=(none) ses=4294967295 comm="Thread-2" exe="/system/bin/app_process32" subj=u:r:untrusted_app:s0:c512,c768 key=(null)
03-09 20:33:36.811  1004  1004 E audit   : type=1327 audit(1552185216.797:51333): proctitle="com.TeamNA.GiftGame"
03-09 20:33:36.813   737  3710 E ANDR-PERF-MPCTL: poll() has timed out for /sys/module/msm_performance/events/cpu_hotplug
03-09 20:33:36.813   737  3710 E ANDR-PERF-MPCTL: Block on poll()
03-09 20:33:36.912  1004  1004 E audit   : type=1400 audit(1552185216.897:51334): avc:  denied  { read } for  pid=7195 comm="Thread-2" name="stat" dev="proc" ino=4026532368 scontext=u:r:untrusted_app:s0:c512,c768 tcontext=u:object_r:proc_stat:s0 tclass=file permissive=0 SEPF_SM-G930V_8.0.0_0016 audit_filtered
03-09 20:33:36.912  1004  1004 E audit   : type=1300 audit(1552185216.897:51334): arch=40000028 syscall=322 per=8 success=no exit=-13 a0=ffffff9c a1=c4be3d27 a2=20000 a3=0 items=0 ppid=1027 pid=7195 auid=4294967295 uid=10574 gid=10574 euid=10574 suid=10574 fsuid=10574 egid=10574 sgid=10574 fsgid=10574 tty=(none) ses=4294967295 comm="Thread-2" exe="/system/bin/app_process32" subj=u:r:untrusted_app:s0:c512,c768 key=(null)
03-09 20:33:36.912  1004  1004 E audit   : type=1327 audit(1552185216.897:51334): proctitle="com.TeamNA.GiftGame"
03-09 20:33:37.028  1004  1004 E audit   : type=1400 audit(1552185217.017:51335): avc:  denied  { read } for  pid=7195 comm="Thread-2" name="stat" dev="proc" ino=4026532368 scontext=u:r:untrusted_app:s0:c512,c768 tcontext=u:object_r:proc_stat:s0 tclass=file permissive=0 SEPF_SM-G930V_8.0.0_0016 audit_filtered
03-09 20:33:37.028  1004  1004 E audit   : type=1300 audit(1552185217.017:51335): arch=40000028 syscall=322 per=8 success=no exit=-13 a0=ffffff9c a1=c4be3d27 a2=20000 a3=0 items=0 ppid=1027 pid=7195 auid=4294967295 uid=10574 gid=10574 euid=10574 suid=10574 fsuid=10574 egid=10574 sgid=10574 fsgid=10574 tty=(none) ses=4294967295 comm="Thread-2" exe="/system/bin/app_process32" subj=u:r:untrusted_app:s0:c512,c768 key=(null)
03-09 20:33:37.028  1004  1004 E audit   : type=1327 audit(1552185217.017:51335): proctitle="com.TeamNA.GiftGame"
03-09 20:33:37.657  1004  1004 E audit   : type=1400 audit(1552185217.647:51341): avc:  denied  { read } for  pid=7195 comm="Thread-2" name="stat" dev="proc" ino=4026532368 scontext=u:r:untrusted_app:s0:c512,c768 tcontext=u:object_r:proc_stat:s0 tclass=file permissive=0 SEPF_SM-G930V_8.0.0_0016 audit_filtered
03-09 20:33:37.657  1004  1004 E audit   : type=1300 audit(1552185217.647:51341): arch=40000028 syscall=322 per=8 success=no exit=-13 a0=ffffff9c a1=c4be3d27 a2=20000 a3=0 items=0 ppid=1027 pid=7195 auid=4294967295 uid=10574 gid=10574 euid=10574 suid=10574 fsuid=10574 egid=10574 sgid=10574 fsgid=10574 tty=(none) ses=4294967295 comm="Thread-2" exe="/system/bin/app_process32" subj=u:r:untrusted_app:s0:c512,c768 key=(null)
03-09 20:33:37.657  1004  1004 E audit   : type=1327 audit(1552185217.647:51341): proctitle="com.TeamNA.GiftGame"
03-09 20:33:37.757  1004  1004 E audit   : type=1400 audit(1552185217.747:51342): avc:  denied  { read } for  pid=7195 comm="Thread-2" name="stat" dev="proc" ino=4026532368 scontext=u:r:untrusted_app:s0:c512,c768 tcontext=u:object_r:proc_stat:s0 tclass=file permissive=0 SEPF_SM-G930V_8.0.0_0016 audit_filtered
03-09 20:33:37.757  1004  1004 E audit   : type=1300 audit(1552185217.747:51342): arch=40000028 syscall=322 per=8 success=no exit=-13 a0=ffffff9c a1=c4be3d27 a2=20000 a3=0 items=0 ppid=1027 pid=7195 auid=4294967295 uid=10574 gid=10574 euid=10574 suid=10574 fsuid=10574 egid=10574 sgid=10574 fsgid=10574 tty=(none) ses=4294967295 comm="Thread-2" exe="/system/bin/app_process32" subj=u:r:untrusted_app:s0:c512,c768 key=(null)
03-09 20:33:37.757  1004  1004 E audit   : type=1327 audit(1552185217.747:51342): proctitle="com.TeamNA.GiftGame"
03-09 20:33:37.873  1004  1004 E audit   : type=1400 audit(1552185217.867:51343): avc:  denied  { read } for  pid=7195 comm="Thread-2" name="stat" dev="proc" ino=4026532368 scontext=u:r:untrusted_app:s0:c512,c768 tcontext=u:object_r:proc_stat:s0 tclass=file permissive=0 SEPF_SM-G930V_8.0.0_0016 audit_filtered
03-09 20:33:37.873  1004  1004 E audit   : type=1300 audit(1552185217.867:51343): arch=40000028 syscall=322 per=8 success=no exit=-13 a0=ffffff9c a1=c4be3d27 a2=20000 a3=0 items=0 ppid=1027 pid=7195 auid=4294967295 uid=10574 gid=10574 euid=10574 suid=10574 fsuid=10574 egid=10574 sgid=10574 fsgid=10574 tty=(none) ses=4294967295 comm="Thread-2" exe="/system/bin/app_process32" subj=u:r:untrusted_app:s0:c512,c768 key=(null)
03-09 20:33:37.873  1004  1004 E audit   : type=1327 audit(1552185217.867:51343): proctitle="com.TeamNA.GiftGame"
03-09 20:33:37.964  3136  3136 E adbd    : recv: OPEN 00002549 00000000 0010:73 68 65 6C 6C 2C 76 32 2C 72 61 77 3A 70 73 00 
03-09 20:33:37.964  3136  3136 E adbd    : service_to_fd: shell,v2,raw:ps
03-09 20:33:37.978  7470  7470 E propClient: PropClient failed to load
03-09 20:33:37.979  1004  1004 E audit   : type=1400 audit(1552185217.967:51344): avc:  denied  { read } for  pid=7195 comm="Thread-2" name="stat" dev="proc" ino=4026532368 scontext=u:r:untrusted_app:s0:c512,c768 tcontext=u:object_r:proc_stat:s0 tclass=file permissive=0 SEPF_SM-G930V_8.0.0_0016 audit_filtered
03-09 20:33:37.979  1004  1004 E audit   : type=1300 audit(1552185217.967:51344): arch=40000028 syscall=322 per=8 success=no exit=-13 a0=ffffff9c a1=c4be3d27 a2=20000 a3=0 items=0 ppid=1027 pid=7195 auid=4294967295 uid=10574 gid=10574 euid=10574 suid=10574 fsuid=10574 egid=10574 sgid=10574 fsgid=10574 tty=(none) ses=4294967295 comm="Thread-2" exe="/system/bin/app_process32" subj=u:r:untrusted_app:s0:c512,c768 key=(null)
03-09 20:33:37.979  1004  1004 E audit   : type=1327 audit(1552185217.967:51344): proctitle="com.TeamNA.GiftGame"
03-09 20:33:37.997  7470  7470 E propClient: PropClient failed to load
03-09 20:33:38.093  1004  1004 E audit   : type=1400 audit(1552185218.087:51345): avc:  denied  { read } for  pid=7195 comm="Thread-2" name="stat" dev="proc" ino=4026532368 scontext=u:r:untrusted_app:s0:c512,c768 tcontext=u:object_r:proc_stat:s0 tclass=file permissive=0 SEPF_SM-G930V_8.0.0_0016 audit_filtered
03-09 20:33:38.093  1004  1004 E audit   : type=1300 audit(1552185218.087:51345): arch=40000028 syscall=322 per=8 success=no exit=-13 a0=ffffff9c a1=c4be3d27 a2=20000 a3=0 items=0 ppid=1027 pid=7195 auid=4294967295 uid=10574 gid=10574 euid=10574 suid=10574 fsuid=10574 egid=10574 sgid=10574 fsgid=10574 tty=(none) ses=4294967295 comm="Thread-2" exe="/system/bin/app_process32" subj=u:r:untrusted_app:s0:c512,c768 key=(null)
03-09 20:33:38.093  1004  1004 E audit   : type=1327 audit(1552185218.087:51345): proctitle="com.TeamNA.GiftGame"
03-09 20:33:38.723  1004  1004 E audit   : type=1400 audit(1552185218.717:51351): avc:  denied  { read } for  pid=7195 comm="Thread-2" name="stat" dev="proc" ino=4026532368 scontext=u:r:untrusted_app:s0:c512,c768 tcontext=u:object_r:proc_stat:s0 tclass=file permissive=0 SEPF_SM-G930V_8.0.0_0016 audit_filtered
03-09 20:33:38.723  1004  1004 E audit   : type=1300 audit(1552185218.717:51351): arch=40000028 syscall=322 per=8 success=no exit=-13 a0=ffffff9c a1=c4be3d27 a2=20000 a3=0 items=0 ppid=1027 pid=7195 auid=4294967295 uid=10574 gid=10574 euid=10574 suid=10574 fsuid=10574 egid=10574 sgid=10574 fsgid=10574 tty=(none) ses=4294967295 comm="Thread-2" exe="/system/bin/app_process32" subj=u:r:untrusted_app:s0:c512,c768 key=(null)
03-09 20:33:38.723  1004  1004 E audit   : type=1327 audit(1552185218.717:51351): proctitle="com.TeamNA.GiftGame"
03-09 20:33:38.726  7195  7288 D UE4     : Used memory: 551128
03-09 20:33:38.825  1004  1004 E audit   : type=1400 audit(1552185218.817:51352): avc:  denied  { read } for  pid=7195 comm="Thread-2" name="stat" dev="proc" ino=4026532368 scontext=u:r:untrusted_app:s0:c512,c768 tcontext=u:object_r:proc_stat:s0 tclass=file permissive=0 SEPF_SM-G930V_8.0.0_0016 audit_filtered
03-09 20:33:38.825  1004  1004 E audit   : type=1300 audit(1552185218.817:51352): arch=40000028 syscall=322 per=8 success=no exit=-13 a0=ffffff9c a1=c4be3d27 a2=20000 a3=0 items=0 ppid=1027 pid=7195 auid=4294967295 uid=10574 gid=10574 euid=10574 suid=10574 fsuid=10574 egid=10574 sgid=10574 fsgid=10574 tty=(none) ses=4294967295 comm="Thread-2" exe="/system/bin/app_process32" subj=u:r:untrusted_app:s0:c512,c768 key=(null)
03-09 20:33:38.825  1004  1004 E audit   : type=1327 audit(1552185218.817:51352): proctitle="com.TeamNA.GiftGame"
03-09 20:33:38.925  1004  1004 E audit   : type=1400 audit(1552185218.917:51353): avc:  denied  { read } for  pid=7195 comm="Thread-2" name="stat" dev="proc" ino=4026532368 scontext=u:r:untrusted_app:s0:c512,c768 tcontext=u:object_r:proc_stat:s0 tclass=file permissive=0 SEPF_SM-G930V_8.0.0_0016 audit_filtered
03-09 20:33:38.925  1004  1004 E audit   : type=1300 audit(1552185218.917:51353): arch=40000028 syscall=322 per=8 success=no exit=-13 a0=ffffff9c a1=c4be3d27 a2=20000 a3=0 items=0 ppid=1027 pid=7195 auid=4294967295 uid=10574 gid=10574 euid=10574 suid=10574 fsuid=10574 egid=10574 sgid=10574 fsgid=10574 tty=(none) ses=4294967295 comm="Thread-2" exe="/system/bin/app_process32" subj=u:r:untrusted_app:s0:c512,c768 key=(null)
03-09 20:33:38.925  1004  1004 E audit   : type=1327 audit(1552185218.917:51353): proctitle="com.TeamNA.GiftGame"
03-09 20:33:39.041  1004  1004 E audit   : type=1400 audit(1552185219.027:51354): avc:  denied  { read } for  pid=7195 comm="Thread-2" name="stat" dev="proc" ino=4026532368 scontext=u:r:untrusted_app:s0:c512,c768 tcontext=u:object_r:proc_stat:s0 tclass=file permissive=0 SEPF_SM-G930V_8.0.0_0016 audit_filtered
03-09 20:33:39.041  1004  1004 E audit   : type=1300 audit(1552185219.027:51354): arch=40000028 syscall=322 per=8 success=no exit=-13 a0=ffffff9c a1=c4be3d27 a2=20000 a3=0 items=0 ppid=1027 pid=7195 auid=4294967295 uid=10574 gid=10574 euid=10574 suid=10574 fsuid=10574 egid=10574 sgid=10574 fsgid=10574 tty=(none) ses=4294967295 comm="Thread-2" exe="/system/bin/app_process32" subj=u:r:untrusted_app:s0:c512,c768 key=(null)
03-09 20:33:39.041  1004  1004 E audit   : type=1327 audit(1552185219.027:51354): proctitle="com.TeamNA.GiftGame"
03-09 20:33:39.156  1004  1004 E audit   : type=1400 audit(1552185219.147:51355): avc:  denied  { read } for  pid=7195 comm="Thread-2" name="stat" dev="proc" ino=4026532368 scontext=u:r:untrusted_app:s0:c512,c768 tcontext=u:object_r:proc_stat:s0 tclass=file permissive=0 SEPF_SM-G930V_8.0.0_0016 audit_filtered
03-09 20:33:39.156  1004  1004 E audit   : type=1300 audit(1552185219.147:51355): arch=40000028 syscall=322 per=8 success=no exit=-13 a0=ffffff9c a1=c4be3d27 a2=20000 a3=0 items=0 ppid=1027 pid=7195 auid=4294967295 uid=10574 gid=10574 euid=10574 suid=10574 fsuid=10574 egid=10574 sgid=10574 fsgid=10574 tty=(none) ses=4294967295 comm="Thread-2" exe="/system/bin/app_process32" subj=u:r:untrusted_app:s0:c512,c768 key=(null)
03-09 20:33:39.156  1004  1004 E audit   : type=1327 audit(1552185219.147:51355): proctitle="com.TeamNA.GiftGame"
03-09 20:33:39.171   732   881 I qti_sensors_hal: processReportInd: Accel - X: -0.266 Y: -0.012 Z: 9.722
03-09 20:33:39.191   732   881 I qti_sensors_hal: processReportInd: Gyro - X: -0.001 Y: 0.001 Z: -0.001 status: 3
03-09 20:33:39.285  3136  3136 E adbd    : recv: OPEN 0000254d 00000000 0010:73 68 65 6C 6C 2C 76 32 2C 72 61 77 3A 70 73 00 
03-09 20:33:39.285  3136  3136 E adbd    : service_to_fd: shell,v2,raw:ps
03-09 20:33:39.304  7472  7472 E propClient: PropClient failed to load
03-09 20:33:39.322  7472  7472 E propClient: PropClient failed to load
03-09 20:33:39.458   732   881 I qti_sensors_hal: processReportInd: Cal Mag Filter, 0, 0, 0.000000, 0.000000, 0.000000, 0.000000, 0.000000, 0.000000, -0.576782, -51.696777, -64.772034
03-09 20:33:39.730  1865  2468 D SamsungAlarmManager: Expired : 8
03-09 20:33:39.731  1865  2468 I SamsungAlarmManager: setLocked to kernel - T:3 / 20190309T203400, SetElapsed=1245941990, nowELAPSED=1245921721
03-09 20:33:39.732  1865  2468 V SamsungAlarmManager: Sending to uid : 10068 action=null alarm=Alarm{a33e987 type 3 when 1245921720 com.asurion.android.verizon.vms}
03-09 20:33:39.733  1865  2468 I ActivityManager: KPU : put [com.samsung.android.game.gamehome] : 21265 K
03-09 20:33:39.734  1865  2468 I ActivityManager: Killing 6828:com.samsung.android.game.gamehome/u0a13 (adj 906): DHA:empty #25
03-09 20:33:39.750  1865  3458 D SamsungAlarmManager: setExact Intent (T:3/F:5/AC:false) 20190309T203344 - CU:10068/CP:4132
03-09 20:33:39.751  1865  3458 I SamsungAlarmManager: setLocked to kernel - T:3 / 20190309T203344, SetElapsed=1245926737, nowELAPSED=1245921740
03-09 20:33:39.796  1004  1004 E audit   : type=1400 audit(1552185219.787:51361): avc:  denied  { read } for  pid=7195 comm="Thread-2" name="stat" dev="proc" ino=4026532368 scontext=u:r:untrusted_app:s0:c512,c768 tcontext=u:object_r:proc_stat:s0 tclass=file permissive=0 SEPF_SM-G930V_8.0.0_0016 audit_filtered
03-09 20:33:39.796  1004  1004 E audit   : type=1300 audit(1552185219.787:51361): arch=40000028 syscall=322 per=8 success=no exit=-13 a0=ffffff9c a1=c4be3d27 a2=20000 a3=0 items=0 ppid=1027 pid=7195 auid=4294967295 uid=10574 gid=10574 euid=10574 suid=10574 fsuid=10574 egid=10574 sgid=10574 fsgid=10574 tty=(none) ses=4294967295 comm="Thread-2" exe="/system/bin/app_process32" subj=u:r:untrusted_app:s0:c512,c768 key=(null)
03-09 20:33:39.796  1004  1004 E audit   : type=1327 audit(1552185219.787:51361): proctitle="com.TeamNA.GiftGame"
03-09 20:33:39.814   737  3710 E ANDR-PERF-MPCTL: poll() has timed out for /sys/module/msm_performance/events/cpu_hotplug
03-09 20:33:39.814   737  3710 E ANDR-PERF-MPCTL: Block on poll()
03-09 20:33:39.834  3378  3403 D ForegroundUtils: could not check pending caller
03-09 20:33:39.834  1865  2074 D GameManagerService: onProcessDied(), pid = 6828, uid = 10013, pkgName : com.samsung.android.game.gamehome
03-09 20:33:39.835  1865  2074 D GameManagerService: onProcessDied(), before send intent to GameIntentService
03-09 20:33:39.859  1865  2074 D GameManagerService: onProcessDied(), after send intent to GameIntentService
03-09 20:33:39.865   698  7475 D GOS:GameIntentService: onHandleIntent. begin
03-09 20:33:39.865   698  7475 D GOS:GameIntentService: onHandleIntent. GameIntentService. type 8
03-09 20:33:39.865   698  7475 D GOS:GameIntentService: PROCESS_DIED, got process died signal, pkgName : com.samsung.android.game.gamehome, pid : 6828, uid : 10013
03-09 20:33:39.865   698  7475 D GOS:GameIntentService: PROCESS_DIED, Skips applying. The target package belongs to sec game family : com.samsung.android.game.gamehome
03-09 20:33:39.908  1004  1004 E audit   : type=1400 audit(1552185219.897:51362): avc:  denied  { read } for  pid=7195 comm="Thread-2" name="stat" dev="proc" ino=4026532368 scontext=u:r:untrusted_app:s0:c512,c768 tcontext=u:object_r:proc_stat:s0 tclass=file permissive=0 SEPF_SM-G930V_8.0.0_0016 audit_filtered
03-09 20:33:39.908  1004  1004 E audit   : type=1300 audit(1552185219.897:51362): arch=40000028 syscall=322 per=8 success=no exit=-13 a0=ffffff9c a1=c4be3d27 a2=20000 a3=0 items=0 ppid=1027 pid=7195 auid=4294967295 uid=10574 gid=10574 euid=10574 suid=10574 fsuid=10574 egid=10574 sgid=10574 fsgid=10574 tty=(none) ses=4294967295 comm="Thread-2" exe="/system/bin/app_process32" subj=u:r:untrusted_app:s0:c512,c768 key=(null)
03-09 20:33:39.908  1004  1004 E audit   : type=1327 audit(1552185219.897:51362): proctitle="com.TeamNA.GiftGame"
03-09 20:33:40.010  1004  1004 E audit   : type=1400 audit(1552185219.997:51363): avc:  denied  { read } for  pid=7195 comm="Thread-2" name="stat" dev="proc" ino=4026532368 scontext=u:r:untrusted_app:s0:c512,c768 tcontext=u:object_r:proc_stat:s0 tclass=file permissive=0 SEPF_SM-G930V_8.0.0_0016 audit_filtered
03-09 20:33:40.010  1004  1004 E audit   : type=1300 audit(1552185219.997:51363): arch=40000028 syscall=322 per=8 success=no exit=-13 a0=ffffff9c a1=c4be3d27 a2=20000 a3=0 items=0 ppid=1027 pid=7195 auid=4294967295 uid=10574 gid=10574 euid=10574 suid=10574 fsuid=10574 egid=10574 sgid=10574 fsgid=10574 tty=(none) ses=4294967295 comm="Thread-2" exe="/system/bin/app_process32" subj=u:r:untrusted_app:s0:c512,c768 key=(null)
03-09 20:33:40.010  1004  1004 E audit   : type=1327 audit(1552185219.997:51363): proctitle="com.TeamNA.GiftGame"
03-09 20:33:40.113  1004  1004 E audit   : type=1400 audit(1552185220.097:51364): avc:  denied  { read } for  pid=7195 comm="Thread-2" name="stat" dev="proc" ino=4026532368 scontext=u:r:untrusted_app:s0:c512,c768 tcontext=u:object_r:proc_stat:s0 tclass=file permissive=0 SEPF_SM-G930V_8.0.0_0016 audit_filtered
03-09 20:33:40.113  1004  1004 E audit   : type=1300 audit(1552185220.097:51364): arch=40000028 syscall=322 per=8 success=no exit=-13 a0=ffffff9c a1=c4be3d27 a2=20000 a3=0 items=0 ppid=1027 pid=7195 auid=4294967295 uid=10574 gid=10574 euid=10574 suid=10574 fsuid=10574 egid=10574 sgid=10574 fsgid=10574 tty=(none) ses=4294967295 comm="Thread-2" exe="/system/bin/app_process32" subj=u:r:untrusted_app:s0:c512,c768 key=(null)
03-09 20:33:40.113  1004  1004 E audit   : type=1327 audit(1552185220.097:51364): proctitle="com.TeamNA.GiftGame"
03-09 20:33:40.226  1004  1004 E audit   : type=1400 audit(1552185220.217:51365): avc:  denied  { read } for  pid=7195 comm="Thread-2" name="stat" dev="proc" ino=4026532368 scontext=u:r:untrusted_app:s0:c512,c768 tcontext=u:object_r:proc_stat:s0 tclass=file permissive=0 SEPF_SM-G930V_8.0.0_0016 audit_filtered
03-09 20:33:40.226  1004  1004 E audit   : type=1300 audit(1552185220.217:51365): arch=40000028 syscall=322 per=8 success=no exit=-13 a0=ffffff9c a1=c4be3d27 a2=20000 a3=0 items=0 ppid=1027 pid=7195 auid=4294967295 uid=10574 gid=10574 euid=10574 suid=10574 fsuid=10574 egid=10574 sgid=10574 fsgid=10574 tty=(none) ses=4294967295 comm="Thread-2" exe="/system/bin/app_process32" subj=u:r:untrusted_app:s0:c512,c768 key=(null)
03-09 20:33:40.226  1004  1004 E audit   : type=1327 audit(1552185220.217:51365): proctitle="com.TeamNA.GiftGame"
03-09 20:33:40.615  3136  3136 E adbd    : recv: OPEN 00002551 00000000 0010:73 68 65 6C 6C 2C 76 32 2C 72 61 77 3A 70 73 00 
03-09 20:33:40.615  3136  3136 E adbd    : service_to_fd: shell,v2,raw:ps
03-09 20:33:40.628  7476  7476 E propClient: PropClient failed to load
03-09 20:33:40.643  7476  7476 E propClient: PropClient failed to load
03-09 20:33:40.877  1004  1004 E audit   : type=1400 audit(1552185220.867:51371): avc:  denied  { read } for  pid=7195 comm="Thread-2" name="stat" dev="proc" ino=4026532368 scontext=u:r:untrusted_app:s0:c512,c768 tcontext=u:object_r:proc_stat:s0 tclass=file permissive=0 SEPF_SM-G930V_8.0.0_0016 audit_filtered
03-09 20:33:40.878  1004  1004 E audit   : type=1300 audit(1552185220.867:51371): arch=40000028 syscall=322 per=8 success=no exit=-13 a0=ffffff9c a1=c4be3d27 a2=20000 a3=0 items=0 ppid=1027 pid=7195 auid=4294967295 uid=10574 gid=10574 euid=10574 suid=10574 fsuid=10574 egid=10574 sgid=10574 fsgid=10574 tty=(none) ses=4294967295 comm="Thread-2" exe="/system/bin/app_process32" subj=u:r:untrusted_app:s0:c512,c768 key=(null)
03-09 20:33:40.878  1004  1004 E audit   : type=1327 audit(1552185220.867:51371): proctitle="com.TeamNA.GiftGame"
03-09 20:33:40.982  1004  1004 E audit   : type=1400 audit(1552185220.967:51372): avc:  denied  { read } for  pid=7195 comm="Thread-2" name="stat" dev="proc" ino=4026532368 scontext=u:r:untrusted_app:s0:c512,c768 tcontext=u:object_r:proc_stat:s0 tclass=file permissive=0 SEPF_SM-G930V_8.0.0_0016 audit_filtered
03-09 20:33:40.982  1004  1004 E audit   : type=1300 audit(1552185220.967:51372): arch=40000028 syscall=322 per=8 success=no exit=-13 a0=ffffff9c a1=c4be3d27 a2=20000 a3=0 items=0 ppid=1027 pid=7195 auid=4294967295 uid=10574 gid=10574 euid=10574 suid=10574 fsuid=10574 egid=10574 sgid=10574 fsgid=10574 tty=(none) ses=4294967295 comm="Thread-2" exe="/system/bin/app_process32" subj=u:r:untrusted_app:s0:c512,c768 key=(null)
03-09 20:33:40.982  1004  1004 E audit   : type=1327 audit(1552185220.967:51372): proctitle="com.TeamNA.GiftGame"
03-09 20:33:41.000  3522  3522 D io_stats: !@   8,0 r 6886892 253707544 w 2970955 60706432 d 238215 28254172 f 1161534 1163499 iot 5544840 3331700 th 51200 0 0 pt 0 inp 0 0 300032.833
03-09 20:33:41.005  1865  2110 W StorageManager: getStorageFullBytes DEFAULT_FULL_THRESHOLD_BYTES : 20971520, threadhold : 20971520
03-09 20:33:41.005  1865  2110 W StorageManager: getStorageLowBytes lowPercent : 5, lowBytes : 1225677414, maxLowBytes : 524288000
03-09 20:33:41.008  1865  2110 W DeviceStorageMonitorService: updateBroadcasts(/data) oldLevel:0, newLevel:0, seq:1
03-09 20:33:41.009  1865  2110 W DeviceStorageMonitorService: updateBroadcasts_filenode(/data) fn_oldLevel:0, fn_newLevel:0, seq:1
03-09 20:33:41.095  1004  1004 E audit   : type=1400 audit(1552185221.087:51373): avc:  denied  { read } for  pid=7195 comm="Thread-2" name="stat" dev="proc" ino=4026532368 scontext=u:r:untrusted_app:s0:c512,c768 tcontext=u:object_r:proc_stat:s0 tclass=file permissive=0 SEPF_SM-G930V_8.0.0_0016 audit_filtered
03-09 20:33:41.096  1004  1004 E audit   : type=1300 audit(1552185221.087:51373): arch=40000028 syscall=322 per=8 success=no exit=-13 a0=ffffff9c a1=c4be3d27 a2=20000 a3=0 items=0 ppid=1027 pid=7195 auid=4294967295 uid=10574 gid=10574 euid=10574 suid=10574 fsuid=10574 egid=10574 sgid=10574 fsgid=10574 tty=(none) ses=4294967295 comm="Thread-2" exe="/system/bin/app_process32" subj=u:r:untrusted_app:s0:c512,c768 key=(null)
03-09 20:33:41.096  1004  1004 E audit   : type=1327 audit(1552185221.087:51373): proctitle="com.TeamNA.GiftGame"
03-09 20:33:41.210  1004  1004 E audit   : type=1400 audit(1552185221.197:51374): avc:  denied  { read } for  pid=7195 comm="Thread-2" name="stat" dev="proc" ino=4026532368 scontext=u:r:untrusted_app:s0:c512,c768 tcontext=u:object_r:proc_stat:s0 tclass=file permissive=0 SEPF_SM-G930V_8.0.0_0016 audit_filtered
03-09 20:33:41.210  1004  1004 E audit   : type=1300 audit(1552185221.197:51374): arch=40000028 syscall=322 per=8 success=no exit=-13 a0=ffffff9c a1=c4be3d27 a2=20000 a3=0 items=0 ppid=1027 pid=7195 auid=4294967295 uid=10574 gid=10574 euid=10574 suid=10574 fsuid=10574 egid=10574 sgid=10574 fsgid=10574 tty=(none) ses=4294967295 comm="Thread-2" exe="/system/bin/app_process32" subj=u:r:untrusted_app:s0:c512,c768 key=(null)
03-09 20:33:41.210  1004  1004 E audit   : type=1327 audit(1552185221.197:51374): proctitle="com.TeamNA.GiftGame"
03-09 20:33:41.314  1004  1004 E audit   : type=1400 audit(1552185221.307:51375): avc:  denied  { read } for  pid=7195 comm="Thread-2" name="stat" dev="proc" ino=4026532368 scontext=u:r:untrusted_app:s0:c512,c768 tcontext=u:object_r:proc_stat:s0 tclass=file permissive=0 SEPF_SM-G930V_8.0.0_0016 audit_filtered
03-09 20:33:41.314  1004  1004 E audit   : type=1300 audit(1552185221.307:51375): arch=40000028 syscall=322 per=8 success=no exit=-13 a0=ffffff9c a1=c4be3d27 a2=20000 a3=0 items=0 ppid=1027 pid=7195 auid=4294967295 uid=10574 gid=10574 euid=10574 suid=10574 fsuid=10574 egid=10574 sgid=10574 fsgid=10574 tty=(none) ses=4294967295 comm="Thread-2" exe="/system/bin/app_process32" subj=u:r:untrusted_app:s0:c512,c768 key=(null)
03-09 20:33:41.314  1004  1004 E audit   : type=1327 audit(1552185221.307:51375): proctitle="com.TeamNA.GiftGame"
03-09 20:33:41.933  3136  3136 E adbd    : recv: OPEN 00002555 00000000 0010:73 68 65 6C 6C 2C 76 32 2C 72 61 77 3A 70 73 00 
03-09 20:33:41.933  3136  3136 E adbd    : service_to_fd: shell,v2,raw:ps
03-09 20:33:41.947  7478  7478 E propClient: PropClient failed to load
03-09 20:33:41.964  7478  7478 E propClient: PropClient failed to load
03-09 20:33:42.005  1004  1004 E audit   : type=1400 audit(1552185221.997:51381): avc:  denied  { read } for  pid=7195 comm="Thread-2" name="stat" dev="proc" ino=4026532368 scontext=u:r:untrusted_app:s0:c512,c768 tcontext=u:object_r:proc_stat:s0 tclass=file permissive=0 SEPF_SM-G930V_8.0.0_0016 audit_filtered
03-09 20:33:42.006  1004  1004 E audit   : type=1300 audit(1552185221.997:51381): arch=40000028 syscall=322 per=8 success=no exit=-13 a0=ffffff9c a1=c4be3d27 a2=20000 a3=0 items=0 ppid=1027 pid=7195 auid=4294967295 uid=10574 gid=10574 euid=10574 suid=10574 fsuid=10574 egid=10574 sgid=10574 fsgid=10574 tty=(none) ses=4294967295 comm="Thread-2" exe="/system/bin/app_process32" subj=u:r:untrusted_app:s0:c512,c768 key=(null)
03-09 20:33:42.007  1004  1004 E audit   : type=1327 audit(1552185221.997:51381): proctitle="com.TeamNA.GiftGame"
03-09 20:33:42.114  1004  1004 E audit   : type=1400 audit(1552185222.107:51382): avc:  denied  { read } for  pid=7195 comm="Thread-2" name="stat" dev="proc" ino=4026532368 scontext=u:r:untrusted_app:s0:c512,c768 tcontext=u:object_r:proc_stat:s0 tclass=file permissive=0 SEPF_SM-G930V_8.0.0_0016 audit_filtered
03-09 20:33:42.115  1004  1004 E audit   : type=1300 audit(1552185222.107:51382): arch=40000028 syscall=322 per=8 success=no exit=-13 a0=ffffff9c a1=c4be3d27 a2=20000 a3=0 items=0 ppid=1027 pid=7195 auid=4294967295 uid=10574 gid=10574 euid=10574 suid=10574 fsuid=10574 egid=10574 sgid=10574 fsgid=10574 tty=(none) ses=4294967295 comm="Thread-2" exe="/system/bin/app_process32" subj=u:r:untrusted_app:s0:c512,c768 key=(null)
03-09 20:33:42.116  1004  1004 E audit   : type=1327 audit(1552185222.107:51382): proctitle="com.TeamNA.GiftGame"
03-09 20:33:42.218  1004  1004 E audit   : type=1400 audit(1552185222.207:51383): avc:  denied  { read } for  pid=7195 comm="Thread-2" name="stat" dev="proc" ino=4026532368 scontext=u:r:untrusted_app:s0:c512,c768 tcontext=u:object_r:proc_stat:s0 tclass=file permissive=0 SEPF_SM-G930V_8.0.0_0016 audit_filtered
03-09 20:33:42.218  1004  1004 E audit   : type=1300 audit(1552185222.207:51383): arch=40000028 syscall=322 per=8 success=no exit=-13 a0=ffffff9c a1=c4be3d27 a2=20000 a3=0 items=0 ppid=1027 pid=7195 auid=4294967295 uid=10574 gid=10574 euid=10574 suid=10574 fsuid=10574 egid=10574 sgid=10574 fsgid=10574 tty=(none) ses=4294967295 comm="Thread-2" exe="/system/bin/app_process32" subj=u:r:untrusted_app:s0:c512,c768 key=(null)
03-09 20:33:42.218  1004  1004 E audit   : type=1327 audit(1552185222.207:51383): proctitle="com.TeamNA.GiftGame"
03-09 20:33:42.333  1004  1004 E audit   : type=1400 audit(1552185222.317:51384): avc:  denied  { read } for  pid=7195 comm="Thread-2" name="stat" dev="proc" ino=4026532368 scontext=u:r:untrusted_app:s0:c512,c768 tcontext=u:object_r:proc_stat:s0 tclass=file permissive=0 SEPF_SM-G930V_8.0.0_0016 audit_filtered
03-09 20:33:42.333  1004  1004 E audit   : type=1300 audit(1552185222.317:51384): arch=40000028 syscall=322 per=8 success=no exit=-13 a0=ffffff9c a1=c4be3d27 a2=20000 a3=0 items=0 ppid=1027 pid=7195 auid=4294967295 uid=10574 gid=10574 euid=10574 suid=10574 fsuid=10574 egid=10574 sgid=10574 fsgid=10574 tty=(none) ses=4294967295 comm="Thread-2" exe="/system/bin/app_process32" subj=u:r:untrusted_app:s0:c512,c768 key=(null)
03-09 20:33:42.333  1004  1004 E audit   : type=1327 audit(1552185222.317:51384): proctitle="com.TeamNA.GiftGame"
03-09 20:33:42.446  1004  1004 E audit   : type=1400 audit(1552185222.437:51385): avc:  denied  { read } for  pid=7195 comm="Thread-2" name="stat" dev="proc" ino=4026532368 scontext=u:r:untrusted_app:s0:c512,c768 tcontext=u:object_r:proc_stat:s0 tclass=file permissive=0 SEPF_SM-G930V_8.0.0_0016 audit_filtered
03-09 20:33:42.447  1004  1004 E audit   : type=1300 audit(1552185222.437:51385): arch=40000028 syscall=322 per=8 success=no exit=-13 a0=ffffff9c a1=c4be3d27 a2=20000 a3=0 items=0 ppid=1027 pid=7195 auid=4294967295 uid=10574 gid=10574 euid=10574 suid=10574 fsuid=10574 egid=10574 sgid=10574 fsgid=10574 tty=(none) ses=4294967295 comm="Thread-2" exe="/system/bin/app_process32" subj=u:r:untrusted_app:s0:c512,c768 key=(null)
03-09 20:33:42.447  1004  1004 E audit   : type=1327 audit(1552185222.437:51385): proctitle="com.TeamNA.GiftGame"
03-09 20:33:42.731  1865  3154 D BatteryService: !@BatteryListener : batteryPropertiesChanged!
03-09 20:33:42.732  1865  3154 D BatteryService: level:89, scale:100, status:2, health:2, present:true, voltage: 4190, temperature: 279, technology: Li-ion, AC powered:false, USB powered:true, POGO powered:false, Wireless powered:false, icon:17303851, invalid charger:0, maxChargingCurrent:0, maxChargingVoltage:0, chargeCounter:0
03-09 20:33:42.732  1865  3154 D BatteryService: online:6, current avg:-30, charge type:1, power sharing:false, high voltage charger:false, capacity:280000, batterySWSelfDischarging:false, misc_event:0, current_event:0, current_now:-324
03-09 20:33:42.732  1865  1865 D BatteryService: Sending ACTION_BATTERY_CHANGED.
03-09 20:33:42.735  1865  1865 I MotionRecognitionService: Plugged
03-09 20:33:42.735  1865  1865 D MotionRecognitionService:   mCableConnection= 1
03-09 20:33:42.735  1865  1865 D MotionRecognitionService: setPowerConnected : mGripEnabled = false
03-09 20:33:42.736  1865  1865 D SamsungPhoneWindowManager: ACTION_BATTERY_CHANGED - Level :: 89, battStatus :: 2
03-09 20:33:42.739  1865  2109 D UsbDeviceManager: handleMessage -> MSG_UPDATE_CHARGING_STATE = 1
03-09 20:33:42.739  3108  3108 D KeyguardUpdateMonitor: received broadcast android.intent.action.BATTERY_CHANGED
03-09 20:33:42.742  3404  3404 D PhoneApp: PhoneAppBroadcastReceiver onReceive android.intent.action.BATTERY_CHANGED
03-09 20:33:42.742  3404  3404 D TelephonyExtensionManager: lowBatterySound - isLowBatterySoundScheduled: false
03-09 20:33:42.742  3404  3404 D TelephonyExtensionManager: lowBatterySound - isPlayNow: false
03-09 20:33:42.743  3108  3108 D BatteryController: onReceive-ACTION_BATTERY_CHANGED : mLevel=89, mBatteryStatus=2
03-09 20:33:42.745  3410  3873 D EPDG -- SIM0 [EpdgSubScription]: android.intent.action.BATTERY_CHANGED intent received.
03-09 20:33:42.745  7195  7195 D UE4     : Battery: status = 2, rawlevel = 89, scale = 100
03-09 20:33:42.745  7195  7195 D UE4     : nativeBatteryEvent(stat = 2, lvl = 89  temp = 27.90 C)
03-09 20:33:42.746  3404  3404 D TelephonyExtensionManager: isSpeakerON - false
03-09 20:33:42.748  3404  3404 D TelephonyExtensionManager: lowBatterySound - batteryStatus: 2
03-09 20:33:42.748  3404  3404 D TelephonyExtensionManager: lowBatterySound - batteryLevel: 89
03-09 20:33:42.748  3404  3404 D TelephonyExtensionManager: lowBatterySound - cancel
03-09 20:33:42.748  1865  3154 D SamsungAlarmManager: Cancel Alarm calling from uid:1001 pid :3404 / op:PendingIntent{4226852: PendingIntentRecord{c866027 com.android.phone broadcastIntent}}
03-09 20:33:42.749  3108  3108 D PowerUI : priorPlugType = 2 mPlugType =  2
03-09 20:33:42.750  3108  3108 D PowerUI.Notification: showChargingNotice oldChargingType : 1 currentChargingType : 1 oldChargingTime : 1187000 mChargingTime : 1187000
03-09 20:33:42.750  3108  3108 D PowerUI.Notification: There is no change about charging status, so return!
03-09 20:33:42.752  3404  3404 D TelephonyExtension: Not stopping low battery tone
03-09 20:33:42.815   737  3710 E ANDR-PERF-MPCTL: poll() has timed out for /sys/module/msm_performance/events/cpu_hotplug
03-09 20:33:42.815   737  3710 E ANDR-PERF-MPCTL: Block on poll()
03-09 20:33:43.082  1004  1004 E audit   : type=1400 audit(1552185223.067:51391): avc:  denied  { read } for  pid=7195 comm="Thread-2" name="stat" dev="proc" ino=4026532368 scontext=u:r:untrusted_app:s0:c512,c768 tcontext=u:object_r:proc_stat:s0 tclass=file permissive=0 SEPF_SM-G930V_8.0.0_0016 audit_filtered
03-09 20:33:43.083  1004  1004 E audit   : type=1300 audit(1552185223.067:51391): arch=40000028 syscall=322 per=8 success=no exit=-13 a0=ffffff9c a1=c4be3d27 a2=20000 a3=0 items=0 ppid=1027 pid=7195 auid=4294967295 uid=10574 gid=10574 euid=10574 suid=10574 fsuid=10574 egid=10574 sgid=10574 fsgid=10574 tty=(none) ses=4294967295 comm="Thread-2" exe="/system/bin/app_process32" subj=u:r:untrusted_app:s0:c512,c768 key=(null)
03-09 20:33:43.084  1004  1004 E audit   : type=1327 audit(1552185223.067:51391): proctitle="com.TeamNA.GiftGame"
03-09 20:33:43.197  1004  1004 E audit   : type=1400 audit(1552185223.187:51392): avc:  denied  { read } for  pid=7195 comm="Thread-2" name="stat" dev="proc" ino=4026532368 scontext=u:r:untrusted_app:s0:c512,c768 tcontext=u:object_r:proc_stat:s0 tclass=file permissive=0 SEPF_SM-G930V_8.0.0_0016 audit_filtered
03-09 20:33:43.197  1004  1004 E audit   : type=1300 audit(1552185223.187:51392): arch=40000028 syscall=322 per=8 success=no exit=-13 a0=ffffff9c a1=c4be3d27 a2=20000 a3=0 items=0 ppid=1027 pid=7195 auid=4294967295 uid=10574 gid=10574 euid=10574 suid=10574 fsuid=10574 egid=10574 sgid=10574 fsgid=10574 tty=(none) ses=4294967295 comm="Thread-2" exe="/system/bin/app_process32" subj=u:r:untrusted_app:s0:c512,c768 key=(null)
03-09 20:33:43.198  1004  1004 E audit   : type=1327 audit(1552185223.187:51392): proctitle="com.TeamNA.GiftGame"
03-09 20:33:43.253  3136  3136 E adbd    : recv: OPEN 00002559 00000000 0010:73 68 65 6C 6C 2C 76 32 2C 72 61 77 3A 70 73 00 
03-09 20:33:43.253  3136  3136 E adbd    : service_to_fd: shell,v2,raw:ps
03-09 20:33:43.264  7481  7481 E propClient: PropClient failed to load
03-09 20:33:43.281  7481  7481 E propClient: PropClient failed to load
03-09 20:33:43.298  1004  1004 E audit   : type=1400 audit(1552185223.287:51393): avc:  denied  { read } for  pid=7195 comm="Thread-2" name="stat" dev="proc" ino=4026532368 scontext=u:r:untrusted_app:s0:c512,c768 tcontext=u:object_r:proc_stat:s0 tclass=file permissive=0 SEPF_SM-G930V_8.0.0_0016 audit_filtered
03-09 20:33:43.298  1004  1004 E audit   : type=1300 audit(1552185223.287:51393): arch=40000028 syscall=322 per=8 success=no exit=-13 a0=ffffff9c a1=c4be3d27 a2=20000 a3=0 items=0 ppid=1027 pid=7195 auid=4294967295 uid=10574 gid=10574 euid=10574 suid=10574 fsuid=10574 egid=10574 sgid=10574 fsgid=10574 tty=(none) ses=4294967295 comm="Thread-2" exe="/system/bin/app_process32" subj=u:r:untrusted_app:s0:c512,c768 key=(null)
03-09 20:33:43.298  1004  1004 E audit   : type=1327 audit(1552185223.287:51393): proctitle="com.TeamNA.GiftGame"
03-09 20:33:43.404  1004  1004 E audit   : type=1400 audit(1552185223.397:51394): avc:  denied  { read } for  pid=7195 comm="Thread-2" name="stat" dev="proc" ino=4026532368 scontext=u:r:untrusted_app:s0:c512,c768 tcontext=u:object_r:proc_stat:s0 tclass=file permissive=0 SEPF_SM-G930V_8.0.0_0016 audit_filtered
03-09 20:33:43.404  1004  1004 E audit   : type=1300 audit(1552185223.397:51394): arch=40000028 syscall=322 per=8 success=no exit=-13 a0=ffffff9c a1=c4be3d27 a2=20000 a3=0 items=0 ppid=1027 pid=7195 auid=4294967295 uid=10574 gid=10574 euid=10574 suid=10574 fsuid=10574 egid=10574 sgid=10574 fsgid=10574 tty=(none) ses=4294967295 comm="Thread-2" exe="/system/bin/app_process32" subj=u:r:untrusted_app:s0:c512,c768 key=(null)
03-09 20:33:43.404  1004  1004 E audit   : type=1327 audit(1552185223.397:51394): proctitle="com.TeamNA.GiftGame"
03-09 20:33:43.516  1004  1004 E audit   : type=1400 audit(1552185223.507:51395): avc:  denied  { read } for  pid=7195 comm="Thread-2" name="stat" dev="proc" ino=4026532368 scontext=u:r:untrusted_app:s0:c512,c768 tcontext=u:object_r:proc_stat:s0 tclass=file permissive=0 SEPF_SM-G930V_8.0.0_0016 audit_filtered
03-09 20:33:43.516  1004  1004 E audit   : type=1300 audit(1552185223.507:51395): arch=40000028 syscall=322 per=8 success=no exit=-13 a0=ffffff9c a1=c4be3d27 a2=20000 a3=0 items=0 ppid=1027 pid=7195 auid=4294967295 uid=10574 gid=10574 euid=10574 suid=10574 fsuid=10574 egid=10574 sgid=10574 fsgid=10574 tty=(none) ses=4294967295 comm="Thread-2" exe="/system/bin/app_process32" subj=u:r:untrusted_app:s0:c512,c768 key=(null)
03-09 20:33:43.516  1004  1004 E audit   : type=1327 audit(1552185223.507:51395): proctitle="com.TeamNA.GiftGame"
03-09 20:33:44.163  1004  1004 E audit   : type=1400 audit(1552185224.157:51401): avc:  denied  { read } for  pid=7195 comm="Thread-2" name="stat" dev="proc" ino=4026532368 scontext=u:r:untrusted_app:s0:c512,c768 tcontext=u:object_r:proc_stat:s0 tclass=file permissive=0 SEPF_SM-G930V_8.0.0_0016 audit_filtered
03-09 20:33:44.163  1004  1004 E audit   : type=1300 audit(1552185224.157:51401): arch=40000028 syscall=322 per=8 success=no exit=-13 a0=ffffff9c a1=c4be3d27 a2=20000 a3=0 items=0 ppid=1027 pid=7195 auid=4294967295 uid=10574 gid=10574 euid=10574 suid=10574 fsuid=10574 egid=10574 sgid=10574 fsgid=10574 tty=(none) ses=4294967295 comm="Thread-2" exe="/system/bin/app_process32" subj=u:r:untrusted_app:s0:c512,c768 key=(null)
03-09 20:33:44.163  1004  1004 E audit   : type=1327 audit(1552185224.157:51401): proctitle="com.TeamNA.GiftGame"
03-09 20:33:44.266  1004  1004 E audit   : type=1400 audit(1552185224.257:51402): avc:  denied  { read } for  pid=7195 comm="Thread-2" name="stat" dev="proc" ino=4026532368 scontext=u:r:untrusted_app:s0:c512,c768 tcontext=u:object_r:proc_stat:s0 tclass=file permissive=0 SEPF_SM-G930V_8.0.0_0016 audit_filtered
03-09 20:33:44.266  1004  1004 E audit   : type=1300 audit(1552185224.257:51402): arch=40000028 syscall=322 per=8 success=no exit=-13 a0=ffffff9c a1=c4be3d27 a2=20000 a3=0 items=0 ppid=1027 pid=7195 auid=4294967295 uid=10574 gid=10574 euid=10574 suid=10574 fsuid=10574 egid=10574 sgid=10574 fsgid=10574 tty=(none) ses=4294967295 comm="Thread-2" exe="/system/bin/app_process32" subj=u:r:untrusted_app:s0:c512,c768 key=(null)
03-09 20:33:44.266  1004  1004 E audit   : type=1327 audit(1552185224.257:51402): proctitle="com.TeamNA.GiftGame"
03-09 20:33:44.367  1004  1004 E audit   : type=1400 audit(1552185224.357:51403): avc:  denied  { read } for  pid=7195 comm="Thread-2" name="stat" dev="proc" ino=4026532368 scontext=u:r:untrusted_app:s0:c512,c768 tcontext=u:object_r:proc_stat:s0 tclass=file permissive=0 SEPF_SM-G930V_8.0.0_0016 audit_filtered
03-09 20:33:44.367  1004  1004 E audit   : type=1300 audit(1552185224.357:51403): arch=40000028 syscall=322 per=8 success=no exit=-13 a0=ffffff9c a1=c4be3d27 a2=20000 a3=0 items=0 ppid=1027 pid=7195 auid=4294967295 uid=10574 gid=10574 euid=10574 suid=10574 fsuid=10574 egid=10574 sgid=10574 fsgid=10574 tty=(none) ses=4294967295 comm="Thread-2" exe="/system/bin/app_process32" subj=u:r:untrusted_app:s0:c512,c768 key=(null)
03-09 20:33:44.367  1004  1004 E audit   : type=1327 audit(1552185224.357:51403): proctitle="com.TeamNA.GiftGame"
03-09 20:33:44.481  1004  1004 E audit   : type=1400 audit(1552185224.467:51404): avc:  denied  { read } for  pid=7195 comm="Thread-2" name="stat" dev="proc" ino=4026532368 scontext=u:r:untrusted_app:s0:c512,c768 tcontext=u:object_r:proc_stat:s0 tclass=file permissive=0 SEPF_SM-G930V_8.0.0_0016 audit_filtered
03-09 20:33:44.481  1004  1004 E audit   : type=1300 audit(1552185224.467:51404): arch=40000028 syscall=322 per=8 success=no exit=-13 a0=ffffff9c a1=c4be3d27 a2=20000 a3=0 items=0 ppid=1027 pid=7195 auid=4294967295 uid=10574 gid=10574 euid=10574 suid=10574 fsuid=10574 egid=10574 sgid=10574 fsgid=10574 tty=(none) ses=4294967295 comm="Thread-2" exe="/system/bin/app_process32" subj=u:r:untrusted_app:s0:c512,c768 key=(null)
03-09 20:33:44.481  1004  1004 E audit   : type=1327 audit(1552185224.467:51404): proctitle="com.TeamNA.GiftGame"
03-09 20:33:44.560  3136  3136 E adbd    : recv: OPEN 0000255d 00000000 0010:73 68 65 6C 6C 2C 76 32 2C 72 61 77 3A 70 73 00 
03-09 20:33:44.561  3136  3136 E adbd    : service_to_fd: shell,v2,raw:ps
03-09 20:33:44.573  7483  7483 E propClient: PropClient failed to load
03-09 20:33:44.590  1004  1004 E audit   : type=1400 audit(1552185224.577:51405): avc:  denied  { read } for  pid=7195 comm="Thread-2" name="stat" dev="proc" ino=4026532368 scontext=u:r:untrusted_app:s0:c512,c768 tcontext=u:object_r:proc_stat:s0 tclass=file permissive=0 SEPF_SM-G930V_8.0.0_0016 audit_filtered
03-09 20:33:44.590  1004  1004 E audit   : type=1300 audit(1552185224.577:51405): arch=40000028 syscall=322 per=8 success=no exit=-13 a0=ffffff9c a1=c4be3d27 a2=20000 a3=0 items=0 ppid=1027 pid=7195 auid=4294967295 uid=10574 gid=10574 euid=10574 suid=10574 fsuid=10574 egid=10574 sgid=10574 fsgid=10574 tty=(none) ses=4294967295 comm="Thread-2" exe="/system/bin/app_process32" subj=u:r:untrusted_app:s0:c512,c768 key=(null)
03-09 20:33:44.590  1004  1004 E audit   : type=1327 audit(1552185224.577:51405): proctitle="com.TeamNA.GiftGame"
03-09 20:33:44.591  7483  7483 E propClient: PropClient failed to load
03-09 20:33:44.747  1865  2468 D SamsungAlarmManager: Expired : 8
03-09 20:33:44.748  1865  2468 I SamsungAlarmManager: setLocked to kernel - T:3 / 20190309T203400, SetElapsed=1245941990, nowELAPSED=1245926737
03-09 20:33:44.748  1865  2468 V SamsungAlarmManager: Sending to uid : 10068 action=null alarm=Alarm{fdb9723 type 3 when 1245926737 com.asurion.android.verizon.vms}
03-09 20:33:44.762  1865  3210 D SamsungAlarmManager: setExact Intent (T:3/F:5/AC:false) 20190309T203349 - CU:10068/CP:4132
03-09 20:33:44.762  1865  3210 I SamsungAlarmManager: setLocked to kernel - T:3 / 20190309T203349, SetElapsed=1245931749, nowELAPSED=1245926752
03-09 20:33:45.211  1865  9170 D SSRM:g  : SIOP:: AP = 410, PST = 365 (W:6), BAT = 279, CHG = 324
03-09 20:33:45.234  1004  1004 E audit   : type=1400 audit(1552185225.227:51411): avc:  denied  { read } for  pid=7195 comm="Thread-2" name="stat" dev="proc" ino=4026532368 scontext=u:r:untrusted_app:s0:c512,c768 tcontext=u:object_r:proc_stat:s0 tclass=file permissive=0 SEPF_SM-G930V_8.0.0_0016 audit_filtered
03-09 20:33:45.235  1004  1004 E audit   : type=1300 audit(1552185225.227:51411): arch=40000028 syscall=322 per=8 success=no exit=-13 a0=ffffff9c a1=c4be3d27 a2=20000 a3=0 items=0 ppid=1027 pid=7195 auid=4294967295 uid=10574 gid=10574 euid=10574 suid=10574 fsuid=10574 egid=10574 sgid=10574 fsgid=10574 tty=(none) ses=4294967295 comm="Thread-2" exe="/system/bin/app_process32" subj=u:r:untrusted_app:s0:c512,c768 key=(null)
03-09 20:33:45.235  1004  1004 E audit   : type=1327 audit(1552185225.227:51411): proctitle="com.TeamNA.GiftGame"
03-09 20:33:45.350  1004  1004 E audit   : type=1400 audit(1552185225.337:51412): avc:  denied  { read } for  pid=7195 comm="Thread-2" name="stat" dev="proc" ino=4026532368 scontext=u:r:untrusted_app:s0:c512,c768 tcontext=u:object_r:proc_stat:s0 tclass=file permissive=0 SEPF_SM-G930V_8.0.0_0016 audit_filtered
03-09 20:33:45.350  1004  1004 E audit   : type=1300 audit(1552185225.337:51412): arch=40000028 syscall=322 per=8 success=no exit=-13 a0=ffffff9c a1=c4be3d27 a2=20000 a3=0 items=0 ppid=1027 pid=7195 auid=4294967295 uid=10574 gid=10574 euid=10574 suid=10574 fsuid=10574 egid=10574 sgid=10574 fsgid=10574 tty=(none) ses=4294967295 comm="Thread-2" exe="/system/bin/app_process32" subj=u:r:untrusted_app:s0:c512,c768 key=(null)
03-09 20:33:45.350  1004  1004 E audit   : type=1327 audit(1552185225.337:51412): proctitle="com.TeamNA.GiftGame"
03-09 20:33:45.468  1004  1004 E audit   : type=1400 audit(1552185225.457:51413): avc:  denied  { read } for  pid=7195 comm="Thread-2" name="stat" dev="proc" ino=4026532368 scontext=u:r:untrusted_app:s0:c512,c768 tcontext=u:object_r:proc_stat:s0 tclass=file permissive=0 SEPF_SM-G930V_8.0.0_0016 audit_filtered
03-09 20:33:45.468  1004  1004 E audit   : type=1300 audit(1552185225.457:51413): arch=40000028 syscall=322 per=8 success=no exit=-13 a0=ffffff9c a1=c4be3d27 a2=20000 a3=0 items=0 ppid=1027 pid=7195 auid=4294967295 uid=10574 gid=10574 euid=10574 suid=10574 fsuid=10574 egid=10574 sgid=10574 fsgid=10574 tty=(none) ses=4294967295 comm="Thread-2" exe="/system/bin/app_process32" subj=u:r:untrusted_app:s0:c512,c768 key=(null)
03-09 20:33:45.468  1004  1004 E audit   : type=1327 audit(1552185225.457:51413): proctitle="com.TeamNA.GiftGame"
03-09 20:33:45.568  1004  1004 E audit   : type=1400 audit(1552185225.557:51414): avc:  denied  { read } for  pid=7195 comm="Thread-2" name="stat" dev="proc" ino=4026532368 scontext=u:r:untrusted_app:s0:c512,c768 tcontext=u:object_r:proc_stat:s0 tclass=file permissive=0 SEPF_SM-G930V_8.0.0_0016 audit_filtered
03-09 20:33:45.569  1004  1004 E audit   : type=1300 audit(1552185225.557:51414): arch=40000028 syscall=322 per=8 success=no exit=-13 a0=ffffff9c a1=c4be3d27 a2=20000 a3=0 items=0 ppid=1027 pid=7195 auid=4294967295 uid=10574 gid=10574 euid=10574 suid=10574 fsuid=10574 egid=10574 sgid=10574 fsgid=10574 tty=(none) ses=4294967295 comm="Thread-2" exe="/system/bin/app_process32" subj=u:r:untrusted_app:s0:c512,c768 key=(null)
03-09 20:33:45.569  1004  1004 E audit   : type=1327 audit(1552185225.557:51414): proctitle="com.TeamNA.GiftGame"
03-09 20:33:45.669  1004  1004 E audit   : type=1400 audit(1552185225.657:51415): avc:  denied  { read } for  pid=7195 comm="Thread-2" name="stat" dev="proc" ino=4026532368 scontext=u:r:untrusted_app:s0:c512,c768 tcontext=u:object_r:proc_stat:s0 tclass=file permissive=0 SEPF_SM-G930V_8.0.0_0016 audit_filtered
