03-08 19:40:16.476  1004  1004 E audit   : type=1300 audit(1552095616.459:41553): arch=40000028 syscall=322 per=8 success=no exit=-13 a0=ffffff9c a1=c4b42d27 a2=20000 a3=0 items=0 ppid=1027 pid=14836 auid=4294967295 uid=10572 gid=10572 euid=10572 suid=10572 fsuid=10572 egid=10572 sgid=10572 fsgid=10572 tty=(none) ses=4294967295 comm="Thread-2" exe="/system/bin/app_process32" subj=u:r:untrusted_app:s0:c512,c768 key=(null)
03-08 19:40:16.476  1004  1004 E audit   : type=1327 audit(1552095616.459:41553): proctitle="com.TeamNA.GiftGame"
03-08 19:40:16.528  3136  3136 E adbd    : recv: OPEN 00001374 00000000 0010:73 68 65 6C 6C 2C 76 32 2C 72 61 77 3A 70 73 00 
03-08 19:40:16.528  3136  3136 E adbd    : service_to_fd: shell,v2,raw:ps
03-08 19:40:16.543 15091 15091 E propClient: PropClient failed to load
03-08 19:40:16.556 15091 15091 E propClient: PropClient failed to load
03-08 19:40:16.581  1004  1004 E audit   : type=1400 audit(1552095616.569:41554): avc:  denied  { read } for  pid=14836 comm="Thread-2" name="stat" dev="proc" ino=4026532368 scontext=u:r:untrusted_app:s0:c512,c768 tcontext=u:object_r:proc_stat:s0 tclass=file permissive=0 SEPF_SM-G930V_8.0.0_0016 audit_filtered
03-08 19:40:16.581  1004  1004 E audit   : type=1300 audit(1552095616.569:41554): arch=40000028 syscall=322 per=8 success=no exit=-13 a0=ffffff9c a1=c4b42d27 a2=20000 a3=0 items=0 ppid=1027 pid=14836 auid=4294967295 uid=10572 gid=10572 euid=10572 suid=10572 fsuid=10572 egid=10572 sgid=10572 fsgid=10572 tty=(none) ses=4294967295 comm="Thread-2" exe="/system/bin/app_process32" subj=u:r:untrusted_app:s0:c512,c768 key=(null)
03-08 19:40:16.582  1004  1004 E audit   : type=1327 audit(1552095616.569:41554): proctitle="com.TeamNA.GiftGame"
03-08 19:40:16.684  1865  1865 D CustomFrequencyManagerService: releaseDVFSLockLocked : Getting Lock type frm List : DVFS_MIN_LIMIT  frequency : 883200  uid : 1000  pid : 1865  tag : GESTURE_DETECTED@CPU_MIN@86
03-08 19:40:16.685  1004  1004 E audit   : type=1400 audit(1552095616.669:41555): avc:  denied  { read } for  pid=14836 comm="Thread-2" name="stat" dev="proc" ino=4026532368 scontext=u:r:untrusted_app:s0:c512,c768 tcontext=u:object_r:proc_stat:s0 tclass=file permissive=0 SEPF_SM-G930V_8.0.0_0016 audit_filtered
03-08 19:40:16.686  1004  1004 E audit   : type=1300 audit(1552095616.669:41555): arch=40000028 syscall=322 per=8 success=no exit=-13 a0=ffffff9c a1=c4b42d27 a2=20000 a3=0 items=0 ppid=1027 pid=14836 auid=4294967295 uid=10572 gid=10572 euid=10572 suid=10572 fsuid=10572 egid=10572 sgid=10572 fsgid=10572 tty=(none) ses=4294967295 comm="Thread-2" exe="/system/bin/app_process32" subj=u:r:untrusted_app:s0:c512,c768 key=(null)
03-08 19:40:16.686  1004  1004 E audit   : type=1327 audit(1552095616.669:41555): proctitle="com.TeamNA.GiftGame"
03-08 19:40:16.698  1865  2511 D InputReader: Input event(6): value=1 when=285777841416000
03-08 19:40:16.698  1865  2511 D InputReader: Input event(6): value=1 when=285777841416000
03-08 19:40:16.698  1865  2511 I InputReader: Touch event's action is 0x0 (deviceType=0) [pCnt=1, s=0.26985 ] when=285777841416000
03-08 19:40:16.698  1865  2510 I InputDispatcher: Delivering touch to (14836): action: 0x0, toolType: 1
03-08 19:40:16.700 14836 14902 V threaded_app: New input event: type=2
03-08 19:40:16.702 14836 14836 D ViewRootImpl@f1c9a4b[GameActivity]: ViewPostIme pointer 0
03-08 19:40:16.714 14836 14902 V threaded_app: New input event: type=2
03-08 19:40:16.794  1004  1004 E audit   : type=1400 audit(1552095616.779:41556): avc:  denied  { read } for  pid=14836 comm="Thread-2" name="stat" dev="proc" ino=4026532368 scontext=u:r:untrusted_app:s0:c512,c768 tcontext=u:object_r:proc_stat:s0 tclass=file permissive=0 SEPF_SM-G930V_8.0.0_0016 audit_filtered
03-08 19:40:16.795  1004  1004 E audit   : type=1300 audit(1552095616.779:41556): arch=40000028 syscall=322 per=8 success=no exit=-13 a0=ffffff9c a1=c4b42d27 a2=20000 a3=0 items=0 ppid=1027 pid=14836 auid=4294967295 uid=10572 gid=10572 euid=10572 suid=10572 fsuid=10572 egid=10572 sgid=10572 fsgid=10572 tty=(none) ses=4294967295 comm="Thread-2" exe="/system/bin/app_process32" subj=u:r:untrusted_app:s0:c512,c768 key=(null)
03-08 19:40:16.795  1004  1004 E audit   : type=1327 audit(1552095616.779:41556): proctitle="com.TeamNA.GiftGame"
03-08 19:40:16.798  1865  2511 D InputReader: Input event(6): value=0 when=285777941733000
03-08 19:40:16.798  1865  2511 D InputReader: Input event(6): value=0 when=285777941733000
03-08 19:40:16.798  1865  2511 I InputReader: Touch event's action is 0x1 (deviceType=0) [pCnt=1, s=] when=285777941733000
03-08 19:40:16.798 14836 14902 V threaded_app: New input event: type=2
03-08 19:40:16.799  1865  2510 I InputDispatcher: Delivering touch to (14836): action: 0x1, toolType: 1
03-08 19:40:16.800  1865  2510 D PowerManagerService: [api] userActivityFromNative : 10 (event: 2 flags: 0) eventTime = 285777941
03-08 19:40:16.802 14836 14902 V threaded_app: New input event: type=2
03-08 19:40:16.805 14836 14836 D ViewRootImpl@f1c9a4b[GameActivity]: ViewPostIme pointer 1
03-08 19:40:16.830  3788 30357 I GCoreUlr: Starting BLE scan: mode: 3
03-08 19:40:16.832  3788  3788 I BeaconBle: Client requested scan, settings=BleSettings [scanMode=ZERO_POWER, callbackType=ALL_MATCHES, reportDelayMillis=0, 2 filters, 0 clients, callingClientName=ULR]
03-08 19:40:16.841  3788 30357 I GCoreUlr: BLE: collected 0 results
03-08 19:40:16.853  3788  3788 I BeaconBle: Stopping scan on delegate scanner. BT state: 15
03-08 19:40:16.856  3788  3788 D BluetoothAdapter: STATE_BLE_ON
03-08 19:40:16.858  3788  3788 D BluetoothAdapter: appoCount is = 1
03-08 19:40:16.859  3788  3788 D BluetoothAdapter: STATE_BLE_ON
03-08 19:40:16.859  3788  3788 D BluetoothLeScanner: Stop Scan with callback
03-08 19:40:16.862  6262  6448 W bt_btm  : btm_ble_disable_resolving_list() rl_state = 0x1b, rl_mask = 0x2, to_resume = 1
03-08 19:40:16.869  3788  3788 D BluetoothAdapter: STATE_BLE_ON
03-08 19:40:16.870  3788  3788 D BluetoothAdapter: STATE_BLE_ON
03-08 19:40:16.871  3788  3788 D BluetoothAdapter: appoCount is = 1
03-08 19:40:16.871  3788  3788 I BeaconBle: Resetting - new scanner available: true
03-08 19:40:16.871  3788  3788 I BeaconBle: ZERO_POWER is disabled.
03-08 19:40:16.871  3788  3788 I BeaconBle: 'L' hardware scan: scan stopped, no powered clients
03-08 19:40:16.872  6262  6411 E BtGatt.GattService: [GSIM LOG]: gsimLogHandler, msg: MESSAGE_SCAN_STOP, appName: com.google.uid.shared, scannerId: 4, reportDelayMillis=0
03-08 19:40:16.908  1004  1004 E audit   : type=1400 audit(1552095616.899:41557): avc:  denied  { read } for  pid=14836 comm="Thread-2" name="stat" dev="proc" ino=4026532368 scontext=u:r:untrusted_app:s0:c512,c768 tcontext=u:object_r:proc_stat:s0 tclass=file permissive=0 SEPF_SM-G930V_8.0.0_0016 audit_filtered
03-08 19:40:16.908  1004  1004 E audit   : type=1300 audit(1552095616.899:41557): arch=40000028 syscall=322 per=8 success=no exit=-13 a0=ffffff9c a1=c4b42d27 a2=20000 a3=0 items=0 ppid=1027 pid=14836 auid=4294967295 uid=10572 gid=10572 euid=10572 suid=10572 fsuid=10572 egid=10572 sgid=10572 fsgid=10572 tty=(none) ses=4294967295 comm="Thread-2" exe="/system/bin/app_process32" subj=u:r:untrusted_app:s0:c512,c768 key=(null)
03-08 19:40:16.908  1004  1004 E audit   : type=1327 audit(1552095616.899:41557): proctitle="com.TeamNA.GiftGame"
03-08 19:40:17.549  1004  1004 E audit   : type=1400 audit(1552095617.539:41563): avc:  denied  { read } for  pid=14836 comm="Thread-2" name="stat" dev="proc" ino=4026532368 scontext=u:r:untrusted_app:s0:c512,c768 tcontext=u:object_r:proc_stat:s0 tclass=file permissive=0 SEPF_SM-G930V_8.0.0_0016 audit_filtered
03-08 19:40:17.549  1004  1004 E audit   : type=1300 audit(1552095617.539:41563): arch=40000028 syscall=322 per=8 success=no exit=-13 a0=ffffff9c a1=c4b42d27 a2=20000 a3=0 items=0 ppid=1027 pid=14836 auid=4294967295 uid=10572 gid=10572 euid=10572 suid=10572 fsuid=10572 egid=10572 sgid=10572 fsgid=10572 tty=(none) ses=4294967295 comm="Thread-2" exe="/system/bin/app_process32" subj=u:r:untrusted_app:s0:c512,c768 key=(null)
03-08 19:40:17.549  1004  1004 E audit   : type=1327 audit(1552095617.539:41563): proctitle="com.TeamNA.GiftGame"
03-08 19:40:17.653  1004  1004 E audit   : type=1400 audit(1552095617.639:41564): avc:  denied  { read } for  pid=14836 comm="Thread-2" name="stat" dev="proc" ino=4026532368 scontext=u:r:untrusted_app:s0:c512,c768 tcontext=u:object_r:proc_stat:s0 tclass=file permissive=0 SEPF_SM-G930V_8.0.0_0016 audit_filtered
03-08 19:40:17.653  1004  1004 E audit   : type=1300 audit(1552095617.639:41564): arch=40000028 syscall=322 per=8 success=no exit=-13 a0=ffffff9c a1=c4b42d27 a2=20000 a3=0 items=0 ppid=1027 pid=14836 auid=4294967295 uid=10572 gid=10572 euid=10572 suid=10572 fsuid=10572 egid=10572 sgid=10572 fsgid=10572 tty=(none) ses=4294967295 comm="Thread-2" exe="/system/bin/app_process32" subj=u:r:untrusted_app:s0:c512,c768 key=(null)
03-08 19:40:17.653  1004  1004 E audit   : type=1327 audit(1552095617.639:41564): proctitle="com.TeamNA.GiftGame"
03-08 19:40:17.716   737  3710 E ANDR-PERF-MPCTL: poll() has timed out for /sys/module/msm_performance/events/cpu_hotplug
03-08 19:40:17.717   737  3710 E ANDR-PERF-MPCTL: Block on poll()
03-08 19:40:17.746  1865 10181 D BatteryService: !@BatteryListener : batteryPropertiesChanged!
03-08 19:40:17.746  1865 10181 D BatteryService: level:100, scale:100, status:5, health:2, present:true, voltage: 4238, temperature: 258, technology: Li-ion, AC powered:false, USB powered:true, POGO powered:false, Wireless powered:false, icon:17303851, invalid charger:0, maxChargingCurrent:0, maxChargingVoltage:0, chargeCounter:0
03-08 19:40:17.746  1865 10181 D BatteryService: online:6, current avg:-60, charge type:1, power sharing:false, high voltage charger:false, capacity:280000, batterySWSelfDischarging:false, misc_event:0, current_event:0, current_now:127
03-08 19:40:17.747  1865  1865 D BatteryService: Sending ACTION_BATTERY_CHANGED.
03-08 19:40:17.749  1865  1865 I MotionRecognitionService: Plugged
03-08 19:40:17.749  1865  1865 D MotionRecognitionService:   mCableConnection= 1
03-08 19:40:17.749  1865  1865 D MotionRecognitionService: setPowerConnected : mGripEnabled = false
03-08 19:40:17.750  1865  1865 D SamsungPhoneWindowManager: ACTION_BATTERY_CHANGED - Level :: 100, battStatus :: 5
03-08 19:40:17.751  1865  2109 D UsbDeviceManager: handleMessage -> MSG_UPDATE_CHARGING_STATE = 1
03-08 19:40:17.753  1004  1004 E audit   : type=1400 audit(1552095617.739:41565): avc:  denied  { read } for  pid=14836 comm="Thread-2" name="stat" dev="proc" ino=4026532368 scontext=u:r:untrusted_app:s0:c512,c768 tcontext=u:object_r:proc_stat:s0 tclass=file permissive=0 SEPF_SM-G930V_8.0.0_0016 audit_filtered
03-08 19:40:17.753  3108  3108 D KeyguardUpdateMonitor: received broadcast android.intent.action.BATTERY_CHANGED
03-08 19:40:17.753  1004  1004 E audit   : type=1300 audit(1552095617.739:41565): arch=40000028 syscall=322 per=8 success=no exit=-13 a0=ffffff9c a1=c4b42d27 a2=20000 a3=0 items=0 ppid=1027 pid=14836 auid=4294967295 uid=10572 gid=10572 euid=10572 suid=10572 fsuid=10572 egid=10572 sgid=10572 fsgid=10572 tty=(none) ses=4294967295 comm="Thread-2" exe="/system/bin/app_process32" subj=u:r:untrusted_app:s0:c512,c768 key=(null)
03-08 19:40:17.753  1004  1004 E audit   : type=1327 audit(1552095617.739:41565): proctitle="com.TeamNA.GiftGame"
03-08 19:40:17.757  3108  3108 D BatteryController: onReceive-ACTION_BATTERY_CHANGED : mLevel=100, mBatteryStatus=5
03-08 19:40:17.763  3404  3404 D PhoneApp: PhoneAppBroadcastReceiver onReceive android.intent.action.BATTERY_CHANGED
03-08 19:40:17.763  3404  3404 D TelephonyExtensionManager: lowBatterySound - isLowBatterySoundScheduled: false
03-08 19:40:17.764  3404  3404 D TelephonyExtensionManager: lowBatterySound - isPlayNow: false
03-08 19:40:17.766  3410  3873 D EPDG -- SIM0 [EpdgSubScription]: android.intent.action.BATTERY_CHANGED intent received.
03-08 19:40:17.768  3404  3404 D TelephonyExtensionManager: isSpeakerON - false
03-08 19:40:17.767  3108  3108 D PowerUI : priorPlugType = 2 mPlugType =  2
03-08 19:40:17.772 14836 14836 D UE4     : Battery: status = 5, rawlevel = 100, scale = 100
03-08 19:40:17.772 14836 14836 D UE4     : nativeBatteryEvent(stat = 5, lvl = 100  temp = 25.80 C)
03-08 19:40:17.774  3404  3404 D TelephonyExtensionManager: lowBatterySound - batteryStatus: 5
03-08 19:40:17.774  3404  3404 D TelephonyExtensionManager: lowBatterySound - batteryLevel: 100
03-08 19:40:17.775  3404  3404 D TelephonyExtensionManager: lowBatterySound - cancel
03-08 19:40:17.775  1865  3458 D SamsungAlarmManager: Cancel Alarm calling from uid:1001 pid :3404 / op:PendingIntent{fb17f46: PendingIntentRecord{978bb28 com.android.phone broadcastIntent}}
03-08 19:40:17.775  3404  3404 D TelephonyExtension: Not stopping low battery tone
03-08 19:40:17.846  3136  3136 E adbd    : recv: OPEN 00001378 00000000 0010:73 68 65 6C 6C 2C 76 32 2C 72 61 77 3A 70 73 00 
03-08 19:40:17.848  3136  3136 E adbd    : service_to_fd: shell,v2,raw:ps
03-08 19:40:17.861 15093 15093 E propClient: PropClient failed to load
03-08 19:40:17.870  1004  1004 E audit   : type=1400 audit(1552095617.859:41566): avc:  denied  { read } for  pid=14836 comm="Thread-2" name="stat" dev="proc" ino=4026532368 scontext=u:r:untrusted_app:s0:c512,c768 tcontext=u:object_r:proc_stat:s0 tclass=file permissive=0 SEPF_SM-G930V_8.0.0_0016 audit_filtered
03-08 19:40:17.870  1004  1004 E audit   : type=1300 audit(1552095617.859:41566): arch=40000028 syscall=322 per=8 success=no exit=-13 a0=ffffff9c a1=c4b42d27 a2=20000 a3=0 items=0 ppid=1027 pid=14836 auid=4294967295 uid=10572 gid=10572 euid=10572 suid=10572 fsuid=10572 egid=10572 sgid=10572 fsgid=10572 tty=(none) ses=4294967295 comm="Thread-2" exe="/system/bin/app_process32" subj=u:r:untrusted_app:s0:c512,c768 key=(null)
03-08 19:40:17.870  1004  1004 E audit   : type=1327 audit(1552095617.859:41566): proctitle="com.TeamNA.GiftGame"
03-08 19:40:17.878 15093 15093 E propClient: PropClient failed to load
03-08 19:40:17.981  1004  1004 E audit   : type=1400 audit(1552095617.969:41567): avc:  denied  { read } for  pid=14836 comm="Thread-2" name="stat" dev="proc" ino=4026532368 scontext=u:r:untrusted_app:s0:c512,c768 tcontext=u:object_r:proc_stat:s0 tclass=file permissive=0 SEPF_SM-G930V_8.0.0_0016 audit_filtered
03-08 19:40:17.981  1004  1004 E audit   : type=1300 audit(1552095617.969:41567): arch=40000028 syscall=322 per=8 success=no exit=-13 a0=ffffff9c a1=c4b42d27 a2=20000 a3=0 items=0 ppid=1027 pid=14836 auid=4294967295 uid=10572 gid=10572 euid=10572 suid=10572 fsuid=10572 egid=10572 sgid=10572 fsgid=10572 tty=(none) ses=4294967295 comm="Thread-2" exe="/system/bin/app_process32" subj=u:r:untrusted_app:s0:c512,c768 key=(null)
03-08 19:40:17.984  1004  1004 E audit   : type=1327 audit(1552095617.969:41567): proctitle="com.TeamNA.GiftGame"
03-08 19:40:18.108  1865  2511 D InputReader: Input event(6): value=1 when=285779251443000
03-08 19:40:18.109  1865  2511 D InputReader: Input event(6): value=1 when=285779251443000
03-08 19:40:18.109  1865  2511 I InputReader: Touch event's action is 0x0 (deviceType=0) [pCnt=1, s=0.26986 ] when=285779251443000
03-08 19:40:18.109  1865  2510 I InputDispatcher: Delivering touch to (14836): action: 0x0, toolType: 1
03-08 19:40:18.112 14836 14902 V threaded_app: New input event: type=2
03-08 19:40:18.113 14836 14836 D ViewRootImpl@f1c9a4b[GameActivity]: ViewPostIme pointer 0
03-08 19:40:18.135 14836 14902 V threaded_app: New input event: type=2
03-08 19:40:18.149  1865  2511 D InputReader: Input event(6): value=0 when=285779292494000
03-08 19:40:18.149  1865  2511 D InputReader: Input event(6): value=0 when=285779292494000
03-08 19:40:18.149 14836 14902 V threaded_app: New input event: type=2
03-08 19:40:18.149  1865  2511 I InputReader: Touch event's action is 0x1 (deviceType=0) [pCnt=1, s=] when=285779292494000
03-08 19:40:18.150  1865  2510 I InputDispatcher: Delivering touch to (14836): action: 0x1, toolType: 1
03-08 19:40:18.155 14836 14902 V threaded_app: New input event: type=2
03-08 19:40:18.158 14836 14836 D ViewRootImpl@f1c9a4b[GameActivity]: ViewPostIme pointer 1
03-08 19:40:18.210  1865  1865 D TelephonyManager: getCellLocation : Caller (PID / UID / TID): 1865 / 1000 / 1865
03-08 19:40:18.212  3108  3336 D NetworkController.MobileSignalController(0/1): onSignalStrengthsChanged signalStrength=SignalStrength: 99 99 -120 -160 -120 -1 -1 23 -95 -10 174 2147483647 0 2147483647 0x4000 P gsm|lte level=4
03-08 19:40:18.213  3108  3336 D NetworkController.MobileSignalController(0/1): getMobileIconGroup(): 13
03-08 19:40:18.213  3108  3336 D NetworkController.MobileSignalController(0/1): updateVZWMobileIconGroup(): 13
03-08 19:40:18.222  3410  3873 D EPDG -- SIM0 [SMARTWIFI]: onSignalStrengthsChanged: Received signal strength change, phone type is: 2
03-08 19:40:18.223  3410  5492 D EPDG -- SIM0 [SMARTWIFI]: lastLteRSRP is -95currentLteRSRP is -95
03-08 19:40:18.223  3410  5492 D EPDG -- SIM0 [SMARTWIFI]: lastLteRSRQ is -10currentLteRSRQ is -10
03-08 19:40:18.223  3410  5492 D EPDG -- SIM0 [SMARTWIFI]: lastCdmaDb is -16currentCdmaDb is -16
03-08 19:40:18.223  3410  5492 V EPDG -- SIM0 [SMARTWIFI]: Radio oldest entry removed
03-08 19:40:18.223  3410  5492 V EPDG -- SIM0 [SMARTWIFI]: New entry : (SignalStrength: 99 99 -120 -160 -120 -1 -1 23 -95 -10 174 2147483647 0 2147483647 0x4000 P gsm|lte : 0 )
03-08 19:40:18.223  3410  5492 V EPDG -- SIM0 [SMARTWIFI]: Radio entry added
03-08 19:40:18.224  3108  3336 D NetworkController.MobileSignalController(0/1): callState:0, callStateByPhone:false voLTECall:false voiceNetTpe:13 dataNetType:13, ine911:false, emergencyCallbackMode:false
03-08 19:40:18.664  1004  1004 E audit   : type=1400 audit(1552095618.649:41573): avc:  denied  { read } for  pid=14836 comm="Thread-2" name="stat" dev="proc" ino=4026532368 scontext=u:r:untrusted_app:s0:c512,c768 tcontext=u:object_r:proc_stat:s0 tclass=file permissive=0 SEPF_SM-G930V_8.0.0_0016 audit_filtered
03-08 19:40:18.665  1004  1004 E audit   : type=1300 audit(1552095618.649:41573): arch=40000028 syscall=322 per=8 success=no exit=-13 a0=ffffff9c a1=c4b42d27 a2=20000 a3=0 items=0 ppid=1027 pid=14836 auid=4294967295 uid=10572 gid=10572 euid=10572 suid=10572 fsuid=10572 egid=10572 sgid=10572 fsgid=10572 tty=(none) ses=4294967295 comm="Thread-2" exe="/system/bin/app_process32" subj=u:r:untrusted_app:s0:c512,c768 key=(null)
03-08 19:40:18.665  1004  1004 E audit   : type=1327 audit(1552095618.649:41573): proctitle="com.TeamNA.GiftGame"
03-08 19:40:18.778  1004  1004 E audit   : type=1400 audit(1552095618.769:41574): avc:  denied  { read } for  pid=14836 comm="Thread-2" name="stat" dev="proc" ino=4026532368 scontext=u:r:untrusted_app:s0:c512,c768 tcontext=u:object_r:proc_stat:s0 tclass=file permissive=0 SEPF_SM-G930V_8.0.0_0016 audit_filtered
03-08 19:40:18.778  1004  1004 E audit   : type=1300 audit(1552095618.769:41574): arch=40000028 syscall=322 per=8 success=no exit=-13 a0=ffffff9c a1=c4b42d27 a2=20000 a3=0 items=0 ppid=1027 pid=14836 auid=4294967295 uid=10572 gid=10572 euid=10572 suid=10572 fsuid=10572 egid=10572 sgid=10572 fsgid=10572 tty=(none) ses=4294967295 comm="Thread-2" exe="/system/bin/app_process32" subj=u:r:untrusted_app:s0:c512,c768 key=(null)
03-08 19:40:18.778  1004  1004 E audit   : type=1327 audit(1552095618.769:41574): proctitle="com.TeamNA.GiftGame"
03-08 19:40:18.783  1865  2468 D SamsungAlarmManager: Expired : 8
03-08 19:40:18.784  1865  2468 I SamsungAlarmManager: setLocked to kernel - T:3 / 20190308T194100, SetElapsed=1156362159, nowELAPSED=1156320943
03-08 19:40:18.784  1865  2468 V SamsungAlarmManager: Sending to uid : 10068 action=null alarm=Alarm{97eb507 type 3 when 1156320942 com.asurion.android.verizon.vms}
03-08 19:40:18.802  1865  3458 D SamsungAlarmManager: setExact Intent (T:3/F:5/AC:false) 20190308T194023 - CU:10068/CP:4132
03-08 19:40:18.802  1865  3458 I SamsungAlarmManager: setLocked to kernel - T:3 / 20190308T194023, SetElapsed=1156325956, nowELAPSED=1156320961
03-08 19:40:18.882  1004  1004 E audit   : type=1400 audit(1552095618.869:41575): avc:  denied  { read } for  pid=14836 comm="Thread-2" name="stat" dev="proc" ino=4026532368 scontext=u:r:untrusted_app:s0:c512,c768 tcontext=u:object_r:proc_stat:s0 tclass=file permissive=0 SEPF_SM-G930V_8.0.0_0016 audit_filtered
03-08 19:40:18.882  1004  1004 E audit   : type=1300 audit(1552095618.869:41575): arch=40000028 syscall=322 per=8 success=no exit=-13 a0=ffffff9c a1=c4b42d27 a2=20000 a3=0 items=0 ppid=1027 pid=14836 auid=4294967295 uid=10572 gid=10572 euid=10572 suid=10572 fsuid=10572 egid=10572 sgid=10572 fsgid=10572 tty=(none) ses=4294967295 comm="Thread-2" exe="/system/bin/app_process32" subj=u:r:untrusted_app:s0:c512,c768 key=(null)
03-08 19:40:18.882  1004  1004 E audit   : type=1327 audit(1552095618.869:41575): proctitle="com.TeamNA.GiftGame"
03-08 19:40:18.969  1865  9170 D SSRM:g  : SIOP:: AP = 390, PST = 343 (W:6), BAT = 258, CHG = 299
03-08 19:40:18.990  1004  1004 E audit   : type=1400 audit(1552095618.979:41576): avc:  denied  { read } for  pid=14836 comm="Thread-2" name="stat" dev="proc" ino=4026532368 scontext=u:r:untrusted_app:s0:c512,c768 tcontext=u:object_r:proc_stat:s0 tclass=file permissive=0 SEPF_SM-G930V_8.0.0_0016 audit_filtered
03-08 19:40:18.990  1004  1004 E audit   : type=1300 audit(1552095618.979:41576): arch=40000028 syscall=322 per=8 success=no exit=-13 a0=ffffff9c a1=c4b42d27 a2=20000 a3=0 items=0 ppid=1027 pid=14836 auid=4294967295 uid=10572 gid=10572 euid=10572 suid=10572 fsuid=10572 egid=10572 sgid=10572 fsgid=10572 tty=(none) ses=4294967295 comm="Thread-2" exe="/system/bin/app_process32" subj=u:r:untrusted_app:s0:c512,c768 key=(null)
03-08 19:40:18.990  1004  1004 E audit   : type=1327 audit(1552095618.979:41576): proctitle="com.TeamNA.GiftGame"
03-08 19:40:18.990  1044  5758 V APM_AudioPolicyManager: getAudioPolicyConfig: audioParam;outDevice
03-08 19:40:18.991  1044  5758 V APM_AudioPolicyManager: getNewOutputDevice() selected device 0
03-08 19:40:18.991  1044  5758 V APM_AudioPolicyManager: ### curdevice : 2
03-08 19:40:18.992  1044  5758 V APM_AudioPolicyManager: getAudioPolicyConfig: audioParam;outDevice
03-08 19:40:18.992  1044  5758 V APM_AudioPolicyManager: getNewOutputDevice() selected device 0
03-08 19:40:18.992  1044  5758 V APM_AudioPolicyManager: ### curdevice : 2
03-08 19:40:18.992  1044  5758 V APM_AudioPolicyManager: getAudioPolicyConfig: audioParam;outDevice
03-08 19:40:18.992  1044  5758 V APM_AudioPolicyManager: getNewOutputDevice() selected device 0
03-08 19:40:18.993  1044  5758 V APM_AudioPolicyManager: ### curdevice : 2
03-08 19:40:19.005  1044  5758 V APM_AudioPolicyManager: getAudioPolicyConfig: audioParam;activeStream
03-08 19:40:19.005  1044  5758 V APM_AudioPolicyManager: ### active stream : 8
03-08 19:40:19.005  1865  9170 D AudioService: active stream is 0x8
03-08 19:40:19.016  1044  5758 V APM_AudioPolicyManager: getAudioPolicyConfig: audioParam;activeStream
03-08 19:40:19.016  1044  5758 V APM_AudioPolicyManager: ### active stream : 8
03-08 19:40:19.017  1865  9170 D AudioService: active stream is 0x8
03-08 19:40:19.017  1865  9170 D AudioService: GetAppDevice, uid=1000
03-08 19:40:19.018  1865  9170 D AudioService: getStreamVolume 3 index 90
03-08 19:40:19.099  1004  1004 E audit   : type=1400 audit(1552095619.089:41577): avc:  denied  { read } for  pid=14836 comm="Thread-2" name="stat" dev="proc" ino=4026532368 scontext=u:r:untrusted_app:s0:c512,c768 tcontext=u:object_r:proc_stat:s0 tclass=file permissive=0 SEPF_SM-G930V_8.0.0_0016 audit_filtered
03-08 19:40:19.100  1004  1004 E audit   : type=1300 audit(1552095619.089:41577): arch=40000028 syscall=322 per=8 success=no exit=-13 a0=ffffff9c a1=c4b42d27 a2=20000 a3=0 items=0 ppid=1027 pid=14836 auid=4294967295 uid=10572 gid=10572 euid=10572 suid=10572 fsuid=10572 egid=10572 sgid=10572 fsgid=10572 tty=(none) ses=4294967295 comm="Thread-2" exe="/system/bin/app_process32" subj=u:r:untrusted_app:s0:c512,c768 key=(null)
03-08 19:40:19.101  1004  1004 E audit   : type=1327 audit(1552095619.089:41577): proctitle="com.TeamNA.GiftGame"
03-08 19:40:19.164  3136  3136 E adbd    : recv: OPEN 0000137c 00000000 0010:73 68 65 6C 6C 2C 76 32 2C 72 61 77 3A 70 73 00 
03-08 19:40:19.164  3136  3136 E adbd    : service_to_fd: shell,v2,raw:ps
03-08 19:40:19.182 15100 15100 E propClient: PropClient failed to load
03-08 19:40:19.364  3522  3522 D io_stats: !@   8,0 r 6417533 236589644 w 2821187 56745712 d 225248 25999832 f 1099417 1101338 iot 5213620 3133299 th 51200 0 0 pt 0 inp 0 0 285780.506
03-08 19:40:19.200 15100 15100 E propClient: PropClient failed to load
03-08 19:40:19.618   726   726 D SEC LightsHAL: button : 0 +
03-08 19:40:19.646   726   726 D SEC LightsHAL: button : 0 -
03-08 19:40:19.732  1004  1004 E audit   : type=1400 audit(1552095619.719:41583): avc:  denied  { read } for  pid=14836 comm="Thread-2" name="stat" dev="proc" ino=4026532368 scontext=u:r:untrusted_app:s0:c512,c768 tcontext=u:object_r:proc_stat:s0 tclass=file permissive=0 SEPF_SM-G930V_8.0.0_0016 audit_filtered
03-08 19:40:19.733  1004  1004 E audit   : type=1300 audit(1552095619.719:41583): arch=40000028 syscall=322 per=8 success=no exit=-13 a0=ffffff9c a1=c4b42d27 a2=20000 a3=0 items=0 ppid=1027 pid=14836 auid=4294967295 uid=10572 gid=10572 euid=10572 suid=10572 fsuid=10572 egid=10572 sgid=10572 fsgid=10572 tty=(none) ses=4294967295 comm="Thread-2" exe="/system/bin/app_process32" subj=u:r:untrusted_app:s0:c512,c768 key=(null)
03-08 19:40:19.733  1004  1004 E audit   : type=1327 audit(1552095619.719:41583): proctitle="com.TeamNA.GiftGame"
03-08 19:40:19.849  1004  1004 E audit   : type=1400 audit(1552095619.839:41584): avc:  denied  { read } for  pid=14836 comm="Thread-2" name="stat" dev="proc" ino=4026532368 scontext=u:r:untrusted_app:s0:c512,c768 tcontext=u:object_r:proc_stat:s0 tclass=file permissive=0 SEPF_SM-G930V_8.0.0_0016 audit_filtered
03-08 19:40:19.849  1004  1004 E audit   : type=1300 audit(1552095619.839:41584): arch=40000028 syscall=322 per=8 success=no exit=-13 a0=ffffff9c a1=c4b42d27 a2=20000 a3=0 items=0 ppid=1027 pid=14836 auid=4294967295 uid=10572 gid=10572 euid=10572 suid=10572 fsuid=10572 egid=10572 sgid=10572 fsgid=10572 tty=(none) ses=4294967295 comm="Thread-2" exe="/system/bin/app_process32" subj=u:r:untrusted_app:s0:c512,c768 key=(null)
03-08 19:40:19.849  1004  1004 E audit   : type=1327 audit(1552095619.839:41584): proctitle="com.TeamNA.GiftGame"
03-08 19:40:19.949  1004  1004 E audit   : type=1400 audit(1552095619.939:41585): avc:  denied  { read } for  pid=14836 comm="Thread-2" name="stat" dev="proc" ino=4026532368 scontext=u:r:untrusted_app:s0:c512,c768 tcontext=u:object_r:proc_stat:s0 tclass=file permissive=0 SEPF_SM-G930V_8.0.0_0016 audit_filtered
03-08 19:40:19.949  1004  1004 E audit   : type=1300 audit(1552095619.939:41585): arch=40000028 syscall=322 per=8 success=no exit=-13 a0=ffffff9c a1=c4b42d27 a2=20000 a3=0 items=0 ppid=1027 pid=14836 auid=4294967295 uid=10572 gid=10572 euid=10572 suid=10572 fsuid=10572 egid=10572 sgid=10572 fsgid=10572 tty=(none) ses=4294967295 comm="Thread-2" exe="/system/bin/app_process32" subj=u:r:untrusted_app:s0:c512,c768 key=(null)
03-08 19:40:19.949  1004  1004 E audit   : type=1327 audit(1552095619.939:41585): proctitle="com.TeamNA.GiftGame"
03-08 19:40:20.067  1004  1004 E audit   : type=1400 audit(1552095620.059:41586): avc:  denied  { read } for  pid=14836 comm="Thread-2" name="stat" dev="proc" ino=4026532368 scontext=u:r:untrusted_app:s0:c512,c768 tcontext=u:object_r:proc_stat:s0 tclass=file permissive=0 SEPF_SM-G930V_8.0.0_0016 audit_filtered
03-08 19:40:20.067  1004  1004 E audit   : type=1300 audit(1552095620.059:41586): arch=40000028 syscall=322 per=8 success=no exit=-13 a0=ffffff9c a1=c4b42d27 a2=20000 a3=0 items=0 ppid=1027 pid=14836 auid=4294967295 uid=10572 gid=10572 euid=10572 suid=10572 fsuid=10572 egid=10572 sgid=10572 fsgid=10572 tty=(none) ses=4294967295 comm="Thread-2" exe="/system/bin/app_process32" subj=u:r:untrusted_app:s0:c512,c768 key=(null)
03-08 19:40:20.067  1004  1004 E audit   : type=1327 audit(1552095620.059:41586): proctitle="com.TeamNA.GiftGame"
03-08 19:40:20.168  1004  1004 E audit   : type=1400 audit(1552095620.159:41587): avc:  denied  { read } for  pid=14836 comm="Thread-2" name="stat" dev="proc" ino=4026532368 scontext=u:r:untrusted_app:s0:c512,c768 tcontext=u:object_r:proc_stat:s0 tclass=file permissive=0 SEPF_SM-G930V_8.0.0_0016 audit_filtered
03-08 19:40:20.168  1004  1004 E audit   : type=1300 audit(1552095620.159:41587): arch=40000028 syscall=322 per=8 success=no exit=-13 a0=ffffff9c a1=c4b42d27 a2=20000 a3=0 items=0 ppid=1027 pid=14836 auid=4294967295 uid=10572 gid=10572 euid=10572 suid=10572 fsuid=10572 egid=10572 sgid=10572 fsgid=10572 tty=(none) ses=4294967295 comm="Thread-2" exe="/system/bin/app_process32" subj=u:r:untrusted_app:s0:c512,c768 key=(null)
03-08 19:40:20.169  1004  1004 E audit   : type=1327 audit(1552095620.159:41587): proctitle="com.TeamNA.GiftGame"
03-08 19:40:20.205  1865  2511 D InputReader: Input event(6): value=1 when=285781347505000
03-08 19:40:20.206  1865  2511 D InputReader: Input event(6): value=1 when=285781347505000
03-08 19:40:20.206  1865  2511 I InputReader: Touch event's action is 0x0 (deviceType=0) [pCnt=1, s=0.26987 ] when=285781347505000
03-08 19:40:20.206  1865  2510 I InputDispatcher: Delivering touch to (14836): action: 0x0, toolType: 1
03-08 19:40:20.208 14836 14902 V threaded_app: New input event: type=2
03-08 19:40:20.210 14836 14836 D ViewRootImpl@f1c9a4b[GameActivity]: ViewPostIme pointer 0
03-08 19:40:20.215   726   726 D SEC LightsHAL: button : 1 +
03-08 19:40:20.235 14836 14902 V threaded_app: New input event: type=2
03-08 19:40:20.236   726   726 D SEC LightsHAL: button : 1 -
03-08 19:40:20.252 14836 14902 V threaded_app: New input event: type=2
03-08 19:40:20.305 14836 14902 I chatty  : uid=10572(u0_a572) identical 3 lines
03-08 19:40:20.318 14836 14902 V threaded_app: New input event: type=2
03-08 19:40:20.320  1865  2511 D InputReader: Input event(6): value=0 when=285781464266000
03-08 19:40:20.321  1865  2511 D InputReader: Input event(6): value=0 when=285781464266000
03-08 19:40:20.321  1865  2511 I InputReader: Touch event's action is 0x1 (deviceType=0) [pCnt=1, s=] when=285781464266000
03-08 19:40:20.321  1865  2510 I InputDispatcher: Delivering touch to (14836): action: 0x1, toolType: 1
03-08 19:40:20.327 14836 14902 V threaded_app: New input event: type=2
03-08 19:40:20.328 14836 14836 D ViewRootImpl@f1c9a4b[GameActivity]: ViewPostIme pointer 1
03-08 19:40:20.338 14836 14901 D UE4     : [2019.03.09-01.40.20:338][607]LogScript: Warning: Script Msg: Attempted to access index 3 from array 'PlayerArray' of length 3 in '/Game/Maps/MainMenuWidget.MainMenuWidget_C'!
03-08 19:40:20.339 14836 14901 D UE4     : [2019.03.09-01.40.20:339][607]LogScript: Warning: Accessed None trying to read property CallFunc_Array_Get_Item1
03-08 19:40:20.339 14836 14901 D UE4     : 	MainMenuWidget_C /Engine/Transient.GameEngine_0:GameInstance_0.MainMenuWidget_C_0
03-08 19:40:20.339 14836 14901 D UE4     : 	Function /Game/Maps/MainMenuWidget.MainMenuWidget_C:ExecuteUbergraph_MainMenuWidget:0580
03-08 19:40:20.339 14836 14901 D UE4     : [2019.03.09-01.40.20:339][607]LogScript: Warning: Script call stack:
03-08 19:40:20.339 14836 14901 D UE4     : 	Function /Game/Maps/MainMenuWidget.MainMenuWidget_C:BndEvt__Back_K2Node_ComponentBoundEvent_3_OnButtonClickedEvent__DelegateSignature
03-08 19:40:20.339 14836 14901 D UE4     : 	Function /Game/Maps/MainMenuWidget.MainMenuWidget_C:ExecuteUbergraph_MainMenuWidget
03-08 19:40:20.339 14836 14901 D UE4     : 
03-08 19:40:20.339 14836 14901 D UE4     : [2019.03.09-01.40.20:339][607]LogScript: Warning: Accessed None
03-08 19:40:20.339 14836 14901 D UE4     : 	MainMenuWidget_C /Engine/Transient.GameEngine_0:GameInstance_0.MainMenuWidget_C_0
03-08 19:40:20.339 14836 14901 D UE4     : 	Function /Game/Maps/MainMenuWidget.MainMenuWidget_C:ExecuteUbergraph_MainMenuWidget:0595
03-08 19:40:20.339 14836 14901 D UE4     : [2019.03.09-01.40.20:339][607]LogScript: Warning: Script call stack:
03-08 19:40:20.339 14836 14901 D UE4     : 	Function /Game/Maps/MainMenuWidget.MainMenuWidget_C:BndEvt__Back_K2Node_ComponentBoundEvent_3_OnButtonClickedEvent__DelegateSignature
03-08 19:40:20.339 14836 14901 D UE4     : 	Function /Game/Maps/MainMenuWidget.MainMenuWidget_C:ExecuteUbergraph_MainMenuWidget
03-08 19:40:20.339 14836 14901 D UE4     : 
03-08 19:40:20.340 14836 14901 D UE4     : [2019.03.09-01.40.20:340][607]LogBlueprintUserMessages: [MainMenuWidget_C_0] 
03-08 19:40:20.340 14836 14901 D UE4     : [2019.03.09-01.40.20:340][607]LogUMG: Display: Widget Class MainGameWidget_C - Loaded Fast Template.
03-08 19:40:20.359 14836 14901 D UE4     : [2019.03.09-01.40.20:359][607]LogSlate: Took 0.004161 seconds to synchronously load lazily loaded font '../../../Engine/Content/EngineFonts/Faces/RobotoBold.ufont' (160K)
03-08 19:40:20.496  3136  3136 E adbd    : recv: OPEN 00001382 00000000 0010:73 68 65 6C 6C 2C 76 32 2C 72 61 77 3A 70 73 00 
03-08 19:40:20.497  3136  3136 E adbd    : service_to_fd: shell,v2,raw:ps
03-08 19:40:20.514 15102 15102 E propClient: PropClient failed to load
03-08 19:40:20.533 15102 15102 E propClient: PropClient failed to load
03-08 19:40:20.719   737  3710 E ANDR-PERF-MPCTL: poll() has timed out for /sys/module/msm_performance/events/cpu_hotplug
03-08 19:40:20.719   737  3710 E ANDR-PERF-MPCTL: Block on poll()
03-08 19:40:20.771  1865  1865 D TelephonyManager: getCellLocation : Caller (PID / UID / TID): 1865 / 1000 / 1865
03-08 19:40:20.781  3108  3336 D NetworkController.MobileSignalController(0/1): onSignalStrengthsChanged signalStrength=SignalStrength: 99 99 -120 -160 -120 -1 -1 21 -97 -10 150 2147483647 0 2147483647 0x4000 P gsm|lte level=4
03-08 19:40:20.782  3410  3873 D EPDG -- SIM0 [SMARTWIFI]: onSignalStrengthsChanged: Received signal strength change, phone type is: 2
03-08 19:40:20.783  3410  5492 D EPDG -- SIM0 [SMARTWIFI]: lastLteRSRP is -95currentLteRSRP is -97
03-08 19:40:20.783  3410  5492 D EPDG -- SIM0 [SMARTWIFI]: lastLteRSRQ is -10currentLteRSRQ is -10
03-08 19:40:20.783  3410  5492 D EPDG -- SIM0 [SMARTWIFI]: lastCdmaDb is -16currentCdmaDb is -16
03-08 19:40:20.783  3410  5492 V EPDG -- SIM0 [SMARTWIFI]: Radio oldest entry removed
03-08 19:40:20.783  3410  5492 V EPDG -- SIM0 [SMARTWIFI]: New entry : (SignalStrength: 99 99 -120 -160 -120 -1 -1 21 -97 -10 150 2147483647 0 2147483647 0x4000 P gsm|lte : 0 )
03-08 19:40:20.783  3108  3336 D NetworkController.MobileSignalController(0/1): getMobileIconGroup(): 13
03-08 19:40:20.783  3410  5492 V EPDG -- SIM0 [SMARTWIFI]: Radio entry added
03-08 19:40:20.783  3108  3336 D NetworkController.MobileSignalController(0/1): updateVZWMobileIconGroup(): 13
03-08 19:40:20.798  3108  3336 D NetworkController.MobileSignalController(0/1): callState:0, callStateByPhone:false voLTECall:false voiceNetTpe:13 dataNetType:13, ine911:false, emergencyCallbackMode:false
03-08 19:40:20.816  1004  1004 E audit   : type=1400 audit(1552095620.799:41593): avc:  denied  { read } for  pid=14836 comm="Thread-2" name="stat" dev="proc" ino=4026532368 scontext=u:r:untrusted_app:s0:c512,c768 tcontext=u:object_r:proc_stat:s0 tclass=file permissive=0 SEPF_SM-G930V_8.0.0_0016 audit_filtered
03-08 19:40:20.816  1004  1004 E audit   : type=1300 audit(1552095620.799:41593): arch=40000028 syscall=322 per=8 success=no exit=-13 a0=ffffff9c a1=c4b42d27 a2=20000 a3=0 items=0 ppid=1027 pid=14836 auid=4294967295 uid=10572 gid=10572 euid=10572 suid=10572 fsuid=10572 egid=10572 sgid=10572 fsgid=10572 tty=(none) ses=4294967295 comm="Thread-2" exe="/system/bin/app_process32" subj=u:r:untrusted_app:s0:c512,c768 key=(null)
03-08 19:40:20.816  1004  1004 E audit   : type=1327 audit(1552095620.799:41593): proctitle="com.TeamNA.GiftGame"
03-08 19:40:20.919  1004  1004 E audit   : type=1400 audit(1552095620.909:41594): avc:  denied  { read } for  pid=14836 comm="Thread-2" name="stat" dev="proc" ino=4026532368 scontext=u:r:untrusted_app:s0:c512,c768 tcontext=u:object_r:proc_stat:s0 tclass=file permissive=0 SEPF_SM-G930V_8.0.0_0016 audit_filtered
03-08 19:40:20.920  1004  1004 E audit   : type=1300 audit(1552095620.909:41594): arch=40000028 syscall=322 per=8 success=no exit=-13 a0=ffffff9c a1=c4b42d27 a2=20000 a3=0 items=0 ppid=1027 pid=14836 auid=4294967295 uid=10572 gid=10572 euid=10572 suid=10572 fsuid=10572 egid=10572 sgid=10572 fsgid=10572 tty=(none) ses=4294967295 comm="Thread-2" exe="/system/bin/app_process32" subj=u:r:untrusted_app:s0:c512,c768 key=(null)
03-08 19:40:20.920  1004  1004 E audit   : type=1327 audit(1552095620.909:41594): proctitle="com.TeamNA.GiftGame"
03-08 19:40:20.944 14836 14906 D UE4     : Used memory: 592120
03-08 19:40:21.021  1004  1004 E audit   : type=1400 audit(1552095621.009:41595): avc:  denied  { read } for  pid=14836 comm="Thread-2" name="stat" dev="proc" ino=4026532368 scontext=u:r:untrusted_app:s0:c512,c768 tcontext=u:object_r:proc_stat:s0 tclass=file permissive=0 SEPF_SM-G930V_8.0.0_0016 audit_filtered
03-08 19:40:21.021  1004  1004 E audit   : type=1300 audit(1552095621.009:41595): arch=40000028 syscall=322 per=8 success=no exit=-13 a0=ffffff9c a1=c4b42d27 a2=20000 a3=0 items=0 ppid=1027 pid=14836 auid=4294967295 uid=10572 gid=10572 euid=10572 suid=10572 fsuid=10572 egid=10572 sgid=10572 fsgid=10572 tty=(none) ses=4294967295 comm="Thread-2" exe="/system/bin/app_process32" subj=u:r:untrusted_app:s0:c512,c768 key=(null)
03-08 19:40:21.021  1004  1004 E audit   : type=1327 audit(1552095621.009:41595): proctitle="com.TeamNA.GiftGame"
03-08 19:40:21.058  1865  2511 D InputReader: Input event(6): value=1 when=285782201540000
03-08 19:40:21.058  1865  2511 D InputReader: Input event(6): value=1 when=285782201540000
03-08 19:40:21.058  1865  2511 I InputReader: Touch event's action is 0x0 (deviceType=0) [pCnt=1, s=0.26988 ] when=285782201540000
03-08 19:40:21.058  1865  2510 I InputDispatcher: Delivering touch to (14836): action: 0x0, toolType: 1
03-08 19:40:21.064 14836 14902 V threaded_app: New input event: type=2
03-08 19:40:21.066 14836 14836 D ViewRootImpl@f1c9a4b[GameActivity]: ViewPostIme pointer 0
03-08 19:40:21.086 14836 14902 V threaded_app: New input event: type=2
03-08 19:40:21.103 14836 14902 V threaded_app: New input event: type=2
03-08 19:40:21.105  1865  2511 D InputReader: Input event(6): value=0 when=285782249288000
03-08 19:40:21.106  1865  2511 D InputReader: Input event(6): value=0 when=285782249288000
03-08 19:40:21.106  1865  2511 I InputReader: Touch event's action is 0x1 (deviceType=0) [pCnt=1, s=] when=285782249288000
03-08 19:40:21.106  1865  2510 I InputDispatcher: Delivering touch to (14836): action: 0x1, toolType: 1
03-08 19:40:21.107 14836 14902 V threaded_app: New input event: type=2
03-08 19:40:21.109 14836 14836 D ViewRootImpl@f1c9a4b[GameActivity]: ViewPostIme pointer 1
03-08 19:40:21.126 14836 14901 D UE4     : [2019.03.09-01.40.21:126][654]LogBlueprintUserMessages: [ShakeControl_2] 1
03-08 19:40:21.129 14836 14901 D UE4     : [2019.03.09-01.40.21:129][654]LogSlate: Took 0.000608 seconds to synchronously load lazily loaded font '../../../Engine/Content/EngineFonts/Faces/RobotoRegular.ufont' (155K)
03-08 19:40:21.131 14836 15002 D         : PlayerBase::PlayerBase()
03-08 19:40:21.133  1004  1004 E audit   : type=1400 audit(1552095621.119:41596): avc:  denied  { read } for  pid=14836 comm="Thread-2" name="stat" dev="proc" ino=4026532368 scontext=u:r:untrusted_app:s0:c512,c768 tcontext=u:object_r:proc_stat:s0 tclass=file permissive=0 SEPF_SM-G930V_8.0.0_0016 audit_filtered
03-08 19:40:21.133  1004  1004 E audit   : type=1300 audit(1552095621.119:41596): arch=40000028 syscall=322 per=8 success=no exit=-13 a0=ffffff9c a1=c4b42d27 a2=20000 a3=0 items=0 ppid=1027 pid=14836 auid=4294967295 uid=10572 gid=10572 euid=10572 suid=10572 fsuid=10572 egid=10572 sgid=10572 fsgid=10572 tty=(none) ses=4294967295 comm="Thread-2" exe="/system/bin/app_process32" subj=u:r:untrusted_app:s0:c512,c768 key=(null)
03-08 19:40:21.133  1004  1004 E audit   : type=1327 audit(1552095621.119:41596): proctitle="com.TeamNA.GiftGame"
03-08 19:40:21.133 14836 15002 D         : TrackPlayerBase::TrackPlayerBase()
03-08 19:40:21.133 14836 15002 I libOpenSLES: Emulating old channel mask behavior (ignoring positional mask 0x3, using default mask 0x3 based on channel count of 2)
03-08 19:40:21.134  1044  5758 V APM_AudioPolicyManager: getOutputForAttr() usage=1, content=2, tag= flags=00000000 session 32865 selectedDeviceId 0
03-08 19:40:21.134  1044  5758 D APM::SoundKitchen: getDevice, uid = 10572, device = 0
03-08 19:40:21.134  1044  5758 V APM_AudioPolicyManager: getOutputForAttr() device 0x2, samplingRate 44100, format 1, channelMask 3, flags 104
03-08 19:40:21.135  1044  5758 V APM_AudioPolicyManager: selectOutput() commonFlags for output 13, 0000
03-08 19:40:21.135  1044  5758 V APM_AudioPolicyManager: selectOutput() commonFlags for output 21, 0001
03-08 19:40:21.135  1044  5758 V APM_AudioPolicyManager: selectOutput() commonFlags for output 29, 0002
03-08 19:40:21.135  1044  5758 V APM_AudioPolicyManager:   getOutputForDevice() returns output 29
03-08 19:40:21.135 14836 15002 W AudioTrack: AUDIO_OUTPUT_FLAG_FAST denied by client; transfer 1, track 44100 Hz, output 48000 Hz
03-08 19:40:21.135  1044  5758 I AudioFlinger: add dynamic flag, can move to deep thread, session 32865
03-08 19:40:21.137 14836 15002 D AudioTrack: Client defaulted notificationFrames to 590 for frameCount 1772
03-08 19:40:21.139 14836 15002 I AudioTrack: This process already got info. FadeIn[0] FadeOut[0] FadeInRing[0]
03-08 19:40:21.140  1865  3448 D AudioPlaybackMonitor: Found a new active media playback. ID:18087 -- type:OpenSL ES AudioPlayer (Buffer Queue) -- u/pid:10572/14836 -- state:started -- attr:AudioAttributes: usage=1 content=0 flags=0x0 tags= bundle=null
03-08 19:40:21.139  1044  5758 W AudioPolicyIntefaceImpl: Skipped to add effects on session 32865
03-08 19:40:21.140  1865  3448 D MediaSessionStack: updateMediaButtonSessionIfNeeded, callers=com.android.server.media.MediaSessionService$1.onAudioPlaybackStarted:189 com.android.server.media.AudioPlaybackMonitor.dispatchPlaybackConfigChange:127 
03-08 19:40:21.140  1044  5758 V APM_AudioPolicyManager: startOutput() output 29, stream 3, session 32865
03-08 19:40:21.141  1044  5758 D APM::SoundKitchen: getDevice, uid = 10572, device = 0
03-08 19:40:21.141  1044  5758 D APM_AudioPolicyManager: newDevice=0
03-08 19:40:21.141  1044  5758 V APM_AudioPolicyManager: setBeaconMute(1) mBeaconMuteRefCount=2 mBeaconPlayingRefCount=0
03-08 19:40:21.141  1044  5758 V APM_AudioPolicyManager: selectOutputForMusicEffects activeOnly 1 outputs[2] flags 0x00000104
03-08 19:40:21.141  1044  5758 V APM_AudioPolicyManager: selectOutputForMusicEffects selected output 13
03-08 19:40:21.141  1044  5758 I AudioEffectStage: getStageIndex low_output_sub1_normal
03-08 19:40:21.141  1044  5758 I AudioFlinger: updateStageIndex prev 0, new -2902
03-08 19:40:21.141  1044  5758 I AudioEffectStage: getSinkBuffer low_output_sub1_normal
03-08 19:40:21.145 15041 15063 D SAContentProvider: Player/Screen Callback
03-08 19:40:21.170  1044  2094 I AudioMixer: create resampler src 44100, 2, dst 48000, 2, q 8
03-08 19:40:21.170  1044  2094 D SoundAliveResampler: [SoundAliveResampler] Init+++
03-08 19:40:21.234  1004  1004 E audit   : type=1400 audit(1552095621.219:41597): avc:  denied  { read } for  pid=14836 comm="Thread-2" name="stat" dev="proc" ino=4026532368 scontext=u:r:untrusted_app:s0:c512,c768 tcontext=u:object_r:proc_stat:s0 tclass=file permissive=0 SEPF_SM-G930V_8.0.0_0016 audit_filtered
03-08 19:40:21.234  1004  1004 E audit   : type=1300 audit(1552095621.219:41597): arch=40000028 syscall=322 per=8 success=no exit=-13 a0=ffffff9c a1=c4b42d27 a2=20000 a3=0 items=0 ppid=1027 pid=14836 auid=4294967295 uid=10572 gid=10572 euid=10572 suid=10572 fsuid=10572 egid=10572 sgid=10572 fsgid=10572 tty=(none) ses=4294967295 comm="Thread-2" exe="/system/bin/app_process32" subj=u:r:untrusted_app:s0:c512,c768 key=(null)
03-08 19:40:21.234  1004  1004 E audit   : type=1327 audit(1552095621.219:41597): proctitle="com.TeamNA.GiftGame"
03-08 19:40:21.247 14836 14836 V Vibrator: Called vibrate(long) API!
03-08 19:40:21.247 14836 14836 V Vibrator: vibrate(long, AudioAttributes) API - PUID: 10572, PackageName: com.TeamNA.GiftGame, ms: 10000, AudioAttr: null
03-08 19:40:21.248 14836 14836 V Vibrator: Called vibrate(int, String, VibrationEffect, AudioAttributes) API - PUID: 10572, PackageName: com.TeamNA.GiftGame
03-08 19:40:21.249 14836 14836 V Vibrator: semVibrate - PUID: 10572, PackageName: com.TeamNA.GiftGame, token: android.os.Binder@1d1a2b, effect: OneShot{mTiming=10000, mAmplitude=-1}, AudioAttr: null, Mag: -1, TYPE_EXTRA
03-08 19:40:21.250  1865  3448 V VibratorService: vibrateMagnitude - package: com.TeamNA.GiftGame, token: android.os.BinderProxy@e288c5d, effect: OneShot{mTiming=10000, mAmplitude=-1}, mag: 10000, TYPE_EXTRA
03-08 19:40:21.250  1865  3448 D VibratorService: Turning vibrator off
03-08 19:40:21.251   741   741 D SecVibrator-HAL: writeNode node:/sys/class/timed_output/vibrator/enable val:0
03-08 19:40:21.253  1865  3448 D VibratorService: vibratorOn() : 10000ms, amplitude :255, mag :10000, f : -1
03-08 19:40:21.254   741   741 D SecVibrator-HAL: writeNode node:/sys/class/timed_output/vibrator/intensity val:10000
03-08 19:40:21.254   741   741 D SecVibrator-HAL: writeNode node:/sys/class/timed_output/vibrator/enable val:10000
03-08 19:40:21.470   732   881 I qti_sensors_hal: processReportInd: Accel - X: 6.307 Y: -1.316 Z: 7.348
03-08 19:40:21.472   732   881 I qti_sensors_hal: processReportInd: Gyro - X: 0.092 Y: -0.017 Z: -0.116 status: 3
03-08 19:40:21.647  1044  5758 V APM_AudioPolicyManager: getAudioPolicyConfig: audioParam;outDevice
03-08 19:40:21.647  1044  5758 V APM_AudioPolicyManager: getNewOutputDevice() selected device 0
03-08 19:40:21.647  1044  5758 V APM_AudioPolicyManager: ### curdevice : 2
03-08 19:40:21.648 15041 15041 D SoundAlivePolicyManager: Actual path retrieved: 2
03-08 19:40:21.649 15041 15041 D SoundAlivePolicyManager: isAudioPathSpeaker() : true
03-08 19:40:21.649 15041 15041 D SoundAlivePolicyManager: actual AudioPath : SA_PATH_SPK
03-08 19:40:21.649 15041 15041 D SADVFSHelper: Audio route update attempt
03-08 19:40:21.649 15041 15041 D SADVFSHelper: Either heavy-duty effect is Off or Music playback is not active
03-08 19:40:21.658   732   881 I qti_sensors_hal: processReportInd: Cal Mag Filter, 0, 0, 0.000000, 0.000000, 0.000000, 0.000000, 0.000000, 0.000000, -6.333923, -35.514832, -34.838867
03-08 19:40:21.775 14836 14836 V Vibrator: Called cancel() API - PUID: 10572, PackageName: com.TeamNA.GiftGame, token: android.os.Binder@1d1a2b
03-08 19:40:21.777  1865  3448 D VibratorService: cancel() : android.os.BinderProxy@e288c5d
03-08 19:40:21.777  1865  3448 D VibratorService: Turning vibrator off
03-08 19:40:21.777   741   741 D SecVibrator-HAL: writeNode node:/sys/class/timed_output/vibrator/enable val:0
03-08 19:40:21.834  3136  3136 E adbd    : recv: OPEN 00001386 00000000 0010:73 68 65 6C 6C 2C 76 32 2C 72 61 77 3A 70 73 00 
03-08 19:40:21.834  3136  3136 E adbd    : service_to_fd: shell,v2,raw:ps
03-08 19:40:21.849 15109 15109 E propClient: PropClient failed to load
03-08 19:40:21.861 15109 15109 E propClient: PropClient failed to load
03-08 19:40:21.923  1004  1004 E audit   : type=1400 audit(1552095621.909:41603): avc:  denied  { read } for  pid=14836 comm="Thread-2" name="stat" dev="proc" ino=4026532368 scontext=u:r:untrusted_app:s0:c512,c768 tcontext=u:object_r:proc_stat:s0 tclass=file permissive=0 SEPF_SM-G930V_8.0.0_0016 audit_filtered
03-08 19:40:21.923  1004  1004 E audit   : type=1300 audit(1552095621.909:41603): arch=40000028 syscall=322 per=8 success=no exit=-13 a0=ffffff9c a1=c4b42d27 a2=20000 a3=0 items=0 ppid=1027 pid=14836 auid=4294967295 uid=10572 gid=10572 euid=10572 suid=10572 fsuid=10572 egid=10572 sgid=10572 fsgid=10572 tty=(none) ses=4294967295 comm="Thread-2" exe="/system/bin/app_process32" subj=u:r:untrusted_app:s0:c512,c768 key=(null)
03-08 19:40:21.923  1004  1004 E audit   : type=1327 audit(1552095621.909:41603): proctitle="com.TeamNA.GiftGame"
03-08 19:40:21.992 14836 15107 D AudioTrack: stop() called with 39065 frames delivered
03-08 19:40:21.992 14836 15107 I AudioTrack: Skip ramp
03-08 19:40:21.993 14836 15107 D         : PlayerBase::stop() from IPlayer
03-08 19:40:22.002 14836 15002 D         : PlayerBase::stop() from IPlayer
03-08 19:40:22.033  1004  1004 E audit   : type=1400 audit(1552095622.019:41604): avc:  denied  { read } for  pid=14836 comm="Thread-2" name="stat" dev="proc" ino=4026532368 scontext=u:r:untrusted_app:s0:c512,c768 tcontext=u:object_r:proc_stat:s0 tclass=file permissive=0 SEPF_SM-G930V_8.0.0_0016 audit_filtered
03-08 19:40:22.033  1004  1004 E audit   : type=1300 audit(1552095622.019:41604): arch=40000028 syscall=322 per=8 success=no exit=-13 a0=ffffff9c a1=c4b42d27 a2=20000 a3=0 items=0 ppid=1027 pid=14836 auid=4294967295 uid=10572 gid=10572 euid=10572 suid=10572 fsuid=10572 egid=10572 sgid=10572 fsgid=10572 tty=(none) ses=4294967295 comm="Thread-2" exe="/system/bin/app_process32" subj=u:r:untrusted_app:s0:c512,c768 key=(null)
03-08 19:40:22.034  1004  1004 E audit   : type=1327 audit(1552095622.019:41604): proctitle="com.TeamNA.GiftGame"
03-08 19:40:22.052  1865  1865 D TelephonyManager: getCellLocation : Caller (PID / UID / TID): 1865 / 1000 / 1865
03-08 19:40:22.056  3108  3336 D NetworkController.MobileSignalController(0/1): onSignalStrengthsChanged signalStrength=SignalStrength: 99 99 -120 -160 -120 -1 -1 23 -95 -10 74 2147483647 0 2147483647 0x4000 P gsm|lte level=4
03-08 19:40:22.057  3108  3336 D NetworkController.MobileSignalController(0/1): getMobileIconGroup(): 13
