03-11 18:34:57.602  1865  3208 W AppOps  : Finishing op nesting under-run: uid 10063 pkg com.android.systemui code 70 time=0 duration=0 nesting=0
03-11 18:34:57.605  1865  5655 V WindowManager: rotationForOrientationLw(orient=0, last=1); user=0 USER_ROTATION_LOCKED sensorRotation=-1 mLidState=-1 mDockMode=0 mHdmiPlugged=false
03-11 18:34:57.608  3378  3403 D ForegroundUtils: could not check pending caller
03-11 18:34:57.609  1865  2850 V WindowManager: rotationForOrientationLw(orient=0, last=1); user=0 USER_ROTATION_LOCKED sensorRotation=-1 mLidState=-1 mDockMode=0 mHdmiPlugged=false
03-11 18:34:57.616   717  1235 D audio_hw_primary: adev_set_parameters: enter: display_rotation=1
03-11 18:34:57.618   717  1235 V msm8974_platform: platform_set_parameters: enter: display_rotation=1
03-11 18:34:57.619   717  1235 V msm8974_platform: platform_set_parameters: exit with code(0)
03-11 18:34:57.619   717  1235 V audio_hw_sec: factory_set_parameters: enter: display_rotation=1
03-11 18:34:57.619   717  1235 E soundtrigger: audio_extn_sound_trigger_set_parameters: str_params NULL
03-11 18:34:57.620  1044 14733 V MultiRecordManager: setParameters(): io 0, keyvalue display_rotation=1, calling pid 1865
03-11 18:34:57.621  3108  3336 D Tile.WifiTile: handleUpdateState enabledChanging
03-11 18:34:57.622   773   773 I SurfaceFlinger: Display 0 HWC layers:
03-11 18:34:57.622   773   773 I SurfaceFlinger:     type    |    handle    | flag |  format   |   source crop (l,t,r,b)    |         frame       | name 
03-11 18:34:57.622   773   773 I SurfaceFlinger: ------------+--------------+------+-----------+----------------------------+---------------------+------
03-11 18:34:57.622   773   773 I SurfaceFlinger:      Client | 0x71ad58dd00 | 0000 | RGBA_8888 |   0.0    0.0 1080.0 1920.0 |    0    0 1080 1920 | ScreenshotSurface#0
03-11 18:34:57.622   773   773 I SurfaceFlinger:      Client |              | 0000 |  Unknown  |  -0.4   -0.9   -0.9   -1.0 |    0    0 1080  311 | BlackSurface#0
03-11 18:34:57.622   773   773 I SurfaceFlinger:      Client |              | 0000 |  Unknown  |  -0.9   -0.0   -1.0   -0.6 |    0    0  212 1920 | BlackSurface#1
03-11 18:34:57.622   773   773 I SurfaceFlinger:      Client |              | 0000 |  Unknown  |  -0.1    0.0   -0.6   -0.1 |    0 1609 1080 1920 | BlackSurface#1
03-11 18:34:57.622   773   773 I SurfaceFlinger:      Client |              | 0000 |  Unknown  |   0.0   -0.4   -0.1   -1.0 |  868    0 1080 1920 | BlackSurface#1
03-11 18:34:57.622   773   773 I SurfaceFlinger: 
03-11 18:34:57.624  3108  3336 D Tile.RotationLockTile:  handleUpdateState: false orientation = true
03-11 18:34:57.624  3108  3336 D Tile.BluetoothTile: handleUpdateState enabled = false connected = false bluetoothState = 10
03-11 18:34:57.625  3108  3823 V SystemUIAnalytics: SAPreference : 1104 / 1
03-11 18:34:57.625  3108  3823 V SystemUIAnalytics: SAPreference : 1105 / 0
03-11 18:34:57.625  3108  3823 V SystemUIAnalytics: SAPreference : 1107 / 1
03-11 18:34:57.626  3108  3823 V SystemUIAnalytics: SAPreference : 1106 / 0
03-11 18:34:57.627  3108  3108 D KeyguardUpdateMonitor: handleConfigurationChanged
03-11 18:34:57.628  3108  3336 D Tile.AirplaneModeTile: # of NON-poweroff( in servicestate) : 1
03-11 18:34:57.628  3108  3336 D Tile.AirplaneModeTile:  handleUpdateState:  value false  state.dim false
03-11 18:34:57.628  3108  3823 V SystemUIAnalytics: SAPreference : 2014 / 0
03-11 18:34:57.628  3108  3336 D Tile.HotspotTile: handleUpdateState :  = false
03-11 18:34:57.629  3108  3823 V SystemUIAnalytics: SAPreference : 2020 / 0
03-11 18:34:57.629  3108  3108 D ViewRootImpl@1c48cc8[StatusBar]: MSG_RESIZED_REPORT: frame=Rect(0, 0 - 1920, 72) ci=Rect(0, 0 - 0, 0) vi=Rect(0, 0 - 0, 0) or=2
03-11 18:34:57.633  3108  3823 V SystemUIAnalytics: SAPreference : 1109 / 0
03-11 18:34:57.634  3108  3823 V SystemUIAnalytics: SAPreference : 2041 / 0
03-11 18:34:57.636  3108  3823 V SystemUIAnalytics: SAPreference : 2016 / 0
03-11 18:34:57.710  3108 26535 D SystemServicesProxy: updateOverviewLastStackActiveTimeAsync: newTime=1552347297598
03-11 18:34:57.710  1865  5655 D SecContentProvider: query(), uri = 17 selection = isSettingsChangesAllowed
03-11 18:34:57.711  1865  5655 D SecContentProvider: called from android.uid.systemui:10063
03-11 18:34:57.711  3108  3250 D SystemServicesProxy: updateOverviewLastStackActiveTimeAsync: done.
03-11 18:34:57.713  3108 26535 D skia    : approximate: numPoints=3, lengths[0]=0.000000, totalLength=1.542925, segmentPoints[0]=[0.000000,1.000000]
03-11 18:34:57.713  3108 26535 D skia    : approximate: approximation[0]=0.000000, approximation[1]=0.000000, approximation[2]=1.000000
03-11 18:34:57.713  3108 26535 D skia    : approximate: numPoints=3, lengths[2]=1.542925, totalLength=1.542925, segmentPoints[2]=[1.000000,0.000000]
03-11 18:34:57.713  3108 26535 D skia    : approximate: approximation[6]=1.000000, approximation[7]=1.000000, approximation[8]=0.000000
03-11 18:34:57.713  3108 26535 D skia    : approximate: numPoints=4, lengths[0]=0.000000, totalLength=1.529557, segmentPoints[0]=[0.000000,1.000000]
03-11 18:34:57.713  3108 26535 D skia    : approximate: approximation[0]=0.000000, approximation[1]=0.000000, approximation[2]=1.000000
03-11 18:34:57.713  3108 26535 D skia    : approximate: numPoints=4, lengths[3]=1.529557, totalLength=1.529557, segmentPoints[3]=[1.000000,0.000000]
03-11 18:34:57.713  3108 26535 D skia    : approximate: approximation[9]=1.000000, approximation[10]=1.000000, approximation[11]=0.000000
03-11 18:34:57.713  3108 26535 D skia    : approximate: numPoints=19, lengths[0]=0.000000, totalLength=1.115446, segmentPoints[0]=[0.000000,0.250000]
03-11 18:34:57.713  3108 26535 D skia    : approximate: approximation[0]=0.000000, approximation[1]=0.000000, approximation[2]=0.250000
03-11 18:34:57.713  3108 26535 D skia    : approximate: numPoints=19, lengths[18]=1.115446, totalLength=1.115446, segmentPoints[18]=[1.000000,0.150000]
03-11 18:34:57.713  3108 26535 D skia    : approximate: approximation[54]=1.000000, approximation[55]=1.000000, approximation[56]=0.150000
03-11 18:34:57.713  3108 26535 D skia    : approximate: numPoints=4, lengths[0]=0.000000, totalLength=1.162570, segmentPoints[0]=[0.000000,0.250000]
03-11 18:34:57.713  3108 26535 D skia    : approximate: approximation[0]=0.000000, approximation[1]=0.000000, approximation[2]=0.250000
03-11 18:34:57.713  3108 26535 D skia    : approximate: numPoints=4, lengths[3]=1.162570, totalLength=1.162570, segmentPoints[3]=[1.000000,0.250000]
03-11 18:34:57.713  3108 26535 D skia    : approximate: approximation[9]=1.000000, approximation[10]=1.000000, approximation[11]=0.250000
03-11 18:34:57.770 27710 27710 D OVRPlugin: JNI_OnLoad
03-11 18:34:57.821  3522  3522 D io_stats: !@   8,0 r 7932678 292622456 w 3365906 68015504 d 269738 30813436 f 1351265 1353340 iot 6386640 3798574 th 51200 0 0 pt 0 inp 0 0 358260.787
03-11 18:34:57.823 27710 27710 D UE4     : Used memory before allocating anything was 165.03MB
03-11 18:34:57.938   773   773 I SurfaceFlinger: Display 0 HWC layers:
03-11 18:34:57.938   773   773 I SurfaceFlinger:     type    |    handle    | flag |  format   |   source crop (l,t,r,b)    |         frame       | name 
03-11 18:34:57.938   773   773 I SurfaceFlinger: ------------+--------------+------+-----------+----------------------------+---------------------+------
03-11 18:34:57.938   773   773 I SurfaceFlinger:      Client | 0x71ad58dd00 | 0000 | RGBA_8888 |   0.0    0.0 1080.0 1920.0 |    0    0 1080 1920 | ScreenshotSurface#0
03-11 18:34:57.938   773   773 I SurfaceFlinger: 
03-11 18:34:58.000   773  2529 I SurfaceFlinger: id=9399 Removed ScreenshotSurface#0 (4/8)
03-11 18:34:58.001   773  2529 I SurfaceFlinger: id=9399 Removed ScreenshotSurface#0 (-2/8)
03-11 18:34:58.001   773   847 I SurfaceFlinger: id=9400 Removed BlackSurface#0 (4/7)
03-11 18:34:58.001   773  2529 I SurfaceFlinger: id=9400 Removed BlackSurface#0 (-2/7)
03-11 18:34:58.002   773   851 I SurfaceFlinger: id=9401 Removed BlackSurface#1 (4/6)
03-11 18:34:58.002   773  1000 I SurfaceFlinger: id=9401 Removed BlackSurface#1 (-2/6)
03-11 18:34:58.002   773   847 I SurfaceFlinger: id=9402 Removed BlackSurface#1 (4/5)
03-11 18:34:58.002   773   847 I SurfaceFlinger: id=9402 Removed BlackSurface#1 (-2/5)
03-11 18:34:58.002   773   851 I SurfaceFlinger: id=9403 Removed BlackSurface#1 (4/4)
03-11 18:34:58.003   773   851 I SurfaceFlinger: id=9403 Removed BlackSurface#1 (-2/4)
03-11 18:34:58.006   773   773 D SurfaceFlinger: postFramebuffer : visible layers are empty!!
03-11 18:34:58.008  1865  2437 V WindowManager: rotationForOrientationLw(orient=0, last=1); user=0 USER_ROTATION_LOCKED sensorRotation=-1 mLidState=-1 mDockMode=0 mHdmiPlugged=false
03-11 18:34:58.016   773   773 I Layer   : id=9401 onRemoved BlackSurface#1 
03-11 18:34:58.016   773   773 I Layer   : id=9403 onRemoved BlackSurface#1 
03-11 18:34:58.017   773   773 I Layer   : id=9402 onRemoved BlackSurface#1 
03-11 18:34:58.017   773   773 I Layer   : id=9400 onRemoved BlackSurface#0 
03-11 18:34:58.017   773   773 I Layer   : id=9399 onRemoved ScreenshotSurface#0 
03-11 18:34:58.020   773   773 D SurfaceFlinger: postFramebuffer : visible layers are empty!!
03-11 18:34:58.070 27710 27710 D UE4     : In the JNI_OnLoad function
03-11 18:34:58.071 27710 27710 D UE4     : [JNI] - Failed to determine if app purchasing is enabled!
03-11 18:34:58.074  1865  3208 W StorageManager: getStorageLowBytes lowPercent : 5, lowBytes : 1225677414, maxLowBytes : 524288000
03-11 18:34:58.075 27710 27710 D UE4     : Path found as '/storage/emulated/0'
03-11 18:34:58.075 27710 27710 D UE4     : Font Path found as '/system/fonts/'
03-11 18:34:58.075 27710 27710 D UE4     : In the JNI_OnLoad function 5
03-11 18:34:58.101  1865  3208 I chatty  : uid=1000(system) Binder:1865_7 identical 2 lines
03-11 18:34:58.105 18763 18799 I RecursiveFileObserver: SOMETHING HAPPENED: /mnt/sdcard/Android/data/com.TeamNA.GiftGame
03-11 18:34:58.107 27710 27710 V threaded_app: Creating: 0xda6acda0
03-11 18:34:58.107 27710 27758 V threaded_app: Config: mcc=311 mnc=480 lang=en cnt=US orien=2 touch=3 dens=480 keys=1 nav=1 keysHid=3 navHid=0 sdk=26 size=2 long=2 modetype=1 modenight=1
03-11 18:34:58.107 27710 27758 D UE4     : Entering native app glue main function
03-11 18:34:58.107 27710 27758 D UE4     : Created event thread
03-11 18:34:58.108 27710 27758 D UE4     : Entered AndroidMain()
03-11 18:34:58.108 27710 27759 D UE4     : Entering event processing thread engine entry point
03-11 18:34:58.108 27710 27759 D UE4     : Prepared looper for event thread
03-11 18:34:58.108 27710 27759 D UE4     : Passed callback initialization
03-11 18:34:58.108 27710 27759 D UE4     : Passed sensor initialization
03-11 18:34:58.112 27710 27758 D UE4     : Controller interface supported
03-11 18:34:58.118  3136  3136 E adbd    : recv: OPEN 0000065a 00000000 0009:74 63 70 3A 36 36 36 36 00 
03-11 18:34:58.118  3136  3136 E adbd    : service_to_fd: tcp:6666
03-11 18:34:58.119  1144  1287 D DnsProxyListener: DNSDBG::dns addrinfo af 2
03-11 18:34:58.122  3136  3136 E adbd    : failed to connect to socket 'tcp:6666': Connection refused
03-11 18:34:58.130  1865  3208 W StorageManager: getStorageLowBytes lowPercent : 5, lowBytes : 1225677414, maxLowBytes : 524288000
03-11 18:34:58.168 27710 27761 D OpenGLRenderer: HWUI GL Pipeline
03-11 18:34:58.181 27710 27710 D ViewRootImpl@e58ced6[GameActivity]: setView = DecorView@a597557[] TM=true MM=false
03-11 18:34:58.184 27710 27710 D UE4     : Target SDK is 28.  This may cause issues if permissions are denied by the user.
03-11 18:34:58.185 27710 27710 D PermissionFragment: Creating PlayGamesFragment
03-11 18:34:58.197  1865  3208 I ActivityManager: START u0 {act=android.content.pm.action.REQUEST_PERMISSIONS typ=null flg=0x0 cmp=ComponentInfo{com.google.android.packageinstaller/com.android.packageinstaller.permission.ui.GrantPermissionsActivity}} from uid 10576
03-11 18:34:58.197  1865  3208 W ActivityManager: REQUEST_PERMISSIONS Action.
03-11 18:34:58.205   737   778 E ANDR-PERF-MPCTL: Invalid profile no. 0, total profiles 0 only
03-11 18:34:58.205  1865  3208 D CustomFrequencyManagerService: releaseDVFSLockLocked : Getting Lock type frm List : DVFS_MIN_LIMIT  frequency : 1555200  uid : 1000  pid : 1865  tag : AMS_APP_SWITCH@CPU_MIN@69
03-11 18:34:58.206  1865  3208 D CustomFrequencyManagerService: acquireDVFSLockLocked : type : DVFS_MIN_LIMIT  frequency : 1555200  uid : 1000  pid : 1865  pkgName : AMS_APP_SWITCH@CPU_MIN@69
03-11 18:34:58.206  1865  3208 D ActivityManagerPerformance: AMP_acquire() APP_SWITCH
03-11 18:34:58.206  1865  3761 D ActivityManagerPerformance: Received MSG_CFMS_HINT_AMS_SWITCH pkgName: com.google.android.packageinstaller
03-11 18:34:58.224 27710 27710 D UE4     : Vulkan version: 1.0.3
03-11 18:34:58.225 27710 27710 D UE4     : Vulkan level: 0
03-11 18:34:58.227 27710 27710 D UE4     : Found DepthBufferPreference = 0
03-11 18:34:58.228 27710 27710 D UE4     : Found bPackageDataInsideApk = 0
03-11 18:34:58.228 27710 27710 D UE4     : Found ProjectName = GiftGame
03-11 18:34:58.228 27710 27710 D UE4     : Found AppType = 
03-11 18:34:58.228 27710 27710 D UE4     : Found bHasOBBFiles = 0
03-11 18:34:58.228 27710 27710 D UE4     : Found bVerifyOBBOnStartUp = false
03-11 18:34:58.228 27710 27710 D UE4     : UI hiding set to true
03-11 18:34:58.229 27710 27710 D UE4     : BuildConfiguration set to Development
03-11 18:34:58.229 27710 27710 D UE4     : UseExternalFilesDir set to false
03-11 18:34:58.229 27710 27710 D UE4     : AllowIMU set to true
03-11 18:34:58.229 27710 27710 D UE4     : SupportsVulkan set to false
03-11 18:34:58.229 27710 27710 D UE4     : No GearVR mode detected.
03-11 18:34:58.231  1865  5655 W StorageManager: getStorageLowBytes lowPercent : 5, lowBytes : 1225677414, maxLowBytes : 524288000
03-11 18:34:58.239 27710 27710 I Adreno  : QUALCOMM build                   : 1b7798b, I8a9bdcf8d3
03-11 18:34:58.239 27710 27710 I Adreno  : Build Date                       : 03/15/18
03-11 18:34:58.239 27710 27710 I Adreno  : OpenGL ES Shader Compiler Version: EV031.22.00.01
03-11 18:34:58.239 27710 27710 I Adreno  : Local Branch                     : 
03-11 18:34:58.239 27710 27710 I Adreno  : Remote Branch                    : refs/tags/AU_LINUX_ANDROID_LA.UM.6.5.R1.08.00.00.312.043
03-11 18:34:58.239 27710 27710 I Adreno  : Remote Branch                    : NONE
03-11 18:34:58.239 27710 27710 I Adreno  : Reconstruct Branch               : NOTHING
03-11 18:34:58.243 27710 27710 I vndksupport: sphal namespace is not configured for this process. Loading /vendor/lib/hw/gralloc.msm8996.so from the current namespace instead.
03-11 18:34:58.265 27710 27710 I Adreno  : PFP: 0x005ff087, ME: 0x005ff063
03-11 18:34:58.283 27710 27762 D UE4     : Used memory: 195944
03-11 18:34:58.315 27710 27710 D UE4     : Hardware: Qualcomm Technologies, Inc MSM8996
03-11 18:34:58.315 27710 27710 D UE4     : ro.hardware: qcom
03-11 18:34:58.318 27710 27710 D UE4     : Memory: 3722 MB
03-11 18:34:58.324  1865  5655 I chatty  : uid=1000(system) Binder:1865_1D identical 1 line
03-11 18:34:58.325 27710 27710 D UE4     : UseAffinity: false
03-11 18:34:58.325 27710 27710 D UE4     : BigCoreMask: 0xffff
03-11 18:34:58.325 27710 27710 D UE4     : LittleCoreMask: 0x0
03-11 18:34:58.327 27710 27710 D UE4     : APK path: /data/app/com.TeamNA.GiftGame-bM2jpjCJKvDx49OvwlGltg==/base.apk
03-11 18:34:58.327 27710 27710 D UE4     : OBB in APK: false
03-11 18:34:58.329  1865  5655 W StorageManager: getStorageLowBytes lowPercent : 5, lowBytes : 1225677414, maxLowBytes : 524288000
03-11 18:34:58.330 27710 27710 D UE4     : InternalFilePath found as '/data/user/0/com.TeamNA.GiftGame/files'
03-11 18:34:58.330 27710 27710 D UE4     : ExternalFilePath found as '/storage/emulated/0/Android/data/com.TeamNA.GiftGame/files'
03-11 18:34:58.331 27710 27710 D UE4     : App is running in Landscape
03-11 18:34:58.331 27710 27710 D UE4     : Android version is 8.0.0
03-11 18:34:58.331 27710 27710 D UE4     : Android manufacturer is samsung
03-11 18:34:58.331 27710 27710 D UE4     : Android model is SM-G930V
03-11 18:34:58.331 27710 27710 D UE4     : Android build number is R16NW.G930VVRS9CSB1
03-11 18:34:58.331 27710 27710 D UE4     : OS language is set to en_US
03-11 18:34:58.332 27710 27710 D UE4     : Debugger attached is false
03-11 18:34:58.432 27710 27710 W PopupManager: You have not specified a View to use as content view for popups. Falling back to the Activity content view. Note that this may not work as expected in multi-screen environments
03-11 18:34:58.436 27710 27710 D UE4     : ==============> GameActive.onCreate complete!
03-11 18:34:58.438 27710 27710 V threaded_app: Start: 0xda6acda0
03-11 18:34:58.438 27710 27759 V threaded_app: activityState=10
03-11 18:34:58.438 27710 27710 D UE4     : Creating console command broadcast listener
03-11 18:34:58.438 27710 27759 D UE4     : LogAndroidEvents: EnqueueAppEvent : 9, 0, tid = 27759
03-11 18:34:58.440 27710 27710 D UE4     : ==================================> Inside onStart function in GameActivity
03-11 18:34:58.445 27710 27710 V threaded_app: Resume: 0xda6acda0
03-11 18:34:58.446 27710 27759 V threaded_app: activityState=11
03-11 18:34:58.446 27710 27759 D UE4     : Case APP_CMD_RESUME
03-11 18:34:58.446 27710 27710 D UE4     : === Restoring Transparent Bars ===
03-11 18:34:58.446 27710 27759 D UE4     : LogAndroidEvents: EnqueueAppEvent : 7, 0, tid = 27759
03-11 18:34:58.446 27710 27710 D UE4     : ==============> [JAVA] AndroidThunkJava_KeepScreenOn(false) - Enabled screen saver
03-11 18:34:58.447 27710 27710 D UE4     : Registering sensor listeners
03-11 18:34:58.448  1865  5655 I SensorService: createSensorEventConnection package name com.epicgames.ue4.GameActivity
03-11 18:34:58.449  1865  5655 D SensorService: Calling batch handle==1 flags=0 rate=20000000 timeout== 0
03-11 18:34:58.449   732  2440 I qti_sensors_hal: batch:sensor(android.sensor.accelerometer) handle:1 flags:0x0 period_ns 20000000
03-11 18:34:58.449   732  2440 I qti_sensors_hal: batch: current sample rate, report rate & buffering are equal to requested (50.000000,0.000000,0)
03-11 18:34:58.451   732  2440 I qti_sensors_hal: SMGRReportAdd:sensor(android.sensor.accelerometer) handle=1, sample_rate=50.000000 report_rate=0 buffer=0
03-11 18:34:58.455 27710 27710 D SensorManager: registerListener :: 1, K6DS3TR Accelerometer, 20000, 0,  
03-11 18:34:58.456  1865  5655 D SensorService: Calling batch handle==3 flags=0 rate=20000000 timeout== 0
03-11 18:34:58.456   732  2440 I qti_sensors_hal: batch:sensor(android.sensor.magnetic_field) handle:11 flags:0x0 period_ns 20000000
03-11 18:34:58.456   732  2440 I qti_sensors_hal: batch: current sample rate, report rate & buffering are equal to requested (50.000000,0.000000,0)
03-11 18:34:58.457   732  2440 I qti_sensors_hal: SMGRReportAdd:sensor(android.sensor.magnetic_field) handle=11, sample_rate=50.000000 report_rate=0 buffer=0
03-11 18:34:58.460 27710 27710 D SensorManager: registerListener :: 3, AK09911C Magnetometer, 20000, 0,  
03-11 18:34:58.461  1865  5655 D SensorService: Calling batch handle==5 flags=0 rate=20000000 timeout== 0
03-11 18:34:58.461   732  2440 I qti_sensors_hal: batch:sensor(android.sensor.gyroscope) handle:3 flags:0x0 period_ns 20000000
03-11 18:34:58.461   732  2440 I qti_sensors_hal: batch: current sample rate, report rate & buffering are equal to requested (50.000000,0.000000,0)
03-11 18:34:58.462   732  2440 I qti_sensors_hal: SMGRReportAdd:sensor(android.sensor.gyroscope) handle=3, sample_rate=50.000000 report_rate=0 buffer=0
03-11 18:34:58.464 27710 27710 D SensorManager: registerListener :: 5, K6DS3TR Gyroscope, 20000, 0,  
03-11 18:34:58.464 27710 27710 D UE4     : App is running in Landscape
03-11 18:34:58.465 27710 27710 D UE4     : === Restoring Transparent Bars ===
03-11 18:34:58.465 27710 27710 D UE4     : ==============> Resuming main init
03-11 18:34:58.468 27710 27758 D UE4     : APK Commandline: ../../../GiftGame/GiftGame.uproject  /Game/Maps/MainGame -Messaging -SessionId=8299AF4640F83647374E2FBB4473263C -SessionOwner="ajkrieger" -SessionName="Launch On Device" -iterative
03-11 18:34:58.469 27710 27758 D UE4     : Override Commandline: ../../../GiftGame/GiftGame.uproject  /Game/Maps/MainGame -Messaging -SessionId=8299AF4640F83647374E2FBB4473263C -SessionOwner="ajkrieger" -SessionName="Launch On Device" -iterative
03-11 18:34:58.469 27710 27758 D UE4     : Final commandline: ../../../GiftGame/GiftGame.uproject  /Game/Maps/MainGame -Messaging -SessionId=8299AF4640F83647374E2FBB4473263C -SessionOwner="ajkrieger" -SessionName="Launch On Device" -iterative
03-11 18:34:58.469 27710 27758 D UE4     : Created sync event
03-11 18:34:58.476 27710 27710 D UE4     : ==============> GameActive.onResume complete!
03-11 18:34:58.477  1865  1865 D PreBindingService: handleMessage : 1
03-11 18:34:58.477   732   881 I qti_sensors_hal: processReportInd: Cal Mag Filter, 0, 0, 0.000000, 0.000000, 0.000000, 0.000000, 0.000000, 0.000000, 48.388672, -35.671997, -19.790649
03-11 18:34:58.488 27710 27710 V threaded_app: InputQueueCreated: 0xda6acda0 -- 0xda6ae9c0
03-11 18:34:58.488 27710 27759 V threaded_app: APP_CMD_INPUT_CHANGED
03-11 18:34:58.488 27710 27759 V threaded_app: Attaching input queue to looper
03-11 18:34:58.490 27710 27710 D ViewRootImpl@f1c9a4b[GameActivity]: setView = DecorView@732bc28[GameActivity] TM=true MM=false
03-11 18:34:58.495  1865  5655 D ActivityManager: post active user change for 0 fullscreen true isHomeActivity() false
03-11 18:34:58.500 27710 27710 D ViewRootImpl@e58ced6[GameActivity]: dispatchAttachedToWindow
03-11 18:34:58.501   732   881 I qti_sensors_hal: processReportInd: Accel - X: -0.120 Y: 0.136 Z: 9.734
03-11 18:34:58.501   732   881 I qti_sensors_hal: processReportInd: Gyro - X: -0.001 Y: 0.001 Z: -0.001 status: 3
03-11 18:34:58.502  1865  5655 V WindowManager: Relayout Window{626050b u0 com.TeamNA.GiftGame/com.epicgames.ue4.GameActivity}: viewVisibility=0 req=1920x1008 WM.LayoutParams{(0,0)(fillxfill) gr=#11 sim=#120 ty=2 fl=#1810508 pfl=0x20000 wanim=0x1030001 vsysui=0xf06 needsMenuKey=2 colorMode=0 naviIconColor=0}
03-11 18:34:58.504   773   773 I SurfaceFlinger: id=9404 createSurf (1920x1080),1 flag=404, com.TeamNA.GiftGame/com.epicgames.ue4.GameActivity#0
03-11 18:34:58.505  1865  5655 V Surface : sf_framedrop debug : 0x4f4c, game : false, logging : 0
03-11 18:34:58.512 27710 27710 V Surface : sf_framedrop debug : 0x4f4c, game : false, logging : 0
03-11 18:34:58.513 27710 27710 D ViewRootImpl@e58ced6[GameActivity]: Relayout returned: old=[0,0][0,0] new=[0,0][1920,1080] result=0x7 surface={valid=true 3424622592} changed=true
03-11 18:34:58.514 27710 27761 I Adreno  : QUALCOMM build                   : 1b7798b, I8a9bdcf8d3
03-11 18:34:58.514 27710 27761 I Adreno  : Build Date                       : 03/15/18
03-11 18:34:58.514 27710 27761 I Adreno  : OpenGL ES Shader Compiler Version: EV031.22.00.01
03-11 18:34:58.514 27710 27761 I Adreno  : Local Branch                     : 
03-11 18:34:58.514 27710 27761 I Adreno  : Remote Branch                    : refs/tags/AU_LINUX_ANDROID_LA.UM.6.5.R1.08.00.00.312.043
03-11 18:34:58.514 27710 27761 I Adreno  : Remote Branch                    : NONE
03-11 18:34:58.514 27710 27761 I Adreno  : Reconstruct Branch               : NOTHING
03-11 18:34:58.518 27710 27761 I vndksupport: sphal namespace is not configured for this process. Loading /vendor/lib/hw/gralloc.msm8996.so from the current namespace instead.
03-11 18:34:58.519   773   773 D SurfaceFlinger: postFramebuffer : visible layers are empty!!
03-11 18:34:58.520 27710 27761 I Adreno  : PFP: 0x005ff087, ME: 0x005ff063
03-11 18:34:58.525  1865  1865 D CustomFrequencyManagerService: releaseDVFSLockLocked : Getting Lock type frm List : DVFS_MIN_LIMIT  frequency : 2150400  uid : 1000  pid : 1865  tag : PWM_ROTATION@CPU_MIN@98
03-11 18:34:58.527  3136  3136 E adbd    : recv: OPEN 0000065e 00000000 0010:73 68 65 6C 6C 2C 76 32 2C 72 61 77 3A 70 73 00 
03-11 18:34:58.527  3136  3136 E adbd    : service_to_fd: shell,v2,raw:ps
03-11 18:34:58.530 27710 27761 I OpenGLRenderer: Initialized EGL, version 1.4
03-11 18:34:58.530 27710 27761 D OpenGLRenderer: Swap behavior 2
03-11 18:34:58.540 27710 27761 D libGLESv1: STS_GLApi : DTS, ODTC are not allowed for Package : com.TeamNA.GiftGame
03-11 18:34:58.543 27710 27761 D OpenGLRenderer: eglCreateWindowSurface = 0xdf51deb0
03-11 18:34:58.545 27763 27763 E propClient: PropClient failed to load
03-11 18:34:58.553 27710 27710 V InputMethodManager: Not IME target window, ignoring
03-11 18:34:58.560 27763 27763 E propClient: PropClient failed to load
03-11 18:34:58.565 27710 27710 D ViewRootImpl@f1c9a4b[GameActivity]: dispatchAttachedToWindow
03-11 18:34:58.569  1865  5655 V WindowManager: Relayout Window{5550d32 u0 com.TeamNA.GiftGame/com.epicgames.ue4.GameActivity}: viewVisibility=0 req=1920x1008 WM.LayoutParams{(0,0)(fillxfill) sim=#10 ty=1 fl=#1810500 pfl=0x20000 fmt=1 wanim=0x1030001 vsysui=0x1706 sysuil=true needsMenuKey=2 colorMode=0 naviIconColor=0}
03-11 18:34:58.571   773   773 D SurfaceFlinger: duplicate layer name: changing com.TeamNA.GiftGame/com.epicgames.ue4.GameActivity to com.TeamNA.GiftGame/com.epicgames.ue4.GameActivity#1
03-11 18:34:58.571   773   773 I SurfaceFlinger: id=9405 createSurf (1920x1080),1 flag=4, com.TeamNA.GiftGame/com.epicgames.ue4.GameActivity#1
03-11 18:34:58.573  1865  5655 V Surface : sf_framedrop debug : 0x4f4c, game : false, logging : 0
03-11 18:34:58.573  1865  2074 D WindowManager: set systemUiVisibility : systemUiFlags= 0x170e fullscreenStackSysUiFlags= 0x0
03-11 18:34:58.578  1865  5655 D InputDispatcher: Focus entered window: 27710
03-11 18:34:58.579  1865  3208 D WindowManager: adjustSystemUiVisibilityLw : vis= 0x170e
03-11 18:34:58.581 27710 27710 V Surface : sf_framedrop debug : 0x4f4c, game : false, logging : 0
03-11 18:34:58.583 27710 27710 D ViewRootImpl@f1c9a4b[GameActivity]: Relayout returned: old=[0,0][0,0] new=[0,0][1920,1080] result=0x7 surface={valid=true 3425107968} changed=true
03-11 18:34:58.585   773   773 D SurfaceFlinger: postFramebuffer : visible layers are empty!!
03-11 18:34:58.607 27710 27761 D OpenGLRenderer: eglCreateWindowSurface = 0xdf51ded8
03-11 18:34:58.623   773   773 I SurfaceFlinger: id=9406 createSurf (1920x1080),4 flag=404, SurfaceView - com.TeamNA.GiftGame/com.epicgames.ue4.GameActivity@4de7d41@0#0
03-11 18:34:58.625   773   773 I SurfaceFlinger: id=9407 createSurf (1920x1080),-1 flag=20404, Background for - SurfaceView - com.TeamNA.GiftGame/com.epicgames.ue4.GameActivity@4de7d41@0#0
03-11 18:34:58.626 27710 27710 D SurfaceView: BG show() Surface(name=Background for - SurfaceView - com.TeamNA.GiftGame/com.epicgames.ue4.GameActivity@4de7d41@0) android.view.SurfaceView{4de7d41 V.E...... ......ID 0,0-1920,1080}
03-11 18:34:58.635   773   773 D SurfaceFlinger: postFramebuffer : visible layers are empty!!
03-11 18:34:58.636 27710 27710 V Surface : sf_framedrop debug : 0x4f4c, game : false, logging : 0
03-11 18:34:58.636 27710 27710 D SurfaceView: surfaceCreated 1 android.view.SurfaceView{4de7d41 V.E...... ......ID 0,0-1920,1080}
03-11 18:34:58.637 27710 27710 V threaded_app: NativeWindowCreated: 0xda6acda0 -- 0xcc270808
03-11 18:34:58.637 27710 27759 V threaded_app: APP_CMD_INIT_WINDOW
03-11 18:34:58.637 27710 27759 D UE4     : Case APP_CMD_INIT_WINDOW
03-11 18:34:58.638 27710 27710 D SurfaceView: surfaceChanged (1920,1080) 1 android.view.SurfaceView{4de7d41 V.E...... ......ID 0,0-1920,1080}
03-11 18:34:58.638 27710 27759 D UE4     : LogAndroidEvents: EnqueueAppEvent : 0, 3425110024, tid = 27759
03-11 18:34:58.671 27710 27710 V threaded_app: Pause: 0xda6acda0
03-11 18:34:58.671 27710 27759 V threaded_app: activityState=13
03-11 18:34:58.671 27710 27759 D UE4     : Case APP_CMD_PAUSE
03-11 18:34:58.671 27710 27759 D UE4     : LogAndroidEvents: EnqueueAppEvent : 6, 0, tid = 27759
03-11 18:34:58.671 27710 27710 D UE4     : Unregistering sensor listeners
03-11 18:34:58.673  1865  5655 D SensorService: Calling activate off 1
03-11 18:34:58.675  1865  5655 D SensorService: Calling activate off 3
03-11 18:34:58.678  1865  5655 D SensorService: Calling activate off 5
03-11 18:34:58.681 27710 27710 D SensorManager: unregisterListener ::   
03-11 18:34:58.681 27710 27710 D UE4     : ==============> GameActive.onPause complete!
03-11 18:34:58.683  1865  2850 D ActivityManager: isScaleDownAnimationEnabled() : false
03-11 18:34:58.684  1865  2850 D StorageManagerService: getExternalStorageMountMode : 2
03-11 18:34:58.685  1865  2850 D StorageManagerService: getExternalStorageMountMode : 3
03-11 18:34:58.685  1865  2850 D StorageManagerService: getExternalStorageMountMode : final mountMode=2, uid : 10019, packageName : com.google.android.packageinstaller
03-11 18:34:58.685  1865  2850 I ApplicationPolicy: isApplicationExternalStorageWhitelisted:com.google.android.packageinstaller user:0
03-11 18:34:58.685  1865  2850 D ApplicationPolicy: isApplicationExternalStorageWhitelisted: DO is not enabled on user 0. Allowed.
03-11 18:34:58.685  1865  2850 D ActivityManager: package  com.google.android.packageinstaller, user - 0 is SDcard whitelisted
03-11 18:34:58.685  1865  2850 I ApplicationPolicy: isApplicationExternalStorageBlacklisted:com.google.android.packageinstaller user:0
03-11 18:34:58.685  1865  2850 D ApplicationPolicy: isApplicationExternalStorageBlacklisted: DO is not enabled on user 0. Allowed.
03-11 18:34:58.715  1865  2850 I ActivityManager: Start proc 27778:com.google.android.packageinstaller/u0a19 for activity com.google.android.packageinstaller/com.android.packageinstaller.permission.ui.GrantPermissionsActivity
03-11 18:34:58.722 27778 27778 E Zygote  : isWhitelistProcess - Process is Whitelisted
03-11 18:34:58.725 27710 27710 D ViewRootImpl@e58ced6[GameActivity]: MSG_RESIZED_REPORT: frame=Rect(0, 0 - 1920, 1080) ci=Rect(0, 0 - 0, 0) vi=Rect(0, 0 - 0, 0) or=2
03-11 18:34:58.727 27778 27778 E libpersona: scanKnoxPersonas
03-11 18:34:58.727 27778 27778 E libpersona: Couldn't open the File - /data/system/users/0/personalist.xml - No such file or directory
03-11 18:34:58.733 27778 27778 W SELinux : SELinux selinux_android_compute_policy_index : Policy Index[2],  Con:u:r:zygote:s0 RAM:SEPF_SM-G930V_8.0.0_0016, [-1 -1 -1 -1 0 1]
03-11 18:34:58.734   807   833 E Sensors : sns_reg.c(279):invalid data len: 1541402964 (126)
03-11 18:34:58.736 27778 27778 I SELinux : SELinux: seapp_context_lookup: seinfo=apm, level=s0:c512,c768, pkgname=com.google.android.packageinstaller 
03-11 18:34:58.778 27778 27778 D TimaKeyStoreProvider: TimaKeyStore is not enabled: cannot add TimaSignature Service and generateKeyPair Service
03-11 18:34:58.779 27778 27778 D ActivityThread: Added TimaKeyStore provider
03-11 18:34:58.783  1865  5655 I ActivityManager: DSS on for com.google.android.packageinstaller and scale is 1.0
03-11 18:34:58.808  1865  5655 D PersonaManagerService: Current focused persona service handled id set to : 0
03-11 18:34:58.809  1865  5655 D InputDispatcher: Focused application set to: xxxx
03-11 18:34:58.814  1865  5655 D InputDispatcher: Focus left window: 27710
03-11 18:34:58.817  1865  2992 D GameManagerService: handleForegroundChange(). pkgName: com.google.android.packageinstaller, clsName: com.android.packageinstaller.permission.ui.GrantPermissionsActivity,FgActivityName:com.google.android.packageinstaller/com.android.packageinstaller.permission.ui.GrantPermissionsActivity
03-11 18:34:58.817  1865  5655 D MARsPolicyManager: onPackageResumedFG pkgName = com.google.android.packageinstaller, userId = 0
03-11 18:34:58.817  1865  2992 D GameManagerService: sem_perfomance_mode: 0
03-11 18:34:58.817  1865  2992 D GameManagerService: notifyResumePause(). pkg: com.google.android.packageinstaller, type: 4, isMinimized: false, isTunableApp: false
03-11 18:34:58.817  1865  2992 D GameManagerService:   notifyResumePause(). do nothing. mKillNotiCount: 3
03-11 18:34:58.824  3378  3403 D ForegroundUtils: could not check pending caller
03-11 18:34:58.825  1865  3760 D Dex2oatAdjuster: Before bg size = 0
03-11 18:34:58.825  1865  3760 D Dex2oatAdjuster: After bg size = 0 fg size = 0
03-11 18:34:58.827  1865  9170 D GamePkgDataHelper: getGamePkgDataIncServer(). com.google.android.packageinstaller
03-11 18:34:58.830  1865  9170 D GameManagerService: identifyGamePackage. com.google.android.packageinstaller
03-11 18:34:58.830  1865  9170 D GamePkgDataHelper: getGamePkgData(). com.google.android.packageinstaller
03-11 18:34:58.830 27710 27761 I vndksupport: sphal namespace is not configured for this process. Loading /vendor/lib/hw/gralloc.msm8996.so from the current namespace instead.
03-11 18:34:58.833  1865  9170 D GameManagerService: identifyGamePackage. com.google.android.packageinstaller
03-11 18:34:58.833  1865  9170 D GamePkgDataHelper: getGamePkgData(). com.google.android.packageinstaller
03-11 18:34:58.839  1044 14733 V APM_AudioPolicyManager: getAudioPolicyConfig: audioParam;outDevice
03-11 18:34:58.839  1044 14733 V APM_AudioPolicyManager: getNewOutputDevice() selected device 0
03-11 18:34:58.839  1044 14733 V APM_AudioPolicyManager: ### curdevice : 2
03-11 18:34:58.841  1044 14733 V APM_AudioPolicyManager: getAudioPolicyConfig: audioParam;outDevice
03-11 18:34:58.841  1044 14733 V APM_AudioPolicyManager: getNewOutputDevice() selected device 0
03-11 18:34:58.841  1044 14733 V APM_AudioPolicyManager: ### curdevice : 2
03-11 18:34:58.841  1044 14733 V APM_AudioPolicyManager: getAudioPolicyConfig: audioParam;outDevice
03-11 18:34:58.841  1044 14733 V APM_AudioPolicyManager: getNewOutputDevice() selected device 0
03-11 18:34:58.841  1044 14733 V APM_AudioPolicyManager: ### curdevice : 2
03-11 18:34:58.848 27778 27778 I zygote64: no shared libraies, dex_files: 1
03-11 18:34:58.881   737  3710 E ANDR-PERF-MPCTL: poll() has timed out for /sys/module/msm_performance/events/cpu_hotplug
03-11 18:34:58.882   737  3710 E ANDR-PERF-MPCTL: Block on poll()
03-11 18:34:58.883  1044 14733 V APM_AudioPolicyManager: getAudioPolicyConfig: audioParam;activeStream
03-11 18:34:58.883  1044 14733 V APM_AudioPolicyManager: ### active stream : 0
03-11 18:34:58.883  1865  9170 D AudioService: active stream is 0x0
03-11 18:34:58.885  1865  9170 D GameManagerService: identifyGamePackage. com.google.android.packageinstaller
03-11 18:34:58.886  1865  9170 D GamePkgDataHelper: getGamePkgData(). com.google.android.packageinstaller
03-11 18:34:58.886  1865  9170 D GameManagerService: identifyGamePackage. com.google.android.packageinstaller
03-11 18:34:58.886  1865  9170 D GamePkgDataHelper: getGamePkgData(). com.google.android.packageinstaller
03-11 18:34:58.893 27710 27758 D UE4     : EGL Extensions: 
03-11 18:34:58.893 27710 27758 D UE4     : EGL_KHR_get_all_proc_addresses EGL_ANDROID_presentation_time EGL_KHR_swap_buffers_with_damage EGL_ANDROID_get_native_client_buffer EGL_ANDROID_front_buffer_auto_refresh EGL_ANDROID_get_frame_timestamps EGL_KHR_image EGL_KHR_image_base EGL_KHR_lock_surface EGL_KHR_gl_colorspace EGL_KHR_gl_texture_2D_image EGL_KHR_gl_texture_3D_image EGL_KHR_gl_texture_cubemap_image EGL_KHR_gl_renderbuffer_image EGL_KHR_reusable_sync EGL_KHR_fence_sync EGL_KHR_create_context EGL_KHR_surfaceless_context EGL_EXT_create_context_robustness EGL_ANDROID_image_native_buffer EGL_KHR_wait_sync EGL_ANDROID_recordable EGL_KHR_partial_update EGL_EXT_pixel_format_float EGL_KHR_create_context_no_error EGL_KHR_mutable_render_buffer EGL_EXT_yuv_surface EGL_EXT_protected_content EGL_IMG_context_priority EGL_KHR_no_config_context 
03-11 18:34:58.902 27710 27758 D UE4     : FAndroidGPUInfo
03-11 18:34:58.902 27710 27758 D UE4     : AndroidEGL::InitSurface 1, 1
03-11 18:34:58.903 27710 27758 D UE4     : AndroidEGL::CreateEGLSurface() 0xdf51ec70
03-11 18:34:58.903 27710 27758 D UE4     : AndroidEGL::CreateEGLSurface(1), auxSurface = eglCreatePbufferSurface(), 8x8
03-11 18:34:58.908 27710 27758 I vndksupport: sphal namespace is not configured for this process. Loading /vendor/lib/hw/vulkan.msm8996.so from the current namespace instead.
03-11 18:34:58.956  1865  2517 D MdnieScenarioControlService:  packageName : com.google.android.packageinstaller    className : com.android.packageinstaller.permission.ui.GrantPermissionsActivity
03-11 18:34:58.956  1865  2517 V MdnieScenarioControlService: setUIMode from UI function(3)
03-11 18:34:58.997 27778 27783 I zygote64: Do partial code cache collection, code=0B, data=0B
03-11 18:34:58.997 27778 27783 I zygote64: After code cache collection, code=0B, data=0B
03-11 18:34:58.997 27778 27783 I zygote64: Increasing code cache capacity to 128KB
03-11 18:34:58.998 27778 27783 I zygote64: Do partial code cache collection, code=0B, data=0B
03-11 18:34:58.998 27778 27783 I zygote64: After code cache collection, code=0B, data=0B
03-11 18:34:58.998 27778 27783 I zygote64: Increasing code cache capacity to 256KB
03-11 18:34:58.998 27778 27783 I zygote64: Method exceeds compiler instruction limit: 25337 in void org.ccil.cowan.tagsoup.HTMLSchema.<init>()
03-11 18:34:59.029  1865  2850 V WindowManager: finishDrawingLocked: mDrawState=COMMIT_DRAW_PENDING Window{626050b u0 com.TeamNA.GiftGame/com.epicgames.ue4.GameActivity} in Surface(name=com.TeamNA.GiftGame/com.epicgames.ue4.GameActivity)
03-11 18:34:59.039   773   773 D SurfaceFlinger: postFramebuffer : visible layers are empty!!
03-11 18:34:59.043  1865  5655 V WindowManager: Relayout Window{5550d32 u0 com.TeamNA.GiftGame/com.epicgames.ue4.GameActivity}: viewVisibility=0 req=1920x1080 WM.LayoutParams{(0,0)(fillxfill) sim=#10 ty=1 fl=#1810500 pfl=0x20000 fmt=1 wanim=0x1030001 vsysui=0x1706 sysuil=true needsMenuKey=2 colorMode=0 naviIconColor=0}
03-11 18:34:59.044 27710 27758 D vulkan  : searching for layers in '/data/app/com.TeamNA.GiftGame-bM2jpjCJKvDx49OvwlGltg==/lib/arm'
03-11 18:34:59.045 27710 27758 D vulkan  : searching for layers in '/data/app/com.TeamNA.GiftGame-bM2jpjCJKvDx49OvwlGltg==/base.apk!/lib/armeabi-v7a'
03-11 18:34:59.045 27710 27758 D vulkan  : vulkan api version_1_0 1.0.0
03-11 18:34:59.045 27710 27758 D vulkan  : vulkan header version 46
03-11 18:34:59.045 27710 27758 I Adreno  : QUALCOMM build          : 1b7798b, I8a9bdcf8d3
03-11 18:34:59.045 27710 27758 I Adreno  : Build Date              : 03/15/18
03-11 18:34:59.045 27710 27758 I Adreno  : Shader Compiler Version : EV031.22.00.01
03-11 18:34:59.045 27710 27758 I Adreno  : Local Branch            : 
03-11 18:34:59.045 27710 27758 I Adreno  : Remote Branch           : refs/tags/AU_LINUX_ANDROID_LA.UM.6.5.R1.08.00.00.312.043
03-11 18:34:59.045 27710 27758 I Adreno  : Remote Branch           : NONE
03-11 18:34:59.045 27710 27758 I Adreno  : Reconstruct Branch      : NOTHING
03-11 18:34:59.046 27710 27758 I vndksupport: sphal namespace is not configured for this process. Loading /vendor/lib/hw/gralloc.msm8996.so from the current namespace instead.
03-11 18:34:59.050 27710 27710 D ViewRootImpl@f1c9a4b[GameActivity]: Relayout returned: old=[0,0][1920,1080] new=[0,0][1920,1080] result=0x3 surface={valid=true 3425107968} changed=false
03-11 18:34:59.069   773   773 D SurfaceFlinger: postFramebuffer : visible layers are empty!!
03-11 18:34:59.078 27778 27778 D ScrollView: initGoToTop
03-11 18:34:59.086  1865  2850 V WindowManager: finishDrawingLocked: mDrawState=COMMIT_DRAW_PENDING Window{5550d32 u0 com.TeamNA.GiftGame/com.epicgames.ue4.GameActivity} in Surface(name=com.TeamNA.GiftGame/com.epicgames.ue4.GameActivity)
03-11 18:34:59.087   773   773 D SurfaceFlinger: postFramebuffer : visible layers are empty!!
03-11 18:34:59.096 27710 27710 D ViewRootImpl@f1c9a4b[GameActivity]: MSG_RESIZED_REPORT: frame=Rect(0, 0 - 1920, 1080) ci=Rect(0, 0 - 0, 0) vi=Rect(0, 0 - 0, 0) or=2
03-11 18:34:59.097 27710 27710 D ViewRootImpl@f1c9a4b[GameActivity]: MSG_WINDOW_FOCUS_CHANGED 1
03-11 18:34:59.100 27710 27710 V threaded_app: WindowFocusChanged: 0xda6acda0 -- 1
03-11 18:34:59.101 27710 27759 D UE4     : LogAndroid: Case APP_CMD_GAINED_FOCUS
03-11 18:34:59.101 27710 27759 D UE4     : LogAndroidEvents: EnqueueAppEvent : 11, 0, tid = 27759
03-11 18:34:59.121 27710 27710 V InputMethodManager: Starting input: tba=android.view.inputmethod.EditorInfo@ff44ce9 nm : com.TeamNA.GiftGame ic=null
03-11 18:34:59.121 27710 27710 I InputMethodManager: startInputInner - mService.startInputOrWindowGainedFocus
03-11 18:34:59.122  1865  2850 D InputMethodManagerService: startInputOrWindowGainedFocus : windowGainedFocus 
03-11 18:34:59.122  1865  2850 D InputMethodManagerService: windowGainedFocus: destinationUserId (getCallingUid) = 0
03-11 18:34:59.122  1865  2850 D InputMethodManagerService: windowGainedFocus: currentUserId=0
03-11 18:34:59.122  1865  2850 D InputMethodManagerService: windowGainedFocus: mCurrentFocusedUserId=0
03-11 18:34:59.122  1865  2850 D InputMethodManagerService: windowGainedFocus : lock - currentUserId = 0 destinationUserId = 0
03-11 18:34:59.122  1865  2850 D InputMethodManagerService: windowGainedFocus : mCurrentFocusedUserId - 0 and mSecureKeypadEnabled - false, userSwitched - false
03-11 18:34:59.123  1865  2850 W InputMethodManagerService: Focus gain on non-focused client com.android.internal.view.IInputMethodClient$Stub$Proxy@64cf02c (uid=10576 pid=27710)
03-11 18:34:59.123  1865  2850 W InputMethodManagerService: calledFromValidUser : true, (mCurFocusedWindow == windowToken) : false, (attribute != null) : true
03-11 18:34:59.123  1865  2850 W InputMethodManagerService: (mCurClient != cs) : true, mCurFocusedWindow : android.os.BinderProxy@196b028, windowToken : android.os.BinderProxy@f44c13d
03-11 18:34:59.123  1865  2850 V InputMethodManagerService: Focus gain on non-focused client mCurClient info is ClientState{c39cecc uid 10066 pid 4078}
03-11 18:34:59.123 27710 27710 D UE4     : === Restoring Transparent Bars due to Visibility Change ===
03-11 18:34:59.124 27710 27710 D UE4     : === Restoring Transparent Bars ===
03-11 18:34:59.129 27710 27710 D ViewRootImpl@f1c9a4b[GameActivity]: MSG_WINDOW_FOCUS_CHANGED 0
03-11 18:34:59.129 27710 27710 V threaded_app: WindowFocusChanged: 0xda6acda0 -- 0
03-11 18:34:59.129 27710 27759 D UE4     : LogAndroid: Case APP_CMD_LOST_FOCUS
03-11 18:34:59.129 27710 27759 D UE4     : LogAndroidEvents: EnqueueAppEvent : 10, 0, tid = 27759
03-11 18:34:59.153   773   773 D SurfaceFlinger: postFramebuffer : visible layers are empty!!
03-11 18:34:59.156   737   778 E ANDR-PERF-MPCTL: Invalid profile no. 0, total profiles 0 only
03-11 18:34:59.156  1865  2850 D CustomFrequencyManagerService: releaseDVFSLockLocked : Getting Lock type frm List : DVFS_MIN_LIMIT  frequency : 1555200  uid : 1000  pid : 1865  tag : AMS_APP_SWITCH@CPU_MIN@69
03-11 18:34:59.157  1865  2850 D CustomFrequencyManagerService: acquireDVFSLockLocked : type : DVFS_MIN_LIMIT  frequency : 1555200  uid : 1000  pid : 1865  pkgName : AMS_APP_SWITCH@CPU_MIN@69
03-11 18:34:59.157  1865  2850 D ActivityManagerPerformance: AMP_acquire() APP_SWITCH
03-11 18:34:59.157  1865  3761 D ActivityManagerPerformance: Received MSG_CFMS_HINT_AMS_SWITCH pkgName: com.TeamNA.GiftGame
03-11 18:34:59.157  1865  2850 D ActivityManager: isScaleDownAnimationEnabled() : false
03-11 18:34:59.158  1865  2850 D PersonaManagerService: Current focused persona service handled id set to : 0
03-11 18:34:59.158  1865  2850 D InputDispatcher: Focused application set to: xxxx
03-11 18:34:59.159  1865  2850 D InputDispatcher: Focus entered window: 27710
03-11 18:34:59.166  1865  2992 D GameManagerService: handleForegroundChange(). pkgName: com.TeamNA.GiftGame, clsName: com.epicgames.ue4.GameActivity,FgActivityName:com.TeamNA.GiftGame/com.epicgames.ue4.GameActivity
03-11 18:34:59.166  1865  2850 D MARsPolicyManager: onPackageResumedFG pkgName = com.TeamNA.GiftGame, userId = 0
03-11 18:34:59.166  1865  2992 D GameManagerService: sem_perfomance_mode: 0
03-11 18:34:59.166  1865  2992 D GameManagerService: notifyResumePause(). pkg: com.TeamNA.GiftGame, type: 4, isMinimized: false, isTunableApp: false
03-11 18:34:59.166  1865  2992 D GameManagerService:   notifyResumePause(). do nothing. mKillNotiCount: 3
03-11 18:34:59.167 27710 27710 D PermissionFragment: permission granted for android.permission.WRITE_EXTERNAL_STORAGE
03-11 18:34:59.188   773   773 I SurfaceFlinger: Display 0 HWC layers:
03-11 18:34:59.188   773   773 I SurfaceFlinger:     type    |    handle    | flag |  format   |   source crop (l,t,r,b)    |         frame       | name 
03-11 18:34:59.188   773   773 I SurfaceFlinger: ------------+--------------+------+-----------+----------------------------+---------------------+------
03-11 18:34:59.188   773   773 I SurfaceFlinger:      Device | 0x71ad5c3500 | 0002 | RGBA_8888 |   0.0    0.0 1080.0 1920.0 |    0    0 1080 1920 | com.TeamNA.GiftGame/com.epicgames.ue4.GameActivity#0
03-11 18:34:59.188   773   773 I SurfaceFlinger: 
03-11 18:34:59.191   737   778 E ANDR-PERF-MPCTL: Invalid profile no. 0, total profiles 0 only
03-11 18:34:59.192  1865  2111 D CustomFrequencyManagerService: acquireDVFSLockLocked : type : DVFS_MIN_LIMIT  frequency : 1555200  uid : 1000  pid : 1865  pkgName : AMS_RESUME_TAIL@CPU_MIN@26
03-11 18:34:59.192  1865  2111 D ActivityManagerPerformance: AMP_acquire() TAIL
03-11 18:34:59.192  1865  2111 D CustomFrequencyManagerService: releaseDVFSLockLocked : Getting Lock type frm List : DVFS_MIN_LIMIT  frequency : 1555200  uid : 1000  pid : 1865  tag : AMS_APP_SWITCH@CPU_MIN@69
03-11 18:34:59.193  1865  2111 D ActivityManagerPerformance: AMP_release() APP_SWITCH
03-11 18:34:59.205  3378  3403 D ForegroundUtils: could not check pending caller
03-11 18:34:59.206  1865  3760 D Dex2oatAdjuster: Before fg size = 0
03-11 18:34:59.206  1865  3760 D Dex2oatAdjuster: After bg size = 0 fg size = 0
03-11 18:34:59.210 27710 27710 V threaded_app: Resume: 0xda6acda0
03-11 18:34:59.210 27710 27759 V threaded_app: activityState=11
03-11 18:34:59.210 27710 27759 D UE4     : Case APP_CMD_RESUME
03-11 18:34:59.210 27710 27759 D UE4     : LogAndroid: Case APP_CMD_RESUME
03-11 18:34:59.210 27710 27759 D UE4     : LogAndroidEvents: EnqueueAppEvent : 7, 0, tid = 27759
03-11 18:34:59.210 27710 27710 D UE4     : === Restoring Transparent Bars ===
03-11 18:34:59.210  1865  2108 D MARsDBManager: onChange - mSmartManagerObserver! Uri = content://com.samsung.android.sm/AppFreezer?MARs-self=true&MARs=true
03-11 18:34:59.211  4078  4078 D StageManager: saved stages : inStack [1] , outStack[2]
03-11 18:34:59.213 27710 27710 D UE4     : ==============> [JAVA] AndroidThunkJava_KeepScreenOn(false) - Enabled screen saver
03-11 18:34:59.214 27710 27710 D UE4     : Registering sensor listeners
03-11 18:34:59.215  1865  3208 I SensorService: createSensorEventConnection package name com.epicgames.ue4.GameActivity
03-11 18:34:59.216  1865  3208 D SensorService: Calling batch handle==1 flags=0 rate=20000000 timeout== 0
03-11 18:34:59.216   732  2440 I qti_sensors_hal: batch:sensor(android.sensor.accelerometer) handle:1 flags:0x0 period_ns 20000000
03-11 18:34:59.217   732  2440 I qti_sensors_hal: batch: current sample rate, report rate & buffering are equal to requested (50.000000,0.000000,0)
03-11 18:34:59.217 27710 27758 D UE4     : LogPluginManager: Mounting plugin Paper2D
03-11 18:34:59.218   732  2440 I qti_sensors_hal: SMGRReportAdd:sensor(android.sensor.accelerometer) handle=1, sample_rate=50.000000 report_rate=0 buffer=0
03-11 18:34:59.220 27710 27710 D SensorManager: registerListener :: 1, K6DS3TR Accelerometer, 20000, 0,  
03-11 18:34:59.221  1865  5655 D SensorService: Calling batch handle==3 flags=0 rate=20000000 timeout== 0
03-11 18:34:59.221   732  2440 I qti_sensors_hal: batch:sensor(android.sensor.magnetic_field) handle:11 flags:0x0 period_ns 20000000
03-11 18:34:59.221   732  2440 I qti_sensors_hal: batch: current sample rate, report rate & buffering are equal to requested (50.000000,0.000000,0)
03-11 18:34:59.221   732   881 I qti_sensors_hal: processReportInd: Accel - X: -0.132 Y: 0.136 Z: 9.720
03-11 18:34:59.222 27710 27758 D UE4     : LogPluginManager: Mounting plugin AISupport
03-11 18:34:59.223  3378  3403 D ForegroundUtils: could not check pending caller
03-11 18:34:59.224  1865  3760 D Dex2oatAdjuster: Before fg size = 0
03-11 18:34:59.224  1865  3760 D Dex2oatAdjuster: After bg size = 0 fg size = 0
03-11 18:34:59.225 27710 27758 D UE4     : LogPluginManager: Mounting plugin LightPropagationVolume
03-11 18:34:59.225   732  2440 I qti_sensors_hal: SMGRReportAdd:sensor(android.sensor.magnetic_field) handle=11, sample_rate=50.000000 report_rate=0 buffer=0
03-11 18:34:59.227 27710 27758 D UE4     : LogPluginManager: Mounting plugin AssetManagerEditor
03-11 18:34:59.229 27710 27758 D UE4     : LogPluginManager: Mounting plugin CryptoKeys
03-11 18:34:59.229 27710 27710 D SensorManager: registerListener :: 3, AK09911C Magnetometer, 20000, 0,  
03-11 18:34:59.229  1865  3208 D SensorService: Calling batch handle==5 flags=0 rate=20000000 timeout== 0
03-11 18:34:59.230   732   732 I qti_sensors_hal: batch:sensor(android.sensor.gyroscope) handle:3 flags:0x0 period_ns 20000000
03-11 18:34:59.230   732   732 I qti_sensors_hal: batch: current sample rate, report rate & buffering are equal to requested (50.000000,0.000000,0)
03-11 18:34:59.231   732   732 I qti_sensors_hal: SMGRReportAdd:sensor(android.sensor.gyroscope) handle=3, sample_rate=50.000000 report_rate=0 buffer=0
03-11 18:34:59.231 27710 27758 D UE4     : LogPluginManager: Mounting plugin FacialAnimation
03-11 18:34:59.233 27710 27710 D SensorManager: registerListener :: 5, K6DS3TR Gyroscope, 20000, 0,  
03-11 18:34:59.233 27710 27758 D UE4     : LogPluginManager: Mounting plugin MeshEditor
03-11 18:34:59.233 27710 27710 D UE4     : App is running in Landscape
03-11 18:34:59.233 27710 27710 D UE4     : === Restoring Transparent Bars ===
03-11 18:34:59.233 27710 27710 D UE4     : ==============> Resuming main init
