03-08 20:01:29.036  1044  1354 V APM_AudioPolicyManager: selectOutputForMusicEffects activeOnly 1 outputs[2] flags 0x00000104
03-08 20:01:29.036  1044  1354 V APM_AudioPolicyManager: selectOutputForMusicEffects selected output 13
03-08 20:01:29.036  1044  1354 V APM_AudioPolicyManager: releaseOutput() 29
03-08 20:01:29.473  1044  2129 V APM_AudioPolicyManager: getAudioPolicyConfig: audioParam;outDevice
03-08 20:01:29.473  1044  2129 V APM_AudioPolicyManager: getNewOutputDevice() selected device 0
03-08 20:01:29.473  1044  2129 V APM_AudioPolicyManager: ### curdevice : 2
03-08 20:01:29.474 17230 17230 D SoundAlivePolicyManager: Actual path retrieved: 2
03-08 20:01:29.474 17230 17230 D SoundAlivePolicyManager: isAudioPathSpeaker() : true
03-08 20:01:29.474 17230 17230 D SoundAlivePolicyManager: actual AudioPath : SA_PATH_SPK
03-08 20:01:29.474 17230 17230 D SADVFSHelper: Audio route update attempt
03-08 20:01:29.475 17230 17230 D SADVFSHelper: Either heavy-duty effect is Off or Music playback is not active
03-08 20:01:29.610  1004  1004 E audit   : type=1400 audit(1552096889.598:42755): avc:  denied  { read } for  pid=18188 comm="Thread-2" name="stat" dev="proc" ino=4026532368 scontext=u:r:untrusted_app:s0:c512,c768 tcontext=u:object_r:proc_stat:s0 tclass=file permissive=0 SEPF_SM-G930V_8.0.0_0016 audit_filtered
03-08 20:01:29.611  1004  1004 E audit   : type=1300 audit(1552096889.598:42755): arch=40000028 syscall=322 per=8 success=no exit=-13 a0=ffffff9c a1=c4addd27 a2=20000 a3=0 items=0 ppid=1027 pid=18188 auid=4294967295 uid=10572 gid=10572 euid=10572 suid=10572 fsuid=10572 egid=10572 sgid=10572 fsgid=10572 tty=(none) ses=4294967295 comm="Thread-2" exe="/system/bin/app_process32" subj=u:r:untrusted_app:s0:c512,c768 key=(null)
03-08 20:01:29.611  1004  1004 E audit   : type=1327 audit(1552096889.598:42755): proctitle="com.TeamNA.GiftGame"
03-08 20:01:29.671 18188 18220 D UE4     : Used memory: 551156
03-08 20:01:29.724  1004  1004 E audit   : type=1400 audit(1552096889.708:42756): avc:  denied  { read } for  pid=18188 comm="Thread-2" name="stat" dev="proc" ino=4026532368 scontext=u:r:untrusted_app:s0:c512,c768 tcontext=u:object_r:proc_stat:s0 tclass=file permissive=0 SEPF_SM-G930V_8.0.0_0016 audit_filtered
03-08 20:01:29.724  1004  1004 E audit   : type=1300 audit(1552096889.708:42756): arch=40000028 syscall=322 per=8 success=no exit=-13 a0=ffffff9c a1=c4addd27 a2=20000 a3=0 items=0 ppid=1027 pid=18188 auid=4294967295 uid=10572 gid=10572 euid=10572 suid=10572 fsuid=10572 egid=10572 sgid=10572 fsgid=10572 tty=(none) ses=4294967295 comm="Thread-2" exe="/system/bin/app_process32" subj=u:r:untrusted_app:s0:c512,c768 key=(null)
03-08 20:01:29.724  1004  1004 E audit   : type=1327 audit(1552096889.708:42756): proctitle="com.TeamNA.GiftGame"
03-08 20:01:29.788   737  3710 E ANDR-PERF-MPCTL: poll() has timed out for /sys/module/msm_performance/events/cpu_hotplug
03-08 20:01:29.788   737  3710 E ANDR-PERF-MPCTL: Block on poll()
03-08 20:01:29.843  1004  1004 E audit   : type=1400 audit(1552096889.828:42757): avc:  denied  { read } for  pid=18188 comm="Thread-2" name="stat" dev="proc" ino=4026532368 scontext=u:r:untrusted_app:s0:c512,c768 tcontext=u:object_r:proc_stat:s0 tclass=file permissive=0 SEPF_SM-G930V_8.0.0_0016 audit_filtered
03-08 20:01:29.843  1004  1004 E audit   : type=1300 audit(1552096889.828:42757): arch=40000028 syscall=322 per=8 success=no exit=-13 a0=ffffff9c a1=c4addd27 a2=20000 a3=0 items=0 ppid=1027 pid=18188 auid=4294967295 uid=10572 gid=10572 euid=10572 suid=10572 fsuid=10572 egid=10572 sgid=10572 fsgid=10572 tty=(none) ses=4294967295 comm="Thread-2" exe="/system/bin/app_process32" subj=u:r:untrusted_app:s0:c512,c768 key=(null)
03-08 20:01:29.843  1004  1004 E audit   : type=1327 audit(1552096889.828:42757): proctitle="com.TeamNA.GiftGame"
03-08 20:01:29.860   732   881 I qti_sensors_hal: processReportInd: Accel - X: 1.584 Y: 2.378 Z: 9.306
03-08 20:01:29.860   732   881 I qti_sensors_hal: processReportInd: Gyro - X: -0.000 Y: 0.001 Z: -0.001 status: 3
03-08 20:01:29.944  1004  1004 E audit   : type=1400 audit(1552096889.928:42758): avc:  denied  { read } for  pid=18188 comm="Thread-2" name="stat" dev="proc" ino=4026532368 scontext=u:r:untrusted_app:s0:c512,c768 tcontext=u:object_r:proc_stat:s0 tclass=file permissive=0 SEPF_SM-G930V_8.0.0_0016 audit_filtered
03-08 20:01:29.944  1004  1004 E audit   : type=1300 audit(1552096889.928:42758): arch=40000028 syscall=322 per=8 success=no exit=-13 a0=ffffff9c a1=c4addd27 a2=20000 a3=0 items=0 ppid=1027 pid=18188 auid=4294967295 uid=10572 gid=10572 euid=10572 suid=10572 fsuid=10572 egid=10572 sgid=10572 fsgid=10572 tty=(none) ses=4294967295 comm="Thread-2" exe="/system/bin/app_process32" subj=u:r:untrusted_app:s0:c512,c768 key=(null)
03-08 20:01:29.944  1004  1004 E audit   : type=1327 audit(1552096889.928:42758): proctitle="com.TeamNA.GiftGame"
03-08 20:01:30.047  1004  1004 E audit   : type=1400 audit(1552096890.028:42759): avc:  denied  { read } for  pid=18188 comm="Thread-2" name="stat" dev="proc" ino=4026532368 scontext=u:r:untrusted_app:s0:c512,c768 tcontext=u:object_r:proc_stat:s0 tclass=file permissive=0 SEPF_SM-G930V_8.0.0_0016 audit_filtered
03-08 20:01:30.047  1004  1004 E audit   : type=1300 audit(1552096890.028:42759): arch=40000028 syscall=322 per=8 success=no exit=-13 a0=ffffff9c a1=c4addd27 a2=20000 a3=0 items=0 ppid=1027 pid=18188 auid=4294967295 uid=10572 gid=10572 euid=10572 suid=10572 fsuid=10572 egid=10572 sgid=10572 fsgid=10572 tty=(none) ses=4294967295 comm="Thread-2" exe="/system/bin/app_process32" subj=u:r:untrusted_app:s0:c512,c768 key=(null)
03-08 20:01:30.047  1004  1004 E audit   : type=1327 audit(1552096890.028:42759): proctitle="com.TeamNA.GiftGame"
03-08 20:01:30.111  3136  3136 E adbd    : recv: OPEN 00001665 00000000 0010:73 68 65 6C 6C 2C 76 32 2C 72 61 77 3A 70 73 00 
03-08 20:01:30.111  3136  3136 E adbd    : service_to_fd: shell,v2,raw:ps
03-08 20:01:30.121 18417 18417 E propClient: PropClient failed to load
03-08 20:01:30.135 18417 18417 E propClient: PropClient failed to load
03-08 20:01:30.238   732   881 I qti_sensors_hal: processReportInd: Cal Mag Filter, 0, 0, 0.000000, 0.000000, 0.000000, 0.000000, 0.000000, 0.000000, 26.028442, -55.143738, -44.007874
03-08 20:01:30.284  3522  3522 D io_stats: !@   8,0 r 6459141 238134064 w 2830423 57219152 d 226379 26336212 f 1101707 1103627 iot 5235980 3148159 th 51200 0 0 pt 0 inp 0 0 286832.338
03-08 20:01:30.481 17230 17230 D SADVFSHelper: Either heavy-duty effect is Off or Music playback is not active
03-08 20:01:30.690  1004  1004 E audit   : type=1400 audit(1552096890.678:42765): avc:  denied  { read } for  pid=18188 comm="Thread-2" name="stat" dev="proc" ino=4026532368 scontext=u:r:untrusted_app:s0:c512,c768 tcontext=u:object_r:proc_stat:s0 tclass=file permissive=0 SEPF_SM-G930V_8.0.0_0016 audit_filtered
03-08 20:01:30.691  1004  1004 E audit   : type=1300 audit(1552096890.678:42765): arch=40000028 syscall=322 per=8 success=no exit=-13 a0=ffffff9c a1=c4addd27 a2=20000 a3=0 items=0 ppid=1027 pid=18188 auid=4294967295 uid=10572 gid=10572 euid=10572 suid=10572 fsuid=10572 egid=10572 sgid=10572 fsgid=10572 tty=(none) ses=4294967295 comm="Thread-2" exe="/system/bin/app_process32" subj=u:r:untrusted_app:s0:c512,c768 key=(null)
03-08 20:01:30.691  1004  1004 E audit   : type=1327 audit(1552096890.678:42765): proctitle="com.TeamNA.GiftGame"
03-08 20:01:30.791  1004  1004 E audit   : type=1400 audit(1552096890.778:42766): avc:  denied  { read } for  pid=18188 comm="Thread-2" name="stat" dev="proc" ino=4026532368 scontext=u:r:untrusted_app:s0:c512,c768 tcontext=u:object_r:proc_stat:s0 tclass=file permissive=0 SEPF_SM-G930V_8.0.0_0016 audit_filtered
03-08 20:01:30.791  1004  1004 E audit   : type=1300 audit(1552096890.778:42766): arch=40000028 syscall=322 per=8 success=no exit=-13 a0=ffffff9c a1=c4addd27 a2=20000 a3=0 items=0 ppid=1027 pid=18188 auid=4294967295 uid=10572 gid=10572 euid=10572 suid=10572 fsuid=10572 egid=10572 sgid=10572 fsgid=10572 tty=(none) ses=4294967295 comm="Thread-2" exe="/system/bin/app_process32" subj=u:r:untrusted_app:s0:c512,c768 key=(null)
03-08 20:01:30.791  1004  1004 E audit   : type=1327 audit(1552096890.778:42766): proctitle="com.TeamNA.GiftGame"
03-08 20:01:30.909  1004  1004 E audit   : type=1400 audit(1552096890.898:42767): avc:  denied  { read } for  pid=18188 comm="Thread-2" name="stat" dev="proc" ino=4026532368 scontext=u:r:untrusted_app:s0:c512,c768 tcontext=u:object_r:proc_stat:s0 tclass=file permissive=0 SEPF_SM-G930V_8.0.0_0016 audit_filtered
03-08 20:01:30.909  1004  1004 E audit   : type=1300 audit(1552096890.898:42767): arch=40000028 syscall=322 per=8 success=no exit=-13 a0=ffffff9c a1=c4addd27 a2=20000 a3=0 items=0 ppid=1027 pid=18188 auid=4294967295 uid=10572 gid=10572 euid=10572 suid=10572 fsuid=10572 egid=10572 sgid=10572 fsgid=10572 tty=(none) ses=4294967295 comm="Thread-2" exe="/system/bin/app_process32" subj=u:r:untrusted_app:s0:c512,c768 key=(null)
03-08 20:01:30.909  1004  1004 E audit   : type=1327 audit(1552096890.898:42767): proctitle="com.TeamNA.GiftGame"
03-08 20:01:31.024  1004  1004 E audit   : type=1400 audit(1552096891.008:42768): avc:  denied  { read } for  pid=18188 comm="Thread-2" name="stat" dev="proc" ino=4026532368 scontext=u:r:untrusted_app:s0:c512,c768 tcontext=u:object_r:proc_stat:s0 tclass=file permissive=0 SEPF_SM-G930V_8.0.0_0016 audit_filtered
03-08 20:01:31.024  1004  1004 E audit   : type=1300 audit(1552096891.008:42768): arch=40000028 syscall=322 per=8 success=no exit=-13 a0=ffffff9c a1=c4addd27 a2=20000 a3=0 items=0 ppid=1027 pid=18188 auid=4294967295 uid=10572 gid=10572 euid=10572 suid=10572 fsuid=10572 egid=10572 sgid=10572 fsgid=10572 tty=(none) ses=4294967295 comm="Thread-2" exe="/system/bin/app_process32" subj=u:r:untrusted_app:s0:c512,c768 key=(null)
03-08 20:01:31.025  1004  1004 E audit   : type=1327 audit(1552096891.008:42768): proctitle="com.TeamNA.GiftGame"
03-08 20:01:31.139  1004  1004 E audit   : type=1400 audit(1552096891.128:42769): avc:  denied  { read } for  pid=18188 comm="Thread-2" name="stat" dev="proc" ino=4026532368 scontext=u:r:untrusted_app:s0:c512,c768 tcontext=u:object_r:proc_stat:s0 tclass=file permissive=0 SEPF_SM-G930V_8.0.0_0016 audit_filtered
03-08 20:01:31.139  1004  1004 E audit   : type=1300 audit(1552096891.128:42769): arch=40000028 syscall=322 per=8 success=no exit=-13 a0=ffffff9c a1=c4addd27 a2=20000 a3=0 items=0 ppid=1027 pid=18188 auid=4294967295 uid=10572 gid=10572 euid=10572 suid=10572 fsuid=10572 egid=10572 sgid=10572 fsgid=10572 tty=(none) ses=4294967295 comm="Thread-2" exe="/system/bin/app_process32" subj=u:r:untrusted_app:s0:c512,c768 key=(null)
03-08 20:01:31.139  1004  1004 E audit   : type=1327 audit(1552096891.128:42769): proctitle="com.TeamNA.GiftGame"
03-08 20:01:31.424  3136  3136 E adbd    : recv: OPEN 00001669 00000000 0010:73 68 65 6C 6C 2C 76 32 2C 72 61 77 3A 70 73 00 
03-08 20:01:31.424  3136  3136 E adbd    : service_to_fd: shell,v2,raw:ps
03-08 20:01:31.436 18419 18419 E propClient: PropClient failed to load
03-08 20:01:31.448 18419 18419 E propClient: PropClient failed to load
03-08 20:01:31.483 17230 17230 D SADVFSHelper: Either heavy-duty effect is Off or Music playback is not active
03-08 20:01:31.763  1004  1004 E audit   : type=1400 audit(1552096891.748:42775): avc:  denied  { read } for  pid=18188 comm="Thread-2" name="stat" dev="proc" ino=4026532368 scontext=u:r:untrusted_app:s0:c512,c768 tcontext=u:object_r:proc_stat:s0 tclass=file permissive=0 SEPF_SM-G930V_8.0.0_0016 audit_filtered
03-08 20:01:31.763  1004  1004 E audit   : type=1300 audit(1552096891.748:42775): arch=40000028 syscall=322 per=8 success=no exit=-13 a0=ffffff9c a1=c4addd27 a2=20000 a3=0 items=0 ppid=1027 pid=18188 auid=4294967295 uid=10572 gid=10572 euid=10572 suid=10572 fsuid=10572 egid=10572 sgid=10572 fsgid=10572 tty=(none) ses=4294967295 comm="Thread-2" exe="/system/bin/app_process32" subj=u:r:untrusted_app:s0:c512,c768 key=(null)
03-08 20:01:31.764  1004  1004 E audit   : type=1327 audit(1552096891.748:42775): proctitle="com.TeamNA.GiftGame"
03-08 20:01:31.880  1004  1004 E audit   : type=1400 audit(1552096891.868:42776): avc:  denied  { read } for  pid=18188 comm="Thread-2" name="stat" dev="proc" ino=4026532368 scontext=u:r:untrusted_app:s0:c512,c768 tcontext=u:object_r:proc_stat:s0 tclass=file permissive=0 SEPF_SM-G930V_8.0.0_0016 audit_filtered
03-08 20:01:31.880  1004  1004 E audit   : type=1300 audit(1552096891.868:42776): arch=40000028 syscall=322 per=8 success=no exit=-13 a0=ffffff9c a1=c4addd27 a2=20000 a3=0 items=0 ppid=1027 pid=18188 auid=4294967295 uid=10572 gid=10572 euid=10572 suid=10572 fsuid=10572 egid=10572 sgid=10572 fsgid=10572 tty=(none) ses=4294967295 comm="Thread-2" exe="/system/bin/app_process32" subj=u:r:untrusted_app:s0:c512,c768 key=(null)
03-08 20:01:31.880  1004  1004 E audit   : type=1327 audit(1552096891.868:42776): proctitle="com.TeamNA.GiftGame"
03-08 20:01:31.991  1004  1004 E audit   : type=1400 audit(1552096891.978:42777): avc:  denied  { read } for  pid=18188 comm="Thread-2" name="stat" dev="proc" ino=4026532368 scontext=u:r:untrusted_app:s0:c512,c768 tcontext=u:object_r:proc_stat:s0 tclass=file permissive=0 SEPF_SM-G930V_8.0.0_0016 audit_filtered
03-08 20:01:31.991  1004  1004 E audit   : type=1300 audit(1552096891.978:42777): arch=40000028 syscall=322 per=8 success=no exit=-13 a0=ffffff9c a1=c4addd27 a2=20000 a3=0 items=0 ppid=1027 pid=18188 auid=4294967295 uid=10572 gid=10572 euid=10572 suid=10572 fsuid=10572 egid=10572 sgid=10572 fsgid=10572 tty=(none) ses=4294967295 comm="Thread-2" exe="/system/bin/app_process32" subj=u:r:untrusted_app:s0:c512,c768 key=(null)
03-08 20:01:31.991  1004  1004 E audit   : type=1327 audit(1552096891.978:42777): proctitle="com.TeamNA.GiftGame"
03-08 20:01:32.094  1004  1004 E audit   : type=1400 audit(1552096892.078:42778): avc:  denied  { read } for  pid=18188 comm="Thread-2" name="stat" dev="proc" ino=4026532368 scontext=u:r:untrusted_app:s0:c512,c768 tcontext=u:object_r:proc_stat:s0 tclass=file permissive=0 SEPF_SM-G930V_8.0.0_0016 audit_filtered
03-08 20:01:32.094  1004  1004 E audit   : type=1300 audit(1552096892.078:42778): arch=40000028 syscall=322 per=8 success=no exit=-13 a0=ffffff9c a1=c4addd27 a2=20000 a3=0 items=0 ppid=1027 pid=18188 auid=4294967295 uid=10572 gid=10572 euid=10572 suid=10572 fsuid=10572 egid=10572 sgid=10572 fsgid=10572 tty=(none) ses=4294967295 comm="Thread-2" exe="/system/bin/app_process32" subj=u:r:untrusted_app:s0:c512,c768 key=(null)
03-08 20:01:32.094  1004  1004 E audit   : type=1327 audit(1552096892.078:42778): proctitle="com.TeamNA.GiftGame"
03-08 20:01:32.195  1004  1004 E audit   : type=1400 audit(1552096892.178:42779): avc:  denied  { read } for  pid=18188 comm="Thread-2" name="stat" dev="proc" ino=4026532368 scontext=u:r:untrusted_app:s0:c512,c768 tcontext=u:object_r:proc_stat:s0 tclass=file permissive=0 SEPF_SM-G930V_8.0.0_0016 audit_filtered
03-08 20:01:32.196  1004  1004 E audit   : type=1300 audit(1552096892.178:42779): arch=40000028 syscall=322 per=8 success=no exit=-13 a0=ffffff9c a1=c4addd27 a2=20000 a3=0 items=0 ppid=1027 pid=18188 auid=4294967295 uid=10572 gid=10572 euid=10572 suid=10572 fsuid=10572 egid=10572 sgid=10572 fsgid=10572 tty=(none) ses=4294967295 comm="Thread-2" exe="/system/bin/app_process32" subj=u:r:untrusted_app:s0:c512,c768 key=(null)
03-08 20:01:32.199  1004  1004 E audit   : type=1327 audit(1552096892.178:42779): proctitle="com.TeamNA.GiftGame"
03-08 20:01:32.727  3136  3136 E adbd    : recv: OPEN 0000166d 00000000 0010:73 68 65 6C 6C 2C 76 32 2C 72 61 77 3A 70 73 00 
03-08 20:01:32.727  3136  3136 E adbd    : service_to_fd: shell,v2,raw:ps
03-08 20:01:32.743 18421 18421 E propClient: PropClient failed to load
03-08 20:01:32.762 18421 18421 E propClient: PropClient failed to load
03-08 20:01:32.772  1865  2468 D SamsungAlarmManager: Expired : 8
03-08 20:01:32.772  1865  2468 V SamsungAlarmManager: Sending to uid : 10068 action=null alarm=Alarm{5e9a5e7 type 3 when 1157594931 com.asurion.android.verizon.vms}
03-08 20:01:32.786  1865  3448 D SamsungAlarmManager: setExact Intent (T:3/F:5/AC:false) 20190308T200137 - CU:10068/CP:4132
03-08 20:01:32.786  1865  3448 I SamsungAlarmManager: setLocked to kernel - T:3 / 20190308T200137, SetElapsed=1157599942, nowELAPSED=1157594945
03-08 20:01:32.790   737  3710 E ANDR-PERF-MPCTL: poll() has timed out for /sys/module/msm_performance/events/cpu_hotplug
03-08 20:01:32.791   737  3710 E ANDR-PERF-MPCTL: Block on poll()
03-08 20:01:32.818  1004  1004 E audit   : type=1400 audit(1552096892.808:42785): avc:  denied  { read } for  pid=18188 comm="Thread-2" name="stat" dev="proc" ino=4026532368 scontext=u:r:untrusted_app:s0:c512,c768 tcontext=u:object_r:proc_stat:s0 tclass=file permissive=0 SEPF_SM-G930V_8.0.0_0016 audit_filtered
03-08 20:01:32.818  1004  1004 E audit   : type=1300 audit(1552096892.808:42785): arch=40000028 syscall=322 per=8 success=no exit=-13 a0=ffffff9c a1=c4addd27 a2=20000 a3=0 items=0 ppid=1027 pid=18188 auid=4294967295 uid=10572 gid=10572 euid=10572 suid=10572 fsuid=10572 egid=10572 sgid=10572 fsgid=10572 tty=(none) ses=4294967295 comm="Thread-2" exe="/system/bin/app_process32" subj=u:r:untrusted_app:s0:c512,c768 key=(null)
03-08 20:01:32.818  1004  1004 E audit   : type=1327 audit(1552096892.808:42785): proctitle="com.TeamNA.GiftGame"
03-08 20:01:32.903  1865  9170 D SSRM:g  : SIOP:: AP = 410, PST = 366 (W:6), BAT = 280, CHG = 327
03-08 20:01:32.923  1004  1004 E audit   : type=1400 audit(1552096892.908:42786): avc:  denied  { read } for  pid=18188 comm="Thread-2" name="stat" dev="proc" ino=4026532368 scontext=u:r:untrusted_app:s0:c512,c768 tcontext=u:object_r:proc_stat:s0 tclass=file permissive=0 SEPF_SM-G930V_8.0.0_0016 audit_filtered
03-08 20:01:32.923  1004  1004 E audit   : type=1300 audit(1552096892.908:42786): arch=40000028 syscall=322 per=8 success=no exit=-13 a0=ffffff9c a1=c4addd27 a2=20000 a3=0 items=0 ppid=1027 pid=18188 auid=4294967295 uid=10572 gid=10572 euid=10572 suid=10572 fsuid=10572 egid=10572 sgid=10572 fsgid=10572 tty=(none) ses=4294967295 comm="Thread-2" exe="/system/bin/app_process32" subj=u:r:untrusted_app:s0:c512,c768 key=(null)
03-08 20:01:32.923  1004  1004 E audit   : type=1327 audit(1552096892.908:42786): proctitle="com.TeamNA.GiftGame"
03-08 20:01:33.031  1004  1004 E audit   : type=1400 audit(1552096893.018:42787): avc:  denied  { read } for  pid=18188 comm="Thread-2" name="stat" dev="proc" ino=4026532368 scontext=u:r:untrusted_app:s0:c512,c768 tcontext=u:object_r:proc_stat:s0 tclass=file permissive=0 SEPF_SM-G930V_8.0.0_0016 audit_filtered
03-08 20:01:33.031  1004  1004 E audit   : type=1300 audit(1552096893.018:42787): arch=40000028 syscall=322 per=8 success=no exit=-13 a0=ffffff9c a1=c4addd27 a2=20000 a3=0 items=0 ppid=1027 pid=18188 auid=4294967295 uid=10572 gid=10572 euid=10572 suid=10572 fsuid=10572 egid=10572 sgid=10572 fsgid=10572 tty=(none) ses=4294967295 comm="Thread-2" exe="/system/bin/app_process32" subj=u:r:untrusted_app:s0:c512,c768 key=(null)
03-08 20:01:33.031  1004  1004 E audit   : type=1327 audit(1552096893.018:42787): proctitle="com.TeamNA.GiftGame"
03-08 20:01:33.144  1004  1004 E audit   : type=1400 audit(1552096893.128:42788): avc:  denied  { read } for  pid=18188 comm="Thread-2" name="stat" dev="proc" ino=4026532368 scontext=u:r:untrusted_app:s0:c512,c768 tcontext=u:object_r:proc_stat:s0 tclass=file permissive=0 SEPF_SM-G930V_8.0.0_0016 audit_filtered
03-08 20:01:33.145  1004  1004 E audit   : type=1300 audit(1552096893.128:42788): arch=40000028 syscall=322 per=8 success=no exit=-13 a0=ffffff9c a1=c4addd27 a2=20000 a3=0 items=0 ppid=1027 pid=18188 auid=4294967295 uid=10572 gid=10572 euid=10572 suid=10572 fsuid=10572 egid=10572 sgid=10572 fsgid=10572 tty=(none) ses=4294967295 comm="Thread-2" exe="/system/bin/app_process32" subj=u:r:untrusted_app:s0:c512,c768 key=(null)
03-08 20:01:33.145  1004  1004 E audit   : type=1327 audit(1552096893.128:42788): proctitle="com.TeamNA.GiftGame"
03-08 20:01:33.246  1004  1004 E audit   : type=1400 audit(1552096893.228:42789): avc:  denied  { read } for  pid=18188 comm="Thread-2" name="stat" dev="proc" ino=4026532368 scontext=u:r:untrusted_app:s0:c512,c768 tcontext=u:object_r:proc_stat:s0 tclass=file permissive=0 SEPF_SM-G930V_8.0.0_0016 audit_filtered
03-08 20:01:33.246  1004  1004 E audit   : type=1300 audit(1552096893.228:42789): arch=40000028 syscall=322 per=8 success=no exit=-13 a0=ffffff9c a1=c4addd27 a2=20000 a3=0 items=0 ppid=1027 pid=18188 auid=4294967295 uid=10572 gid=10572 euid=10572 suid=10572 fsuid=10572 egid=10572 sgid=10572 fsgid=10572 tty=(none) ses=4294967295 comm="Thread-2" exe="/system/bin/app_process32" subj=u:r:untrusted_app:s0:c512,c768 key=(null)
03-08 20:01:33.248  1004  1004 E audit   : type=1327 audit(1552096893.228:42789): proctitle="com.TeamNA.GiftGame"
03-08 20:01:33.922  1004  1004 E audit   : type=1400 audit(1552096893.908:42795): avc:  denied  { read } for  pid=18188 comm="Thread-2" name="stat" dev="proc" ino=4026532368 scontext=u:r:untrusted_app:s0:c512,c768 tcontext=u:object_r:proc_stat:s0 tclass=file permissive=0 SEPF_SM-G930V_8.0.0_0016 audit_filtered
03-08 20:01:33.922  1004  1004 E audit   : type=1300 audit(1552096893.908:42795): arch=40000028 syscall=322 per=8 success=no exit=-13 a0=ffffff9c a1=c4addd27 a2=20000 a3=0 items=0 ppid=1027 pid=18188 auid=4294967295 uid=10572 gid=10572 euid=10572 suid=10572 fsuid=10572 egid=10572 sgid=10572 fsgid=10572 tty=(none) ses=4294967295 comm="Thread-2" exe="/system/bin/app_process32" subj=u:r:untrusted_app:s0:c512,c768 key=(null)
03-08 20:01:33.924  1004  1004 E audit   : type=1327 audit(1552096893.908:42795): proctitle="com.TeamNA.GiftGame"
03-08 20:01:34.027  1004  1004 E audit   : type=1400 audit(1552096894.018:42796): avc:  denied  { read } for  pid=18188 comm="Thread-2" name="stat" dev="proc" ino=4026532368 scontext=u:r:untrusted_app:s0:c512,c768 tcontext=u:object_r:proc_stat:s0 tclass=file permissive=0 SEPF_SM-G930V_8.0.0_0016 audit_filtered
03-08 20:01:34.027  1004  1004 E audit   : type=1300 audit(1552096894.018:42796): arch=40000028 syscall=322 per=8 success=no exit=-13 a0=ffffff9c a1=c4addd27 a2=20000 a3=0 items=0 ppid=1027 pid=18188 auid=4294967295 uid=10572 gid=10572 euid=10572 suid=10572 fsuid=10572 egid=10572 sgid=10572 fsgid=10572 tty=(none) ses=4294967295 comm="Thread-2" exe="/system/bin/app_process32" subj=u:r:untrusted_app:s0:c512,c768 key=(null)
03-08 20:01:34.027  1004  1004 E audit   : type=1327 audit(1552096894.018:42796): proctitle="com.TeamNA.GiftGame"
03-08 20:01:34.046  3136  3136 E adbd    : recv: OPEN 00001671 00000000 0010:73 68 65 6C 6C 2C 76 32 2C 72 61 77 3A 70 73 00 
03-08 20:01:34.046  3136  3136 E adbd    : service_to_fd: shell,v2,raw:ps
03-08 20:01:34.060 18424 18424 E propClient: PropClient failed to load
03-08 20:01:34.077 18424 18424 E propClient: PropClient failed to load
03-08 20:01:34.138  1004  1004 E audit   : type=1400 audit(1552096894.128:42797): avc:  denied  { read } for  pid=18188 comm="Thread-2" name="stat" dev="proc" ino=4026532368 scontext=u:r:untrusted_app:s0:c512,c768 tcontext=u:object_r:proc_stat:s0 tclass=file permissive=0 SEPF_SM-G930V_8.0.0_0016 audit_filtered
03-08 20:01:34.138  1004  1004 E audit   : type=1300 audit(1552096894.128:42797): arch=40000028 syscall=322 per=8 success=no exit=-13 a0=ffffff9c a1=c4addd27 a2=20000 a3=0 items=0 ppid=1027 pid=18188 auid=4294967295 uid=10572 gid=10572 euid=10572 suid=10572 fsuid=10572 egid=10572 sgid=10572 fsgid=10572 tty=(none) ses=4294967295 comm="Thread-2" exe="/system/bin/app_process32" subj=u:r:untrusted_app:s0:c512,c768 key=(null)
03-08 20:01:34.138  1004  1004 E audit   : type=1327 audit(1552096894.128:42797): proctitle="com.TeamNA.GiftGame"
03-08 20:01:34.242  1004  1004 E audit   : type=1400 audit(1552096894.228:42798): avc:  denied  { read } for  pid=18188 comm="Thread-2" name="stat" dev="proc" ino=4026532368 scontext=u:r:untrusted_app:s0:c512,c768 tcontext=u:object_r:proc_stat:s0 tclass=file permissive=0 SEPF_SM-G930V_8.0.0_0016 audit_filtered
03-08 20:01:34.242  1004  1004 E audit   : type=1300 audit(1552096894.228:42798): arch=40000028 syscall=322 per=8 success=no exit=-13 a0=ffffff9c a1=c4addd27 a2=20000 a3=0 items=0 ppid=1027 pid=18188 auid=4294967295 uid=10572 gid=10572 euid=10572 suid=10572 fsuid=10572 egid=10572 sgid=10572 fsgid=10572 tty=(none) ses=4294967295 comm="Thread-2" exe="/system/bin/app_process32" subj=u:r:untrusted_app:s0:c512,c768 key=(null)
03-08 20:01:34.242  1004  1004 E audit   : type=1327 audit(1552096894.228:42798): proctitle="com.TeamNA.GiftGame"
03-08 20:01:34.292  1865  3458 D BatteryService: !@BatteryListener : batteryPropertiesChanged!
03-08 20:01:34.293  1865  3458 D BatteryService: level:100, scale:100, status:5, health:2, present:true, voltage: 4260, temperature: 281, technology: Li-ion, AC powered:false, USB powered:true, POGO powered:false, Wireless powered:false, icon:17303851, invalid charger:0, maxChargingCurrent:0, maxChargingVoltage:0, chargeCounter:0
03-08 20:01:34.293  1865  3458 D BatteryService: online:6, current avg:43, charge type:1, power sharing:false, high voltage charger:false, capacity:280000, batterySWSelfDischarging:false, misc_event:0, current_event:0, current_now:-247
03-08 20:01:34.293  1865  1865 D BatteryService: Sending ACTION_BATTERY_CHANGED.
03-08 20:01:34.296  1865  1865 I MotionRecognitionService: Plugged
03-08 20:01:34.296  1865  1865 D MotionRecognitionService:   mCableConnection= 1
03-08 20:01:34.296  1865  1865 D MotionRecognitionService: setPowerConnected : mGripEnabled = false
03-08 20:01:34.296  1865  1865 D SamsungPhoneWindowManager: ACTION_BATTERY_CHANGED - Level :: 100, battStatus :: 5
03-08 20:01:34.301  3108  3108 D KeyguardUpdateMonitor: received broadcast android.intent.action.BATTERY_CHANGED
03-08 20:01:34.301  1865  2109 D UsbDeviceManager: handleMessage -> MSG_UPDATE_CHARGING_STATE = 1
03-08 20:01:34.303  3108  3108 D BatteryController: onReceive-ACTION_BATTERY_CHANGED : mLevel=100, mBatteryStatus=5
03-08 20:01:34.306  3404  3404 D PhoneApp: PhoneAppBroadcastReceiver onReceive android.intent.action.BATTERY_CHANGED
03-08 20:01:34.306  3404  3404 D TelephonyExtensionManager: lowBatterySound - isLowBatterySoundScheduled: false
03-08 20:01:34.306  3404  3404 D TelephonyExtensionManager: lowBatterySound - isPlayNow: false
03-08 20:01:34.306  3410  3873 D EPDG -- SIM0 [EpdgSubScription]: android.intent.action.BATTERY_CHANGED intent received.
03-08 20:01:34.307  3404  3404 D TelephonyExtensionManager: isSpeakerON - false
03-08 20:01:34.309  3108  3108 D PowerUI : priorPlugType = 2 mPlugType =  2
03-08 20:01:34.311 18188 18188 D UE4     : Battery: status = 5, rawlevel = 100, scale = 100
03-08 20:01:34.311 18188 18188 D UE4     : nativeBatteryEvent(stat = 5, lvl = 100  temp = 28.10 C)
03-08 20:01:34.313  3404  3404 D TelephonyExtensionManager: lowBatterySound - batteryStatus: 5
03-08 20:01:34.313  3404  3404 D TelephonyExtensionManager: lowBatterySound - batteryLevel: 100
03-08 20:01:34.313  3404  3404 D TelephonyExtensionManager: lowBatterySound - cancel
03-08 20:01:34.314  1865  3448 D SamsungAlarmManager: Cancel Alarm calling from uid:1001 pid :3404 / op:PendingIntent{8ac183d: PendingIntentRecord{978bb28 com.android.phone broadcastIntent}}
03-08 20:01:34.317  3404  3404 D TelephonyExtension: Not stopping low battery tone
03-08 20:01:34.349  1004  1004 E audit   : type=1400 audit(1552096894.338:42799): avc:  denied  { read } for  pid=18188 comm="Thread-2" name="stat" dev="proc" ino=4026532368 scontext=u:r:untrusted_app:s0:c512,c768 tcontext=u:object_r:proc_stat:s0 tclass=file permissive=0 SEPF_SM-G930V_8.0.0_0016 audit_filtered
03-08 20:01:34.349  1004  1004 E audit   : type=1300 audit(1552096894.338:42799): arch=40000028 syscall=322 per=8 success=no exit=-13 a0=ffffff9c a1=c4addd27 a2=20000 a3=0 items=0 ppid=1027 pid=18188 auid=4294967295 uid=10572 gid=10572 euid=10572 suid=10572 fsuid=10572 egid=10572 sgid=10572 fsgid=10572 tty=(none) ses=4294967295 comm="Thread-2" exe="/system/bin/app_process32" subj=u:r:untrusted_app:s0:c512,c768 key=(null)
03-08 20:01:34.349  1004  1004 E audit   : type=1327 audit(1552096894.338:42799): proctitle="com.TeamNA.GiftGame"
03-08 20:01:34.373  3108  3336 D NetworkController.MobileSignalController(0/1): onSignalStrengthsChanged signalStrength=SignalStrength: 99 99 -120 -160 -120 -1 -1 23 -95 -8 134 2147483647 0 2147483647 0x4000 P gsm|lte level=4
03-08 20:01:34.374  3108  3336 D NetworkController.MobileSignalController(0/1): getMobileIconGroup(): 13
03-08 20:01:34.374  1865  1865 D TelephonyManager: getCellLocation : Caller (PID / UID / TID): 1865 / 1000 / 1865
03-08 20:01:34.382  3108  3336 D NetworkController.MobileSignalController(0/1): updateVZWMobileIconGroup(): 13
03-08 20:01:34.390  3410  3873 D EPDG -- SIM0 [SMARTWIFI]: onSignalStrengthsChanged: Received signal strength change, phone type is: 2
03-08 20:01:34.390  3410  5492 D EPDG -- SIM0 [SMARTWIFI]: lastLteRSRP is -96currentLteRSRP is -95
03-08 20:01:34.391  3410  5492 D EPDG -- SIM0 [SMARTWIFI]: lastLteRSRQ is -8currentLteRSRQ is -8
03-08 20:01:34.392  3410  5492 D EPDG -- SIM0 [SMARTWIFI]: lastCdmaDb is -16currentCdmaDb is -16
03-08 20:01:34.393  1865  2072 D NetworkManagement: sendMdcCmd: rssi
03-08 20:01:34.395  3410  5492 V EPDG -- SIM0 [SMARTWIFI]: Radio oldest entry removed
03-08 20:01:34.395  3410  5492 V EPDG -- SIM0 [SMARTWIFI]: New entry : (SignalStrength: 99 99 -120 -160 -120 -1 -1 23 -95 -8 134 2147483647 0 2147483647 0x4000 P gsm|lte : 0 )
03-08 20:01:34.395  3410  5492 V EPDG -- SIM0 [SMARTWIFI]: Radio entry added
03-08 20:01:34.395  1144  1294 D CommandListener: Mdc Run command
03-08 20:01:34.404  3108  3336 D NetworkController.MobileSignalController(0/1): callState:0, callStateByPhone:false voLTECall:false voiceNetTpe:13 dataNetType:13, ine911:false, emergencyCallbackMode:false
03-08 20:01:35.011  1004  1004 E audit   : type=1400 audit(1552096894.998:42805): avc:  denied  { read } for  pid=18188 comm="Thread-2" name="stat" dev="proc" ino=4026532368 scontext=u:r:untrusted_app:s0:c512,c768 tcontext=u:object_r:proc_stat:s0 tclass=file permissive=0 SEPF_SM-G930V_8.0.0_0016 audit_filtered
03-08 20:01:35.011  1004  1004 E audit   : type=1300 audit(1552096894.998:42805): arch=40000028 syscall=322 per=8 success=no exit=-13 a0=ffffff9c a1=c4addd27 a2=20000 a3=0 items=0 ppid=1027 pid=18188 auid=4294967295 uid=10572 gid=10572 euid=10572 suid=10572 fsuid=10572 egid=10572 sgid=10572 fsgid=10572 tty=(none) ses=4294967295 comm="Thread-2" exe="/system/bin/app_process32" subj=u:r:untrusted_app:s0:c512,c768 key=(null)
03-08 20:01:35.011  1004  1004 E audit   : type=1327 audit(1552096894.998:42805): proctitle="com.TeamNA.GiftGame"
03-08 20:01:35.113  1004  1004 E audit   : type=1400 audit(1552096895.098:42806): avc:  denied  { read } for  pid=18188 comm="Thread-2" name="stat" dev="proc" ino=4026532368 scontext=u:r:untrusted_app:s0:c512,c768 tcontext=u:object_r:proc_stat:s0 tclass=file permissive=0 SEPF_SM-G930V_8.0.0_0016 audit_filtered
03-08 20:01:35.114  1004  1004 E audit   : type=1300 audit(1552096895.098:42806): arch=40000028 syscall=322 per=8 success=no exit=-13 a0=ffffff9c a1=c4addd27 a2=20000 a3=0 items=0 ppid=1027 pid=18188 auid=4294967295 uid=10572 gid=10572 euid=10572 suid=10572 fsuid=10572 egid=10572 sgid=10572 fsgid=10572 tty=(none) ses=4294967295 comm="Thread-2" exe="/system/bin/app_process32" subj=u:r:untrusted_app:s0:c512,c768 key=(null)
03-08 20:01:35.114  1004  1004 E audit   : type=1327 audit(1552096895.098:42806): proctitle="com.TeamNA.GiftGame"
03-08 20:01:35.229  1004  1004 E audit   : type=1400 audit(1552096895.218:42807): avc:  denied  { read } for  pid=18188 comm="Thread-2" name="stat" dev="proc" ino=4026532368 scontext=u:r:untrusted_app:s0:c512,c768 tcontext=u:object_r:proc_stat:s0 tclass=file permissive=0 SEPF_SM-G930V_8.0.0_0016 audit_filtered
03-08 20:01:35.229  1004  1004 E audit   : type=1300 audit(1552096895.218:42807): arch=40000028 syscall=322 per=8 success=no exit=-13 a0=ffffff9c a1=c4addd27 a2=20000 a3=0 items=0 ppid=1027 pid=18188 auid=4294967295 uid=10572 gid=10572 euid=10572 suid=10572 fsuid=10572 egid=10572 sgid=10572 fsgid=10572 tty=(none) ses=4294967295 comm="Thread-2" exe="/system/bin/app_process32" subj=u:r:untrusted_app:s0:c512,c768 key=(null)
03-08 20:01:35.229  1004  1004 E audit   : type=1327 audit(1552096895.218:42807): proctitle="com.TeamNA.GiftGame"
03-08 20:01:35.288  3522  3522 D io_stats: !@   8,0 r 6459141 238134064 w 2830433 57219236 d 226379 26336212 f 1101736 1103656 iot 5236080 3148166 th 51200 0 0 pt 0 inp 0 0 286837.341
03-08 20:01:35.330  1004  1004 E audit   : type=1400 audit(1552096895.318:42808): avc:  denied  { read } for  pid=18188 comm="Thread-2" name="stat" dev="proc" ino=4026532368 scontext=u:r:untrusted_app:s0:c512,c768 tcontext=u:object_r:proc_stat:s0 tclass=file permissive=0 SEPF_SM-G930V_8.0.0_0016 audit_filtered
03-08 20:01:35.330  1004  1004 E audit   : type=1300 audit(1552096895.318:42808): arch=40000028 syscall=322 per=8 success=no exit=-13 a0=ffffff9c a1=c4addd27 a2=20000 a3=0 items=0 ppid=1027 pid=18188 auid=4294967295 uid=10572 gid=10572 euid=10572 suid=10572 fsuid=10572 egid=10572 sgid=10572 fsgid=10572 tty=(none) ses=4294967295 comm="Thread-2" exe="/system/bin/app_process32" subj=u:r:untrusted_app:s0:c512,c768 key=(null)
03-08 20:01:35.330  1004  1004 E audit   : type=1327 audit(1552096895.318:42808): proctitle="com.TeamNA.GiftGame"
03-08 20:01:35.396  3136  3136 E adbd    : recv: OPEN 00001675 00000000 0010:73 68 65 6C 6C 2C 76 32 2C 72 61 77 3A 70 73 00 
03-08 20:01:35.396  3136  3136 E adbd    : service_to_fd: shell,v2,raw:ps
03-08 20:01:35.417 18431 18431 E propClient: PropClient failed to load
03-08 20:01:35.435 18431 18431 E propClient: PropClient failed to load
03-08 20:01:35.437  1004  1004 E audit   : type=1400 audit(1552096895.428:42809): avc:  denied  { read } for  pid=18188 comm="Thread-2" name="stat" dev="proc" ino=4026532368 scontext=u:r:untrusted_app:s0:c512,c768 tcontext=u:object_r:proc_stat:s0 tclass=file permissive=0 SEPF_SM-G930V_8.0.0_0016 audit_filtered
03-08 20:01:35.438  1004  1004 E audit   : type=1300 audit(1552096895.428:42809): arch=40000028 syscall=322 per=8 success=no exit=-13 a0=ffffff9c a1=c4addd27 a2=20000 a3=0 items=0 ppid=1027 pid=18188 auid=4294967295 uid=10572 gid=10572 euid=10572 suid=10572 fsuid=10572 egid=10572 sgid=10572 fsgid=10572 tty=(none) ses=4294967295 comm="Thread-2" exe="/system/bin/app_process32" subj=u:r:untrusted_app:s0:c512,c768 key=(null)
03-08 20:01:35.438  1004  1004 E audit   : type=1327 audit(1552096895.428:42809): proctitle="com.TeamNA.GiftGame"
03-08 20:01:35.793   737  3710 E ANDR-PERF-MPCTL: poll() has timed out for /sys/module/msm_performance/events/cpu_hotplug
03-08 20:01:35.793   737  3710 E ANDR-PERF-MPCTL: Block on poll()
03-08 20:01:36.098  1004  1004 E audit   : type=1400 audit(1552096896.088:42815): avc:  denied  { read } for  pid=18188 comm="Thread-2" name="stat" dev="proc" ino=4026532368 scontext=u:r:untrusted_app:s0:c512,c768 tcontext=u:object_r:proc_stat:s0 tclass=file permissive=0 SEPF_SM-G930V_8.0.0_0016 audit_filtered
03-08 20:01:36.098  1004  1004 E audit   : type=1300 audit(1552096896.088:42815): arch=40000028 syscall=322 per=8 success=no exit=-13 a0=ffffff9c a1=c4addd27 a2=20000 a3=0 items=0 ppid=1027 pid=18188 auid=4294967295 uid=10572 gid=10572 euid=10572 suid=10572 fsuid=10572 egid=10572 sgid=10572 fsgid=10572 tty=(none) ses=4294967295 comm="Thread-2" exe="/system/bin/app_process32" subj=u:r:untrusted_app:s0:c512,c768 key=(null)
03-08 20:01:36.098  1004  1004 E audit   : type=1327 audit(1552096896.088:42815): proctitle="com.TeamNA.GiftGame"
03-08 20:01:36.216  1004  1004 E audit   : type=1400 audit(1552096896.198:42816): avc:  denied  { read } for  pid=18188 comm="Thread-2" name="stat" dev="proc" ino=4026532368 scontext=u:r:untrusted_app:s0:c512,c768 tcontext=u:object_r:proc_stat:s0 tclass=file permissive=0 SEPF_SM-G930V_8.0.0_0016 audit_filtered
03-08 20:01:36.216  1004  1004 E audit   : type=1300 audit(1552096896.198:42816): arch=40000028 syscall=322 per=8 success=no exit=-13 a0=ffffff9c a1=c4addd27 a2=20000 a3=0 items=0 ppid=1027 pid=18188 auid=4294967295 uid=10572 gid=10572 euid=10572 suid=10572 fsuid=10572 egid=10572 sgid=10572 fsgid=10572 tty=(none) ses=4294967295 comm="Thread-2" exe="/system/bin/app_process32" subj=u:r:untrusted_app:s0:c512,c768 key=(null)
03-08 20:01:36.216  1004  1004 E audit   : type=1327 audit(1552096896.198:42816): proctitle="com.TeamNA.GiftGame"
03-08 20:01:36.316  1004  1004 E audit   : type=1400 audit(1552096896.298:42817): avc:  denied  { read } for  pid=18188 comm="Thread-2" name="stat" dev="proc" ino=4026532368 scontext=u:r:untrusted_app:s0:c512,c768 tcontext=u:object_r:proc_stat:s0 tclass=file permissive=0 SEPF_SM-G930V_8.0.0_0016 audit_filtered
03-08 20:01:36.316  1004  1004 E audit   : type=1300 audit(1552096896.298:42817): arch=40000028 syscall=322 per=8 success=no exit=-13 a0=ffffff9c a1=c4addd27 a2=20000 a3=0 items=0 ppid=1027 pid=18188 auid=4294967295 uid=10572 gid=10572 euid=10572 suid=10572 fsuid=10572 egid=10572 sgid=10572 fsgid=10572 tty=(none) ses=4294967295 comm="Thread-2" exe="/system/bin/app_process32" subj=u:r:untrusted_app:s0:c512,c768 key=(null)
03-08 20:01:36.316  1004  1004 E audit   : type=1327 audit(1552096896.298:42817): proctitle="com.TeamNA.GiftGame"
03-08 20:01:36.431  1004  1004 E audit   : type=1400 audit(1552096896.418:42818): avc:  denied  { read } for  pid=18188 comm="Thread-2" name="stat" dev="proc" ino=4026532368 scontext=u:r:untrusted_app:s0:c512,c768 tcontext=u:object_r:proc_stat:s0 tclass=file permissive=0 SEPF_SM-G930V_8.0.0_0016 audit_filtered
03-08 20:01:36.431  1004  1004 E audit   : type=1300 audit(1552096896.418:42818): arch=40000028 syscall=322 per=8 success=no exit=-13 a0=ffffff9c a1=c4addd27 a2=20000 a3=0 items=0 ppid=1027 pid=18188 auid=4294967295 uid=10572 gid=10572 euid=10572 suid=10572 fsuid=10572 egid=10572 sgid=10572 fsgid=10572 tty=(none) ses=4294967295 comm="Thread-2" exe="/system/bin/app_process32" subj=u:r:untrusted_app:s0:c512,c768 key=(null)
03-08 20:01:36.431  1004  1004 E audit   : type=1327 audit(1552096896.418:42818): proctitle="com.TeamNA.GiftGame"
03-08 20:01:36.532  1004  1004 E audit   : type=1400 audit(1552096896.518:42819): avc:  denied  { read } for  pid=18188 comm="Thread-2" name="stat" dev="proc" ino=4026532368 scontext=u:r:untrusted_app:s0:c512,c768 tcontext=u:object_r:proc_stat:s0 tclass=file permissive=0 SEPF_SM-G930V_8.0.0_0016 audit_filtered
03-08 20:01:36.532  1004  1004 E audit   : type=1300 audit(1552096896.518:42819): arch=40000028 syscall=322 per=8 success=no exit=-13 a0=ffffff9c a1=c4addd27 a2=20000 a3=0 items=0 ppid=1027 pid=18188 auid=4294967295 uid=10572 gid=10572 euid=10572 suid=10572 fsuid=10572 egid=10572 sgid=10572 fsgid=10572 tty=(none) ses=4294967295 comm="Thread-2" exe="/system/bin/app_process32" subj=u:r:untrusted_app:s0:c512,c768 key=(null)
03-08 20:01:36.532  1004  1004 E audit   : type=1327 audit(1552096896.518:42819): proctitle="com.TeamNA.GiftGame"
03-08 20:01:36.723  3136  3136 E adbd    : recv: OPEN 00001679 00000000 0010:73 68 65 6C 6C 2C 76 32 2C 72 61 77 3A 70 73 00 
03-08 20:01:36.724  3136  3136 E adbd    : service_to_fd: shell,v2,raw:ps
03-08 20:01:36.740 18434 18434 E propClient: PropClient failed to load
03-08 20:01:36.760 18434 18434 E propClient: PropClient failed to load
03-08 20:01:36.881  1865  2511 D InputReader: Input event(6): value=1 when=286838935017000
03-08 20:01:36.881  1865  2511 D InputReader: Input event(6): value=1 when=286838935017000
03-08 20:01:36.881  1865  2511 I InputReader: Touch event's action is 0x0 (deviceType=0) [pCnt=1, s=0.27111 ] when=286838935017000
03-08 20:01:36.882  1865  2510 I InputDispatcher: Delivering touch to (18188): action: 0x0, toolType: 1
03-08 20:01:36.883 18188 18218 V threaded_app: New input event: type=2
03-08 20:01:36.887 18188 18188 D ViewRootImpl@f1c9a4b[GameActivity]: ViewPostIme pointer 0
03-08 20:01:36.888 18188 18217 D UE4     : [2019.03.09-02.01.36:888][224]LogSlate: FSceneViewport::OnFocusLost() reason 0
03-08 20:01:36.890   726   726 D SEC LightsHAL: button : 1 +
03-08 20:01:36.904 18188 18218 V threaded_app: New input event: type=2
03-08 20:01:36.916   726   726 D SEC LightsHAL: button : 1 -
03-08 20:01:36.921 18188 18218 V threaded_app: New input event: type=2
03-08 20:01:36.969 18188 18218 I chatty  : uid=10572(u0_a572) identical 3 lines
03-08 20:01:36.986 18188 18218 V threaded_app: New input event: type=2
03-08 20:01:36.989  1865  2511 D InputReader: Input event(6): value=0 when=286839043418000
03-08 20:01:36.990  1865  2511 D InputReader: Input event(6): value=0 when=286839043418000
03-08 20:01:36.990  1865  2511 I InputReader: Touch event's action is 0x1 (deviceType=0) [pCnt=1, s=] when=286839043418000
03-08 20:01:36.990  1865  2510 I InputDispatcher: Delivering touch to (18188): action: 0x1, toolType: 1
03-08 20:01:36.992 18188 18218 V threaded_app: New input event: type=2
03-08 20:01:36.994 18188 18188 D ViewRootImpl@f1c9a4b[GameActivity]: ViewPostIme pointer 1
03-08 20:01:37.008 18188 18217 D UE4     : [2019.03.09-02.01.37:008][231]Closing by request
03-08 20:01:37.008 18188 18217 D UE4     : [2019.03.09-02.01.37:008][231]LogWindows: FAndroidMisc::RequestExit(0)
03-08 20:01:37.014 18188 18217 D UE4     : [2019.03.09-02.01.37:014][232]LogAndroid: Exiting
03-08 20:01:37.030 18188 18287 D UE4     : *** JavaEnvDestructor: 18287
03-08 20:01:37.030 18188 18217 D AudioTrack: stop() called with 357840 frames delivered
03-08 20:01:37.031 18188 18217 D         : PlayerBase::stop() from IPlayer
03-08 20:01:37.032 18188 18217 D UE4     : [2019.03.09-02.01.37:032][232]LogAndroidAudio: Warning: OpenSLES Tearing Down HW
03-08 20:01:37.052 18188 18217 D UE4     : [2019.03.09-02.01.37:052][232]LogSlate: Request Window 'GiftGame (32-bit Development GLSL_ES2) ' being destroyed
03-08 20:01:37.061 18188 18318 D UE4     : *** JavaEnvDestructor: 18318
03-08 20:01:37.063 18188 18317 D UE4     : AndroidEGL::ResetDisplay()
03-08 20:01:37.066 18188 18317 D UE4     : *** JavaEnvDestructor: 18317
03-08 20:01:37.071 18188 18217 D UE4     : [2019.03.09-02.01.37:071][232]LogSlate: Window 'GiftGame (32-bit Development GLSL_ES2) ' being destroyed
03-08 20:01:37.075 18188 18217 D UE4     : [2019.03.09-02.01.37:075][232]LogSlate: Slate User Destroyed.  User Index 0, Is Virtual User: 0
03-08 20:01:37.076 18188 18437 D UE4     : *** JavaEnvDestructor: 18437
03-08 20:01:37.078 18188 18436 D UE4     : AndroidEGL::ResetDisplay()
03-08 20:01:37.083 18188 18436 D UE4     : *** JavaEnvDestructor: 18436
03-08 20:01:37.090  1044  2094 I SoundAlive_Interface: [ -282568960 ][ 48000 ]FlushBuffers()
03-08 20:01:37.090  1044  2094 I SoundAlive_Core: [ -282568960 ][ 48000 ](interface-API)FlushBuffers()
03-08 20:01:37.090  1044  2094 D SoundAlive_Core: [ -282568960 ][ 48000 ](internal-API)ReOpen( ConfigMode : 1 )
03-08 20:01:37.090  1044  2094 I SoundAlive_Effect: [ -282568960 ][ 48000 ]Init() nch : 2  bitdepth : 0 
03-08 20:01:37.091  1044  2094 I SoundAlive_Effect: [ -282568960 ][ 48000 ]SamplingRateConfig() SamplingRate : 48000
03-08 20:01:37.091  1044  2094 I SoundAlive_Effect: [ -282568960 ][ 48000 ]OutDevConfig() OutDevConfig : 1
03-08 20:01:37.091  1044  2094 D SoundAlive_Core: [ -282568960 ][ 48000 ](internal-API)Set_Current_Effect_Configuration( ConfigMode : 1 )
03-08 20:01:37.091  1044  2094 I SoundAlive_Effect: [ -282568960 ][ 48000 ]Set_Preset() : 0
03-08 20:01:37.091  1044  2094 I SoundAlive_Effect: [ -282568960 ][ 48000 ]Set_User_BWE() 0
03-08 20:01:37.091  1044  2094 I SoundAlive_Effect: [ -282568960 ][ 48000 ]Set_User_CH() : 0
03-08 20:01:37.091  1044  2094 I SoundAlive_Effect: [ -282568960 ][ 48000 ]Set_SquareUI() : 4 , 4
03-08 20:01:37.091  1044  2094 I SoundAlive_Effect: [ -282568960 ][ 48000 ]Set_User_3D() : 0
03-08 20:01:37.091  1044  2094 I SoundAlive_Effect: [ -282568960 ][ 48000 ]Set_User_BE() : 0
03-08 20:01:37.105  1044  1354 V APM_AudioPolicyManager: stopOutput() output 29, stream 3, session 33457
03-08 20:01:37.106  1044  1354 V APM_AudioPolicyManager: setBeaconMute(1) mBeaconMuteRefCount=0 mBeaconPlayingRefCount=0
03-08 20:01:37.106  1044  1354 V APM_AudioPolicyManager: getNewOutputDevice() selected device 0
03-08 20:01:37.106  1044  1354 V APM_AudioPolicyManager: setOutputDevice() device 0000 delayMs 96
03-08 20:01:37.106  1044  1354 V APM_AudioPolicyManager: setOutputDevice() prevDevice 0x0002
03-08 20:01:37.106  1044  1354 V APM_AudioPolicyManager: setOutputDevice() setting same device 0x0000 or null device
03-08 20:01:37.106  1044  1354 V APM_AudioPolicyManager: selectOutputForMusicEffects selected output 13
03-08 20:01:37.106  1044  1354 V APM_AudioPolicyManager: releaseOutput() 29
03-08 20:01:37.113 18188 18217 D UE4     : AndroidEGL::ResetDisplay()
03-08 20:01:37.613 18188 18217 D UE4     : AndroidEGL::DestroySurface()
03-08 20:01:37.783  1865  2468 D SamsungAlarmManager: Expired : 8
03-08 20:01:37.783  1865  2468 V SamsungAlarmManager: Sending to uid : 10068 action=null alarm=Alarm{cd71832 type 3 when 1157599942 com.asurion.android.verizon.vms}
03-08 20:01:37.796 18188 18217 D UE4     : [2019.03.09-02.01.37:796][232]LogMoviePlayer: Shutting down movie player
03-08 20:01:37.799 18188 18233 D UE4     : *** JavaEnvDestructor: 18233
03-08 20:01:37.801 18188 18231 D UE4     : *** JavaEnvDestructor: 18231
03-08 20:01:37.801 18188 18229 D UE4     : *** JavaEnvDestructor: 18229
03-08 20:01:37.801 18188 18224 D UE4     : *** JavaEnvDestructor: 18224
03-08 20:01:37.801 18188 18227 D UE4     : *** JavaEnvDestructor: 18227
03-08 20:01:37.801 18188 18230 D UE4     : *** JavaEnvDestructor: 18230
03-08 20:01:37.802 18188 18228 D UE4     : *** JavaEnvDestructor: 18228
03-08 20:01:37.803  1865  5597 D SamsungAlarmManager: setExact Intent (T:3/F:5/AC:false) 20190308T200142 - CU:10068/CP:4132
03-08 20:01:37.803  1865  5597 I SamsungAlarmManager: setLocked to kernel - T:3 / 20190308T200142, SetElapsed=1157604959, nowELAPSED=1157599962
03-08 20:01:37.803 18188 18226 D UE4     : *** JavaEnvDestructor: 18226
03-08 20:01:37.804 18188 18232 D UE4     : *** JavaEnvDestructor: 18232
03-08 20:01:37.804 18188 18225 D UE4     : *** JavaEnvDestructor: 18225
03-08 20:01:37.807 18188 18217 D UE4     : [2019.03.09-02.01.37:807][232]LogAndroid: Exiting is over
03-08 20:01:37.807 18188 18217 D UE4     : [2019.03.09-02.01.37:807][232]LogWindows: FAndroidMisc::RequestExit(1)
03-08 20:01:37.810 18188 18217 I zygote  : System.exit called, status: 0
03-08 20:01:37.810 18188 18217 I AndroidRuntime: VM exiting with result code 0, cleanup skipped.
03-08 20:01:38.080  3136  3136 E adbd    : recv: OPEN 0000167d 00000000 0010:73 68 65 6C 6C 2C 76 32 2C 72 61 77 3A 70 73 00 
03-08 20:01:38.081  3136  3136 E adbd    : service_to_fd: shell,v2,raw:ps
03-08 20:01:38.082   773   773 I SurfaceFlinger: removeLayer is called from message
03-08 20:01:38.083  1865  1983 I WindowManager: WIN DEATH: Window{95ceabe u0 com.TeamNA.GiftGame/com.epicgames.ue4.GameActivity}
03-08 20:01:38.084   773   773 I SurfaceFlinger: id=7367 Removed SurfaceView - com.TeamNA.GiftGame/com.epicgames.ue4.GameActivity@4de7d41@0#0 (1/4)
03-08 20:01:38.084   773   773 I SurfaceFlinger: removeLayer is called from message
03-08 20:01:38.084   773   773 I SurfaceFlinger: id=7368 Removed Background for - SurfaceView - com.TeamNA.GiftGame/com.epicgames.ue4.GameActivity@4de7d41@0#0 (0/4)
03-08 20:01:38.088   773   773 I Layer   : id=7367 onRemoved SurfaceView - com.TeamNA.GiftGame/com.epicgames.ue4.GameActivity@4de7d41@0#0 
03-08 20:01:38.091  1865  1983 I WindowManager: Destroying surface Surface(name=com.TeamNA.GiftGame/com.epicgames.ue4.GameActivity) called by com.android.server.wm.WindowStateAnimator.destroySurface:2501 com.android.server.wm.WindowStateAnimator.destroySurfaceLocked:985 com.android.server.wm.WindowState.removeImmediately:2404 com.android.server.wm.WindowState.removeIfPossible:2612 com.android.server.wm.WindowState.-wrap1:0 com.android.server.wm.WindowState$DeathRecipient.binderDied:3151 android.os.BinderProxy.sendDeathNotice:841 <bottom of call stack> 
03-08 20:01:38.093  3090  3090 D InputEventReceiver: channel 'ClientState{a999396 uid 10572 pid 18188} (client)' ~ Disposing input event receiver.
03-08 20:01:38.094  3090  3090 D InputEventReceiver: channel 'ClientState{a999396 uid 10572 pid 18188} (client)' ~NativeInputEventReceiver.
03-08 20:01:38.100   773   773 I Layer   : id=7368 onRemoved Background for - SurfaceView - com.TeamNA.GiftGame/com.epicgames.ue4.GameActivity@4de7d41@0#0 
03-08 20:01:38.101   773  2529 I SurfaceFlinger: id=7366 Removed com.TeamNA.GiftGame/com.epicgames.ue4.GameActivity#1 (1/3)
03-08 20:01:38.104   773  2529 I SurfaceFlinger: id=7366 Removed com.TeamNA.GiftGame/com.epicgames.ue4.GameActivity#1 (-2/3)
03-08 20:01:38.105  1865  5589 D SensorService: Calling activate off
03-08 20:01:38.109   773   773 I SurfaceFlinger: Display 0 HWC layers:
03-08 20:01:38.109   773   773 I SurfaceFlinger:     type    |    handle    | flag |  format   |   source crop (l,t,r,b)    |         frame       | name 
03-08 20:01:38.109   773   773 I SurfaceFlinger: ------------+--------------+------+-----------+----------------------------+---------------------+------
03-08 20:01:38.109   773   773 I SurfaceFlinger:      Device | 0x71ad149d80 | 0000 | RGBA_8888 |   0.0    0.0 1080.0 1920.0 |    0    0 1080 1920 | com.TeamNA.GiftGame/com.epicgames.ue4.GameActivity#1
03-08 20:01:38.109   773   773 I SurfaceFlinger: 
03-08 20:01:38.116  1865  5589 D SensorService: Calling activate off
03-08 20:01:38.117  1865  5656 I ActivityManager: Process com.TeamNA.GiftGame (pid 18188) has died: fore TOP (373,1087)
03-08 20:01:38.118  1865  5656 W ActivityManager: Force removing ActivityRecord{d105d10 u0 com.TeamNA.GiftGame/com.epicgames.ue4.GameActivity t640}: app died, no saved state
