03-08 19:40:26.373  1004  1004 E audit   : type=1400 audit(1552095626.359:41644): avc:  denied  { read } for  pid=14836 comm="Thread-2" name="stat" dev="proc" ino=4026532368 scontext=u:r:untrusted_app:s0:c512,c768 tcontext=u:object_r:proc_stat:s0 tclass=file permissive=0 SEPF_SM-G930V_8.0.0_0016 audit_filtered
03-08 19:40:26.374  1004  1004 E audit   : type=1300 audit(1552095626.359:41644): arch=40000028 syscall=322 per=8 success=no exit=-13 a0=ffffff9c a1=c4b42d27 a2=20000 a3=0 items=0 ppid=1027 pid=14836 auid=4294967295 uid=10572 gid=10572 euid=10572 suid=10572 fsuid=10572 egid=10572 sgid=10572 fsgid=10572 tty=(none) ses=4294967295 comm="Thread-2" exe="/system/bin/app_process32" subj=u:r:untrusted_app:s0:c512,c768 key=(null)
03-08 19:40:26.374  1004  1004 E audit   : type=1327 audit(1552095626.359:41644): proctitle="com.TeamNA.GiftGame"
03-08 19:40:26.474  1004  1004 E audit   : type=1400 audit(1552095626.459:41645): avc:  denied  { read } for  pid=14836 comm="Thread-2" name="stat" dev="proc" ino=4026532368 scontext=u:r:untrusted_app:s0:c512,c768 tcontext=u:object_r:proc_stat:s0 tclass=file permissive=0 SEPF_SM-G930V_8.0.0_0016 audit_filtered
03-08 19:40:26.475  1004  1004 E audit   : type=1300 audit(1552095626.459:41645): arch=40000028 syscall=322 per=8 success=no exit=-13 a0=ffffff9c a1=c4b42d27 a2=20000 a3=0 items=0 ppid=1027 pid=14836 auid=4294967295 uid=10572 gid=10572 euid=10572 suid=10572 fsuid=10572 egid=10572 sgid=10572 fsgid=10572 tty=(none) ses=4294967295 comm="Thread-2" exe="/system/bin/app_process32" subj=u:r:untrusted_app:s0:c512,c768 key=(null)
03-08 19:40:26.475  1004  1004 E audit   : type=1327 audit(1552095626.459:41645): proctitle="com.TeamNA.GiftGame"
03-08 19:40:26.594  1004  1004 E audit   : type=1400 audit(1552095626.579:41646): avc:  denied  { read } for  pid=14836 comm="Thread-2" name="stat" dev="proc" ino=4026532368 scontext=u:r:untrusted_app:s0:c512,c768 tcontext=u:object_r:proc_stat:s0 tclass=file permissive=0 SEPF_SM-G930V_8.0.0_0016 audit_filtered
03-08 19:40:26.594  1004  1004 E audit   : type=1300 audit(1552095626.579:41646): arch=40000028 syscall=322 per=8 success=no exit=-13 a0=ffffff9c a1=c4b42d27 a2=20000 a3=0 items=0 ppid=1027 pid=14836 auid=4294967295 uid=10572 gid=10572 euid=10572 suid=10572 fsuid=10572 egid=10572 sgid=10572 fsgid=10572 tty=(none) ses=4294967295 comm="Thread-2" exe="/system/bin/app_process32" subj=u:r:untrusted_app:s0:c512,c768 key=(null)
03-08 19:40:26.595  1004  1004 E audit   : type=1327 audit(1552095626.579:41646): proctitle="com.TeamNA.GiftGame"
03-08 19:40:26.707  1004  1004 E audit   : type=1400 audit(1552095626.699:41647): avc:  denied  { read } for  pid=14836 comm="Thread-2" name="stat" dev="proc" ino=4026532368 scontext=u:r:untrusted_app:s0:c512,c768 tcontext=u:object_r:proc_stat:s0 tclass=file permissive=0 SEPF_SM-G930V_8.0.0_0016 audit_filtered
03-08 19:40:26.707  1004  1004 E audit   : type=1300 audit(1552095626.699:41647): arch=40000028 syscall=322 per=8 success=no exit=-13 a0=ffffff9c a1=c4b42d27 a2=20000 a3=0 items=0 ppid=1027 pid=14836 auid=4294967295 uid=10572 gid=10572 euid=10572 suid=10572 fsuid=10572 egid=10572 sgid=10572 fsgid=10572 tty=(none) ses=4294967295 comm="Thread-2" exe="/system/bin/app_process32" subj=u:r:untrusted_app:s0:c512,c768 key=(null)
03-08 19:40:26.707  1004  1004 E audit   : type=1327 audit(1552095626.699:41647): proctitle="com.TeamNA.GiftGame"
03-08 19:40:26.726   737  3710 E ANDR-PERF-MPCTL: poll() has timed out for /sys/module/msm_performance/events/cpu_hotplug
03-08 19:40:26.726   737  3710 E ANDR-PERF-MPCTL: Block on poll()
03-08 19:40:26.748  1044  2129 V APM_AudioPolicyManager: getAudioPolicyConfig: audioParam;outDevice
03-08 19:40:26.749  1044  2129 V APM_AudioPolicyManager: getNewOutputDevice() selected device 0
03-08 19:40:26.749  1044  2129 V APM_AudioPolicyManager: ### curdevice : 2
03-08 19:40:26.749 15041 15041 D SoundAlivePolicyManager: Actual path retrieved: 2
03-08 19:40:26.749 15041 15041 D SoundAlivePolicyManager: isAudioPathSpeaker() : true
03-08 19:40:26.749 15041 15041 D SoundAlivePolicyManager: actual AudioPath : SA_PATH_SPK
03-08 19:40:26.749 15041 15041 D SADVFSHelper: Audio route update attempt
03-08 19:40:26.750 15041 15041 D SADVFSHelper: Either heavy-duty effect is Off or Music playback is not active
03-08 19:40:26.880 14836 14836 V Vibrator: Called cancel() API - PUID: 10572, PackageName: com.TeamNA.GiftGame, token: android.os.Binder@1d1a2b
03-08 19:40:26.881  1865  3448 D VibratorService: cancel() : android.os.BinderProxy@e288c5d
03-08 19:40:26.881  1865  3448 D VibratorService: Turning vibrator off
03-08 19:40:26.881   741   741 D SecVibrator-HAL: writeNode node:/sys/class/timed_output/vibrator/enable val:0
03-08 19:40:27.091 14836 15129 D AudioTrack: stop() called with 39064 frames delivered
03-08 19:40:27.091 14836 15129 I AudioTrack: Skip ramp
03-08 19:40:27.093 14836 15129 D         : PlayerBase::stop() from IPlayer
03-08 19:40:27.101 14836 15002 D         : PlayerBase::stop() from IPlayer
03-08 19:40:27.190  1044  1354 V APM_AudioPolicyManager: stopOutput() output 29, stream 3, session 32897
03-08 19:40:27.190  1044  1354 V APM_AudioPolicyManager: setBeaconMute(1) mBeaconMuteRefCount=1 mBeaconPlayingRefCount=0
03-08 19:40:27.191  1044  1354 V APM_AudioPolicyManager: selectOutputForMusicEffects activeOnly 1 outputs[2] flags 0x00000104
03-08 19:40:27.191  1044  1354 V APM_AudioPolicyManager: selectOutputForMusicEffects selected output 13
03-08 19:40:27.191  1044  1354 V APM_AudioPolicyManager: releaseOutput() 29
03-08 19:40:27.202  3136  3136 E adbd    : recv: OPEN 00001396 00000000 0010:73 68 65 6C 6C 2C 76 32 2C 72 61 77 3A 70 73 00 
03-08 19:40:27.202  3136  3136 E adbd    : service_to_fd: shell,v2,raw:ps
03-08 19:40:27.216 15130 15130 E propClient: PropClient failed to load
03-08 19:40:27.234 15130 15130 E propClient: PropClient failed to load
03-08 19:40:27.329  1004  1004 E audit   : type=1400 audit(1552095627.319:41653): avc:  denied  { read } for  pid=14836 comm="Thread-2" name="stat" dev="proc" ino=4026532368 scontext=u:r:untrusted_app:s0:c512,c768 tcontext=u:object_r:proc_stat:s0 tclass=file permissive=0 SEPF_SM-G930V_8.0.0_0016 audit_filtered
03-08 19:40:27.331  1004  1004 E audit   : type=1300 audit(1552095627.319:41653): arch=40000028 syscall=322 per=8 success=no exit=-13 a0=ffffff9c a1=c4b42d27 a2=20000 a3=0 items=0 ppid=1027 pid=14836 auid=4294967295 uid=10572 gid=10572 euid=10572 suid=10572 fsuid=10572 egid=10572 sgid=10572 fsgid=10572 tty=(none) ses=4294967295 comm="Thread-2" exe="/system/bin/app_process32" subj=u:r:untrusted_app:s0:c512,c768 key=(null)
03-08 19:40:27.331  1004  1004 E audit   : type=1327 audit(1552095627.319:41653): proctitle="com.TeamNA.GiftGame"
03-08 19:40:27.389  1865  2511 D InputReader: Input event(6): value=1 when=285788532560000
03-08 19:40:27.389  1865  2511 D InputReader: Input event(6): value=1 when=285788532560000
03-08 19:40:27.389  1865  2511 I InputReader: Touch event's action is 0x0 (deviceType=0) [pCnt=1, s=0.26993 ] when=285788532560000
03-08 19:40:27.389  1865  2510 I InputDispatcher: Delivering touch to (14836): action: 0x0, toolType: 1
03-08 19:40:27.391 14836 14902 V threaded_app: New input event: type=2
03-08 19:40:27.394 14836 14836 D ViewRootImpl@f1c9a4b[GameActivity]: ViewPostIme pointer 0
03-08 19:40:27.435  1004  1004 E audit   : type=1400 audit(1552095627.419:41654): avc:  denied  { read } for  pid=14836 comm="Thread-2" name="stat" dev="proc" ino=4026532368 scontext=u:r:untrusted_app:s0:c512,c768 tcontext=u:object_r:proc_stat:s0 tclass=file permissive=0 SEPF_SM-G930V_8.0.0_0016 audit_filtered
03-08 19:40:27.435  1004  1004 E audit   : type=1300 audit(1552095627.419:41654): arch=40000028 syscall=322 per=8 success=no exit=-13 a0=ffffff9c a1=c4b42d27 a2=20000 a3=0 items=0 ppid=1027 pid=14836 auid=4294967295 uid=10572 gid=10572 euid=10572 suid=10572 fsuid=10572 egid=10572 sgid=10572 fsgid=10572 tty=(none) ses=4294967295 comm="Thread-2" exe="/system/bin/app_process32" subj=u:r:untrusted_app:s0:c512,c768 key=(null)
03-08 19:40:27.435  1004  1004 E audit   : type=1327 audit(1552095627.419:41654): proctitle="com.TeamNA.GiftGame"
03-08 19:40:27.480 14836 14902 V threaded_app: New input event: type=2
03-08 19:40:27.481  1865  2511 D InputReader: Input event(6): value=0 when=285788623800000
03-08 19:40:27.481  1865  2511 D InputReader: Input event(6): value=0 when=285788623800000
03-08 19:40:27.481  1865  2511 I InputReader: Touch event's action is 0x1 (deviceType=0) [pCnt=1, s=] when=285788623800000
03-08 19:40:27.482  1865  2510 I InputDispatcher: Delivering touch to (14836): action: 0x1, toolType: 1
03-08 19:40:27.485 14836 14902 V threaded_app: New input event: type=2
03-08 19:40:27.486 14836 14836 D ViewRootImpl@f1c9a4b[GameActivity]: ViewPostIme pointer 1
03-08 19:40:27.495 14836 14901 D UE4     : [2019.03.09-01.40.27:495][ 34]LogBlueprintUserMessages: [ShakeControl_2] 1
03-08 19:40:27.501 14836 15002 D         : PlayerBase::PlayerBase()
03-08 19:40:27.501 14836 15002 D         : TrackPlayerBase::TrackPlayerBase()
03-08 19:40:27.501 14836 15002 I libOpenSLES: Emulating old channel mask behavior (ignoring positional mask 0x3, using default mask 0x3 based on channel count of 2)
03-08 19:40:27.502  1044  2129 V APM_AudioPolicyManager: getOutputForAttr() usage=1, content=2, tag= flags=00000000 session 32905 selectedDeviceId 0
03-08 19:40:27.503  1044  2129 D APM::SoundKitchen: getDevice, uid = 10572, device = 0
03-08 19:40:27.503  1044  2129 V APM_AudioPolicyManager: getOutputForAttr() device 0x2, samplingRate 44100, format 1, channelMask 3, flags 104
03-08 19:40:27.503  1044  2129 V APM_AudioPolicyManager: selectOutput() commonFlags for output 13, 0000
03-08 19:40:27.503  1044  2129 V APM_AudioPolicyManager: selectOutput() commonFlags for output 21, 0001
03-08 19:40:27.503  1044  2129 V APM_AudioPolicyManager: selectOutput() commonFlags for output 29, 0002
03-08 19:40:27.503  1044  2129 V APM_AudioPolicyManager:   getOutputForDevice() returns output 29
03-08 19:40:27.504 14836 15002 W AudioTrack: AUDIO_OUTPUT_FLAG_FAST denied by client; transfer 1, track 44100 Hz, output 48000 Hz
03-08 19:40:27.504  1044  2129 I AudioFlinger: add dynamic flag, can move to deep thread, session 32905
03-08 19:40:27.506 14836 15002 D AudioTrack: Client defaulted notificationFrames to 590 for frameCount 1772
03-08 19:40:27.508 14836 15002 I AudioTrack: This process already got info. FadeIn[0] FadeOut[0] FadeInRing[0]
03-08 19:40:27.508  1044  2129 W AudioPolicyIntefaceImpl: Skipped to add effects on session 32905
03-08 19:40:27.508  1044  2129 V APM_AudioPolicyManager: startOutput() output 29, stream 3, session 32905
03-08 19:40:27.508  1044  2129 D APM::SoundKitchen: getDevice, uid = 10572, device = 0
03-08 19:40:27.508  1865  3448 D AudioPlaybackMonitor: Found a new active media playback. ID:18127 -- type:OpenSL ES AudioPlayer (Buffer Queue) -- u/pid:10572/14836 -- state:started -- attr:AudioAttributes: usage=1 content=0 flags=0x0 tags= bundle=null
03-08 19:40:27.508  1044  2129 D APM_AudioPolicyManager: newDevice=0
03-08 19:40:27.508  1044  2129 V APM_AudioPolicyManager: setBeaconMute(1) mBeaconMuteRefCount=2 mBeaconPlayingRefCount=0
03-08 19:40:27.508  1044  2129 V APM_AudioPolicyManager: selectOutputForMusicEffects activeOnly 1 outputs[2] flags 0x00000104
03-08 19:40:27.508  1044  2129 V APM_AudioPolicyManager: selectOutputForMusicEffects selected output 13
03-08 19:40:27.508  1044  2129 I AudioEffectStage: getStageIndex low_output_sub1_normal
03-08 19:40:27.508  1044  2129 I AudioFlinger: updateStageIndex prev 0, new -2902
03-08 19:40:27.508  1044  2129 I AudioEffectStage: getSinkBuffer low_output_sub1_normal
03-08 19:40:27.508  1865  3448 D MediaSessionStack: updateMediaButtonSessionIfNeeded, callers=com.android.server.media.MediaSessionService$1.onAudioPlaybackStarted:189 com.android.server.media.AudioPlaybackMonitor.dispatchPlaybackConfigChange:127 
03-08 19:40:27.530  1044  2094 I AudioMixer: create resampler src 44100, 2, dst 48000, 2, q 8
03-08 19:40:27.530  1044  2094 D SoundAliveResampler: [SoundAliveResampler] Init+++
03-08 19:40:27.548  1004  1004 E audit   : type=1400 audit(1552095627.539:41655): avc:  denied  { read } for  pid=14836 comm="Thread-2" name="stat" dev="proc" ino=4026532368 scontext=u:r:untrusted_app:s0:c512,c768 tcontext=u:object_r:proc_stat:s0 tclass=file permissive=0 SEPF_SM-G930V_8.0.0_0016 audit_filtered
03-08 19:40:27.548  1004  1004 E audit   : type=1300 audit(1552095627.539:41655): arch=40000028 syscall=322 per=8 success=no exit=-13 a0=ffffff9c a1=c4b42d27 a2=20000 a3=0 items=0 ppid=1027 pid=14836 auid=4294967295 uid=10572 gid=10572 euid=10572 suid=10572 fsuid=10572 egid=10572 sgid=10572 fsgid=10572 tty=(none) ses=4294967295 comm="Thread-2" exe="/system/bin/app_process32" subj=u:r:untrusted_app:s0:c512,c768 key=(null)
03-08 19:40:27.548  1004  1004 E audit   : type=1327 audit(1552095627.539:41655): proctitle="com.TeamNA.GiftGame"
03-08 19:40:27.625 14836 14836 V Vibrator: Called vibrate(long) API!
03-08 19:40:27.625 14836 14836 V Vibrator: vibrate(long, AudioAttributes) API - PUID: 10572, PackageName: com.TeamNA.GiftGame, ms: 10000, AudioAttr: null
03-08 19:40:27.625 14836 14836 V Vibrator: Called vibrate(int, String, VibrationEffect, AudioAttributes) API - PUID: 10572, PackageName: com.TeamNA.GiftGame
03-08 19:40:27.625 14836 14836 V Vibrator: semVibrate - PUID: 10572, PackageName: com.TeamNA.GiftGame, token: android.os.Binder@1d1a2b, effect: OneShot{mTiming=10000, mAmplitude=-1}, AudioAttr: null, Mag: -1, TYPE_EXTRA
03-08 19:40:27.626  1865  3448 V VibratorService: vibrateMagnitude - package: com.TeamNA.GiftGame, token: android.os.BinderProxy@e288c5d, effect: OneShot{mTiming=10000, mAmplitude=-1}, mag: 10000, TYPE_EXTRA
03-08 19:40:27.626  1865  3448 D VibratorService: Turning vibrator off
03-08 19:40:27.627   741   741 D SecVibrator-HAL: writeNode node:/sys/class/timed_output/vibrator/enable val:0
03-08 19:40:27.631  1865  3448 D VibratorService: vibratorOn() : 10000ms, amplitude :255, mag :10000, f : -1
03-08 19:40:27.632   741   741 D SecVibrator-HAL: writeNode node:/sys/class/timed_output/vibrator/intensity val:10000
03-08 19:40:27.633   741   741 D SecVibrator-HAL: writeNode node:/sys/class/timed_output/vibrator/enable val:10000
03-08 19:40:27.660  1004  1004 E audit   : type=1400 audit(1552095627.649:41656): avc:  denied  { read } for  pid=14836 comm="Thread-2" name="stat" dev="proc" ino=4026532368 scontext=u:r:untrusted_app:s0:c512,c768 tcontext=u:object_r:proc_stat:s0 tclass=file permissive=0 SEPF_SM-G930V_8.0.0_0016 audit_filtered
03-08 19:40:27.661  1004  1004 E audit   : type=1300 audit(1552095627.649:41656): arch=40000028 syscall=322 per=8 success=no exit=-13 a0=ffffff9c a1=c4b42d27 a2=20000 a3=0 items=0 ppid=1027 pid=14836 auid=4294967295 uid=10572 gid=10572 euid=10572 suid=10572 fsuid=10572 egid=10572 sgid=10572 fsgid=10572 tty=(none) ses=4294967295 comm="Thread-2" exe="/system/bin/app_process32" subj=u:r:untrusted_app:s0:c512,c768 key=(null)
03-08 19:40:27.661  1004  1004 E audit   : type=1327 audit(1552095627.649:41656): proctitle="com.TeamNA.GiftGame"
03-08 19:40:27.752 15041 15041 D SADVFSHelper: Either heavy-duty effect is Off or Music playback is not active
03-08 19:40:27.764  1004  1004 E audit   : type=1400 audit(1552095627.749:41657): avc:  denied  { read } for  pid=14836 comm="Thread-2" name="stat" dev="proc" ino=4026532368 scontext=u:r:untrusted_app:s0:c512,c768 tcontext=u:object_r:proc_stat:s0 tclass=file permissive=0 SEPF_SM-G930V_8.0.0_0016 audit_filtered
03-08 19:40:27.765  1004  1004 E audit   : type=1300 audit(1552095627.749:41657): arch=40000028 syscall=322 per=8 success=no exit=-13 a0=ffffff9c a1=c4b42d27 a2=20000 a3=0 items=0 ppid=1027 pid=14836 auid=4294967295 uid=10572 gid=10572 euid=10572 suid=10572 fsuid=10572 egid=10572 sgid=10572 fsgid=10572 tty=(none) ses=4294967295 comm="Thread-2" exe="/system/bin/app_process32" subj=u:r:untrusted_app:s0:c512,c768 key=(null)
03-08 19:40:27.765  1004  1004 E audit   : type=1327 audit(1552095627.749:41657): proctitle="com.TeamNA.GiftGame"
03-08 19:40:28.008  1865  3448 D BatteryService: !@BatteryListener : batteryPropertiesChanged!
03-08 19:40:28.009  1865  3448 D BatteryService: level:100, scale:100, status:5, health:2, present:true, voltage: 4230, temperature: 260, technology: Li-ion, AC powered:false, USB powered:true, POGO powered:false, Wireless powered:false, icon:17303851, invalid charger:0, maxChargingCurrent:0, maxChargingVoltage:0, chargeCounter:0
03-08 19:40:28.010  1865  3448 D BatteryService: online:6, current avg:-90, charge type:1, power sharing:false, high voltage charger:false, capacity:280000, batterySWSelfDischarging:false, misc_event:0, current_event:0, current_now:-271
03-08 19:40:28.010  1865  1865 D BatteryService: Sending ACTION_BATTERY_CHANGED.
03-08 19:40:28.016  3108  3108 D KeyguardUpdateMonitor: received broadcast android.intent.action.BATTERY_CHANGED
03-08 19:40:28.017 14836 14836 D UE4     : Battery: status = 5, rawlevel = 100, scale = 100
03-08 19:40:28.017 14836 14836 D UE4     : nativeBatteryEvent(stat = 5, lvl = 100  temp = 26.00 C)
03-08 19:40:28.017  1865  1865 I MotionRecognitionService: Plugged
03-08 19:40:28.017  1865  1865 D MotionRecognitionService:   mCableConnection= 1
03-08 19:40:28.017  1865  1865 D MotionRecognitionService: setPowerConnected : mGripEnabled = false
03-08 19:40:28.017  1865  1865 D SamsungPhoneWindowManager: ACTION_BATTERY_CHANGED - Level :: 100, battStatus :: 5
03-08 19:40:28.018  3108  3108 D BatteryController: onReceive-ACTION_BATTERY_CHANGED : mLevel=100, mBatteryStatus=5
03-08 19:40:28.018  3410  3873 D EPDG -- SIM0 [EpdgSubScription]: android.intent.action.BATTERY_CHANGED intent received.
03-08 19:40:28.018  1865  2109 D UsbDeviceManager: handleMessage -> MSG_UPDATE_CHARGING_STATE = 1
03-08 19:40:28.021  3404  3404 D PhoneApp: PhoneAppBroadcastReceiver onReceive android.intent.action.BATTERY_CHANGED
03-08 19:40:28.021  3404  3404 D TelephonyExtensionManager: lowBatterySound - isLowBatterySoundScheduled: false
03-08 19:40:28.022  3404  3404 D TelephonyExtensionManager: lowBatterySound - isPlayNow: false
03-08 19:40:28.025  3108  3108 D PowerUI : priorPlugType = 2 mPlugType =  2
03-08 19:40:28.023  3404  3404 D TelephonyExtensionManager: isSpeakerON - false
03-08 19:40:28.028  3404  3404 D TelephonyExtensionManager: lowBatterySound - batteryStatus: 5
03-08 19:40:28.028  3404  3404 D TelephonyExtensionManager: lowBatterySound - batteryLevel: 100
03-08 19:40:28.029  3404  3404 D TelephonyExtensionManager: lowBatterySound - cancel
03-08 19:40:28.031  1865  3448 D SamsungAlarmManager: Cancel Alarm calling from uid:1001 pid :3404 / op:PendingIntent{a2cb1a0: PendingIntentRecord{978bb28 com.android.phone broadcastIntent}}
03-08 19:40:28.032  3404  3404 D TelephonyExtension: Not stopping low battery tone
03-08 19:40:28.134 14836 14836 V Vibrator: Called cancel() API - PUID: 10572, PackageName: com.TeamNA.GiftGame, token: android.os.Binder@1d1a2b
03-08 19:40:28.139  1865  3448 D VibratorService: cancel() : android.os.BinderProxy@e288c5d
03-08 19:40:28.140  1865  3448 D VibratorService: Turning vibrator off
03-08 19:40:28.141   741   741 D SecVibrator-HAL: writeNode node:/sys/class/timed_output/vibrator/enable val:0
03-08 19:40:28.352 14836 15132 D AudioTrack: stop() called with 39065 frames delivered
03-08 19:40:28.352 14836 15132 I AudioTrack: Skip ramp
03-08 19:40:28.352 14836 15132 D         : PlayerBase::stop() from IPlayer
03-08 19:40:28.368 14836 15002 D         : PlayerBase::stop() from IPlayer
03-08 19:40:28.426  1004  1004 E audit   : type=1400 audit(1552095628.419:41663): avc:  denied  { read } for  pid=14836 comm="Thread-2" name="stat" dev="proc" ino=4026532368 scontext=u:r:untrusted_app:s0:c512,c768 tcontext=u:object_r:proc_stat:s0 tclass=file permissive=0 SEPF_SM-G930V_8.0.0_0016 audit_filtered
03-08 19:40:28.427  1004  1004 E audit   : type=1300 audit(1552095628.419:41663): arch=40000028 syscall=322 per=8 success=no exit=-13 a0=ffffff9c a1=c4b42d27 a2=20000 a3=0 items=0 ppid=1027 pid=14836 auid=4294967295 uid=10572 gid=10572 euid=10572 suid=10572 fsuid=10572 egid=10572 sgid=10572 fsgid=10572 tty=(none) ses=4294967295 comm="Thread-2" exe="/system/bin/app_process32" subj=u:r:untrusted_app:s0:c512,c768 key=(null)
03-08 19:40:28.427  1004  1004 E audit   : type=1327 audit(1552095628.419:41663): proctitle="com.TeamNA.GiftGame"
03-08 19:40:28.451  1044  1354 V APM_AudioPolicyManager: stopOutput() output 29, stream 3, session 32905
03-08 19:40:28.451  1044  1354 V APM_AudioPolicyManager: setBeaconMute(1) mBeaconMuteRefCount=1 mBeaconPlayingRefCount=0
03-08 19:40:28.451  1044  1354 V APM_AudioPolicyManager: selectOutputForMusicEffects activeOnly 1 outputs[2] flags 0x00000104
03-08 19:40:28.451  1044  1354 V APM_AudioPolicyManager: selectOutputForMusicEffects selected output 13
03-08 19:40:28.451  1044  1354 V APM_AudioPolicyManager: releaseOutput() 29
03-08 19:40:28.528  1004  1004 E audit   : type=1400 audit(1552095628.519:41664): avc:  denied  { read } for  pid=14836 comm="Thread-2" name="stat" dev="proc" ino=4026532368 scontext=u:r:untrusted_app:s0:c512,c768 tcontext=u:object_r:proc_stat:s0 tclass=file permissive=0 SEPF_SM-G930V_8.0.0_0016 audit_filtered
03-08 19:40:28.528  1004  1004 E audit   : type=1300 audit(1552095628.519:41664): arch=40000028 syscall=322 per=8 success=no exit=-13 a0=ffffff9c a1=c4b42d27 a2=20000 a3=0 items=0 ppid=1027 pid=14836 auid=4294967295 uid=10572 gid=10572 euid=10572 suid=10572 fsuid=10572 egid=10572 sgid=10572 fsgid=10572 tty=(none) ses=4294967295 comm="Thread-2" exe="/system/bin/app_process32" subj=u:r:untrusted_app:s0:c512,c768 key=(null)
03-08 19:40:28.528  1004  1004 E audit   : type=1327 audit(1552095628.519:41664): proctitle="com.TeamNA.GiftGame"
03-08 19:40:28.538  3136  3136 E adbd    : recv: OPEN 0000139a 00000000 0010:73 68 65 6C 6C 2C 76 32 2C 72 61 77 3A 70 73 00 
03-08 19:40:28.538  3136  3136 E adbd    : service_to_fd: shell,v2,raw:ps
03-08 19:40:28.540  1865  2511 D InputReader: Input event(6): value=1 when=285789683442000
03-08 19:40:28.540  1865  2511 D InputReader: Input event(6): value=1 when=285789683442000
03-08 19:40:28.540  1865  2511 I InputReader: Touch event's action is 0x0 (deviceType=0) [pCnt=1, s=0.26994 ] when=285789683442000
03-08 19:40:28.540  1865  2510 I InputDispatcher: Delivering touch to (14836): action: 0x0, toolType: 1
03-08 19:40:28.541 14836 14902 V threaded_app: New input event: type=2
03-08 19:40:28.542 14836 14836 D ViewRootImpl@f1c9a4b[GameActivity]: ViewPostIme pointer 0
03-08 19:40:28.552 15134 15134 E propClient: PropClient failed to load
03-08 19:40:28.567 15134 15134 E propClient: PropClient failed to load
03-08 19:40:28.623  1865  2511 D InputReader: Input event(6): value=0 when=285789766617000
03-08 19:40:28.623  1865  2511 D InputReader: Input event(6): value=0 when=285789766617000
03-08 19:40:28.623  1865  2511 I InputReader: Touch event's action is 0x1 (deviceType=0) [pCnt=1, s=] when=285789766617000
03-08 19:40:28.624 14836 14902 V threaded_app: New input event: type=2
03-08 19:40:28.623  1865  2510 I InputDispatcher: Delivering touch to (14836): action: 0x1, toolType: 1
03-08 19:40:28.625 14836 14902 V threaded_app: New input event: type=2
03-08 19:40:28.630 14836 14836 D ViewRootImpl@f1c9a4b[GameActivity]: ViewPostIme pointer 1
03-08 19:40:28.637  1004  1004 E audit   : type=1400 audit(1552095628.629:41665): avc:  denied  { read } for  pid=14836 comm="Thread-2" name="stat" dev="proc" ino=4026532368 scontext=u:r:untrusted_app:s0:c512,c768 tcontext=u:object_r:proc_stat:s0 tclass=file permissive=0 SEPF_SM-G930V_8.0.0_0016 audit_filtered
03-08 19:40:28.637  1004  1004 E audit   : type=1300 audit(1552095628.629:41665): arch=40000028 syscall=322 per=8 success=no exit=-13 a0=ffffff9c a1=c4b42d27 a2=20000 a3=0 items=0 ppid=1027 pid=14836 auid=4294967295 uid=10572 gid=10572 euid=10572 suid=10572 fsuid=10572 egid=10572 sgid=10572 fsgid=10572 tty=(none) ses=4294967295 comm="Thread-2" exe="/system/bin/app_process32" subj=u:r:untrusted_app:s0:c512,c768 key=(null)
03-08 19:40:28.637  1004  1004 E audit   : type=1327 audit(1552095628.629:41665): proctitle="com.TeamNA.GiftGame"
03-08 19:40:28.643 14836 14901 D UE4     : [2019.03.09-01.40.28:643][103]LogBlueprintUserMessages: [ShakeControl_2] 0
03-08 19:40:28.653 14836 15002 D         : PlayerBase::PlayerBase()
03-08 19:40:28.654 14836 15002 D         : TrackPlayerBase::TrackPlayerBase()
03-08 19:40:28.654 14836 15002 I libOpenSLES: Emulating old channel mask behavior (ignoring positional mask 0x3, using default mask 0x3 based on channel count of 2)
03-08 19:40:28.655  1044  2129 V APM_AudioPolicyManager: getOutputForAttr() usage=1, content=2, tag= flags=00000000 session 32913 selectedDeviceId 0
03-08 19:40:28.655  1044  2129 D APM::SoundKitchen: getDevice, uid = 10572, device = 0
03-08 19:40:28.655  1044  2129 V APM_AudioPolicyManager: getOutputForAttr() device 0x2, samplingRate 44100, format 1, channelMask 3, flags 104
03-08 19:40:28.655  1044  2129 V APM_AudioPolicyManager: selectOutput() commonFlags for output 13, 0000
03-08 19:40:28.655  1044  2129 V APM_AudioPolicyManager: selectOutput() commonFlags for output 21, 0001
03-08 19:40:28.655  1044  2129 V APM_AudioPolicyManager: selectOutput() commonFlags for output 29, 0002
03-08 19:40:28.655  1044  2129 V APM_AudioPolicyManager:   getOutputForDevice() returns output 29
03-08 19:40:28.656 14836 15002 W AudioTrack: AUDIO_OUTPUT_FLAG_FAST denied by client; transfer 1, track 44100 Hz, output 48000 Hz
03-08 19:40:28.656  1044  2129 I AudioFlinger: add dynamic flag, can move to deep thread, session 32913
03-08 19:40:28.657 14836 15002 D AudioTrack: Client defaulted notificationFrames to 590 for frameCount 1772
03-08 19:40:28.659 14836 15002 I AudioTrack: This process already got info. FadeIn[0] FadeOut[0] FadeInRing[0]
03-08 19:40:28.659  1044  5051 W AudioPolicyIntefaceImpl: Skipped to add effects on session 32913
03-08 19:40:28.659  1044  5051 V APM_AudioPolicyManager: startOutput() output 29, stream 3, session 32913
03-08 19:40:28.659  1044  5051 D APM::SoundKitchen: getDevice, uid = 10572, device = 0
03-08 19:40:28.659  1044  5051 D APM_AudioPolicyManager: newDevice=0
03-08 19:40:28.659  1044  5051 V APM_AudioPolicyManager: setBeaconMute(1) mBeaconMuteRefCount=2 mBeaconPlayingRefCount=0
03-08 19:40:28.659  1044  5051 V APM_AudioPolicyManager: selectOutputForMusicEffects activeOnly 1 outputs[2] flags 0x00000104
03-08 19:40:28.659  1044  5051 V APM_AudioPolicyManager: selectOutputForMusicEffects selected output 13
03-08 19:40:28.659  1865  3458 D AudioPlaybackMonitor: Found a new active media playback. ID:18135 -- type:OpenSL ES AudioPlayer (Buffer Queue) -- u/pid:10572/14836 -- state:started -- attr:AudioAttributes: usage=1 content=0 flags=0x0 tags= bundle=null
03-08 19:40:28.660  1044  5051 I AudioEffectStage: getStageIndex low_output_sub1_normal
03-08 19:40:28.660  1044  5051 I AudioFlinger: updateStageIndex prev 0, new -2902
03-08 19:40:28.660  1044  5051 I AudioEffectStage: getSinkBuffer low_output_sub1_normal
03-08 19:40:28.660  1865  3458 D MediaSessionStack: updateMediaButtonSessionIfNeeded, callers=com.android.server.media.MediaSessionService$1.onAudioPlaybackStarted:189 com.android.server.media.AudioPlaybackMonitor.dispatchPlaybackConfigChange:127 
03-08 19:40:28.690  1044  2094 I AudioMixer: create resampler src 44100, 2, dst 48000, 2, q 8
03-08 19:40:28.690  1044  2094 D SoundAliveResampler: [SoundAliveResampler] Init+++
03-08 19:40:28.740  1004  1004 E audit   : type=1400 audit(1552095628.729:41666): avc:  denied  { read } for  pid=14836 comm="Thread-2" name="stat" dev="proc" ino=4026532368 scontext=u:r:untrusted_app:s0:c512,c768 tcontext=u:object_r:proc_stat:s0 tclass=file permissive=0 SEPF_SM-G930V_8.0.0_0016 audit_filtered
03-08 19:40:28.740  1004  1004 E audit   : type=1300 audit(1552095628.729:41666): arch=40000028 syscall=322 per=8 success=no exit=-13 a0=ffffff9c a1=c4b42d27 a2=20000 a3=0 items=0 ppid=1027 pid=14836 auid=4294967295 uid=10572 gid=10572 euid=10572 suid=10572 fsuid=10572 egid=10572 sgid=10572 fsgid=10572 tty=(none) ses=4294967295 comm="Thread-2" exe="/system/bin/app_process32" subj=u:r:untrusted_app:s0:c512,c768 key=(null)
03-08 19:40:28.740  1004  1004 E audit   : type=1327 audit(1552095628.729:41666): proctitle="com.TeamNA.GiftGame"
03-08 19:40:28.754 15041 15041 D SADVFSHelper: Either heavy-duty effect is Off or Music playback is not active
03-08 19:40:28.757 14836 14836 V Vibrator: Called vibrate(long) API!
03-08 19:40:28.758 14836 14836 V Vibrator: vibrate(long, AudioAttributes) API - PUID: 10572, PackageName: com.TeamNA.GiftGame, ms: 10000, AudioAttr: null
03-08 19:40:28.758 14836 14836 V Vibrator: Called vibrate(int, String, VibrationEffect, AudioAttributes) API - PUID: 10572, PackageName: com.TeamNA.GiftGame
03-08 19:40:28.758 14836 14836 V Vibrator: semVibrate - PUID: 10572, PackageName: com.TeamNA.GiftGame, token: android.os.Binder@1d1a2b, effect: OneShot{mTiming=10000, mAmplitude=-1}, AudioAttr: null, Mag: -1, TYPE_EXTRA
03-08 19:40:28.759  1865  3458 V VibratorService: vibrateMagnitude - package: com.TeamNA.GiftGame, token: android.os.BinderProxy@e288c5d, effect: OneShot{mTiming=10000, mAmplitude=-1}, mag: 10000, TYPE_EXTRA
03-08 19:40:28.760  1865  3458 D VibratorService: Turning vibrator off
03-08 19:40:28.760   741   741 D SecVibrator-HAL: writeNode node:/sys/class/timed_output/vibrator/enable val:0
03-08 19:40:28.760  1865  3458 D VibratorService: vibratorOn() : 10000ms, amplitude :255, mag :10000, f : -1
03-08 19:40:28.761   741   741 D SecVibrator-HAL: writeNode node:/sys/class/timed_output/vibrator/intensity val:10000
03-08 19:40:28.761   741   741 D SecVibrator-HAL: writeNode node:/sys/class/timed_output/vibrator/enable val:10000
03-08 19:40:28.817  1865  2468 D SamsungAlarmManager: Expired : 8
03-08 19:40:28.817  1865  2468 I SamsungAlarmManager: setLocked to kernel - T:3 / 20190308T194100, SetElapsed=1156362159, nowELAPSED=1156330976
03-08 19:40:28.817  1865  2468 V SamsungAlarmManager: Sending to uid : 10068 action=null alarm=Alarm{4e69159 type 3 when 1156330976 com.asurion.android.verizon.vms}
03-08 19:40:28.839  1865  3458 D SamsungAlarmManager: setExact Intent (T:3/F:5/AC:false) 20190308T194033 - CU:10068/CP:4132
03-08 19:40:28.839  1865  3458 I SamsungAlarmManager: setLocked to kernel - T:3 / 20190308T194033, SetElapsed=1156335995, nowELAPSED=1156330998
03-08 19:40:28.851  1004  1004 E audit   : type=1400 audit(1552095628.839:41667): avc:  denied  { read } for  pid=14836 comm="Thread-2" name="stat" dev="proc" ino=4026532368 scontext=u:r:untrusted_app:s0:c512,c768 tcontext=u:object_r:proc_stat:s0 tclass=file permissive=0 SEPF_SM-G930V_8.0.0_0016 audit_filtered
03-08 19:40:28.852  1004  1004 E audit   : type=1300 audit(1552095628.839:41667): arch=40000028 syscall=322 per=8 success=no exit=-13 a0=ffffff9c a1=c4b42d27 a2=20000 a3=0 items=0 ppid=1027 pid=14836 auid=4294967295 uid=10572 gid=10572 euid=10572 suid=10572 fsuid=10572 egid=10572 sgid=10572 fsgid=10572 tty=(none) ses=4294967295 comm="Thread-2" exe="/system/bin/app_process32" subj=u:r:untrusted_app:s0:c512,c768 key=(null)
03-08 19:40:28.852  1004  1004 E audit   : type=1327 audit(1552095628.839:41667): proctitle="com.TeamNA.GiftGame"
03-08 19:40:29.061  1865  9170 D SSRM:g  : SIOP:: AP = 400, PST = 370 (W:6), BAT = 260, CHG = 309
03-08 19:40:29.083  1044  5051 V APM_AudioPolicyManager: getAudioPolicyConfig: audioParam;outDevice
03-08 19:40:29.083  1044  5051 V APM_AudioPolicyManager: getNewOutputDevice() selected device 0
03-08 19:40:29.084  1044  5051 V APM_AudioPolicyManager: ### curdevice : 2
03-08 19:40:29.084  1044  5051 V APM_AudioPolicyManager: getAudioPolicyConfig: audioParam;outDevice
03-08 19:40:29.084  1044  5051 V APM_AudioPolicyManager: getNewOutputDevice() selected device 0
03-08 19:40:29.084  1044  5051 V APM_AudioPolicyManager: ### curdevice : 2
03-08 19:40:29.085  1044  5051 V APM_AudioPolicyManager: getAudioPolicyConfig: audioParam;outDevice
03-08 19:40:29.086  1044  5051 V APM_AudioPolicyManager: getNewOutputDevice() selected device 0
03-08 19:40:29.086  1044  5051 V APM_AudioPolicyManager: ### curdevice : 2
03-08 19:40:29.097  1044  5051 V APM_AudioPolicyManager: getAudioPolicyConfig: audioParam;activeStream
03-08 19:40:29.098  1044  5051 V APM_AudioPolicyManager: ### active stream : 8
03-08 19:40:29.098  1865  9170 D AudioService: active stream is 0x8
03-08 19:40:29.107  1044  5051 V APM_AudioPolicyManager: getAudioPolicyConfig: audioParam;activeStream
03-08 19:40:29.108  1044  5051 V APM_AudioPolicyManager: ### active stream : 8
03-08 19:40:29.108  1865  9170 D AudioService: active stream is 0x8
03-08 19:40:29.108  1865  9170 D AudioService: GetAppDevice, uid=1000
03-08 19:40:29.108  1865  9170 D AudioService: getStreamVolume 3 index 90
03-08 19:40:29.282 14836 14836 V Vibrator: Called cancel() API - PUID: 10572, PackageName: com.TeamNA.GiftGame, token: android.os.Binder@1d1a2b
03-08 19:40:29.286  1865  3448 D VibratorService: cancel() : android.os.BinderProxy@e288c5d
03-08 19:40:29.286  1865  3448 D VibratorService: Turning vibrator off
03-08 19:40:29.287   741   741 D SecVibrator-HAL: writeNode node:/sys/class/timed_output/vibrator/enable val:0
03-08 19:40:29.368  3522  3522 D io_stats: !@   8,0 r 6417579 236591248 w 2821235 56746204 d 225249 26000028 f 1099469 1101390 iot 5213800 3133327 th 51200 0 0 pt 0 inp 0 0 285790.511
03-08 19:40:29.511 14836 15136 D AudioTrack: stop() called with 39064 frames delivered
03-08 19:40:29.512 14836 15136 I AudioTrack: Skip ramp
03-08 19:40:29.512 14836 15136 D         : PlayerBase::stop() from IPlayer
03-08 19:40:29.517  1004  1004 E audit   : type=1400 audit(1552095629.499:41673): avc:  denied  { read } for  pid=14836 comm="Thread-2" name="stat" dev="proc" ino=4026532368 scontext=u:r:untrusted_app:s0:c512,c768 tcontext=u:object_r:proc_stat:s0 tclass=file permissive=0 SEPF_SM-G930V_8.0.0_0016 audit_filtered
03-08 19:40:29.517  1004  1004 E audit   : type=1300 audit(1552095629.499:41673): arch=40000028 syscall=322 per=8 success=no exit=-13 a0=ffffff9c a1=c4b42d27 a2=20000 a3=0 items=0 ppid=1027 pid=14836 auid=4294967295 uid=10572 gid=10572 euid=10572 suid=10572 fsuid=10572 egid=10572 sgid=10572 fsgid=10572 tty=(none) ses=4294967295 comm="Thread-2" exe="/system/bin/app_process32" subj=u:r:untrusted_app:s0:c512,c768 key=(null)
03-08 19:40:29.517  1004  1004 E audit   : type=1327 audit(1552095629.499:41673): proctitle="com.TeamNA.GiftGame"
03-08 19:40:29.520 14836 15002 D         : PlayerBase::stop() from IPlayer
03-08 19:40:29.611  1044  1354 V APM_AudioPolicyManager: stopOutput() output 29, stream 3, session 32913
03-08 19:40:29.611  1044  1354 V APM_AudioPolicyManager: setBeaconMute(1) mBeaconMuteRefCount=1 mBeaconPlayingRefCount=0
03-08 19:40:29.611  1044  1354 V APM_AudioPolicyManager: selectOutputForMusicEffects activeOnly 1 outputs[2] flags 0x00000104
03-08 19:40:29.611  1044  1354 V APM_AudioPolicyManager: selectOutputForMusicEffects selected output 13
03-08 19:40:29.612  1044  1354 V APM_AudioPolicyManager: releaseOutput() 29
03-08 19:40:29.619  1004  1004 E audit   : type=1400 audit(1552095629.609:41674): avc:  denied  { read } for  pid=14836 comm="Thread-2" name="stat" dev="proc" ino=4026532368 scontext=u:r:untrusted_app:s0:c512,c768 tcontext=u:object_r:proc_stat:s0 tclass=file permissive=0 SEPF_SM-G930V_8.0.0_0016 audit_filtered
03-08 19:40:29.619  1004  1004 E audit   : type=1300 audit(1552095629.609:41674): arch=40000028 syscall=322 per=8 success=no exit=-13 a0=ffffff9c a1=c4b42d27 a2=20000 a3=0 items=0 ppid=1027 pid=14836 auid=4294967295 uid=10572 gid=10572 euid=10572 suid=10572 fsuid=10572 egid=10572 sgid=10572 fsgid=10572 tty=(none) ses=4294967295 comm="Thread-2" exe="/system/bin/app_process32" subj=u:r:untrusted_app:s0:c512,c768 key=(null)
03-08 19:40:29.619  1004  1004 E audit   : type=1327 audit(1552095629.609:41674): proctitle="com.TeamNA.GiftGame"
03-08 19:40:29.702  1865  2511 D InputReader: Input event(6): value=1 when=285790845312000
03-08 19:40:29.702  1865  2511 D InputReader: Input event(6): value=1 when=285790845312000
03-08 19:40:29.702  1865  2511 I InputReader: Touch event's action is 0x0 (deviceType=0) [pCnt=1, s=0.26995 ] when=285790845312000
03-08 19:40:29.702  1865  2510 I InputDispatcher: Delivering touch to (14836): action: 0x0, toolType: 1
03-08 19:40:29.704 14836 14902 V threaded_app: New input event: type=2
03-08 19:40:29.708 14836 14836 D ViewRootImpl@f1c9a4b[GameActivity]: ViewPostIme pointer 0
03-08 19:40:29.726   737  3710 E ANDR-PERF-MPCTL: poll() has timed out for /sys/module/msm_performance/events/cpu_hotplug
03-08 19:40:29.726   737  3710 E ANDR-PERF-MPCTL: Block on poll()
03-08 19:40:29.732  1004  1004 E audit   : type=1400 audit(1552095629.719:41675): avc:  denied  { read } for  pid=14836 comm="Thread-2" name="stat" dev="proc" ino=4026532368 scontext=u:r:untrusted_app:s0:c512,c768 tcontext=u:object_r:proc_stat:s0 tclass=file permissive=0 SEPF_SM-G930V_8.0.0_0016 audit_filtered
03-08 19:40:29.732  1004  1004 E audit   : type=1300 audit(1552095629.719:41675): arch=40000028 syscall=322 per=8 success=no exit=-13 a0=ffffff9c a1=c4b42d27 a2=20000 a3=0 items=0 ppid=1027 pid=14836 auid=4294967295 uid=10572 gid=10572 euid=10572 suid=10572 fsuid=10572 egid=10572 sgid=10572 fsgid=10572 tty=(none) ses=4294967295 comm="Thread-2" exe="/system/bin/app_process32" subj=u:r:untrusted_app:s0:c512,c768 key=(null)
03-08 19:40:29.734  1004  1004 E audit   : type=1327 audit(1552095629.719:41675): proctitle="com.TeamNA.GiftGame"
03-08 19:40:29.737  1865  1865 D TelephonyManager: getCellLocation : Caller (PID / UID / TID): 1865 / 1000 / 1865
03-08 19:40:29.738  3108  3336 D NetworkController.MobileSignalController(0/1): onSignalStrengthsChanged signalStrength=SignalStrength: 99 99 -120 -160 -120 -1 -1 23 -94 -10 100 2147483647 0 2147483647 0x4000 P gsm|lte level=4
03-08 19:40:29.738  3108  3336 D NetworkController.MobileSignalController(0/1): getMobileIconGroup(): 13
03-08 19:40:29.738  3108  3336 D NetworkController.MobileSignalController(0/1): updateVZWMobileIconGroup(): 13
03-08 19:40:29.747  3410  3873 D EPDG -- SIM0 [SMARTWIFI]: onSignalStrengthsChanged: Received signal strength change, phone type is: 2
03-08 19:40:29.748  3410  5492 D EPDG -- SIM0 [SMARTWIFI]: lastLteRSRP is -94currentLteRSRP is -94
03-08 19:40:29.748  3410  5492 D EPDG -- SIM0 [SMARTWIFI]: lastLteRSRQ is -10currentLteRSRQ is -10
03-08 19:40:29.748  3410  5492 D EPDG -- SIM0 [SMARTWIFI]: lastCdmaDb is -16currentCdmaDb is -16
03-08 19:40:29.748  3410  5492 V EPDG -- SIM0 [SMARTWIFI]: Radio oldest entry removed
03-08 19:40:29.748  3410  5492 V EPDG -- SIM0 [SMARTWIFI]: New entry : (SignalStrength: 99 99 -120 -160 -120 -1 -1 23 -94 -10 100 2147483647 0 2147483647 0x4000 P gsm|lte : 0 )
03-08 19:40:29.748  3410  5492 V EPDG -- SIM0 [SMARTWIFI]: Radio entry added
03-08 19:40:29.751  3108  3336 D NetworkController.MobileSignalController(0/1): callState:0, callStateByPhone:false voLTECall:false voiceNetTpe:13 dataNetType:13, ine911:false, emergencyCallbackMode:false
03-08 19:40:29.801  1865  2511 D InputReader: Input event(6): value=0 when=285790945033000
03-08 19:40:29.801  1865  2511 D InputReader: Input event(6): value=0 when=285790945033000
03-08 19:40:29.802  1865  2511 I InputReader: Touch event's action is 0x1 (deviceType=0) [pCnt=1, s=] when=285790945033000
03-08 19:40:29.802  1865  2510 I InputDispatcher: Delivering touch to (14836): action: 0x1, toolType: 1
03-08 19:40:29.805 14836 14902 V threaded_app: New input event: type=2
03-08 19:40:29.808 14836 14902 V threaded_app: New input event: type=2
03-08 19:40:29.810 14836 14836 D ViewRootImpl@f1c9a4b[GameActivity]: ViewPostIme pointer 1
03-08 19:40:29.819 14836 14901 D UE4     : [2019.03.09-01.40.29:819][174]LogBlueprintUserMessages: [ShakeControl_2] 1
03-08 19:40:29.824 14836 15002 D         : PlayerBase::PlayerBase()
03-08 19:40:29.825 14836 15002 D         : TrackPlayerBase::TrackPlayerBase()
03-08 19:40:29.825 14836 15002 I libOpenSLES: Emulating old channel mask behavior (ignoring positional mask 0x3, using default mask 0x3 based on channel count of 2)
03-08 19:40:29.829  1044  5051 V APM_AudioPolicyManager: getOutputForAttr() usage=1, content=2, tag= flags=00000000 session 32921 selectedDeviceId 0
03-08 19:40:29.829  1044  5051 D APM::SoundKitchen: getDevice, uid = 10572, device = 0
03-08 19:40:29.829  1044  5051 V APM_AudioPolicyManager: getOutputForAttr() device 0x2, samplingRate 44100, format 1, channelMask 3, flags 104
03-08 19:40:29.829  1044  5051 V APM_AudioPolicyManager: selectOutput() commonFlags for output 13, 0000
03-08 19:40:29.829  1044  5051 V APM_AudioPolicyManager: selectOutput() commonFlags for output 21, 0001
03-08 19:40:29.829  1044  5051 V APM_AudioPolicyManager: selectOutput() commonFlags for output 29, 0002
03-08 19:40:29.829  1044  5051 V APM_AudioPolicyManager:   getOutputForDevice() returns output 29
03-08 19:40:29.829 14836 15002 W AudioTrack: AUDIO_OUTPUT_FLAG_FAST denied by client; transfer 1, track 44100 Hz, output 48000 Hz
03-08 19:40:29.829  1044  5051 I AudioFlinger: add dynamic flag, can move to deep thread, session 32921
03-08 19:40:29.832 14836 15002 D AudioTrack: Client defaulted notificationFrames to 590 for frameCount 1772
03-08 19:40:29.836  1865  3448 D AudioPlaybackMonitor: Found a new active media playback. ID:18143 -- type:OpenSL ES AudioPlayer (Buffer Queue) -- u/pid:10572/14836 -- state:started -- attr:AudioAttributes: usage=1 content=0 flags=0x0 tags= bundle=null
03-08 19:40:29.836  1865  3448 D MediaSessionStack: updateMediaButtonSessionIfNeeded, callers=com.android.server.media.MediaSessionService$1.onAudioPlaybackStarted:189 com.android.server.media.AudioPlaybackMonitor.dispatchPlaybackConfigChange:127 
03-08 19:40:29.837 14836 15002 I AudioTrack: This process already got info. FadeIn[0] FadeOut[0] FadeInRing[0]
03-08 19:40:29.838  1044 31224 W AudioPolicyIntefaceImpl: Skipped to add effects on session 32921
03-08 19:40:29.838  1044 31224 V APM_AudioPolicyManager: startOutput() output 29, stream 3, session 32921
03-08 19:40:29.838  1044 31224 D APM::SoundKitchen: getDevice, uid = 10572, device = 0
03-08 19:40:29.838  1044 31224 D APM_AudioPolicyManager: newDevice=0
03-08 19:40:29.839  1044 31224 V APM_AudioPolicyManager: setBeaconMute(1) mBeaconMuteRefCount=2 mBeaconPlayingRefCount=0
03-08 19:40:29.839  1044 31224 V APM_AudioPolicyManager: selectOutputForMusicEffects activeOnly 1 outputs[2] flags 0x00000104
03-08 19:40:29.839  1044 31224 V APM_AudioPolicyManager: selectOutputForMusicEffects selected output 13
03-08 19:40:29.839  1044 31224 I AudioEffectStage: getStageIndex low_output_sub1_normal
03-08 19:40:29.839  1044 31224 I AudioFlinger: updateStageIndex prev 0, new -2902
03-08 19:40:29.839  1044 31224 I AudioEffectStage: getSinkBuffer low_output_sub1_normal
03-08 19:40:29.844  1004  1004 E audit   : type=1400 audit(1552095629.829:41676): avc:  denied  { read } for  pid=14836 comm="Thread-2" name="stat" dev="proc" ino=4026532368 scontext=u:r:untrusted_app:s0:c512,c768 tcontext=u:object_r:proc_stat:s0 tclass=file permissive=0 SEPF_SM-G930V_8.0.0_0016 audit_filtered
03-08 19:40:29.844  1004  1004 E audit   : type=1300 audit(1552095629.829:41676): arch=40000028 syscall=322 per=8 success=no exit=-13 a0=ffffff9c a1=c4b42d27 a2=20000 a3=0 items=0 ppid=1027 pid=14836 auid=4294967295 uid=10572 gid=10572 euid=10572 suid=10572 fsuid=10572 egid=10572 sgid=10572 fsgid=10572 tty=(none) ses=4294967295 comm="Thread-2" exe="/system/bin/app_process32" subj=u:r:untrusted_app:s0:c512,c768 key=(null)
03-08 19:40:29.844  1004  1004 E audit   : type=1327 audit(1552095629.829:41676): proctitle="com.TeamNA.GiftGame"
03-08 19:40:29.870  1044  2094 I AudioMixer: create resampler src 44100, 2, dst 48000, 2, q 8
03-08 19:40:29.871  1044  2094 D SoundAliveResampler: [SoundAliveResampler] Init+++
03-08 19:40:29.928  3136  3136 E adbd    : recv: OPEN 0000139e 00000000 0010:73 68 65 6C 6C 2C 76 32 2C 72 61 77 3A 70 73 00 
03-08 19:40:29.928  3136  3136 E adbd    : service_to_fd: shell,v2,raw:ps
03-08 19:40:29.944 15143 15143 E propClient: PropClient failed to load
03-08 19:40:29.947  1004  1004 E audit   : type=1400 audit(1552095629.939:41677): avc:  denied  { read } for  pid=14836 comm="Thread-2" name="stat" dev="proc" ino=4026532368 scontext=u:r:untrusted_app:s0:c512,c768 tcontext=u:object_r:proc_stat:s0 tclass=file permissive=0 SEPF_SM-G930V_8.0.0_0016 audit_filtered
03-08 19:40:29.949  1004  1004 E audit   : type=1300 audit(1552095629.939:41677): arch=40000028 syscall=322 per=8 success=no exit=-13 a0=ffffff9c a1=c4b42d27 a2=20000 a3=0 items=0 ppid=1027 pid=14836 auid=4294967295 uid=10572 gid=10572 euid=10572 suid=10572 fsuid=10572 egid=10572 sgid=10572 fsgid=10572 tty=(none) ses=4294967295 comm="Thread-2" exe="/system/bin/app_process32" subj=u:r:untrusted_app:s0:c512,c768 key=(null)
03-08 19:40:29.949  1004  1004 E audit   : type=1327 audit(1552095629.939:41677): proctitle="com.TeamNA.GiftGame"
03-08 19:40:29.949 14836 14836 V Vibrator: Called vibrate(long) API!
03-08 19:40:29.950 14836 14836 V Vibrator: vibrate(long, AudioAttributes) API - PUID: 10572, PackageName: com.TeamNA.GiftGame, ms: 10000, AudioAttr: null
03-08 19:40:29.950 14836 14836 V Vibrator: Called vibrate(int, String, VibrationEffect, AudioAttributes) API - PUID: 10572, PackageName: com.TeamNA.GiftGame
03-08 19:40:29.951 14836 14836 V Vibrator: semVibrate - PUID: 10572, PackageName: com.TeamNA.GiftGame, token: android.os.Binder@1d1a2b, effect: OneShot{mTiming=10000, mAmplitude=-1}, AudioAttr: null, Mag: -1, TYPE_EXTRA
03-08 19:40:29.953  1865  3458 V VibratorService: vibrateMagnitude - package: com.TeamNA.GiftGame, token: android.os.BinderProxy@e288c5d, effect: OneShot{mTiming=10000, mAmplitude=-1}, mag: 10000, TYPE_EXTRA
03-08 19:40:29.953  1865  3458 D VibratorService: Turning vibrator off
03-08 19:40:29.953   741   741 D SecVibrator-HAL: writeNode node:/sys/class/timed_output/vibrator/enable val:0
03-08 19:40:29.954  1865  3458 D VibratorService: vibratorOn() : 10000ms, amplitude :255, mag :10000, f : -1
03-08 19:40:29.954   741   741 D SecVibrator-HAL: writeNode node:/sys/class/timed_output/vibrator/intensity val:10000
03-08 19:40:29.955   741   741 D SecVibrator-HAL: writeNode node:/sys/class/timed_output/vibrator/enable val:10000
03-08 19:40:29.966 15143 15143 E propClient: PropClient failed to load
03-08 19:40:30.455 14836 14836 V Vibrator: Called cancel() API - PUID: 10572, PackageName: com.TeamNA.GiftGame, token: android.os.Binder@1d1a2b
03-08 19:40:30.459  1865  3458 D VibratorService: cancel() : android.os.BinderProxy@e288c5d
03-08 19:40:30.460  1865  3458 D VibratorService: Turning vibrator off
03-08 19:40:30.460   741   741 D SecVibrator-HAL: writeNode node:/sys/class/timed_output/vibrator/enable val:0
03-08 19:40:30.581  1004  1004 E audit   : type=1400 audit(1552095630.569:41683): avc:  denied  { read } for  pid=14836 comm="Thread-2" name="stat" dev="proc" ino=4026532368 scontext=u:r:untrusted_app:s0:c512,c768 tcontext=u:object_r:proc_stat:s0 tclass=file permissive=0 SEPF_SM-G930V_8.0.0_0016 audit_filtered
03-08 19:40:30.583  1004  1004 E audit   : type=1300 audit(1552095630.569:41683): arch=40000028 syscall=322 per=8 success=no exit=-13 a0=ffffff9c a1=c4b42d27 a2=20000 a3=0 items=0 ppid=1027 pid=14836 auid=4294967295 uid=10572 gid=10572 euid=10572 suid=10572 fsuid=10572 egid=10572 sgid=10572 fsgid=10572 tty=(none) ses=4294967295 comm="Thread-2" exe="/system/bin/app_process32" subj=u:r:untrusted_app:s0:c512,c768 key=(null)
03-08 19:40:30.583  1004  1004 E audit   : type=1327 audit(1552095630.569:41683): proctitle="com.TeamNA.GiftGame"
03-08 19:40:30.681  1004  1004 E audit   : type=1400 audit(1552095630.669:41684): avc:  denied  { read } for  pid=14836 comm="Thread-2" name="stat" dev="proc" ino=4026532368 scontext=u:r:untrusted_app:s0:c512,c768 tcontext=u:object_r:proc_stat:s0 tclass=file permissive=0 SEPF_SM-G930V_8.0.0_0016 audit_filtered
03-08 19:40:30.682  1004  1004 E audit   : type=1300 audit(1552095630.669:41684): arch=40000028 syscall=322 per=8 success=no exit=-13 a0=ffffff9c a1=c4b42d27 a2=20000 a3=0 items=0 ppid=1027 pid=14836 auid=4294967295 uid=10572 gid=10572 euid=10572 suid=10572 fsuid=10572 egid=10572 sgid=10572 fsgid=10572 tty=(none) ses=4294967295 comm="Thread-2" exe="/system/bin/app_process32" subj=u:r:untrusted_app:s0:c512,c768 key=(null)
03-08 19:40:30.682  1004  1004 E audit   : type=1327 audit(1552095630.669:41684): proctitle="com.TeamNA.GiftGame"
03-08 19:40:30.692 14836 15142 D AudioTrack: stop() called with 39064 frames delivered
03-08 19:40:30.692 14836 15142 I AudioTrack: Skip ramp
03-08 19:40:30.693 14836 15142 D         : PlayerBase::stop() from IPlayer
03-08 19:40:30.693 14836 15002 D         : PlayerBase::stop() from IPlayer
03-08 19:40:30.785  1004  1004 E audit   : type=1400 audit(1552095630.769:41685): avc:  denied  { read } for  pid=14836 comm="Thread-2" name="stat" dev="proc" ino=4026532368 scontext=u:r:untrusted_app:s0:c512,c768 tcontext=u:object_r:proc_stat:s0 tclass=file permissive=0 SEPF_SM-G930V_8.0.0_0016 audit_filtered
03-08 19:40:30.785  1004  1004 E audit   : type=1300 audit(1552095630.769:41685): arch=40000028 syscall=322 per=8 success=no exit=-13 a0=ffffff9c a1=c4b42d27 a2=20000 a3=0 items=0 ppid=1027 pid=14836 auid=4294967295 uid=10572 gid=10572 euid=10572 suid=10572 fsuid=10572 egid=10572 sgid=10572 fsgid=10572 tty=(none) ses=4294967295 comm="Thread-2" exe="/system/bin/app_process32" subj=u:r:untrusted_app:s0:c512,c768 key=(null)
03-08 19:40:30.785  1004  1004 E audit   : type=1327 audit(1552095630.769:41685): proctitle="com.TeamNA.GiftGame"
03-08 19:40:30.791  1044  1354 V APM_AudioPolicyManager: stopOutput() output 29, stream 3, session 32921
