01-28 17:43:35.301   769   769 I SurfaceFlinger:      Client | 0x778bdfe100 | 0000 | RGBA_8888 |   0.0    0.0 1080.0   72.0 | 1008    0 1080 1080 | StatusBar#0
01-28 17:43:35.301   769   769 I SurfaceFlinger:      Client | 0x778bcc3d80 | 0000 | RGBA_8888 |   0.0    0.0 1080.0 1920.0 |    0    0 1080 1920 | ScreenshotSurface#0
01-28 17:43:35.301   769   769 I SurfaceFlinger: 
01-28 17:43:35.303  1391  3083 I ActivityManager: Config changes=480 {0 1.0 themeSeq = 0 showBtnBg = 0 311mcc480mnc [en_US] ldltr sw360dp w640dp h336dp 480dpi nrml long land finger -keyb/v/h -nav/h appBounds=Rect(0, 0 - 1920, 1080) s.216 mkbd/h}
01-28 17:43:35.315  1391  2353 I InputReader: Reconfiguring input devices.  changes=0x00000004
01-28 17:43:35.315   769   769 I SurfaceFlinger: Display 0 HWC layers:
01-28 17:43:35.315   769   769 I SurfaceFlinger:     type    |    handle    | flag |  format   |   source crop (l,t,r,b)    |         frame       | name 
01-28 17:43:35.315   769   769 I SurfaceFlinger: ------------+--------------+------+-----------+----------------------------+---------------------+------
01-28 17:43:35.315   769   769 I SurfaceFlinger:      Device | 0x778bdfe100 | 0000 | RGBA_8888 |   0.0    0.0 1080.0   72.0 | 1008    0 1080 1080 | StatusBar#0
01-28 17:43:35.315   769   769 I SurfaceFlinger:      Device | 0x778bcc3d80 | 0000 | RGBA_8888 |   0.0    0.0 1080.0 1920.0 |    0    0 1080 1920 | ScreenshotSurface#0
01-28 17:43:35.315   769   769 I SurfaceFlinger: 
01-28 17:43:35.327  1391  2353 I InputReader: Device reconfigured: id=6, name='sec_touchscreen', size 1080x1920, orientation 1, mode 1, display id 0
01-28 17:43:35.328  1391  2353 D InputReader: Wrote command set_rotation_status,1
01-28 17:43:35.340  4188  4188 V Configuration:  needToUpdateOverlays
01-28 17:43:35.342  2652  2652 V Configuration:  needToUpdateOverlays
01-28 17:43:35.345  2652  2652 I chatty  : uid=10152(u0_a152) com.sec.android.inputmethod identical 38 lines
01-28 17:43:35.345  2652  2652 V Configuration:  needToUpdateOverlays
01-28 17:43:35.346  2652  2652 I SKBD    : SamsungKeypad onConfigurationChanged2
01-28 17:43:35.348  4188  4188 V Configuration:  needToUpdateOverlays
01-28 17:43:35.348 23649 23649 V Configuration:  needToUpdateOverlays
01-28 17:43:35.348 23649 23649 V Configuration:  needToUpdateOverlays
01-28 17:43:35.349  4188  4188 V Configuration:  needToUpdateOverlays
01-28 17:43:35.376  4188  4188 I chatty  : uid=10066(u0_a66) com.sec.android.app.launcher identical 9 lines
01-28 17:43:35.376  4188  4188 V Configuration:  needToUpdateOverlays
01-28 17:43:35.422 15991 15991 V Configuration:  needToUpdateOverlays
01-28 17:43:35.416  2730  2730 D ThemeManagerService: onConfigChanged - {0 1.0 themeSeq = 0 showBtnBg = 0 311mcc480mnc [en_US] ldltr sw360dp w640dp h336dp 480dpi nrml long land finger -keyb/v/h -nav/h appBounds=Rect(0, 0 - 1920, 1080) s.216 mkbd/h}
01-28 17:43:35.428  4097  4097 D SecUISvc: onConfigurationChanged, old dpi=480, new dpi=480
01-28 17:43:35.434  1391  1391 D TelecomService: onConfigurationChanged {0 1.0 themeSeq = 0 showBtnBg = 0 311mcc480mnc [en_US] ldltr sw360dp w640dp h336dp 480dpi nrml long land finger -keyb/v/h -nav/h appBounds=Rect(0, 0 - 1920, 1080) as.3 s.216 mkbd/h}
01-28 17:43:35.445  1391  3083 I ActivityManager: Override config changes=480 {0 1.0 themeSeq = 0 showBtnBg = 0 311mcc480mnc [en_US] ldltr sw360dp w640dp h336dp 480dpi nrml long land finger -keyb/v/h -nav/h appBounds=Rect(0, 0 - 1920, 1080) s.216 mkbd/h} for displayId=0
01-28 17:43:35.446  3005  3005 V Configuration:  needToUpdateOverlays
01-28 17:43:35.451  1391  3083 I SamsungPhoneWindowManager: setInitialDisplaySize() width=1080, height=1920, density=480, initWidth=1440, initHeight=2560, initDensity=640
01-28 17:43:35.454  1391  3083 I SamsungPhoneWindowManager: setInitialDisplaySize() width=1080, height=1920, density=480, initWidth=1440, initHeight=2560, initDensity=640
01-28 17:43:35.458  1391  1851 D WindowManager: set systemUiVisibility : systemUiFlags= 0x708 fullscreenStackSysUiFlags= 0x0
01-28 17:43:35.462  1391  3083 D InputDispatcher: Focus left window: 4188
01-28 17:43:35.464  4188  4188 V Configuration:  needToUpdateOverlays
01-28 17:43:35.464  4188  4188 I chatty  : uid=10066(u0_a66) com.sec.android.app.launcher identical 4 lines
01-28 17:43:35.464  4188  4188 V Configuration:  needToUpdateOverlays
01-28 17:43:35.464  1391  2282 D ViewRootImpl@ae370fd[GiftGame]: MSG_RESIZED_REPORT: frame=Rect(0, 0 - 1920, 1080) ci=Rect(0, 0 - 0, 0) vi=Rect(0, 72 - 0, 0) or=2
01-28 17:43:35.479  2667  2667 D ImageWallpaper: onOffsetsChanged: xOffset=0.0, yOffset=0.0, xOffsetStep=0.0, yOffsetStep=0.0, xPixels=0, yPixels=0
01-28 17:43:35.476  1391  2282 V WindowManager: Relayout Window{ff261f2 u0 Splash Screen com.TeamNA.GiftGame}: viewVisibility=0 req=1920x1080 WM.LayoutParams{(0,0)(fillxfill) sim=#20 ty=3 fl=#1830518 pfl=0x11 wanim=0x1030001 needsMenuKey=2 colorMode=0 naviIconColor=0}
01-28 17:43:35.485  2667  2827 D vol.VolumeDialogControl: onReceive ACTION_CONFIGURATION_CHANGED
01-28 17:43:35.486  1391  1906 D TetheringConfiguration: NAP is enabled by CSCfeature
01-28 17:43:35.486  2667  2693 D vol.VolumeDialogControl.VC: setLayoutDirection
01-28 17:43:35.487  2667  2667 D ImageWallpaper: newRotation : 1,mLastRotation : 0
01-28 17:43:35.487  2667  2667 W SemDesktopModeManager: Desktop Mode feature not available or SemDesktopModeManager not instantiated. Please check Configuration.semDesktopModeEnabled instead.
01-28 17:43:35.487  2667  2667 D ImageWallpaper: redraw is not needed, because rotation
01-28 17:43:35.489  3024  3024 D DeviceLocale: onReceive
01-28 17:43:35.490  3024  3295 D EucModule: onLocaleChanged, languageCode=en
01-28 17:43:35.493  4188  4188 I Launcher: onWindowVisibilityChanged : false
01-28 17:43:35.495  1391  2282 D ViewRootImpl@ae370fd[GiftGame]: Relayout returned: old=[0,0][1920,1080] new=[0,0][1920,1080] result=0x23 surface={valid=true 520670580736} changed=false
01-28 17:43:35.500  3031 20207 D TelephonyProvider: query: match = 1
01-28 17:43:35.501  3031 20207 D TelephonyProvider: URL_TELEPHONY uid = 1000, pid= 1391
01-28 17:43:35.507  2667  2667 D ImageWallpaper: onVisibilityChanged: mVisible, visible=true, false
01-28 17:43:35.508  2667  2667 D ImageWallpaper: Visibility changed to visible=false
01-28 17:43:35.508  2667  2667 D WallpaperService: reportVisibility onVisibilityChanged visible: false
01-28 17:43:35.518  1391  1906 W Settings: Setting tether_dun_required has moved from android.provider.Settings.Secure to android.provider.Settings.Global
01-28 17:43:35.519 31212 31212 V Configuration:  needToUpdateOverlays
01-28 17:43:35.526  1391  2364 D MdnieScenarioControlService:  packageName : com.TeamNA.GiftGame    className : com.epicgames.ue4.SplashActivity
01-28 17:43:35.526  1391  2364 V MdnieScenarioControlService: setUIMode from UI function(3)
01-28 17:43:35.519 31212 31212 V Configuration:  needToUpdateOverlays
01-28 17:43:35.526  2667  2841 D skia    : approximate: numPoints=5, lengths[0]=0.000000, totalLength=1.459097, segmentPoints[0]=[0.000000,1.000000]
01-28 17:43:35.526  2667  2841 D skia    : approximate: approximation[0]=0.000000, approximation[1]=0.000000, approximation[2]=1.000000
01-28 17:43:35.526  2667  2841 D skia    : approximate: numPoints=5, lengths[4]=1.459097, totalLength=1.459097, segmentPoints[4]=[1.000000,0.000000]
01-28 17:43:35.526  2667  2841 D skia    : approximate: approximation[12]=1.000000, approximation[13]=1.000000, approximation[14]=0.000000
01-28 17:43:35.526  2667  2841 D skia    : approximate: numPoints=4, lengths[0]=0.000000, totalLength=1.508798, segmentPoints[0]=[0.000000,1.000000]
01-28 17:43:35.526  2667  2841 D skia    : approximate: approximation[0]=0.000000, approximation[1]=0.000000, approximation[2]=1.000000
01-28 17:43:35.526  2667  2841 D skia    : approximate: numPoints=4, lengths[3]=1.508798, totalLength=1.508798, segmentPoints[3]=[1.000000,0.000000]
01-28 17:43:35.526  2667  2841 D skia    : approximate: approximation[9]=1.000000, approximation[10]=1.000000, approximation[11]=0.000000
01-28 17:43:35.526  2667  2841 D skia    : approximate: numPoints=19, lengths[0]=0.000000, totalLength=1.116304, segmentPoints[0]=[0.000000,0.250000]
01-28 17:43:35.526  2667  2841 D skia    : approximate: approximation[0]=0.000000, approximation[1]=0.000000, approximation[2]=0.250000
01-28 17:43:35.526  2667  2841 D skia    : approximate: numPoints=19, lengths[18]=1.116304, totalLength=1.116304, segmentPoints[18]=[1.000000,0.150000]
01-28 17:43:35.526  2667  2841 D skia    : approximate: approximation[54]=1.000000, approximation[55]=1.000000, approximation[56]=0.150000
01-28 17:43:35.527  2667  2841 D skia    : approximate: numPoints=4, lengths[0]=0.000000, totalLength=1.162570, segmentPoints[0]=[0.000000,0.250000]
01-28 17:43:35.527  2667  2841 D skia    : approximate: approximation[0]=0.000000, approximation[1]=0.000000, approximation[2]=0.250000
01-28 17:43:35.527  2667  2841 D skia    : approximate: numPoints=4, lengths[3]=1.162570, totalLength=1.162570, segmentPoints[3]=[1.000000,0.250000]
01-28 17:43:35.527  2667  2841 D skia    : approximate: approximation[9]=1.000000, approximation[10]=1.000000, approximation[11]=0.250000
01-28 17:43:35.527  2667  2667 V Configuration:  needToUpdateOverlays
01-28 17:43:35.530  1391  2282 V WindowManager: finishDrawingLocked: mDrawState=COMMIT_DRAW_PENDING Window{ff261f2 u0 Splash Screen com.TeamNA.GiftGame} in Surface(name=Splash Screen com.TeamNA.GiftGame)
01-28 17:43:35.529  2667  2667 V Configuration:  needToUpdateOverlays
01-28 17:43:35.532  1391  2282 D ViewRootImpl@ae370fd[GiftGame]: MSG_RESIZED_REPORT: frame=Rect(0, 0 - 1920, 1080) ci=Rect(0, 0 - 0, 0) vi=Rect(0, 72 - 0, 0) or=1
01-28 17:43:35.533  3005  3005 I NfcP2pEventManager: changeConfiguration() in NfcService
01-28 17:43:35.536  2667  2667 V Configuration:  needToUpdateOverlays
01-28 17:43:35.536  2667  2667 I chatty  : uid=10063(u0_a63) com.android.systemui identical 2 lines
01-28 17:43:35.536  2667  2667 V Configuration:  needToUpdateOverlays
01-28 17:43:35.538 11821 11821 D TimaKeyStoreProvider: TimaKeyStore is not enabled: cannot add TimaSignature Service and generateKeyPair Service
01-28 17:43:35.539 11821 11821 D ActivityThread: Added TimaKeyStore provider
01-28 17:43:35.539  4188  4526 D OpenGLRenderer: eglDestroySurface = 0x793af6f440
01-28 17:43:35.544  1391  1851 D WindowManager: set systemUiVisibility : systemUiFlags= 0x0 fullscreenStackSysUiFlags= 0x0
01-28 17:43:35.548  1391  2282 D ViewRootImpl@ae370fd[GiftGame]: MSG_RESIZED_REPORT: frame=Rect(0, 0 - 1920, 1080) ci=Rect(0, 0 - 0, 0) vi=Rect(0, 0 - 0, 0) or=1
01-28 17:43:35.548  1391  3065 V WindowManager: Relayout Window{be5eecf u0 com.sec.android.app.launcher/com.sec.android.app.launcher.activities.LauncherActivity}: viewVisibility=8 req=1080x1920 WM.LayoutParams{(0,0)(fillxfill) sim=#130 ty=1 fl=#81910d00 pfl=0x20000 fmt=-2 wanim=0x10302ea vsysui=0x700 needsMenuKey=2 colorMode=0 dimDuration=200 naviIconColor=0}
01-28 17:43:35.549  1391  3065 I WindowManager: Destroying surface Surface(name=com.sec.android.app.launcher/com.sec.android.app.launcher.activities.LauncherActivity) called by com.android.server.wm.WindowStateAnimator.destroySurface:2501 com.android.server.wm.WindowStateAnimator.destroySurfaceLocked:985 com.android.server.wm.WindowState.destroyOrSaveSurfaceUnchecked:3680 com.android.server.wm.WindowState.destroySurface:3628 com.android.server.wm.WindowManagerService.tryStartExitingAnimation:2683 com.android.server.wm.WindowManagerService.relayoutWindow:2467 com.android.server.wm.Session.relayout:253 android.view.IWindowSession$Stub.onTransact:288 
01-28 17:43:35.549  2652  2652 I SKBD    : SamsungKeypad [IMI] onStartInput - caller pid : 4188, caller uid : 10066
01-28 17:43:35.549   769  1269 I SurfaceFlinger: id=7389 Removed com.sec.android.app.launcher/com.sec.android.app.launcher.activities.LauncherActivity#0 (1/5)
01-28 17:43:35.555   769   854 I SurfaceFlinger: id=7389 Removed com.sec.android.app.launcher/com.sec.android.app.launcher.activities.LauncherActivity#0 (-2/5)
01-28 17:43:35.557   769   769 I Layer   : id=7389 onRemoved com.sec.android.app.launcher/com.sec.android.app.launcher.activities.LauncherActivity#0 
01-28 17:43:35.557  1391  2894 I ActivityManager: DSS on for com.TeamNA.GiftGame and scale is 1.0
01-28 17:43:35.561  4188  4188 D ViewRootImpl@693227e[LauncherActivity]: Relayout returned: old=[0,0][1080,1920] new=[0,0][1080,1920] result=0x5 surface={valid=false 0} changed=true
01-28 17:43:35.561  4188  4188 D ViewRootImpl@693227e[LauncherActivity]: MSG_WINDOW_FOCUS_CHANGED 0
01-28 17:43:35.566  1391  2282 V WindowManager: finishDrawingLocked: mDrawState=COMMIT_DRAW_PENDING Window{ff261f2 u0 Splash Screen com.TeamNA.GiftGame} in Surface(name=Splash Screen com.TeamNA.GiftGame)
01-28 17:43:35.573  1391  3065 V WindowManager: Relayout Window{468954f u0 InputMethod}: viewVisibility=8 req=1920x0 WM.LayoutParams{(0,0)(fillxwrap) gr=#50 sim=#20 ty=2011 fl=#800108 fmt=-2 wanim=0x7f0e00e1 vsysui=0x300 needsMenuKey=2 colorMode=0 naviIconColor=0 sfl=0x800}
01-28 17:43:35.576   769   769 I SurfaceFlinger: Display 0 HWC layers:
01-28 17:43:35.576   769   769 I SurfaceFlinger:     type    |    handle    | flag |  format   |   source crop (l,t,r,b)    |         frame       | name 
01-28 17:43:35.576   769   769 I SurfaceFlinger: ------------+--------------+------+-----------+----------------------------+---------------------+------
01-28 17:43:35.576   769   769 I SurfaceFlinger:      Device | 0x778bcc3f00 | 0002 | RGBA_8888 |   0.0    0.0 1920.0 1080.0 |    0    0 1080 1920 | Splash Screen com.TeamNA.GiftGame#0
01-28 17:43:35.576   769   769 I SurfaceFlinger:      Client | 0x778bdfe100 | 0000 | RGBA_8888 |   0.0    0.0 1080.0   72.0 | 1008    0 1080 1080 | StatusBar#0
01-28 17:43:35.576   769   769 I SurfaceFlinger:      Client | 0x778bcc3d80 | 0000 | RGBA_8888 |   0.0    0.0 1080.0 1920.0 |    0    0 1080 1920 | ScreenshotSurface#0
01-28 17:43:35.576   769   769 I SurfaceFlinger: 
01-28 17:43:35.579  2667  2667 V Configuration:  needToUpdateOverlays
01-28 17:43:35.581  2667  2667 I chatty  : uid=10063(u0_a63) com.android.systemui identical 72 lines
01-28 17:43:35.581  2667  2667 V Configuration:  needToUpdateOverlays
01-28 17:43:35.585  2652  2652 D ViewRootImpl@74106a1[InputMethod]: Relayout returned: old=[0,1200][1080,1920] new=[0,1200][1080,1920] result=0x1 surface={valid=false 0} changed=false
01-28 17:43:35.587  2652  2652 I SKBDC   : TymeCore cASl
01-28 17:43:35.587  2652  2652 I SKBDC   : ?? 50
01-28 17:43:35.589  1391  2894 D PersonaManagerService: Current focused persona service handled id set to : 0
01-28 17:43:35.596  1391  2894 D InputDispatcher: Focused application set to: xxxx
01-28 17:43:35.598  2652  2652 I SKBD    : ajd [PF_KL][SIIC] getSelectedText done 6
01-28 17:43:35.598  1391  2550 D GameManagerService: handleForegroundChange(). pkgName: com.TeamNA.GiftGame, clsName: com.epicgames.ue4.SplashActivity,FgActivityName:com.TeamNA.GiftGame/com.epicgames.ue4.SplashActivity
01-28 17:43:35.598  2652  2652 E SKBD    : axv [USICM][getSelectedText] updated, but null is returned
01-28 17:43:35.598  1391  2894 D MARsPolicyManager: onPackageResumedFG pkgName = com.TeamNA.GiftGame, userId = 0
01-28 17:43:35.598  1391  2550 D GameManagerService: sem_perfomance_mode: 0
01-28 17:43:35.598  1391  2550 D GameManagerService: notifyResumePause(). pkg: com.TeamNA.GiftGame, type: 4, isMinimized: false, isTunableApp: false
01-28 17:43:35.598  1391  2550 D GameManagerService:   notifyResumePause(). do nothing. mKillNotiCount: 3
01-28 17:43:35.601  1391  3865 D Dex2oatAdjuster: Before bg size = 0
01-28 17:43:35.601  1391  3865 D Dex2oatAdjuster: After bg size = 0 fg size = 0
01-28 17:43:35.602  1391  6787 D GamePkgDataHelper: getGamePkgDataIncServer(). com.TeamNA.GiftGame
01-28 17:43:35.605  3005  3037 D ForegroundUtils: could not check pending caller
01-28 17:43:35.608  1145  1463 D CommandListener: bwctrlcmd: argc=3 bandwidth addniceapps ...
01-28 17:43:35.609  1145  1463 E IptablesRestoreController: [iptables debug]iptables-restore execute *filter
01-28 17:43:35.609  1145  1463 E IptablesRestoreController: -I bw_happy_box -m owner --uid-owner 10559 --jump RETURN
01-28 17:43:35.609  1145  1463 E IptablesRestoreController: COMMIT
01-28 17:43:35.609  1391  6787 D GameManagerService: identifyGamePackage. com.TeamNA.GiftGame
01-28 17:43:35.609  1391  6787 D GamePkgDataHelper: getGamePkgData(). com.TeamNA.GiftGame
01-28 17:43:35.610   769   769 I SurfaceFlinger: Display 0 HWC layers:
01-28 17:43:35.610   769   769 I SurfaceFlinger:     type    |    handle    | flag |  format   |   source crop (l,t,r,b)    |         frame       | name 
01-28 17:43:35.610   769   769 I SurfaceFlinger: ------------+--------------+------+-----------+----------------------------+---------------------+------
01-28 17:43:35.610   769   769 I SurfaceFlinger:      Device | 0x778bcc3f00 | 0002 | RGBA_8888 |   0.0    0.0 1920.0 1080.0 |    0    0 1080 1920 | Splash Screen com.TeamNA.GiftGame#0
01-28 17:43:35.610   769   769 I SurfaceFlinger:      Device | 0x778bcc3d80 | 0000 | RGBA_8888 |   0.0    0.0 1080.0 1920.0 |    0    0 1080 1920 | ScreenshotSurface#0
01-28 17:43:35.610   769   769 I SurfaceFlinger: 
01-28 17:43:35.610  2652  2652 I SKBD    : ajd [PF_KL][SIIC] getTextBeforeCursor[127] done 12
01-28 17:43:35.611  1391  6787 D GameManagerService: identifyGamePackage. com.TeamNA.GiftGame
01-28 17:43:35.611  1391  6787 D GamePkgDataHelper: getGamePkgData(). com.TeamNA.GiftGame
01-28 17:43:35.613  1391  6787 D GameManagerService: identifyGamePackage. com.TeamNA.GiftGame
01-28 17:43:35.613  1391  6787 D GamePkgDataHelper: getGamePkgData(). com.TeamNA.GiftGame
01-28 17:43:35.615  2652  2652 I SKBD    : ajd [PF_KL][SIIC] getTextAfterCursor[127] done  5
01-28 17:43:35.618  1145  1463 E IptablesRestoreController: [iptables debug]iptables-restore execute done *filter
01-28 17:43:35.618  1145  1463 E IptablesRestoreController: -I bw_happy_box -m owner --uid-owner 10559 --jump RETURN
01-28 17:43:35.618  1145  1463 E IptablesRestoreController: COMMIT
01-28 17:43:35.618  1145  1463 E IptablesRestoreController: , res : 0
01-28 17:43:35.619  2652  2652 I SKBDC   : TymeCore cASl
01-28 17:43:35.619  2652  2652 I SKBDC   : ?? 50
01-28 17:43:35.622  1391  6787 D GameManagerService: identifyGamePackage. com.TeamNA.GiftGame
01-28 17:43:35.622  1391  6787 D GamePkgDataHelper: getGamePkgData(). com.TeamNA.GiftGame
01-28 17:43:35.622  2652  2652 I SKBDC   : TymeCore sPBS
01-28 17:43:35.625  2652  2652 I SKBDC   : TymeCore sKKS 1
01-28 17:43:35.625  2652  2652 I SKBDC   : TymeCore cASl
01-28 17:43:35.625  2652  2652 I SKBDC   : ?? 50
01-28 17:43:35.625  2652  2652 I SKBDC   : TymeCore sCL 0
01-28 17:43:35.628  2652  2652 I SKBDC   : TymeCore sUS
01-28 17:43:35.633  1391  6787 D GameManagerService: identifyGamePackage. com.TeamNA.GiftGame
01-28 17:43:35.633  1391  6787 D GamePkgDataHelper: getGamePkgData(). com.TeamNA.GiftGame
01-28 17:43:35.636  2652  2652 I SKBD    : awo checkCocktailBar() first use took : 0
01-28 17:43:35.646 11821 11821 I zygote  : no shared libraies, dex_files: 1
01-28 17:43:35.646  1391  1391 D AppWidgetServiceImpl: handleNotifyUpdateAppWidget, appWidgetId = 30
01-28 17:43:35.651  2667  2667 D ViewRootImpl@17f542f[AssistPreviewPanel]: setView = com.android.systemui.assist.AssistOrbContainer{a375a3c G.E...... ......I. 0,0-0,0} TM=true MM=false
01-28 17:43:35.654  1145  1463 D CommandListener: bwctrlcmd: argc=3 bandwidth addniceapps ...
01-28 17:43:35.654  1145  1463 E IptablesRestoreController: [iptables debug]iptables-restore execute *filter
01-28 17:43:35.654  1145  1463 E IptablesRestoreController: -I bw_happy_box -m owner --uid-owner 10251 --jump RETURN
01-28 17:43:35.654  1145  1463 E IptablesRestoreController: COMMIT
01-28 17:43:35.654  2667  2822 D NetworkController.MobileSignalController(0/1): getMobileIconGroup(): 13
01-28 17:43:35.654  2667  2822 D NetworkController.MobileSignalController(0/1): updateVZWMobileIconGroup(): 13
01-28 17:43:35.656  4188  4188 I LauncherAppWidgetHostView: updateLastOrientation, orientation: 0, activityOrientation: 1, fromRemoteViews: true, widget: ComponentInfo{com.samsung.android.calendar/com.android.calendar.widget.list.ListWidgetProvider}
01-28 17:43:35.657  1145  1463 E IptablesRestoreController: [iptables debug]iptables-restore execute done *filter
01-28 17:43:35.657  1145  1463 E IptablesRestoreController: -I bw_happy_box -m owner --uid-owner 10251 --jump RETURN
01-28 17:43:35.657  1145  1463 E IptablesRestoreController: COMMIT
01-28 17:43:35.657  1145  1463 E IptablesRestoreController: , res : 0
01-28 17:43:35.666  2667  2822 D NetworkController.MobileSignalController(0/1): callState:0, callStateByPhone:false voLTECall:false voiceNetTpe:13 dataNetType:13, ine911:false, emergencyCallbackMode:false
01-28 17:43:35.673  4188  4188 D DragLayer: DragLayer onMeasure, mIsNaviBarPositionChanged = false, mWillOrientationChange = false
01-28 17:43:35.675  4188  4188 D LauncherAppWidgetHostView: setResizeScaleResult() 1035/ 1279 scaleToResize = 0.9961353(widget id = 30)
01-28 17:43:35.690  4188  4188 D DragLayer: DragLayer onMeasure, mIsNaviBarPositionChanged = false, mWillOrientationChange = false
01-28 17:43:35.690  4188  4188 D LauncherAppWidgetHostView: setResizeScaleResult() 1035/ 1279 scaleToResize = 0.9961353(widget id = 30)
01-28 17:43:35.694  2667  2667 D ViewRootImpl@9a586e9[DockedStackDivider]: setView = com.android.systemui.stackdivider.DividerView{bcb9f6e I.E...... ......I. 0,0-0,0} TM=true MM=false
01-28 17:43:35.696  2667  2667 D ViewRootImpl@3101f40[DividerButtonsGroup]: dispatchDetachedFromWindow
01-28 17:43:35.696  2667  2667 D InputEventReceiver: channel '81d9ee2 DividerButtonsGroup (client)' ~ Disposing input event receiver.
01-28 17:43:35.696  2667  2667 D InputEventReceiver: channel '81d9ee2 DividerButtonsGroup (client)' ~NativeInputEventReceiver.
01-28 17:43:35.697  1391  5391 W AppOps  : Finishing op nesting under-run: uid 10063 pkg com.android.systemui code 70 time=0 duration=0 nesting=0
01-28 17:43:35.711  2667  2667 D ViewRootImpl@56ceecc[DividerButtonsGroup]: setView = com.android.systemui.stackdivider.DividerButtonsGroup{dec0515 I.E...... ......I. 0,0-0,0} TM=true MM=false
01-28 17:43:35.711  2667  2667 D ImageWallpaper: engine visible:false
01-28 17:43:35.713  2667  2667 D ViewRootImpl@673155b[StatusBar]: MSG_RESIZED_REPORT: frame=Rect(0, 0 - 1920, 72) ci=Rect(0, 0 - 0, 0) vi=Rect(0, 0 - 0, 0) or=2
01-28 17:43:35.717  2667  2667 D MetadataParser: onConfigurationChanged()
01-28 17:43:35.718  2667  2667 I MetadataParser: updateMetadataInfo() key = com.sec.android.daemonapp, bInfo = MetadataInfo[pkgName=com.sec.android.daemonapp, dbKey=add_info_com_sec_android_daemonapp, titleRes = 2131100116, title=null], mInfo = MetadataInfo[pkgName=com.sec.android.daemonapp, dbKey=add_info_com_sec_android_daemonapp, titleRes = 2131100116, title=null]
01-28 17:43:35.720  1391  5391 D SecContentProvider: query(), uri = 17 selection = isSettingsChangesAllowed
01-28 17:43:35.721  1391  5391 D SecContentProvider: called from android.uid.systemui:10063
01-28 17:43:35.722  1391  5391 D SecContentProvider: query(), uri = 17 selection = isSettingsChangesAllowed
01-28 17:43:35.728  1391  2894 D SecContentProvider: query(), uri = 17 selection = isSettingsChangesAllowed
01-28 17:43:35.723  1391  5391 D SecContentProvider: called from android.uid.systemui:10063
01-28 17:43:35.729  1391  2894 D SecContentProvider: called from android.uid.systemui:10063
01-28 17:43:35.732  1391  2364 D MdnieScenarioControlService:  packageName : com.TeamNA.GiftGame    className : com.epicgames.ue4.SplashActivity
01-28 17:43:35.732  1391  2364 V MdnieScenarioControlService: setUIMode from UI function(3)
01-28 17:43:35.735  2667  2667 I NotificationShelf: show backgroud: :false
01-28 17:43:35.738  2667  2667 D KeyguardUpdateMonitor: received broadcast android.intent.action.CONFIGURATION_CHANGED
01-28 17:43:35.745  2667  2667 D BarTransitions.PhoneStatusBarView: MODE_TRANSPARENT -> MODE_OPAQUE animate=true
01-28 17:43:35.746  1391  5391 D WindowManager: adjustSystemUiVisibilityLw : vis= 0x0
01-28 17:43:35.758  1391  2894 V WindowManager: Relayout Window{952b0d8 u0 StatusBar}: viewVisibility=0 req=1920x72 WM.LayoutParams{(0,0)(fillx72) gr=#30 sim=#10 ty=2000 fl=#81840048 fmt=-3 vsysui=0x600 colorMode=0 naviIconColor=0}
01-28 17:43:35.779  2667  2667 D ViewRootImpl@673155b[StatusBar]: Relayout returned: old=[0,0][1920,72] new=[0,0][1920,72] result=0x23 surface={valid=true 521027268608} changed=false
01-28 17:43:35.782  2667  2667 D ScrollView:  onsize change changed 
01-28 17:43:35.786  1391  2488 D ConnectivityService: updateCapabilities: oldCap = [ Transports: WIFI Capabilities: NOT_METERED&INTERNET&NOT_RESTRICTED&TRUSTED&NOT_VPN&VALIDATED&FOREGROUND LinkUpBandwidth>=1048576Kbps LinkDnBandwidth>=1048576Kbps SignalStrength: -64], newCap = [ Transports: WIFI Capabilities: NOT_METERED&INTERNET&NOT_RESTRICTED&TRUSTED&NOT_VPN LinkUpBandwidth>=1048576Kbps LinkDnBandwidth>=1048576Kbps SignalStrength: -63]
01-28 17:43:35.786  2667  2840 D OpenGLRenderer: eglDestroySurface = 0x794c2bdb20
01-28 17:43:35.786  1391  2488 D ConnectivityService: notifyType CAP_CHANGED for NetworkAgentInfo [WIFI () - 610]
01-28 17:43:35.786  1391  2488 D ConnectivityService:  sending notification for NetworkRequest [ REQUEST id=1, [ Capabilities: INTERNET&NOT_RESTRICTED&TRUSTED&NOT_VPN] ]
01-28 17:43:35.786  1391  2488 D ConnectivityService:  sending notification for NetworkRequest [ TRACK_DEFAULT id=3, [ Capabilities: INTERNET&NOT_RESTRICTED&TRUSTED&NOT_VPN] ]
01-28 17:43:35.786  1391  2488 D ConnectivityService: sending notification CAP_CHANGED for NetworkRequest [ TRACK_DEFAULT id=3, [ Capabilities: INTERNET&NOT_RESTRICTED&TRUSTED&NOT_VPN] ]
01-28 17:43:35.786  1391  2488 D ConnectivityService:  sending notification for NetworkRequest [ LISTEN id=5, [ Transports: WIFI Capabilities: INTERNET&NOT_RESTRICTED&TRUSTED&NOT_VPN] ]
01-28 17:43:35.786  1391  2488 D ConnectivityService: sending notification CAP_CHANGED for NetworkRequest [ LISTEN id=5, [ Transports: WIFI Capabilities: INTERNET&NOT_RESTRICTED&TRUSTED&NOT_VPN] ]
01-28 17:43:35.786  1391  2488 D ConnectivityService:  sending notification for NetworkRequest [ LISTEN id=6, [] ]
01-28 17:43:35.787  1391  2488 D ConnectivityService: sending notification CAP_CHANGED for NetworkRequest [ LISTEN id=6, [] ]
01-28 17:43:35.787  1391  2481 D ConnectivityService: filterNetworkStateForUid() uid: 10016 networkInfo: [type: WIFI[] - WIFI, state: CONNECTED/CONNECTED, reason: (unspecified), extra: "GoTrojans", failover: false, available: true, roaming: false, metered: false]
01-28 17:43:35.787  1391  2488 D ConnectivityService:  sending notification for NetworkRequest [ LISTEN id=7, [ Transports: CELLULAR|WIFI Capabilities: NOT_RESTRICTED&TRUSTED&NOT_VPN] ]
01-28 17:43:35.787  1391  2488 D ConnectivityService: sending notification CAP_CHANGED for NetworkRequest [ LISTEN id=7, [ Transports: CELLULAR|WIFI Capabilities: NOT_RESTRICTED&TRUSTED&NOT_VPN] ]
01-28 17:43:35.787  1391  2488 D ConnectivityService:  sending notification for NetworkRequest [ LISTEN id=8, [ Transports: WIFI Capabilities: INTERNET&NOT_RESTRICTED&TRUSTED&NOT_VPN] ]
01-28 17:43:35.787  1391  2488 D ConnectivityService: sending notification CAP_CHANGED for NetworkRequest [ LISTEN id=8, [ Transports: WIFI Capabilities: INTERNET&NOT_RESTRICTED&TRUSTED&NOT_VPN] ]
01-28 17:43:35.787  1391  2481 D ConnectivityService: filterNetworkStateForUid() uid: 10051 networkInfo: [type: WIFI[] - WIFI, state: CONNECTED/CONNECTED, reason: (unspecified), extra: "GoTrojans", failover: false, available: true, roaming: false, metered: false]
01-28 17:43:35.787  1391  2488 D ConnectivityService:  sending notification for NetworkRequest [ LISTEN id=9, [ Transports: WIFI Capabilities: INTERNET&NOT_RESTRICTED&TRUSTED&NOT_VPN] ]
01-28 17:43:35.787  1391  2481 D ConnectivityService: filterNetworkStateForUid() uid: 10114 networkInfo: [type: WIFI[] - WIFI, state: CONNECTED/CONNECTED, reason: (unspecified), extra: "GoTrojans", failover: false, available: true, roaming: false, metered: false]
01-28 17:43:35.787  1391  2488 D ConnectivityService: sending notification CAP_CHANGED for NetworkRequest [ LISTEN id=9, [ Transports: WIFI Capabilities: INTERNET&NOT_RESTRICTED&TRUSTED&NOT_VPN] ]
01-28 17:43:35.788  1391  2488 D ConnectivityService:  sending notification for NetworkRequest [ LISTEN id=13, [ Capabilities: INTERNET&NOT_RESTRICTED&TRUSTED&NOT_VPN] ]
01-28 17:43:35.788  1391  2481 D ConnectivityService: filterNetworkStateForUid() uid: 10414 networkInfo: [type: WIFI[] - WIFI, state: DISCONNECTED/BLOCKED, reason: (unspecified), extra: (none), failover: false, available: true, roaming: false, metered: false]
01-28 17:43:35.788  1391  2488 D ConnectivityService: sending notification CAP_CHANGED for NetworkRequest [ LISTEN id=13, [ Capabilities: INTERNET&NOT_RESTRICTED&TRUSTED&NOT_VPN] ]
01-28 17:43:35.788  1391  2488 D ConnectivityService:  sending notification for NetworkRequest [ TRACK_DEFAULT id=17, [ Capabilities: INTERNET&NOT_RESTRICTED&TRUSTED&NOT_VPN] ]
01-28 17:43:35.788  1391  2481 D ConnectivityService: filterNetworkStateForUid() uid: 10417 networkInfo: [type: WIFI[] - WIFI, state: DISCONNECTED/BLOCKED, reason: (unspecified), extra: (none), failover: false, available: true, roaming: false, metered: false]
01-28 17:43:35.788  1391  2488 D ConnectivityService: sending notification CAP_CHANGED for NetworkRequest [ TRACK_DEFAULT id=17, [ Capabilities: INTERNET&NOT_RESTRICTED&TRUSTED&NOT_VPN] ]
01-28 17:43:35.788  1391  2488 D ConnectivityService:  sending notification for NetworkRequest [ LISTEN id=32, [ Capabilities: INTERNET&NOT_RESTRICTED&TRUSTED&FOREGROUND] ]
01-28 17:43:35.788  1391  2488 D ConnectivityService: sending notification CAP_CHANGED for NetworkRequest [ LISTEN id=32, [ Capabilities: INTERNET&NOT_RESTRICTED&TRUSTED&FOREGROUND] ]
01-28 17:43:35.789  1391  2488 D ConnectivityService:  sending notification for NetworkRequest [ LISTEN id=33, [ Capabilities: NOT_RESTRICTED&TRUSTED&NOT_VPN&FOREGROUND] ]
01-28 17:43:35.789  1391  2488 D ConnectivityService: sending notification CAP_CHANGED for NetworkRequest [ LISTEN id=33, [ Capabilities: NOT_RESTRICTED&TRUSTED&NOT_VPN&FOREGROUND] ]
01-28 17:43:35.789  1391  2488 D ConnectivityService:  sending notification for NetworkRequest [ LISTEN id=692, [ Capabilities: INTERNET&NOT_RESTRICTED&TRUSTED] ]
01-28 17:43:35.789  1391  2488 D ConnectivityService: sending notification CAP_CHANGED for NetworkRequest [ LISTEN id=692, [ Capabilities: INTERNET&NOT_RESTRICTED&TRUSTED] ]
01-28 17:43:35.789  1391  2488 D ConnectivityService:  sending notification for NetworkRequest [ LISTEN id=693, [ Capabilities: INTERNET&NOT_RESTRICTED&TRUSTED] ]
01-28 17:43:35.789  1391  2488 D ConnectivityService: sending notification CAP_CHANGED for NetworkRequest [ LISTEN id=693, [ Capabilities: INTERNET&NOT_RESTRICTED&TRUSTED] ]
01-28 17:43:35.789  1391  2481 D ConnectivityService: filterNetworkStateForUid() uid: 10016 networkInfo: [type: WIFI[] - WIFI, state: CONNECTED/CONNECTED, reason: (unspecified), extra: "GoTrojans", failover: false, available: true, roaming: false, metered: false]
01-28 17:43:35.790  1391  2488 D ConnectivityService:  sending notification for NetworkRequest [ LISTEN id=1166, [ Capabilities: INTERNET&NOT_RESTRICTED&TRUSTED&NOT_VPN] ]
01-28 17:43:35.790  1391  2481 D ConnectivityService: filterNetworkStateForUid() uid: 10016 networkInfo: [type: WIFI[] - WIFI, state: CONNECTED/CONNECTED, reason: (unspecified), extra: "GoTrojans", failover: false, available: true, roaming: false, metered: false]
01-28 17:43:35.790  1391  2481 D ConnectivityService: filterNetworkStateForUid() uid: 10417 networkInfo: [type: WIFI[] - WIFI, state: DISCONNECTED/BLOCKED, reason: (unspecified), extra: (none), failover: false, available: true, roaming: false, metered: false]
01-28 17:43:35.790  1391  2481 D ConnectivityService: filterNetworkStateForUid() uid: 10201 networkInfo: [type: WIFI[] - WIFI, state: CONNECTED/CONNECTED, reason: (unspecified), extra: "GoTrojans", failover: false, available: true, roaming: false, metered: false]
01-28 17:43:35.791  1391  2481 D ConnectivityService: filterNetworkStateForUid() uid: 5009 networkInfo: [type: WIFI[] - WIFI, state: CONNECTED/CONNECTED, reason: (unspecified), extra: "GoTrojans", failover: false, available: true, roaming: false, metered: false]
01-28 17:43:35.791  1391  2481 D ConnectivityService: filterNetworkStateForUid() uid: 10016 networkInfo: [type: WIFI[] - WIFI, state: CONNECTED/CONNECTED, reason: (unspecified), extra: "GoTrojans", failover: false, available: true, roaming: false, metered: false]
01-28 17:43:35.791  1391  2481 D ConnectivityService: filterNetworkStateForUid() uid: 10413 networkInfo: [type: WIFI[] - WIFI, state: CONNECTED/CONNECTED, reason: (unspecified), extra: "GoTrojans", failover: false, available: true, roaming: false, metered: false]
01-28 17:43:35.792  1391  2481 D ConnectivityService: filterNetworkStateForUid() uid: 10016 networkInfo: [type: WIFI[] - WIFI, state: CONNECTED/CONNECTED, reason: (unspecified), extra: "GoTrojans", failover: false, available: true, roaming: false, metered: false]
01-28 17:43:35.790  1391  5391 D ConnectivityService: filterNetworkStateForUid() uid: 10413 networkInfo: [type: WIFI[] - WIFI, state: CONNECTED/CONNECTED, reason: (unspecified), extra: "GoTrojans", failover: false, available: true, roaming: false, metered: false]
01-28 17:43:35.792  1391  2481 D ConnectivityService: filterNetworkStateForUid() uid: 10114 networkInfo: [type: WIFI[] - WIFI, state: CONNECTED/CONNECTED, reason: (unspecified), extra: "GoTrojans", failover: false, available: true, roaming: false, metered: false]
01-28 17:43:35.792  1391  2481 D ConnectivityService: filterNetworkStateForUid() uid: 10117 networkInfo: [type: WIFI[] - WIFI, state: CONNECTED/CONNECTED, reason: (unspecified), extra: "GoTrojans", failover: false, available: true, roaming: false, metered: false]
01-28 17:43:35.793  1391  2481 D ConnectivityService: filterNetworkStateForUid() uid: 10037 networkInfo: [type: WIFI[] - WIFI, state: DISCONNECTED/BLOCKED, reason: (unspecified), extra: (none), failover: false, available: true, roaming: false, metered: false]
01-28 17:43:35.793  1391  2388 D ConnectivityService: filterNetworkStateForUid() uid: 10413 networkInfo: [type: WIFI[] - WIFI, state: CONNECTED/CONNECTED, reason: (unspecified), extra: "GoTrojans", failover: false, available: true, roaming: false, metered: false]
01-28 17:43:35.793  1391  2481 D ConnectivityService: filterNetworkStateForUid() uid: 10117 networkInfo: [type: WIFI[] - WIFI, state: CONNECTED/CONNECTED, reason: (unspecified), extra: "GoTrojans", failover: false, available: true, roaming: false, metered: false]
01-28 17:43:35.793  3043  3043 D EPDG -- SIM0 [SMARTWIFI]: Wifi RSSI intent received -- newRssi : -63intent Intent { act=android.net.wifi.RSSI_CHANGED flg=0x4000010 (has extras) }
01-28 17:43:35.793  1391  2481 D ConnectivityService: filterNetworkStateForUid() uid: 10025 networkInfo: [type: WIFI[] - WIFI, state: CONNECTED/CONNECTED, reason: (unspecified), extra: "GoTrojans", failover: false, available: true, roaming: false, metered: false]
01-28 17:43:35.793  3043  5264 D EPDG -- SIM0 [SMARTWIFI]: isWifiRssiLessOrEqualsHandoverThreshold: received rssi is: -63 handover threshold is: -85
01-28 17:43:35.793  3043  5264 D EPDG -- SIM0 [SMARTWIFI]: New rssi value is: -63
01-28 17:43:35.793  3043  5264 D EPDG -- SIM0 [SMARTWIFI]: Rssi : -63 highrange : -71 lowrange : -80 mIsRssiInHystersis : false
01-28 17:43:35.793  3043  5264 V EPDG -- SIM0 [SMARTWIFI]: wifi oldest entry removed
01-28 17:43:35.793  3043  5264 V EPDG -- SIM0 [SMARTWIFI]: wifi entry added
01-28 17:43:35.793  3043  5264 V EPDG -- SIM0 [SMARTWIFI]: New entry : (-63 : 0 )
01-28 17:43:35.793  3043  5264 D EPDG -- SIM0 [SMARTWIFI]: isWifiSignalUpgraded: lastStrength: -64 currentStrength: -63
01-28 17:43:35.793  3043  5264 D EPDG -- SIM0 [SMARTWIFI]: isL2WHandoverProfilingRunning: returning: false
01-28 17:43:35.793  3043  5264 D EPDG -- SIM0 [SMARTWIFI]: No need to send L2WHandoverProfiling runnable
01-28 17:43:35.793  3043  5264 D EPDG -- SIM0 [SMARTWIFI]: No need to run ping : (lastStrength-64 : mWeakWifiLevel2 : mWifiGoodDbValue-70 : mWifiBadDbValue-80 : currentStrength)-63
01-28 17:43:35.793  3043  5264 D EPDG -- SIM0 [SMARTWIFI]: isWifiSignalDegraded: lastStrength: -64 currentStrength: -63
01-28 17:43:35.793  3043  5264 D EPDG -- SIM0 [SMARTWIFI]: getHandoverThresholdMet: value is: false
01-28 17:43:35.793  1391  2481 D ConnectivityService: filterNetworkStateForUid() uid: 10016 networkInfo: [type: WIFI[] - WIFI, state: CONNECTED/CONNECTED, reason: (unspecified), extra: "GoTrojans", failover: false, available: true, roaming: false, metered: false]
01-28 17:43:35.794  1391  2481 D ConnectivityService: filterNetworkStateForUid() uid: 10046 networkInfo: [type: WIFI[] - WIFI, state: CONNECTED/CONNECTED, reason: (unspecified), extra: "GoTrojans", failover: false, available: true, roaming: false, metered: false]
01-28 17:43:35.794  1391  2481 D ConnectivityService: filterNetworkStateForUid() uid: 10016 networkInfo: [type: WIFI[] - WIFI, state: CONNECTED/CONNECTED, reason: (unspecified), extra: "GoTrojans", failover: false, available: true, roaming: false, metered: false]
01-28 17:43:35.795  1391  2481 D ConnectivityService: filterNetworkStateForUid() uid: 10016 networkInfo: [type: WIFI[] - WIFI, state: CONNECTED/CONNECTED, reason: (unspecified), extra: "GoTrojans", failover: false, available: true, roaming: false, metered: false]
01-28 17:43:35.795  1391  2488 D ConnectivityService: sending notification CAP_CHANGED for NetworkRequest [ LISTEN id=1166, [ Capabilities: INTERNET&NOT_RESTRICTED&TRUSTED&NOT_VPN] ]
01-28 17:43:35.795  1391  2488 D ConnectivityService:  sending notification for NetworkRequest [ LISTEN id=1242, [ Capabilities: INTERNET&NOT_RESTRICTED&TRUSTED] ]
01-28 17:43:35.795  1391  2481 D ConnectivityService: filterNetworkStateForUid() uid: 1000 networkInfo: [type: WIFI[] - WIFI, state: CONNECTED/CONNECTED, reason: (unspecified), extra: "GoTrojans", failover: false, available: true, roaming: false, metered: false]
01-28 17:43:35.795  1391  2488 D ConnectivityService: sending notification CAP_CHANGED for NetworkRequest [ LISTEN id=1242, [ Capabilities: INTERNET&NOT_RESTRICTED&TRUSTED] ]
01-28 17:43:35.795  1391  3082 D ConnectivityService: filterNetworkStateForUid() uid: 10413 networkInfo: [type: WIFI[] - WIFI, state: CONNECTED/CONNECTED, reason: (unspecified), extra: "GoTrojans", failover: false, available: true, roaming: false, metered: false]
01-28 17:43:35.795  1391  2481 D ConnectivityService: filterNetworkStateForUid() uid: 5009 networkInfo: [type: WIFI[] - WIFI, state: CONNECTED/CONNECTED, reason: (unspecified), extra: "GoTrojans", failover: false, available: true, roaming: false, metered: false]
01-28 17:43:35.795  1391  2481 D ConnectivityService: filterNetworkStateForUid() uid: 10417 networkInfo: [type: WIFI[] - WIFI, state: DISCONNECTED/BLOCKED, reason: (unspecified), extra: (none), failover: false, available: true, roaming: false, metered: false]
01-28 17:43:35.796  1391  2481 D ConnectivityService: filterNetworkStateForUid() uid: 10016 networkInfo: [type: WIFI[] - WIFI, state: CONNECTED/CONNECTED, reason: (unspecified), extra: "GoTrojans", failover: false, available: true, roaming: false, metered: false]
01-28 17:43:35.796  2667  2840 D OpenGLRenderer: eglCreateWindowSurface = 0x794c2bdb20
01-28 17:43:35.796  1391  3082 D ConnectivityService: filterNetworkStateForUid() uid: 10033 networkInfo: [type: WIFI[] - WIFI, state: CONNECTED/CONNECTED, reason: (unspecified), extra: "GoTrojans", failover: false, available: true, roaming: false, metered: false]
01-28 17:43:35.796  1391  2481 D ConnectivityService: filterNetworkStateForUid() uid: 10417 networkInfo: [type: WIFI[] - WIFI, state: DISCONNECTED/BLOCKED, reason: (unspecified), extra: (none), failover: false, available: true, roaming: false, metered: false]
01-28 17:43:35.797  1391  2481 D ConnectivityService: filterNetworkStateForUid() uid: 10068 networkInfo: [type: WIFI[] - WIFI, state: CONNECTED/CONNECTED, reason: (unspecified), extra: "GoTrojans", failover: false, available: true, roaming: false, metered: false]
01-28 17:43:35.797  1391  2481 D ConnectivityService: filterNetworkStateForUid() uid: 1000 networkInfo: [type: WIFI[] - WIFI, state: CONNECTED/CONNECTED, reason: (unspecified), extra: "GoTrojans", failover: false, available: true, roaming: false, metered: false]
01-28 17:43:35.798  1391  2481 D ConnectivityService: filterNetworkStateForUid() uid: 10101 networkInfo: [type: WIFI[] - WIFI, state: DISCONNECTED/BLOCKED, reason: (unspecified), extra: (none), failover: false, available: true, roaming: false, metered: false]
01-28 17:43:35.799  1391  2481 D ConnectivityService: filterNetworkStateForUid() uid: 10065 networkInfo: [type: WIFI[] - WIFI, state: DISCONNECTED/BLOCKED, reason: (unspecified), extra: (none), failover: false, available: true, roaming: false, metered: false]
01-28 17:43:35.799  1391  2894 D ConnectivityService: filterNetworkStateForUid() uid: 10426 networkInfo: [type: WIFI[] - WIFI, state: CONNECTED/CONNECTED, reason: (unspecified), extra: "GoTrojans", failover: false, available: true, roaming: false, metered: false]
01-28 17:43:35.800  1391  2481 D ConnectivityService: filterNetworkStateForUid() uid: 10016 networkInfo: [type: WIFI[] - WIFI, state: CONNECTED/CONNECTED, reason: (unspecified), extra: "GoTrojans", failover: false, available: true, roaming: false, metered: false]
01-28 17:43:35.801  1391  2481 I chatty  : uid=1000(system) ConnectivityThr identical 2 lines
01-28 17:43:35.801  1391  2481 D ConnectivityService: filterNetworkStateForUid() uid: 10016 networkInfo: [type: WIFI[] - WIFI, state: CONNECTED/CONNECTED, reason: (unspecified), extra: "GoTrojans", failover: false, available: true, roaming: false, metered: false]
01-28 17:43:35.802  1391  2481 D ConnectivityService: filterNetworkStateForUid() uid: 1000 networkInfo: [type: WIFI[] - WIFI, state: CONNECTED/CONNECTED, reason: (unspecified), extra: "GoTrojans", failover: false, available: true, roaming: false, metered: false]
01-28 17:43:35.802  1391  2481 D ConnectivityService: filterNetworkStateForUid() uid: 5009 networkInfo: [type: WIFI[] - WIFI, state: CONNECTED/CONNECTED, reason: (unspecified), extra: "GoTrojans", failover: false, available: true, roaming: false, metered: false]
01-28 17:43:35.803  1391  2481 D ConnectivityService: filterNetworkStateForUid() uid: 10114 networkInfo: [type: WIFI[] - WIFI, state: CONNECTED/CONNECTED, reason: (unspecified), extra: "GoTrojans", failover: false, available: true, roaming: false, metered: false]
01-28 17:43:35.803  1391  2481 D ConnectivityService: filterNetworkStateForUid() uid: 10033 networkInfo: [type: WIFI[] - WIFI, state: CONNECTED/CONNECTED, reason: (unspecified), extra: "GoTrojans", failover: false, available: true, roaming: false, metered: false]
01-28 17:43:35.803  1391  2481 D ConnectivityService: filterNetworkStateForUid() uid: 1000 networkInfo: [type: WIFI[] - WIFI, state: CONNECTED/CONNECTED, reason: (unspecified), extra: "GoTrojans", failover: false, available: true, roaming: false, metered: false]
01-28 17:43:35.803  1391  2481 D ConnectivityService: filterNetworkStateForUid() uid: 10114 networkInfo: [type: WIFI[] - WIFI, state: CONNECTED/CONNECTED, reason: (unspecified), extra: "GoTrojans", failover: false, available: true, roaming: false, metered: false]
01-28 17:43:35.805  1391  2481 D ConnectivityService: filterNetworkStateForUid() uid: 10046 networkInfo: [type: WIFI[] - WIFI, state: CONNECTED/CONNECTED, reason: (unspecified), extra: "GoTrojans", failover: false, available: true, roaming: false, metered: false]
01-28 17:43:35.806  1391  2894 V WindowManager: finishDrawingLocked: mDrawState=COMMIT_DRAW_PENDING Window{952b0d8 u0 StatusBar} in Surface(name=StatusBar)
01-28 17:43:35.807  2667  2667 D ViewRootImpl@17f542f[AssistPreviewPanel]: dispatchAttachedToWindow
01-28 17:43:35.806  1391  2481 D ConnectivityService: filterNetworkStateForUid() uid: 10016 networkInfo: [type: WIFI[] - WIFI, state: CONNECTED/CONNECTED, reason: (unspecified), extra: "GoTrojans", failover: false, available: true, roaming: false, metered: false]
01-28 17:43:35.808  1391  2481 D ConnectivityService: filterNetworkStateForUid() uid: 10068 networkInfo: [type: WIFI[] - WIFI, state: CONNECTED/CONNECTED, reason: (unspecified), extra: "GoTrojans", failover: false, available: true, roaming: false, metered: false]
01-28 17:43:35.808  1391  2481 D ConnectivityService: filterNetworkStateForUid() uid: 1000 networkInfo: [type: WIFI[] - WIFI, state: CONNECTED/CONNECTED, reason: (unspecified), extra: "GoTrojans", failover: false, available: true, roaming: false, metered: false]
01-28 17:43:35.809  1391  2481 D ConnectivityService: filterNetworkStateForUid() uid: 10016 networkInfo: [type: WIFI[] - WIFI, state: CONNECTED/CONNECTED, reason: (unspecified), extra: "GoTrojans", failover: false, available: true, roaming: false, metered: false]
01-28 17:43:35.809  1391  2481 D ConnectivityService: filterNetworkStateForUid() uid: 10116 networkInfo: [type: WIFI[] - WIFI, state: CONNECTED/CONNECTED, reason: (unspecified), extra: "GoTrojans", failover: false, available: true, roaming: false, metered: false]
01-28 17:43:35.810  1391  2481 D ConnectivityService: filterNetworkStateForUid() uid: 10016 networkInfo: [type: WIFI[] - WIFI, state: CONNECTED/CONNECTED, reason: (unspecified), extra: "GoTrojans", failover: false, available: true, roaming: false, metered: false]
01-28 17:43:35.810  1391  2481 D ConnectivityService: filterNetworkStateForUid() uid: 10016 networkInfo: [type: WIFI[] - WIFI, state: CONNECTED/CONNECTED, reason: (unspecified), extra: "GoTrojans", failover: false, available: true, roaming: false, metered: false]
01-28 17:43:35.810  1391  2481 D ConnectivityService: filterNetworkStateForUid() uid: 10068 networkInfo: [type: WIFI[] - WIFI, state: CONNECTED/CONNECTED, reason: (unspecified), extra: "GoTrojans", failover: false, available: true, roaming: false, metered: false]
01-28 17:43:35.811  1391  2481 D ConnectivityService: filterNetworkStateForUid() uid: 10033 networkInfo: [type: WIFI[] - WIFI, state: CONNECTED/CONNECTED, reason: (unspecified), extra: "GoTrojans", failover: false, available: true, roaming: false, metered: false]
01-28 17:43:35.811  1391  2481 D ConnectivityService: filterNetworkStateForUid() uid: 10051 networkInfo: [type: WIFI[] - WIFI, state: CONNECTED/CONNECTED, reason: (unspecified), extra: "GoTrojans", failover: false, available: true, roaming: false, metered: false]
01-28 17:43:35.811  1391  2481 D ConnectivityService: filterNetworkStateForUid() uid: 10016 networkInfo: [type: WIFI[] - WIFI, state: CONNECTED/CONNECTED, reason: (unspecified), extra: "GoTrojans", failover: false, available: true, roaming: false, metered: false]
01-28 17:43:35.812  1391  2481 D ConnectivityService: filterNetworkStateForUid() uid: 10114 networkInfo: [type: WIFI[] - WIFI, state: CONNECTED/CONNECTED, reason: (unspecified), extra: "GoTrojans", failover: false, available: true, roaming: false, metered: false]
01-28 17:43:35.812  1391  2481 D ConnectivityService: filterNetworkStateForUid() uid: 10016 networkInfo: [type: WIFI[] - WIFI, state: CONNECTED/CONNECTED, reason: (unspecified), extra: "GoTrojans", failover: false, available: true, roaming: false, metered: false]
01-28 17:43:35.812  1391  2481 D ConnectivityService: filterNetworkStateForUid() uid: 1000 networkInfo: [type: WIFI[] - WIFI, state: CONNECTED/CONNECTED, reason: (unspecified), extra: "GoTrojans", failover: false, available: true, roaming: false, metered: false]
01-28 17:43:35.812  1391  2481 D ConnectivityService: filterNetworkStateForUid() uid: 1001 networkInfo: [type: WIFI[] - WIFI, state: CONNECTED/CONNECTED, reason: (unspecified), extra: "GoTrojans", failover: false, available: true, roaming: false, metered: false]
01-28 17:43:35.813  1391  2894 V WindowManager: Relayout Window{dd7936d u0 AssistPreviewPanel}: viewVisibility=8 req=1920x750 WM.LayoutParams{(0,0)(fillx750) gr=#800053 sim=#31 ty=2033 fl=#1000118 fmt=-3 vsysui=0x700 colorMode=0 naviIconColor=0}
01-28 17:43:35.813  1391  2481 D ConnectivityService: filterNetworkStateForUid() uid: 10117 networkInfo: [type: WIFI[] - WIFI, state: CONNECTED/CONNECTED, reason: (unspecified), extra: "GoTrojans", failover: false, available: true, roaming: false, metered: false]
01-28 17:43:35.813  1391  2481 D ConnectivityService: filterNetworkStateForUid() uid: 5009 networkInfo: [type: WIFI[] - WIFI, state: CONNECTED/CONNECTED, reason: (unspecified), extra: "GoTrojans", failover: false, available: true, roaming: false, metered: false]
01-28 17:43:35.813  1391  2481 D ConnectivityService: filterNetworkStateForUid() uid: 10016 networkInfo: [type: WIFI[] - WIFI, state: CONNECTED/CONNECTED, reason: (unspecified), extra: "GoTrojans", failover: false, available: true, roaming: false, metered: false]
01-28 17:43:35.813  1391  2481 D ConnectivityService: filterNetworkStateForUid() uid: 10414 networkInfo: [type: WIFI[] - WIFI, state: DISCONNECTED/BLOCKED, reason: (unspecified), extra: (none), failover: false, available: true, roaming: false, metered: false]
01-28 17:43:35.814  1391  2481 D ConnectivityService: filterNetworkStateForUid() uid: 10114 networkInfo: [type: WIFI[] - WIFI, state: CONNECTED/CONNECTED, reason: (unspecified), extra: "GoTrojans", failover: false, available: true, roaming: false, metered: false]
