03-09 20:33:09.187  7195  7285 I Adreno  : Shader Compiler Version : EV031.22.00.01
03-09 20:33:09.187  7195  7285 I Adreno  : Local Branch            : 
03-09 20:33:09.187  7195  7285 I Adreno  : Remote Branch           : refs/tags/AU_LINUX_ANDROID_LA.UM.6.5.R1.08.00.00.312.043
03-09 20:33:09.187  7195  7285 I Adreno  : Remote Branch           : NONE
03-09 20:33:09.187  7195  7285 I Adreno  : Reconstruct Branch      : NOTHING
03-09 20:33:09.188  7195  7285 I vndksupport: sphal namespace is not configured for this process. Loading /vendor/lib/hw/gralloc.msm8996.so from the current namespace instead.
03-09 20:33:09.199  1865  3154 V WindowManager: finishDrawingLocked: mDrawState=COMMIT_DRAW_PENDING Window{a36c9b6 u0 com.TeamNA.GiftGame/com.epicgames.ue4.GameActivity} in Surface(name=com.TeamNA.GiftGame/com.epicgames.ue4.GameActivity)
03-09 20:33:09.200  7301  7301 D ScrollView: initGoToTop
03-09 20:33:09.204  7195  7195 D ViewRootImpl@732bc28[GameActivity]: MSG_RESIZED_REPORT: frame=Rect(0, 0 - 1920, 1080) ci=Rect(0, 0 - 0, 0) vi=Rect(0, 0 - 0, 0) or=2
03-09 20:33:09.206  7195  7195 D ViewRootImpl@732bc28[GameActivity]: MSG_WINDOW_FOCUS_CHANGED 1
03-09 20:33:09.215  7195  7195 V threaded_app: WindowFocusChanged: 0xda6acda0 -- 1
03-09 20:33:09.215  7195  7286 D UE4     : LogAndroid: Case APP_CMD_GAINED_FOCUS
03-09 20:33:09.215  7195  7286 D UE4     : LogAndroidEvents: EnqueueAppEvent : 11, 0, tid = 7286
03-09 20:33:09.237  7195  7195 V InputMethodManager: Starting input: tba=android.view.inputmethod.EditorInfo@fa9ed6e nm : com.TeamNA.GiftGame ic=null
03-09 20:33:09.237  7195  7195 I InputMethodManager: startInputInner - mService.startInputOrWindowGainedFocus
03-09 20:33:09.238  1865  3458 D InputMethodManagerService: startInputOrWindowGainedFocus : windowGainedFocus 
03-09 20:33:09.238  1865  3458 D InputMethodManagerService: windowGainedFocus: destinationUserId (getCallingUid) = 0
03-09 20:33:09.238  1865  3458 D InputMethodManagerService: windowGainedFocus: currentUserId=0
03-09 20:33:09.238  1865  3458 D InputMethodManagerService: windowGainedFocus: mCurrentFocusedUserId=0
03-09 20:33:09.238  1865  3458 D InputMethodManagerService: windowGainedFocus : lock - currentUserId = 0 destinationUserId = 0
03-09 20:33:09.239  1865  3458 D InputMethodManagerService: windowGainedFocus : mCurrentFocusedUserId - 0 and mSecureKeypadEnabled - false, userSwitched - false
03-09 20:33:09.241  1865  3458 W InputMethodManagerService: Focus gain on non-focused client com.android.internal.view.IInputMethodClient$Stub$Proxy@a5e2890 (uid=10574 pid=7195)
03-09 20:33:09.241  1865  3458 W InputMethodManagerService: calledFromValidUser : true, (mCurFocusedWindow == windowToken) : false, (attribute != null) : true
03-09 20:33:09.241  1865  3458 W InputMethodManagerService: (mCurClient != cs) : true, mCurFocusedWindow : android.os.BinderProxy@196b028, windowToken : android.os.BinderProxy@7c54d51
03-09 20:33:09.241  1865  3458 V InputMethodManagerService: Focus gain on non-focused client mCurClient info is ClientState{c39cecc uid 10066 pid 4078}
03-09 20:33:09.242  7195  7195 D UE4     : === Restoring Transparent Bars due to Visibility Change ===
03-09 20:33:09.242  7195  7195 D UE4     : === Restoring Transparent Bars ===
03-09 20:33:09.243  3136  3136 E adbd    : recv: OPEN 000024f4 00000000 0010:73 68 65 6C 6C 2C 76 32 2C 72 61 77 3A 70 73 00 
03-09 20:33:09.243  3136  3136 E adbd    : service_to_fd: shell,v2,raw:ps
03-09 20:33:09.248  7195  7195 D ViewRootImpl@732bc28[GameActivity]: MSG_WINDOW_FOCUS_CHANGED 0
03-09 20:33:09.248  7195  7195 V threaded_app: WindowFocusChanged: 0xda6acda0 -- 0
03-09 20:33:09.248  7195  7286 D UE4     : LogAndroid: Case APP_CMD_LOST_FOCUS
03-09 20:33:09.248  7195  7286 D UE4     : LogAndroidEvents: EnqueueAppEvent : 10, 0, tid = 7286
03-09 20:33:09.256  7195  7195 D UE4     : === Restoring Transparent Bars due to Visibility Change ===
03-09 20:33:09.256  7195  7195 D UE4     : === Restoring Transparent Bars ===
03-09 20:33:09.258  7329  7329 E propClient: PropClient failed to load
03-09 20:33:09.260  1865  3154 V WindowManager: Relayout Window{a36c9b6 u0 com.TeamNA.GiftGame/com.epicgames.ue4.GameActivity}: viewVisibility=0 req=1920x1080 WM.LayoutParams{(0,0)(fillxfill) sim=#10 ty=1 fl=#1810500 pfl=0x20000 fmt=1 wanim=0x1030001 vsysui=0x1706 sysuil=true needsMenuKey=2 colorMode=0 naviIconColor=0}
03-09 20:33:09.274  7195  7195 D ViewRootImpl@732bc28[GameActivity]: Relayout returned: old=[0,0][1920,1080] new=[0,0][1920,1080] result=0x1 surface={valid=true 3424931840} changed=false
03-09 20:33:09.275  7329  7329 E propClient: PropClient failed to load
03-09 20:33:09.279   737   778 E ANDR-PERF-MPCTL: Invalid profile no. 0, total profiles 0 only
03-09 20:33:09.279  1865  3210 D CustomFrequencyManagerService: releaseDVFSLockLocked : Getting Lock type frm List : DVFS_MIN_LIMIT  frequency : 1555200  uid : 1000  pid : 1865  tag : AMS_APP_SWITCH@CPU_MIN@69
03-09 20:33:09.280  1865  3210 D CustomFrequencyManagerService: acquireDVFSLockLocked : type : DVFS_MIN_LIMIT  frequency : 1555200  uid : 1000  pid : 1865  pkgName : AMS_APP_SWITCH@CPU_MIN@69
03-09 20:33:09.280  1865  3210 D ActivityManagerPerformance: AMP_acquire() APP_SWITCH
03-09 20:33:09.280  1865  3761 D ActivityManagerPerformance: Received MSG_CFMS_HINT_AMS_SWITCH pkgName: com.TeamNA.GiftGame
03-09 20:33:09.280  1865  3210 D ActivityManager: isScaleDownAnimationEnabled() : false
03-09 20:33:09.281  1865  3210 D PersonaManagerService: Current focused persona service handled id set to : 0
03-09 20:33:09.281  1865  3210 D InputDispatcher: Focused application set to: xxxx
03-09 20:33:09.281  1865  2074 D WindowManager: set systemUiVisibility : systemUiFlags= 0x170e fullscreenStackSysUiFlags= 0x0
03-09 20:33:09.282  1865  3210 D InputDispatcher: Focus entered window: 7195
03-09 20:33:09.293  1865  3210 D MARsPolicyManager: onPackageResumedFG pkgName = com.TeamNA.GiftGame, userId = 0
03-09 20:33:09.295  1865  2992 D GameManagerService: handleForegroundChange(). pkgName: com.TeamNA.GiftGame, clsName: com.epicgames.ue4.GameActivity,FgActivityName:com.TeamNA.GiftGame/com.epicgames.ue4.GameActivity
03-09 20:33:09.295  1865  2992 D GameManagerService: sem_perfomance_mode: 0
03-09 20:33:09.295  1865  2992 D GameManagerService: notifyResumePause(). pkg: com.TeamNA.GiftGame, type: 4, isMinimized: false, isTunableApp: false
03-09 20:33:09.295  1865  2992 D GameManagerService:   notifyResumePause(). do nothing. mKillNotiCount: 3
03-09 20:33:09.297  1865  3154 D WindowManager: adjustSystemUiVisibilityLw : vis= 0x170e
03-09 20:33:09.308  1865  3154 V WindowManager: Relayout Window{d947ebf u0 com.TeamNA.GiftGame/com.epicgames.ue4.GameActivity}: viewVisibility=0 req=1920x1080 WM.LayoutParams{(0,0)(fillxfill) gr=#11 sim=#120 ty=2 fl=#1810508 pfl=0x20000 wanim=0x1030001 vsysui=0xf02 needsMenuKey=2 colorMode=0 naviIconColor=0}
03-09 20:33:09.316  1865  2437 D ViewRootImpl@5149d64[GiftGame]: dispatchDetachedFromWindow
03-09 20:33:09.316  1865  2437 D InputEventReceiver: channel '113abcd Splash Screen com.TeamNA.GiftGame (client)' ~ Disposing input event receiver.
03-09 20:33:09.316  1865  2437 D InputEventReceiver: channel '113abcd Splash Screen com.TeamNA.GiftGame (client)' ~NativeInputEventReceiver.
03-09 20:33:09.359  7195  7195 D ViewRootImpl@e58ced6[GameActivity]: Relayout returned: old=[0,0][1920,1080] new=[0,0][1920,1080] result=0x1 surface={valid=true 3424540672} changed=false
03-09 20:33:09.361  7195  7195 D PermissionFragment: permission granted for android.permission.WRITE_EXTERNAL_STORAGE
03-09 20:33:09.363  1865  2437 I WindowManager: Destroying surface Surface(name=Splash Screen com.TeamNA.GiftGame) called by com.android.server.wm.WindowStateAnimator.destroySurface:2501 com.android.server.wm.WindowStateAnimator.destroySurfaceLocked:985 com.android.server.wm.WindowState.removeImmediately:2404 com.android.server.wm.WindowState.removeIfPossible:2612 com.android.server.wm.WindowState.removeIfPossible:2442 com.android.server.wm.WindowManagerService.removeWindow:2020 com.android.server.wm.Session.remove:237 android.view.ViewRootImpl.dispatchDetachedFromWindow:4101 
03-09 20:33:09.363   773   847 I SurfaceFlinger: id=7799 Removed Splash Screen com.TeamNA.GiftGame#0 (1/5)
03-09 20:33:09.364   773   847 I SurfaceFlinger: id=7799 Removed Splash Screen com.TeamNA.GiftGame#0 (-2/5)
03-09 20:33:09.368  7195  7285 D UE4     : LogPluginManager: Mounting plugin Paper2D
03-09 20:33:09.368   773   773 I Layer   : id=7799 onRemoved Splash Screen com.TeamNA.GiftGame#0 
03-09 20:33:09.370   773   773 D SurfaceFlinger: postFramebuffer : visible layers are empty!!
03-09 20:33:09.373  7195  7285 D UE4     : LogPluginManager: Mounting plugin AISupport
03-09 20:33:09.375  7195  7285 D UE4     : LogPluginManager: Mounting plugin LightPropagationVolume
03-09 20:33:09.377  7195  7285 D UE4     : LogPluginManager: Mounting plugin AssetManagerEditor
03-09 20:33:09.379  7195  7285 D UE4     : LogPluginManager: Mounting plugin CryptoKeys
03-09 20:33:09.381  7195  7285 D UE4     : LogPluginManager: Mounting plugin FacialAnimation
03-09 20:33:09.383   737   778 E ANDR-PERF-MPCTL: Invalid profile no. 0, total profiles 0 only
03-09 20:33:09.383  1865  2111 D CustomFrequencyManagerService: acquireDVFSLockLocked : type : DVFS_MIN_LIMIT  frequency : 1555200  uid : 1000  pid : 1865  pkgName : AMS_RESUME_TAIL@CPU_MIN@26
03-09 20:33:09.383  1865  2111 D ActivityManagerPerformance: AMP_acquire() TAIL
03-09 20:33:09.384  1865  2111 D CustomFrequencyManagerService: releaseDVFSLockLocked : Getting Lock type frm List : DVFS_MIN_LIMIT  frequency : 1555200  uid : 1000  pid : 1865  tag : AMS_APP_SWITCH@CPU_MIN@69
03-09 20:33:09.384  7195  7285 D UE4     : LogPluginManager: Mounting plugin MeshEditor
03-09 20:33:09.384  1865  2111 D ActivityManagerPerformance: AMP_release() APP_SWITCH
03-09 20:33:09.387  7195  7195 V threaded_app: Resume: 0xda6acda0
03-09 20:33:09.387  7195  7286 V threaded_app: activityState=11
03-09 20:33:09.388  7195  7286 D UE4     : Case APP_CMD_RESUME
03-09 20:33:09.388  7195  7286 D UE4     : LogAndroid: Case APP_CMD_RESUME
03-09 20:33:09.388  7195  7286 D UE4     : LogAndroidEvents: EnqueueAppEvent : 7, 0, tid = 7286
03-09 20:33:09.388  7195  7195 D UE4     : === Restoring Transparent Bars ===
03-09 20:33:09.388  7195  7285 D UE4     : LogPluginManager: Mounting plugin DatasmithContent
03-09 20:33:09.388  7195  7195 D UE4     : ==============> [JAVA] AndroidThunkJava_KeepScreenOn(false) - Enabled screen saver
03-09 20:33:09.389   773   773 I SurfaceFlinger: Display 0 HWC layers:
03-09 20:33:09.389   773   773 I SurfaceFlinger:     type    |    handle    | flag |  format   |   source crop (l,t,r,b)    |         frame       | name 
03-09 20:33:09.389   773   773 I SurfaceFlinger: ------------+--------------+------+-----------+----------------------------+---------------------+------
03-09 20:33:09.389   773   773 I SurfaceFlinger:      Device | 0x71ad149f80 | 0002 | RGBA_8888 |   0.0    0.0 1080.0 1920.0 |    0    0 1080 1920 | com.TeamNA.GiftGame/com.epicgames.ue4.GameActivity#0
03-09 20:33:09.389   773   773 I SurfaceFlinger: 
03-09 20:33:09.389  7195  7195 D UE4     : Registering sensor listeners
03-09 20:33:09.391  7195  7285 D UE4     : LogPluginManager: Mounting plugin VariantManagerContent
03-09 20:33:09.393  7195  7285 D UE4     : LogPluginManager: Mounting plugin AlembicImporter
03-09 20:33:09.393  1865  5655 I SensorService: createSensorEventConnection package name com.epicgames.ue4.GameActivity
03-09 20:33:09.394  7195  7285 D UE4     : LogPluginManager: Mounting plugin AppleImageUtils
03-09 20:33:09.395  1865  3458 D SensorService: Calling batch handle==1 flags=0 rate=20000000 timeout== 0
03-09 20:33:09.395   732   732 I qti_sensors_hal: batch:sensor(android.sensor.accelerometer) handle:1 flags:0x0 period_ns 20000000
03-09 20:33:09.396   732   732 I qti_sensors_hal: batch: current sample rate, report rate & buffering are equal to requested (50.000000,0.000000,0)
03-09 20:33:09.396  7195  7285 D UE4     : LogPluginManager: Mounting plugin AppleVision
03-09 20:33:09.398   732   732 I qti_sensors_hal: SMGRReportAdd:sensor(android.sensor.accelerometer) handle=1, sample_rate=50.000000 report_rate=0 buffer=0
03-09 20:33:09.399  7195  7285 D UE4     : LogPluginManager: Mounting plugin BackChannel
03-09 20:33:09.400  7195  7285 D UE4     : LogPluginManager: Mounting plugin CharacterAI
03-09 20:33:09.404  7195  7195 D SensorManager: registerListener :: 1, K6DS3TR Accelerometer, 20000, 0,  
03-09 20:33:09.405  1865  3458 D SensorService: Calling batch handle==3 flags=0 rate=20000000 timeout== 0
03-09 20:33:09.405   732   732 I qti_sensors_hal: batch:sensor(android.sensor.magnetic_field) handle:11 flags:0x0 period_ns 20000000
03-09 20:33:09.405   732   732 I qti_sensors_hal: batch: current sample rate, report rate & buffering are equal to requested (50.000000,0.000000,0)
03-09 20:33:09.405  7195  7285 D UE4     : LogPluginManager: Mounting plugin GeometryCache
03-09 20:33:09.406   732   732 I qti_sensors_hal: SMGRReportAdd:sensor(android.sensor.magnetic_field) handle=11, sample_rate=50.000000 report_rate=0 buffer=0
03-09 20:33:09.407  7195  7285 D UE4     : LogPluginManager: Mounting plugin AndroidMedia
03-09 20:33:09.409  7195  7195 D SensorManager: registerListener :: 3, AK09911C Magnetometer, 20000, 0,  
03-09 20:33:09.409  7195  7285 D UE4     : LogPluginManager: Mounting plugin ImgMedia
03-09 20:33:09.410  1865  3210 D SensorService: Calling batch handle==5 flags=0 rate=20000000 timeout== 0
03-09 20:33:09.411   732   732 I qti_sensors_hal: batch:sensor(android.sensor.gyroscope) handle:3 flags:0x0 period_ns 20000000
03-09 20:33:09.411   732   732 I qti_sensors_hal: batch: current sample rate, report rate & buffering are equal to requested (50.000000,0.000000,0)
03-09 20:33:09.411  7195  7285 D UE4     : LogPluginManager: Mounting plugin LinearTimecode
03-09 20:33:09.412   732   881 I qti_sensors_hal: processReportInd: Accel - X: -0.273 Y: 0.005 Z: 9.720
03-09 20:33:09.413  7195  7285 D UE4     : LogPluginManager: Mounting plugin MediaCompositing
03-09 20:33:09.416  7195  7285 D UE4     : LogPluginManager: Mounting plugin TcpMessaging
03-09 20:33:09.416   732  2440 I qti_sensors_hal: SMGRReportAdd:sensor(android.sensor.gyroscope) handle=3, sample_rate=50.000000 report_rate=0 buffer=0
03-09 20:33:09.418  7195  7285 D UE4     : LogPluginManager: Mounting plugin UdpMessaging
03-09 20:33:09.420  7195  7285 D UE4     : LogPluginManager: Mounting plugin ActorSequence
03-09 20:33:09.422  7195  7195 D SensorManager: registerListener :: 5, K6DS3TR Gyroscope, 20000, 0,  
03-09 20:33:09.422  1865  2108 D MARsDBManager: onChange - mSmartManagerObserver! Uri = content://com.samsung.android.sm/AppFreezer?MARs-self=true&MARs=true
03-09 20:33:09.422  7195  7195 D UE4     : App is running in Landscape
03-09 20:33:09.422  7195  7195 D UE4     : === Restoring Transparent Bars ===
03-09 20:33:09.422  7195  7195 D UE4     : ==============> Resuming main init
03-09 20:33:09.423  7195  7195 D UE4     : ==============> GameActive.onResume complete!
03-09 20:33:09.424  1865  5655 D ActivityManager: post active user change for 0 fullscreen true isHomeActivity() false
03-09 20:33:09.425  7195  7195 D ViewRootImpl@732bc28[GameActivity]: MSG_WINDOW_FOCUS_CHANGED 1
03-09 20:33:09.427  7195  7285 D UE4     : LogPluginManager: Mounting plugin NetcodeUnitTest
03-09 20:33:09.429  7195  7195 V threaded_app: WindowFocusChanged: 0xda6acda0 -- 1
03-09 20:33:09.429  7195  7285 D UE4     : LogPluginManager: Mounting plugin NUTUnrealEngine4
03-09 20:33:09.429  7195  7286 D UE4     : LogAndroid: Case APP_CMD_GAINED_FOCUS
03-09 20:33:09.429  7195  7286 D UE4     : LogAndroidEvents: EnqueueAppEvent : 11, 0, tid = 7286
03-09 20:33:09.431  7195  7285 D UE4     : LogPluginManager: Mounting plugin OnlineSubsystemGooglePlay
03-09 20:33:09.432  7195  7195 V InputMethodManager: Starting input: tba=android.view.inputmethod.EditorInfo@2c5cc0f nm : com.TeamNA.GiftGame ic=null
03-09 20:33:09.432  7195  7195 I InputMethodManager: startInputInner - mService.startInputOrWindowGainedFocus
03-09 20:33:09.433  1865  3458 D InputMethodManagerService: startInputOrWindowGainedFocus : windowGainedFocus 
03-09 20:33:09.433  1865  3458 D InputMethodManagerService: windowGainedFocus: destinationUserId (getCallingUid) = 0
03-09 20:33:09.433  1865  3458 D InputMethodManagerService: windowGainedFocus: currentUserId=0
03-09 20:33:09.433  1865  3458 D InputMethodManagerService: windowGainedFocus: mCurrentFocusedUserId=0
03-09 20:33:09.433  1865  3458 D InputMethodManagerService: windowGainedFocus : lock - currentUserId = 0 destinationUserId = 0
03-09 20:33:09.433  1865  3458 D InputMethodManagerService: windowGainedFocus : mCurrentFocusedUserId - 0 and mSecureKeypadEnabled - false, userSwitched - false
03-09 20:33:09.433  7195  7285 D UE4     : LogPluginManager: Mounting plugin OnlineSubsystem
03-09 20:33:09.434  1865  3458 V InputMethodManagerService: windowGainedFocus : reason=WINDOW_FOCUS_GAIN client=android.os.BinderProxy@96a3419 inputContext=null missingMethods= attribute=android.view.inputmethod.EditorInfo@fb095af nm = com.TeamNA.GiftGame controlFlags=#101 softInputMode=#110 windowFlags=#1810500
03-09 20:33:09.434  1865  3458 V InputMethodManagerService: hideCurrentInputLocked : shouldHideSoftInput is false
03-09 20:33:09.434  3108  2200 D SystemServicesProxy: updateOverviewLastStackActiveTimeAsync: newTime=1552185189285
03-09 20:33:09.434  1865  3458 D InputMethodManagerService: isImeSwitcherDisabledPackage : false
03-09 20:33:09.435  1865  3458 V InputMethodManagerService: Creating new session for client ClientState{253dbc uid 10574 pid 7195}
03-09 20:33:09.436  7195  7285 D UE4     : LogPluginManager: Mounting plugin OnlineSubsystemNull
03-09 20:33:09.436   732   881 I qti_sensors_hal: processReportInd: Cal Mag Filter, 0, 0, 0.000000, 0.000000, 0.000000, 0.000000, 0.000000, 0.000000, -0.575256, -51.710510, -61.914062
03-09 20:33:09.438  1865  3210 D SecContentProvider: query(), uri = 17 selection = isSettingsChangesAllowed
03-09 20:33:09.438  1865  3208 D InputMethodManagerService: setCurrentInputInfo - inputContext : null eidtorInfo : android.view.inputmethod.EditorInfo@fb095af missingMethods : 0
03-09 20:33:09.439  7195  7285 D UE4     : LogPluginManager: Mounting plugin OnlineSubsystemUtils
03-09 20:33:09.441  1865  3210 D SecContentProvider: called from android.uid.systemui:10063
03-09 20:33:09.441  7195  7285 D UE4     : LogPluginManager: Mounting plugin AndroidDeviceProfileSelector
03-09 20:33:09.442  3108  3250 D SystemServicesProxy: updateOverviewLastStackActiveTimeAsync: done.
03-09 20:33:09.442  7195  7195 D UE4     : === Restoring Transparent Bars due to Visibility Change ===
03-09 20:33:09.442  7195  7195 D UE4     : === Restoring Transparent Bars ===
03-09 20:33:09.444  3090  3090 I InputMethodWrapper:  call dispatchStartInputWithToken
03-09 20:33:09.444  3090  3090 I InputMethodService: dispatchStartInputWithToken
03-09 20:33:09.445  3090  3090 I SKBD    : SamsungKeypad [IMI] onStartInput - caller pid : 7195, caller uid : 10574
03-09 20:33:09.447  1865  5655 V WindowManager: Relayout Window{a36c9b6 u0 com.TeamNA.GiftGame/com.epicgames.ue4.GameActivity}: viewVisibility=0 req=1920x1080 WM.LayoutParams{(0,0)(fillxfill) sim=#10 ty=1 fl=#1810500 pfl=0x20000 fmt=1 wanim=0x1030001 vsysui=0x1706 sysuil=true needsMenuKey=2 colorMode=0 naviIconColor=0}
03-09 20:33:09.448  7195  7285 D UE4     : LogPluginManager: Mounting plugin AndroidMoviePlayer
03-09 20:33:09.450  7195  7285 D UE4     : LogPluginManager: Mounting plugin AndroidPermission
03-09 20:33:09.452  7195  7285 D UE4     : LogPluginManager: Mounting plugin ArchVisCharacter
03-09 20:33:09.454  7195  7285 D UE4     : LogPluginManager: Mounting plugin CableComponent
03-09 20:33:09.455   732   881 I qti_sensors_hal: processReportInd: Gyro - X: 0.002 Y: -0.004 Z: -0.008 status: 3
03-09 20:33:09.456  7195  7285 D UE4     : LogPluginManager: Mounting plugin CustomMeshComponent
03-09 20:33:09.458  7195  7195 D ViewRootImpl@732bc28[GameActivity]: Relayout returned: old=[0,0][1920,1080] new=[0,0][1920,1080] result=0x1 surface={valid=true 3424931840} changed=false
03-09 20:33:09.458  7195  7285 D UE4     : LogPluginManager: Mounting plugin EditableMesh
03-09 20:33:09.460  7195  7285 D UE4     : LogPluginManager: Mounting plugin ExampleDeviceProfileSelector
03-09 20:33:09.465  7195  7285 D UE4     : LogPluginManager: Mounting plugin Firebase
03-09 20:33:09.467  7195  7285 D UE4     : LogPluginManager: Mounting plugin GoogleCloudMessaging
03-09 20:33:09.467  7195  7195 V InputMethodManager: Starting input: tba=android.view.inputmethod.EditorInfo@4fea49c nm : com.TeamNA.GiftGame ic=null
03-09 20:33:09.469  7195  7285 D UE4     : LogPluginManager: Mounting plugin LocationServicesBPLibrary
03-09 20:33:09.474  7195  7285 D UE4     : LogPluginManager: Mounting plugin MobilePatchingUtils
03-09 20:33:09.476  7195  7285 D UE4     : LogPluginManager: Mounting plugin OculusVR
03-09 20:33:09.485  7195  7285 D UE4     : LogPluginManager: Mounting plugin PhysXVehicles
03-09 20:33:09.491  4078  4078 D StageManager: saved stages : inStack [1, 2] , outStack[]
03-09 20:33:09.493  7195  7285 D UE4     : LogPluginManager: Mounting plugin ProceduralMeshComponent
03-09 20:33:09.495  7195  7285 D UE4     : LogPluginManager: Mounting plugin RuntimePhysXCooking
03-09 20:33:09.497  7195  7285 D UE4     : LogPluginManager: Mounting plugin SteamVR
03-09 20:33:09.498  1865  3760 D Dex2oatAdjuster: Before fg size = 0
03-09 20:33:09.498  1865  3760 D Dex2oatAdjuster: After bg size = 0 fg size = 0
03-09 20:33:09.502  7195  7285 D UE4     : LogStreaming: Display: Took  0.134s to configure plugins.
03-09 20:33:09.502  3378  3403 D ForegroundUtils: could not check pending caller
03-09 20:33:09.513  3378  3403 D ForegroundUtils: could not check pending caller
03-09 20:33:09.514  1865  3760 D Dex2oatAdjuster: Before fg size = 0
03-09 20:33:09.514  1865  3760 D Dex2oatAdjuster: After bg size = 0 fg size = 0
03-09 20:33:09.555  1865  2468 D SamsungAlarmManager: Expired : 8
03-09 20:33:09.556  1865  2468 I SamsungAlarmManager: setLocked to kernel - T:3 / 20190309T203400, SetElapsed=1245941990, nowELAPSED=1245891545
03-09 20:33:09.556  1865  2468 V SamsungAlarmManager: Sending to uid : 10068 action=null alarm=Alarm{33d809a type 3 when 1245891545 com.asurion.android.verizon.vms}
03-09 20:33:09.567  1865  5655 D SamsungAlarmManager: setExact Intent (T:3/F:5/AC:false) 20190309T203314 - CU:10068/CP:4132
03-09 20:33:09.567  1865  5655 I SamsungAlarmManager: setLocked to kernel - T:3 / 20190309T203314, SetElapsed=1245896554, nowELAPSED=1245891556
03-09 20:33:09.627  7195  7285 D UE4     : LogInit: Using libcurl 7.46.0
03-09 20:33:09.627  7195  7285 D UE4     : LogInit:  - built for arm-unknown-linux-androideabi
03-09 20:33:09.627  7195  7285 D UE4     : LogInit:  - supports SSL with OpenSSL/1.0.1s
03-09 20:33:09.627  7195  7285 D UE4     : LogInit:  - supports HTTP deflate (compression) using libz 1.2.8
03-09 20:33:09.627  7195  7285 D UE4     : LogInit:  - other features:
03-09 20:33:09.627  7195  7285 D UE4     : LogInit:      CURL_VERSION_SSL
03-09 20:33:09.627  7195  7285 D UE4     : LogInit:      CURL_VERSION_LIBZ
03-09 20:33:09.627  7195  7285 D UE4     : LogInit:      CURL_VERSION_IPV6
03-09 20:33:09.627  7195  7285 D UE4     : LogInit:      CURL_VERSION_ASYNCHDNS
03-09 20:33:09.627  7195  7285 D UE4     : LogInit:      CURL_VERSION_TLSAUTH_SRP
03-09 20:33:09.628  7195  7285 D UE4     : LogInit:  CurlRequestOptions (configurable via config and command line):
03-09 20:33:09.628  7195  7285 D UE4     : LogInit:  - bVerifyPeer = true  - Libcurl will verify peer certificate
03-09 20:33:09.628  7195  7285 D UE4     : LogInit:  - bUseHttpProxy = false  - Libcurl will NOT use HTTP proxy
03-09 20:33:09.628  7195  7285 D UE4     : LogInit:  - bDontReuseConnections = false  - Libcurl will reuse connections
03-09 20:33:09.628  7195  7285 D UE4     : LogInit:  - MaxHostConnections = 16  - Libcurl will limit the number of connections to a host
03-09 20:33:09.628  7195  7285 D UE4     : LogInit:  - LocalHostAddr = Default
03-09 20:33:09.628  7195  7285 D UE4     : LogInit:  - BufferSize = 65536
03-09 20:33:09.629  7195  7285 D UE4     : LogOnline: Display: OSS: OnlineSubsystemGooglePlayModule::StartupModule()
03-09 20:33:09.630  7195  7285 D UE4     : LogOnline: Warning: OSS: FOnlineSubsystemGooglePlayModule was disabled
03-09 20:33:09.630  7195  7285 D UE4     : LogOnline: OSS: Unable to create OnlineSubsystem module GooglePlay
03-09 20:33:09.631  7195  7285 D UE4     : LogOnline: Warning: OSS: FOnlineSubsystemGooglePlayModule was disabled
03-09 20:33:09.631  7195  7285 D UE4     : LogHMD: App is not packaged for Gear VR
03-09 20:33:09.632  7195  7285 D UE4     : LogInit: Build: ++UE4+Release-4.21-CL-4753647
03-09 20:33:09.632  7195  7285 D UE4     : LogInit: Engine Version: 4.21.2-4753647+++UE4+Release-4.21
03-09 20:33:09.632  7195  7285 D UE4     : LogInit: Compatible Engine Version: 4.21.0-4541578+++UE4+Release-4.21
03-09 20:33:09.632  7195  7285 D UE4     : LogInit: Net CL: 4541578
03-09 20:33:09.632  7195  7285 D UE4     : LogInit: OS: Android (8.0.0), CPU: SM-G930V, GPU: Adreno (TM) 530
03-09 20:33:09.632  7195  7285 D UE4     : LogInit: Compiled (32-bit): Jan 19 2019 03:01:47
03-09 20:33:09.632  7195  7285 D UE4     : LogInit: Compiled with Clang: 3.8.275480 
03-09 20:33:09.632  7195  7285 D UE4     : LogInit: Build Configuration: Development
03-09 20:33:09.632  7195  7285 D UE4     : LogInit: Branch Name: ++UE4+Release-4.21
03-09 20:33:09.632  7195  7285 D UE4     : LogInit: Command Line:   /Game/Maps/MainGame -Messaging -SessionId=AC02C2234D2B64324331CFB8A9F209E3 -SessionOwner="DSU" -SessionName="Launch On Device" -iterative
03-09 20:33:09.632  7195  7285 D UE4     : LogInit: Base Directory: 
03-09 20:33:09.632  7195  7285 D UE4     : LogInit: Installed Engine Build: 0
03-09 20:33:09.632  7195  7285 D UE4     : LogDevObjectVersion: Number of dev versions registered: 22
03-09 20:33:09.632  7195  7285 D UE4     : LogDevObjectVersion:   Dev-Blueprints (B0D832E4-1F89-4F0D-ACCF-7EB736FD4AA2): 10
03-09 20:33:09.632  7195  7285 D UE4     : LogDevObjectVersion:   Dev-Build (E1C64328-A22C-4D53-A36C-8E866417BD8C): 0
03-09 20:33:09.632  7195  7285 D UE4     : LogDevObjectVersion:   Dev-Core (375EC13C-06E4-48FB-B500-84F0262A717E): 2
03-09 20:33:09.632  7195  7285 D UE4     : LogDevObjectVersion:   Dev-Editor (E4B068ED-F494-42E9-A231-DA0B2E46BB41): 26
03-09 20:33:09.632  7195  7285 D UE4     : LogDevObjectVersion:   Dev-Framework (CFFC743F-43B0-4480-9391-14DF171D2073): 34
03-09 20:33:09.632  7195  7285 D UE4     : LogDevObjectVersion:   Dev-Mobile (B02B49B5-BB20-44E9-A304-32B752E40360): 2
03-09 20:33:09.632  7195  7285 D UE4     : LogDevObjectVersion:   Dev-Networking (A4E4105C-59A1-49B5-A7C5-40C4547EDFEE): 0
03-09 20:33:09.632  7195  7285 D UE4     : LogDevObjectVersion:   Dev-Online (39C831C9-5AE6-47DC-9A44-9C173E1C8E7C): 0
03-09 20:33:09.633  7195  7285 D UE4     : LogDevObjectVersion:   Dev-Physics (78F01B33-EBEA-4F98-B9B4-84EACCB95AA2): 0
03-09 20:33:09.633  7195  7285 D UE4     : LogDevObjectVersion:   Dev-Platform (6631380F-2D4D-43E0-8009-CF276956A95A): 0
03-09 20:33:09.633  7195  7285 D UE4     : LogDevObjectVersion:   Dev-Rendering (12F88B9F-8875-4AFC-A67C-D90C383ABD29): 27
03-09 20:33:09.633  7195  7285 D UE4     : LogDevObjectVersion:   Dev-Sequencer (7B5AE74C-D270-4C10-A958-57980B212A5A): 9
03-09 20:33:09.633  7195  7285 D UE4     : LogDevObjectVersion:   Dev-VR (D7296918-1DD6-4BDD-9DE2-64A83CC13884): 2
03-09 20:33:09.633  7195  7285 D UE4     : LogDevObjectVersion:   Dev-LoadTimes (C2A15278-BFE7-4AFE-6C17-90FF531DF755): 1
03-09 20:33:09.633  7195  7285 D UE4     : LogDevObjectVersion:   Private-Geometry (6EACA3D4-40EC-4CC1-B786-8BED09428FC5): 3
03-09 20:33:09.633  7195  7285 D UE4     : LogDevObjectVersion:   Dev-AnimPhys (29E575DD-E0A3-4627-9D10-D276232CDCEA): 17
03-09 20:33:09.633  7195  7285 D UE4     : LogDevObjectVersion:   Dev-Anim (AF43A65D-7FD3-4947-9873-3E8ED9C1BB05): 2
03-09 20:33:09.633  7195  7285 D UE4     : LogDevObjectVersion:   Dev-ReflectionCapture (6B266CEC-1EC7-4B8F-A30B-E4D90942FC07): 1
03-09 20:33:09.633  7195  7285 D UE4     : LogDevObjectVersion:   Dev-Automation (0DF73D61-A23F-47EA-B727-89E90C41499A): 1
03-09 20:33:09.633  7195  7285 D UE4     : LogDevObjectVersion:   FortniteMain (601D1886-AC64-4F84-AA16-D3DE0DEAC7D6): 17
03-09 20:33:09.633  7195  7285 D UE4     : LogDevObjectVersion:   Dev-Enterprise (9DFFBCD6-494F-0158-E221-12823C92A888): 4
03-09 20:33:09.633  7195  7285 D UE4     : LogDevObjectVersion:   Dev-Niagara (F2AED0AC-9AFE-416F-8664-AA7FFA26D6FC): 1
03-09 20:33:09.634  7195  7285 D UE4     : LogStreaming: Display: Took  0.000s to delete old logs.
03-09 20:33:09.645  1865  2517 D MdnieScenarioControlService:  packageName : com.TeamNA.GiftGame    className : com.epicgames.ue4.GameActivity
03-09 20:33:09.645  1865  2517 V MdnieScenarioControlService: setUIMode from UI function(3)
03-09 20:33:09.664  7195  7285 D UE4     : LogInit: Presizing for max 131072 objects, including 1 objects not considered by GC, pre-allocating 0 bytes for permanent pool.
03-09 20:33:09.665  7195  7285 D UE4     : LogStreaming: Display: Async Loading initialized: Event Driven Loader: true, Async Loading Thread: false, Async Post Load: true
03-09 20:33:09.685  1865  1865 D CustomFrequencyManagerService: releaseDVFSLockLocked : Getting Lock type frm List : DVFS_MIN_LIMIT  frequency : 1555200  uid : 1000  pid : 1865  tag : AMS_RESUME_TAIL@CPU_MIN@26
03-09 20:33:09.692  7195  7285 D UE4     : LogInit: Object subsystem initialized
03-09 20:33:09.698  7195  7285 D UE4     : LogConfig: Setting CVar [[con.DebugEarlyDefault:1]]
03-09 20:33:09.699  7195  7285 D UE4     : [2019.03.10-02.33.09:699][  0]LogConfig: Setting CVar [[con.DebugEarlyDefault:1]]
03-09 20:33:09.699  7195  7285 D UE4     : [2019.03.10-02.33.09:699][  0]LogConfig: Applying CVar settings from Section [/Script/Engine.RendererSettings] File [../../../GiftGame/Saved/Config/Android/Engine.ini]
03-09 20:33:09.699  7195  7285 D UE4     : [2019.03.10-02.33.09:699][  0]LogConfig: Setting CVar [[r.GPUCrashDebugging:0]]
03-09 20:33:09.699  7195  7285 D UE4     : [2019.03.10-02.33.09:699][  0]LogConfig: Setting CVar [[r.MobileHDR:0]]
03-09 20:33:09.699  7195  7285 D UE4     : [2019.03.10-02.33.09:699][  0]LogConfig: Setting CVar [[r.Mobile.DisableVertexFog:1]]
03-09 20:33:09.699  7195  7285 D UE4     : [2019.03.10-02.33.09:699][  0]LogConfig: Setting CVar [[r.Shadow.CSM.MaxMobileCascades:2]]
03-09 20:33:09.699  7195  7285 D UE4     : [2019.03.10-02.33.09:699][  0]LogConfig: Setting CVar [[r.MobileMSAA:1]]
03-09 20:33:09.699  7195  7285 D UE4     : [2019.03.10-02.33.09:699][  0]LogConfig: Setting CVar [[r.Mobile.UseLegacyShadingModel:0]]
03-09 20:33:09.699  7195  7285 D UE4     : [2019.03.10-02.33.09:699][  0]LogConfig: Setting CVar [[r.DiscardUnusedQuality:0]]
03-09 20:33:09.699  7195  7285 D UE4     : [2019.03.10-02.33.09:699][  0]LogConfig: Setting CVar [[r.AllowOcclusionQueries:1]]
03-09 20:33:09.699  7195  7285 D UE4     : [2019.03.10-02.33.09:699][  0]LogConfig: Setting CVar [[r.MinScreenRadiusForLights:0.030000]]
03-09 20:33:09.699  7195  7285 D UE4     : [2019.03.10-02.33.09:699][  0]LogConfig: Setting CVar [[r.MinScreenRadiusForDepthPrepass:0.030000]]
03-09 20:33:09.700  7195  7285 D UE4     : [2019.03.10-02.33.09:700][  0]LogConfig: Setting CVar [[r.MinScreenRadiusForCSMDepth:0.010000]]
03-09 20:33:09.700  7195  7285 D UE4     : [2019.03.10-02.33.09:700][  0]LogConfig: Setting CVar [[r.PrecomputedVisibilityWarning:0]]
03-09 20:33:09.700  7195  7285 D UE4     : [2019.03.10-02.33.09:700][  0]LogConfig: Setting CVar [[r.TextureStreaming:1]]
03-09 20:33:09.700  7195  7285 D UE4     : [2019.03.10-02.33.09:700][  0]LogConfig: Setting CVar [[Compat.UseDXT5NormalMaps:0]]
03-09 20:33:09.700  7195  7285 D UE4     : [2019.03.10-02.33.09:700][  0]LogConfig: Setting CVar [[r.ClearCoatNormal:0]]
03-09 20:33:09.700  7195  7285 D UE4     : [2019.03.10-02.33.09:700][  0]LogConfig: Setting CVar [[r.ReflectionCaptureResolution:128]]
03-09 20:33:09.700  7195  7285 D UE4     : [2019.03.10-02.33.09:700][  0]LogConfig: Setting CVar [[r.ReflectionEnvironmentLightmapMixBasedOnRoughness:1]]
03-09 20:33:09.700  7195  7285 D UE4     : [2019.03.10-02.33.09:700][  0]LogConfig: Setting CVar [[r.ForwardShading:0]]
03-09 20:33:09.700  7195  7285 D UE4     : [2019.03.10-02.33.09:700][  0]LogConfig: Setting CVar [[r.VertexFoggingForOpaque:1]]
03-09 20:33:09.700  7195  7285 D UE4     : [2019.03.10-02.33.09:700][  0]LogConfig: Setting CVar [[r.AllowStaticLighting:1]]
03-09 20:33:09.700  7195  7285 D UE4     : [2019.03.10-02.33.09:700][  0]LogConfig: Setting CVar [[r.NormalMapsForStaticLighting:0]]
03-09 20:33:09.700  7195  7285 D UE4     : [2019.03.10-02.33.09:700][  0]LogConfig: Setting CVar [[r.GenerateMeshDistanceFields:0]]
03-09 20:33:09.700  7195  7285 D UE4     : [2019.03.10-02.33.09:700][  0]LogConfig: Setting CVar [[r.DistanceFieldBuild.EightBit:0]]
03-09 20:33:09.700  7195  7285 D UE4     : [2019.03.10-02.33.09:700][  0]LogConfig: Setting CVar [[r.GenerateLandscapeGIData:0]]
03-09 20:33:09.701  7195  7285 D UE4     : [2019.03.10-02.33.09:700][  0]LogConfig: Setting CVar [[r.DistanceFieldBuild.Compress:0]]
03-09 20:33:09.701  7195  7285 D UE4     : [2019.03.10-02.33.09:701][  0]LogConfig: Setting CVar [[r.TessellationAdaptivePixelsPerTriangle:48.000000]]
03-09 20:33:09.701  7195  7285 D UE4     : [2019.03.10-02.33.09:701][  0]LogConfig: Setting CVar [[r.SeparateTranslucency:0]]
03-09 20:33:09.701  7195  7285 D UE4     : [2019.03.10-02.33.09:701][  0]LogConfig: Setting CVar [[r.TranslucentSortPolicy:0]]
03-09 20:33:09.701  7195  7285 D UE4     : [2019.03.10-02.33.09:701][  0]LogConfig: Setting CVar [[r.CustomDepth:1]]
03-09 20:33:09.701  7195  7285 D UE4     : [2019.03.10-02.33.09:701][  0]LogConfig: Setting CVar [[r.CustomDepthTemporalAAJitter:1]]
03-09 20:33:09.701  7195  7285 D UE4     : [2019.03.10-02.33.09:701][  0]LogConfig: Setting CVar [[r.PostProcessing.PropagateAlpha:0]]
03-09 20:33:09.701  7195  7285 D UE4     : [2019.03.10-02.33.09:701][  0]LogConfig: Setting CVar [[r.DOF.Algorithm:1]]
03-09 20:33:09.701  7195  7285 D UE4     : [2019.03.10-02.33.09:701][  0]LogConfig: Setting CVar [[r.UsePreExposure:0]]
03-09 20:33:09.701  7195  7285 D UE4     : [2019.03.10-02.33.09:701][  0]LogConfig: Setting CVar [[r.DefaultFeature.Bloom:0]]
03-09 20:33:09.701  7195  7285 D UE4     : [2019.03.10-02.33.09:701][  0]LogConfig: Setting CVar [[r.DefaultFeature.AmbientOcclusion:0]]
03-09 20:33:09.701  7195  7285 D UE4     : [2019.03.10-02.33.09:701][  0]LogConfig: Setting CVar [[r.DefaultFeature.AmbientOcclusionStaticFraction:1]]
03-09 20:33:09.701  7195  7285 D UE4     : [2019.03.10-02.33.09:701][  0]LogConfig: Setting CVar [[r.DefaultFeature.AutoExposure:0]]
03-09 20:33:09.701  7195  7285 D UE4     : [2019.03.10-02.33.09:701][  0]LogConfig: Setting CVar [[r.DefaultFeature.AutoExposure.Method:0]]
03-09 20:33:09.701  7195  7285 D UE4     : [2019.03.10-02.33.09:701][  0]LogConfig: Setting CVar [[r.DefaultFeature.MotionBlur:0]]
03-09 20:33:09.702  7195  7285 D UE4     : [2019.03.10-02.33.09:701][  0]LogConfig: Setting CVar [[r.DefaultFeature.LensFlare:0]]
03-09 20:33:09.702  7195  7285 D UE4     : [2019.03.10-02.33.09:702][  0]LogConfig: Setting CVar [[r.TemporalAA.Upsampling:0]]
03-09 20:33:09.702  7195  7285 D UE4     : [2019.03.10-02.33.09:702][  0]LogConfig: Setting CVar [[r.DefaultFeature.AntiAliasing:0]]
03-09 20:33:09.702  7195  7285 D UE4     : [2019.03.10-02.33.09:702][  0]LogConfig: Setting CVar [[r.DefaultBackBufferPixelFormat:4]]
03-09 20:33:09.702  7195  7285 D UE4     : [2019.03.10-02.33.09:702][  0]LogConfig: Setting CVar [[r.Shadow.UnbuiltPreviewInGame:1]]
03-09 20:33:09.702  7195  7285 D UE4     : [2019.03.10-02.33.09:702][  0]LogConfig: Setting CVar [[r.StencilForLODDither:0]]
03-09 20:33:09.702  7195  7285 D UE4     : [2019.03.10-02.33.09:702][  0]LogConfig: Setting CVar [[r.EarlyZPass:3]]
03-09 20:33:09.702  7195  7285 D UE4     : [2019.03.10-02.33.09:702][  0]LogConfig: Setting CVar [[r.EarlyZPassMovable:1]]
03-09 20:33:09.703  7195  7285 D UE4     : [2019.03.10-02.33.09:703][  0]LogConfig: Setting CVar [[r.EarlyZPassOnlyMaterialMasking:0]]
03-09 20:33:09.703  7195  7285 D UE4     : [2019.03.10-02.33.09:703][  0]LogConfig: Setting CVar [[r.DBuffer:1]]
03-09 20:33:09.703  7195  7285 D UE4     : [2019.03.10-02.33.09:703][  0]LogConfig: Setting CVar [[r.ClearSceneMethod:1]]
03-09 20:33:09.703  7195  7285 D UE4     : [2019.03.10-02.33.09:703][  0]LogConfig: Setting CVar [[r.BasePassOutputsVelocity:0]]
03-09 20:33:09.703  7195  7285 D UE4     : [2019.03.10-02.33.09:703][  0]LogConfig: Setting CVar [[r.SelectiveBasePassOutputs:0]]
03-09 20:33:09.703  7195  7285 D UE4     : [2019.03.10-02.33.09:703][  0]LogConfig: Setting CVar [[fx.GPUSimulationTextureSizeX:1024]]
03-09 20:33:09.703  7195  7285 D UE4     : [2019.03.10-02.33.09:703][  0]LogConfig: Setting CVar [[fx.GPUSimulationTextureSizeY:1024]]
03-09 20:33:09.703  7195  7285 D UE4     : [2019.03.10-02.33.09:703][  0]LogConfig: Setting CVar [[r.AllowGlobalClipPlane:0]]
03-09 20:33:09.704  7195  7285 D UE4     : [2019.03.10-02.33.09:704][  0]LogConfig: Setting CVar [[r.GBufferFormat:1]]
03-09 20:33:09.704  7195  7285 D UE4     : [2019.03.10-02.33.09:704][  0]LogConfig: Setting CVar [[r.MorphTarget.Mode:1]]
03-09 20:33:09.704  7195  7285 D UE4     : [2019.03.10-02.33.09:704][  0]LogConfig: Setting CVar [[vr.InstancedStereo:0]]
03-09 20:33:09.704  7195  7285 D UE4     : [2019.03.10-02.33.09:704][  0]LogConfig: Setting CVar [[vr.MultiView:0]]
03-09 20:33:09.704  7195  7285 D UE4     : [2019.03.10-02.33.09:704][  0]LogConfig: Setting CVar [[vr.MobileMultiView:0]]
03-09 20:33:09.704  7195  7285 D UE4     : [2019.03.10-02.33.09:704][  0]LogConfig: Setting CVar [[vr.MobileMultiView.Direct:0]]
03-09 20:33:09.704  7195  7285 D UE4     : [2019.03.10-02.33.09:704][  0]LogConfig: Setting CVar [[vr.MonoscopicFarField:0]]
03-09 20:33:09.704  7195  7285 D UE4     : [2019.03.10-02.33.09:704][  0]LogConfig: Setting CVar [[vr.ODSCapture:0]]
03-09 20:33:09.704  7195  7285 D UE4     : [2019.03.10-02.33.09:704][  0]LogConfig: Setting CVar [[r.WireframeCullThreshold:5.000000]]
03-09 20:33:09.704  7195  7285 D UE4     : [2019.03.10-02.33.09:704][  0]LogConfig: Setting CVar [[r.SupportStationarySkylight:1]]
03-09 20:33:09.704  7195  7285 D UE4     : [2019.03.10-02.33.09:704][  0]LogConfig: Setting CVar [[r.SupportLowQualityLightmaps:1]]
03-09 20:33:09.704  7195  7285 D UE4     : [2019.03.10-02.33.09:704][  0]LogConfig: Setting CVar [[r.SupportPointLightWholeSceneShadows:1]]
03-09 20:33:09.704  7195  7285 D UE4     : [2019.03.10-02.33.09:704][  0]LogConfig: Setting CVar [[r.SupportAtmosphericFog:1]]
03-09 20:33:09.705  7195  7285 D UE4     : [2019.03.10-02.33.09:705][  0]LogConfig: Setting CVar [[r.SkinCache.CompileShaders:0]]
03-09 20:33:09.705  7195  7285 D UE4     : [2019.03.10-02.33.09:705][  0]LogConfig: Setting CVar [[r.Mobile.EnableStaticAndCSMShadowReceivers:1]]
03-09 20:33:09.705  7195  7285 D UE4     : [2019.03.10-02.33.09:705][  0]LogConfig: Setting CVar [[r.Mobile.EnableMovableLightCSMShaderCulling:1]]
03-09 20:33:09.705  7195  7285 D UE4     : [2019.03.10-02.33.09:705][  0]LogConfig: Setting CVar [[r.Mobile.AllowDistanceFieldShadows:1]]
03-09 20:33:09.705  7195  7285 D UE4     : [2019.03.10-02.33.09:705][  0]LogConfig: Setting CVar [[r.Mobile.AllowMovableDirectionalLights:1]]
03-09 20:33:09.705  7195  7285 D UE4     : [2019.03.10-02.33.09:705][  0]LogConfig: Setting CVar [[r.MobileNumDynamicPointLights:4]]
03-09 20:33:09.705  7195  7285 D UE4     : [2019.03.10-02.33.09:705][  0]LogConfig: Setting CVar [[r.MobileDynamicPointLightsUseStaticBranch:1]]
03-09 20:33:09.705  7195  7285 D UE4     : [2019.03.10-02.33.09:705][  0]LogConfig: Setting CVar [[r.SkinCache.SceneMemoryLimitInMB:128.000000]]
03-09 20:33:09.705  7195  7285 D UE4     : [2019.03.10-02.33.09:705][  0]LogConfig: Setting CVar [[r.GPUSkin.Limit2BoneInfluences:0]]
03-09 20:33:09.705  7195  7285 D UE4     : [2019.03.10-02.33.09:705][  0]LogConfig: Setting CVar [[r.SupportDepthOnlyIndexBuffers:1]]
03-09 20:33:09.705  7195  7285 D UE4     : [2019.03.10-02.33.09:705][  0]LogConfig: Setting CVar [[r.SupportReversedIndexBuffers:1]]
03-09 20:33:09.705  7195  7285 D UE4     : [2019.03.10-02.33.09:705][  0]LogConfig: Setting CVar [[r.SupportMaterialLayers:0]]
03-09 20:33:09.706  7195  7285 D UE4     : [2019.03.10-02.33.09:706][  0]LogConfig: Applying CVar settings from Section [/Script/Engine.RendererOverrideSettings] File [../../../GiftGame/Saved/Config/Android/Engine.ini]
03-09 20:33:09.706  7195  7285 D UE4     : [2019.03.10-02.33.09:706][  0]LogConfig: Applying CVar settings from Section [/Script/Engine.StreamingSettings] File [../../../GiftGame/Saved/Config/Android/Engine.ini]
03-09 20:33:09.706  7195  7285 D UE4     : [2019.03.10-02.33.09:706][  0]LogConfig: Setting CVar [[s.MinBulkDataSizeForAsyncLoading:131072]]
03-09 20:33:09.706  7195  7285 D UE4     : [2019.03.10-02.33.09:706][  0]LogConfig: Setting CVar [[s.AsyncLoadingThreadEnabled:0]]
03-09 20:33:09.706  7195  7285 D UE4     : [2019.03.10-02.33.09:706][  0]LogConfig: Setting CVar [[s.EventDrivenLoaderEnabled:1]]
03-09 20:33:09.706  7195  7285 D UE4     : [2019.03.10-02.33.09:706][  0]LogConfig: Setting CVar [[s.WarnIfTimeLimitExceeded:0]]
03-09 20:33:09.706  7195  7285 D UE4     : [2019.03.10-02.33.09:706][  0]LogConfig: Setting CVar [[s.TimeLimitExceededMultiplier:1.5]]
03-09 20:33:09.706  7195  7285 D UE4     : [2019.03.10-02.33.09:706][  0]LogConfig: Setting CVar [[s.TimeLimitExceededMinTime:0.005]]
03-09 20:33:09.706  7195  7285 D UE4     : [2019.03.10-02.33.09:706][  0]LogConfig: Setting CVar [[s.UseBackgroundLevelStreaming:1]]
03-09 20:33:09.706  7195  7285 D UE4     : [2019.03.10-02.33.09:706][  0]LogConfig: Setting CVar [[s.PriorityAsyncLoadingExtraTime:15.0]]
03-09 20:33:09.706  7195  7285 D UE4     : [2019.03.10-02.33.09:706][  0]LogConfig: Setting CVar [[s.LevelStreamingActorsUpdateTimeLimit:5.0]]
03-09 20:33:09.706  7195  7285 D UE4     : [2019.03.10-02.33.09:706][  0]LogConfig: Setting CVar [[s.PriorityLevelStreamingActorsUpdateExtraTime:5.0]]
03-09 20:33:09.706  7195  7285 D UE4     : [2019.03.10-02.33.09:706][  0]LogConfig: Setting CVar [[s.LevelStreamingComponentsRegistrationGranularity:10]]
03-09 20:33:09.707  7195  7285 D UE4     : [2019.03.10-02.33.09:706][  0]LogConfig: Setting CVar [[s.UnregisterComponentsTimeLimit:1.0]]
03-09 20:33:09.707  7195  7285 D UE4     : [2019.03.10-02.33.09:707][  0]LogConfig: Setting CVar [[s.LevelStreamingComponentsUnregistrationGranularity:5]]
03-09 20:33:09.707  7195  7285 D UE4     : [2019.03.10-02.33.09:707][  0]LogConfig: Applying CVar settings from Section [/Script/Engine.GarbageCollectionSettings] File [../../../GiftGame/Saved/Config/Android/Engine.ini]
03-09 20:33:09.707  7195  7285 D UE4     : [2019.03.10-02.33.09:707][  0]LogConfig: Setting CVar [[gc.MaxObjectsNotConsideredByGC:1]]
03-09 20:33:09.707  7195  7285 D UE4     : [2019.03.10-02.33.09:707][  0]LogConfig: Setting CVar [[gc.SizeOfPermanentObjectPool:0]]
03-09 20:33:09.707  7195  7285 D UE4     : [2019.03.10-02.33.09:707][  0]LogConfig: Setting CVar [[gc.FlushStreamingOnGC:0]]
03-09 20:33:09.707  7195  7285 D UE4     : [2019.03.10-02.33.09:707][  0]LogConfig: Setting CVar [[gc.NumRetriesBeforeForcingGC:10]]
03-09 20:33:09.707  7195  7285 D UE4     : [2019.03.10-02.33.09:707][  0]LogConfig: Setting CVar [[gc.AllowParallelGC:1]]
03-09 20:33:09.707  7195  7285 D UE4     : [2019.03.10-02.33.09:707][  0]LogConfig: Setting CVar [[gc.TimeBetweenPurgingPendingKillObjects:61.1]]
03-09 20:33:09.707  7195  7285 D UE4     : [2019.03.10-02.33.09:707][  0]LogConfig: Setting CVar [[gc.MaxObjectsInEditor:8388607]]
03-09 20:33:09.707  7195  7285 D UE4     : [2019.03.10-02.33.09:707][  0]LogConfig: Setting CVar [[gc.IncrementalBeginDestroyEnabled:1]]
03-09 20:33:09.707  7195  7285 D UE4     : [2019.03.10-02.33.09:707][  0]LogConfig: Setting CVar [[gc.CreateGCClusters:1]]
03-09 20:33:09.707  7195  7285 D UE4     : [2019.03.10-02.33.09:707][  0]LogConfig: Setting CVar [[gc.MergeGCClusters:0]]
03-09 20:33:09.708  7195  7285 D UE4     : [2019.03.10-02.33.09:708][  0]LogConfig: Setting CVar [[gc.MinGCClusterSize:5]]
03-09 20:33:09.708  7195  7285 D UE4     : [2019.03.10-02.33.09:708][  0]LogConfig: Setting CVar [[gc.ActorClusteringEnabled:0]]
03-09 20:33:09.708  7195  7285 D UE4     : [2019.03.10-02.33.09:708][  0]LogConfig: Setting CVar [[gc.BlueprintClusteringEnabled:0]]
03-09 20:33:09.708  7195  7285 D UE4     : [2019.03.10-02.33.09:708][  0]LogConfig: Setting CVar [[gc.UseDisregardForGCOnDedicatedServers:0]]
03-09 20:33:09.708  7195  7285 D UE4     : [2019.03.10-02.33.09:708][  0]LogConfig: Setting CVar [[gc.MaxObjectsInGame:131072]]
03-09 20:33:09.708  7195  7285 D UE4     : [2019.03.10-02.33.09:708][  0]LogConfig: Applying CVar settings from Section [/Script/Engine.NetworkSettings] File [../../../GiftGame/Saved/Config/Android/Engine.ini]
03-09 20:33:09.709  7195  7285 D UE4     : [2019.03.10-02.33.09:709][  0]LogAndroid: Mobile HDR: no
03-09 20:33:09.709  7195  7285 D UE4     : [2019.03.10-02.33.09:709][  0]LogAndroid: Setting Width=1280 and Height=720 (requested scale = 1.000000)
03-09 20:33:09.709  7195  7285 D UE4     : [2019.03.10-02.33.09:709][  0]LogConfig: Applying CVar settings from Section [ViewDistanceQuality@3] File [../../../GiftGame/Saved/Config/Android/Scalability.ini]
03-09 20:33:09.709  7195  7285 D UE4     : [2019.03.10-02.33.09:709][  0]LogConfig: Setting CVar [[r.SkeletalMeshLODBias:0]]
03-09 20:33:09.709  7195  7285 D UE4     : [2019.03.10-02.33.09:709][  0]LogConfig: Setting CVar [[r.ViewDistanceScale:1.0]]
03-09 20:33:09.709  7195  7285 D UE4     : [2019.03.10-02.33.09:709][  0]LogConfig: Applying CVar settings from Section [AntiAliasingQuality@3] File [../../../GiftGame/Saved/Config/Android/Scalability.ini]
03-09 20:33:09.709  7195  7285 D UE4     : [2019.03.10-02.33.09:709][  0]LogConfig: Setting CVar [[r.PostProcessAAQuality:4]]
03-09 20:33:09.710  7195  7285 D UE4     : [2019.03.10-02.33.09:709][  0]LogConfig: Applying CVar settings from Section [ShadowQuality@3] File [../../../GiftGame/Saved/Config/Android/Scalability.ini]
03-09 20:33:09.710  7195  7285 D UE4     : [2019.03.10-02.33.09:710][  0]LogConfig: Setting CVar [[r.LightFunctionQuality:1]]
03-09 20:33:09.710  7195  7285 D UE4     : [2019.03.10-02.33.09:710][  0]LogConfig: Setting CVar [[r.ShadowQuality:5]]
03-09 20:33:09.710  7195  7285 D UE4     : [2019.03.10-02.33.09:710][  0]LogConfig: Setting CVar [[r.Shadow.CSM.MaxCascades:10]]
03-09 20:33:09.710  7195  7285 D UE4     : [2019.03.10-02.33.09:710][  0]LogConfig: Setting CVar [[r.Shadow.MaxResolution:2048]]
03-09 20:33:09.710  7195  7285 D UE4     : [2019.03.10-02.33.09:710][  0]LogConfig: Setting CVar [[r.Shadow.MaxCSMResolution:2048]]
03-09 20:33:09.710  7195  7285 D UE4     : [2019.03.10-02.33.09:710][  0]LogConfig: Setting CVar [[r.Shadow.RadiusThreshold:0.01]]
03-09 20:33:09.710  7195  7285 D UE4     : [2019.03.10-02.33.09:710][  0]LogConfig: Setting CVar [[r.Shadow.DistanceScale:1.0]]
03-09 20:33:09.710  7195  7285 D UE4     : [2019.03.10-02.33.09:710][  0]LogConfig: Setting CVar [[r.Shadow.CSM.TransitionScale:1.0]]
03-09 20:33:09.710  7195  7285 D UE4     : [2019.03.10-02.33.09:710][  0]LogConfig: Setting CVar [[r.Shadow.PreShadowResolutionFactor:1.0]]
03-09 20:33:09.710  7195  7285 D UE4     : [2019.03.10-02.33.09:710][  0]LogConfig: Setting CVar [[r.DistanceFieldShadowing:1]]
03-09 20:33:09.710  7195  7285 D UE4     : [2019.03.10-02.33.09:710][  0]LogConfig: Setting CVar [[r.DistanceFieldAO:1]]
03-09 20:33:09.710  7195  7285 D UE4     : [2019.03.10-02.33.09:710][  0]LogConfig: Setting CVar [[r.AOQuality:2]]
03-09 20:33:09.710  7195  7285 D UE4     : [2019.03.10-02.33.09:710][  0]LogConfig: Setting CVar [[r.VolumetricFog:1]]
03-09 20:33:09.711  7195  7285 D UE4     : [2019.03.10-02.33.09:710][  0]LogConfig: Setting CVar [[r.VolumetricFog.GridPixelSize:8]]
03-09 20:33:09.711  7195  7285 D UE4     : [2019.03.10-02.33.09:711][  0]LogConfig: Setting CVar [[r.VolumetricFog.GridSizeZ:128]]
03-09 20:33:09.711  7195  7285 D UE4     : [2019.03.10-02.33.09:711][  0]LogConfig: Setting CVar [[r.VolumetricFog.HistoryMissSupersampleCount:4]]
03-09 20:33:09.711  7195  7285 D UE4     : [2019.03.10-02.33.09:711][  0]LogConfig: Setting CVar [[r.LightMaxDrawDistanceScale:1]]
03-09 20:33:09.711  7195  7285 D UE4     : [2019.03.10-02.33.09:711][  0]LogConfig: Setting CVar [[r.CapsuleShadows:1]]
03-09 20:33:09.711  7195  7285 D UE4     : [2019.03.10-02.33.09:711][  0]LogConfig: Applying CVar settings from Section [PostProcessQuality@3] File [../../../GiftGame/Saved/Config/Android/Scalability.ini]
03-09 20:33:09.711  7195  7285 D UE4     : [2019.03.10-02.33.09:711][  0]LogConfig: Setting CVar [[r.MotionBlurQuality:4]]
03-09 20:33:09.711  7195  7285 D UE4     : [2019.03.10-02.33.09:711][  0]LogConfig: Setting CVar [[r.AmbientOcclusionMipLevelFactor:0.4]]
03-09 20:33:09.711  7195  7285 D UE4     : [2019.03.10-02.33.09:711][  0]LogConfig: Setting CVar [[r.AmbientOcclusionMaxQuality:100]]
03-09 20:33:09.711  7195  7285 D UE4     : [2019.03.10-02.33.09:711][  0]LogConfig: Setting CVar [[r.AmbientOcclusionLevels:-1]]
03-09 20:33:09.711  7195  7285 D UE4     : [2019.03.10-02.33.09:711][  0]LogConfig: Setting CVar [[r.AmbientOcclusionRadiusScale:1.0]]
03-09 20:33:09.711  7195  7285 D UE4     : [2019.03.10-02.33.09:711][  0]LogConfig: Setting CVar [[r.DepthOfFieldQuality:2]]
03-09 20:33:09.711  7195  7285 D UE4     : [2019.03.10-02.33.09:711][  0]LogConfig: Setting CVar [[r.RenderTargetPoolMin:400]]
