01-28 17:43:37.942 11821 11846 D UE4     : [2019.01.28-23.43.37:942][  0]LogConfig: Setting CVar [[r.DOF.Gather.RingCount:4                 ; medium number of samples when gathering]]
01-28 17:43:37.942 11821 11846 D UE4     : [2019.01.28-23.43.37:942][  0]LogConfig: Setting CVar [[r.DOF.Scatter.ForegroundCompositing:1    ; additive foreground scattering]]
01-28 17:43:37.942 11821 11846 D UE4     : [2019.01.28-23.43.37:942][  0]LogConfig: Setting CVar [[r.DOF.Scatter.BackgroundCompositing:2    ; additive background scattering]]
01-28 17:43:37.942 11821 11846 D UE4     : [2019.01.28-23.43.37:942][  0]LogConfig: Setting CVar [[r.DOF.Scatter.EnableBokehSettings:1      ; bokeh simulation when scattering]]
01-28 17:43:37.942 11821 11846 D UE4     : [2019.01.28-23.43.37:942][  0]LogConfig: Setting CVar [[r.DOF.Scatter.MaxSpriteRatio:0.1         ; only a maximum of 10% of scattered bokeh]]
01-28 17:43:37.942 11821 11846 D UE4     : [2019.01.28-23.43.37:942][  0]LogConfig: Setting CVar [[r.DOF.Recombine.Quality:1                ; cheap slight out of focus]]
01-28 17:43:37.942 11821 11846 D UE4     : [2019.01.28-23.43.37:942][  0]LogConfig: Setting CVar [[r.DOF.Recombine.EnableBokehSettings:0    ; no bokeh simulation on slight out of focus]]
01-28 17:43:37.942 11821 11846 D UE4     : [2019.01.28-23.43.37:942][  0]LogConfig: Setting CVar [[r.DOF.TemporalAAQuality:1                ; more stable temporal accumulation]]
01-28 17:43:37.942 11821 11846 D UE4     : [2019.01.28-23.43.37:942][  0]LogConfig: Setting CVar [[r.DOF.Kernel.MaxForegroundRadius:0.025]]
01-28 17:43:37.943 11821 11846 D UE4     : [2019.01.28-23.43.37:942][  0]LogConfig: Setting CVar [[r.DOF.Kernel.MaxBackgroundRadius:0.025]]
01-28 17:43:37.943 11821 11846 D UE4     : [2019.01.28-23.43.37:943][  0]LogConfig: Applying CVar settings from Section [TextureQuality@3] File [../../../GiftGame/Saved/Config/Android/Scalability.ini]
01-28 17:43:37.943 11821 11846 D UE4     : [2019.01.28-23.43.37:943][  0]LogConfig: Setting CVar [[r.Streaming.MipBias:0]]
01-28 17:43:37.943 11821 11846 D UE4     : [2019.01.28-23.43.37:943][  0]LogConfig: Setting CVar [[r.Streaming.AmortizeCPUToGPUCopy:0]]
01-28 17:43:37.943 11821 11846 D UE4     : [2019.01.28-23.43.37:943][  0]LogConfig: Setting CVar [[r.Streaming.MaxNumTexturesToStreamPerFrame:0]]
01-28 17:43:37.943 11821 11846 D UE4     : [2019.01.28-23.43.37:943][  0]LogConfig: Setting CVar [[r.Streaming.Boost:1]]
01-28 17:43:37.943 11821 11846 D UE4     : [2019.01.28-23.43.37:943][  0]LogConfig: Setting CVar [[r.MaxAnisotropy:8]]
01-28 17:43:37.943 11821 11846 D UE4     : [2019.01.28-23.43.37:943][  0]LogConfig: Setting CVar [[r.Streaming.LimitPoolSizeToVRAM:0]]
01-28 17:43:37.943 11821 11846 D UE4     : [2019.01.28-23.43.37:943][  0]LogConfig: Setting CVar [[r.Streaming.PoolSize:1000]]
01-28 17:43:37.943 11821 11846 D UE4     : [2019.01.28-23.43.37:943][  0]LogConfig: Setting CVar [[r.Streaming.MaxEffectiveScreenSize:0]]
01-28 17:43:37.943 11821 11846 D UE4     : [2019.01.28-23.43.37:943][  0]LogConfig: Applying CVar settings from Section [EffectsQuality@3] File [../../../GiftGame/Saved/Config/Android/Scalability.ini]
01-28 17:43:37.943 11821 11846 D UE4     : [2019.01.28-23.43.37:943][  0]LogConfig: Setting CVar [[r.TranslucencyLightingVolumeDim:64]]
01-28 17:43:37.943 11821 11846 D UE4     : [2019.01.28-23.43.37:943][  0]LogConfig: Setting CVar [[r.RefractionQuality:2]]
01-28 17:43:37.943 11821 11846 D UE4     : [2019.01.28-23.43.37:943][  0]LogConsoleManager: Setting the console variable 'r.RefractionQuality' with 'SetByScalability' was ignored as it is lower priority than the previous 'SetByDeviceProfile'. Value remains '1'
01-28 17:43:37.944 11821 11846 D UE4     : [2019.01.28-23.43.37:944][  0]LogConfig: Setting CVar [[r.SSR.Quality:3]]
01-28 17:43:37.944 11821 11846 D UE4     : [2019.01.28-23.43.37:944][  0]LogConfig: Setting CVar [[r.SceneColorFormat:4]]
01-28 17:43:37.944 11821 11846 D UE4     : [2019.01.28-23.43.37:944][  0]LogConfig: Setting CVar [[r.DetailMode:2]]
01-28 17:43:37.944 11821 11846 D UE4     : [2019.01.28-23.43.37:944][  0]LogConfig: Setting CVar [[r.TranslucencyVolumeBlur:1]]
01-28 17:43:37.944 11821 11846 D UE4     : [2019.01.28-23.43.37:944][  0]LogConfig: Setting CVar [[r.MaterialQualityLevel:1 ; High quality]]
01-28 17:43:37.944 11821 11846 D UE4     : [2019.01.28-23.43.37:944][  0]LogConfig: Setting CVar [[r.SSS.Scale:1]]
01-28 17:43:37.944 11821 11846 D UE4     : [2019.01.28-23.43.37:944][  0]LogConfig: Setting CVar [[r.SSS.SampleSet:2]]
01-28 17:43:37.944 11821 11846 D UE4     : [2019.01.28-23.43.37:944][  0]LogConfig: Setting CVar [[r.SSS.Quality:1]]
01-28 17:43:37.944 11821 11846 D UE4     : [2019.01.28-23.43.37:944][  0]LogConfig: Setting CVar [[r.SSS.HalfRes:1]]
01-28 17:43:37.944 11821 11846 D UE4     : [2019.01.28-23.43.37:944][  0]LogConfig: Setting CVar [[r.EmitterSpawnRateScale:1.0]]
01-28 17:43:37.944 11821 11846 D UE4     : [2019.01.28-23.43.37:944][  0]LogConfig: Setting CVar [[r.ParticleLightQuality:2]]
01-28 17:43:37.944 11821 11846 D UE4     : [2019.01.28-23.43.37:944][  0]LogConfig: Applying CVar settings from Section [FoliageQuality@3] File [../../../GiftGame/Saved/Config/Android/Scalability.ini]
01-28 17:43:37.944 11821 11846 D UE4     : [2019.01.28-23.43.37:944][  0]LogConfig: Setting CVar [[foliage.DensityScale:1.0]]
01-28 17:43:37.944 11821 11846 D UE4     : [2019.01.28-23.43.37:944][  0]LogConfig: Setting CVar [[grass.DensityScale:1.0]]
01-28 17:43:37.944 11821 11846 D UE4     : [2019.01.28-23.43.37:944][  0]LogConfig: Applying CVar settings from Section [Startup] File [../../../Engine/Config/ConsoleVariables.ini]
01-28 17:43:37.945 11821 11846 D UE4     : [2019.01.28-23.43.37:945][  0]LogConfig: Setting CVar [[net.UseAdaptiveNetUpdateFrequency:0]]
01-28 17:43:37.945 11821 11846 D UE4     : [2019.01.28-23.43.37:945][  0]LogConfig: Applying CVar settings from Section [ConsoleVariables] File [../../../GiftGame/Saved/Config/Android/Engine.ini]
01-28 17:43:37.946 11821 11846 D UE4     : [2019.01.28-23.43.37:945][  0]LogConfig: Setting CVar [[r.AllowOcclusionQueries:0]]
01-28 17:43:37.946 11821 11846 D UE4     : [2019.01.28-23.43.37:946][  0]LogConfig: Setting CVar [[Slate.CacheRenderData:0]]
01-28 17:43:37.946 11821 11846 D UE4     : [2019.01.28-23.43.37:946][  0]LogConfig: Setting CVar [[r.VSync:1]]
01-28 17:43:37.946 11821 11846 D UE4     : [2019.01.28-23.43.37:946][  0]LogConfig: Setting CVar [[r.ParallelShadows:0]]
01-28 17:43:37.951 11821 11846 D UE4     : [2019.01.28-23.43.37:951][  0]LogInit: Memory total: Physical=3722.26MB (4GB approx) Available=1615.39MB PageSize=4.0KB
01-28 17:43:37.953 11821 11846 D UE4     : [2019.01.28-23.43.37:953][  0]LogInit: Using OS detected language (en-US).
01-28 17:43:37.953 11821 11846 D UE4     : [2019.01.28-23.43.37:953][  0]LogInit: Using OS detected locale (en-US).
01-28 17:43:37.955 11821 11846 D UE4     : [2019.01.28-23.43.37:955][  0]LogTextLocalizationManager: No specific localization for 'en-US' exists, so the 'en' localization will be used.
01-28 17:43:38.030  1391  1391 D PreBindingService: handleMessage : 1
01-28 17:43:38.063 11821 11846 D UE4     : [2019.01.28-23.43.38:063][  0]LogStreaming: Display: Took  0.110s to InitEngineTextLocalization.
01-28 17:43:38.066  1391  1391 D PreBindingService: handleMessage : 1
01-28 17:43:38.085 11821 11846 D UE4     : [2019.01.28-23.43.38:085][  0]LogSlate: New Slate User Created.  User Index 0, Is Virtual User: 0
01-28 17:43:38.085 11821 11846 D UE4     : [2019.01.28-23.43.38:085][  0]LogSlate: Slate User Registered.  User Index 0, Is Virtual User: 0
01-28 17:43:38.086 11821 11846 D UE4     : [2019.01.28-23.43.38:086][  0]LogAndroid: VulkanRHI will NOT be used:
01-28 17:43:38.086 11821 11846 D UE4     : [2019.01.28-23.43.38:086][  0]LogAndroid:  ** Vulkan support is not available (Driver, RHI or shaders are missing, or disabled by cmdline, see above logging for details)
01-28 17:43:38.086 11821 11846 D UE4     : [2019.01.28-23.43.38:086][  0]LogAndroid: OpenGL ES will be used.
01-28 17:43:38.087 11821 11846 D UE4     : FPlatformOpenGLDevice:Init
01-28 17:43:38.087 11821 11846 D UE4     : AndroidEGL::InitSurface 0, 1
01-28 17:43:38.087 11821 11846 D UE4     : [JAVA] - SetDesiredViewSize width=1280 and height=720
01-28 17:43:38.087 11821 11846 D UE4     : AndroidEGL::CreateEGLSurface() Already initialized: 0xca177500
01-28 17:43:38.090 11821 11846 D UE4     : [2019.01.28-23.43.38:090][  0]LogRHI: Extension eglPresentationTimeANDROID Present
01-28 17:43:38.091 11821 11846 D UE4     : [2019.01.28-23.43.38:091][  0]LogRHI: Extension eglGetNextFrameIdANDROID Present
01-28 17:43:38.091 11821 11846 D UE4     : [2019.01.28-23.43.38:091][  0]LogRHI: Extension eglGetCompositorTimingANDROID Present
01-28 17:43:38.091 11821 11846 D UE4     : [2019.01.28-23.43.38:091][  0]LogRHI: Extension eglGetFrameTimestampsANDROID Present
01-28 17:43:38.091 11821 11846 D UE4     : [2019.01.28-23.43.38:091][  0]LogRHI: Extension eglQueryTimestampSupportedANDROID Not Present
01-28 17:43:38.091 11821 11846 D UE4     : [2019.01.28-23.43.38:091][  0]LogRHI: Extension eglGetCompositorTimingSupportedANDROID Present
01-28 17:43:38.091 11821 11846 D UE4     : [2019.01.28-23.43.38:091][  0]LogRHI: Extension eglGetFrameTimestampsSupportedANDROID Not Present
01-28 17:43:38.099 11821 11846 D UE4     : [2019.01.28-23.43.38:098][  0]LogRHI: Initializing OpenGL RHI
01-28 17:43:38.099 11821 11846 D UE4     : [2019.01.28-23.43.38:099][  0]LogRHI:   GL_VENDOR: Qualcomm
01-28 17:43:38.099 11821 11846 D UE4     : [2019.01.28-23.43.38:099][  0]LogRHI:   GL_RENDERER: Adreno (TM) 530
01-28 17:43:38.099 11821 11846 D UE4     : [2019.01.28-23.43.38:099][  0]LogRHI:   GL_VERSION: OpenGL ES 3.2 V@269.0 (GIT@1b7798b, I8a9bdcf8d3) (Date:03/15/18)
01-28 17:43:38.099 11821 11846 D UE4     : [2019.01.28-23.43.38:099][  0]LogRHI:   GL_SHADING_LANGUAGE_VERSION: OpenGL ES GLSL ES 3.20
01-28 17:43:38.099 11821 11846 D UE4     : [2019.01.28-23.43.38:099][  0]LogRHI: OpenGL Extensions:
01-28 17:43:38.099 11821 11846 D UE4     : [2019.01.28-23.43.38:099][  0]LogRHI:   GL_OES_EGL_image
01-28 17:43:38.099 11821 11846 D UE4     : [2019.01.28-23.43.38:099][  0]LogRHI:   GL_OES_EGL_image_external
01-28 17:43:38.099 11821 11846 D UE4     : [2019.01.28-23.43.38:099][  0]LogRHI:   GL_OES_EGL_sync
01-28 17:43:38.099 11821 11846 D UE4     : [2019.01.28-23.43.38:099][  0]LogRHI:   GL_OES_vertex_half_float
01-28 17:43:38.099 11821 11846 D UE4     : [2019.01.28-23.43.38:099][  0]LogRHI:   GL_OES_framebuffer_object
01-28 17:43:38.099 11821 11846 D UE4     : [2019.01.28-23.43.38:099][  0]LogRHI:   GL_OES_rgb8_rgba8
01-28 17:43:38.099 11821 11846 D UE4     : [2019.01.28-23.43.38:099][  0]LogRHI:   GL_OES_compressed_ETC1_RGB8_texture
01-28 17:43:38.100 11821 11846 D UE4     : [2019.01.28-23.43.38:099][  0]LogRHI:   GL_AMD_compressed_ATC_texture
01-28 17:43:38.100 11821 11846 D UE4     : [2019.01.28-23.43.38:100][  0]LogRHI:   GL_KHR_texture_compression_astc_ldr
01-28 17:43:38.100 11821 11846 D UE4     : [2019.01.28-23.43.38:100][  0]LogRHI:   GL_KHR_texture_compression_astc_hdr
01-28 17:43:38.100 11821 11846 D UE4     : [2019.01.28-23.43.38:100][  0]LogRHI:   GL_OES_texture_compression_astc
01-28 17:43:38.100 11821 11846 D UE4     : [2019.01.28-23.43.38:100][  0]LogRHI:   GL_OES_texture_npot
01-28 17:43:38.100 11821 11846 D UE4     : [2019.01.28-23.43.38:100][  0]LogRHI:   GL_EXT_texture_filter_anisotropic
01-28 17:43:38.100 11821 11846 D UE4     : [2019.01.28-23.43.38:100][  0]LogRHI:   GL_EXT_texture_format_BGRA8888
01-28 17:43:38.100 11821 11846 D UE4     : [2019.01.28-23.43.38:100][  0]LogRHI:   GL_OES_texture_3D
01-28 17:43:38.100 11821 11846 D UE4     : [2019.01.28-23.43.38:100][  0]LogRHI:   GL_EXT_color_buffer_float
01-28 17:43:38.100 11821 11846 D UE4     : [2019.01.28-23.43.38:100][  0]LogRHI:   GL_EXT_color_buffer_half_float
01-28 17:43:38.100 11821 11846 D UE4     : [2019.01.28-23.43.38:100][  0]LogRHI:   GL_QCOM_alpha_test
01-28 17:43:38.100 11821 11846 D UE4     : [2019.01.28-23.43.38:100][  0]LogRHI:   GL_OES_depth24
01-28 17:43:38.100 11821 11846 D UE4     : [2019.01.28-23.43.38:100][  0]LogRHI:   GL_OES_packed_depth_stencil
01-28 17:43:38.100 11821 11846 D UE4     : [2019.01.28-23.43.38:100][  0]LogRHI:   GL_OES_depth_texture
01-28 17:43:38.100 11821 11846 D UE4     : [2019.01.28-23.43.38:100][  0]LogRHI:   GL_OES_depth_texture_cube_map
01-28 17:43:38.100 11821 11846 D UE4     : [2019.01.28-23.43.38:100][  0]LogRHI:   GL_EXT_sRGB
01-28 17:43:38.100 11821 11846 D UE4     : [2019.01.28-23.43.38:100][  0]LogRHI:   GL_OES_texture_float
01-28 17:43:38.101 11821 11846 D UE4     : [2019.01.28-23.43.38:100][  0]LogRHI:   GL_OES_texture_float_linear
01-28 17:43:38.101 11821 11846 D UE4     : [2019.01.28-23.43.38:101][  0]LogRHI:   GL_OES_texture_half_float
01-28 17:43:38.101 11821 11846 D UE4     : [2019.01.28-23.43.38:101][  0]LogRHI:   GL_OES_texture_half_float_linear
01-28 17:43:38.101 11821 11846 D UE4     : [2019.01.28-23.43.38:101][  0]LogRHI:   GL_EXT_texture_type_2_10_10_10_REV
01-28 17:43:38.101 11821 11846 D UE4     : [2019.01.28-23.43.38:101][  0]LogRHI:   GL_EXT_texture_sRGB_decode
01-28 17:43:38.101 11821 11846 D UE4     : [2019.01.28-23.43.38:101][  0]LogRHI:   GL_OES_element_index_uint
01-28 17:43:38.101 11821 11846 D UE4     : [2019.01.28-23.43.38:101][  0]LogRHI:   GL_EXT_copy_image
01-28 17:43:38.101 11821 11846 D UE4     : [2019.01.28-23.43.38:101][  0]LogRHI:   GL_EXT_geometry_shader
01-28 17:43:38.101 11821 11846 D UE4     : [2019.01.28-23.43.38:101][  0]LogRHI:   GL_EXT_tessellation_shader
01-28 17:43:38.101 11821 11846 D UE4     : [2019.01.28-23.43.38:101][  0]LogRHI:   GL_OES_texture_stencil8
01-28 17:43:38.101 11821 11846 D UE4     : [2019.01.28-23.43.38:101][  0]LogRHI:   GL_EXT_shader_io_blocks
01-28 17:43:38.101 11821 11846 D UE4     : [2019.01.28-23.43.38:101][  0]LogRHI:   GL_OES_shader_image_atomic
01-28 17:43:38.101 11821 11846 D UE4     : [2019.01.28-23.43.38:101][  0]LogRHI:   GL_OES_sample_variables
01-28 17:43:38.101 11821 11846 D UE4     : [2019.01.28-23.43.38:101][  0]LogRHI:   GL_EXT_texture_border_clamp
01-28 17:43:38.101 11821 11846 D UE4     : [2019.01.28-23.43.38:101][  0]LogRHI:   GL_EXT_multisampled_render_to_texture
01-28 17:43:38.101 11821 11846 D UE4     : [2019.01.28-23.43.38:101][  0]LogRHI:   GL_EXT_multisampled_render_to_texture2
01-28 17:43:38.101 11821 11846 D UE4     : [2019.01.28-23.43.38:101][  0]LogRHI:   GL_OES_shader_multisample_interpolation
01-28 17:43:38.102 11821 11846 D UE4     : [2019.01.28-23.43.38:102][  0]LogRHI:   GL_EXT_texture_cube_map_array
01-28 17:43:38.102 11821 11846 D UE4     : [2019.01.28-23.43.38:102][  0]LogRHI:   GL_EXT_draw_buffers_indexed
01-28 17:43:38.102 11821 11846 D UE4     : [2019.01.28-23.43.38:102][  0]LogRHI:   GL_EXT_gpu_shader5
01-28 17:43:38.102 11821 11846 D UE4     : [2019.01.28-23.43.38:102][  0]LogRHI:   GL_EXT_robustness
01-28 17:43:38.102 11821 11846 D UE4     : [2019.01.28-23.43.38:102][  0]LogRHI:   GL_EXT_texture_buffer
01-28 17:43:38.102 11821 11846 D UE4     : [2019.01.28-23.43.38:102][  0]LogRHI:   GL_EXT_shader_framebuffer_fetch
01-28 17:43:38.102 11821 11846 D UE4     : [2019.01.28-23.43.38:102][  0]LogRHI:   GL_ARM_shader_framebuffer_fetch_depth_stencil
01-28 17:43:38.102 11821 11846 D UE4     : [2019.01.28-23.43.38:102][  0]LogRHI:   GL_OES_texture_storage_multisample_2d_array
01-28 17:43:38.102 11821 11846 D UE4     : [2019.01.28-23.43.38:102][  0]LogRHI:   GL_OES_sample_shading
01-28 17:43:38.102 11821 11846 D UE4     : [2019.01.28-23.43.38:102][  0]LogRHI:   GL_OES_get_program_binary
01-28 17:43:38.102 11821 11846 D UE4     : [2019.01.28-23.43.38:102][  0]LogRHI:   GL_EXT_debug_label
01-28 17:43:38.102 11821 11846 D UE4     : [2019.01.28-23.43.38:102][  0]LogRHI:   GL_KHR_blend_equation_advanced
01-28 17:43:38.102 11821 11846 D UE4     : [2019.01.28-23.43.38:102][  0]LogRHI:   GL_KHR_blend_equation_advanced_coherent
01-28 17:43:38.102 11821 11846 D UE4     : [2019.01.28-23.43.38:102][  0]LogRHI:   GL_QCOM_tiled_rendering
01-28 17:43:38.102 11821 11846 D UE4     : [2019.01.28-23.43.38:102][  0]LogRHI:   GL_ANDROID_extension_pack_es31a
01-28 17:43:38.102 11821 11846 D UE4     : [2019.01.28-23.43.38:102][  0]LogRHI:   GL_EXT_primitive_bounding_box
01-28 17:43:38.103 11821 11846 D UE4     : [2019.01.28-23.43.38:102][  0]LogRHI:   GL_OES_standard_derivatives
01-28 17:43:38.103 11821 11846 D UE4     : [2019.01.28-23.43.38:103][  0]LogRHI:   GL_OES_vertex_array_object
01-28 17:43:38.103 11821 11846 D UE4     : [2019.01.28-23.43.38:103][  0]LogRHI:   GL_EXT_disjoint_timer_query
01-28 17:43:38.103 11821 11846 D UE4     : [2019.01.28-23.43.38:103][  0]LogRHI:   GL_KHR_debug
01-28 17:43:38.103 11821 11846 D UE4     : [2019.01.28-23.43.38:103][  0]LogRHI:   GL_EXT_YUV_target
01-28 17:43:38.103 11821 11846 D UE4     : [2019.01.28-23.43.38:103][  0]LogRHI:   GL_EXT_sRGB_write_control
01-28 17:43:38.103 11821 11846 D UE4     : [2019.01.28-23.43.38:103][  0]LogRHI:   GL_EXT_texture_norm16
01-28 17:43:38.103 11821 11846 D UE4     : [2019.01.28-23.43.38:103][  0]LogRHI:   GL_EXT_discard_framebuffer
01-28 17:43:38.103 11821 11846 D UE4     : [2019.01.28-23.43.38:103][  0]LogRHI:   GL_OES_surfaceless_context
01-28 17:43:38.103 11821 11846 D UE4     : [2019.01.28-23.43.38:103][  0]LogRHI:   GL_OVR_multiview
01-28 17:43:38.103 11821 11846 D UE4     : [2019.01.28-23.43.38:103][  0]LogRHI:   GL_OVR_multiview2
01-28 17:43:38.103 11821 11846 D UE4     : [2019.01.28-23.43.38:103][  0]LogRHI:   GL_EXT_texture_sRGB_R8
01-28 17:43:38.103 11821 11846 D UE4     : [2019.01.28-23.43.38:103][  0]LogRHI:   GL_KHR_no_error
01-28 17:43:38.103 11821 11846 D UE4     : [2019.01.28-23.43.38:103][  0]LogRHI:   GL_EXT_debug_marker
01-28 17:43:38.103 11821 11846 D UE4     : [2019.01.28-23.43.38:103][  0]LogRHI:   GL_OES_EGL_image_external_essl3
01-28 17:43:38.104 11821 11846 D UE4     : [2019.01.28-23.43.38:103][  0]LogRHI:   GL_OVR_multiview_multisampled_render_to_texture
01-28 17:43:38.104 11821 11846 D UE4     : [2019.01.28-23.43.38:104][  0]LogRHI:   GL_EXT_buffer_storage
01-28 17:43:38.104 11821 11846 D UE4     : [2019.01.28-23.43.38:104][  0]LogRHI:   GL_EXT_external_buffer
01-28 17:43:38.104 11821 11846 D UE4     : [2019.01.28-23.43.38:104][  0]LogRHI:   GL_EXT_blit_framebuffer_params
01-28 17:43:38.104 11821 11846 D UE4     : [2019.01.28-23.43.38:104][  0]LogRHI:   GL_EXT_clip_cull_distance
01-28 17:43:38.104 11821 11846 D UE4     : [2019.01.28-23.43.38:104][  0]LogRHI:   GL_EXT_protected_textures
01-28 17:43:38.104 11821 11846 D UE4     : [2019.01.28-23.43.38:104][  0]LogRHI:   GL_EXT_shader_non_constant_global_initializers
01-28 17:43:38.104 11821 11846 D UE4     : [2019.01.28-23.43.38:104][  0]LogRHI:   GL_QCOM_texture_foveated
01-28 17:43:38.104 11821 11846 D UE4     : [2019.01.28-23.43.38:104][  0]LogRHI:   GL_QCOM_shader_framebuffer_fetch_noncoherent
01-28 17:43:38.104 11821 11846 D UE4     : [2019.01.28-23.43.38:104][  0]LogRHI:   GL_EXT_memory_object
01-28 17:43:38.104 11821 11846 D UE4     : [2019.01.28-23.43.38:104][  0]LogRHI:   GL_EXT_memory_object_fd
01-28 17:43:38.104 11821 11846 D UE4     : [2019.01.28-23.43.38:104][  0]LogRHI:   GL_EXT_EGL_image_array
01-28 17:43:38.104 11821 11846 D UE4     : [2019.01.28-23.43.38:104][  0]LogRHI:   GL_NV_shader_noperspective_interpolation
01-28 17:43:38.104 11821 11846 D UE4     : [2019.01.28-23.43.38:104][  0]LogRHI:   GL_MAX_VERTEX_ATTRIBS: 32
01-28 17:43:38.104 11821 11846 D UE4     : [2019.01.28-23.43.38:104][  0]LogRHI:   GL_MAX_VARYING_VECTORS: 31
01-28 17:43:38.104 11821 11846 D UE4     : [2019.01.28-23.43.38:104][  0]LogRHI:   GL_MAX_VERTEX_UNIFORM_VECTORS: 256
01-28 17:43:38.105 11821 11846 D UE4     : [2019.01.28-23.43.38:105][  0]LogRHI:   GL_MAX_FRAGMENT_UNIFORM_VECTORS: 256
01-28 17:43:38.105 11821 11846 D UE4     : [2019.01.28-23.43.38:105][  0]LogRHI: Fragment shader lowp precision: 10
01-28 17:43:38.105 11821 11846 D UE4     : [2019.01.28-23.43.38:105][  0]LogRHI: Fragment shader mediump precision: 10
01-28 17:43:38.105 11821 11846 D UE4     : [2019.01.28-23.43.38:105][  0]LogRHI: Fragment shader highp precision: 23
01-28 17:43:38.107 11821 11846 D UE4     : [2019.01.28-23.43.38:107][  0]LogRHI: Support for 4x MSAA detected
01-28 17:43:38.107 11821 11846 D UE4     : [2019.01.28-23.43.38:107][  0]LogRHI: Image external enabled: ImageExternalESSL300
01-28 17:43:38.108 11821 11846 D UE4     : [2019.01.28-23.43.38:108][  0]LogRHI: Device supports mobile multi-view.
01-28 17:43:38.109 11821 11846 D libGLESv2: STS_GLApi : DTS, ODTC are not allowed for Package : com.TeamNA.GiftGame
01-28 17:43:38.110 11821 11846 D UE4     : [2019.01.28-23.43.38:109][  0]LogRHI:   GL_MAX_TEXTURE_SIZE: 16384
01-28 17:43:38.110 11821 11846 D UE4     : [2019.01.28-23.43.38:110][  0]LogRHI:   GL_MAX_CUBE_MAP_TEXTURE_SIZE: 16384
01-28 17:43:38.110 11821 11846 D UE4     : [2019.01.28-23.43.38:110][  0]LogRHI:   GL_MAX_ARRAY_TEXTURE_LAYERS: 2048
01-28 17:43:38.110 11821 11846 D UE4     : [2019.01.28-23.43.38:110][  0]LogRHI:   GL_MAX_RENDERBUFFER_SIZE: 16384
01-28 17:43:38.110 11821 11846 D UE4     : [2019.01.28-23.43.38:110][  0]LogRHI:   GL_MAX_TEXTURE_IMAGE_UNITS: 16
01-28 17:43:38.110 11821 11846 D UE4     : [2019.01.28-23.43.38:110][  0]LogRHI:   GL_MAX_DRAW_BUFFERS: 8
01-28 17:43:38.110 11821 11846 D UE4     : [2019.01.28-23.43.38:110][  0]LogRHI:   GL_MAX_COLOR_ATTACHMENTS: 1
01-28 17:43:38.110 11821 11846 D UE4     : [2019.01.28-23.43.38:110][  0]LogRHI:   GL_MAX_SAMPLES: 1
01-28 17:43:38.110 11821 11846 D UE4     : [2019.01.28-23.43.38:110][  0]LogRHI:   GL_MAX_COLOR_TEXTURE_SAMPLES: 1
01-28 17:43:38.110 11821 11846 D UE4     : [2019.01.28-23.43.38:110][  0]LogRHI:   GL_MAX_DEPTH_TEXTURE_SAMPLES: 1
01-28 17:43:38.110 11821 11846 D UE4     : [2019.01.28-23.43.38:110][  0]LogRHI:   GL_MAX_INTEGER_SAMPLES: 1
01-28 17:43:38.110 11821 11846 D UE4     : [2019.01.28-23.43.38:110][  0]LogRHI:   GL_MAX_COMBINED_TEXTURE_IMAGE_UNITS: 96
01-28 17:43:38.110 11821 11846 D UE4     : [2019.01.28-23.43.38:110][  0]LogRHI:   GL_MAX_VERTEX_ATTRIBS: 32
01-28 17:43:38.110 11821 11846 D UE4     : [2019.01.28-23.43.38:110][  0]LogRHI:   GL_MAX_TEXTURE_MAX_ANISOTROPY_EXT: 16
01-28 17:43:38.110 11821 11846 D UE4     : [2019.01.28-23.43.38:110][  0]LogRHI: OpenGL MajorVersion = 2, MinorVersion = 0, ShaderPlatform = GLSL_ES2, FeatureLevel = ES2
01-28 17:43:38.110 11821 11846 D UE4     : [2019.01.28-23.43.38:110][  0]LogRHI: PLATFORM_ANDROID
01-28 17:43:38.111 11821 11846 D UE4     : [2019.01.28-23.43.38:111][  0]LogRHI: Enabling program binary cache as /storage/emulated/0/Android/data/com.TeamNA.GiftGame/files/ProgramBinaryCache/GLSL_ES2_AA39384A9033BB6126C8888101EBA2256529AC83
01-28 17:43:38.111 11821 11846 D UE4     : [2019.01.28-23.43.38:111][  0]LogRHI: FOpenGLProgramBinaryCache will be initialized when ShaderPipelineCache opens its file
01-28 17:43:38.120 11821 11846 D UE4     : [2019.01.28-23.43.38:120][  0]LogRHI: Texture pool is 1000 MB (of 0 MB total graphics mem)
01-28 17:43:38.120 11821 11846 D UE4     : [2019.01.28-23.43.38:120][  0]LogRHI: Display: Testing for shader compiler compatibility
01-28 17:43:38.124 11821 11846 D UE4     : [2019.01.28-23.43.38:124][  0]LogRHI: Display: Shaders compile fine no need to enable hacks
01-28 17:43:38.124 11821 11846 D UE4     : [2019.01.28-23.43.38:124][  0]LogRHI: Display: Testing for round() function availability
01-28 17:43:38.126 11821 11846 D UE4     : [2019.01.28-23.43.38:126][  0]LogRHI: Warning: Disabling the need for the round() function hack
01-28 17:43:38.127 11821 11846 D UE4     : [2019.01.28-23.43.38:127][  0]LogShaderLibrary: Display: Failed to load Shared Shader Library: Global and no native library supported.
01-28 17:43:38.127 11821 11846 D UE4     : [2019.01.28-23.43.38:127][  0]LogShaderLibrary: Display: Failed to load Shared Shader Library: Global_SC and no native library supported.
01-28 17:43:38.127 11821 11846 D UE4     : [2019.01.28-23.43.38:127][  0]LogShaderLibrary: Display: Failed to load Shared Shader Library: Paper2D and no native library supported.
01-28 17:43:38.128 11821 11846 D UE4     : [2019.01.28-23.43.38:128][  0]LogShaderLibrary: Display: Failed to load Shared Shader Library: Paper2D_SC and no native library supported.
01-28 17:43:38.128 11821 11846 D UE4     : [2019.01.28-23.43.38:128][  0]LogShaderLibrary: Display: Failed to load Shared Shader Library: Paper2D and no native library supported.
01-28 17:43:38.128 11821 11846 D UE4     : [2019.01.28-23.43.38:128][  0]LogShaderLibrary: Display: Failed to load Shared Shader Library: Paper2D_SC and no native library supported.
01-28 17:43:38.129 11821 11846 D UE4     : [2019.01.28-23.43.38:129][  0]LogShaderLibrary: Display: Failed to load Shared Shader Library: CryptoKeys and no native library supported.
01-28 17:43:38.129 11821 11846 D UE4     : [2019.01.28-23.43.38:129][  0]LogShaderLibrary: Display: Failed to load Shared Shader Library: CryptoKeys_SC and no native library supported.
01-28 17:43:38.129 11821 11846 D UE4     : [2019.01.28-23.43.38:129][  0]LogShaderLibrary: Display: Failed to load Shared Shader Library: CryptoKeys and no native library supported.
01-28 17:43:38.130 11821 11846 D UE4     : [2019.01.28-23.43.38:129][  0]LogShaderLibrary: Display: Failed to load Shared Shader Library: CryptoKeys_SC and no native library supported.
01-28 17:43:38.130 11821 11846 D UE4     : [2019.01.28-23.43.38:130][  0]LogShaderLibrary: Display: Failed to load Shared Shader Library: MeshEditor and no native library supported.
01-28 17:43:38.130 11821 11846 D UE4     : [2019.01.28-23.43.38:130][  0]LogShaderLibrary: Display: Failed to load Shared Shader Library: MeshEditor_SC and no native library supported.
01-28 17:43:38.130 11821 11846 D UE4     : [2019.01.28-23.43.38:130][  0]LogShaderLibrary: Display: Failed to load Shared Shader Library: MeshEditor and no native library supported.
01-28 17:43:38.131 11821 11846 D UE4     : [2019.01.28-23.43.38:131][  0]LogShaderLibrary: Display: Failed to load Shared Shader Library: MeshEditor_SC and no native library supported.
01-28 17:43:38.131 11821 11846 D UE4     : [2019.01.28-23.43.38:131][  0]LogShaderLibrary: Display: Failed to load Shared Shader Library: DatasmithContent and no native library supported.
01-28 17:43:38.131 11821 11846 D UE4     : [2019.01.28-23.43.38:131][  0]LogShaderLibrary: Display: Failed to load Shared Shader Library: DatasmithContent_SC and no native library supported.
01-28 17:43:38.132 11821 11846 D UE4     : [2019.01.28-23.43.38:131][  0]LogShaderLibrary: Display: Failed to load Shared Shader Library: DatasmithContent and no native library supported.
01-28 17:43:38.132 11821 11846 D UE4     : [2019.01.28-23.43.38:132][  0]LogShaderLibrary: Display: Failed to load Shared Shader Library: DatasmithContent_SC and no native library supported.
01-28 17:43:38.132 11821 11846 D UE4     : [2019.01.28-23.43.38:132][  0]LogShaderLibrary: Display: Failed to load Shared Shader Library: VariantManagerContent and no native library supported.
01-28 17:43:38.132 11821 11846 D UE4     : [2019.01.28-23.43.38:132][  0]LogShaderLibrary: Display: Failed to load Shared Shader Library: VariantManagerContent_SC and no native library supported.
01-28 17:43:38.133 11821 11846 D UE4     : [2019.01.28-23.43.38:133][  0]LogShaderLibrary: Display: Failed to load Shared Shader Library: VariantManagerContent and no native library supported.
01-28 17:43:38.133 11821 11846 D UE4     : [2019.01.28-23.43.38:133][  0]LogShaderLibrary: Display: Failed to load Shared Shader Library: VariantManagerContent_SC and no native library supported.
01-28 17:43:38.133 11821 11846 D UE4     : [2019.01.28-23.43.38:133][  0]LogShaderLibrary: Display: Failed to load Shared Shader Library: MediaCompositing and no native library supported.
01-28 17:43:38.133 11821 11846 D UE4     : [2019.01.28-23.43.38:133][  0]LogShaderLibrary: Display: Failed to load Shared Shader Library: MediaCompositing_SC and no native library supported.
01-28 17:43:38.134 11821 11846 D UE4     : [2019.01.28-23.43.38:134][  0]LogShaderLibrary: Display: Failed to load Shared Shader Library: MediaCompositing and no native library supported.
01-28 17:43:38.134 11821 11846 D UE4     : [2019.01.28-23.43.38:134][  0]LogShaderLibrary: Display: Failed to load Shared Shader Library: MediaCompositing_SC and no native library supported.
01-28 17:43:38.134 11821 11846 D UE4     : [2019.01.28-23.43.38:134][  0]LogShaderLibrary: Display: Failed to load Shared Shader Library: OculusVR and no native library supported.
01-28 17:43:38.134 11821 11846 D UE4     : [2019.01.28-23.43.38:134][  0]LogShaderLibrary: Display: Failed to load Shared Shader Library: OculusVR_SC and no native library supported.
01-28 17:43:38.135 11821 11846 D UE4     : [2019.01.28-23.43.38:135][  0]LogShaderLibrary: Display: Failed to load Shared Shader Library: OculusVR and no native library supported.
01-28 17:43:38.135 11821 11846 D UE4     : [2019.01.28-23.43.38:135][  0]LogShaderLibrary: Display: Failed to load Shared Shader Library: OculusVR_SC and no native library supported.
01-28 17:43:38.135 11821 11846 D UE4     : [2019.01.28-23.43.38:135][  0]LogShaderLibrary: Display: Failed to load Shared Shader Library: SteamVR and no native library supported.
01-28 17:43:38.136 11821 11846 D UE4     : [2019.01.28-23.43.38:135][  0]LogShaderLibrary: Display: Failed to load Shared Shader Library: SteamVR_SC and no native library supported.
01-28 17:43:38.136 11821 11846 D UE4     : [2019.01.28-23.43.38:136][  0]LogShaderLibrary: Display: Failed to load Shared Shader Library: SteamVR and no native library supported.
01-28 17:43:38.136 11821 11846 D UE4     : [2019.01.28-23.43.38:136][  0]LogShaderLibrary: Display: Failed to load Shared Shader Library: SteamVR_SC and no native library supported.
01-28 17:43:38.156 11821 11846 D UE4     : [2019.01.28-23.43.38:156][  0]LogMaterial: Verifying Global Shaders for GLSL_ES2
01-28 17:43:38.194 11821 11846 D UE4     : [2019.01.28-23.43.38:194][  0]LogSlate: Using FreeType 2.4.12
01-28 17:43:38.196 11821 11846 D UE4     : [2019.01.28-23.43.38:196][  0]LogSlate: SlateFontServices - WITH_FREETYPE: 1, WITH_HARFBUZZ: 1
01-28 17:43:38.368 11821 11850 D OpenGLRenderer: eglDestroySurface = 0xdcfea6a0
01-28 17:43:38.369 11821 11821 D ViewRootImpl@f55f1ef[GameActivity]: dispatchDetachedFromWindow
01-28 17:43:38.369 11821 11821 D InputEventReceiver: channel 'cc27c23 com.TeamNA.GiftGame/com.epicgames.ue4.GameActivity (client)' ~ Disposing input event receiver.
01-28 17:43:38.369 11821 11821 D InputEventReceiver: channel 'cc27c23 com.TeamNA.GiftGame/com.epicgames.ue4.GameActivity (client)' ~NativeInputEventReceiver.
01-28 17:43:38.372  1391  3065 I WindowManager: Destroying surface Surface(name=com.TeamNA.GiftGame/com.epicgames.ue4.GameActivity) called by com.android.server.wm.WindowStateAnimator.destroySurface:2501 com.android.server.wm.WindowStateAnimator.destroySurfaceLocked:985 com.android.server.wm.WindowState.removeImmediately:2404 com.android.server.wm.WindowState.removeIfPossible:2612 com.android.server.wm.WindowState.removeIfPossible:2442 com.android.server.wm.WindowManagerService.removeWindow:2020 com.android.server.wm.Session.remove:237 android.view.IWindowSession$Stub.onTransact:242 
01-28 17:43:38.373   769  1269 I SurfaceFlinger: id=7396 Removed com.TeamNA.GiftGame/com.epicgames.ue4.GameActivity#0 (2/4)
01-28 17:43:38.377   769   854 I SurfaceFlinger: id=7396 Removed com.TeamNA.GiftGame/com.epicgames.ue4.GameActivity#0 (-2/4)
01-28 17:43:38.377   769   769 I Layer   : id=7396 onRemoved com.TeamNA.GiftGame/com.epicgames.ue4.GameActivity#0 
01-28 17:43:38.382   769   769 I SurfaceFlinger: Display 0 HWC layers:
01-28 17:43:38.382   769   769 I SurfaceFlinger:     type    |    handle    | flag |  format   |   source crop (l,t,r,b)    |         frame       | name 
01-28 17:43:38.382   769   769 I SurfaceFlinger: ------------+--------------+------+-----------+----------------------------+---------------------+------
01-28 17:43:38.382   769   769 I SurfaceFlinger:  SolidColor |              | 0002 |  Unknown  |   0.0    0.0   -1.0   -1.0 |    0    0 1080 1920 | Background for - SurfaceView - com.T[...]icgames.ue4.GameActivity@61e4cde@0#0
01-28 17:43:38.382   769   769 I SurfaceFlinger:      Device | 0x778bd5e300 | 0000 | RGBA_8888 |   0.0    0.0 1080.0 1920.0 |    0    0 1080 1920 | com.TeamNA.GiftGame/com.epicgames.ue4.GameActivity#1
01-28 17:43:38.382   769   769 I SurfaceFlinger: 
01-28 17:43:38.387 11821 11846 D UE4     : [2019.01.28-23.43.38:387][  0]LogShaderLibrary: Display: Failed to load Shared Shader Library: GiftGame and no native library supported.
01-28 17:43:38.387 11821 11846 D UE4     : [2019.01.28-23.43.38:387][  0]LogShaderLibrary: Display: Failed to load Shared Shader Library: GiftGame_SC and no native library supported.
01-28 17:43:38.388 11821 11846 D UE4     : [2019.01.28-23.43.38:388][  0]LogRHI: Display: Opened pipeline cache after state change and enqueued -1023976704 of 0 tasks for precompile.
01-28 17:43:38.388 11821 11846 D UE4     : [2019.01.28-23.43.38:388][  0]LogShaderLibrary: Display: Failed to load Shared Shader Library: GiftGame and no native library supported.
01-28 17:43:38.389 11821 11846 D UE4     : [2019.01.28-23.43.38:389][  0]LogShaderLibrary: Display: Failed to load Shared Shader Library: GiftGame_SC and no native library supported.
01-28 17:43:38.389 11821 11846 D UE4     : [2019.01.28-23.43.38:389][  0]LogRHI: Display: Opened pipeline cache after state change and enqueued -1023975168 of 0 tasks for precompile.
01-28 17:43:38.389 11821 11846 D UE4     : [2019.01.28-23.43.38:389][  0]LogRHI: Display: Failed to open default shader pipeline cache for GiftGame using shader platform 8.
01-28 17:43:38.389 11821 11846 D UE4     : [2019.01.28-23.43.38:389][  0]LogInit: Using OS detected language (en-US).
01-28 17:43:38.389 11821 11846 D UE4     : [2019.01.28-23.43.38:389][  0]LogInit: Using OS detected locale (en-US).
01-28 17:43:38.390 11821 11846 D UE4     : [2019.01.28-23.43.38:390][  0]LogTextLocalizationManager: No localization for 'en-US' exists, so 'en' will be used for the language.
01-28 17:43:38.390 11821 11846 D UE4     : [2019.01.28-23.43.38:390][  0]LogTextLocalizationManager: No localization for 'en-US' exists, so 'en' will be used for the locale.
01-28 17:43:38.392 11821 11846 D UE4     : [2019.01.28-23.43.38:392][  0]LogSlate: FontCache flush requested. Reason: Culture for localization was changed
01-28 17:43:38.392 11821 11846 D UE4     : [2019.01.28-23.43.38:392][  0]LogSlate: FontCache flush requested. Reason: Culture for localization was changed
01-28 17:43:38.474 11821 11846 D UE4     : [2019.01.28-23.43.38:474][  0]LogStreaming: Display: Took  0.085s to InitGameTextLocalization.
01-28 17:43:38.515  2702  2702 E adbd    : recv: OPEN 00000143 00000000 0010:73 68 65 6C 6C 2C 76 32 2C 72 61 77 3A 70 73 00 
01-28 17:43:38.516  2702  2702 E adbd    : service_to_fd: shell,v2,raw:ps
01-28 17:43:38.533 11907 11907 E propClient: PropClient failed to load
01-28 17:43:38.551 11821 11846 D UE4     : [2019.01.28-23.43.38:551][  0]LogAssetRegistry: FAssetRegistry took 0.0758 seconds to start up
01-28 17:43:38.555 11907 11907 E propClient: PropClient failed to load
01-28 17:43:38.810  1391  1907 I zygote64: Explicit concurrent copying GC freed 210321(10MB) AllocSpace objects, 46(920KB) LOS objects, 29% free, 57MB/81MB, paused 713us total 757.941ms
01-28 17:43:39.011  2702  2702 E adbd    : recv: OPEN 00000144 00000000 0009:74 63 70 3A 36 36 36 36 00 
01-28 17:43:39.011  2702  2702 E adbd    : service_to_fd: tcp:6666
01-28 17:43:39.011 11821 11846 D UE4     : [2019.01.28-23.43.39:011][  0]LogStreaming: Display: Flushing async loaders.
01-28 17:43:39.014  1145  1454 D DnsProxyListener: DNSDBG::dns addrinfo af 2
01-28 17:43:39.018  2702  2702 E adbd    : failed to connect to socket 'tcp:6666': Connection refused
01-28 17:43:39.079 11821 11846 D UE4     : [2019.01.28-23.43.39:079][  0]LogPackageLocalizationCache: Processed 10 localized package path(s) for 1 prioritized culture(s) in 0.066687 seconds
01-28 17:43:39.180  1391  1391 D PreBindingService: handleMessage : 1
01-28 17:43:39.183 11821 11846 D UE4     : [2019.01.28-23.43.39:183][  0]LogNetVersion: GiftGame 1.0.0, NetCL: 4541578, EngineNetVer: 5, GameNetVer: 0 (Checksum: 4259663717)
01-28 17:43:39.208  1391  1391 D PreBindingService: handleMessage : 1
01-28 17:43:39.540  2667  2822 D NetworkController.MobileSignalController(0/1): onSignalStrengthsChanged signalStrength=SignalStrength: 99 99 -120 -160 -120 -1 -1 23 -96 -11 88 2147483647 0 2147483647 0x3000 P gsm|lte level=3
01-28 17:43:39.541  2667  2822 D NetworkController.MobileSignalController(0/1): getMobileIconGroup(): 13
01-28 17:43:39.541  2667  2822 D NetworkController.MobileSignalController(0/1): updateVZWMobileIconGroup(): 13
01-28 17:43:39.554  2667  2822 D NetworkController.MobileSignalController(0/1): callState:0, callStateByPhone:false voLTECall:false voiceNetTpe:13 dataNetType:13, ine911:false, emergencyCallbackMode:false
01-28 17:43:39.557  3043  3256 D EPDG -- SIM0 [SMARTWIFI]: onSignalStrengthsChanged: Received signal strength change, phone type is: 2
01-28 17:43:39.557  3043  5264 D EPDG -- SIM0 [SMARTWIFI]: lastLteRSRP is -96currentLteRSRP is -96
01-28 17:43:39.557  3043  5264 D EPDG -- SIM0 [SMARTWIFI]: lastLteRSRQ is -11currentLteRSRQ is -11
01-28 17:43:39.557  3043  5264 D EPDG -- SIM0 [SMARTWIFI]: lastCdmaDb is -16currentCdmaDb is -16
01-28 17:43:39.557  3043  5264 V EPDG -- SIM0 [SMARTWIFI]: Radio oldest entry removed
01-28 17:43:39.557  3043  5264 V EPDG -- SIM0 [SMARTWIFI]: New entry : (SignalStrength: 99 99 -120 -160 -120 -1 -1 23 -96 -11 88 2147483647 0 2147483647 0x3000 P gsm|lte : 0 )
01-28 17:43:39.557  3043  5264 V EPDG -- SIM0 [SMARTWIFI]: Radio entry added
01-28 17:43:39.747  1391  6787 D SSRM:b  : SIOP:: AP = 360, PST = 350 (W:6), BAT = 291, CHG = 315
01-28 17:43:39.794  2702  2702 E adbd    : recv: OPEN 0000014a 00000000 0010:73 68 65 6C 6C 2C 76 32 2C 72 61 77 3A 70 73 00 
01-28 17:43:39.794  2702  2702 E adbd    : service_to_fd: shell,v2,raw:ps
01-28 17:43:39.805 11914 11914 E propClient: PropClient failed to load
01-28 17:43:39.820 11914 11914 E propClient: PropClient failed to load
01-28 17:43:39.886 23649 23669 I Finsky  : [6888] com.google.android.finsky.bo.an.run(6): Stats for Executor: Db-scheduled_acquisitions.db com.google.android.finsky.bo.ao@5eb1f22[Running, pool size = 0, active threads = 0, queued tasks = 0, completed tasks = 0]
01-28 17:43:39.970  1391  2312 D SamsungAlarmManager: Expired : 8
01-28 17:43:39.970  1391  2312 I SamsungAlarmManager: setLocked to kernel - T:3 / 20190128T174400, SetElapsed=1187344902, nowELAPSED=1187324872
01-28 17:43:39.970  1391  2312 V SamsungAlarmManager: Sending to uid : 10068 action=null alarm=Alarm{aaa6d4e type 3 when 1187324872 com.asurion.android.verizon.vms}
01-28 17:43:39.982 11821 11846 I MediaPlayer: Need to enable context aware info
01-28 17:43:39.982 11821 11846 V MediaPlayer-JNI: native_setup
01-28 17:43:39.983  1391  2894 D SamsungAlarmManager: setExact Intent (T:3/F:5/AC:false) 20190128T174344 - CU:10068/CP:4155
01-28 17:43:39.983  1391  2894 I SamsungAlarmManager: setLocked to kernel - T:3 / 20190128T174344, SetElapsed=1187329884, nowELAPSED=1187324886
01-28 17:43:39.985 11821 11846 V MediaPlayerNative: constructor
01-28 17:43:39.995 11821 11846 V MediaPlayerNative: setListener
01-28 17:43:40.004 11821 11846 D UE4     : [2019.01.28-23.43.40:003][  0]LogMoviePlayer: Initializing movie player
01-28 17:43:40.005 11821 11846 D UE4     : [2019.01.28-23.43.40:005][  0]LogTcpMessaging: Initializing TcpMessaging bridge, listening on 127.0.0.1:6666
01-28 17:43:40.036 11821 11846 D UE4     : [2019.01.28-23.43.40:036][  0]LogUdpMessaging: Initializing bridge on interface 0.0.0.0:0 to multicast group 230.0.0.1:6666.
01-28 17:43:40.056 11821 11846 D UE4     : [2019.01.28-23.43.40:056][  0]LogAndroidPermission: UAndroidPermissionCallbackProxy::GetInstance
01-28 17:43:40.057 11821 11846 D UE4     : [2019.01.28-23.43.40:057][  0]LogOcInput: OculusInput pre-init called
01-28 17:43:40.092 11821 11846 D UE4     : [2019.01.28-23.43.40:092][  0]LogUObjectArray: 35064 objects as part of root set at end of initial load.
01-28 17:43:40.093 11821 11846 D UE4     : [2019.01.28-23.43.40:093][  0]LogUObjectArray: 2 objects are not in the root set, but can never be destroyed because they are in the DisregardForGC set.
01-28 17:43:40.093 11821 11846 D UE4     : [2019.01.28-23.43.40:093][  0]LogUObjectAllocator: 3861440 out of 0 bytes used by permanent object pool.
01-28 17:43:40.093 11821 11846 D UE4     : [2019.01.28-23.43.40:093][  0]LogUObjectArray: CloseDisregardForGC: 35064/35064 objects in disregard for GC pool
01-28 17:43:40.115 11821 11846 D UE4     : [2019.01.28-23.43.40:115][  0]LogAndroid: Display: Passed PreInit()
01-28 17:43:40.117 11821 11846 D UE4     : [2019.01.28-23.43.40:117][  0]LogEngine: Initializing Engine...
01-28 17:43:40.125 11821 11846 D UE4     : [2019.01.28-23.43.40:125][  0]LogStats: UGameplayTagsManager::ConstructGameplayTagTree: ImportINI prefixes -  0.000 s
01-28 17:43:40.125 11821 11846 D UE4     : [2019.01.28-23.43.40:125][  0]LogStats: UGameplayTagsManager::ConstructGameplayTagTree: Construct from data asset -  0.000 s
01-28 17:43:40.126 11821 11846 D UE4     : [2019.01.28-23.43.40:126][  0]LogStats: UGameplayTagsManager::ConstructGameplayTagTree: ImportINI -  0.001 s
01-28 17:43:40.126 11821 11846 D UE4     : [2019.01.28-23.43.40:126][  0]LogStats: UGameplayTagsManager::ConstructGameplayTagTree: GameplayTagTreeChangedEvent.Broadcast -  0.000 s
01-28 17:43:40.261 11821 11846 D UE4     : [2019.01.28-23.43.40:261][  0]LogInit: Initializing FReadOnlyCVARCache
01-28 17:43:40.262 11821 11846 D UE4     : [2019.01.28-23.43.40:262][  0]LogAndroidAudio: Warning: SL Entered Init HW
01-28 17:43:40.262 11821 11846 D UE4     : [2019.01.28-23.43.40:262][  0]LogAndroidAudio: Warning: OpenSLES Initializing HW
01-28 17:43:40.269 11821 11846 D UE4     : [2019.01.28-23.43.40:269][  0]LogAndroidAudio: Warning: OpenSLES Initialized
01-28 17:43:40.269 11821 11846 D UE4     : [2019.01.28-23.43.40:269][  0]LogAndroidAudio: Warning: OpenSLAudioDevice: Allocated 12 sources
01-28 17:43:40.270 11821 11846 D UE4     : [2019.01.28-23.43.40:270][  0]LogInit: FAudioDevice initialized.
01-28 17:43:40.270 11821 11846 D UE4     : [2019.01.28-23.43.40:270][  0]LogAudio: Warning: Can't increase channels past starting number!
01-28 17:43:40.273 11821 11846 D UE4     : [2019.01.28-23.43.40:273][  0]LogNetVersion: Set ProjectVersion to 1.0.0.0. Version Checksum will be recalculated on next use.
01-28 17:43:40.273 11821 11846 D UE4     : [2019.01.28-23.43.40:273][  0]LogInit: Texture streaming: Enabled
01-28 17:43:40.290 11821 11846 D UE4     : [2019.01.28-23.43.40:290][  0]LogAudio: Warning: Can't increase channels past starting number!
01-28 17:43:40.298 11821 11846 D UE4     : [2019.01.28-23.43.40:298][  0]LogSlate: Updating window title bar state: overlay mode, drag disabled, window buttons hidden, title bar hidden
01-28 17:43:40.299 11821 11846 D UE4     : [2019.01.28-23.43.40:299][  0]LogInit: Display: Game Engine Initialized.
01-28 17:43:40.299 11821 11846 D UE4     : [2019.01.28-23.43.40:299][  0]LogGameplayTags: Display: UGameplayTagsManager::DoneAddingNativeTags. DelegateIsBound: 0
01-28 17:43:40.299 11821 11846 D UE4     : [2019.01.28-23.43.40:299][  0]LogStats: UGameplayTagsManager::ConstructGameplayTagTree: ImportINI prefixes -  0.000 s
01-28 17:43:40.300 11821 11846 D UE4     : [2019.01.28-23.43.40:300][  0]LogStats: UGameplayTagsManager::ConstructGameplayTagTree: Construct from data asset -  0.000 s
01-28 17:43:40.300 11821 11846 D UE4     : [2019.01.28-23.43.40:300][  0]LogStats: UGameplayTagsManager::ConstructGameplayTagTree: ImportINI -  0.001 s
01-28 17:43:40.301 11821 11846 D UE4     : [2019.01.28-23.43.40:301][  0]LogStats: UGameplayTagsManager::ConstructGameplayTagTree: GameplayTagTreeChangedEvent.Broadcast -  0.000 s
01-28 17:43:40.374 11821 11846 D UE4     : [2019.01.28-23.43.40:374][  0]LogInit: Display: Starting Game.
01-28 17:43:40.374 11821 11846 D UE4     : [2019.01.28-23.43.40:374][  0]LogNet: Browse: /Game/Maps/MainGame?Name=Player
01-28 17:43:40.375 11821 11846 D UE4     : [2019.01.28-23.43.40:375][  0]LogLoad: LoadMap: /Game/Maps/MainGame?Name=Player
01-28 17:43:40.689  1145  1463 D CommandListener: bwctrlcmd: argc=3 bandwidth removeniceapps ...
01-28 17:43:40.689  1145  1463 E IptablesRestoreController: [iptables debug]iptables-restore execute *filter
01-28 17:43:40.689  1145  1463 E IptablesRestoreController: -D bw_happy_box -m owner --uid-owner 10251 --jump RETURN
01-28 17:43:40.689  1145  1463 E IptablesRestoreController: COMMIT
01-28 17:43:40.695  1145  1463 E IptablesRestoreController: [iptables debug]iptables-restore execute done *filter
01-28 17:43:40.695  1145  1463 E IptablesRestoreController: -D bw_happy_box -m owner --uid-owner 10251 --jump RETURN
01-28 17:43:40.695  1145  1463 E IptablesRestoreController: COMMIT
01-28 17:43:40.695  1145  1463 E IptablesRestoreController: , res : 0
01-28 17:43:41.012  1391  3065 D BatteryService: !@BatteryListener : batteryPropertiesChanged!
01-28 17:43:41.013  1391  3065 D BatteryService: level:54, scale:100, status:2, health:2, present:true, voltage: 3849, temperature: 290, technology: Li-ion, AC powered:false, USB powered:true, POGO powered:false, Wireless powered:false, icon:17303851, invalid charger:0, maxChargingCurrent:0, maxChargingVoltage:0, chargeCounter:0
01-28 17:43:41.013  1391  3065 D BatteryService: online:4, current avg:73, charge type:1, power sharing:false, high voltage charger:false, capacity:280000, batterySWSelfDischarging:false, misc_event:0, current_event:0, current_now:-69
01-28 17:43:41.013  1391  1391 D BatteryService: Sending ACTION_BATTERY_CHANGED.
01-28 17:43:41.022  2667  2667 D KeyguardUpdateMonitor: received broadcast android.intent.action.BATTERY_CHANGED
01-28 17:43:41.022  2667  2667 D BatteryController: onReceive-ACTION_BATTERY_CHANGED : mLevel=54, mBatteryStatus=2
01-28 17:43:41.029  3031  3031 D PhoneApp: PhoneAppBroadcastReceiver onReceive android.intent.action.BATTERY_CHANGED
01-28 17:43:41.029  3031  3031 D TelephonyExtensionManager: lowBatterySound - isLowBatterySoundScheduled: false
01-28 17:43:41.029  3031  3031 D TelephonyExtensionManager: lowBatterySound - isPlayNow: false
01-28 17:43:41.030  3043  3256 D EPDG -- SIM0 [EpdgSubScription]: android.intent.action.BATTERY_CHANGED intent received.
01-28 17:43:41.031  1391  1391 I MotionRecognitionService: Plugged
01-28 17:43:41.031  1391  1391 D MotionRecognitionService:   mCableConnection= 1
01-28 17:43:41.031  1391  1391 D MotionRecognitionService: setPowerConnected : mGripEnabled = false
01-28 17:43:41.032  1391  1391 D SamsungPhoneWindowManager: ACTION_BATTERY_CHANGED - Level :: 54, battStatus :: 2
01-28 17:43:41.032  3031  3031 D TelephonyExtensionManager: isSpeakerON - false
01-28 17:43:41.032  1391  1905 D UsbDeviceManager: handleMessage -> MSG_UPDATE_CHARGING_STATE = 1
01-28 17:43:41.034  2702  2702 E adbd    : recv: OPEN 0000014b 00000000 0009:74 63 70 3A 36 36 36 36 00 
01-28 17:43:41.034  2702  2702 E adbd    : service_to_fd: tcp:6666
01-28 17:43:41.035  1145  1454 D DnsProxyListener: DNSDBG::dns addrinfo af 2
01-28 17:43:41.041 15991 15991 D charging_screen: Naive charging time: 6624 s
01-28 17:43:41.043  2667  2667 D PowerUI : priorPlugType = 2 mPlugType =  2
01-28 17:43:41.045  2702  2702 E adbd    : recv: OPEN 0000014f 00000000 0010:73 68 65 6C 6C 2C 76 32 2C 72 61 77 3A 70 73 00 
01-28 17:43:41.045  2702  2702 E adbd    : service_to_fd: shell,v2,raw:ps
01-28 17:43:41.045  2667  2667 D PowerUI.Notification: showChargingNotice oldChargingType : 1 currentChargingType : 1 oldChargingTime : 10564000 mChargingTime : 10517000
01-28 17:43:41.046  2667  2667 D PowerUI.Notification: showChargingNotification()
01-28 17:43:41.047  3031  3031 D TelephonyExtensionManager: lowBatterySound - batteryStatus: 2
01-28 17:43:41.047  3031  3031 D TelephonyExtensionManager: lowBatterySound - batteryLevel: 54
01-28 17:43:41.047  3031  3031 D TelephonyExtensionManager: lowBatterySound - cancel
01-28 17:43:41.048  1391  2894 D SamsungAlarmManager: Cancel Alarm calling from uid:1001 pid :3031 / op:PendingIntent{bc4105a: PendingIntentRecord{941b2b8 com.android.phone broadcastIntent}}
01-28 17:43:41.049  3031  3031 D TelephonyExtension: Not stopping low battery tone
01-28 17:43:41.050  2667  2667 D Notification: allPendingIntents
01-28 17:43:41.053  1391  5391 D ApplicationPolicy: isStatusBarNotificationAllowedAsUser: packageName = com.android.systemui,userId = -1
01-28 17:43:41.053  1391  5391 D API test: getContainerInfo: value is 
01-28 17:43:41.053  1391  5391 D ApplicationPolicy: isStatusBarNotificationAllowedAsUser: packageName = com.android.systemui,userId = 0
01-28 17:43:41.054  1391  5391 D API test: getContainerInfo: value is 
01-28 17:43:41.056  1391  1391 D AudioService: getStreamVolume 5 index 0
01-28 17:43:41.061  1391  3082 D Notification: allPendingIntents
01-28 17:43:41.063  1391  2894 D Notification: allPendingIntents
01-28 17:43:41.085 11942 11942 E propClient: PropClient failed to load
01-28 17:43:41.103  2667  2667 D KeyguardServiceBoxContainer: updateCMAS() hasCmasNotification = false, mHasCMAS = false
01-28 17:43:41.108 11942 11942 E propClient: PropClient failed to load
01-28 17:43:41.209  1031 29064 V APM_AudioPolicyManager: getAudioPolicyConfig: audioParam;outDevice
01-28 17:43:41.210  1031 29064 V APM_AudioPolicyManager: getNewOutputDevice() selected device 0
01-28 17:43:41.210  1031 29064 V APM_AudioPolicyManager: ### curdevice : 2
01-28 17:43:41.211  1031 29064 V APM_AudioPolicyManager: getAudioPolicyConfig: audioParam;outDevice
