01-28 17:43:37.238  1391  5391 V WindowManager: finishDrawingLocked: mDrawState=COMMIT_DRAW_PENDING Window{cc27c23 u0 com.TeamNA.GiftGame/com.epicgames.ue4.GameActivity} in Surface(name=com.TeamNA.GiftGame/com.epicgames.ue4.GameActivity)
01-28 17:43:37.238  2702  2702 E adbd    : recv: OPEN 0000013f 00000000 0010:73 68 65 6C 6C 2C 76 32 2C 72 61 77 3A 70 73 00 
01-28 17:43:37.238  2702  2702 E adbd    : service_to_fd: shell,v2,raw:ps
01-28 17:43:37.239 11821 11846 D vulkan  : searching for layers in '/data/app/com.TeamNA.GiftGame-F6RGTycXiIjrqvwyxfoyFA==/lib/arm'
01-28 17:43:37.239 11821 11846 D vulkan  : searching for layers in '/system/fake-libs'
01-28 17:43:37.241 11821 11846 D vulkan  : searching for layers in '/data/app/com.TeamNA.GiftGame-F6RGTycXiIjrqvwyxfoyFA==/base.apk!/lib/armeabi-v7a'
01-28 17:43:37.241 11821 11846 D vulkan  : vulkan api version_1_0 1.0.0
01-28 17:43:37.241 11821 11846 D vulkan  : vulkan header version 46
01-28 17:43:37.242 11821 11846 I Adreno  : QUALCOMM build          : 1b7798b, I8a9bdcf8d3
01-28 17:43:37.242 11821 11846 I Adreno  : Build Date              : 03/15/18
01-28 17:43:37.242 11821 11846 I Adreno  : Shader Compiler Version : EV031.22.00.01
01-28 17:43:37.242 11821 11846 I Adreno  : Local Branch            : 
01-28 17:43:37.242 11821 11846 I Adreno  : Remote Branch           : refs/tags/AU_LINUX_ANDROID_LA.UM.6.5.R1.08.00.00.312.043
01-28 17:43:37.242 11821 11846 I Adreno  : Remote Branch           : NONE
01-28 17:43:37.242 11821 11846 I Adreno  : Reconstruct Branch      : NOTHING
01-28 17:43:37.244 11821 11846 I vndksupport: sphal namespace is not configured for this process. Loading /vendor/lib/hw/gralloc.msm8996.so from the current namespace instead.
01-28 17:43:37.246  1391  1391 D CustomFrequencyManagerService: releaseDVFSLockLocked : Getting Lock type frm List : DVFS_MIN_LIMIT  frequency : 2150400  uid : 1000  pid : 1391  tag : PWM_ROTATION@CPU_MIN@99
01-28 17:43:37.248  1391  5391 V WindowManager: Relayout Window{f828aa u0 com.TeamNA.GiftGame/com.epicgames.ue4.GameActivity}: viewVisibility=0 req=1920x1080 WM.LayoutParams{(0,0)(fillxfill) sim=#10 ty=1 fl=#1810500 fmt=1 wanim=0x1030001 vsysui=0x1706 sysuil=true needsMenuKey=2 colorMode=0 naviIconColor=0}
01-28 17:43:37.251 11893 11893 E propClient: PropClient failed to load
01-28 17:43:37.256 11821 11821 D ViewRootImpl@445f760[GameActivity]: Relayout returned: old=[0,0][1920,1080] new=[0,0][1920,1080] result=0x3 surface={valid=true 3386791936} changed=false
01-28 17:43:37.262 11893 11893 E propClient: PropClient failed to load
01-28 17:43:37.296  1391  5391 V WindowManager: finishDrawingLocked: mDrawState=COMMIT_DRAW_PENDING Window{f828aa u0 com.TeamNA.GiftGame/com.epicgames.ue4.GameActivity} in Surface(name=com.TeamNA.GiftGame/com.epicgames.ue4.GameActivity)
01-28 17:43:37.299 11821 11821 D ViewRootImpl@445f760[GameActivity]: MSG_RESIZED_REPORT: frame=Rect(0, 0 - 1920, 1080) ci=Rect(0, 0 - 0, 0) vi=Rect(0, 0 - 0, 0) or=2
01-28 17:43:37.299 11821 11821 D ViewRootImpl@445f760[GameActivity]: MSG_WINDOW_FOCUS_CHANGED 1
01-28 17:43:37.312  1391  1851 D WindowManager: set systemUiVisibility : systemUiFlags= 0x170a fullscreenStackSysUiFlags= 0x0
01-28 17:43:37.313  2667  2667 D BarTransitions.PhoneStatusBarView: MODE_OPAQUE -> MODE_TRANSPARENT animate=false
01-28 17:43:37.318 11821 11821 V threaded_app: WindowFocusChanged: 0xd822cda0 -- 1
01-28 17:43:37.318 11821 11847 D UE4     : LogAndroid: Case APP_CMD_GAINED_FOCUS
01-28 17:43:37.319 11821 11847 D UE4     : LogAndroidEvents: EnqueueAppEvent : 11, 0, tid = 11847
01-28 17:43:37.320  1391  2388 D WindowManager: adjustSystemUiVisibilityLw : vis= 0x170a
01-28 17:43:37.327  1391  2282 D ViewRootImpl@ae370fd[GiftGame]: dispatchDetachedFromWindow
01-28 17:43:37.327  1391  2282 D InputEventReceiver: channel 'ff261f2 Splash Screen com.TeamNA.GiftGame (client)' ~ Disposing input event receiver.
01-28 17:43:37.327  1391  2282 D InputEventReceiver: channel 'ff261f2 Splash Screen com.TeamNA.GiftGame (client)' ~NativeInputEventReceiver.
01-28 17:43:37.332   769   769 I SurfaceFlinger: Display 0 HWC layers:
01-28 17:43:37.332   769   769 I SurfaceFlinger:     type    |    handle    | flag |  format   |   source crop (l,t,r,b)    |         frame       | name 
01-28 17:43:37.332   769   769 I SurfaceFlinger: ------------+--------------+------+-----------+----------------------------+---------------------+------
01-28 17:43:37.332   769   769 I SurfaceFlinger:      Device | 0x778bd5e080 | 0002 | RGBA_8888 |   0.0    0.0 1080.0 1920.0 |    0    0 1080 1920 | com.TeamNA.GiftGame/com.epicgames.ue4.GameActivity#0
01-28 17:43:37.332   769   769 I SurfaceFlinger: 
01-28 17:43:37.338  1391  2282 I WindowManager: Destroying surface Surface(name=Splash Screen com.TeamNA.GiftGame) called by com.android.server.wm.WindowStateAnimator.destroySurface:2501 com.android.server.wm.WindowStateAnimator.destroySurfaceLocked:985 com.android.server.wm.WindowState.removeImmediately:2404 com.android.server.wm.WindowState.removeIfPossible:2612 com.android.server.wm.WindowState.removeIfPossible:2442 com.android.server.wm.WindowManagerService.removeWindow:2020 com.android.server.wm.Session.remove:237 android.view.ViewRootImpl.dispatchDetachedFromWindow:4101 
01-28 17:43:37.339   769  3114 I SurfaceFlinger: id=7390 Removed Splash Screen com.TeamNA.GiftGame#0 (1/5)
01-28 17:43:37.339   769  3114 I SurfaceFlinger: id=7390 Removed Splash Screen com.TeamNA.GiftGame#0 (-2/5)
01-28 17:43:37.343   769   769 I Layer   : id=7390 onRemoved Splash Screen com.TeamNA.GiftGame#0 
01-28 17:43:37.345  2667  2692 D SystemServicesProxy: updateOverviewLastStackActiveTimeAsync: newTime=1548719017201
01-28 17:43:37.346  1391  2894 D SecContentProvider: query(), uri = 17 selection = isSettingsChangesAllowed
01-28 17:43:37.347  1391  1851 D WindowManager: set systemUiVisibility : systemUiFlags= 0x1702 fullscreenStackSysUiFlags= 0x0
01-28 17:43:37.349  2667  2667 D BarTransitions.PhoneStatusBarView: MODE_TRANSPARENT -> MODE_OPAQUE animate=false
01-28 17:43:37.352 11821 11821 V InputMethodManager: Starting input: tba=android.view.inputmethod.EditorInfo@6815c66 nm : com.TeamNA.GiftGame ic=null
01-28 17:43:37.353 11821 11821 I InputMethodManager: startInputInner - mService.startInputOrWindowGainedFocus
01-28 17:43:37.353  1391  3069 D InputMethodManagerService: startInputOrWindowGainedFocus : windowGainedFocus 
01-28 17:43:37.353  1391  3069 D InputMethodManagerService: windowGainedFocus: destinationUserId (getCallingUid) = 0
01-28 17:43:37.353  1391  3069 D InputMethodManagerService: windowGainedFocus: currentUserId=0
01-28 17:43:37.353  1391  3069 D InputMethodManagerService: windowGainedFocus: mCurrentFocusedUserId=0
01-28 17:43:37.354  1391  3082 D WindowManager: adjustSystemUiVisibilityLw : vis= 0x1702
01-28 17:43:37.354  1391  3069 D InputMethodManagerService: windowGainedFocus : lock - currentUserId = 0 destinationUserId = 0
01-28 17:43:37.354  1391  3069 D InputMethodManagerService: windowGainedFocus : mCurrentFocusedUserId - 0 and mSecureKeypadEnabled - false, userSwitched - false
01-28 17:43:37.354  1391  3069 V InputMethodManagerService: windowGainedFocus : reason=WINDOW_FOCUS_GAIN client=android.os.BinderProxy@21131dd inputContext=null missingMethods= attribute=android.view.inputmethod.EditorInfo@9492302 nm = com.TeamNA.GiftGame controlFlags=#105 softInputMode=#10 windowFlags=#1810500
01-28 17:43:37.354  1391  3069 V InputMethodManagerService: hideCurrentInputLocked : shouldHideSoftInput is false
01-28 17:43:37.354  1391  3069 D InputMethodManagerService: isImeSwitcherDisabledPackage : false
01-28 17:43:37.354  1391  3069 V InputMethodManagerService: Creating new session for client ClientState{25ab413 uid 10559 pid 11821}
01-28 17:43:37.357 11821 11821 D UE4     : === Restoring Transparent Bars due to Visibility Change ===
01-28 17:43:37.357 11821 11821 D UE4     : === Restoring Transparent Bars ===
01-28 17:43:37.358  1391  3069 D InputMethodManagerService: setCurrentInputInfo - inputContext : null eidtorInfo : android.view.inputmethod.EditorInfo@9492302 missingMethods : 0
01-28 17:43:37.362  2652  2652 I InputMethodWrapper:  call dispatchStartInputWithToken
01-28 17:43:37.362  2652  2652 I InputMethodService: dispatchStartInputWithToken
01-28 17:43:37.363  2652  2652 I SKBD    : SamsungKeypad [IMI] onStartInput - caller pid : 11821, caller uid : 10559
01-28 17:43:37.363  2652  2652 I SKBD    : SamsungKeypad  CACHEDIC onStartInput  isCachedICEnabled:  false
01-28 17:43:37.363  2652  2652 I SKBD    : atl getDefaultInputRange : UNKNOWN
01-28 17:43:37.363  2652  2652 I SKBD    : awo resetBinderManager()
01-28 17:43:37.363  2652  2652 I SKBD_SYNC: SamsungKeypad onStartInput: import DLM
01-28 17:43:37.363  2652  2652 I SKBD    : atl setPrivateImeOptionsToTable privateImeOptions ( null )
01-28 17:43:37.363  2652  2652 I SKBD    : atl imeOptions is null
01-28 17:43:37.364 11821 11821 D ViewRootImpl@445f760[GameActivity]: MSG_WINDOW_FOCUS_CHANGED 0
01-28 17:43:37.364 11821 11821 V threaded_app: WindowFocusChanged: 0xd822cda0 -- 0
01-28 17:43:37.364  1391  2894 D SecContentProvider: called from android.uid.systemui:10063
01-28 17:43:37.366  2667  2784 D SystemServicesProxy: updateOverviewLastStackActiveTimeAsync: done.
01-28 17:43:37.365 11821 11847 D UE4     : LogAndroid: Case APP_CMD_LOST_FOCUS
01-28 17:43:37.367 11821 11847 D UE4     : LogAndroidEvents: EnqueueAppEvent : 10, 0, tid = 11847
01-28 17:43:37.368  2652  2652 I SKBD    : SamsungKeypad [PF_OP][onStartInput] 5388021
01-28 17:43:37.373   739   771 E ANDR-PERF-MPCTL: Invalid profile no. 0, total profiles 0 only
01-28 17:43:37.374  1391  1907 D CustomFrequencyManagerService: acquireDVFSLockLocked : type : DVFS_MIN_LIMIT  frequency : 1555200  uid : 1000  pid : 1391  pkgName : AMS_RESUME_TAIL@CPU_MIN@71
01-28 17:43:37.374  1391  1907 D ActivityManagerPerformance: AMP_acquire() TAIL
01-28 17:43:37.377 11821 11821 D UE4     : === Restoring Transparent Bars due to Visibility Change ===
01-28 17:43:37.377 11821 11821 D UE4     : === Restoring Transparent Bars ===
01-28 17:43:37.380  1391  5391 V WindowManager: Relayout Window{468954f u0 InputMethod}: viewVisibility=8 req=1920x0 WM.LayoutParams{(0,0)(fillxwrap) gr=#50 sim=#20 ty=2011 fl=#800108 fmt=-2 wanim=0x7f0e00e1 vsysui=0x300 needsMenuKey=2 colorMode=0 naviIconColor=0 sfl=0x800}
01-28 17:43:37.380 11821 11821 D ViewRootImpl@445f760[GameActivity]: MSG_WINDOW_FOCUS_CHANGED 1
01-28 17:43:37.375  1391  1907 D CustomFrequencyManagerService: releaseDVFSLockLocked : Getting Lock type frm List : DVFS_MIN_LIMIT  frequency : 1555200  uid : 1000  pid : 1391  tag : AMS_APP_SWITCH@CPU_MIN@65
01-28 17:43:37.384  1391  1907 D ActivityManagerPerformance: AMP_release() APP_SWITCH
01-28 17:43:37.399 11821 11821 V threaded_app: WindowFocusChanged: 0xd822cda0 -- 1
01-28 17:43:37.400 11821 11847 D UE4     : LogAndroid: Case APP_CMD_GAINED_FOCUS
01-28 17:43:37.400 11821 11847 D UE4     : LogAndroidEvents: EnqueueAppEvent : 11, 0, tid = 11847
01-28 17:43:37.403  1391  2894 D InputMethodManagerService: startInputOrWindowGainedFocus : windowGainedFocus 
01-28 17:43:37.403  1391  2894 D InputMethodManagerService: windowGainedFocus: destinationUserId (getCallingUid) = 0
01-28 17:43:37.403  1391  2894 D InputMethodManagerService: windowGainedFocus: currentUserId=0
01-28 17:43:37.403  1391  2894 D InputMethodManagerService: windowGainedFocus: mCurrentFocusedUserId=0
01-28 17:43:37.403  1391  2894 D InputMethodManagerService: windowGainedFocus : lock - currentUserId = 0 destinationUserId = 0
01-28 17:43:37.403  1391  2894 D InputMethodManagerService: windowGainedFocus : mCurrentFocusedUserId - 0 and mSecureKeypadEnabled - false, userSwitched - false
01-28 17:43:37.404  2652  2652 D ViewRootImpl@74106a1[InputMethod]: Relayout returned: old=[0,1200][1080,1920] new=[0,1200][1080,1920] result=0x1 surface={valid=false 0} changed=false
01-28 17:43:37.410  1391  2894 W InputMethodManagerService: Window already focused, ignoring focus gain of: com.android.internal.view.IInputMethodClient$Stub$Proxy@5696049 attribute=null, token = android.os.BinderProxy@a8dbf95
01-28 17:43:37.416  2652  2652 I SKBD    : putCacheDrawable inputModule=0 key =ICON_SETTING
01-28 17:43:37.418  1391  1904 D MARsDBManager: onChange - mSmartManagerObserver! Uri = content://com.samsung.android.sm/AppFreezer?MARs-self=true&MARs=true
01-28 17:43:37.421 11821 11821 V threaded_app: Resume: 0xd822cda0
01-28 17:43:37.421 11821 11847 V threaded_app: activityState=11
01-28 17:43:37.421 11821 11847 D UE4     : Case APP_CMD_RESUME
01-28 17:43:37.421 11821 11847 D UE4     : LogAndroid: Case APP_CMD_RESUME
01-28 17:43:37.421 11821 11847 D UE4     : LogAndroidEvents: EnqueueAppEvent : 7, 0, tid = 11847
01-28 17:43:37.421 11821 11821 D UE4     : === Restoring Transparent Bars ===
01-28 17:43:37.421 11821 11821 D UE4     : ==============> [JAVA] AndroidThunkJava_KeepScreenOn(false) - Enabled screen saver
01-28 17:43:37.422 11821 11821 D UE4     : Registering sensor listeners
01-28 17:43:37.423  1391  3065 I SensorService: createSensorEventConnection package name com.epicgames.ue4.GameActivity
01-28 17:43:37.424  1391  5391 D SensorService: Calling batch handle==1 flags=0 rate=20000000 timeout== 0
01-28 17:43:37.425   733   733 I qti_sensors_hal: batch:sensor(android.sensor.accelerometer) handle:1 flags:0x0 period_ns 20000000
01-28 17:43:37.425   733   733 I qti_sensors_hal: batch: current sample rate, report rate & buffering are equal to requested (50.000000,0.000000,0)
01-28 17:43:37.427   733   733 I qti_sensors_hal: SMGRReportAdd:sensor(android.sensor.accelerometer) handle=1, sample_rate=50.000000 report_rate=0 buffer=0
01-28 17:43:37.431 11821 11821 D SensorManager: registerListener :: 1, K6DS3TR Accelerometer, 20000, 0,  
01-28 17:43:37.432  1391  5391 D SensorService: Calling batch handle==3 flags=0 rate=20000000 timeout== 0
01-28 17:43:37.432   733   733 I qti_sensors_hal: batch:sensor(android.sensor.magnetic_field) handle:11 flags:0x0 period_ns 20000000
01-28 17:43:37.432   733   733 I qti_sensors_hal: batch: current sample rate, report rate & buffering are equal to requested (50.000000,0.000000,0)
01-28 17:43:37.433   733   733 I qti_sensors_hal: SMGRReportAdd:sensor(android.sensor.magnetic_field) handle=11, sample_rate=50.000000 report_rate=0 buffer=0
01-28 17:43:37.438 11821 11821 D SensorManager: registerListener :: 3, AK09911C Magnetometer, 20000, 0,  
01-28 17:43:37.439  1391  5391 D SensorService: Calling batch handle==5 flags=0 rate=20000000 timeout== 0
01-28 17:43:37.439   733   733 I qti_sensors_hal: batch:sensor(android.sensor.gyroscope) handle:3 flags:0x0 period_ns 20000000
01-28 17:43:37.439   733   733 I qti_sensors_hal: batch: current sample rate, report rate & buffering are equal to requested (50.000000,0.000000,0)
01-28 17:43:37.441   733   882 I qti_sensors_hal: processReportInd: Accel - X: -0.120 Y: 0.122 Z: 9.722
01-28 17:43:37.441   733   733 I qti_sensors_hal: SMGRReportAdd:sensor(android.sensor.gyroscope) handle=3, sample_rate=50.000000 report_rate=0 buffer=0
01-28 17:43:37.443 11821 11821 D SensorManager: registerListener :: 5, K6DS3TR Gyroscope, 20000, 0,  
01-28 17:43:37.444 11821 11821 D UE4     : App is running in Landscape
01-28 17:43:37.444 11821 11821 D UE4     : === Restoring Transparent Bars ===
01-28 17:43:37.444 11821 11821 D UE4     : ==============> Resuming main init
01-28 17:43:37.444 11821 11821 D UE4     : ==============> GameActive.onResume complete!
01-28 17:43:37.446  1391  5391 D ActivityManager: post active user change for 0 fullscreen true isHomeActivity() false
01-28 17:43:37.450  1391  5391 V WindowManager: Relayout Window{f828aa u0 com.TeamNA.GiftGame/com.epicgames.ue4.GameActivity}: viewVisibility=0 req=1920x1080 WM.LayoutParams{(0,0)(fillxfill) sim=#110 ty=1 fl=#1810500 fmt=1 wanim=0x1030001 vsysui=0x1706 sysuil=true needsMenuKey=2 colorMode=0 naviIconColor=0}
01-28 17:43:37.451 11821 11846 D UE4     : LogPluginManager: Mounting plugin Paper2D
01-28 17:43:37.453  1391  1851 D WindowManager: set systemUiVisibility : systemUiFlags= 0x1706 fullscreenStackSysUiFlags= 0x0
01-28 17:43:37.457 11821 11846 D UE4     : LogPluginManager: Mounting plugin AISupport
01-28 17:43:37.460 11821 11821 D ViewRootImpl@445f760[GameActivity]: Relayout returned: old=[0,0][1920,1080] new=[0,0][1920,1080] result=0x1 surface={valid=true 3386791936} changed=false
01-28 17:43:37.460 11821 11846 D UE4     : LogPluginManager: Mounting plugin LightPropagationVolume
01-28 17:43:37.461  1391  3065 D WindowManager: adjustSystemUiVisibilityLw : vis= 0x1706
01-28 17:43:37.462 11821 11846 D UE4     : LogPluginManager: Mounting plugin AssetManagerEditor
01-28 17:43:37.464 11821 11846 D UE4     : LogPluginManager: Mounting plugin CryptoKeys
01-28 17:43:37.466 11821 11846 D UE4     : LogPluginManager: Mounting plugin FacialAnimation
01-28 17:43:37.467   733   882 I qti_sensors_hal: processReportInd: Cal Mag Filter, 0, 0, 0.000000, 0.000000, 0.000000, 0.000000, 0.000000, 0.000000, 9.309387, -39.459229, -56.530762
01-28 17:43:37.468 11821 11846 D UE4     : LogPluginManager: Mounting plugin MeshEditor
01-28 17:43:37.470 11821 11846 D UE4     : LogPluginManager: Mounting plugin DatasmithContent
01-28 17:43:37.472 11821 11846 D UE4     : LogPluginManager: Mounting plugin VariantManagerContent
01-28 17:43:37.472  1391  3065 V WindowManager: Relayout Window{cc27c23 u0 com.TeamNA.GiftGame/com.epicgames.ue4.GameActivity}: viewVisibility=0 req=1920x1080 WM.LayoutParams{(0,0)(fillxfill) gr=#11 sim=#120 ty=2 fl=#1810508 wanim=0x1030001 vsysui=0xf02 needsMenuKey=2 colorMode=0 naviIconColor=0}
01-28 17:43:37.474 11821 11846 D UE4     : LogPluginManager: Mounting plugin AlembicImporter
01-28 17:43:37.476 11821 11846 D UE4     : LogPluginManager: Mounting plugin AppleImageUtils
01-28 17:43:37.478 11821 11846 D UE4     : LogPluginManager: Mounting plugin AppleVision
01-28 17:43:37.480 11821 11846 D UE4     : LogPluginManager: Mounting plugin BackChannel
01-28 17:43:37.480 11821 11821 D ViewRootImpl@f55f1ef[GameActivity]: Relayout returned: old=[0,0][1920,1080] new=[0,0][1920,1080] result=0x1 surface={valid=true 3386789888} changed=false
01-28 17:43:37.481   733   882 I qti_sensors_hal: processReportInd: Gyro - X: -0.000 Y: 0.002 Z: -0.006 status: 3
01-28 17:43:37.482 11821 11846 D UE4     : LogPluginManager: Mounting plugin CharacterAI
01-28 17:43:37.484 11821 11821 V InputMethodManager: Starting input: tba=android.view.inputmethod.EditorInfo@c1f9ba7 nm : com.TeamNA.GiftGame ic=null
01-28 17:43:37.484 11821 11846 D UE4     : LogPluginManager: Mounting plugin GeometryCache
01-28 17:43:37.484 11821 11821 D UE4     : === Restoring Transparent Bars due to Visibility Change ===
01-28 17:43:37.484 11821 11821 D UE4     : === Restoring Transparent Bars ===
01-28 17:43:37.486 11821 11846 D UE4     : LogPluginManager: Mounting plugin AndroidMedia
01-28 17:43:37.487 11821 11846 D UE4     : LogPluginManager: Mounting plugin ImgMedia
01-28 17:43:37.489 11821 11846 D UE4     : LogPluginManager: Mounting plugin LinearTimecode
01-28 17:43:37.491 11821 11846 D UE4     : LogPluginManager: Mounting plugin MediaCompositing
01-28 17:43:37.493 11821 11846 D UE4     : LogPluginManager: Mounting plugin TcpMessaging
01-28 17:43:37.495 11821 11846 D UE4     : LogPluginManager: Mounting plugin UdpMessaging
01-28 17:43:37.497 11821 11846 D UE4     : LogPluginManager: Mounting plugin ActorSequence
01-28 17:43:37.500 11821 11846 D UE4     : LogPluginManager: Mounting plugin NetcodeUnitTest
01-28 17:43:37.502 11821 11846 D UE4     : LogPluginManager: Mounting plugin NUTUnrealEngine4
01-28 17:43:37.502  4188  4188 D StageManager: saved stages : inStack [1] , outStack[2]
01-28 17:43:37.502  1391  3865 D Dex2oatAdjuster: Before fg size = 0
01-28 17:43:37.502  1391  3865 D Dex2oatAdjuster: After bg size = 0 fg size = 0
01-28 17:43:37.504 11821 11846 D UE4     : LogPluginManager: Mounting plugin OnlineSubsystemGooglePlay
01-28 17:43:37.507 11821 11846 D UE4     : LogPluginManager: Mounting plugin OnlineSubsystem
01-28 17:43:37.508  3005  3037 D ForegroundUtils: could not check pending caller
01-28 17:43:37.514  1391  3865 D Dex2oatAdjuster: Before fg size = 0
01-28 17:43:37.514  1391  3865 D Dex2oatAdjuster: After bg size = 0 fg size = 0
01-28 17:43:37.514  3005  3037 D ForegroundUtils: could not check pending caller
01-28 17:43:37.517 11821 11846 D UE4     : LogPluginManager: Mounting plugin OnlineSubsystemNull
01-28 17:43:37.519 11821 11846 D UE4     : LogPluginManager: Mounting plugin OnlineSubsystemUtils
01-28 17:43:37.521 11821 11846 D UE4     : LogPluginManager: Mounting plugin AndroidDeviceProfileSelector
01-28 17:43:37.523 11821 11846 D UE4     : LogPluginManager: Mounting plugin AndroidMoviePlayer
01-28 17:43:37.525 11821 11846 D UE4     : LogPluginManager: Mounting plugin AndroidPermission
01-28 17:43:37.527 11821 11846 D UE4     : LogPluginManager: Mounting plugin ArchVisCharacter
01-28 17:43:37.530 11821 11846 D UE4     : LogPluginManager: Mounting plugin CableComponent
01-28 17:43:37.531 11821 11846 D UE4     : LogPluginManager: Mounting plugin CustomMeshComponent
01-28 17:43:37.533 11821 11846 D UE4     : LogPluginManager: Mounting plugin EditableMesh
01-28 17:43:37.535 11821 11846 D UE4     : LogPluginManager: Mounting plugin ExampleDeviceProfileSelector
01-28 17:43:37.537 11821 11846 D UE4     : LogPluginManager: Mounting plugin Firebase
01-28 17:43:37.540 11821 11846 D UE4     : LogPluginManager: Mounting plugin GoogleCloudMessaging
01-28 17:43:37.542 11821 11846 D UE4     : LogPluginManager: Mounting plugin LocationServicesBPLibrary
01-28 17:43:37.544 11821 11846 D UE4     : LogPluginManager: Mounting plugin MobilePatchingUtils
01-28 17:43:37.546 11821 11846 D UE4     : LogPluginManager: Mounting plugin OculusVR
01-28 17:43:37.551 11821 11846 D UE4     : LogPluginManager: Mounting plugin PhysXVehicles
01-28 17:43:37.556 11821 11846 D UE4     : LogPluginManager: Mounting plugin ProceduralMeshComponent
01-28 17:43:37.558 11821 11846 D UE4     : LogPluginManager: Mounting plugin RuntimePhysXCooking
01-28 17:43:37.560 11821 11846 D UE4     : LogPluginManager: Mounting plugin SteamVR
01-28 17:43:37.563 11821 11846 D UE4     : LogStreaming: Display: Took  0.113s to configure plugins.
01-28 17:43:37.646  1391  2364 D MdnieScenarioControlService:  packageName : com.TeamNA.GiftGame    className : com.epicgames.ue4.GameActivity
01-28 17:43:37.646  1391  2364 V MdnieScenarioControlService: setUIMode from UI function(3)
01-28 17:43:37.675  1391  1391 D CustomFrequencyManagerService: releaseDVFSLockLocked : Getting Lock type frm List : DVFS_MIN_LIMIT  frequency : 1555200  uid : 1000  pid : 1391  tag : AMS_RESUME_TAIL@CPU_MIN@71
01-28 17:43:37.761 11821 11846 D UE4     : LogInit: Using libcurl 7.46.0
01-28 17:43:37.761 11821 11846 D UE4     : LogInit:  - built for arm-unknown-linux-androideabi
01-28 17:43:37.761 11821 11846 D UE4     : LogInit:  - supports SSL with OpenSSL/1.0.1s
01-28 17:43:37.761 11821 11846 D UE4     : LogInit:  - supports HTTP deflate (compression) using libz 1.2.8
01-28 17:43:37.761 11821 11846 D UE4     : LogInit:  - other features:
01-28 17:43:37.761 11821 11846 D UE4     : LogInit:      CURL_VERSION_SSL
01-28 17:43:37.761 11821 11846 D UE4     : LogInit:      CURL_VERSION_LIBZ
01-28 17:43:37.761 11821 11846 D UE4     : LogInit:      CURL_VERSION_IPV6
01-28 17:43:37.761 11821 11846 D UE4     : LogInit:      CURL_VERSION_ASYNCHDNS
01-28 17:43:37.762 11821 11846 D UE4     : LogInit:      CURL_VERSION_TLSAUTH_SRP
01-28 17:43:37.762 11821 11846 D UE4     : LogInit:  CurlRequestOptions (configurable via config and command line):
01-28 17:43:37.762 11821 11846 D UE4     : LogInit:  - bVerifyPeer = true  - Libcurl will verify peer certificate
01-28 17:43:37.762 11821 11846 D UE4     : LogInit:  - bUseHttpProxy = false  - Libcurl will NOT use HTTP proxy
01-28 17:43:37.762 11821 11846 D UE4     : LogInit:  - bDontReuseConnections = false  - Libcurl will reuse connections
01-28 17:43:37.762 11821 11846 D UE4     : LogInit:  - MaxHostConnections = 16  - Libcurl will limit the number of connections to a host
01-28 17:43:37.762 11821 11846 D UE4     : LogInit:  - LocalHostAddr = Default
01-28 17:43:37.762 11821 11846 D UE4     : LogInit:  - BufferSize = 65536
01-28 17:43:37.765 11821 11846 D UE4     : LogOnline: Display: OSS: OnlineSubsystemGooglePlayModule::StartupModule()
01-28 17:43:37.765 11821 11846 D UE4     : LogOnline: Warning: OSS: FOnlineSubsystemGooglePlayModule was disabled
01-28 17:43:37.765 11821 11846 D UE4     : LogOnline: OSS: Unable to create OnlineSubsystem module GooglePlay
01-28 17:43:37.768 11821 11846 D UE4     : LogOnline: Warning: OSS: FOnlineSubsystemGooglePlayModule was disabled
01-28 17:43:37.769 11821 11846 D UE4     : LogHMD: App is not packaged for Gear VR
01-28 17:43:37.769 11821 11846 D UE4     : LogInit: Build: ++UE4+Release-4.21-CL-4613538
01-28 17:43:37.769 11821 11846 D UE4     : LogInit: Engine Version: 4.21.1-4613538+++UE4+Release-4.21
01-28 17:43:37.769 11821 11846 D UE4     : LogInit: Compatible Engine Version: 4.21.0-4541578+++UE4+Release-4.21
01-28 17:43:37.770 11821 11846 D UE4     : LogInit: Net CL: 4541578
01-28 17:43:37.770 11821 11846 D UE4     : LogInit: OS: Android (8.0.0), CPU: SM-G930V, GPU: Adreno (TM) 530
01-28 17:43:37.770 11821 11846 D UE4     : LogInit: Compiled (32-bit): Nov 30 2018 05:07:29
01-28 17:43:37.770 11821 11846 D UE4     : LogInit: Compiled with Clang: 3.8.275480 
01-28 17:43:37.770 11821 11846 D UE4     : LogInit: Build Configuration: Development
01-28 17:43:37.770 11821 11846 D UE4     : LogInit: Branch Name: ++UE4+Release-4.21
01-28 17:43:37.770 11821 11846 D UE4     : LogInit: Command Line:   /Game/Maps/MainGame -Messaging -SessionId=28938E2547FB1D8B248BA8A115A008F7 -SessionOwner="ajkrieger" -SessionName="Launch On Device" -iterative
01-28 17:43:37.770 11821 11846 D UE4     : LogInit: Base Directory: 
01-28 17:43:37.770 11821 11846 D UE4     : LogInit: Installed Engine Build: 0
01-28 17:43:37.770 11821 11846 D UE4     : LogDevObjectVersion: Number of dev versions registered: 22
01-28 17:43:37.770 11821 11846 D UE4     : LogDevObjectVersion:   Dev-Blueprints (B0D832E4-1F89-4F0D-ACCF-7EB736FD4AA2): 10
01-28 17:43:37.770 11821 11846 D UE4     : LogDevObjectVersion:   Dev-Build (E1C64328-A22C-4D53-A36C-8E866417BD8C): 0
01-28 17:43:37.770 11821 11846 D UE4     : LogDevObjectVersion:   Dev-Core (375EC13C-06E4-48FB-B500-84F0262A717E): 2
01-28 17:43:37.770 11821 11846 D UE4     : LogDevObjectVersion:   Dev-Editor (E4B068ED-F494-42E9-A231-DA0B2E46BB41): 26
01-28 17:43:37.770 11821 11846 D UE4     : LogDevObjectVersion:   Dev-Framework (CFFC743F-43B0-4480-9391-14DF171D2073): 34
01-28 17:43:37.770 11821 11846 D UE4     : LogDevObjectVersion:   Dev-Mobile (B02B49B5-BB20-44E9-A304-32B752E40360): 2
01-28 17:43:37.770 11821 11846 D UE4     : LogDevObjectVersion:   Dev-Networking (A4E4105C-59A1-49B5-A7C5-40C4547EDFEE): 0
01-28 17:43:37.770 11821 11846 D UE4     : LogDevObjectVersion:   Dev-Online (39C831C9-5AE6-47DC-9A44-9C173E1C8E7C): 0
01-28 17:43:37.770 11821 11846 D UE4     : LogDevObjectVersion:   Dev-Physics (78F01B33-EBEA-4F98-B9B4-84EACCB95AA2): 0
01-28 17:43:37.770 11821 11846 D UE4     : LogDevObjectVersion:   Dev-Platform (6631380F-2D4D-43E0-8009-CF276956A95A): 0
01-28 17:43:37.770 11821 11846 D UE4     : LogDevObjectVersion:   Dev-Rendering (12F88B9F-8875-4AFC-A67C-D90C383ABD29): 27
01-28 17:43:37.770 11821 11846 D UE4     : LogDevObjectVersion:   Dev-Sequencer (7B5AE74C-D270-4C10-A958-57980B212A5A): 9
01-28 17:43:37.770 11821 11846 D UE4     : LogDevObjectVersion:   Dev-VR (D7296918-1DD6-4BDD-9DE2-64A83CC13884): 2
01-28 17:43:37.771 11821 11846 D UE4     : LogDevObjectVersion:   Dev-LoadTimes (C2A15278-BFE7-4AFE-6C17-90FF531DF755): 1
01-28 17:43:37.771 11821 11846 D UE4     : LogDevObjectVersion:   Private-Geometry (6EACA3D4-40EC-4CC1-B786-8BED09428FC5): 3
01-28 17:43:37.771 11821 11846 D UE4     : LogDevObjectVersion:   Dev-AnimPhys (29E575DD-E0A3-4627-9D10-D276232CDCEA): 17
01-28 17:43:37.771 11821 11846 D UE4     : LogDevObjectVersion:   Dev-Anim (AF43A65D-7FD3-4947-9873-3E8ED9C1BB05): 2
01-28 17:43:37.771 11821 11846 D UE4     : LogDevObjectVersion:   Dev-ReflectionCapture (6B266CEC-1EC7-4B8F-A30B-E4D90942FC07): 1
01-28 17:43:37.771 11821 11846 D UE4     : LogDevObjectVersion:   Dev-Automation (0DF73D61-A23F-47EA-B727-89E90C41499A): 1
01-28 17:43:37.771 11821 11846 D UE4     : LogDevObjectVersion:   FortniteMain (601D1886-AC64-4F84-AA16-D3DE0DEAC7D6): 17
01-28 17:43:37.771 11821 11846 D UE4     : LogDevObjectVersion:   Dev-Enterprise (9DFFBCD6-494F-0158-E221-12823C92A888): 4
01-28 17:43:37.771 11821 11846 D UE4     : LogDevObjectVersion:   Dev-Niagara (F2AED0AC-9AFE-416F-8664-AA7FFA26D6FC): 1
01-28 17:43:37.771 11821 11846 D UE4     : LogStreaming: Display: Took  0.000s to delete old logs.
01-28 17:43:37.790  1391  2488 D ConnectivityService: updateCapabilities: oldCap = [ Transports: WIFI Capabilities: NOT_METERED&INTERNET&NOT_RESTRICTED&TRUSTED&NOT_VPN&VALIDATED&FOREGROUND LinkUpBandwidth>=1048576Kbps LinkDnBandwidth>=1048576Kbps SignalStrength: -63], newCap = [ Transports: WIFI Capabilities: NOT_METERED&INTERNET&NOT_RESTRICTED&TRUSTED&NOT_VPN LinkUpBandwidth>=1048576Kbps LinkDnBandwidth>=1048576Kbps SignalStrength: -64]
01-28 17:43:37.790  1391  2488 D ConnectivityService: notifyType CAP_CHANGED for NetworkAgentInfo [WIFI () - 610]
01-28 17:43:37.790  1391  2488 D ConnectivityService:  sending notification for NetworkRequest [ REQUEST id=1, [ Capabilities: INTERNET&NOT_RESTRICTED&TRUSTED&NOT_VPN] ]
01-28 17:43:37.790  1391  2488 D ConnectivityService:  sending notification for NetworkRequest [ TRACK_DEFAULT id=3, [ Capabilities: INTERNET&NOT_RESTRICTED&TRUSTED&NOT_VPN] ]
01-28 17:43:37.790  1391  2488 D ConnectivityService: sending notification CAP_CHANGED for NetworkRequest [ TRACK_DEFAULT id=3, [ Capabilities: INTERNET&NOT_RESTRICTED&TRUSTED&NOT_VPN] ]
01-28 17:43:37.791  1391  2488 D ConnectivityService:  sending notification for NetworkRequest [ LISTEN id=5, [ Transports: WIFI Capabilities: INTERNET&NOT_RESTRICTED&TRUSTED&NOT_VPN] ]
01-28 17:43:37.791  1391  2488 D ConnectivityService: sending notification CAP_CHANGED for NetworkRequest [ LISTEN id=5, [ Transports: WIFI Capabilities: INTERNET&NOT_RESTRICTED&TRUSTED&NOT_VPN] ]
01-28 17:43:37.791  1391  2488 D ConnectivityService:  sending notification for NetworkRequest [ LISTEN id=6, [] ]
01-28 17:43:37.791  1391  2488 D ConnectivityService: sending notification CAP_CHANGED for NetworkRequest [ LISTEN id=6, [] ]
01-28 17:43:37.791  1391  2488 D ConnectivityService:  sending notification for NetworkRequest [ LISTEN id=7, [ Transports: CELLULAR|WIFI Capabilities: NOT_RESTRICTED&TRUSTED&NOT_VPN] ]
01-28 17:43:37.791  1391  2488 D ConnectivityService: sending notification CAP_CHANGED for NetworkRequest [ LISTEN id=7, [ Transports: CELLULAR|WIFI Capabilities: NOT_RESTRICTED&TRUSTED&NOT_VPN] ]
01-28 17:43:37.791  1391  2481 D ConnectivityService: filterNetworkStateForUid() uid: 10016 networkInfo: [type: WIFI[] - WIFI, state: CONNECTED/CONNECTED, reason: (unspecified), extra: "GoTrojans", failover: false, available: true, roaming: false, metered: false]
01-28 17:43:37.791  1391  2488 D ConnectivityService:  sending notification for NetworkRequest [ LISTEN id=8, [ Transports: WIFI Capabilities: INTERNET&NOT_RESTRICTED&TRUSTED&NOT_VPN] ]
01-28 17:43:37.791  1391  2488 D ConnectivityService: sending notification CAP_CHANGED for NetworkRequest [ LISTEN id=8, [ Transports: WIFI Capabilities: INTERNET&NOT_RESTRICTED&TRUSTED&NOT_VPN] ]
01-28 17:43:37.791  1391  2488 D ConnectivityService:  sending notification for NetworkRequest [ LISTEN id=9, [ Transports: WIFI Capabilities: INTERNET&NOT_RESTRICTED&TRUSTED&NOT_VPN] ]
01-28 17:43:37.791  1391  2488 D ConnectivityService: sending notification CAP_CHANGED for NetworkRequest [ LISTEN id=9, [ Transports: WIFI Capabilities: INTERNET&NOT_RESTRICTED&TRUSTED&NOT_VPN] ]
01-28 17:43:37.791  1391  2488 D ConnectivityService:  sending notification for NetworkRequest [ LISTEN id=13, [ Capabilities: INTERNET&NOT_RESTRICTED&TRUSTED&NOT_VPN] ]
01-28 17:43:37.791  1391  2488 D ConnectivityService: sending notification CAP_CHANGED for NetworkRequest [ LISTEN id=13, [ Capabilities: INTERNET&NOT_RESTRICTED&TRUSTED&NOT_VPN] ]
01-28 17:43:37.792  1391  2488 D ConnectivityService:  sending notification for NetworkRequest [ TRACK_DEFAULT id=17, [ Capabilities: INTERNET&NOT_RESTRICTED&TRUSTED&NOT_VPN] ]
01-28 17:43:37.792  1391  2488 D ConnectivityService: sending notification CAP_CHANGED for NetworkRequest [ TRACK_DEFAULT id=17, [ Capabilities: INTERNET&NOT_RESTRICTED&TRUSTED&NOT_VPN] ]
01-28 17:43:37.792  1391  2488 D ConnectivityService:  sending notification for NetworkRequest [ LISTEN id=32, [ Capabilities: INTERNET&NOT_RESTRICTED&TRUSTED&FOREGROUND] ]
01-28 17:43:37.792  1391  2488 D ConnectivityService: sending notification CAP_CHANGED for NetworkRequest [ LISTEN id=32, [ Capabilities: INTERNET&NOT_RESTRICTED&TRUSTED&FOREGROUND] ]
01-28 17:43:37.792  1391  2488 D ConnectivityService:  sending notification for NetworkRequest [ LISTEN id=33, [ Capabilities: NOT_RESTRICTED&TRUSTED&NOT_VPN&FOREGROUND] ]
01-28 17:43:37.792  1391  2481 D ConnectivityService: filterNetworkStateForUid() uid: 10051 networkInfo: [type: WIFI[] - WIFI, state: CONNECTED/CONNECTED, reason: (unspecified), extra: "GoTrojans", failover: false, available: true, roaming: false, metered: false]
01-28 17:43:37.792  1391  2488 D ConnectivityService: sending notification CAP_CHANGED for NetworkRequest [ LISTEN id=33, [ Capabilities: NOT_RESTRICTED&TRUSTED&NOT_VPN&FOREGROUND] ]
01-28 17:43:37.792  1391  2488 D ConnectivityService:  sending notification for NetworkRequest [ LISTEN id=692, [ Capabilities: INTERNET&NOT_RESTRICTED&TRUSTED] ]
01-28 17:43:37.792  1391  2488 D ConnectivityService: sending notification CAP_CHANGED for NetworkRequest [ LISTEN id=692, [ Capabilities: INTERNET&NOT_RESTRICTED&TRUSTED] ]
01-28 17:43:37.793  1391  2488 D ConnectivityService:  sending notification for NetworkRequest [ LISTEN id=693, [ Capabilities: INTERNET&NOT_RESTRICTED&TRUSTED] ]
01-28 17:43:37.793  1391  2488 D ConnectivityService: sending notification CAP_CHANGED for NetworkRequest [ LISTEN id=693, [ Capabilities: INTERNET&NOT_RESTRICTED&TRUSTED] ]
01-28 17:43:37.793  1391  2481 D ConnectivityService: filterNetworkStateForUid() uid: 10114 networkInfo: [type: WIFI[] - WIFI, state: CONNECTED/CONNECTED, reason: (unspecified), extra: "GoTrojans", failover: false, available: true, roaming: false, metered: false]
01-28 17:43:37.793  1391  2488 D ConnectivityService:  sending notification for NetworkRequest [ LISTEN id=1166, [ Capabilities: INTERNET&NOT_RESTRICTED&TRUSTED&NOT_VPN] ]
01-28 17:43:37.793  1391  2488 D ConnectivityService: sending notification CAP_CHANGED for NetworkRequest [ LISTEN id=1166, [ Capabilities: INTERNET&NOT_RESTRICTED&TRUSTED&NOT_VPN] ]
01-28 17:43:37.793  1391  2488 D ConnectivityService:  sending notification for NetworkRequest [ LISTEN id=1242, [ Capabilities: INTERNET&NOT_RESTRICTED&TRUSTED] ]
01-28 17:43:37.793  1391  2488 D ConnectivityService: sending notification CAP_CHANGED for NetworkRequest [ LISTEN id=1242, [ Capabilities: INTERNET&NOT_RESTRICTED&TRUSTED] ]
01-28 17:43:37.795  1391  2481 D ConnectivityService: filterNetworkStateForUid() uid: 10414 networkInfo: [type: WIFI[] - WIFI, state: DISCONNECTED/BLOCKED, reason: (unspecified), extra: (none), failover: false, available: true, roaming: false, metered: false]
01-28 17:43:37.796  1391  2481 D ConnectivityService: filterNetworkStateForUid() uid: 10417 networkInfo: [type: WIFI[] - WIFI, state: DISCONNECTED/BLOCKED, reason: (unspecified), extra: (none), failover: false, available: true, roaming: false, metered: false]
01-28 17:43:37.797  1391  2481 D ConnectivityService: filterNetworkStateForUid() uid: 10016 networkInfo: [type: WIFI[] - WIFI, state: CONNECTED/CONNECTED, reason: (unspecified), extra: "GoTrojans", failover: false, available: true, roaming: false, metered: false]
01-28 17:43:37.797  1391  2481 D ConnectivityService: filterNetworkStateForUid() uid: 10016 networkInfo: [type: WIFI[] - WIFI, state: CONNECTED/CONNECTED, reason: (unspecified), extra: "GoTrojans", failover: false, available: true, roaming: false, metered: false]
01-28 17:43:37.797  1391  2481 D ConnectivityService: filterNetworkStateForUid() uid: 10417 networkInfo: [type: WIFI[] - WIFI, state: DISCONNECTED/BLOCKED, reason: (unspecified), extra: (none), failover: false, available: true, roaming: false, metered: false]
01-28 17:43:37.797  1391  2481 D ConnectivityService: filterNetworkStateForUid() uid: 10201 networkInfo: [type: WIFI[] - WIFI, state: CONNECTED/CONNECTED, reason: (unspecified), extra: "GoTrojans", failover: false, available: true, roaming: false, metered: false]
01-28 17:43:37.797  1391  2481 D ConnectivityService: filterNetworkStateForUid() uid: 5009 networkInfo: [type: WIFI[] - WIFI, state: CONNECTED/CONNECTED, reason: (unspecified), extra: "GoTrojans", failover: false, available: true, roaming: false, metered: false]
01-28 17:43:37.798  1391  2481 D ConnectivityService: filterNetworkStateForUid() uid: 10016 networkInfo: [type: WIFI[] - WIFI, state: CONNECTED/CONNECTED, reason: (unspecified), extra: "GoTrojans", failover: false, available: true, roaming: false, metered: false]
01-28 17:43:37.798  1391  2481 D ConnectivityService: filterNetworkStateForUid() uid: 10413 networkInfo: [type: WIFI[] - WIFI, state: CONNECTED/CONNECTED, reason: (unspecified), extra: "GoTrojans", failover: false, available: true, roaming: false, metered: false]
01-28 17:43:37.798  1391  2481 D ConnectivityService: filterNetworkStateForUid() uid: 10016 networkInfo: [type: WIFI[] - WIFI, state: CONNECTED/CONNECTED, reason: (unspecified), extra: "GoTrojans", failover: false, available: true, roaming: false, metered: false]
01-28 17:43:37.798  1391  2481 D ConnectivityService: filterNetworkStateForUid() uid: 10114 networkInfo: [type: WIFI[] - WIFI, state: CONNECTED/CONNECTED, reason: (unspecified), extra: "GoTrojans", failover: false, available: true, roaming: false, metered: false]
01-28 17:43:37.799  1391  5391 D ConnectivityService: filterNetworkStateForUid() uid: 10413 networkInfo: [type: WIFI[] - WIFI, state: CONNECTED/CONNECTED, reason: (unspecified), extra: "GoTrojans", failover: false, available: true, roaming: false, metered: false]
01-28 17:43:37.799  1391  2894 D ConnectivityService: filterNetworkStateForUid() uid: 10426 networkInfo: [type: WIFI[] - WIFI, state: CONNECTED/CONNECTED, reason: (unspecified), extra: "GoTrojans", failover: false, available: true, roaming: false, metered: false]
01-28 17:43:37.800  1391  2481 D ConnectivityService: filterNetworkStateForUid() uid: 10117 networkInfo: [type: WIFI[] - WIFI, state: CONNECTED/CONNECTED, reason: (unspecified), extra: "GoTrojans", failover: false, available: true, roaming: false, metered: false]
01-28 17:43:37.800  1391  2481 D ConnectivityService: filterNetworkStateForUid() uid: 10037 networkInfo: [type: WIFI[] - WIFI, state: DISCONNECTED/BLOCKED, reason: (unspecified), extra: (none), failover: false, available: true, roaming: false, metered: false]
01-28 17:43:37.800  1391  3065 D ConnectivityService: filterNetworkStateForUid() uid: 10033 networkInfo: [type: WIFI[] - WIFI, state: CONNECTED/CONNECTED, reason: (unspecified), extra: "GoTrojans", failover: false, available: true, roaming: false, metered: false]
01-28 17:43:37.801  1391  2894 D ConnectivityService: filterNetworkStateForUid() uid: 10413 networkInfo: [type: WIFI[] - WIFI, state: CONNECTED/CONNECTED, reason: (unspecified), extra: "GoTrojans", failover: false, available: true, roaming: false, metered: false]
01-28 17:43:37.801  1391  2481 D ConnectivityService: filterNetworkStateForUid() uid: 10117 networkInfo: [type: WIFI[] - WIFI, state: CONNECTED/CONNECTED, reason: (unspecified), extra: "GoTrojans", failover: false, available: true, roaming: false, metered: false]
01-28 17:43:37.801  1391  2481 D ConnectivityService: filterNetworkStateForUid() uid: 10025 networkInfo: [type: WIFI[] - WIFI, state: CONNECTED/CONNECTED, reason: (unspecified), extra: "GoTrojans", failover: false, available: true, roaming: false, metered: false]
01-28 17:43:37.801  1391  2481 D ConnectivityService: filterNetworkStateForUid() uid: 10016 networkInfo: [type: WIFI[] - WIFI, state: CONNECTED/CONNECTED, reason: (unspecified), extra: "GoTrojans", failover: false, available: true, roaming: false, metered: false]
01-28 17:43:37.802  1391  2481 D ConnectivityService: filterNetworkStateForUid() uid: 10046 networkInfo: [type: WIFI[] - WIFI, state: CONNECTED/CONNECTED, reason: (unspecified), extra: "GoTrojans", failover: false, available: true, roaming: false, metered: false]
01-28 17:43:37.802  1391  2481 D ConnectivityService: filterNetworkStateForUid() uid: 10016 networkInfo: [type: WIFI[] - WIFI, state: CONNECTED/CONNECTED, reason: (unspecified), extra: "GoTrojans", failover: false, available: true, roaming: false, metered: false]
01-28 17:43:37.802  1391  2481 D ConnectivityService: filterNetworkStateForUid() uid: 10016 networkInfo: [type: WIFI[] - WIFI, state: CONNECTED/CONNECTED, reason: (unspecified), extra: "GoTrojans", failover: false, available: true, roaming: false, metered: false]
01-28 17:43:37.802  1391  2481 D ConnectivityService: filterNetworkStateForUid() uid: 1000 networkInfo: [type: WIFI[] - WIFI, state: CONNECTED/CONNECTED, reason: (unspecified), extra: "GoTrojans", failover: false, available: true, roaming: false, metered: false]
01-28 17:43:37.802  1391  2481 D ConnectivityService: filterNetworkStateForUid() uid: 5009 networkInfo: [type: WIFI[] - WIFI, state: CONNECTED/CONNECTED, reason: (unspecified), extra: "GoTrojans", failover: false, available: true, roaming: false, metered: false]
01-28 17:43:37.802  1391  2481 D ConnectivityService: filterNetworkStateForUid() uid: 10417 networkInfo: [type: WIFI[] - WIFI, state: DISCONNECTED/BLOCKED, reason: (unspecified), extra: (none), failover: false, available: true, roaming: false, metered: false]
01-28 17:43:37.802  1391  2481 D ConnectivityService: filterNetworkStateForUid() uid: 10016 networkInfo: [type: WIFI[] - WIFI, state: CONNECTED/CONNECTED, reason: (unspecified), extra: "GoTrojans", failover: false, available: true, roaming: false, metered: false]
01-28 17:43:37.802  1391  2481 D ConnectivityService: filterNetworkStateForUid() uid: 10417 networkInfo: [type: WIFI[] - WIFI, state: DISCONNECTED/BLOCKED, reason: (unspecified), extra: (none), failover: false, available: true, roaming: false, metered: false]
01-28 17:43:37.802  1391  2481 D ConnectivityService: filterNetworkStateForUid() uid: 10068 networkInfo: [type: WIFI[] - WIFI, state: CONNECTED/CONNECTED, reason: (unspecified), extra: "GoTrojans", failover: false, available: true, roaming: false, metered: false]
01-28 17:43:37.803  1391  2481 D ConnectivityService: filterNetworkStateForUid() uid: 1000 networkInfo: [type: WIFI[] - WIFI, state: CONNECTED/CONNECTED, reason: (unspecified), extra: "GoTrojans", failover: false, available: true, roaming: false, metered: false]
01-28 17:43:37.803  1391  2481 D ConnectivityService: filterNetworkStateForUid() uid: 10101 networkInfo: [type: WIFI[] - WIFI, state: DISCONNECTED/BLOCKED, reason: (unspecified), extra: (none), failover: false, available: true, roaming: false, metered: false]
01-28 17:43:37.803  1391  2481 D ConnectivityService: filterNetworkStateForUid() uid: 10065 networkInfo: [type: WIFI[] - WIFI, state: DISCONNECTED/BLOCKED, reason: (unspecified), extra: (none), failover: false, available: true, roaming: false, metered: false]
01-28 17:43:37.803  1391  2481 D ConnectivityService: filterNetworkStateForUid() uid: 10016 networkInfo: [type: WIFI[] - WIFI, state: CONNECTED/CONNECTED, reason: (unspecified), extra: "GoTrojans", failover: false, available: true, roaming: false, metered: false]
01-28 17:43:37.805  1391  2481 I chatty  : uid=1000(system) ConnectivityThr identical 2 lines
01-28 17:43:37.805  1391  2481 D ConnectivityService: filterNetworkStateForUid() uid: 10016 networkInfo: [type: WIFI[] - WIFI, state: CONNECTED/CONNECTED, reason: (unspecified), extra: "GoTrojans", failover: false, available: true, roaming: false, metered: false]
01-28 17:43:37.805  1391  2481 D ConnectivityService: filterNetworkStateForUid() uid: 1000 networkInfo: [type: WIFI[] - WIFI, state: CONNECTED/CONNECTED, reason: (unspecified), extra: "GoTrojans", failover: false, available: true, roaming: false, metered: false]
01-28 17:43:37.806  1391  2481 D ConnectivityService: filterNetworkStateForUid() uid: 5009 networkInfo: [type: WIFI[] - WIFI, state: CONNECTED/CONNECTED, reason: (unspecified), extra: "GoTrojans", failover: false, available: true, roaming: false, metered: false]
01-28 17:43:37.806  1391  2481 D ConnectivityService: filterNetworkStateForUid() uid: 10114 networkInfo: [type: WIFI[] - WIFI, state: CONNECTED/CONNECTED, reason: (unspecified), extra: "GoTrojans", failover: false, available: true, roaming: false, metered: false]
01-28 17:43:37.806  1391  2481 D ConnectivityService: filterNetworkStateForUid() uid: 10033 networkInfo: [type: WIFI[] - WIFI, state: CONNECTED/CONNECTED, reason: (unspecified), extra: "GoTrojans", failover: false, available: true, roaming: false, metered: false]
01-28 17:43:37.806  1391  2481 D ConnectivityService: filterNetworkStateForUid() uid: 1000 networkInfo: [type: WIFI[] - WIFI, state: CONNECTED/CONNECTED, reason: (unspecified), extra: "GoTrojans", failover: false, available: true, roaming: false, metered: false]
01-28 17:43:37.806  1391  2481 D ConnectivityService: filterNetworkStateForUid() uid: 10114 networkInfo: [type: WIFI[] - WIFI, state: CONNECTED/CONNECTED, reason: (unspecified), extra: "GoTrojans", failover: false, available: true, roaming: false, metered: false]
01-28 17:43:37.806  1391  2481 D ConnectivityService: filterNetworkStateForUid() uid: 10046 networkInfo: [type: WIFI[] - WIFI, state: CONNECTED/CONNECTED, reason: (unspecified), extra: "GoTrojans", failover: false, available: true, roaming: false, metered: false]
01-28 17:43:37.806 11821 11846 D UE4     : LogInit: Presizing for max 131072 objects, including 1 objects not considered by GC, pre-allocating 0 bytes for permanent pool.
01-28 17:43:37.806  1391  2481 D ConnectivityService: filterNetworkStateForUid() uid: 10016 networkInfo: [type: WIFI[] - WIFI, state: CONNECTED/CONNECTED, reason: (unspecified), extra: "GoTrojans", failover: false, available: true, roaming: false, metered: false]
01-28 17:43:37.807  1391  2481 D ConnectivityService: filterNetworkStateForUid() uid: 10068 networkInfo: [type: WIFI[] - WIFI, state: CONNECTED/CONNECTED, reason: (unspecified), extra: "GoTrojans", failover: false, available: true, roaming: false, metered: false]
01-28 17:43:37.807  1391  3065 D ConnectivityService: filterNetworkStateForUid() uid: 10413 networkInfo: [type: WIFI[] - WIFI, state: CONNECTED/CONNECTED, reason: (unspecified), extra: "GoTrojans", failover: false, available: true, roaming: false, metered: false]
01-28 17:43:37.807  1391  2481 D ConnectivityService: filterNetworkStateForUid() uid: 1000 networkInfo: [type: WIFI[] - WIFI, state: CONNECTED/CONNECTED, reason: (unspecified), extra: "GoTrojans", failover: false, available: true, roaming: false, metered: false]
01-28 17:43:37.807  1391  2481 D ConnectivityService: filterNetworkStateForUid() uid: 10016 networkInfo: [type: WIFI[] - WIFI, state: CONNECTED/CONNECTED, reason: (unspecified), extra: "GoTrojans", failover: false, available: true, roaming: false, metered: false]
01-28 17:43:37.807  1391  2481 D ConnectivityService: filterNetworkStateForUid() uid: 10116 networkInfo: [type: WIFI[] - WIFI, state: CONNECTED/CONNECTED, reason: (unspecified), extra: "GoTrojans", failover: false, available: true, roaming: false, metered: false]
01-28 17:43:37.807  1391  2481 D ConnectivityService: filterNetworkStateForUid() uid: 10016 networkInfo: [type: WIFI[] - WIFI, state: CONNECTED/CONNECTED, reason: (unspecified), extra: "GoTrojans", failover: false, available: true, roaming: false, metered: false]
01-28 17:43:37.807  1391  2481 D ConnectivityService: filterNetworkStateForUid() uid: 10016 networkInfo: [type: WIFI[] - WIFI, state: CONNECTED/CONNECTED, reason: (unspecified), extra: "GoTrojans", failover: false, available: true, roaming: false, metered: false]
01-28 17:43:37.807  1391  2481 D ConnectivityService: filterNetworkStateForUid() uid: 10068 networkInfo: [type: WIFI[] - WIFI, state: CONNECTED/CONNECTED, reason: (unspecified), extra: "GoTrojans", failover: false, available: true, roaming: false, metered: false]
01-28 17:43:37.807  1391  2481 D ConnectivityService: filterNetworkStateForUid() uid: 10033 networkInfo: [type: WIFI[] - WIFI, state: CONNECTED/CONNECTED, reason: (unspecified), extra: "GoTrojans", failover: false, available: true, roaming: false, metered: false]
01-28 17:43:37.808  1391  2481 D ConnectivityService: filterNetworkStateForUid() uid: 10051 networkInfo: [type: WIFI[] - WIFI, state: CONNECTED/CONNECTED, reason: (unspecified), extra: "GoTrojans", failover: false, available: true, roaming: false, metered: false]
01-28 17:43:37.807  3043  3043 D EPDG -- SIM0 [SMARTWIFI]: Wifi RSSI intent received -- newRssi : -64intent Intent { act=android.net.wifi.RSSI_CHANGED flg=0x4000010 (has extras) }
01-28 17:43:37.808  1391  2481 D ConnectivityService: filterNetworkStateForUid() uid: 10016 networkInfo: [type: WIFI[] - WIFI, state: CONNECTED/CONNECTED, reason: (unspecified), extra: "GoTrojans", failover: false, available: true, roaming: false, metered: false]
