01-28 17:43:52.257  1391  2353 D InputReader: Input event(6): value=0 when=304412718753000
01-28 17:43:52.257  1391  2353 I InputReader: Touch event's action is 0x1 (deviceType=0) [pCnt=1, s=] when=304412718753000
01-28 17:43:52.257  1391  2352 I InputDispatcher: Delivering touch to (11821): action: 0x1, toolType: 1
01-28 17:43:52.260 11821 11847 V threaded_app: New input event: type=2
01-28 17:43:52.261 11821 11847 V threaded_app: New input event: type=2
01-28 17:43:52.268 11821 11821 D ViewRootImpl@445f760[GameActivity]: ViewPostIme pointer 1
01-28 17:43:52.324  2667  2822 D NetworkController.MobileSignalController(0/1): onSignalStrengthsChanged signalStrength=SignalStrength: 99 99 -120 -160 -120 -1 -1 18 -105 -11 96 2147483647 0 2147483647 0x3000 P gsm|lte level=3
01-28 17:43:52.324  2667  2822 D NetworkController.MobileSignalController(0/1): getMobileIconGroup(): 13
01-28 17:43:52.324  2667  2822 D NetworkController.MobileSignalController(0/1): updateVZWMobileIconGroup(): 13
01-28 17:43:52.326  1391  2353 D InputReader: Input event(6): value=1 when=304412787795000
01-28 17:43:52.326  1391  2353 D InputReader: Input event(6): value=1 when=304412787795000
01-28 17:43:52.327  1391  2353 I InputReader: Touch event's action is 0x0 (deviceType=0) [pCnt=1, s=0.38299 ] when=304412787795000
01-28 17:43:52.327  1391  2352 I InputDispatcher: Delivering touch to (11821): action: 0x0, toolType: 1
01-28 17:43:52.328 11821 11847 V threaded_app: New input event: type=2
01-28 17:43:52.329 11821 11821 D ViewRootImpl@445f760[GameActivity]: ViewPostIme pointer 0
01-28 17:43:52.335   996   996 E audit   : type=1400 audit(1548719032.326:38955): avc:  denied  { read } for  pid=11821 comm="Thread-2" name="stat" dev="proc" ino=4026532368 scontext=u:r:untrusted_app_25:s0:c512,c768 tcontext=u:object_r:proc_stat:s0 tclass=file permissive=0 SEPF_SM-G930V_8.0.0_0016 audit_filtered
01-28 17:43:52.338   996   996 E audit   : type=1300 audit(1548719032.326:38955): arch=40000028 syscall=322 per=8 success=no exit=-13 a0=ffffff9c a1=c275cb38 a2=20000 a3=0 items=0 ppid=1021 pid=11821 auid=4294967295 uid=10559 gid=10559 euid=10559 suid=10559 fsuid=10559 egid=10559 sgid=10559 fsgid=10559 tty=(none) ses=4294967295 comm="Thread-2" exe="/system/bin/app_process32" subj=u:r:untrusted_app_25:s0:c512,c768 key=(null)
01-28 17:43:52.338   996   996 E audit   : type=1327 audit(1548719032.326:38955): proctitle="com.TeamNA.GiftGame"
01-28 17:43:52.341  3043  3256 D EPDG -- SIM0 [SMARTWIFI]: onSignalStrengthsChanged: Received signal strength change, phone type is: 2
01-28 17:43:52.341  3043  5264 D EPDG -- SIM0 [SMARTWIFI]: lastLteRSRP is -96currentLteRSRP is -105
01-28 17:43:52.342  3043  5264 D EPDG -- SIM0 [SMARTWIFI]: lastLteRSRQ is -11currentLteRSRQ is -11
01-28 17:43:52.342  3043  5264 D EPDG -- SIM0 [SMARTWIFI]: lastCdmaDb is -16currentCdmaDb is -16
01-28 17:43:52.343  3043  5264 V EPDG -- SIM0 [SMARTWIFI]: Radio oldest entry removed
01-28 17:43:52.343  3043  5264 V EPDG -- SIM0 [SMARTWIFI]: New entry : (SignalStrength: 99 99 -120 -160 -120 -1 -1 18 -105 -11 96 2147483647 0 2147483647 0x3000 P gsm|lte : 0 )
01-28 17:43:52.343  3043  5264 V EPDG -- SIM0 [SMARTWIFI]: Radio entry added
01-28 17:43:52.345  2667  2822 D NetworkController.MobileSignalController(0/1): callState:0, callStateByPhone:false voLTECall:false voiceNetTpe:13 dataNetType:13, ine911:false, emergencyCallbackMode:false
01-28 17:43:52.348 11821 11847 V threaded_app: New input event: type=2
01-28 17:43:52.381 11821 11847 I chatty  : uid=10559(u0_a559) identical 2 lines
01-28 17:43:52.399 11821 11847 V threaded_app: New input event: type=2
01-28 17:43:52.409  1391  2353 D InputReader: Input event(6): value=0 when=304412869805000
01-28 17:43:52.409  1391  2353 D InputReader: Input event(6): value=0 when=304412869805000
01-28 17:43:52.409  1391  2353 I InputReader: Touch event's action is 0x1 (deviceType=0) [pCnt=1, s=] when=304412869805000
01-28 17:43:52.409  1391  2352 I InputDispatcher: Delivering touch to (11821): action: 0x1, toolType: 1
01-28 17:43:52.410 11821 11847 V threaded_app: New input event: type=2
01-28 17:43:52.412 11821 11847 V threaded_app: New input event: type=2
01-28 17:43:52.417 11821 11821 D ViewRootImpl@445f760[GameActivity]: ViewPostIme pointer 1
01-28 17:43:52.478  1391  2353 D InputReader: Input event(6): value=1 when=304412939086000
01-28 17:43:52.478  1391  2353 D InputReader: Input event(6): value=1 when=304412939086000
01-28 17:43:52.478  1391  2353 I InputReader: Touch event's action is 0x0 (deviceType=0) [pCnt=1, s=0.38300 ] when=304412939086000
01-28 17:43:52.478  1391  2352 I InputDispatcher: Delivering touch to (11821): action: 0x0, toolType: 1
01-28 17:43:52.479 11821 11847 V threaded_app: New input event: type=2
01-28 17:43:52.481 11821 11821 D ViewRootImpl@445f760[GameActivity]: ViewPostIme pointer 0
01-28 17:43:52.543  1391  2353 D InputReader: Input event(6): value=0 when=304413004337000
01-28 17:43:52.543  1391  2353 D InputReader: Input event(6): value=0 when=304413004337000
01-28 17:43:52.543  1391  2353 I InputReader: Touch event's action is 0x1 (deviceType=0) [pCnt=1, s=] when=304413004337000
01-28 17:43:52.544  1391  2352 I InputDispatcher: Delivering touch to (11821): action: 0x1, toolType: 1
01-28 17:43:52.544 11821 11847 V threaded_app: New input event: type=2
01-28 17:43:52.545 11821 11847 V threaded_app: New input event: type=2
01-28 17:43:52.545 11821 11821 D ViewRootImpl@445f760[GameActivity]: ViewPostIme pointer 1
01-28 17:43:52.595  2702  2702 E adbd    : recv: OPEN 00000176 00000000 0010:73 68 65 6C 6C 2C 76 32 2C 72 61 77 3A 70 73 00 
01-28 17:43:52.595  2702  2702 E adbd    : service_to_fd: shell,v2,raw:ps
01-28 17:43:52.608 12015 12015 E propClient: PropClient failed to load
01-28 17:43:52.619  1391  2353 D InputReader: Input event(6): value=1 when=304413081119000
01-28 17:43:52.619  1391  2353 D InputReader: Input event(6): value=1 when=304413081119000
01-28 17:43:52.620  1391  2353 I InputReader: Touch event's action is 0x0 (deviceType=0) [pCnt=1, s=0.38301 ] when=304413081119000
01-28 17:43:52.620 12015 12015 E propClient: PropClient failed to load
01-28 17:43:52.620  1391  2352 I InputDispatcher: Delivering touch to (11821): action: 0x0, toolType: 1
01-28 17:43:52.622 11821 11847 V threaded_app: New input event: type=2
01-28 17:43:52.623  1391  2352 D PowerManagerService: [api] userActivityFromNative : 90 (event: 2 flags: 0) eventTime = 304413081
01-28 17:43:52.624 11821 11821 D ViewRootImpl@445f760[GameActivity]: ViewPostIme pointer 0
01-28 17:43:52.650 11821 11847 V threaded_app: New input event: type=2
01-28 17:43:52.667 11821 11847 I chatty  : uid=10559(u0_a559) identical 1 line
01-28 17:43:52.684 11821 11847 V threaded_app: New input event: type=2
01-28 17:43:52.686  1391  2353 D InputReader: Input event(6): value=0 when=304413147994000
01-28 17:43:52.686  1391  2353 D InputReader: Input event(6): value=0 when=304413147994000
01-28 17:43:52.686  1391  2353 I InputReader: Touch event's action is 0x1 (deviceType=0) [pCnt=1, s=] when=304413147994000
01-28 17:43:52.687  1391  2352 I InputDispatcher: Delivering touch to (11821): action: 0x1, toolType: 1
01-28 17:43:52.688 11821 11847 V threaded_app: New input event: type=2
01-28 17:43:52.689 11821 11847 V threaded_app: New input event: type=2
01-28 17:43:52.691 11821 11821 D ViewRootImpl@445f760[GameActivity]: ViewPostIme pointer 1
01-28 17:43:52.755  1391  2353 D InputReader: Input event(6): value=1 when=304413215674000
01-28 17:43:52.755  1391  2353 D InputReader: Input event(6): value=1 when=304413215674000
01-28 17:43:52.755  1391  2353 I InputReader: Touch event's action is 0x0 (deviceType=0) [pCnt=1, s=0.38302 ] when=304413215674000
01-28 17:43:52.756  1391  2352 I InputDispatcher: Delivering touch to (11821): action: 0x0, toolType: 1
01-28 17:43:52.757 11821 11847 V threaded_app: New input event: type=2
01-28 17:43:52.758 11821 11821 D ViewRootImpl@445f760[GameActivity]: ViewPostIme pointer 0
01-28 17:43:52.800 11821 11847 V threaded_app: New input event: type=2
01-28 17:43:52.802  1391  2488 D ConnectivityService: updateCapabilities: oldCap = [ Transports: WIFI Capabilities: NOT_METERED&INTERNET&NOT_RESTRICTED&TRUSTED&NOT_VPN&VALIDATED&FOREGROUND LinkUpBandwidth>=1048576Kbps LinkDnBandwidth>=1048576Kbps SignalStrength: -64], newCap = [ Transports: WIFI Capabilities: NOT_METERED&INTERNET&NOT_RESTRICTED&TRUSTED&NOT_VPN LinkUpBandwidth>=1048576Kbps LinkDnBandwidth>=1048576Kbps SignalStrength: -63]
01-28 17:43:52.802  1391  2488 D ConnectivityService: notifyType CAP_CHANGED for NetworkAgentInfo [WIFI () - 610]
01-28 17:43:52.802  1391  2488 D ConnectivityService:  sending notification for NetworkRequest [ REQUEST id=1, [ Capabilities: INTERNET&NOT_RESTRICTED&TRUSTED&NOT_VPN] ]
01-28 17:43:52.802  1391  2488 D ConnectivityService:  sending notification for NetworkRequest [ TRACK_DEFAULT id=3, [ Capabilities: INTERNET&NOT_RESTRICTED&TRUSTED&NOT_VPN] ]
01-28 17:43:52.803  1391  2488 D ConnectivityService: sending notification CAP_CHANGED for NetworkRequest [ TRACK_DEFAULT id=3, [ Capabilities: INTERNET&NOT_RESTRICTED&TRUSTED&NOT_VPN] ]
01-28 17:43:52.803  1391  2488 D ConnectivityService:  sending notification for NetworkRequest [ LISTEN id=5, [ Transports: WIFI Capabilities: INTERNET&NOT_RESTRICTED&TRUSTED&NOT_VPN] ]
01-28 17:43:52.803  1391  2488 D ConnectivityService: sending notification CAP_CHANGED for NetworkRequest [ LISTEN id=5, [ Transports: WIFI Capabilities: INTERNET&NOT_RESTRICTED&TRUSTED&NOT_VPN] ]
01-28 17:43:52.803  1391  2481 D ConnectivityService: filterNetworkStateForUid() uid: 10016 networkInfo: [type: WIFI[] - WIFI, state: CONNECTED/CONNECTED, reason: (unspecified), extra: "GoTrojans", failover: false, available: true, roaming: false, metered: false]
01-28 17:43:52.803  1391  2481 D ConnectivityService: filterNetworkStateForUid() uid: 10051 networkInfo: [type: WIFI[] - WIFI, state: CONNECTED/CONNECTED, reason: (unspecified), extra: "GoTrojans", failover: false, available: true, roaming: false, metered: false]
01-28 17:43:52.804  1391  2481 D ConnectivityService: filterNetworkStateForUid() uid: 10114 networkInfo: [type: WIFI[] - WIFI, state: CONNECTED/CONNECTED, reason: (unspecified), extra: "GoTrojans", failover: false, available: true, roaming: false, metered: false]
01-28 17:43:52.804  1391  2481 D ConnectivityService: filterNetworkStateForUid() uid: 10414 networkInfo: [type: WIFI[] - WIFI, state: DISCONNECTED/BLOCKED, reason: (unspecified), extra: (none), failover: false, available: true, roaming: false, metered: false]
01-28 17:43:52.804  1391  2481 D ConnectivityService: filterNetworkStateForUid() uid: 10417 networkInfo: [type: WIFI[] - WIFI, state: DISCONNECTED/BLOCKED, reason: (unspecified), extra: (none), failover: false, available: true, roaming: false, metered: false]
01-28 17:43:52.804  1391  2481 D ConnectivityService: filterNetworkStateForUid() uid: 10016 networkInfo: [type: WIFI[] - WIFI, state: CONNECTED/CONNECTED, reason: (unspecified), extra: "GoTrojans", failover: false, available: true, roaming: false, metered: false]
01-28 17:43:52.804  1391  2481 D ConnectivityService: filterNetworkStateForUid() uid: 10016 networkInfo: [type: WIFI[] - WIFI, state: CONNECTED/CONNECTED, reason: (unspecified), extra: "GoTrojans", failover: false, available: true, roaming: false, metered: false]
01-28 17:43:52.804  1391  2481 D ConnectivityService: filterNetworkStateForUid() uid: 10417 networkInfo: [type: WIFI[] - WIFI, state: DISCONNECTED/BLOCKED, reason: (unspecified), extra: (none), failover: false, available: true, roaming: false, metered: false]
01-28 17:43:52.805  1391  2481 D ConnectivityService: filterNetworkStateForUid() uid: 10201 networkInfo: [type: WIFI[] - WIFI, state: CONNECTED/CONNECTED, reason: (unspecified), extra: "GoTrojans", failover: false, available: true, roaming: false, metered: false]
01-28 17:43:52.805  1391  2481 D ConnectivityService: filterNetworkStateForUid() uid: 5009 networkInfo: [type: WIFI[] - WIFI, state: CONNECTED/CONNECTED, reason: (unspecified), extra: "GoTrojans", failover: false, available: true, roaming: false, metered: false]
01-28 17:43:52.805  1391  2481 D ConnectivityService: filterNetworkStateForUid() uid: 10016 networkInfo: [type: WIFI[] - WIFI, state: CONNECTED/CONNECTED, reason: (unspecified), extra: "GoTrojans", failover: false, available: true, roaming: false, metered: false]
01-28 17:43:52.805  1391  2481 D ConnectivityService: filterNetworkStateForUid() uid: 10413 networkInfo: [type: WIFI[] - WIFI, state: CONNECTED/CONNECTED, reason: (unspecified), extra: "GoTrojans", failover: false, available: true, roaming: false, metered: false]
01-28 17:43:52.805  1391  2481 D ConnectivityService: filterNetworkStateForUid() uid: 10016 networkInfo: [type: WIFI[] - WIFI, state: CONNECTED/CONNECTED, reason: (unspecified), extra: "GoTrojans", failover: false, available: true, roaming: false, metered: false]
01-28 17:43:52.805  1391  2488 D ConnectivityService:  sending notification for NetworkRequest [ LISTEN id=6, [] ]
01-28 17:43:52.805  1391  2488 D ConnectivityService: sending notification CAP_CHANGED for NetworkRequest [ LISTEN id=6, [] ]
01-28 17:43:52.805  1391  2481 D ConnectivityService: filterNetworkStateForUid() uid: 10114 networkInfo: [type: WIFI[] - WIFI, state: CONNECTED/CONNECTED, reason: (unspecified), extra: "GoTrojans", failover: false, available: true, roaming: false, metered: false]
01-28 17:43:52.806  1391  2481 D ConnectivityService: filterNetworkStateForUid() uid: 10117 networkInfo: [type: WIFI[] - WIFI, state: CONNECTED/CONNECTED, reason: (unspecified), extra: "GoTrojans", failover: false, available: true, roaming: false, metered: false]
01-28 17:43:52.806  1391  2481 D ConnectivityService: filterNetworkStateForUid() uid: 10037 networkInfo: [type: WIFI[] - WIFI, state: DISCONNECTED/BLOCKED, reason: (unspecified), extra: (none), failover: false, available: true, roaming: false, metered: false]
01-28 17:43:52.806  1391  2481 D ConnectivityService: filterNetworkStateForUid() uid: 10117 networkInfo: [type: WIFI[] - WIFI, state: CONNECTED/CONNECTED, reason: (unspecified), extra: "GoTrojans", failover: false, available: true, roaming: false, metered: false]
01-28 17:43:52.806  1391  2481 D ConnectivityService: filterNetworkStateForUid() uid: 10025 networkInfo: [type: WIFI[] - WIFI, state: CONNECTED/CONNECTED, reason: (unspecified), extra: "GoTrojans", failover: false, available: true, roaming: false, metered: false]
01-28 17:43:52.806  1391  2481 D ConnectivityService: filterNetworkStateForUid() uid: 10016 networkInfo: [type: WIFI[] - WIFI, state: CONNECTED/CONNECTED, reason: (unspecified), extra: "GoTrojans", failover: false, available: true, roaming: false, metered: false]
01-28 17:43:52.806  1391  2481 D ConnectivityService: filterNetworkStateForUid() uid: 10046 networkInfo: [type: WIFI[] - WIFI, state: CONNECTED/CONNECTED, reason: (unspecified), extra: "GoTrojans", failover: false, available: true, roaming: false, metered: false]
01-28 17:43:52.807  1391  2481 D ConnectivityService: filterNetworkStateForUid() uid: 10016 networkInfo: [type: WIFI[] - WIFI, state: CONNECTED/CONNECTED, reason: (unspecified), extra: "GoTrojans", failover: false, available: true, roaming: false, metered: false]
01-28 17:43:52.808  1391  2488 D ConnectivityService:  sending notification for NetworkRequest [ LISTEN id=7, [ Transports: CELLULAR|WIFI Capabilities: NOT_RESTRICTED&TRUSTED&NOT_VPN] ]
01-28 17:43:52.808  1391  2488 D ConnectivityService: sending notification CAP_CHANGED for NetworkRequest [ LISTEN id=7, [ Transports: CELLULAR|WIFI Capabilities: NOT_RESTRICTED&TRUSTED&NOT_VPN] ]
01-28 17:43:52.808  1391  2488 D ConnectivityService:  sending notification for NetworkRequest [ LISTEN id=8, [ Transports: WIFI Capabilities: INTERNET&NOT_RESTRICTED&TRUSTED&NOT_VPN] ]
01-28 17:43:52.808  1391  2488 D ConnectivityService: sending notification CAP_CHANGED for NetworkRequest [ LISTEN id=8, [ Transports: WIFI Capabilities: INTERNET&NOT_RESTRICTED&TRUSTED&NOT_VPN] ]
01-28 17:43:52.808  1391  2488 D ConnectivityService:  sending notification for NetworkRequest [ LISTEN id=9, [ Transports: WIFI Capabilities: INTERNET&NOT_RESTRICTED&TRUSTED&NOT_VPN] ]
01-28 17:43:52.808  1391  2488 D ConnectivityService: sending notification CAP_CHANGED for NetworkRequest [ LISTEN id=9, [ Transports: WIFI Capabilities: INTERNET&NOT_RESTRICTED&TRUSTED&NOT_VPN] ]
01-28 17:43:52.808  1391  2488 D ConnectivityService:  sending notification for NetworkRequest [ LISTEN id=13, [ Capabilities: INTERNET&NOT_RESTRICTED&TRUSTED&NOT_VPN] ]
01-28 17:43:52.808  1391  2488 D ConnectivityService: sending notification CAP_CHANGED for NetworkRequest [ LISTEN id=13, [ Capabilities: INTERNET&NOT_RESTRICTED&TRUSTED&NOT_VPN] ]
01-28 17:43:52.808  1391  2488 D ConnectivityService:  sending notification for NetworkRequest [ TRACK_DEFAULT id=17, [ Capabilities: INTERNET&NOT_RESTRICTED&TRUSTED&NOT_VPN] ]
01-28 17:43:52.808  1391  2488 D ConnectivityService: sending notification CAP_CHANGED for NetworkRequest [ TRACK_DEFAULT id=17, [ Capabilities: INTERNET&NOT_RESTRICTED&TRUSTED&NOT_VPN] ]
01-28 17:43:52.808  1391  2488 D ConnectivityService:  sending notification for NetworkRequest [ LISTEN id=32, [ Capabilities: INTERNET&NOT_RESTRICTED&TRUSTED&FOREGROUND] ]
01-28 17:43:52.809  1391  2488 D ConnectivityService: sending notification CAP_CHANGED for NetworkRequest [ LISTEN id=32, [ Capabilities: INTERNET&NOT_RESTRICTED&TRUSTED&FOREGROUND] ]
01-28 17:43:52.809  1391  2488 D ConnectivityService:  sending notification for NetworkRequest [ LISTEN id=33, [ Capabilities: NOT_RESTRICTED&TRUSTED&NOT_VPN&FOREGROUND] ]
01-28 17:43:52.809  1391  2488 D ConnectivityService: sending notification CAP_CHANGED for NetworkRequest [ LISTEN id=33, [ Capabilities: NOT_RESTRICTED&TRUSTED&NOT_VPN&FOREGROUND] ]
01-28 17:43:52.809  1391  2488 D ConnectivityService:  sending notification for NetworkRequest [ LISTEN id=692, [ Capabilities: INTERNET&NOT_RESTRICTED&TRUSTED] ]
01-28 17:43:52.809  1391  2488 D ConnectivityService: sending notification CAP_CHANGED for NetworkRequest [ LISTEN id=692, [ Capabilities: INTERNET&NOT_RESTRICTED&TRUSTED] ]
01-28 17:43:52.809  1391  2488 D ConnectivityService:  sending notification for NetworkRequest [ LISTEN id=693, [ Capabilities: INTERNET&NOT_RESTRICTED&TRUSTED] ]
01-28 17:43:52.809  1391  2488 D ConnectivityService: sending notification CAP_CHANGED for NetworkRequest [ LISTEN id=693, [ Capabilities: INTERNET&NOT_RESTRICTED&TRUSTED] ]
01-28 17:43:52.809  1391  2488 D ConnectivityService:  sending notification for NetworkRequest [ LISTEN id=1166, [ Capabilities: INTERNET&NOT_RESTRICTED&TRUSTED&NOT_VPN] ]
01-28 17:43:52.809  1391  2488 D ConnectivityService: sending notification CAP_CHANGED for NetworkRequest [ LISTEN id=1166, [ Capabilities: INTERNET&NOT_RESTRICTED&TRUSTED&NOT_VPN] ]
01-28 17:43:52.810  1391  2488 D ConnectivityService:  sending notification for NetworkRequest [ LISTEN id=1242, [ Capabilities: INTERNET&NOT_RESTRICTED&TRUSTED] ]
01-28 17:43:52.810  1391  2488 D ConnectivityService: sending notification CAP_CHANGED for NetworkRequest [ LISTEN id=1242, [ Capabilities: INTERNET&NOT_RESTRICTED&TRUSTED] ]
01-28 17:43:52.810  1391  3065 D ConnectivityService: filterNetworkStateForUid() uid: 10426 networkInfo: [type: WIFI[] - WIFI, state: CONNECTED/CONNECTED, reason: (unspecified), extra: "GoTrojans", failover: false, available: true, roaming: false, metered: false]
01-28 17:43:52.810  1391  3082 D ConnectivityService: filterNetworkStateForUid() uid: 10413 networkInfo: [type: WIFI[] - WIFI, state: CONNECTED/CONNECTED, reason: (unspecified), extra: "GoTrojans", failover: false, available: true, roaming: false, metered: false]
01-28 17:43:52.812  3043  3043 D EPDG -- SIM0 [SMARTWIFI]: Wifi RSSI intent received -- newRssi : -63intent Intent { act=android.net.wifi.RSSI_CHANGED flg=0x4000010 (has extras) }
01-28 17:43:52.812  3043  5264 D EPDG -- SIM0 [SMARTWIFI]: isWifiRssiLessOrEqualsHandoverThreshold: received rssi is: -63 handover threshold is: -85
01-28 17:43:52.812  3043  5264 D EPDG -- SIM0 [SMARTWIFI]: New rssi value is: -63
01-28 17:43:52.812  3043  5264 D EPDG -- SIM0 [SMARTWIFI]: Rssi : -63 highrange : -71 lowrange : -80 mIsRssiInHystersis : false
01-28 17:43:52.812  3043  5264 V EPDG -- SIM0 [SMARTWIFI]: wifi oldest entry removed
01-28 17:43:52.812  3043  5264 V EPDG -- SIM0 [SMARTWIFI]: wifi entry added
01-28 17:43:52.812  3043  5264 V EPDG -- SIM0 [SMARTWIFI]: New entry : (-63 : 0 )
01-28 17:43:52.812  3043  5264 D EPDG -- SIM0 [SMARTWIFI]: isWifiSignalUpgraded: lastStrength: -64 currentStrength: -63
01-28 17:43:52.812  3043  5264 D EPDG -- SIM0 [SMARTWIFI]: isL2WHandoverProfilingRunning: returning: false
01-28 17:43:52.812  3043  5264 D EPDG -- SIM0 [SMARTWIFI]: No need to send L2WHandoverProfiling runnable
01-28 17:43:52.812  3043  5264 D EPDG -- SIM0 [SMARTWIFI]: No need to run ping : (lastStrength-64 : mWeakWifiLevel2 : mWifiGoodDbValue-70 : mWifiBadDbValue-80 : currentStrength)-63
01-28 17:43:52.813  3043  5264 D EPDG -- SIM0 [SMARTWIFI]: isWifiSignalDegraded: lastStrength: -64 currentStrength: -63
01-28 17:43:52.813  3043  5264 D EPDG -- SIM0 [SMARTWIFI]: getHandoverThresholdMet: value is: false
01-28 17:43:52.813  1391  3069 D ConnectivityService: filterNetworkStateForUid() uid: 10033 networkInfo: [type: WIFI[] - WIFI, state: CONNECTED/CONNECTED, reason: (unspecified), extra: "GoTrojans", failover: false, available: true, roaming: false, metered: false]
01-28 17:43:52.818 11821 11847 V threaded_app: New input event: type=2
01-28 17:43:52.820  1391  2353 D InputReader: Input event(6): value=0 when=304413281393000
01-28 17:43:52.820  1391  2353 D InputReader: Input event(6): value=0 when=304413281393000
01-28 17:43:52.820  1391  2353 I InputReader: Touch event's action is 0x1 (deviceType=0) [pCnt=1, s=] when=304413281393000
01-28 17:43:52.820  1391  2352 I InputDispatcher: Delivering touch to (11821): action: 0x1, toolType: 1
01-28 17:43:52.824 11821 11847 V threaded_app: New input event: type=2
01-28 17:43:52.824  1391  2481 D ConnectivityService: filterNetworkStateForUid() uid: 10016 networkInfo: [type: WIFI[] - WIFI, state: CONNECTED/CONNECTED, reason: (unspecified), extra: "GoTrojans", failover: false, available: true, roaming: false, metered: false]
01-28 17:43:52.824  1391  5391 D ConnectivityService: filterNetworkStateForUid() uid: 10413 networkInfo: [type: WIFI[] - WIFI, state: CONNECTED/CONNECTED, reason: (unspecified), extra: "GoTrojans", failover: false, available: true, roaming: false, metered: false]
01-28 17:43:52.824  1391  2481 D ConnectivityService: filterNetworkStateForUid() uid: 1000 networkInfo: [type: WIFI[] - WIFI, state: CONNECTED/CONNECTED, reason: (unspecified), extra: "GoTrojans", failover: false, available: true, roaming: false, metered: false]
01-28 17:43:52.830 11821 11821 D ViewRootImpl@445f760[GameActivity]: ViewPostIme pointer 1
01-28 17:43:52.832  1391  2481 D ConnectivityService: filterNetworkStateForUid() uid: 5009 networkInfo: [type: WIFI[] - WIFI, state: CONNECTED/CONNECTED, reason: (unspecified), extra: "GoTrojans", failover: false, available: true, roaming: false, metered: false]
01-28 17:43:52.832  1391  2481 D ConnectivityService: filterNetworkStateForUid() uid: 10417 networkInfo: [type: WIFI[] - WIFI, state: DISCONNECTED/BLOCKED, reason: (unspecified), extra: (none), failover: false, available: true, roaming: false, metered: false]
01-28 17:43:52.833  1391  2481 D ConnectivityService: filterNetworkStateForUid() uid: 10016 networkInfo: [type: WIFI[] - WIFI, state: CONNECTED/CONNECTED, reason: (unspecified), extra: "GoTrojans", failover: false, available: true, roaming: false, metered: false]
01-28 17:43:52.835  1391  2481 D ConnectivityService: filterNetworkStateForUid() uid: 10417 networkInfo: [type: WIFI[] - WIFI, state: DISCONNECTED/BLOCKED, reason: (unspecified), extra: (none), failover: false, available: true, roaming: false, metered: false]
01-28 17:43:52.836  1391  2481 D ConnectivityService: filterNetworkStateForUid() uid: 10068 networkInfo: [type: WIFI[] - WIFI, state: CONNECTED/CONNECTED, reason: (unspecified), extra: "GoTrojans", failover: false, available: true, roaming: false, metered: false]
01-28 17:43:52.836  1391  2481 D ConnectivityService: filterNetworkStateForUid() uid: 1000 networkInfo: [type: WIFI[] - WIFI, state: CONNECTED/CONNECTED, reason: (unspecified), extra: "GoTrojans", failover: false, available: true, roaming: false, metered: false]
01-28 17:43:52.836  1391  2481 D ConnectivityService: filterNetworkStateForUid() uid: 10101 networkInfo: [type: WIFI[] - WIFI, state: DISCONNECTED/BLOCKED, reason: (unspecified), extra: (none), failover: false, available: true, roaming: false, metered: false]
01-28 17:43:52.836  1391  2481 D ConnectivityService: filterNetworkStateForUid() uid: 10065 networkInfo: [type: WIFI[] - WIFI, state: DISCONNECTED/BLOCKED, reason: (unspecified), extra: (none), failover: false, available: true, roaming: false, metered: false]
01-28 17:43:52.836  1391  2481 D ConnectivityService: filterNetworkStateForUid() uid: 10016 networkInfo: [type: WIFI[] - WIFI, state: CONNECTED/CONNECTED, reason: (unspecified), extra: "GoTrojans", failover: false, available: true, roaming: false, metered: false]
01-28 17:43:52.836  1391  2481 D ConnectivityService: filterNetworkStateForUid() uid: 10016 networkInfo: [type: WIFI[] - WIFI, state: CONNECTED/CONNECTED, reason: (unspecified), extra: "GoTrojans", failover: false, available: true, roaming: false, metered: false]
01-28 17:43:52.837  1391  5391 D ConnectivityService: filterNetworkStateForUid() uid: 10413 networkInfo: [type: WIFI[] - WIFI, state: CONNECTED/CONNECTED, reason: (unspecified), extra: "GoTrojans", failover: false, available: true, roaming: false, metered: false]
01-28 17:43:52.837  1391  2481 D ConnectivityService: filterNetworkStateForUid() uid: 10016 networkInfo: [type: WIFI[] - WIFI, state: CONNECTED/CONNECTED, reason: (unspecified), extra: "GoTrojans", failover: false, available: true, roaming: false, metered: false]
01-28 17:43:52.837  1391  2481 D ConnectivityService: filterNetworkStateForUid() uid: 10016 networkInfo: [type: WIFI[] - WIFI, state: CONNECTED/CONNECTED, reason: (unspecified), extra: "GoTrojans", failover: false, available: true, roaming: false, metered: false]
01-28 17:43:52.838  1391  2481 D ConnectivityService: filterNetworkStateForUid() uid: 1000 networkInfo: [type: WIFI[] - WIFI, state: CONNECTED/CONNECTED, reason: (unspecified), extra: "GoTrojans", failover: false, available: true, roaming: false, metered: false]
01-28 17:43:52.838  1391  2481 D ConnectivityService: filterNetworkStateForUid() uid: 5009 networkInfo: [type: WIFI[] - WIFI, state: CONNECTED/CONNECTED, reason: (unspecified), extra: "GoTrojans", failover: false, available: true, roaming: false, metered: false]
01-28 17:43:52.838  1391  2481 D ConnectivityService: filterNetworkStateForUid() uid: 10114 networkInfo: [type: WIFI[] - WIFI, state: CONNECTED/CONNECTED, reason: (unspecified), extra: "GoTrojans", failover: false, available: true, roaming: false, metered: false]
01-28 17:43:52.838  1391  2481 D ConnectivityService: filterNetworkStateForUid() uid: 10033 networkInfo: [type: WIFI[] - WIFI, state: CONNECTED/CONNECTED, reason: (unspecified), extra: "GoTrojans", failover: false, available: true, roaming: false, metered: false]
01-28 17:43:52.839  1391  2481 D ConnectivityService: filterNetworkStateForUid() uid: 1000 networkInfo: [type: WIFI[] - WIFI, state: CONNECTED/CONNECTED, reason: (unspecified), extra: "GoTrojans", failover: false, available: true, roaming: false, metered: false]
01-28 17:43:52.839  1391  2481 D ConnectivityService: filterNetworkStateForUid() uid: 10114 networkInfo: [type: WIFI[] - WIFI, state: CONNECTED/CONNECTED, reason: (unspecified), extra: "GoTrojans", failover: false, available: true, roaming: false, metered: false]
01-28 17:43:52.839  1391  2481 D ConnectivityService: filterNetworkStateForUid() uid: 10046 networkInfo: [type: WIFI[] - WIFI, state: CONNECTED/CONNECTED, reason: (unspecified), extra: "GoTrojans", failover: false, available: true, roaming: false, metered: false]
01-28 17:43:52.839  1391  2481 D ConnectivityService: filterNetworkStateForUid() uid: 10016 networkInfo: [type: WIFI[] - WIFI, state: CONNECTED/CONNECTED, reason: (unspecified), extra: "GoTrojans", failover: false, available: true, roaming: false, metered: false]
01-28 17:43:52.840  1391  2481 D ConnectivityService: filterNetworkStateForUid() uid: 10068 networkInfo: [type: WIFI[] - WIFI, state: CONNECTED/CONNECTED, reason: (unspecified), extra: "GoTrojans", failover: false, available: true, roaming: false, metered: false]
01-28 17:43:52.840  1391  2481 D ConnectivityService: filterNetworkStateForUid() uid: 1000 networkInfo: [type: WIFI[] - WIFI, state: CONNECTED/CONNECTED, reason: (unspecified), extra: "GoTrojans", failover: false, available: true, roaming: false, metered: false]
01-28 17:43:52.840  1391  2481 D ConnectivityService: filterNetworkStateForUid() uid: 10016 networkInfo: [type: WIFI[] - WIFI, state: CONNECTED/CONNECTED, reason: (unspecified), extra: "GoTrojans", failover: false, available: true, roaming: false, metered: false]
01-28 17:43:52.840  1391  2481 D ConnectivityService: filterNetworkStateForUid() uid: 10116 networkInfo: [type: WIFI[] - WIFI, state: CONNECTED/CONNECTED, reason: (unspecified), extra: "GoTrojans", failover: false, available: true, roaming: false, metered: false]
01-28 17:43:52.840  1391  2481 D ConnectivityService: filterNetworkStateForUid() uid: 10016 networkInfo: [type: WIFI[] - WIFI, state: CONNECTED/CONNECTED, reason: (unspecified), extra: "GoTrojans", failover: false, available: true, roaming: false, metered: false]
01-28 17:43:52.841  1391  2481 D ConnectivityService: filterNetworkStateForUid() uid: 10016 networkInfo: [type: WIFI[] - WIFI, state: CONNECTED/CONNECTED, reason: (unspecified), extra: "GoTrojans", failover: false, available: true, roaming: false, metered: false]
01-28 17:43:52.841  1391  2481 D ConnectivityService: filterNetworkStateForUid() uid: 10068 networkInfo: [type: WIFI[] - WIFI, state: CONNECTED/CONNECTED, reason: (unspecified), extra: "GoTrojans", failover: false, available: true, roaming: false, metered: false]
01-28 17:43:52.841  1391  2481 D ConnectivityService: filterNetworkStateForUid() uid: 10033 networkInfo: [type: WIFI[] - WIFI, state: CONNECTED/CONNECTED, reason: (unspecified), extra: "GoTrojans", failover: false, available: true, roaming: false, metered: false]
01-28 17:43:52.841  1391  2481 D ConnectivityService: filterNetworkStateForUid() uid: 10051 networkInfo: [type: WIFI[] - WIFI, state: CONNECTED/CONNECTED, reason: (unspecified), extra: "GoTrojans", failover: false, available: true, roaming: false, metered: false]
01-28 17:43:52.841  1391  2481 D ConnectivityService: filterNetworkStateForUid() uid: 10016 networkInfo: [type: WIFI[] - WIFI, state: CONNECTED/CONNECTED, reason: (unspecified), extra: "GoTrojans", failover: false, available: true, roaming: false, metered: false]
01-28 17:43:52.841  1391  2481 D ConnectivityService: filterNetworkStateForUid() uid: 10114 networkInfo: [type: WIFI[] - WIFI, state: CONNECTED/CONNECTED, reason: (unspecified), extra: "GoTrojans", failover: false, available: true, roaming: false, metered: false]
01-28 17:43:52.841  1391  2481 D ConnectivityService: filterNetworkStateForUid() uid: 10016 networkInfo: [type: WIFI[] - WIFI, state: CONNECTED/CONNECTED, reason: (unspecified), extra: "GoTrojans", failover: false, available: true, roaming: false, metered: false]
01-28 17:43:52.841  1391  2481 D ConnectivityService: filterNetworkStateForUid() uid: 1000 networkInfo: [type: WIFI[] - WIFI, state: CONNECTED/CONNECTED, reason: (unspecified), extra: "GoTrojans", failover: false, available: true, roaming: false, metered: false]
01-28 17:43:52.841  1391  2481 D ConnectivityService: filterNetworkStateForUid() uid: 1001 networkInfo: [type: WIFI[] - WIFI, state: CONNECTED/CONNECTED, reason: (unspecified), extra: "GoTrojans", failover: false, available: true, roaming: false, metered: false]
01-28 17:43:52.842  1391  2481 D ConnectivityService: filterNetworkStateForUid() uid: 10117 networkInfo: [type: WIFI[] - WIFI, state: CONNECTED/CONNECTED, reason: (unspecified), extra: "GoTrojans", failover: false, available: true, roaming: false, metered: false]
01-28 17:43:52.842  1391  2481 D ConnectivityService: filterNetworkStateForUid() uid: 5009 networkInfo: [type: WIFI[] - WIFI, state: CONNECTED/CONNECTED, reason: (unspecified), extra: "GoTrojans", failover: false, available: true, roaming: false, metered: false]
01-28 17:43:52.842  1391  2481 D ConnectivityService: filterNetworkStateForUid() uid: 10016 networkInfo: [type: WIFI[] - WIFI, state: CONNECTED/CONNECTED, reason: (unspecified), extra: "GoTrojans", failover: false, available: true, roaming: false, metered: false]
01-28 17:43:52.842  1391  2481 D ConnectivityService: filterNetworkStateForUid() uid: 10414 networkInfo: [type: WIFI[] - WIFI, state: DISCONNECTED/BLOCKED, reason: (unspecified), extra: (none), failover: false, available: true, roaming: false, metered: false]
01-28 17:43:52.842  1391  2481 D ConnectivityService: filterNetworkStateForUid() uid: 10114 networkInfo: [type: WIFI[] - WIFI, state: CONNECTED/CONNECTED, reason: (unspecified), extra: "GoTrojans", failover: false, available: true, roaming: false, metered: false]
01-28 17:43:52.842  1391  2481 D ConnectivityService: filterNetworkStateForUid() uid: 10068 networkInfo: [type: WIFI[] - WIFI, state: CONNECTED/CONNECTED, reason: (unspecified), extra: "GoTrojans", failover: false, available: true, roaming: false, metered: false]
01-28 17:43:52.842  1391  2481 D ConnectivityService: filterNetworkStateForUid() uid: 5009 networkInfo: [type: WIFI[] - WIFI, state: CONNECTED/CONNECTED, reason: (unspecified), extra: "GoTrojans", failover: false, available: true, roaming: false, metered: false]
01-28 17:43:52.842  1391  2481 D ConnectivityService: filterNetworkStateForUid() uid: 5009 networkInfo: [type: WIFI[] - WIFI, state: CONNECTED/CONNECTED, reason: (unspecified), extra: "GoTrojans", failover: false, available: true, roaming: false, metered: false]
01-28 17:43:52.843  1391  2481 D ConnectivityService: filterNetworkStateForUid() uid: 10016 networkInfo: [type: WIFI[] - WIFI, state: CONNECTED/CONNECTED, reason: (unspecified), extra: "GoTrojans", failover: false, available: true, roaming: false, metered: false]
01-28 17:43:52.843  1391  2481 D ConnectivityService: filterNetworkStateForUid() uid: 10414 networkInfo: [type: WIFI[] - WIFI, state: DISCONNECTED/BLOCKED, reason: (unspecified), extra: (none), failover: false, available: true, roaming: false, metered: false]
01-28 17:43:52.843  1391  2481 D ConnectivityService: filterNetworkStateForUid() uid: 10198 networkInfo: [type: WIFI[] - WIFI, state: DISCONNECTED/BLOCKED, reason: (unspecified), extra: (none), failover: false, available: true, roaming: false, metered: false]
01-28 17:43:52.843  1391  2481 D ConnectivityService: filterNetworkStateForUid() uid: 5009 networkInfo: [type: WIFI[] - WIFI, state: CONNECTED/CONNECTED, reason: (unspecified), extra: "GoTrojans", failover: false, available: true, roaming: false, metered: false]
01-28 17:43:52.844  1391  2481 D ConnectivityService: filterNetworkStateForUid() uid: 10117 networkInfo: [type: WIFI[] - WIFI, state: CONNECTED/CONNECTED, reason: (unspecified), extra: "GoTrojans", failover: false, available: true, roaming: false, metered: false]
01-28 17:43:52.844  1391  2481 D ConnectivityService: filterNetworkStateForUid() uid: 10114 networkInfo: [type: WIFI[] - WIFI, state: CONNECTED/CONNECTED, reason: (unspecified), extra: "GoTrojans", failover: false, available: true, roaming: false, metered: false]
01-28 17:43:52.844  1391  2481 D ConnectivityService: filterNetworkStateForUid() uid: 10116 networkInfo: [type: WIFI[] - WIFI, state: CONNECTED/CONNECTED, reason: (unspecified), extra: "GoTrojans", failover: false, available: true, roaming: false, metered: false]
01-28 17:43:52.844  1391  2481 D ConnectivityService: filterNetworkStateForUid() uid: 10016 networkInfo: [type: WIFI[] - WIFI, state: CONNECTED/CONNECTED, reason: (unspecified), extra: "GoTrojans", failover: false, available: true, roaming: false, metered: false]
01-28 17:43:52.845  3652  3652 D io_stats: !@   8,0 r 6644549 265531980 w 3083074 56895416 d 209735 21582044 f 1330336 1330080 iot 5596580 3377408 th 51200 0 0 pt 0 inp 0 0 304413.306
01-28 17:43:52.845  1391  2481 D ConnectivityService: filterNetworkStateForUid() uid: 10051 networkInfo: [type: WIFI[] - WIFI, state: CONNECTED/CONNECTED, reason: (unspecified), extra: "GoTrojans", failover: false, available: true, roaming: false, metered: false]
01-28 17:43:52.846  1391  2481 D ConnectivityService: filterNetworkStateForUid() uid: 10198 networkInfo: [type: WIFI[] - WIFI, state: DISCONNECTED/BLOCKED, reason: (unspecified), extra: (none), failover: false, available: true, roaming: false, metered: false]
01-28 17:43:52.846  1391  2481 D ConnectivityService: filterNetworkStateForUid() uid: 10093 networkInfo: [type: WIFI[] - WIFI, state: CONNECTED/CONNECTED, reason: (unspecified), extra: "GoTrojans", failover: false, available: true, roaming: false, metered: false]
01-28 17:43:52.846  1391  2481 D ConnectivityService: filterNetworkStateForUid() uid: 10051 networkInfo: [type: WIFI[] - WIFI, state: CONNECTED/CONNECTED, reason: (unspecified), extra: "GoTrojans", failover: false, available: true, roaming: false, metered: false]
01-28 17:43:52.846  1391  2481 D ConnectivityService: filterNetworkStateForUid() uid: 10413 networkInfo: [type: WIFI[] - WIFI, state: CONNECTED/CONNECTED, reason: (unspecified), extra: "GoTrojans", failover: false, available: true, roaming: false, metered: false]
01-28 17:43:52.847  1391  2481 D ConnectivityService: filterNetworkStateForUid() uid: 10114 networkInfo: [type: WIFI[] - WIFI, state: CONNECTED/CONNECTED, reason: (unspecified), extra: "GoTrojans", failover: false, available: true, roaming: false, metered: false]
01-28 17:43:52.847  1391  2481 D ConnectivityService: filterNetworkStateForUid() uid: 10016 networkInfo: [type: WIFI[] - WIFI, state: CONNECTED/CONNECTED, reason: (unspecified), extra: "GoTrojans", failover: false, available: true, roaming: false, metered: false]
01-28 17:43:52.847  1391  2481 D ConnectivityService: filterNetworkStateForUid() uid: 10101 networkInfo: [type: WIFI[] - WIFI, state: DISCONNECTED/BLOCKED, reason: (unspecified), extra: (none), failover: false, available: true, roaming: false, metered: false]
01-28 17:43:52.848  1391  2481 D ConnectivityService: filterNetworkStateForUid() uid: 10046 networkInfo: [type: WIFI[] - WIFI, state: CONNECTED/CONNECTED, reason: (unspecified), extra: "GoTrojans", failover: false, available: true, roaming: false, metered: false]
01-28 17:43:52.848  1391  2481 D ConnectivityService: filterNetworkStateForUid() uid: 10413 networkInfo: [type: WIFI[] - WIFI, state: CONNECTED/CONNECTED, reason: (unspecified), extra: "GoTrojans", failover: false, available: true, roaming: false, metered: false]
01-28 17:43:52.848  1391  2481 D ConnectivityService: filterNetworkStateForUid() uid: 1000 networkInfo: [type: WIFI[] - WIFI, state: CONNECTED/CONNECTED, reason: (unspecified), extra: "GoTrojans", failover: false, available: true, roaming: false, metered: false]
01-28 17:43:52.848  1391  2481 D ConnectivityService: filterNetworkStateForUid() uid: 10424 networkInfo: [type: WIFI[] - WIFI, state: CONNECTED/CONNECTED, reason: (unspecified), extra: "GoTrojans", failover: false, available: true, roaming: false, metered: false]
01-28 17:43:52.848  1391  2481 D ConnectivityService: filterNetworkStateForUid() uid: 5009 networkInfo: [type: WIFI[] - WIFI, state: CONNECTED/CONNECTED, reason: (unspecified), extra: "GoTrojans", failover: false, available: true, roaming: false, metered: false]
01-28 17:43:52.849  1391  2481 D ConnectivityService: filterNetworkStateForUid() uid: 10016 networkInfo: [type: WIFI[] - WIFI, state: CONNECTED/CONNECTED, reason: (unspecified), extra: "GoTrojans", failover: false, available: true, roaming: false, metered: false]
01-28 17:43:52.863  1391  2353 D InputReader: Input event(6): value=1 when=304413324386000
01-28 17:43:52.863  1391  2353 D InputReader: Input event(6): value=1 when=304413324386000
01-28 17:43:52.863  1391  2353 I InputReader: Touch event's action is 0x0 (deviceType=0) [pCnt=1, s=0.38303 ] when=304413324386000
01-28 17:43:52.864  1391  2352 I InputDispatcher: Delivering touch to (11821): action: 0x0, toolType: 1
01-28 17:43:52.867 11821 11847 V threaded_app: New input event: type=2
01-28 17:43:52.869 11821 11821 D ViewRootImpl@445f760[GameActivity]: ViewPostIme pointer 0
01-28 17:43:52.884 11821 11847 V threaded_app: New input event: type=2
01-28 17:43:52.916 11821 11847 I chatty  : uid=10559(u0_a559) identical 2 lines
01-28 17:43:52.933 11821 11847 V threaded_app: New input event: type=2
01-28 17:43:52.937  1391  2353 D InputReader: Input event(6): value=0 when=304413398752000
01-28 17:43:52.937  1391  2353 D InputReader: Input event(6): value=0 when=304413398752000
01-28 17:43:52.937  1391  2353 I InputReader: Touch event's action is 0x1 (deviceType=0) [pCnt=1, s=] when=304413398752000
01-28 17:43:52.937  1391  2352 I InputDispatcher: Delivering touch to (11821): action: 0x1, toolType: 1
01-28 17:43:52.938 11821 11847 V threaded_app: New input event: type=2
01-28 17:43:52.940 11821 11821 D ViewRootImpl@445f760[GameActivity]: ViewPostIme pointer 1
01-28 17:43:52.980   996   996 E audit   : type=1400 audit(1548719032.976:38961): avc:  denied  { read } for  pid=11821 comm="Thread-2" name="stat" dev="proc" ino=4026532368 scontext=u:r:untrusted_app_25:s0:c512,c768 tcontext=u:object_r:proc_stat:s0 tclass=file permissive=0 SEPF_SM-G930V_8.0.0_0016 audit_filtered
01-28 17:43:52.980   996   996 E audit   : type=1300 audit(1548719032.976:38961): arch=40000028 syscall=322 per=8 success=no exit=-13 a0=ffffff9c a1=c275cb38 a2=20000 a3=0 items=0 ppid=1021 pid=11821 auid=4294967295 uid=10559 gid=10559 euid=10559 suid=10559 fsuid=10559 egid=10559 sgid=10559 fsgid=10559 tty=(none) ses=4294967295 comm="Thread-2" exe="/system/bin/app_process32" subj=u:r:untrusted_app_25:s0:c512,c768 key=(null)
01-28 17:43:52.980   996   996 E audit   : type=1327 audit(1548719032.976:38961): proctitle="com.TeamNA.GiftGame"
01-28 17:43:52.998  1391  2353 D InputReader: Input event(6): value=1 when=304413458922000
01-28 17:43:52.998  1391  2353 D InputReader: Input event(6): value=1 when=304413458922000
01-28 17:43:52.998  1391  2353 I InputReader: Touch event's action is 0x0 (deviceType=0) [pCnt=1, s=0.38304 ] when=304413458922000
01-28 17:43:52.998  1391  2352 I InputDispatcher: Delivering touch to (11821): action: 0x0, toolType: 1
01-28 17:43:53.003 11821 11847 V threaded_app: New input event: type=2
01-28 17:43:53.005 11821 11821 D ViewRootImpl@445f760[GameActivity]: ViewPostIme pointer 0
01-28 17:43:53.034 11821 11847 V threaded_app: New input event: type=2
01-28 17:43:53.049 11821 11847 V threaded_app: New input event: type=2
01-28 17:43:53.064  1391  2353 D InputReader: Input event(6): value=0 when=304413525668000
01-28 17:43:53.064  1391  2353 D InputReader: Input event(6): value=0 when=304413525668000
01-28 17:43:53.064  1391  2353 I InputReader: Touch event's action is 0x1 (deviceType=0) [pCnt=1, s=] when=304413525668000
01-28 17:43:53.064  1391  2352 I InputDispatcher: Delivering touch to (11821): action: 0x1, toolType: 1
01-28 17:43:53.065 11821 11847 V threaded_app: New input event: type=2
01-28 17:43:53.067 11821 11847 V threaded_app: New input event: type=2
01-28 17:43:53.068 11821 11821 D ViewRootImpl@445f760[GameActivity]: ViewPostIme pointer 1
01-28 17:43:53.094   996   996 E audit   : type=1400 audit(1548719033.086:38962): avc:  denied  { read } for  pid=11821 comm="Thread-2" name="stat" dev="proc" ino=4026532368 scontext=u:r:untrusted_app_25:s0:c512,c768 tcontext=u:object_r:proc_stat:s0 tclass=file permissive=0 SEPF_SM-G930V_8.0.0_0016 audit_filtered
01-28 17:43:53.094   996   996 E audit   : type=1300 audit(1548719033.086:38962): arch=40000028 syscall=322 per=8 success=no exit=-13 a0=ffffff9c a1=c275cb38 a2=20000 a3=0 items=0 ppid=1021 pid=11821 auid=4294967295 uid=10559 gid=10559 euid=10559 suid=10559 fsuid=10559 egid=10559 sgid=10559 fsgid=10559 tty=(none) ses=4294967295 comm="Thread-2" exe="/system/bin/app_process32" subj=u:r:untrusted_app_25:s0:c512,c768 key=(null)
01-28 17:43:53.094   996   996 E audit   : type=1327 audit(1548719033.086:38962): proctitle="com.TeamNA.GiftGame"
01-28 17:43:53.107  1391  2353 D InputReader: Input event(6): value=1 when=304413568390000
01-28 17:43:53.107  1391  2353 D InputReader: Input event(6): value=1 when=304413568390000
01-28 17:43:53.107  1391  2353 I InputReader: Touch event's action is 0x0 (deviceType=0) [pCnt=1, s=0.38305 ] when=304413568390000
01-28 17:43:53.109  1391  2352 I InputDispatcher: Delivering touch to (11821): action: 0x0, toolType: 1
01-28 17:43:53.113 11821 11847 V threaded_app: New input event: type=2
01-28 17:43:53.114 11821 11821 D ViewRootImpl@445f760[GameActivity]: ViewPostIme pointer 0
01-28 17:43:53.134 11821 11847 V threaded_app: New input event: type=2
01-28 17:43:53.166 11821 11847 I chatty  : uid=10559(u0_a559) identical 2 lines
01-28 17:43:53.187 11821 11847 V threaded_app: New input event: type=2
01-28 17:43:53.197  1391  2353 D InputReader: Input event(6): value=0 when=304413658965000
01-28 17:43:53.197  1391  2353 D InputReader: Input event(6): value=0 when=304413658965000
01-28 17:43:53.197  1391  2353 I InputReader: Touch event's action is 0x1 (deviceType=0) [pCnt=1, s=] when=304413658965000
01-28 17:43:53.198  1391  2352 I InputDispatcher: Delivering touch to (11821): action: 0x1, toolType: 1
01-28 17:43:53.200   996   996 E audit   : type=1400 audit(1548719033.186:38963): avc:  denied  { read } for  pid=11821 comm="Thread-2" name="stat" dev="proc" ino=4026532368 scontext=u:r:untrusted_app_25:s0:c512,c768 tcontext=u:object_r:proc_stat:s0 tclass=file permissive=0 SEPF_SM-G930V_8.0.0_0016 audit_filtered
01-28 17:43:53.200   996   996 E audit   : type=1300 audit(1548719033.186:38963): arch=40000028 syscall=322 per=8 success=no exit=-13 a0=ffffff9c a1=c275cb38 a2=20000 a3=0 items=0 ppid=1021 pid=11821 auid=4294967295 uid=10559 gid=10559 euid=10559 suid=10559 fsuid=10559 egid=10559 sgid=10559 fsgid=10559 tty=(none) ses=4294967295 comm="Thread-2" exe="/system/bin/app_process32" subj=u:r:untrusted_app_25:s0:c512,c768 key=(null)
01-28 17:43:53.200   996   996 E audit   : type=1327 audit(1548719033.186:38963): proctitle="com.TeamNA.GiftGame"
01-28 17:43:53.204 11821 11847 V threaded_app: New input event: type=2
01-28 17:43:53.206 11821 11847 V threaded_app: New input event: type=2
01-28 17:43:53.207 11821 11821 D ViewRootImpl@445f760[GameActivity]: ViewPostIme pointer 1
01-28 17:43:53.249  1391  2353 D InputReader: Input event(6): value=1 when=304413710558000
01-28 17:43:53.249  1391  2353 D InputReader: Input event(6): value=1 when=304413710558000
01-28 17:43:53.249  1391  2353 I InputReader: Touch event's action is 0x0 (deviceType=0) [pCnt=1, s=0.38306 ] when=304413710558000
01-28 17:43:53.251  1391  2352 I InputDispatcher: Delivering touch to (11821): action: 0x0, toolType: 1
01-28 17:43:53.252 11821 11847 V threaded_app: New input event: type=2
01-28 17:43:53.257 11821 11821 D ViewRootImpl@445f760[GameActivity]: ViewPostIme pointer 0
01-28 17:43:53.285 11821 11847 V threaded_app: New input event: type=2
01-28 17:43:53.300 11821 11847 V threaded_app: New input event: type=2
01-28 17:43:53.312   996   996 E audit   : type=1400 audit(1548719033.306:38964): avc:  denied  { read } for  pid=11821 comm="Thread-2" name="stat" dev="proc" ino=4026532368 scontext=u:r:untrusted_app_25:s0:c512,c768 tcontext=u:object_r:proc_stat:s0 tclass=file permissive=0 SEPF_SM-G930V_8.0.0_0016 audit_filtered
01-28 17:43:53.312   996   996 E audit   : type=1300 audit(1548719033.306:38964): arch=40000028 syscall=322 per=8 success=no exit=-13 a0=ffffff9c a1=c275cb38 a2=20000 a3=0 items=0 ppid=1021 pid=11821 auid=4294967295 uid=10559 gid=10559 euid=10559 suid=10559 fsuid=10559 egid=10559 sgid=10559 fsgid=10559 tty=(none) ses=4294967295 comm="Thread-2" exe="/system/bin/app_process32" subj=u:r:untrusted_app_25:s0:c512,c768 key=(null)
01-28 17:43:53.312   996   996 E audit   : type=1327 audit(1548719033.306:38964): proctitle="com.TeamNA.GiftGame"
01-28 17:43:53.316 11821 11847 V threaded_app: New input event: type=2
01-28 17:43:53.333 11821 11847 V threaded_app: New input event: type=2
01-28 17:43:53.340  1391  2353 D InputReader: Input event(6): value=0 when=304413801900000
01-28 17:43:53.340  1391  2353 D InputReader: Input event(6): value=0 when=304413801900000
01-28 17:43:53.340  1391  2353 I InputReader: Touch event's action is 0x1 (deviceType=0) [pCnt=1, s=] when=304413801900000
01-28 17:43:53.340  1391  2352 I InputDispatcher: Delivering touch to (11821): action: 0x1, toolType: 1
01-28 17:43:53.343 11821 11847 V threaded_app: New input event: type=2
01-28 17:43:53.344 11821 11821 D ViewRootImpl@445f760[GameActivity]: ViewPostIme pointer 1
01-28 17:43:53.385  1391  2353 D InputReader: Input event(6): value=1 when=304413845630000
01-28 17:43:53.385  1391  2353 D InputReader: Input event(6): value=1 when=304413845630000
01-28 17:43:53.385  1391  2353 I InputReader: Touch event's action is 0x0 (deviceType=0) [pCnt=1, s=0.38307 ] when=304413845630000
01-28 17:43:53.385  1391  2352 I InputDispatcher: Delivering touch to (11821): action: 0x0, toolType: 1
01-28 17:43:53.386 11821 11847 V threaded_app: New input event: type=2
01-28 17:43:53.389 11821 11821 D ViewRootImpl@445f760[GameActivity]: ViewPostIme pointer 0
01-28 17:43:53.403 11821 11847 V threaded_app: New input event: type=2
