--------- beginning of main
03-11 18:38:36.464 22291 22291 I chatty  : uid=2000(shell) /system/bin/adbd expire 3 lines
03-11 18:38:36.464 22291 22291 W /system/bin/adbd: type=1400 audit(0.0:6235): avc: denied { search } for comm=73796E6320737663203230 name="oem" dev="dm-0" ino=2851 scontext=u:r:adbd:s0 tcontext=u:object_r:oemfs:s0 tclass=dir permissive=0
03-11 18:38:38.156 21137 21137 E adbd    : failed to connect to socket 'tcp:6666': Connection refused
--------- beginning of system
03-11 18:38:38.344   913  5590 I ActivityManager: START u0 {flg=0x10000000 cmp=com.TeamNA.GiftGame/com.epicgames.ue4.SplashActivity} from uid 2000
03-11 18:38:38.377   685   685 D QCOM PowerHAL: LAUNCH HINT: ON
03-11 18:38:38.380   685   685 D QCOM PowerHAL: Activity launch hint handled
03-11 18:38:38.410   913   975 I ActivityManager: Start proc 22333:com.TeamNA.GiftGame/u0a382 for activity com.TeamNA.GiftGame/com.epicgames.ue4.SplashActivity
03-11 18:38:38.422 22333 22333 I TeamNA.GiftGam: Late-enabling -Xcheck:jni
03-11 18:38:38.444   913  1433 I ActivityManager: Config changes=20000480 {1.0 311mcc480mnc [en_US] ldltr sw411dp w683dp h387dp 420dpi nrml land night finger -keyb/v/h -nav/h winConfig={ mBounds=Rect(0, 0 - 0, 0) mAppBounds=Rect(0, 0 - 1794, 1080) mWindowingMode=fullscreen mActivityType=undefined} s.119}
03-11 18:38:38.517   913  1433 I ActivityManager: Override config changes=20000480 {1.0 311mcc480mnc [en_US] ldltr sw411dp w683dp h387dp 420dpi nrml land night finger -keyb/v/h -nav/h winConfig={ mBounds=Rect(0, 0 - 1080, 1794) mAppBounds=Rect(0, 0 - 1794, 1080) mWindowingMode=fullscreen mActivityType=undefined} s.119} for displayId=0
03-11 18:38:38.568   913  1453 I InputReader: Reconfiguring input devices.  changes=0x00000004
03-11 18:38:38.590   913  1453 I InputReader: Device reconfigured: id=9, name='synaptics_dsxv26', size 1080x1920, orientation 1, mode 1, display id 0
03-11 18:38:38.596   913  1453 I InputReader: Reconfiguring input devices.  changes=0x00000004
03-11 18:38:38.603   913  1453 I chatty  : uid=1000(system) InputReader identical 1 line
03-11 18:38:38.675   913  1453 I InputReader: Reconfiguring input devices.  changes=0x00000004
03-11 18:38:38.763  2670  2685 I com.android.nf: Background concurrent copying GC freed 13137(1411KB) AllocSpace objects, 0(0B) LOS objects, 56% free, 1171KB/2MB, paused 94us total 234.677ms
03-11 18:38:38.844 21425 21425 D MusicLifecycle: com.google.android.music.store.MusicContentProvider generated event: initializing
03-11 18:38:38.850  1565  1565 D StatusBar: disable<e i a s b h r c s > disable2<q i n >
03-11 18:38:38.937 21425 21425 D MusicLifecycle: com.google.android.music.api.MusicPublicContentProvider generated event: initializing
03-11 18:38:39.082   913  3354 I ActivityManager: START u0 {flg=0x10000 cmp=com.TeamNA.GiftGame/com.epicgames.ue4.GameActivity (has extras)} from uid 10382
03-11 18:38:39.087   685   685 D QCOM PowerHAL: LAUNCH HINT: ON
03-11 18:38:39.102   913   975 I ActivityManager: Start proc 22351:com.google.android.apps.photos/u0a84 for broadcast com.google.android.apps.photos/.experiments.phenotype.full.PhenotypeUpdateBroadcastReceiver
03-11 18:38:39.102 22351 22351 E oid.apps.photo: Not starting debugger since process cannot load the jdwp agent.
03-11 18:38:39.104  1565  1565 I ImageWallpaper: Redrawing in rect: RectF(0.0, 0.0, 1080.0, 1920.0) with surface size: 1920x1920
03-11 18:38:39.132 22333 22333 W ActivityThread: handleWindowVisibility: no activity for token android.os.BinderProxy@6d4f8bb
03-11 18:38:39.185 22333 22333 D OVRPlugin: JNI_OnLoad
03-11 18:38:39.189 12631 22366 I DlamWrapper: close(): Successfully wrote DLAM properties file.
03-11 18:38:39.207 12631 12631 I KeyboardViewUtil: systemKeyboardHeightRatio:1.000000; userKeyboardHeightRatio:1.050000.
03-11 18:38:39.217  1565  1565 D StatusBar: disable<e i a s b h r c s > disable2<q i n >
03-11 18:38:39.235 22333 22333 D UE4     : Used memory before allocating anything was 75.09MB
03-11 18:38:39.245  1565  1565 W StatusBar/NavBarView: *** Invalid layout in navigation bar (sizeChanged this=126x1080 cur=126x1038)
03-11 18:38:39.254   491  1672 W SurfaceFlinger: Attempting to destroy on removed layer: e205528 AssistPreviewPanel#0
03-11 18:38:39.255  2004 20638 I albh    : updateFromConfigurations using legacy put method [CONTEXT service_id=51 ]
03-11 18:38:39.261   913  1433 I WindowManager: Screen frozen for +855ms due to Window{e124647 u0 StatusBar}
03-11 18:38:39.264   491  1672 D SurfaceFlinger: duplicate layer name: changing BlackSurface to BlackSurface#1
03-11 18:38:39.265   491  1672 D SurfaceFlinger: duplicate layer name: changing BlackSurface to BlackSurface#2
03-11 18:38:39.266   491  1672 D SurfaceFlinger: duplicate layer name: changing BlackSurface to BlackSurface#3
03-11 18:38:39.272   491  1672 W SurfaceFlinger: Attempting to destroy on removed layer: fb99bd4 DockedStackDivider#0
03-11 18:38:39.301  1565  1565 I ImageWallpaper: Redrawing in rect: RectF(0.0, 0.0, 1920.0, 3413.3333) with surface size: 1920x1920
03-11 18:38:39.304 12631 12631 I DeviceStatusMonitor: onReceive() : Action = android.intent.action.CONFIGURATION_CHANGED
03-11 18:38:39.306  1565  1565 I ImageWallpaper: Redrawing in rect: RectF(0.0, 0.0, 1920.0, 3413.3333) with surface size: 1920x1920
03-11 18:38:39.306 12631 12631 I ConfigNotification: Get device mode by ui mode:1 and smallestScreenWidthDp:411
03-11 18:38:39.307 12631 12631 I chatty  : uid=10076(com.google.android.inputmethod.latin) identical 2 lines
03-11 18:38:39.307 12631 12631 I ConfigNotification: Get device mode by ui mode:1 and smallestScreenWidthDp:411
03-11 18:38:39.353 22351 22351 W oid.apps.photo: JIT profile information will not be recorded: profile file does not exits.
03-11 18:38:39.353 22351 22351 W oid.apps.photo: JIT profile information will not be recorded: profile file does not exits.
03-11 18:38:39.464 22333 22333 D UE4     : In the JNI_OnLoad function
03-11 18:38:39.465 22333 22333 D UE4     : [JNI] - Failed to determine if app purchasing is enabled!
03-11 18:38:39.467 22333 22333 D UE4     : Path found as '/storage/emulated/0'
03-11 18:38:39.467 22333 22333 D UE4     : Font Path found as '/system/fonts/'
03-11 18:38:39.467 22333 22333 D UE4     : In the JNI_OnLoad function 5
03-11 18:38:39.501 22333 22333 V threaded_app: Creating: 0xe749dac0
03-11 18:38:39.506 22333 22372 V threaded_app: Config: mcc=311 mnc=480 lang=en cnt=US orien=2 touch=3 dens=420 keys=1 nav=1 keysHid=3 navHid=0 sdk=28 size=2 long=1 modetype=1 modenight=2
03-11 18:38:39.506 22333 22372 D UE4     : Entering native app glue main function
03-11 18:38:39.506 22333 22372 D UE4     : Created event thread
03-11 18:38:39.506 22333 22372 D UE4     : Entered AndroidMain()
03-11 18:38:39.507 22333 22373 D UE4     : Entering event processing thread engine entry point
03-11 18:38:39.507 22333 22373 D UE4     : Prepared looper for event thread
03-11 18:38:39.507 22333 22373 D UE4     : Passed callback initialization
03-11 18:38:39.507 22333 22373 D UE4     : Passed sensor initialization
03-11 18:38:39.509 22333 22372 D UE4     : Controller interface supported
03-11 18:38:39.537 22333 22333 D OpenGLRenderer: Skia GL Pipeline
03-11 18:38:39.605 22333 22333 D UE4     : Target SDK is 28.  This may cause issues if permissions are denied by the user.
03-11 18:38:39.607 22333 22333 D PermissionFragment: Creating PlayGamesFragment
03-11 18:38:39.612   913   928 I ActivityManager: START u0 {act=android.content.pm.action.REQUEST_PERMISSIONS pkg=com.google.android.packageinstaller cmp=com.google.android.packageinstaller/com.android.packageinstaller.permission.ui.GrantPermissionsActivity (has extras)} from uid 10382
03-11 18:38:39.619   685   685 D QCOM PowerHAL: LAUNCH HINT: ON
03-11 18:38:39.637 22333 22333 D UE4     : Vulkan version: 1.1.0
03-11 18:38:39.638 22333 22333 D UE4     : Vulkan level: 0
03-11 18:38:39.640 22333 22333 D UE4     : Found DepthBufferPreference = 0
03-11 18:38:39.640 22333 22333 D UE4     : Found bPackageDataInsideApk = 0
03-11 18:38:39.640 22333 22333 D UE4     : Found ProjectName = GiftGame
03-11 18:38:39.640 22333 22333 D UE4     : Found AppType = 
03-11 18:38:39.640 22333 22333 D UE4     : Found bHasOBBFiles = 0
03-11 18:38:39.640 22333 22333 D UE4     : Found bVerifyOBBOnStartUp = false
03-11 18:38:39.640 22333 22333 D UE4     : UI hiding set to true
03-11 18:38:39.640 22333 22333 D UE4     : BuildConfiguration set to Development
03-11 18:38:39.640 22333 22333 D UE4     : UseExternalFilesDir set to false
03-11 18:38:39.640 22333 22333 D UE4     : AllowIMU set to true
03-11 18:38:39.640 22333 22333 D UE4     : SupportsVulkan set to false
03-11 18:38:39.640 22333 22333 D UE4     : No GearVR mode detected.
03-11 18:38:39.645 22333 22333 I Adreno  : QUALCOMM build                   : d7977ce, Ife855c4895
03-11 18:38:39.645 22333 22333 I Adreno  : Build Date                       : 08/21/18
03-11 18:38:39.645 22333 22333 I Adreno  : OpenGL ES Shader Compiler Version: EV031.25.00.00
03-11 18:38:39.645 22333 22333 I Adreno  : Local Branch                     : master
03-11 18:38:39.645 22333 22333 I Adreno  : Remote Branch                    : 
03-11 18:38:39.645 22333 22333 I Adreno  : Remote Branch                    : 
03-11 18:38:39.645 22333 22333 I Adreno  : Reconstruct Branch               : 
03-11 18:38:39.645 22333 22333 I Adreno  : Build Config                     : S L 4.0.10 AArch32
03-11 18:38:39.662 22333 22333 I Adreno  : PFP: 0x005ff110, ME: 0x005ff066
03-11 18:38:39.667 22333 22333 I ConfigStore: android::hardware::configstore::V1_0::ISurfaceFlingerConfigs::hasWideColorDisplay retrieved: 0
03-11 18:38:39.667 22333 22333 I ConfigStore: android::hardware::configstore::V1_0::ISurfaceFlingerConfigs::hasHDRDisplay retrieved: 0
03-11 18:38:39.693 22333 22333 D UE4     : Hardware: sailfish
03-11 18:38:39.693 22333 22333 D UE4     : ro.hardware: sailfish
03-11 18:38:39.695 22333 22333 D UE4     : Memory: 3765 MB
03-11 18:38:39.698 22333 22333 D UE4     : UseAffinity: false
03-11 18:38:39.698 22333 22333 D UE4     : BigCoreMask: 0xffff
03-11 18:38:39.698 22333 22333 D UE4     : LittleCoreMask: 0x0
03-11 18:38:39.699 22333 22333 D UE4     : APK path: /data/app/com.TeamNA.GiftGame-eAoPPKEEEoB_3YM6xPJxXg==/base.apk
03-11 18:38:39.699 22333 22333 D UE4     : OBB in APK: false
03-11 18:38:39.701 22333 22333 D UE4     : InternalFilePath found as '/data/user/0/com.TeamNA.GiftGame/files'
03-11 18:38:39.701 22333 22333 D UE4     : ExternalFilePath found as '/storage/emulated/0/Android/data/com.TeamNA.GiftGame/files'
03-11 18:38:39.702 22333 22333 D UE4     : App is running in Landscape
03-11 18:38:39.702 22333 22333 D UE4     : Android version is 9
03-11 18:38:39.702 22333 22333 D UE4     : Android manufacturer is Google
03-11 18:38:39.702 22333 22333 D UE4     : Android model is Pixel
03-11 18:38:39.702 22333 22333 D UE4     : Android build number is PQ2A.190305.002
03-11 18:38:39.702 22333 22333 D UE4     : OS language is set to en_US
03-11 18:38:39.702 22333 22333 D UE4     : Debugger attached is false
03-11 18:38:39.713 22333 22375 D UE4     : Used memory: 70032
03-11 18:38:39.878 22333 22333 W PopupManager: You have not specified a View to use as content view for popups. Falling back to the Activity content view. Note that this may not work as expected in multi-screen environments
03-11 18:38:39.885 22333 22333 D UE4     : ==============> GameActive.onCreate complete!
03-11 18:38:39.891 22333 22333 V threaded_app: Start: 0xe749dac0
03-11 18:38:39.891 22333 22373 V threaded_app: activityState=10
03-11 18:38:39.891 22333 22333 D UE4     : Creating console command broadcast listener
03-11 18:38:39.891 22333 22373 D UE4     : LogAndroidEvents: EnqueueAppEvent : 9, 0, tid = 22373
03-11 18:38:39.893 22333 22333 D UE4     : ==================================> Inside onStart function in GameActivity
03-11 18:38:39.896 22333 22333 V threaded_app: Resume: 0xe749dac0
03-11 18:38:39.896 22333 22373 V threaded_app: activityState=11
03-11 18:38:39.896 22333 22373 D UE4     : Case APP_CMD_RESUME
03-11 18:38:39.897 22333 22373 D UE4     : LogAndroidEvents: EnqueueAppEvent : 7, 0, tid = 22373
03-11 18:38:39.897 22333 22333 D UE4     : === Restoring Transparent Bars ===
03-11 18:38:39.899 22333 22333 D UE4     : ==============> [JAVA] AndroidThunkJava_KeepScreenOn(false) - Enabled screen saver
03-11 18:38:39.899 22333 22333 D UE4     : Registering sensor listeners
03-11 18:38:39.913  3741  3741 I BgTaskExecutorImpl: Starting EXCLUSIVE background task FETCH_CONFIGS_FROM_PHENOTYPE.
03-11 18:38:39.916 22333 22333 D UE4     : App is running in Landscape
03-11 18:38:39.916 22333 22333 D UE4     : === Restoring Transparent Bars ===
03-11 18:38:39.916 22333 22333 D UE4     : ==============> Resuming main init
03-11 18:38:39.925 22333 22372 D UE4     : APK Commandline: ../../../GiftGame/GiftGame.uproject  /Game/Maps/MainGame -Messaging -SessionId=8299AF4640F83647374E2FBB4473263C -SessionOwner="ajkrieger" -SessionName="Launch On Device" -iterative
03-11 18:38:39.926 22333 22372 D UE4     : Override Commandline: ../../../GiftGame/GiftGame.uproject  /Game/Maps/MainGame -Messaging -SessionId=8299AF4640F83647374E2FBB4473263C -SessionOwner="ajkrieger" -SessionName="Launch On Device" -iterative
03-11 18:38:39.926 22333 22372 D UE4     : Final commandline: ../../../GiftGame/GiftGame.uproject  /Game/Maps/MainGame -Messaging -SessionId=8299AF4640F83647374E2FBB4473263C -SessionOwner="ajkrieger" -SessionName="Launch On Device" -iterative
03-11 18:38:39.926 22333 22372 D UE4     : Created sync event
03-11 18:38:39.926 22333 22333 D UE4     : ==============> GameActive.onResume complete!
03-11 18:38:39.936 22333 22333 V threaded_app: InputQueueCreated: 0xe749dac0 -- 0xdf645280
03-11 18:38:39.936 22333 22373 V threaded_app: APP_CMD_INPUT_CHANGED
03-11 18:38:39.936 22333 22373 V threaded_app: Attaching input queue to looper
03-11 18:38:39.946  3741  3773 W SearchServiceCore: Abort, client detached.
03-11 18:38:39.956 22333 22374 I Adreno  : QUALCOMM build                   : d7977ce, Ife855c4895
03-11 18:38:39.956 22333 22374 I Adreno  : Build Date                       : 08/21/18
03-11 18:38:39.956 22333 22374 I Adreno  : OpenGL ES Shader Compiler Version: EV031.25.00.00
03-11 18:38:39.956 22333 22374 I Adreno  : Local Branch                     : master
03-11 18:38:39.956 22333 22374 I Adreno  : Remote Branch                    : 
03-11 18:38:39.956 22333 22374 I Adreno  : Remote Branch                    : 
03-11 18:38:39.956 22333 22374 I Adreno  : Reconstruct Branch               : 
03-11 18:38:39.956 22333 22374 I Adreno  : Build Config                     : S L 4.0.10 AArch32
03-11 18:38:39.959 22333 22374 I Adreno  : PFP: 0x005ff110, ME: 0x005ff066
03-11 18:38:39.960 22333 22374 I ConfigStore: android::hardware::configstore::V1_0::ISurfaceFlingerConfigs::hasWideColorDisplay retrieved: 0
03-11 18:38:39.960 22333 22374 I ConfigStore: android::hardware::configstore::V1_0::ISurfaceFlingerConfigs::hasHDRDisplay retrieved: 0
03-11 18:38:39.961 22333 22374 I OpenGLRenderer: Initialized EGL, version 1.4
03-11 18:38:39.961 22333 22374 D OpenGLRenderer: Swap behavior 1
03-11 18:38:39.987   491   545 D SurfaceFlinger: duplicate layer name: changing com.TeamNA.GiftGame/com.epicgames.ue4.GameActivity to com.TeamNA.GiftGame/com.epicgames.ue4.GameActivity#1
03-11 18:38:39.987  2004 20638 I albh    : updateFromConfigurations using legacy put method [CONTEXT service_id=51 ]
03-11 18:38:39.995  2004 20638 I aldd    : Scheduling adaptive one off task with window [14400, 604800] in seconds [CONTEXT service_id=51 ]
03-11 18:38:40.000   491   545 W ServiceManager: Permission failure: android.permission.ACCESS_SURFACE_FLINGER from uid=10382 pid=22333
03-11 18:38:40.000   491   545 D PermissionCache: checking android.permission.ACCESS_SURFACE_FLINGER for uid=10382 => denied (1576 us)
03-11 18:38:40.002 21876 21876 D PhenotypeUpdateService: onCreate called
03-11 18:38:40.010 22333 22333 V threaded_app: NativeWindowCreated: 0xe749dac0 -- 0xccda1008
03-11 18:38:40.010 22333 22373 V threaded_app: APP_CMD_INIT_WINDOW
03-11 18:38:40.010 22333 22373 D UE4     : Case APP_CMD_INIT_WINDOW
03-11 18:38:40.010 22333 22373 D UE4     : LogAndroidEvents: EnqueueAppEvent : 0, 3436843016, tid = 22373
03-11 18:38:40.025 21876 22397 D PhenotypeUpdateService: Updating Phenotype configs
03-11 18:38:40.030 22333 22333 V threaded_app: Pause: 0xe749dac0
03-11 18:38:40.030 22333 22373 V threaded_app: activityState=13
03-11 18:38:40.030 22333 22373 D UE4     : Case APP_CMD_PAUSE
03-11 18:38:40.030 22333 22373 D UE4     : LogAndroidEvents: EnqueueAppEvent : 6, 0, tid = 22373
03-11 18:38:40.030 22333 22333 D UE4     : Unregistering sensor listeners
03-11 18:38:40.039 22333 22333 D UE4     : ==============> GameActive.onPause complete!
03-11 18:38:40.046 18934 18934 W ActivityThread: handleWindowVisibility: no activity for token android.os.BinderProxy@6d4f8bb
03-11 18:38:40.053 22333 22333 D UE4     : === Restoring Transparent Bars due to Visibility Change ===
03-11 18:38:40.053 22333 22333 D UE4     : === Restoring Transparent Bars ===
03-11 18:38:40.066   913   975 I ActivityManager: Start proc 22410:com.google.android.gms.ui/u0a18 for service com.google.android.gms/.chimera.UiIntentOperationService
03-11 18:38:40.088   913  5335 D ConnectivityService: Returning BLOCKED NetworkInfo to uid=10084
03-11 18:38:40.128 22410 22410 E .android.gms.u: Not starting debugger since process cannot load the jdwp agent.
03-11 18:38:40.158 21137 21137 E adbd    : failed to connect to socket 'tcp:6666': Connection refused
03-11 18:38:40.168   913   975 I ActivityManager: Start proc 22429:com.google.android.apps.messaging/u0a86 for broadcast com.google.android.apps.messaging/.shared.experiments.receiver.BuglePhenotypeBroadcastReceiver
03-11 18:38:40.223 22429 22429 E .apps.messagin: Not starting debugger since process cannot load the jdwp agent.
03-11 18:38:40.253 22410 22410 I .android.gms.u: The ClassLoaderContext is a special shared library.
03-11 18:38:40.258 22410 22410 I .android.gms.u: The ClassLoaderContext is a special shared library.
03-11 18:38:40.261 22333 22372 D UE4     : EGL Extensions: 
03-11 18:38:40.261 22333 22372 D UE4     : EGL_KHR_get_all_proc_addresses EGL_ANDROID_presentation_time EGL_KHR_swap_buffers_with_damage EGL_ANDROID_get_native_client_buffer EGL_ANDROID_front_buffer_auto_refresh EGL_ANDROID_get_frame_timestamps EGL_EXT_surface_SMPTE2086_metadata EGL_EXT_surface_CTA861_3_metadata EGL_KHR_image EGL_KHR_image_base EGL_EXT_image_gl_colorspace EGL_KHR_lock_surface EGL_KHR_gl_colorspace EGL_KHR_gl_texture_2D_image EGL_KHR_gl_texture_3D_image EGL_KHR_gl_texture_cubemap_image EGL_KHR_gl_renderbuffer_image EGL_KHR_reusable_sync EGL_KHR_fence_sync EGL_KHR_create_context EGL_KHR_surfaceless_context EGL_EXT_create_context_robustness EGL_ANDROID_image_native_buffer EGL_KHR_wait_sync EGL_ANDROID_recordable EGL_KHR_partial_update EGL_EXT_pixel_format_float EGL_KHR_create_context_no_error EGL_KHR_mutable_render_buffer EGL_EXT_yuv_surface EGL_EXT_protected_content EGL_IMG_context_priority EGL_KHR_no_config_context 
03-11 18:38:40.264 22333 22372 D UE4     : FAndroidGPUInfo
03-11 18:38:40.264 22333 22372 D UE4     : AndroidEGL::InitSurface 1, 1
03-11 18:38:40.265 22333 22372 D UE4     : AndroidEGL::CreateEGLSurface() 0xc3931b60
03-11 18:38:40.265 22333 22372 D UE4     : AndroidEGL::CreateEGLSurface(1), auxSurface = eglCreatePbufferSurface(), 8x8
03-11 18:38:40.265 22410 22410 I .android.gms.u: The ClassLoaderContext is a special shared library.
03-11 18:38:40.274 22410 22410 I .android.gms.u: The ClassLoaderContext is a special shared library.
03-11 18:38:40.301 22333 22333 V threaded_app: WindowFocusChanged: 0xe749dac0 -- 1
03-11 18:38:40.302 22333 22373 D UE4     : LogAndroidEvents: EnqueueAppEvent : 11, 0, tid = 22373
03-11 18:38:40.310 22333 22333 D PermissionFragment: permission granted for android.permission.WRITE_EXTERNAL_STORAGE
03-11 18:38:40.313 22333 22333 V threaded_app: Resume: 0xe749dac0
03-11 18:38:40.313 22333 22372 D vulkan  : searching for layers in '/data/app/com.TeamNA.GiftGame-eAoPPKEEEoB_3YM6xPJxXg==/lib/arm'
03-11 18:38:40.313 22333 22373 V threaded_app: activityState=11
03-11 18:38:40.313 22333 22372 D vulkan  : searching for layers in '/data/app/com.TeamNA.GiftGame-eAoPPKEEEoB_3YM6xPJxXg==/base.apk!/lib/armeabi-v7a'
03-11 18:38:40.313 22333 22373 D UE4     : Case APP_CMD_RESUME
03-11 18:38:40.314 22333 22373 D UE4     : LogAndroidEvents: EnqueueAppEvent : 7, 0, tid = 22373
03-11 18:38:40.314 22333 22333 D UE4     : === Restoring Transparent Bars ===
03-11 18:38:40.315 22333 22333 D UE4     : ==============> [JAVA] AndroidThunkJava_KeepScreenOn(false) - Enabled screen saver
03-11 18:38:40.315 22333 22333 D UE4     : Registering sensor listeners
03-11 18:38:40.318 22333 22372 I Adreno  : QUALCOMM build          : d7977ce, Ife855c4895
03-11 18:38:40.318 22333 22372 I Adreno  : Build Date              : 08/21/18
03-11 18:38:40.318 22333 22372 I Adreno  : Shader Compiler Version : EV031.25.00.00
03-11 18:38:40.318 22333 22372 I Adreno  : Local Branch            : master
03-11 18:38:40.318 22333 22372 I Adreno  : Remote Branch           : 
03-11 18:38:40.318 22333 22372 I Adreno  : Remote Branch           : 
03-11 18:38:40.318 22333 22372 I Adreno  : Reconstruct Branch      : 
03-11 18:38:40.318 22333 22372 I Adreno  : Build Config                     : S L 4.0.10 AArch32
03-11 18:38:40.330   913   971 I ActivityManager: Displayed com.google.android.packageinstaller/com.android.packageinstaller.permission.ui.GrantPermissionsActivity: +1s961ms
03-11 18:38:40.330 22333 22333 D UE4     : App is running in Landscape
03-11 18:38:40.330 22333 22333 D UE4     : === Restoring Transparent Bars ===
03-11 18:38:40.330 22333 22333 D UE4     : ==============> Resuming main init
03-11 18:38:40.330 22333 22333 D UE4     : ==============> GameActive.onResume complete!
03-11 18:38:40.332 22429 22429 I .apps.messagin: The ClassLoaderContext is a special shared library.
03-11 18:38:40.366   685   685 D QCOM PowerHAL: LAUNCH HINT: OFF
03-11 18:38:40.413 22410 22410 W DynamiteModule: Local module descriptor class for providerinstaller not found.
03-11 18:38:40.422 22410 22410 W ProviderHelper: Unknown dynamite feature providerinstaller
03-11 18:38:40.422 22410 22410 I DynamiteModule: Considering local module providerinstaller:0 and remote module providerinstaller:0
03-11 18:38:40.423 22410 22410 W ProviderInstaller: Failed to load providerinstaller module: No acceptable module found. Local version is 0 and remote version is 0.
03-11 18:38:40.442 22410 22410 V NativeCrypto: Registering com/google/android/gms/org/conscrypt/NativeCrypto's 287 native methods...
03-11 18:38:40.464 22410 22410 D NetworkSecurityConfig: Using Network Security Config from resource network_security_config debugBuild: false
03-11 18:38:40.467 22410 22410 I ProviderInstaller: Installed default security provider GmsCore_OpenSSL
03-11 18:38:40.474 22410 22410 I FixerFramework: Checking safeboot...
03-11 18:38:40.475 22410 22410 I FixerFramework: Not entering safeboot; wrong process.
03-11 18:38:40.483 22333 22372 D UE4     : LogPluginManager: Mounting plugin Paper2D
03-11 18:38:40.487 22333 22372 D UE4     : LogPluginManager: Mounting plugin AISupport
03-11 18:38:40.489 22333 22372 D UE4     : LogPluginManager: Mounting plugin LightPropagationVolume
03-11 18:38:40.491 22333 22372 D UE4     : LogPluginManager: Mounting plugin AssetManagerEditor
03-11 18:38:40.492 22333 22372 D UE4     : LogPluginManager: Mounting plugin CryptoKeys
03-11 18:38:40.494 22333 22372 D UE4     : LogPluginManager: Mounting plugin FacialAnimation
03-11 18:38:40.495 22333 22372 D UE4     : LogPluginManager: Mounting plugin MeshEditor
03-11 18:38:40.497 22333 22372 D UE4     : LogPluginManager: Mounting plugin DatasmithContent
03-11 18:38:40.498 22333 22372 D UE4     : LogPluginManager: Mounting plugin VariantManagerContent
03-11 18:38:40.501 22333 22372 D UE4     : LogPluginManager: Mounting plugin AlembicImporter
03-11 18:38:40.503 22333 22372 D UE4     : LogPluginManager: Mounting plugin AppleImageUtils
03-11 18:38:40.505 22333 22372 D UE4     : LogPluginManager: Mounting plugin AppleVision
03-11 18:38:40.506 22333 22372 D UE4     : LogPluginManager: Mounting plugin BackChannel
03-11 18:38:40.508 22333 22372 D UE4     : LogPluginManager: Mounting plugin CharacterAI
03-11 18:38:40.509 22333 22372 D UE4     : LogPluginManager: Mounting plugin GeometryCache
03-11 18:38:40.511 22333 22372 D UE4     : LogPluginManager: Mounting plugin AndroidMedia
03-11 18:38:40.513 22333 22372 D UE4     : LogPluginManager: Mounting plugin ImgMedia
03-11 18:38:40.515 22333 22372 D UE4     : LogPluginManager: Mounting plugin LinearTimecode
03-11 18:38:40.516 22333 22372 D UE4     : LogPluginManager: Mounting plugin MediaCompositing
03-11 18:38:40.518 22333 22372 D UE4     : LogPluginManager: Mounting plugin TcpMessaging
03-11 18:38:40.520 22333 22372 D UE4     : LogPluginManager: Mounting plugin UdpMessaging
03-11 18:38:40.522 22333 22372 D UE4     : LogPluginManager: Mounting plugin ActorSequence
03-11 18:38:40.524 22333 22372 D UE4     : LogPluginManager: Mounting plugin NetcodeUnitTest
03-11 18:38:40.525 22333 22372 D UE4     : LogPluginManager: Mounting plugin NUTUnrealEngine4
03-11 18:38:40.527 22333 22372 D UE4     : LogPluginManager: Mounting plugin OnlineSubsystemGooglePlay
03-11 18:38:40.530 22333 22372 D UE4     : LogPluginManager: Mounting plugin OnlineSubsystem
03-11 18:38:40.532 22333 22372 D UE4     : LogPluginManager: Mounting plugin OnlineSubsystemNull
03-11 18:38:40.533 22333 22372 D UE4     : LogPluginManager: Mounting plugin OnlineSubsystemUtils
03-11 18:38:40.535 22333 22372 D UE4     : LogPluginManager: Mounting plugin AndroidDeviceProfileSelector
03-11 18:38:40.537 22333 22372 D UE4     : LogPluginManager: Mounting plugin AndroidMoviePlayer
03-11 18:38:40.538 22333 22372 D UE4     : LogPluginManager: Mounting plugin AndroidPermission
03-11 18:38:40.540 22333 22372 D UE4     : LogPluginManager: Mounting plugin ArchVisCharacter
03-11 18:38:40.544 22333 22372 D UE4     : LogPluginManager: Mounting plugin CableComponent
03-11 18:38:40.546 22333 22372 D UE4     : LogPluginManager: Mounting plugin CustomMeshComponent
03-11 18:38:40.547 22333 22372 D UE4     : LogPluginManager: Mounting plugin EditableMesh
03-11 18:38:40.549 22333 22372 D UE4     : LogPluginManager: Mounting plugin ExampleDeviceProfileSelector
03-11 18:38:40.550 22333 22372 D UE4     : LogPluginManager: Mounting plugin Firebase
03-11 18:38:40.552 22333 22372 D UE4     : LogPluginManager: Mounting plugin GoogleCloudMessaging
03-11 18:38:40.554 22333 22372 D UE4     : LogPluginManager: Mounting plugin LocationServicesBPLibrary
03-11 18:38:40.556 22333 22372 D UE4     : LogPluginManager: Mounting plugin MobilePatchingUtils
03-11 18:38:40.557 22333 22372 D UE4     : LogPluginManager: Mounting plugin OculusVR
03-11 18:38:40.564 22333 22372 D UE4     : LogPluginManager: Mounting plugin PhysXVehicles
03-11 18:38:40.572 22333 22372 D UE4     : LogPluginManager: Mounting plugin ProceduralMeshComponent
03-11 18:38:40.574 22333 22372 D UE4     : LogPluginManager: Mounting plugin RuntimePhysXCooking
03-11 18:38:40.575 22333 22372 D UE4     : LogPluginManager: Mounting plugin SteamVR
03-11 18:38:40.579 22333 22372 D UE4     : LogStreaming: Display: Took  0.097s to configure plugins.
03-11 18:38:40.580 22429 22429 I MultiDex: VM with version 2.1.0 has multidex support
03-11 18:38:40.580 22429 22429 I MultiDex: install
03-11 18:38:40.580 22429 22429 I MultiDex: VM has multidex support, MultiDex support library is disabled.
03-11 18:38:40.643 22410 22410 W Primes  : Primes not initialized, returning default (no-op) Primes instance which will ignore all calls. Please call Primes.initialize(...) before using any Primes API.
03-11 18:38:40.712 22429 22429 D FirebaseApp: com.google.firebase.auth.FirebaseAuth is not linked. Skipping initialization.
03-11 18:38:40.713 22429 22429 D FirebaseApp: com.google.firebase.crash.FirebaseCrash is not linked. Skipping initialization.
03-11 18:38:40.713 22429 22429 D FirebaseApp: com.google.android.gms.measurement.AppMeasurement is not linked. Skipping initialization.
03-11 18:38:40.713 22429 22429 I FirebaseInitProvider: FirebaseApp initialization successful
03-11 18:38:40.838 22429 22477 I Bugle   : GServicesValues:
03-11 18:38:40.838 22429 22477 I Bugle   : bugle_enable_primes_crash_metrics: true
03-11 18:38:40.838 22429 22477 I Bugle   : bugle_max_telemetry_upload_retries: 10
03-11 18:38:40.838 22429 22477 I Bugle   : bugle_sticker_set_list_version: 3
03-11 18:38:40.901 22429 22429 I CarrierServices: [2] lxm.register: Initializing Carrier Services Library.
03-11 18:38:41.027 22429 22429 I BugleBackup: Registering preference change listener for "bugle".
03-11 18:38:41.372 22429 22429 I Bugle   : Initializing EmojiCompat
03-11 18:38:41.374  2004  2017 I .gms.persisten: Background concurrent copying GC freed 317124(15MB) AllocSpace objects, 72(4MB) LOS objects, 49% free, 14MB/29MB, paused 120us total 263.718ms
03-11 18:38:41.375 22429 22429 I Bugle   : BugleApplicationBase: Bugle version: 4.0.054 (dragon_rc17_xxhdpi.arm64-v8a.phone)
03-11 18:38:41.382  3741 22491 I ModelDownloadListener: Schdedule model download
03-11 18:38:41.385  2181  3676 I FontsContentProvider: Received query Noto Color Emoji Compat, URI content://com.google.android.gms.fonts
03-11 18:38:41.385  2181  3676 I FontsContentProvider: Query [Noto Color Emoji Compat] resolved to {Noto Color Emoji Compat, wdth 100.0, wght 400, ital 0.0, bestEffort false}
03-11 18:38:41.391  2181  3676 I FontsContentProvider: Fetch {Noto Color Emoji Compat, wdth 100.0, wght 400, ital 0.0, bestEffort false} end status Status{statusCode=SUCCESS, resolution=null}
03-11 18:38:41.410 22429 22429 I Bugle   : DarkModeUtilImpl: Setting system dark mode to on
03-11 18:38:41.415  2181  3676 I FontsContentProvider: Pulling font file for id = 254, cache size = 4
03-11 18:38:41.418  3741  3741 I BgTaskExecutorImpl: Starting EXCLUSIVE background task UPDATE_HOTWORD_MODELS.
03-11 18:38:41.428 22429 22429 W PrimesInit: Primes instant initialization
03-11 18:38:41.437 22429 22497 W Primes  : background initialization
03-11 18:38:41.444  3741 22494 I ModelDownloadController: requestHotwordModelUpdate modelType-OK_HEY_GOOGLE
03-11 18:38:41.462  3741 22494 I ModelDownloadController: We already downloaded model from given location.
03-11 18:38:41.462  3741 22494 I ModelDownloadController: Model download failed
03-11 18:38:41.463  3741  3773 W SearchServiceCore: Abort, client detached.
03-11 18:38:41.463  3741  3773 W SearchServiceCore: Abort, client detached.
03-11 18:38:41.475  2181  3676 I FontsContentProvider: Pulling font file for id = 254, cache size = 4
03-11 18:38:41.498 22429 22497 I PrimesTesting: GserviceFlagsSupplier.get()
03-11 18:38:41.525   913   973 W BroadcastQueue: Background execution not allowed: receiving Intent { act=com.google.android.systemui.OPA_ENABLED flg=0x10000010 (has extras) } to com.google.android.apps.nexuslauncher/.qsb.OPAStatusReceiver
03-11 18:38:41.532  1565  1565 I OpaEnabledReceiver: Dispatching OPA eligble = true; AGSA = true; OPA enabled = true
03-11 18:38:41.532  1565  1565 I OpaLayout: Setting opa enabled to true
03-11 18:38:41.532  1565  1565 I OpaLayout: Setting opa enabled to true
03-11 18:38:41.553  3741 22491 I OpaEligibilityChecker: send OpaEligibilityChange broadcast to CommonBroadcastReceiver
03-11 18:38:41.659   913  1000 I system_server: Explicit concurrent copying GC freed 137847(7MB) AllocSpace objects, 32(1164KB) LOS objects, 42% free, 30MB/53MB, paused 226us total 389.945ms
03-11 18:38:41.671 22429 22502 I Bugle   : BuglePhenotypeBroadcastReceiver.onReceive
03-11 18:38:41.672   913  5590 W ActivityManager: Background start not allowed: service Intent { cmp=com.google.android.apps.messaging/.shared.datamodel.action.execution.ActionExecutorImpl$EmptyService } to com.google.android.apps.messaging/.shared.datamodel.action.execution.ActionExecutorImpl$EmptyService from pid=22429 uid=10086 pkg=com.google.android.apps.messaging startFg?=false
03-11 18:38:41.681 22429 22429 W BugleDataModel: ActionExecutorImpl: Action started execution, but we can't guarantee it will complete, the app may be killed. Action: class com.google.android.apps.messaging.shared.datamodel.action.CountryCodeDetectorAction-CountryCodeDetectorAction:292856906003
03-11 18:38:41.681 22429 22429 W BugleDataModel: java.lang.IllegalStateException: Not allowed to start service Intent { cmp=com.google.android.apps.messaging/.shared.datamodel.action.execution.ActionExecutorImpl$EmptyService }: app is in background uid UidRecord{f6adbc3 u0a86 RCVR idle change:uncached procs:1 seq(0,0,0)}
03-11 18:38:41.681 22429 22429 W BugleDataModel: 	at android.app.ContextImpl.startServiceCommon(ContextImpl.java:1577)
03-11 18:38:41.681 22429 22429 W BugleDataModel: 	at android.app.ContextImpl.startService(ContextImpl.java:1532)
03-11 18:38:41.681 22429 22429 W BugleDataModel: 	at android.content.ContextWrapper.startService(ContextWrapper.java:664)
03-11 18:38:41.681 22429 22429 W BugleDataModel: 	at com.google.android.apps.messaging.shared.datamodel.action.execution.ActionExecutorImpl.c(SourceFile:115)
03-11 18:38:41.681 22429 22429 W BugleDataModel: 	at com.google.android.apps.messaging.shared.datamodel.action.execution.ActionExecutorImpl.a(SourceFile:21)
03-11 18:38:41.681 22429 22429 W BugleDataModel: 	at com.google.android.apps.messaging.shared.datamodel.action.execution.ActionExecutorImpl.b(SourceFile:17)
03-11 18:38:41.681 22429 22429 W BugleDataModel: 	at dll.c(SourceFile:97)
03-11 18:38:41.681 22429 22429 W BugleDataModel: 	at dll.a(SourceFile:52)
03-11 18:38:41.681 22429 22429 W BugleDataModel: 	at dky.b(SourceFile:55)
03-11 18:38:41.681 22429 22429 W BugleDataModel: 	at dky.a(SourceFile:24)
03-11 18:38:41.681 22429 22429 W BugleDataModel: 	at com.google.android.apps.messaging.shared.datamodel.action.common.ThrottledAction.schedule(SourceFile:39)
03-11 18:38:41.681 22429 22429 W BugleDataModel: 	at cwr.a(SourceFile:4)
03-11 18:38:41.681 22429 22429 W BugleDataModel: 	at fhy.a(SourceFile:6)
03-11 18:38:41.681 22429 22429 W BugleDataModel: 	at fay.onReceive(SourceFile:12)
03-11 18:38:41.681 22429 22429 W BugleDataModel: 	at fja.onReceive(SourceFile:5)
03-11 18:38:41.681 22429 22429 W BugleDataModel: 	at fhy.onReceive(SourceFile:8)
03-11 18:38:41.681 22429 22429 W BugleDataModel: 	at android.app.LoadedApk$ReceiverDispatcher$Args.lambda$getRunnable$0(LoadedApk.java:1391)
03-11 18:38:41.681 22429 22429 W BugleDataModel: 	at android.app.-$$Lambda$LoadedApk$ReceiverDispatcher$Args$_BumDX2UKsnxLVrE6UJsJZkotuA.run(Unknown Source:2)
03-11 18:38:41.681 22429 22429 W BugleDataModel: 	at android.os.Handler.handleCallback(Handler.java:873)
03-11 18:38:41.681 22429 22429 W BugleDataModel: 	at android.os.Handler.dispatchMessage(Handler.java:99)
03-11 18:38:41.681 22429 22429 W BugleDataModel: 	at android.os.Looper.loop(Looper.java:193)
03-11 18:38:41.681 22429 22429 W BugleDataModel: 	at android.app.ActivityThread.main(ActivityThread.java:6718)
03-11 18:38:41.681 22429 22429 W BugleDataModel: 	at java.lang.reflect.Method.invoke(Native Method)
03-11 18:38:41.681 22429 22429 W BugleDataModel: 	at com.android.internal.os.RuntimeInit$MethodAndArgsCaller.run(RuntimeInit.java:493)
03-11 18:38:41.681 22429 22429 W BugleDataModel: 	at com.android.internal.os.ZygoteInit.main(ZygoteInit.java:858)
03-11 18:38:41.682 22429 22429 I BugleAction: ActionSchedulerImpl: class com.google.android.apps.messaging.shared.datamodel.action.CountryCodeDetectorAction-CountryCodeDetectorAction:292856906003 deferred since it was started from unsafe context
03-11 18:38:41.689 22429 22429 I Bugle   : Carrier config changed. Reloading MMS config.
03-11 18:38:41.707 22429 22477 W Bugle   : BuglePhoneNumberUtils: canonicalizeMccMnc: invalid mccmnc. mcc: null, mnc: null
03-11 18:38:41.717 22429 22477 W Bugle   : Obsolete carrier config resource: maxMessageSize res: 1228800, sys: 1258291
03-11 18:38:41.718 22429 22477 I Bugle   : Carrier configs loaded: Bundle[{carrier_volte_provisioned_bool=true, disable_charge_indication_bool=false, httpSocketTimeout=60000, carrier_wfc_supports_wifi_only_bool=false, carrier_default_actions_on_default_network_available_string_array=[Ljava.lang.String;@709f5c5, operator_selection_expand_bool=true, disable_cdma_activation_code_bool=true, simplified_network_settings_bool=false, call_barring_visibility_bool=false, enable_apps_string_array=[Ljava.lang.String;@37ddb1a, carrier_default_wfc_ims_roaming_enabled_bool=false, cdma_nonroaming_networks_string_array=null, aliasMinChars=2, wfc_data_spn_format_idx_int=0, hide_sim_lock_settings_bool=false, drop_video_call_when_answering_audio_call_bool=true, ci_action_on_sys_update_bool=true, convert_cdma_caller_id_mmi_codes_while_roaming_on_3gpp_bool=true, support_enhanced_call_blocking_bool=false, vvm_port_number_int=0, carrier_default_wfc_ims_enabled_bool=false, dial_string_replace_string_array=[Ljava.lang.String;@574664b, gsm_nonroaming_networks_string_array=null, hide_ims_apn_bool=false, vvm_destination_number_string=, dtmf_type_enabled_bool=true, allow_video_calling_fallback_bool=true, config_ims_package_override_string=com.google.android.ims, smsToMmsTextThreshold=7, disable_severe_when_extreme_disabled_bool=false, force_home_network_bool=false, enableSMSDeliveryReports=true, auto_retry_enabled_bool=false, play_call_recording_tone_bool=false, emailGatewaySmsToMmsTextThreshold=1, carrier_force_disable_etws_cmas_test_bool=false, allow_emergency_video_calls_bool=false, csp_enabled_bool=false, default_sim_call_manager_string=, call_forwarding_blocks_while_roaming_string_array=[Ljava.lang.String;@2bc9828, emergency_notification_delay_int=-1, support_video_conference_call_bool=false, ims_dtmf_tone_delay_int=0, show_signal_strength_in_sim_status_bool=true, data_rapid_notification_bool=true, carrier_instant_lettering_escaped_chars_string=, carrier_default_wfc_ims_roaming_mode_int=1, editable_wfc_mode_bool=false, support_direct_fdn_dialing_bool=false, carrier_wifi_string_array=[Ljava.lang.String;@7992941, treat_downgraded_video_calls_as_video_calls_bool=true, wifi_calls_can_be_hd_audio=false, support_downgrade_vt_to_audio_bool=false, notify_handover_video_from_lte_to_wifi_bool=true, use_otasp_for_provisioning_bool=false, always_play_remote_hold_tone_bool=false, maxMessageTextSize=-1, duration_blocking_disabled_after_emergency_int=7200, carrier_metered_roaming_apn_types_strings=[Ljava.lang.String;@e8ee6, additional_settings_call_waiting_visibility_bool=true, show_video_call_charges_alert_dialog_bool=false, carrier_network_service_wlan_package_override_string=, show_apn_setting_cdma_bool=true, carrier_instant_lettering_length_limit_int=64, carrier_instant_lettering_invalid_chars_string=, carrier_setup_app_string=com.google.android.carriersetup/.VzwSetupActivity, editable_wfc_roaming_mode_bool=true, supportMmsContentDisposition=true, support_manage_ims_conference_call_bool=true, allow_non_emergency_calls_in_ecm_bool=true, carrier_data_service_wlan_package_override_string=, use_rcs_presence_bool=true, config_telephony_use_own_number_for_voicemail_bool=false, cdma_dtmf_tone_delay_int=100, editable_voicemail_number_bool=false, carrier_data_call_apn_retry_after_disconnect_long=10000, filtered_cnap_names_string_array=[Ljava.lang.String;@1a11c27, enabledTransID=true, aliasEnabled=true, vvm_disabled_capabilities_string_array=null, check_pricing_with_carrier_data_roaming_bool=false, maxFrameRate=15, call_barring_supports_deactivate_all_bool=true, ims_conference_size_limit_int=5, identify_high_definition_calls_in_call_log_bool=false, call_barring_supports_password_change_bool=true, supportHttpCharsetHeader=false, vvm_prefetch_bool=true, hide_enhanced_4g_lte_bool=false, display_hd_audio_property_bool=true, has_in_call_noise_suppression_bool=false, enhanced_4g_lte_on_by_default_bool=true, data_limit_notification_bool=true, voicemail_notification_persistent_bool=true, carrier_default_actions_on_reset_string_array=[Ljava.lang.String;@5570ed4, world_phone_bool=fa
03-11 18:38:41.750   913   975 I ActivityManager: Start proc 22504:com.google.android.apps.messaging:rcs/u0a86 for broadcast com.google.android.apps.messaging/com.google.android.ims.library.phenotype.PhenotypeConfigurationReceiver
03-11 18:38:41.769 22504 22504 E s.messaging:rc: Not starting debugger since process cannot load the jdwp agent.
03-11 18:38:41.817 22504 22504 I s.messaging:rc: The ClassLoaderContext is a special shared library.
03-11 18:38:42.004 22504 22504 I MultiDex: VM with version 2.1.0 has multidex support
03-11 18:38:42.004 22504 22504 I MultiDex: install
03-11 18:38:42.004 22504 22504 I MultiDex: VM has multidex support, MultiDex support library is disabled.
03-11 18:38:42.101 22504 22521 I Bugle   : GServicesValues:
03-11 18:38:42.101 22504 22521 I Bugle   : bugle_enable_primes_crash_metrics: true
03-11 18:38:42.101 22504 22521 I Bugle   : bugle_max_telemetry_upload_retries: 10
03-11 18:38:42.101 22504 22521 I Bugle   : bugle_sticker_set_list_version: 3
03-11 18:38:42.133 22429 22483 W Bugle   : BuglePhoneNumberUtils: canonicalizeMccMnc: invalid mccmnc. mcc: null, mnc: null
03-11 18:38:42.159 22429 22483 W Bugle   : Obsolete carrier config resource: maxMessageSize res: 1228800, sys: 1258291
03-11 18:38:42.159 22429 22483 I Bugle   : Carrier configs loaded: Bundle[{carrier_volte_provisioned_bool=true, disable_charge_indication_bool=false, httpSocketTimeout=60000, carrier_wfc_supports_wifi_only_bool=false, carrier_default_actions_on_default_network_available_string_array=[Ljava.lang.String;@fa2e2a0, operator_selection_expand_bool=true, disable_cdma_activation_code_bool=true, simplified_network_settings_bool=false, call_barring_visibility_bool=false, enable_apps_string_array=[Ljava.lang.String;@1276e59, carrier_default_wfc_ims_roaming_enabled_bool=false, cdma_nonroaming_networks_string_array=null, aliasMinChars=2, wfc_data_spn_format_idx_int=0, hide_sim_lock_settings_bool=false, drop_video_call_when_answering_audio_call_bool=true, ci_action_on_sys_update_bool=true, convert_cdma_caller_id_mmi_codes_while_roaming_on_3gpp_bool=true, support_enhanced_call_blocking_bool=false, vvm_port_number_int=0, carrier_default_wfc_ims_enabled_bool=false, dial_string_replace_string_array=[Ljava.lang.String;@33f4a1e, gsm_nonroaming_networks_string_array=null, hide_ims_apn_bool=false, vvm_destination_number_string=, dtmf_type_enabled_bool=true, allow_video_calling_fallback_bool=true, config_ims_package_override_string=com.google.android.ims, smsToMmsTextThreshold=7, disable_severe_when_extreme_disabled_bool=false, force_home_network_bool=false, enableSMSDeliveryReports=true, auto_retry_enabled_bool=false, play_call_recording_tone_bool=false, emailGatewaySmsToMmsTextThreshold=1, carrier_force_disable_etws_cmas_test_bool=false, allow_emergency_video_calls_bool=false, csp_enabled_bool=false, default_sim_call_manager_string=, call_forwarding_blocks_while_roaming_string_array=[Ljava.lang.String;@bbbe2ff, emergency_notification_delay_int=-1, support_video_conference_call_bool=false, ims_dtmf_tone_delay_int=0, show_signal_strength_in_sim_status_bool=true, data_rapid_notification_bool=true, carrier_instant_lettering_escaped_chars_string=, carrier_default_wfc_ims_roaming_mode_int=1, editable_wfc_mode_bool=false, support_direct_fdn_dialing_bool=false, carrier_wifi_string_array=[Ljava.lang.String;@e6388cc, treat_downgraded_video_calls_as_video_calls_bool=true, wifi_calls_can_be_hd_audio=false, support_downgrade_vt_to_audio_bool=false, notify_handover_video_from_lte_to_wifi_bool=true, use_otasp_for_provisioning_bool=false, always_play_remote_hold_tone_bool=false, maxMessageTextSize=-1, duration_blocking_disabled_after_emergency_int=7200, carrier_metered_roaming_apn_types_strings=[Ljava.lang.String;@dd79715, additional_settings_call_waiting_visibility_bool=true, show_video_call_charges_alert_dialog_bool=false, carrier_network_service_wlan_package_override_string=, show_apn_setting_cdma_bool=true, carrier_instant_lettering_length_limit_int=64, carrier_instant_lettering_invalid_chars_string=, carrier_setup_app_string=com.google.android.carriersetup/.VzwSetupActivity, editable_wfc_roaming_mode_bool=true, supportMmsContentDisposition=true, support_manage_ims_conference_call_bool=true, allow_non_emergency_calls_in_ecm_bool=true, carrier_data_service_wlan_package_override_string=, use_rcs_presence_bool=true, config_telephony_use_own_number_for_voicemail_bool=false, cdma_dtmf_tone_delay_int=100, editable_voicemail_number_bool=false, carrier_data_call_apn_retry_after_disconnect_long=10000, filtered_cnap_names_string_array=[Ljava.lang.String;@411ea2a, enabledTransID=true, aliasEnabled=true, vvm_disabled_capabilities_string_array=null, check_pricing_with_carrier_data_roaming_bool=false, maxFrameRate=15, call_barring_supports_deactivate_all_bool=true, ims_conference_size_limit_int=5, identify_high_definition_calls_in_call_log_bool=false, call_barring_supports_password_change_bool=true, supportHttpCharsetHeader=false, vvm_prefetch_bool=true, hide_enhanced_4g_lte_bool=false, display_hd_audio_property_bool=true, has_in_call_noise_suppression_bool=false, enhanced_4g_lte_on_by_default_bool=true, data_limit_notification_bool=true, voicemail_notification_persistent_bool=true, carrier_default_actions_on_reset_string_array=[Ljava.lang.String;@775b01b, world_phone_bool=
03-11 18:38:42.164 21137 21137 E adbd    : failed to connect to socket 'tcp:6666': Connection refused
03-11 18:38:42.246 22429 22429 D Bugle   : EmojiCompat initialized
03-11 18:38:42.249 22504 22504 W BugleStartup: StartupHandler: ContentProvider startup tasks did not execute before Application onCreate(), executed in onApplicationCreated().
03-11 18:38:42.256 22504 22504 I Bugle   : BugleApplicationBase: Bugle version: 4.0.054 (dragon_rc17_xxhdpi.arm64-v8a.phone)
03-11 18:38:42.284   913  5590 I ActivityManager: Killing 21190:com.google.android.gms.learning/u0a18 (adj 906): empty #17
03-11 18:38:42.285   913   978 W libprocessgroup: kill(-21190, 9) failed: No such process
03-11 18:38:42.313  2004 22482 I PTCommittedOperation: Receive new configuration for com.google.android.gms.cast
03-11 18:38:42.317   664   664 I Zygote  : Process 21190 exited due to signal (9)
03-11 18:38:42.328   913   978 W libprocessgroup: kill(-21190, 9) failed: No such process
03-11 18:38:42.328   913   978 I libprocessgroup: Successfully killed process cgroup uid 10018 pid 21190 in 43ms
03-11 18:38:42.356  2004 22479 I PTCommittedOperation: Receive new configuration for com.google.android.gms.icing
03-11 18:38:42.450 22429 22486 W native  : commandlineflags.cc:1028 Ignoring RegisterValidateFunction() for flag pointer 0x73ea3e65e8: no flag found at that address
03-11 18:38:42.453 22504 22528 W native  : commandlineflags.cc:1028 Ignoring RegisterValidateFunction() for flag pointer 0x73eb7605e8: no flag found at that address
03-11 18:38:42.472 22504 22528 W native  : commandlineflags.cc:1028 Ignoring RegisterValidateFunction() for flag pointer 0x73eb0b98d8: no flag found at that address
03-11 18:38:42.477 22429 22486 W native  : commandlineflags.cc:1028 Ignoring RegisterValidateFunction() for flag pointer 0x73e9d378d8: no flag found at that address
03-11 18:38:42.505 22429 22486 W native  : commandlineflags.cc:1028 Ignoring RegisterValidateFunction() for flag pointer 0x73e9c14758: no flag found at that address
03-11 18:38:42.506 22504 22528 W native  : commandlineflags.cc:1028 Ignoring RegisterValidateFunction() for flag pointer 0x73eaf82758: no flag found at that address
03-11 18:38:42.560 22504 22528 W native  : commandlineflags.cc:1028 Ignoring RegisterValidateFunction() for flag pointer 0x73eade44e8: no flag found at that address
03-11 18:38:42.565 22429 22486 W native  : commandlineflags.cc:1028 Ignoring RegisterValidateFunction() for flag pointer 0x73e9a644e8: no flag found at that address
03-11 18:38:42.638 22429 22490 I BugleRcsEngine: [8398] ncn.a: Initializing SimStateTracker
03-11 18:38:42.653 22429 22502 I BugleRcsEngine: [8406] ncn.c: Processing an intent
03-11 18:38:42.662 22429 22502 I BugleRcsEngine: [8406] ncn.handleSimState: SIM state LOADED
03-11 18:38:42.713 22429 22502 I BugleRcsEngine: [8406] ncn.updateSimInfo: SIM changed: false. current id: [k2ZNG7aEY7Nnzv0OrALSdHL2fkM]; stored id: [k2ZNG7aEY7Nnzv0OrALSdHL2fkM]; isFiDevice: false
03-11 18:38:42.729 22429 22490 W Bugle   : BuglePhoneNumberUtils: canonicalizeMccMnc: invalid mccmnc. mcc: null, mnc: null
03-11 18:38:42.739 22429 22490 W Bugle   : Obsolete carrier config resource: maxMessageSize res: 1228800, sys: 1258291
