03-11 18:35:10.438  1044 26216 V APM_AudioPolicyManager: getNewOutputDevice() selected device 0
03-11 18:35:10.438  1044 26216 V APM_AudioPolicyManager: ### curdevice : 2
03-11 18:35:10.438  1044 26216 V APM_AudioPolicyManager: getAudioPolicyConfig: audioParam;outDevice
03-11 18:35:10.438  1044 26216 V APM_AudioPolicyManager: getNewOutputDevice() selected device 0
03-11 18:35:10.438  1044 26216 V APM_AudioPolicyManager: ### curdevice : 2
03-11 18:35:10.448  1044 26216 V APM_AudioPolicyManager: getAudioPolicyConfig: audioParam;activeStream
03-11 18:35:10.448  1044 26216 V APM_AudioPolicyManager: ### active stream : 8
03-11 18:35:10.448  1865  9170 D AudioService: active stream is 0x8
03-11 18:35:10.451  3108  3108 D vol.SecVolumeDialogImpl: STREAM_MUSIC onProgressChanged 1057 fromUser=false
03-11 18:35:10.458  1044 26216 V APM_AudioPolicyManager: getAudioPolicyConfig: audioParam;activeStream
03-11 18:35:10.459  1044 26216 V APM_AudioPolicyManager: ### active stream : 8
03-11 18:35:10.459  1865  9170 D AudioService: active stream is 0x8
03-11 18:35:10.459  1865  9170 D AudioService: GetAppDevice, uid=1000
03-11 18:35:10.459  1865  9170 D AudioService: getStreamVolume 3 index 100
03-11 18:35:10.468  3108  3108 D vol.SecVolumeDialogImpl: STREAM_MUSIC onProgressChanged 1011 fromUser=false
03-11 18:35:10.489  1865  2511 D InputReader: Input event(4): value=1 when=358273454619000
03-11 18:35:10.490  1865  2511 D CombinationKeyManager: Accessibility Shortcut unAvailable
03-11 18:35:10.491  3108  3108 D vol.SecVolumeDialogImpl: STREAM_MUSIC onProgressChanged 1000 fromUser=false
03-11 18:35:10.491  1865  2511 D WindowManager: interceptKeyTq s_result=1
03-11 18:35:10.505  1865  2510 D WindowManager: interceptKeyTi s_result = 133
03-11 18:35:10.506  1865  2510 D InputDispatcher: We will try again in 133 msec by PWM
03-11 18:35:10.531  1865  1865 D TelephonyManager: getCellLocation : Caller (PID / UID / TID): 1865 / 1000 / 1865
03-11 18:35:10.538  3108  3336 D NetworkController.MobileSignalController(0/1): onSignalStrengthsChanged signalStrength=SignalStrength: 99 99 -120 -160 -120 -1 -1 22 -99 -11 96 2147483647 0 2147483647 0x3000 P gsm|lte level=3
03-11 18:35:10.544  3108  3336 D NetworkController.MobileSignalController(0/1): getMobileIconGroup(): 13
03-11 18:35:10.545  3108  3336 D NetworkController.MobileSignalController(0/1): updateVZWMobileIconGroup(): 13
03-11 18:35:10.547  1865  9170 D GameManagerService: identifyGamePackage. com.TeamNA.GiftGame
03-11 18:35:10.547  1865  9170 D GamePkgDataHelper: getGamePkgData(). com.TeamNA.GiftGame
03-11 18:35:10.547  3410  3873 D EPDG -- SIM0 [SMARTWIFI]: onSignalStrengthsChanged: Received signal strength change, phone type is: 2
03-11 18:35:10.547  3410  5492 D EPDG -- SIM0 [SMARTWIFI]: lastLteRSRP is -98currentLteRSRP is -99
03-11 18:35:10.547  3410  5492 D EPDG -- SIM0 [SMARTWIFI]: lastLteRSRQ is -11currentLteRSRQ is -11
03-11 18:35:10.548  3410  5492 D EPDG -- SIM0 [SMARTWIFI]: lastCdmaDb is -16currentCdmaDb is -16
03-11 18:35:10.548  3410  5492 V EPDG -- SIM0 [SMARTWIFI]: Radio oldest entry removed
03-11 18:35:10.548  3410  5492 V EPDG -- SIM0 [SMARTWIFI]: New entry : (SignalStrength: 99 99 -120 -160 -120 -1 -1 22 -99 -11 96 2147483647 0 2147483647 0x3000 P gsm|lte : 0 )
03-11 18:35:10.548  3410  5492 V EPDG -- SIM0 [SMARTWIFI]: Radio entry added
03-11 18:35:10.554 27710 27710 D UE4     : === Restoring Transparent Bars ===
03-11 18:35:10.566  3108  3336 D NetworkController.MobileSignalController(0/1): callState:0, callStateByPhone:false voLTECall:false voiceNetTpe:13 dataNetType:13, ine911:false, emergencyCallbackMode:false
03-11 18:35:10.600 27710 27710 D UE4     : === Restoring Transparent Bars ===
03-11 18:35:10.617  1865  2511 D InputReader: Input event(4): value=0 when=358273582709000
03-11 18:35:10.623  1865  2511 D WindowManager: interceptKeyTq s_result=1
03-11 18:35:10.629  1004  1004 E audit   : type=1400 audit(1552347310.618:66312): avc:  denied  { read } for  pid=27710 comm="Thread-2" name="stat" dev="proc" ino=4026532368 scontext=u:r:untrusted_app:s0:c512,c768 tcontext=u:object_r:proc_stat:s0 tclass=file permissive=0 SEPF_SM-G930V_8.0.0_0016 audit_filtered
03-11 18:35:10.629  1004  1004 E audit   : type=1300 audit(1552347310.618:66312): arch=40000028 syscall=322 per=8 success=no exit=-13 a0=ffffff9c a1=c4c39b38 a2=20000 a3=0 items=0 ppid=1027 pid=27710 auid=4294967295 uid=10576 gid=10576 euid=10576 suid=10576 fsuid=10576 egid=10576 sgid=10576 fsgid=10576 tty=(none) ses=4294967295 comm="Thread-2" exe="/system/bin/app_process32" subj=u:r:untrusted_app:s0:c512,c768 key=(null)
03-11 18:35:10.629  1004  1004 E audit   : type=1327 audit(1552347310.618:66312): proctitle="com.TeamNA.GiftGame"
03-11 18:35:10.640  1865  2510 I InputDispatcher: Delivering key to (27710): action: 0x0 (0)
03-11 18:35:10.641 27710 27759 V threaded_app: New input event: type=1
03-11 18:35:10.642  3090  3090 I SKBD    : SamsungKeypad [HWKeyboard] This input is not processed by SKBD.
03-11 18:35:10.643  1865  2510 D InputDispatcher: Waiting for application to become ready for input: 27710.  Reason: Waiting to send key event because the focused window has not finished processing all of the input events that were previously delivered to it.  Outbound queue length: 0.  Wait queue length: 1.
03-11 18:35:10.643  3090  3090 I SKBDC   : TymeCore cASl
03-11 18:35:10.643  3090  3090 I SKBDC   : ?? 50
03-11 18:35:10.643  3090  3090 D InputMethodService: onKeyDown not B key
03-11 18:35:10.645 27710 27759 V threaded_app: New input event: type=1
03-11 18:35:10.645 27710 27759 D UE4     : Received keycode: 25, softkey: 0
03-11 18:35:10.645 27710 27759 D UE4     : Received key event: 25
03-11 18:35:10.646 27710 27710 D ViewRootImpl@f1c9a4b[GameActivity]: ViewPostIme key 0
03-11 18:35:10.646 27710 27710 D UE4     : === Restoring Transparent Bars due to KeyCode ===
03-11 18:35:10.646 27710 27710 D UE4     : === Restoring Transparent Bars ===
03-11 18:35:10.647  1865  2850 D MediaSessionService: dispatchVolumeKeyEvent, pid=27710, uid=10576, event=KeyEvent { action=ACTION_DOWN, keyCode=KEYCODE_VOLUME_DOWN, scanCode=114, metaState=0, flags=0x8, repeatCount=0, eventTime=358273454, downTime=358273454, deviceId=4, displayId=0, source=0x101 }
03-11 18:35:10.648  1865  2850 D MediaSessionService: Adjusting null by -1. flags=4113, suggestedStream=3, preferSuggestedStream=true
03-11 18:35:10.650  1865  2510 I InputDispatcher: Delivering key to (27710): action: 0x1 (0)
03-11 18:35:10.652 27710 27759 V threaded_app: New input event: type=1
03-11 18:35:10.656  3108 29572 D vol.VolumeDialogControl.VC: isSafeVolumeDialogShowing : false
03-11 18:35:10.657  3136  3136 E adbd    : recv: OPEN 00000687 00000000 0010:73 68 65 6C 6C 2C 76 32 2C 72 61 77 3A 70 73 00 
03-11 18:35:10.658  3136  3136 E adbd    : service_to_fd: shell,v2,raw:ps
03-11 18:35:10.658  1865  1865 D AudioService: isEnabled
03-11 18:35:10.658  3108 29572 D vol.VolumeDialogControl.VC: isSafeVolumeDialogShowing : false
03-11 18:35:10.660  1044 26216 V APM_AudioPolicyManager: getAudioPolicyConfig: audioParam;isFMRadioRecording
03-11 18:35:10.660  1044 26216 V APM_AudioPolicyManager: FM radio recording off
03-11 18:35:10.661 27710 27710 D UE4     : === Restoring Transparent Bars ===
03-11 18:35:10.662  3090  3090 D InputMethodService: onKeyUp not B key
03-11 18:35:10.662 27710 27759 V threaded_app: New input event: type=1
03-11 18:35:10.662 27710 27759 D UE4     : Received keycode: 25, softkey: 0
03-11 18:35:10.662 27710 27759 D UE4     : Received key event: 25
03-11 18:35:10.663 27710 27710 D ViewRootImpl@f1c9a4b[GameActivity]: ViewPostIme key 1
03-11 18:35:10.666  3108 29572 D vol.VolumeDialogControl.VC: isSafeVolumeDialogShowing : false
03-11 18:35:10.670  1865  2850 D MediaSessionService: dispatchVolumeKeyEvent, pid=27710, uid=10576, event=KeyEvent { action=ACTION_UP, keyCode=KEYCODE_VOLUME_DOWN, scanCode=114, metaState=0, flags=0x8, repeatCount=0, eventTime=358273582, downTime=358273454, deviceId=4, displayId=0, source=0x101 }
03-11 18:35:10.671  1865  2949 I AudioService: isMediaSilentMode false
03-11 18:35:10.671  3108 29572 D vol.VolumeDialogControl.VC: volumeChanged STREAM_MUSIC SHOW_UI,VIBRATE,FROM_KEY
03-11 18:35:10.672  1044  1044 V APM_AudioPolicyManager: setStreamVolumeIndex() stream 3, device 00000002, index 9
03-11 18:35:10.673 27918 27918 E propClient: PropClient failed to load
03-11 18:35:10.673  1044  2094 I AudioSAEffectSecPlus: command EFFECT_CMD_SET_VOLUME left = 0.112061, right =0.112061
03-11 18:35:10.673  1044  2094 I SoundAlive_PrePost: [ -282568960 ][ 48000 ]Exe_Pre() mRequiredPreVolume is changed - dB : -19.010172  mRequiredPreVolume : -10.010172
03-11 18:35:10.674  1044  2094 I SoundAlive_PrePost: [ -282568960 ][ 48000 ]Exe_Pre() mRequiredPreGain is changed - dB : -19.010172  mRequiredPreGain : 0.000000
03-11 18:35:10.674  1865  1865 I FMRadioService: *** mVolumeEventReceiver: ACTION  - android.media.VOLUME_CHANGED_ACTION
03-11 18:35:10.674  1044  2094 I SoundAlive_PrePost: [ -282568960 ][ 48000 ]Exe_Post() mRequiredPostVolume is changed - dB : -19.010172  mRequiredPostVolume : -9.000000
03-11 18:35:10.674  1044  2094 I SoundAlive_PrePost: [ -282568960 ][ 48000 ]Exe_Post() mRequiredPostGain is changed - dB : -19.010172  mRequiredPostGain : 0.000000
03-11 18:35:10.674  1865  1865 I FMRadioService: Stream: 3  and volume: 9
03-11 18:35:10.675  1865  2073 W BroadcastQueue: Background execution not allowed: receiving Intent { act=android.media.VOLUME_CHANGED_ACTION flg=0x14000010 (has extras) } to com.samsung.android.game.gamehome/.receiver.VolumeControlReceiver
03-11 18:35:10.679  1865  5655 D AudioService: GetAppDevice, uid=10016
03-11 18:35:10.681  1044  1044 V APM_AudioPolicyManager: setStreamVolumeIndex() stream 11, device 00000002, index 9
03-11 18:35:10.681  1044  1044 V APM_AudioPolicyManager: setStreamVolumeIndex() stream 11, device 00000002, index 9
03-11 18:35:10.684  1044 26216 V APM_AudioPolicyManager: getAudioPolicyConfig: audioParam;activeStream
03-11 18:35:10.684  1044 26216 V APM_AudioPolicyManager: ### active stream : 8
03-11 18:35:10.684  1865  2850 D AudioService: active stream is 0x8
03-11 18:35:10.685  1865  2850 D MediaSessionService: Adjusting null by 0. flags=4116, suggestedStream=3, preferSuggestedStream=true
03-11 18:35:10.688 27710 27710 D UE4     : OnReceive VOLUME_CHANGED_ACTION
03-11 18:35:10.689 27710 27710 D UE4     : nativeVolumeEvent(9)
03-11 18:35:10.690  3108  3108 D vol.SecVolumeDialogImpl: rescheduleTimeout 1500 com.android.systemui.volume.SecVolumeDialogImpl$Accessibility.onRequestSendAccessibilityEvent:2908
03-11 18:35:10.691  1044  1044 V APM_AudioPolicyManager: setStreamVolumeIndex() stream 10, device 00000002, index 9
03-11 18:35:10.693  1044  1044 V APM_AudioPolicyManager: setStreamVolumeIndex() stream 9, device 00000002, index 9
03-11 18:35:10.693 27918 27918 E propClient: PropClient failed to load
03-11 18:35:10.696  3108 29572 D vol.VolumeDialogControl.VC: isSafeVolumeDialogShowing : false
03-11 18:35:10.698 27710 27710 D UE4     : === Restoring Transparent Bars ===
03-11 18:35:10.700  1865  5655 D AudioService: getStreamVolume 3 index 90
03-11 18:35:10.701  1865  1865 D AudioService: isEnabled
03-11 18:35:10.702  1865  5099 D AudioService: getStreamVolume 4 index 110
03-11 18:35:10.702  3108 29572 D vol.VolumeDialogControl.VC: isSafeVolumeDialogShowing : false
03-11 18:35:10.704  1865  5099 D AudioService: GetAppDevice, uid=1000
03-11 18:35:10.704  1865  5595 D AudioService: getStreamVolume 3 index 90
03-11 18:35:10.704  3108  3341 I vol.Events: writeEvent level_changed STREAM_MUSIC 900
03-11 18:35:10.704  1044  1044 V APM_AudioPolicyManager: getAudioPolicyConfig: audioParam;isFMRadioRecording
03-11 18:35:10.704  3108  3341 D vol.VolumeDialogControl: onVolumeChangedW stream = 3, flags = 4113, lastAudibleStreamVolume = 900
03-11 18:35:10.705  3108  3341 I vol.Events: writeEvent key STREAM_MUSIC 900
03-11 18:35:10.705  1865  5595 D PowerManagerService: [api] [s] userActivity : event: 0 flags: 0 (uid: 10063 pid: 3108) eventTime = 358273670
03-11 18:35:10.705  1865  5099 D AudioService: getStreamVolume 3 index 90
03-11 18:35:10.706  3108  3108 D vol.SecVolumeDialogImpl: updateWindowWidth lp.width=1248, mCurrentWindowWidth = 1248
03-11 18:35:10.706  3108  3108 D vol.SecVolumeDialogImpl: onStateChangedH animating=false
03-11 18:35:10.706  3941  3941 V UniSet-Utils: notifySettingsChange: volume_music_speaker
03-11 18:35:10.706  3941  3941 W ContextImpl: Calling a method in the system process without a qualified user: android.app.ContextImpl.sendBroadcast:971 android.content.ContextWrapper.sendBroadcast:447 com.samsung.unifiedsettingservice.Utils.notifySettingsChange:144 com.samsung.unifiedsettingservice.settings.OtherSettings.checkKeyIfDirty:583 com.samsung.unifiedsettingservice.settings.OtherSettings.-wrap0:0 
03-11 18:35:10.709  1044  1044 V APM_AudioPolicyManager: FM radio recording off
03-11 18:35:10.709  1865  5655 D AudioService: getStreamVolume 5 index 0
03-11 18:35:10.711  1865  5655 D AudioService: getStreamVolume 1 index 0
03-11 18:35:10.712  1865  5655 D AudioService: getStreamVolume 6 index 70
03-11 18:35:10.715  3108 29572 D vol.VolumeDialogControl.VC: volumeChanged STREAM_MUSIC VIBRATE,FROM_KEY
03-11 18:35:10.716  1865  5655 D AudioService: getStreamVolume 3 index 90
03-11 18:35:10.717  3108  3108 D vol.SecVolumeDialogImpl: updateVolumeRowH s=2, ss.level : 0, row.lastAudibleLevel : 1, row.ss.muted : true
03-11 18:35:10.717  3108  3108 D vol.SecVolumeDialogImpl: updateVolumeRowH s=3, ss.level : 900, row.lastAudibleLevel : 1000, row.ss.muted : false
03-11 18:35:10.718  3108  3108 D vol.SecVolumeDialogImpl: updateVolumeRowH s=5, ss.level : 0, row.lastAudibleLevel : 1, row.ss.muted : true
03-11 18:35:10.718  3108  3108 D vol.SecVolumeDialogImpl: updateVolumeRowH s=1, ss.level : 0, row.lastAudibleLevel : 6, row.ss.muted : true
03-11 18:35:10.718  3108  3108 D vol.SecVolumeDialogImpl: updateVolumeRowH s=4, ss.level : 11, row.lastAudibleLevel : 11, row.ss.muted : false
03-11 18:35:10.718  3108  3341 D vol.VolumeDialogControl: onVolumeChangedW stream = 3, flags = 4112, lastAudibleStreamVolume = 900
03-11 18:35:10.719  3108  3108 D vol.SecVolumeDialogImpl: updateVolumeRowH s=0, ss.level : 7, row.lastAudibleLevel : 7, row.ss.muted : false
03-11 18:35:10.719  3108  3108 D vol.SecVolumeDialogImpl: updateVolumeRowH s=6, ss.level : 7, row.lastAudibleLevel : 7, row.ss.muted : false
03-11 18:35:10.719  3108  3108 D vol.SecVolumeDialogImpl: updateVolumeRowH s=10, ss.level : 7, row.lastAudibleLevel : 7, row.ss.muted : false
03-11 18:35:10.719  3108  3108 D vol.SecVolumeDialogImpl: updateVolumeRowH s=14, ss.level : 7, row.lastAudibleLevel : 7, row.ss.muted : false
03-11 18:35:10.719  3108  3108 D vol.SecVolumeDialogImpl: updateVolumeRowH s=11, ss.level : 0, row.lastAudibleLevel : 1, row.ss.muted : false
03-11 18:35:10.719  3108  3108 D vol.SecVolumeDialogImpl: updateVolumeRowH s=12, ss.level : 700, row.lastAudibleLevel : 700, row.ss.muted : false
03-11 18:35:10.719  3108  3108 D vol.SecVolumeDialogImpl: showH r=volume_changed, mShowing : true
03-11 18:35:10.719  3108  3108 D vol.SecVolumeDialogImpl: rescheduleTimeout 1500 com.android.systemui.volume.SecVolumeDialogImpl.showH:1273
03-11 18:35:10.720  1865  5099 D AudioService: GetAppDevice, uid=10413
03-11 18:35:10.720  1865  5655 D PowerManagerService: [api] [s] userActivity : event: 0 flags: 0 (uid: 10063 pid: 3108) eventTime = 358273685
03-11 18:35:10.720  1865  5099 D AudioService: getStreamVolume 3 index 90
03-11 18:35:10.727  1865  1865 I FMRadioService: *** mVolumeEventReceiver: ACTION  - android.media.VOLUME_CHANGED_ACTION
03-11 18:35:10.727  1865  1865 I FMRadioService: Stream: 3  and volume: 9
03-11 18:35:10.730 27710 27710 D UE4     : OnReceive VOLUME_CHANGED_ACTION
03-11 18:35:10.730 27710 27710 D UE4     : nativeVolumeEvent(9)
03-11 18:35:10.732  1865  5099 D AudioService: getStreamVolume 4 index 110
03-11 18:35:10.736  1865  5099 D AudioService: GetAppDevice, uid=1000
03-11 18:35:10.740  1865  5099 D AudioService: getStreamVolume 3 index 90
03-11 18:35:10.741  1004  1004 E audit   : type=1400 audit(1552347310.728:66313): avc:  denied  { read } for  pid=27710 comm="Thread-2" name="stat" dev="proc" ino=4026532368 scontext=u:r:untrusted_app:s0:c512,c768 tcontext=u:object_r:proc_stat:s0 tclass=file permissive=0 SEPF_SM-G930V_8.0.0_0016 audit_filtered
03-11 18:35:10.741  1004  1004 E audit   : type=1300 audit(1552347310.728:66313): arch=40000028 syscall=322 per=8 success=no exit=-13 a0=ffffff9c a1=c4c39b38 a2=20000 a3=0 items=0 ppid=1027 pid=27710 auid=4294967295 uid=10576 gid=10576 euid=10576 suid=10576 fsuid=10576 egid=10576 sgid=10576 fsgid=10576 tty=(none) ses=4294967295 comm="Thread-2" exe="/system/bin/app_process32" subj=u:r:untrusted_app:s0:c512,c768 key=(null)
03-11 18:35:10.741  1004  1004 E audit   : type=1327 audit(1552347310.728:66313): proctitle="com.TeamNA.GiftGame"
03-11 18:35:10.750  1865  2511 D InputReader: Input event(4): value=1 when=358273715904000
03-11 18:35:10.751  1865  2511 D CombinationKeyManager: Accessibility Shortcut unAvailable
03-11 18:35:10.752  1865  2511 D WindowManager: interceptKeyTq s_result=1
03-11 18:35:10.758  1865  5655 D AudioService: getStreamVolume 5 index 0
03-11 18:35:10.758  1865  2510 D WindowManager: interceptKeyTi s_result = 141
03-11 18:35:10.758  1865  2510 D InputDispatcher: We will try again in 141 msec by PWM
03-11 18:35:10.760  1865  5655 D AudioService: getStreamVolume 1 index 0
03-11 18:35:10.762  3108  3108 D vol.SecVolumeDialogImpl: STREAM_MUSIC onProgressChanged 963 fromUser=false
03-11 18:35:10.763  1865  5595 D AudioService: getStreamVolume 6 index 70
03-11 18:35:10.770  3108  3108 D vol.SecVolumeDialogImpl: STREAM_MUSIC onProgressChanged 934 fromUser=false
03-11 18:35:10.776  1865  5595 W BroadcastQueue: Background execution not allowed: receiving Intent { act=android.media.VOLUME_CHANGED_ACTION flg=0x14000010 (has extras) } to com.samsung.android.game.gamehome/.receiver.VolumeControlReceiver
03-11 18:35:10.793  3108  3108 D vol.SecVolumeDialogImpl: STREAM_MUSIC onProgressChanged 915 fromUser=false
03-11 18:35:10.803  3108  3108 D vol.SecVolumeDialogImpl: STREAM_MUSIC onProgressChanged 903 fromUser=false
03-11 18:35:10.819  3108  3108 D vol.SecVolumeDialogImpl: STREAM_MUSIC onProgressChanged 900 fromUser=false
03-11 18:35:10.846  1004  1004 E audit   : type=1400 audit(1552347310.838:66314): avc:  denied  { read } for  pid=27710 comm="Thread-2" name="stat" dev="proc" ino=4026532368 scontext=u:r:untrusted_app:s0:c512,c768 tcontext=u:object_r:proc_stat:s0 tclass=file permissive=0 SEPF_SM-G930V_8.0.0_0016 audit_filtered
03-11 18:35:10.846  1004  1004 E audit   : type=1300 audit(1552347310.838:66314): arch=40000028 syscall=322 per=8 success=no exit=-13 a0=ffffff9c a1=c4c39b38 a2=20000 a3=0 items=0 ppid=1027 pid=27710 auid=4294967295 uid=10576 gid=10576 euid=10576 suid=10576 fsuid=10576 egid=10576 sgid=10576 fsgid=10576 tty=(none) ses=4294967295 comm="Thread-2" exe="/system/bin/app_process32" subj=u:r:untrusted_app:s0:c512,c768 key=(null)
03-11 18:35:10.846  1004  1004 E audit   : type=1327 audit(1552347310.838:66314): proctitle="com.TeamNA.GiftGame"
03-11 18:35:10.852  1865  2511 D InputReader: Input event(4): value=0 when=358273817595000
03-11 18:35:10.855  1865  2511 D WindowManager: interceptKeyTq s_result=1
03-11 18:35:10.891   737  3710 E ANDR-PERF-MPCTL: poll() has timed out for /sys/module/msm_performance/events/cpu_hotplug
03-11 18:35:10.891   737  3710 E ANDR-PERF-MPCTL: Block on poll()
03-11 18:35:10.901  1865  2510 I InputDispatcher: Delivering key to (27710): action: 0x0 (0)
03-11 18:35:10.901  1865  2510 D PowerManagerService: [api] userActivityFromNative : 40 (event: 1 flags: 0) eventTime = 358273817
03-11 18:35:10.902 27710 27759 V threaded_app: New input event: type=1
03-11 18:35:10.902  3090  3090 I SKBD    : SamsungKeypad [HWKeyboard] This input is not processed by SKBD.
03-11 18:35:10.902  3090  3090 I SKBDC   : TymeCore cASl
03-11 18:35:10.903  3090  3090 I SKBDC   : ?? 50
03-11 18:35:10.903  1865  2510 D InputDispatcher: Waiting for application to become ready for input: 27710.  Reason: Waiting to send key event because the focused window has not finished processing all of the input events that were previously delivered to it.  Outbound queue length: 0.  Wait queue length: 1.
03-11 18:35:10.904  3090  3090 D InputMethodService: onKeyDown not B key
03-11 18:35:10.905 27710 27759 V threaded_app: New input event: type=1
03-11 18:35:10.905 27710 27759 D UE4     : Received keycode: 25, softkey: 0
03-11 18:35:10.905 27710 27759 D UE4     : Received key event: 25
03-11 18:35:10.906 27710 27710 D ViewRootImpl@f1c9a4b[GameActivity]: ViewPostIme key 0
03-11 18:35:10.906 27710 27710 D UE4     : === Restoring Transparent Bars due to KeyCode ===
03-11 18:35:10.906 27710 27710 D UE4     : === Restoring Transparent Bars ===
03-11 18:35:10.907  1865  5595 D MediaSessionService: dispatchVolumeKeyEvent, pid=27710, uid=10576, event=KeyEvent { action=ACTION_DOWN, keyCode=KEYCODE_VOLUME_DOWN, scanCode=114, metaState=0, flags=0x8, repeatCount=0, eventTime=358273715, downTime=358273715, deviceId=4, displayId=0, source=0x101 }
03-11 18:35:10.910  1865  5595 D MediaSessionService: Adjusting null by -1. flags=4113, suggestedStream=3, preferSuggestedStream=true
03-11 18:35:10.914  1865  2510 I InputDispatcher: Delivering key to (27710): action: 0x1 (0)
03-11 18:35:10.916  3108 29572 D vol.VolumeDialogControl.VC: isSafeVolumeDialogShowing : false
03-11 18:35:10.917 27710 27759 V threaded_app: New input event: type=1
03-11 18:35:10.918  1865  1865 D AudioService: isEnabled
03-11 18:35:10.919  3108 29572 D vol.VolumeDialogControl.VC: isSafeVolumeDialogShowing : false
03-11 18:35:10.919  1044 26216 V APM_AudioPolicyManager: getAudioPolicyConfig: audioParam;isFMRadioRecording
03-11 18:35:10.919  1044 26216 V APM_AudioPolicyManager: FM radio recording off
03-11 18:35:10.922  3090  3090 D InputMethodService: onKeyUp not B key
03-11 18:35:10.923 27710 27759 V threaded_app: New input event: type=1
03-11 18:35:10.923 27710 27759 D UE4     : Received keycode: 25, softkey: 0
03-11 18:35:10.923 27710 27759 D UE4     : Received key event: 25
03-11 18:35:10.924 27710 27710 D ViewRootImpl@f1c9a4b[GameActivity]: ViewPostIme key 1
03-11 18:35:10.924  1865  5655 D MediaSessionService: dispatchVolumeKeyEvent, pid=27710, uid=10576, event=KeyEvent { action=ACTION_UP, keyCode=KEYCODE_VOLUME_DOWN, scanCode=114, metaState=0, flags=0x8, repeatCount=0, eventTime=358273817, downTime=358273715, deviceId=4, displayId=0, source=0x101 }
03-11 18:35:10.925  3108 29572 D vol.VolumeDialogControl.VC: isSafeVolumeDialogShowing : false
03-11 18:35:10.931  1865  2949 I AudioService: isMediaSilentMode false
03-11 18:35:10.931  3108 29572 D vol.VolumeDialogControl.VC: volumeChanged STREAM_MUSIC SHOW_UI,VIBRATE,FROM_KEY
03-11 18:35:10.931  1044  1044 V APM_AudioPolicyManager: setStreamVolumeIndex() stream 3, device 00000002, index 8
03-11 18:35:10.933  1865  2073 W BroadcastQueue: Background execution not allowed: receiving Intent { act=android.media.VOLUME_CHANGED_ACTION flg=0x14000010 (has extras) } to com.samsung.android.game.gamehome/.receiver.VolumeControlReceiver
03-11 18:35:10.933  1044  2094 I AudioSAEffectSecPlus: command EFFECT_CMD_SET_VOLUME left = 0.089111, right =0.089111
03-11 18:35:10.934  1044  2094 I SoundAlive_PrePost: [ -282568960 ][ 48000 ]Exe_Pre() mRequiredPreVolume is changed - dB : -21.000368  mRequiredPreVolume : -10.000368
03-11 18:35:10.934  1044  2094 I SoundAlive_PrePost: [ -282568960 ][ 48000 ]Exe_Pre() mRequiredPreGain is changed - dB : -21.000368  mRequiredPreGain : 0.000000
03-11 18:35:10.934  1044  2094 I SoundAlive_PrePost: [ -282568960 ][ 48000 ]Exe_Post() mRequiredPostVolume is changed - dB : -21.000368  mRequiredPostVolume : -11.000000
03-11 18:35:10.934  1044  2094 I SoundAlive_PrePost: [ -282568960 ][ 48000 ]Exe_Post() mRequiredPostGain is changed - dB : -21.000368  mRequiredPostGain : 0.000000
03-11 18:35:10.936  1044 15373 V APM_AudioPolicyManager: getAudioPolicyConfig: audioParam;activeStream
03-11 18:35:10.936  1044 15373 V APM_AudioPolicyManager: ### active stream : 8
03-11 18:35:10.936  1865  5655 D AudioService: active stream is 0x8
03-11 18:35:10.937  1865  5099 D AudioService: GetAppDevice, uid=10016
03-11 18:35:10.937  1865  5655 D MediaSessionService: Adjusting null by 0. flags=4116, suggestedStream=3, preferSuggestedStream=true
03-11 18:35:10.938  1044  1044 V APM_AudioPolicyManager: setStreamVolumeIndex() stream 11, device 00000002, index 8
03-11 18:35:10.939  1044  1044 V APM_AudioPolicyManager: setStreamVolumeIndex() stream 11, device 00000002, index 8
03-11 18:35:10.939  1865  1865 I FMRadioService: *** mVolumeEventReceiver: ACTION  - android.media.VOLUME_CHANGED_ACTION
03-11 18:35:10.939  1865  1865 I FMRadioService: Stream: 3  and volume: 8
03-11 18:35:10.941 27710 27710 D UE4     : OnReceive VOLUME_CHANGED_ACTION
03-11 18:35:10.941 27710 27710 D UE4     : nativeVolumeEvent(8)
03-11 18:35:10.942  1044  1044 V APM_AudioPolicyManager: setStreamVolumeIndex() stream 10, device 00000002, index 8
03-11 18:35:10.943  1044 15373 V APM_AudioPolicyManager: setStreamVolumeIndex() stream 9, device 00000002, index 8
03-11 18:35:10.943  1865  2511 D InputReader: Input event(4): value=1 when=358273909047000
03-11 18:35:10.944  1865  2511 D CombinationKeyManager: Accessibility Shortcut unAvailable
03-11 18:35:10.945  3108 29572 D vol.VolumeDialogControl.VC: isSafeVolumeDialogShowing : false
03-11 18:35:10.945  1865  2511 D WindowManager: interceptKeyTq s_result=1
03-11 18:35:10.946  1865  5099 D AudioService: getStreamVolume 3 index 80
03-11 18:35:10.949  1865  2510 D WindowManager: interceptKeyTi s_result = 144
03-11 18:35:10.949  1865  2510 D InputDispatcher: We will try again in 144 msec by PWM
03-11 18:35:10.949  1865  5595 D AudioService: getStreamVolume 4 index 110
03-11 18:35:10.950  1004  1004 E audit   : type=1400 audit(1552347310.938:66315): avc:  denied  { read } for  pid=27710 comm="Thread-2" name="stat" dev="proc" ino=4026532368 scontext=u:r:untrusted_app:s0:c512,c768 tcontext=u:object_r:proc_stat:s0 tclass=file permissive=0 SEPF_SM-G930V_8.0.0_0016 audit_filtered
03-11 18:35:10.950  1004  1004 E audit   : type=1300 audit(1552347310.938:66315): arch=40000028 syscall=322 per=8 success=no exit=-13 a0=ffffff9c a1=c4c39b38 a2=20000 a3=0 items=0 ppid=1027 pid=27710 auid=4294967295 uid=10576 gid=10576 euid=10576 suid=10576 fsuid=10576 egid=10576 sgid=10576 fsgid=10576 tty=(none) ses=4294967295 comm="Thread-2" exe="/system/bin/app_process32" subj=u:r:untrusted_app:s0:c512,c768 key=(null)
03-11 18:35:10.950  1004  1004 E audit   : type=1327 audit(1552347310.938:66315): proctitle="com.TeamNA.GiftGame"
03-11 18:35:10.950  1865  2850 D AudioService: getStreamVolume 3 index 80
03-11 18:35:10.951  3108  3341 I vol.Events: writeEvent level_changed STREAM_MUSIC 800
03-11 18:35:10.951  3108  3341 D vol.VolumeDialogControl: onVolumeChangedW stream = 3, flags = 4113, lastAudibleStreamVolume = 800
03-11 18:35:10.951  3108  3108 D vol.SecVolumeDialogImpl: updateWindowWidth lp.width=1248, mCurrentWindowWidth = 1248
03-11 18:35:10.951  3108  3108 D vol.SecVolumeDialogImpl: onStateChangedH animating=false
03-11 18:35:10.951  3108  3341 I vol.Events: writeEvent key STREAM_MUSIC 800
03-11 18:35:10.951  1865  1865 D AudioService: isEnabled
03-11 18:35:10.952  3108 29572 D vol.VolumeDialogControl.VC: isSafeVolumeDialogShowing : false
03-11 18:35:10.952  1865  2850 D AudioService: GetAppDevice, uid=1000
03-11 18:35:10.954  1044 26216 V APM_AudioPolicyManager: getAudioPolicyConfig: audioParam;isFMRadioRecording
03-11 18:35:10.954  1044 26216 V APM_AudioPolicyManager: FM radio recording off
03-11 18:35:10.955  1865  2850 D AudioService: getStreamVolume 3 index 80
03-11 18:35:10.956  3108  3108 D vol.SecVolumeDialogImpl: updateVolumeRowH s=2, ss.level : 0, row.lastAudibleLevel : 1, row.ss.muted : true
03-11 18:35:10.956  3108  3108 D vol.SecVolumeDialogImpl: updateVolumeRowH s=3, ss.level : 800, row.lastAudibleLevel : 900, row.ss.muted : false
03-11 18:35:10.956  3108  3108 D vol.SecVolumeDialogImpl: updateVolumeRowH s=5, ss.level : 0, row.lastAudibleLevel : 1, row.ss.muted : true
03-11 18:35:10.957  3108  3108 D vol.SecVolumeDialogImpl: updateVolumeRowH s=1, ss.level : 0, row.lastAudibleLevel : 6, row.ss.muted : true
03-11 18:35:10.957  3108  3108 D vol.SecVolumeDialogImpl: updateVolumeRowH s=4, ss.level : 11, row.lastAudibleLevel : 11, row.ss.muted : false
03-11 18:35:10.957  3108  3108 D vol.SecVolumeDialogImpl: updateVolumeRowH s=0, ss.level : 7, row.lastAudibleLevel : 7, row.ss.muted : false
03-11 18:35:10.957  3108  3108 D vol.SecVolumeDialogImpl: updateVolumeRowH s=6, ss.level : 7, row.lastAudibleLevel : 7, row.ss.muted : false
03-11 18:35:10.958  3108  3108 D vol.SecVolumeDialogImpl: updateVolumeRowH s=10, ss.level : 7, row.lastAudibleLevel : 7, row.ss.muted : false
03-11 18:35:10.958  3108  3108 D vol.SecVolumeDialogImpl: updateVolumeRowH s=14, ss.level : 7, row.lastAudibleLevel : 7, row.ss.muted : false
03-11 18:35:10.958  3108  3108 D vol.SecVolumeDialogImpl: updateVolumeRowH s=11, ss.level : 0, row.lastAudibleLevel : 1, row.ss.muted : false
03-11 18:35:10.958  3108  3108 D vol.SecVolumeDialogImpl: updateVolumeRowH s=12, ss.level : 700, row.lastAudibleLevel : 700, row.ss.muted : false
03-11 18:35:10.958  3108  3108 D vol.SecVolumeDialogImpl: showH r=volume_changed, mShowing : true
03-11 18:35:10.958  3108  3108 D vol.SecVolumeDialogImpl: rescheduleTimeout 1500 com.android.systemui.volume.SecVolumeDialogImpl.showH:1273
03-11 18:35:10.959  1865  1865 I FMRadioService: *** mVolumeEventReceiver: ACTION  - android.media.VOLUME_CHANGED_ACTION
03-11 18:35:10.959  1865  1865 I FMRadioService: Stream: 3  and volume: 8
03-11 18:35:10.961  1865  2073 W BroadcastQueue: Background execution not allowed: receiving Intent { act=android.media.VOLUME_CHANGED_ACTION flg=0x14000010 (has extras) } to com.samsung.android.game.gamehome/.receiver.VolumeControlReceiver
03-11 18:35:10.961 27710 27710 D UE4     : OnReceive VOLUME_CHANGED_ACTION
03-11 18:35:10.962 27710 27710 D UE4     : nativeVolumeEvent(8)
03-11 18:35:10.962  3108 29572 D vol.VolumeDialogControl.VC: volumeChanged STREAM_MUSIC VIBRATE,FROM_KEY
03-11 18:35:10.963  3941  3941 V UniSet-Utils: notifySettingsChange: volume_music_speaker
03-11 18:35:10.963  3941  3941 W ContextImpl: Calling a method in the system process without a qualified user: android.app.ContextImpl.sendBroadcast:971 android.content.ContextWrapper.sendBroadcast:447 com.samsung.unifiedsettingservice.Utils.notifySettingsChange:144 com.samsung.unifiedsettingservice.settings.OtherSettings.checkKeyIfDirty:583 com.samsung.unifiedsettingservice.settings.OtherSettings.-wrap0:0 
03-11 18:35:10.963  1865  5595 D PowerManagerService: [api] [s] userActivity : event: 0 flags: 0 (uid: 10063 pid: 3108) eventTime = 358273929
03-11 18:35:10.966  1865  5595 D AudioService: getStreamVolume 3 index 80
03-11 18:35:10.967  1865  2850 D AudioService: getStreamVolume 5 index 0
03-11 18:35:10.969  3108  3341 D vol.VolumeDialogControl: onVolumeChangedW stream = 3, flags = 4112, lastAudibleStreamVolume = 800
03-11 18:35:10.986  1865  2850 D AudioService: getStreamVolume 1 index 0
03-11 18:35:10.991  3108  3108 D vol.SecVolumeDialogImpl: STREAM_MUSIC onProgressChanged 863 fromUser=false
03-11 18:35:10.996  1865  2850 D AudioService: getStreamVolume 6 index 70
03-11 18:35:10.998  1865  5099 D AudioService: getStreamVolume 4 index 110
03-11 18:35:10.999  1865  5099 D AudioService: GetAppDevice, uid=1000
03-11 18:35:11.000  1865  5099 D AudioService: getStreamVolume 3 index 80
03-11 18:35:11.001  1865  5099 D AudioService: getStreamVolume 5 index 0
03-11 18:35:11.006  1865  5099 D AudioService: getStreamVolume 1 index 0
03-11 18:35:11.007  1865  5099 D AudioService: getStreamVolume 6 index 70
03-11 18:35:11.013  3108  3108 D vol.SecVolumeDialogImpl: STREAM_MUSIC onProgressChanged 835 fromUser=false
03-11 18:35:11.035  3108  3108 D vol.SecVolumeDialogImpl: STREAM_MUSIC onProgressChanged 815 fromUser=false
03-11 18:35:11.037 27106 27152 I ReschedulableTimer: [#CMH#] ReschedulableTimer started 
03-11 18:35:11.048  3108  3108 D vol.SecVolumeDialogImpl: STREAM_MUSIC onProgressChanged 803 fromUser=false
03-11 18:35:11.058  3108  3108 D vol.SecVolumeDialogImpl: STREAM_MUSIC onProgressChanged 800 fromUser=false
03-11 18:35:11.064  1004  1004 E audit   : type=1400 audit(1552347311.048:66316): avc:  denied  { read } for  pid=27710 comm="Thread-2" name="stat" dev="proc" ino=4026532368 scontext=u:r:untrusted_app:s0:c512,c768 tcontext=u:object_r:proc_stat:s0 tclass=file permissive=0 SEPF_SM-G930V_8.0.0_0016 audit_filtered
03-11 18:35:11.064  1004  1004 E audit   : type=1300 audit(1552347311.048:66316): arch=40000028 syscall=322 per=8 success=no exit=-13 a0=ffffff9c a1=c4c39b38 a2=20000 a3=0 items=0 ppid=1027 pid=27710 auid=4294967295 uid=10576 gid=10576 euid=10576 suid=10576 fsuid=10576 egid=10576 sgid=10576 fsgid=10576 tty=(none) ses=4294967295 comm="Thread-2" exe="/system/bin/app_process32" subj=u:r:untrusted_app:s0:c512,c768 key=(null)
03-11 18:35:11.064  1004  1004 E audit   : type=1327 audit(1552347311.048:66316): proctitle="com.TeamNA.GiftGame"
03-11 18:35:11.094  1865  2510 I InputDispatcher: Delivering key to (27710): action: 0x0 (0)
03-11 18:35:11.096 27710 27759 V threaded_app: New input event: type=1
03-11 18:35:11.097  3090  3090 I SKBD    : SamsungKeypad [HWKeyboard] This input is not processed by SKBD.
03-11 18:35:11.098  3090  3090 I SKBDC   : TymeCore cASl
03-11 18:35:11.098  3090  3090 I SKBDC   : ?? 50
03-11 18:35:11.098  3090  3090 D InputMethodService: onKeyDown not B key
03-11 18:35:11.099 27710 27759 V threaded_app: New input event: type=1
03-11 18:35:11.099 27710 27759 D UE4     : Received keycode: 25, softkey: 0
03-11 18:35:11.099 27710 27759 D UE4     : Received key event: 25
03-11 18:35:11.099 27710 27710 D ViewRootImpl@f1c9a4b[GameActivity]: ViewPostIme key 0
03-11 18:35:11.099 27710 27710 D UE4     : === Restoring Transparent Bars due to KeyCode ===
03-11 18:35:11.099 27710 27710 D UE4     : === Restoring Transparent Bars ===
03-11 18:35:11.101  1865  2850 D MediaSessionService: dispatchVolumeKeyEvent, pid=27710, uid=10576, event=KeyEvent { action=ACTION_DOWN, keyCode=KEYCODE_VOLUME_DOWN, scanCode=114, metaState=0, flags=0x8, repeatCount=0, eventTime=358273909, downTime=358273909, deviceId=4, displayId=0, source=0x101 }
03-11 18:35:11.106  1865  2850 D MediaSessionService: Adjusting null by -1. flags=4113, suggestedStream=3, preferSuggestedStream=true
03-11 18:35:11.112  3108 26535 D vol.VolumeDialogControl.VC: isSafeVolumeDialogShowing : false
03-11 18:35:11.114  1865  1865 D AudioService: isEnabled
03-11 18:35:11.114  3108 26535 D vol.VolumeDialogControl.VC: isSafeVolumeDialogShowing : false
03-11 18:35:11.115  1044 26216 V APM_AudioPolicyManager: getAudioPolicyConfig: audioParam;isFMRadioRecording
03-11 18:35:11.115  1044 26216 V APM_AudioPolicyManager: FM radio recording off
03-11 18:35:11.123  3108 26535 D vol.VolumeDialogControl.VC: isSafeVolumeDialogShowing : false
03-11 18:35:11.125  3108 26535 D vol.VolumeDialogControl.VC: volumeChanged STREAM_MUSIC SHOW_UI,VIBRATE,FROM_KEY
03-11 18:35:11.125  1865  2949 I AudioService: isMediaSilentMode false
03-11 18:35:11.125  1044 26216 V APM_AudioPolicyManager: setStreamVolumeIndex() stream 3, device 00000002, index 7
03-11 18:35:11.126  1044  1044 V APM_AudioPolicyManager: setStreamVolumeIndex() stream 11, device 00000002, index 7
03-11 18:35:11.126  1044  1044 V APM_AudioPolicyManager: setStreamVolumeIndex() stream 11, device 00000002, index 7
03-11 18:35:11.127  1044  1044 V APM_AudioPolicyManager: setStreamVolumeIndex() stream 10, device 00000002, index 7
03-11 18:35:11.127 27710 27715 I zygote  : Do partial code cache collection, code=29KB, data=29KB
03-11 18:35:11.127  1865  1865 I FMRadioService: *** mVolumeEventReceiver: ACTION  - android.media.VOLUME_CHANGED_ACTION
03-11 18:35:11.127  1865  1865 I FMRadioService: Stream: 3  and volume: 7
03-11 18:35:11.127 27710 27715 I zygote  : After code cache collection, code=29KB, data=29KB
03-11 18:35:11.127  1044  1044 V APM_AudioPolicyManager: setStreamVolumeIndex() stream 9, device 00000002, index 7
03-11 18:35:11.127 27710 27715 I zygote  : Increasing code cache capacity to 128KB
03-11 18:35:11.128  1865  2850 D AudioService: getStreamVolume 3 index 70
03-11 18:35:11.129  1865  2073 W BroadcastQueue: Background execution not allowed: receiving Intent { act=android.media.VOLUME_CHANGED_ACTION flg=0x14000010 (has extras) } to com.samsung.android.game.gamehome/.receiver.VolumeControlReceiver
03-11 18:35:11.129  3108  3341 I vol.Events: writeEvent level_changed STREAM_MUSIC 700
03-11 18:35:11.129  3108  3341 D vol.VolumeDialogControl: onVolumeChangedW stream = 3, flags = 4113, lastAudibleStreamVolume = 700
03-11 18:35:11.129  3108  3341 I vol.Events: writeEvent key STREAM_MUSIC 700
03-11 18:35:11.130  1865  2850 D AudioService: getStreamVolume 4 index 110
03-11 18:35:11.131 27710 27710 D UE4     : OnReceive VOLUME_CHANGED_ACTION
03-11 18:35:11.131  3108  3108 D vol.SecVolumeDialogImpl: updateWindowWidth lp.width=1248, mCurrentWindowWidth = 1248
03-11 18:35:11.131  3108  3108 D vol.SecVolumeDialogImpl: onStateChangedH animating=false
03-11 18:35:11.131 27710 27710 D UE4     : nativeVolumeEvent(7)
03-11 18:35:11.132  1865  2850 D AudioService: GetAppDevice, uid=10016
03-11 18:35:11.132  1865  5655 D AudioService: GetAppDevice, uid=1000
03-11 18:35:11.133  1865  2850 D AudioService: getStreamVolume 3 index 70
03-11 18:35:11.133  1044  2094 I AudioSAEffectSecPlus: command EFFECT_CMD_SET_VOLUME left = 0.079346, right =0.079346
03-11 18:35:11.133  1865  5655 D AudioService: getStreamVolume 3 index 70
03-11 18:35:11.133  1044  2094 I SoundAlive_PrePost: [ -282568960 ][ 48000 ]Exe_Pre() mRequiredPreVolume is changed - dB : -22.008438  mRequiredPreVolume : -10.008438
03-11 18:35:11.134  1044  2094 I SoundAlive_PrePost: [ -282568960 ][ 48000 ]Exe_Pre() mRequiredPreGain is changed - dB : -22.008438  mRequiredPreGain : 0.000000
03-11 18:35:11.134  1044  2094 I SoundAlive_PrePost: [ -282568960 ][ 48000 ]Exe_Post() mRequiredPostVolume is changed - dB : -22.008438  mRequiredPostVolume : -12.000000
03-11 18:35:11.134  1044  2094 I SoundAlive_PrePost: [ -282568960 ][ 48000 ]Exe_Post() mRequiredPostGain is changed - dB : -22.008438  mRequiredPostGain : 0.000000
03-11 18:35:11.134  3941  3941 V UniSet-Utils: notifySettingsChange: volume_music_speaker
03-11 18:35:11.135  3941  3941 W ContextImpl: Calling a method in the system process without a qualified user: android.app.ContextImpl.sendBroadcast:971 android.content.ContextWrapper.sendBroadcast:447 com.samsung.unifiedsettingservice.Utils.notifySettingsChange:144 com.samsung.unifiedsettingservice.settings.OtherSettings.checkKeyIfDirty:583 com.samsung.unifiedsettingservice.settings.OtherSettings.-wrap0:0 
03-11 18:35:11.135  3108  3108 D vol.SecVolumeDialogImpl: updateVolumeRowH s=2, ss.level : 0, row.lastAudibleLevel : 1, row.ss.muted : true
03-11 18:35:11.135  3108  3108 D vol.SecVolumeDialogImpl: updateVolumeRowH s=3, ss.level : 700, row.lastAudibleLevel : 800, row.ss.muted : false
03-11 18:35:11.136  3108  3108 D vol.SecVolumeDialogImpl: updateVolumeRowH s=5, ss.level : 0, row.lastAudibleLevel : 1, row.ss.muted : true
03-11 18:35:11.136  3108  3108 D vol.SecVolumeDialogImpl: updateVolumeRowH s=1, ss.level : 0, row.lastAudibleLevel : 6, row.ss.muted : true
03-11 18:35:11.136  3108  3108 D vol.SecVolumeDialogImpl: updateVolumeRowH s=4, ss.level : 11, row.lastAudibleLevel : 11, row.ss.muted : false
03-11 18:35:11.136  3108  3108 D vol.SecVolumeDialogImpl: updateVolumeRowH s=0, ss.level : 7, row.lastAudibleLevel : 7, row.ss.muted : false
03-11 18:35:11.136  3108  3108 D vol.SecVolumeDialogImpl: updateVolumeRowH s=6, ss.level : 7, row.lastAudibleLevel : 7, row.ss.muted : false
03-11 18:35:11.136  3108  3108 D vol.SecVolumeDialogImpl: updateVolumeRowH s=10, ss.level : 7, row.lastAudibleLevel : 7, row.ss.muted : false
03-11 18:35:11.136  3108  3108 D vol.SecVolumeDialogImpl: updateVolumeRowH s=14, ss.level : 7, row.lastAudibleLevel : 7, row.ss.muted : false
03-11 18:35:11.136  3108  3108 D vol.SecVolumeDialogImpl: updateVolumeRowH s=11, ss.level : 0, row.lastAudibleLevel : 1, row.ss.muted : false
03-11 18:35:11.136  3108  3108 D vol.SecVolumeDialogImpl: updateVolumeRowH s=12, ss.level : 700, row.lastAudibleLevel : 700, row.ss.muted : false
03-11 18:35:11.136  3108  3108 D vol.SecVolumeDialogImpl: showH r=volume_changed, mShowing : true
03-11 18:35:11.140  3108  3108 D vol.SecVolumeDialogImpl: rescheduleTimeout 1500 com.android.systemui.volume.SecVolumeDialogImpl.showH:1273
03-11 18:35:11.141  1865  5655 D PowerManagerService: [api] [s] userActivity : event: 0 flags: 0 (uid: 10063 pid: 3108) eventTime = 358274106
03-11 18:35:11.146  1865  5655 D AudioService: getStreamVolume 5 index 0
03-11 18:35:11.147 27710 27710 D UE4     : === Restoring Transparent Bars ===
03-11 18:35:11.150  1865  5655 D AudioService: getStreamVolume 1 index 0
03-11 18:35:11.153  1865  5655 D AudioService: getStreamVolume 6 index 70
03-11 18:35:11.157  1865  2511 D InputReader: Input event(4): value=0 when=358274121760000
03-11 18:35:11.159  1865  2511 D WindowManager: interceptKeyTq s_result=1
03-11 18:35:11.166  1865  2510 I InputDispatcher: Delivering key to (27710): action: 0x1 (0)
03-11 18:35:11.167 27710 27759 V threaded_app: New input event: type=1
03-11 18:35:11.168  3090  3090 D InputMethodService: onKeyUp not B key
03-11 18:35:11.169 27710 27759 V threaded_app: New input event: type=1
03-11 18:35:11.170 27710 27759 D UE4     : Received keycode: 25, softkey: 0
03-11 18:35:11.170 27710 27759 D UE4     : Received key event: 25
03-11 18:35:11.171 27710 27710 D ViewRootImpl@f1c9a4b[GameActivity]: ViewPostIme key 1
03-11 18:35:11.172  1865  5655 D MediaSessionService: dispatchVolumeKeyEvent, pid=27710, uid=10576, event=KeyEvent { action=ACTION_UP, keyCode=KEYCODE_VOLUME_DOWN, scanCode=114, metaState=0, flags=0x8, repeatCount=0, eventTime=358274121, downTime=358273909, deviceId=4, displayId=0, source=0x101 }
03-11 18:35:11.181  3108  3108 D vol.SecVolumeDialogImpl: STREAM_MUSIC onProgressChanged 763 fromUser=false
03-11 18:35:11.184  1044  1044 V APM_AudioPolicyManager: getAudioPolicyConfig: audioParam;activeStream
03-11 18:35:11.184  1044  1044 V APM_AudioPolicyManager: ### active stream : 8
03-11 18:35:11.184  1865  5655 D AudioService: active stream is 0x8
03-11 18:35:11.185  1865  5655 D MediaSessionService: Adjusting null by 0. flags=4116, suggestedStream=3, preferSuggestedStream=true
03-11 18:35:11.190  3108  3108 D vol.SecVolumeDialogImpl: STREAM_MUSIC onProgressChanged 734 fromUser=false
03-11 18:35:11.196  3108 26535 D vol.VolumeDialogControl.VC: isSafeVolumeDialogShowing : false
03-11 18:35:11.198  1865  1865 D AudioService: isEnabled
03-11 18:35:11.199  3108 26535 D vol.VolumeDialogControl.VC: isSafeVolumeDialogShowing : false
03-11 18:35:11.200  1044 26216 V APM_AudioPolicyManager: getAudioPolicyConfig: audioParam;isFMRadioRecording
03-11 18:35:11.200  1044 26216 V APM_AudioPolicyManager: FM radio recording off
03-11 18:35:11.203  3108  3108 D vol.SecVolumeDialogImpl: STREAM_MUSIC onProgressChanged 714 fromUser=false
03-11 18:35:11.207  3108 26535 D vol.VolumeDialogControl.VC: volumeChanged STREAM_MUSIC VIBRATE,FROM_KEY
03-11 18:35:11.208  1865  2850 D AudioService: GetAppDevice, uid=10413
03-11 18:35:11.209  1865  5099 D AudioService: getStreamVolume 3 index 70
03-11 18:35:11.209  3108  3341 D vol.VolumeDialogControl: onVolumeChangedW stream = 3, flags = 4112, lastAudibleStreamVolume = 700
03-11 18:35:11.210  1865  1865 I FMRadioService: *** mVolumeEventReceiver: ACTION  - android.media.VOLUME_CHANGED_ACTION
03-11 18:35:11.210  1865  1865 I FMRadioService: Stream: 3  and volume: 7
03-11 18:35:11.210  1865  2850 D AudioService: getStreamVolume 3 index 70
03-11 18:35:11.211  1865  2073 W BroadcastQueue: Background execution not allowed: receiving Intent { act=android.media.VOLUME_CHANGED_ACTION flg=0x14000010 (has extras) } to com.samsung.android.game.gamehome/.receiver.VolumeControlReceiver
03-11 18:35:11.212 27710 27710 D UE4     : OnReceive VOLUME_CHANGED_ACTION
03-11 18:35:11.212 27710 27710 D UE4     : nativeVolumeEvent(7)
03-11 18:35:11.216  1865  2850 D AudioService: getStreamVolume 4 index 110
03-11 18:35:11.218  1865  2850 D AudioService: GetAppDevice, uid=1000
03-11 18:35:11.218  1865  2850 D AudioService: getStreamVolume 3 index 70
03-11 18:35:11.220  1865  2850 D AudioService: getStreamVolume 5 index 0
03-11 18:35:11.223  1865  5099 D AudioService: getStreamVolume 1 index 0
03-11 18:35:11.225  1865  5099 D AudioService: getStreamVolume 6 index 70
03-11 18:35:11.236  3108  3108 D vol.SecVolumeDialogImpl: STREAM_MUSIC onProgressChanged 700 fromUser=false
03-11 18:35:11.285  1865  2511 D InputReader: Input event(4): value=1 when=358274251298000
03-11 18:35:11.287  1865  2511 D CombinationKeyManager: Accessibility Shortcut unAvailable
03-11 18:35:11.288  1865  2511 D WindowManager: interceptKeyTq s_result=1
03-11 18:35:11.292  1865  2468 D SamsungAlarmManager: Expired : 4
03-11 18:35:11.292  1865  2468 I SamsungAlarmManager: setLocked to kernel - T:2 / 20190311T183716, SetElapsed=1408138661, nowELAPSED=1408013301
03-11 18:35:11.292  1865  2468 I SamsungAlarmManager: setLocked to kernel - T:3 / 20190311T183514, SetElapsed=1408016713, nowELAPSED=1408013301
03-11 18:35:11.292  1865  2468 V SamsungAlarmManager: Sending to uid : 1000 listener=android.app.AlarmManager$ListenerWrapper@ef4cf7d alarm=Alarm{cb53731 type 2 when 1408009106 android}
03-11 18:35:11.293  1865  2468 V SamsungAlarmManager: Sending to uid : 10066 action=com.samsung.action.EVERY_MINUTE_CLOCK_UPDATE alarm=Alarm{df9e16 type 1 when 1552347300000 com.sec.android.app.launcher}
03-11 18:35:11.294  1865  2510 D WindowManager: interceptKeyTi s_result = 141
03-11 18:35:11.294  1865  2510 D InputDispatcher: We will try again in 141 msec by PWM
03-11 18:35:11.303  1865  2468 V SamsungAlarmManager: Sending to uid : 1001 action=com.android.internal.telephony.data-stall alarm=Alarm{a992984 type 3 when 1408013184 com.android.phone}
03-11 18:35:11.304  4078  4078 I Launcher: onReceive: com.samsung.action.EVERY_MINUTE_CLOCK_UPDATE
03-11 18:35:11.306  1865  2468 V SamsungAlarmManager: Sending to uid : 10016 action=null alarm=Alarm{df5156d type 3 when 1408013301 com.google.android.gms}
03-11 18:35:11.308  1865  1865 D SamsungAlarmManager: setInexact Listener (T:2/F:0/AC:false) 20190311T183952 - CU:1000/CP:1865
03-11 18:35:11.313  1865  2850 D SamsungAlarmManager: setInexact Intent (T:1/F:0/AC:false) 20190311T183600 - CU:10066/CP:4078
03-11 18:35:11.329  1865  2072 D ConnectivityService: filterNetworkStateForUid() uid: 1000 networkInfo: [type: WIFI[] - WIFI, state: CONNECTED/CONNECTED, reason: (unspecified), extra: "GoTrojans", failover: false, available: true, roaming: false, metered: false]
03-11 18:35:11.331  1865  2511 D InputReader: Input event(4): value=0 when=358274297276000
03-11 18:35:11.333  1865  2511 D WindowManager: interceptKeyTq s_result=1
03-11 18:35:11.349  1865  5655 D SamsungAlarmManager: setInexact Intent (T:3/F:8/AC:false) 20190311T183611 - CU:1001/CP:3404
03-11 18:35:11.373  1865  2072 D ConnectivityService: filterNetworkStateForUid() uid: 1000 networkInfo: [type: WIFI[] - WIFI, state: CONNECTED/CONNECTED, reason: (unspecified), extra: "GoTrojans", failover: false, available: true, roaming: false, metered: false]
03-11 18:35:11.404  1865  2072 I chatty  : uid=1000(system) android.bg identical 1 line
03-11 18:35:11.406  1865  2072 D ConnectivityService: filterNetworkStateForUid() uid: 1000 networkInfo: [type: WIFI[] - WIFI, state: CONNECTED/CONNECTED, reason: (unspecified), extra: "GoTrojans", failover: false, available: true, roaming: false, metered: false]
03-11 18:35:11.408 27710 27710 D UE4     : === Restoring Transparent Bars ===
03-11 18:35:11.422  1865  5099 D SamsungAlarmManager: setInexact Intent (T:2/F:0/AC:false) 20290308T173511 - CU:10016/CP:3788
03-11 18:35:11.437  1865  2510 I InputDispatcher: Delivering key to (27710): action: 0x0 (0)
03-11 18:35:11.438  1865  2510 D InputDispatcher: Waiting for application to become ready for input: 27710.  Reason: Waiting to send key event because the focused window has not finished processing all of the input events that were previously delivered to it.  Outbound queue length: 0.  Wait queue length: 1.
03-11 18:35:11.439 27710 27759 V threaded_app: New input event: type=1
03-11 18:35:11.440  3090  3090 I SKBD    : SamsungKeypad [HWKeyboard] This input is not processed by SKBD.
03-11 18:35:11.440  3108  3108 D vol.SecVolumeDialogImpl: rescheduleTimeout 1500 com.android.systemui.volume.SecVolumeDialogImpl$Accessibility.onRequestSendAccessibilityEvent:2908
03-11 18:35:11.440  3090  3090 I SKBDC   : TymeCore cASl
03-11 18:35:11.440  3090  3090 I SKBDC   : ?? 50
03-11 18:35:11.440  3090  3090 D InputMethodService: onKeyDown not B key
03-11 18:35:11.441  1865  5655 D PowerManagerService: [api] [s] userActivity : event: 0 flags: 0 (uid: 10063 pid: 3108) eventTime = 358274406
03-11 18:35:11.442 27710 27759 V threaded_app: New input event: type=1
03-11 18:35:11.442 27710 27759 D UE4     : Received keycode: 25, softkey: 0
03-11 18:35:11.442 27710 27759 D UE4     : Received key event: 25
03-11 18:35:11.442 27710 27710 D ViewRootImpl@f1c9a4b[GameActivity]: ViewPostIme key 0
03-11 18:35:11.443 27710 27710 D UE4     : === Restoring Transparent Bars due to KeyCode ===
03-11 18:35:11.443 27710 27710 D UE4     : === Restoring Transparent Bars ===
