03-08 20:00:48.892  1865  5596 D InputDispatcher: setInputDispatchMode: enabled=1, frozen=0
03-08 20:00:48.893  1865  5596 D ActivityManager: isScaleDownAnimationEnabled() : false
03-08 20:00:48.894   717  1235 D audio_hw_primary: adev_set_parameters: enter: display_rotation=1
03-08 20:00:48.894   717  1235 V msm8974_platform: platform_set_parameters: enter: display_rotation=1
03-08 20:00:48.894   717  1235 V msm8974_platform: platform_set_parameters: exit with code(0)
03-08 20:00:48.894   717  1235 V audio_hw_sec: factory_set_parameters: enter: display_rotation=1
03-08 20:00:48.895   717  1235 E soundtrigger: audio_extn_sound_trigger_set_parameters: str_params NULL
03-08 20:00:48.895  1044  2129 V MultiRecordManager: setParameters(): io 0, keyvalue display_rotation=1, calling pid 1865
03-08 20:00:48.896  1865  5596 D PersonaManagerService: Current focused persona service handled id set to : 0
03-08 20:00:48.897  1865  5596 D InputDispatcher: Focused application set to: xxxx
03-08 20:00:48.898  1865  2992 D GameManagerService: handleForegroundChange(). pkgName: com.TeamNA.GiftGame, clsName: com.epicgames.ue4.GameActivity,FgActivityName:com.TeamNA.GiftGame/com.epicgames.ue4.GameActivity
03-08 20:00:48.898  1865  2992 D GameManagerService:   handleForegroundChange(). same package with Prev KILL_YOURSELF. ignore
03-08 20:00:48.898  1865  5596 D MARsPolicyManager: onPackageResumedFG pkgName = com.TeamNA.GiftGame, userId = 0
03-08 20:00:48.902  1865  5596 V WindowManager: rotationForOrientationLw(orient=0, last=1); user=0 USER_ROTATION_LOCKED sensorRotation=-1 mLidState=-1 mDockMode=0 mHdmiPlugged=false
03-08 20:00:48.910  1865  2437 V WindowManager: rotationForOrientationLw(orient=0, last=1); user=0 USER_ROTATION_LOCKED sensorRotation=-1 mLidState=-1 mDockMode=0 mHdmiPlugged=false
03-08 20:00:48.924 18188 18188 D OVRPlugin: JNI_OnLoad
03-08 20:00:48.940   773   773 I SurfaceFlinger: Display 0 HWC layers:
03-08 20:00:48.940   773   773 I SurfaceFlinger:     type    |    handle    | flag |  format   |   source crop (l,t,r,b)    |         frame       | name 
03-08 20:00:48.940   773   773 I SurfaceFlinger: ------------+--------------+------+-----------+----------------------------+---------------------+------
03-08 20:00:48.940   773   773 I SurfaceFlinger:      Client | 0x71ad046e80 | 0002 | RGBA_8888 | 203.0    0.0 1717.0 1080.0 |    0  215 1080 1705 | Splash Screen com.TeamNA.GiftGame#0
03-08 20:00:48.940   773   773 I SurfaceFlinger:      Client | 0x71ad58d300 | 0000 | RGBA_8888 |   0.0    0.0 1080.0 1920.0 |    0    0 1080 1920 | ScreenshotSurface#0
03-08 20:00:48.940   773   773 I SurfaceFlinger:      Client |              | 0000 |  Unknown  |  -0.4   -0.9   -0.9   -1.0 |    0    0 1080  311 | BlackSurface#0
03-08 20:00:48.940   773   773 I SurfaceFlinger:      Client |              | 0000 |  Unknown  |  -0.9   -0.0   -1.0   -0.6 |    0    0  212 1920 | BlackSurface#0
03-08 20:00:48.940   773   773 I SurfaceFlinger:      Client |              | 0000 |  Unknown  |  -0.1    0.0   -0.6   -0.1 |    0 1609 1080 1920 | BlackSurface#0
03-08 20:00:48.940   773   773 I SurfaceFlinger:      Client |              | 0000 |  Unknown  |   0.0   -0.4   -0.1   -1.0 |  868    0 1080 1920 | BlackSurface#0
03-08 20:00:48.940   773   773 I SurfaceFlinger: 
03-08 20:00:48.990  1865  2437 I chatty  : uid=1000(system) android.anim identical 5 lines
03-08 20:00:49.011  1865  2437 V WindowManager: rotationForOrientationLw(orient=0, last=1); user=0 USER_ROTATION_LOCKED sensorRotation=-1 mLidState=-1 mDockMode=0 mHdmiPlugged=false
03-08 20:00:49.012  3108  4112 D SystemServicesProxy: updateOverviewLastStackActiveTimeAsync: newTime=1552096848897
03-08 20:00:49.013 18188 18188 D UE4     : Used memory before allocating anything was 173.29MB
03-08 20:00:49.013  1865  5596 D SecContentProvider: query(), uri = 17 selection = isSettingsChangesAllowed
03-08 20:00:49.014  1865  5596 D SecContentProvider: called from android.uid.systemui:10063
03-08 20:00:49.014  3108  4112 D skia    : approximate: numPoints=3, lengths[0]=0.000000, totalLength=1.542925, segmentPoints[0]=[0.000000,1.000000]
03-08 20:00:49.014  3108  4112 D skia    : approximate: approximation[0]=0.000000, approximation[1]=0.000000, approximation[2]=1.000000
03-08 20:00:49.014  3108  4112 D skia    : approximate: numPoints=3, lengths[2]=1.542925, totalLength=1.542925, segmentPoints[2]=[1.000000,0.000000]
03-08 20:00:49.014  3108  4112 D skia    : approximate: approximation[6]=1.000000, approximation[7]=1.000000, approximation[8]=0.000000
03-08 20:00:49.014  3108  4112 D skia    : approximate: numPoints=4, lengths[0]=0.000000, totalLength=1.529557, segmentPoints[0]=[0.000000,1.000000]
03-08 20:00:49.014  3108  4112 D skia    : approximate: approximation[0]=0.000000, approximation[1]=0.000000, approximation[2]=1.000000
03-08 20:00:49.014  3108  4112 D skia    : approximate: numPoints=4, lengths[3]=1.529557, totalLength=1.529557, segmentPoints[3]=[1.000000,0.000000]
03-08 20:00:49.014  3108  4112 D skia    : approximate: approximation[9]=1.000000, approximation[10]=1.000000, approximation[11]=0.000000
03-08 20:00:49.014  3108  4112 D skia    : approximate: numPoints=19, lengths[0]=0.000000, totalLength=1.115446, segmentPoints[0]=[0.000000,0.250000]
03-08 20:00:49.014  3108  4112 D skia    : approximate: approximation[0]=0.000000, approximation[1]=0.000000, approximation[2]=0.250000
03-08 20:00:49.014  3108  4112 D skia    : approximate: numPoints=19, lengths[18]=1.115446, totalLength=1.115446, segmentPoints[18]=[1.000000,0.150000]
03-08 20:00:49.014  3108  4112 D skia    : approximate: approximation[54]=1.000000, approximation[55]=1.000000, approximation[56]=0.150000
03-08 20:00:49.014  3108  4112 D skia    : approximate: numPoints=4, lengths[0]=0.000000, totalLength=1.162570, segmentPoints[0]=[0.000000,0.250000]
03-08 20:00:49.014  3108  4112 D skia    : approximate: approximation[0]=0.000000, approximation[1]=0.000000, approximation[2]=0.250000
03-08 20:00:49.014  3108  4112 D skia    : approximate: numPoints=4, lengths[3]=1.162570, totalLength=1.162570, segmentPoints[3]=[1.000000,0.250000]
03-08 20:00:49.014  3108  4112 D skia    : approximate: approximation[9]=1.000000, approximation[10]=1.000000, approximation[11]=0.250000
03-08 20:00:49.016  3108  3250 D SystemServicesProxy: updateOverviewLastStackActiveTimeAsync: done.
03-08 20:00:49.028  1865  2437 V WindowManager: rotationForOrientationLw(orient=0, last=1); user=0 USER_ROTATION_LOCKED sensorRotation=-1 mLidState=-1 mDockMode=0 mHdmiPlugged=false
03-08 20:00:49.258   773   773 I SurfaceFlinger: Display 0 HWC layers:
03-08 20:00:49.258   773   773 I SurfaceFlinger:     type    |    handle    | flag |  format   |   source crop (l,t,r,b)    |         frame       | name 
03-08 20:00:49.258   773   773 I SurfaceFlinger: ------------+--------------+------+-----------+----------------------------+---------------------+------
03-08 20:00:49.258   773   773 I SurfaceFlinger:      Client | 0x71ad046e80 | 0002 | RGBA_8888 |   1.0    1.0 1919.0 1079.0 |    0    0 1080 1920 | Splash Screen com.TeamNA.GiftGame#0
03-08 20:00:49.258   773   773 I SurfaceFlinger:      Client | 0x71ad58d300 | 0000 | RGBA_8888 |   0.0    0.0 1080.0 1920.0 |    0    0 1080 1920 | ScreenshotSurface#0
03-08 20:00:49.258   773   773 I SurfaceFlinger: 
03-08 20:00:49.290  1865  2437 I chatty  : uid=1000(system) android.anim identical 16 lines
03-08 20:00:49.308  1865  2437 V WindowManager: rotationForOrientationLw(orient=0, last=1); user=0 USER_ROTATION_LOCKED sensorRotation=-1 mLidState=-1 mDockMode=0 mHdmiPlugged=false
03-08 20:00:49.310 18188 18188 D UE4     : In the JNI_OnLoad function
03-08 20:00:49.311 18188 18188 D UE4     : [JNI] - Failed to determine if app purchasing is enabled!
03-08 20:00:49.314  1865  5594 W StorageManager: getStorageLowBytes lowPercent : 5, lowBytes : 1225677414, maxLowBytes : 524288000
03-08 20:00:49.315 18188 18188 D UE4     : Path found as '/storage/emulated/0'
03-08 20:00:49.315 18188 18188 D UE4     : Font Path found as '/system/fonts/'
03-08 20:00:49.315 18188 18188 D UE4     : In the JNI_OnLoad function 5
03-08 20:00:49.320   773  1000 I SurfaceFlinger: id=7360 Removed ScreenshotSurface#0 (4/8)
03-08 20:00:49.320   773  1000 I SurfaceFlinger: id=7360 Removed ScreenshotSurface#0 (-2/8)
03-08 20:00:49.320   773  2529 I SurfaceFlinger: id=7361 Removed BlackSurface#0 (4/7)
03-08 20:00:49.320   773  2529 I SurfaceFlinger: id=7361 Removed BlackSurface#0 (-2/7)
03-08 20:00:49.320   773  1000 I SurfaceFlinger: id=7362 Removed BlackSurface#0 (4/6)
03-08 20:00:49.320   773  1000 I SurfaceFlinger: id=7362 Removed BlackSurface#0 (-2/6)
03-08 20:00:49.320   773   851 I SurfaceFlinger: id=7363 Removed BlackSurface#0 (4/5)
03-08 20:00:49.321   773   851 I SurfaceFlinger: id=7363 Removed BlackSurface#0 (-2/5)
03-08 20:00:49.321   773  2528 I SurfaceFlinger: id=7364 Removed BlackSurface#0 (4/4)
03-08 20:00:49.321   773  2528 I SurfaceFlinger: id=7364 Removed BlackSurface#0 (-2/4)
03-08 20:00:49.324   773   773 I SurfaceFlinger: Display 0 HWC layers:
03-08 20:00:49.324   773   773 I SurfaceFlinger:     type    |    handle    | flag |  format   |   source crop (l,t,r,b)    |         frame       | name 
03-08 20:00:49.324   773   773 I SurfaceFlinger: ------------+--------------+------+-----------+----------------------------+---------------------+------
03-08 20:00:49.324   773   773 I SurfaceFlinger:      Client | 0x71ad046e80 | 0002 | RGBA_8888 |   1.0    1.0 1919.0 1079.0 |    0    0 1080 1920 | Splash Screen com.TeamNA.GiftGame#0
03-08 20:00:49.324   773   773 I SurfaceFlinger: 
03-08 20:00:49.325  1865  2437 V WindowManager: rotationForOrientationLw(orient=0, last=1); user=0 USER_ROTATION_LOCKED sensorRotation=-1 mLidState=-1 mDockMode=0 mHdmiPlugged=false
03-08 20:00:49.336   773   773 I Layer   : id=7360 onRemoved ScreenshotSurface#0 
03-08 20:00:49.336   773   773 I Layer   : id=7362 onRemoved BlackSurface#0 
03-08 20:00:49.336   773   773 I Layer   : id=7363 onRemoved BlackSurface#0 
03-08 20:00:49.336   773   773 I Layer   : id=7361 onRemoved BlackSurface#0 
03-08 20:00:49.336   773   773 I Layer   : id=7364 onRemoved BlackSurface#0 
03-08 20:00:49.346  1865  5594 W StorageManager: getStorageLowBytes lowPercent : 5, lowBytes : 1225677414, maxLowBytes : 524288000
03-08 20:00:49.349  1865  5596 W StorageManager: getStorageLowBytes lowPercent : 5, lowBytes : 1225677414, maxLowBytes : 524288000
03-08 20:00:49.351 18188 18188 V threaded_app: Creating: 0xda6acda0
03-08 20:00:49.351 18188 18217 V threaded_app: Config: mcc=311 mnc=480 lang=en cnt=US orien=2 touch=3 dens=480 keys=1 nav=1 keysHid=3 navHid=0 sdk=26 size=2 long=2 modetype=1 modenight=1
03-08 20:00:49.351 18188 18217 D UE4     : Entering native app glue main function
03-08 20:00:49.351 18188 18217 D UE4     : Created event thread
03-08 20:00:49.351 18188 18217 D UE4     : Entered AndroidMain()
03-08 20:00:49.352 18188 18218 D UE4     : Entering event processing thread engine entry point
03-08 20:00:49.352 18188 18218 D UE4     : Prepared looper for event thread
03-08 20:00:49.352 18188 18218 D UE4     : Passed callback initialization
03-08 20:00:49.352 18188 18218 D UE4     : Passed sensor initialization
03-08 20:00:49.354 18188 18217 D UE4     : Controller interface supported
03-08 20:00:49.368  1865  5596 W StorageManager: getStorageLowBytes lowPercent : 5, lowBytes : 1225677414, maxLowBytes : 524288000
03-08 20:00:49.405 18188 18219 D OpenGLRenderer: HWUI GL Pipeline
03-08 20:00:49.419 18188 18188 D ViewRootImpl@e58ced6[GameActivity]: setView = DecorView@a597557[] TM=true MM=false
03-08 20:00:49.421 18188 18188 D UE4     : Target SDK is 28.  This may cause issues if permissions are denied by the user.
03-08 20:00:49.422 18188 18188 D PermissionFragment: Creating PlayGamesFragment
03-08 20:00:49.435  1865  5596 I ActivityManager: START u0 {act=android.content.pm.action.REQUEST_PERMISSIONS typ=null flg=0x0 cmp=ComponentInfo{com.google.android.packageinstaller/com.android.packageinstaller.permission.ui.GrantPermissionsActivity}} from uid 10572
03-08 20:00:49.435  1865  5596 W ActivityManager: REQUEST_PERMISSIONS Action.
03-08 20:00:49.442   737   778 E ANDR-PERF-MPCTL: Invalid profile no. 0, total profiles 0 only
03-08 20:00:49.442  1865  5596 D CustomFrequencyManagerService: releaseDVFSLockLocked : Getting Lock type frm List : DVFS_MIN_LIMIT  frequency : 1555200  uid : 1000  pid : 1865  tag : AMS_APP_SWITCH@CPU_MIN@69
03-08 20:00:49.442  1865  5596 D CustomFrequencyManagerService: acquireDVFSLockLocked : type : DVFS_MIN_LIMIT  frequency : 1555200  uid : 1000  pid : 1865  pkgName : AMS_APP_SWITCH@CPU_MIN@69
03-08 20:00:49.442  1865  5596 D ActivityManagerPerformance: AMP_acquire() APP_SWITCH
03-08 20:00:49.442  1865  3761 D ActivityManagerPerformance: Received MSG_CFMS_HINT_AMS_SWITCH pkgName: com.google.android.packageinstaller
03-08 20:00:49.465 18188 18188 D UE4     : Vulkan version: 1.0.3
03-08 20:00:49.465 18188 18188 D UE4     : Vulkan level: 0
03-08 20:00:49.468 18188 18188 D UE4     : Found DepthBufferPreference = 0
03-08 20:00:49.468 18188 18188 D UE4     : Found bPackageDataInsideApk = 0
03-08 20:00:49.468 18188 18188 D UE4     : Found ProjectName = GiftGame
03-08 20:00:49.469 18188 18188 D UE4     : Found AppType = 
03-08 20:00:49.469 18188 18188 D UE4     : Found bHasOBBFiles = 0
03-08 20:00:49.469 18188 18188 D UE4     : Found bVerifyOBBOnStartUp = false
03-08 20:00:49.469 18188 18188 D UE4     : UI hiding set to true
03-08 20:00:49.469 18188 18188 D UE4     : BuildConfiguration set to Development
03-08 20:00:49.469 18188 18188 D UE4     : UseExternalFilesDir set to false
03-08 20:00:49.469 18188 18188 D UE4     : AllowIMU set to true
03-08 20:00:49.469 18188 18188 D UE4     : SupportsVulkan set to false
03-08 20:00:49.470 18188 18188 D UE4     : No GearVR mode detected.
03-08 20:00:49.471  1865  5597 W StorageManager: getStorageLowBytes lowPercent : 5, lowBytes : 1225677414, maxLowBytes : 524288000
03-08 20:00:49.484 18188 18188 I Adreno  : QUALCOMM build                   : 1b7798b, I8a9bdcf8d3
03-08 20:00:49.484 18188 18188 I Adreno  : Build Date                       : 03/15/18
03-08 20:00:49.484 18188 18188 I Adreno  : OpenGL ES Shader Compiler Version: EV031.22.00.01
03-08 20:00:49.484 18188 18188 I Adreno  : Local Branch                     : 
03-08 20:00:49.484 18188 18188 I Adreno  : Remote Branch                    : refs/tags/AU_LINUX_ANDROID_LA.UM.6.5.R1.08.00.00.312.043
03-08 20:00:49.484 18188 18188 I Adreno  : Remote Branch                    : NONE
03-08 20:00:49.484 18188 18188 I Adreno  : Reconstruct Branch               : NOTHING
03-08 20:00:49.485 18188 18188 I vndksupport: sphal namespace is not configured for this process. Loading /vendor/lib/hw/gralloc.msm8996.so from the current namespace instead.
03-08 20:00:49.492 18188 18188 I Adreno  : PFP: 0x005ff087, ME: 0x005ff063
03-08 20:00:49.527 18188 18188 D UE4     : Hardware: Qualcomm Technologies, Inc MSM8996
03-08 20:00:49.527 18188 18188 D UE4     : ro.hardware: qcom
03-08 20:00:49.530 18188 18188 D UE4     : Memory: 3722 MB
03-08 20:00:49.536  1865  5597 I chatty  : uid=1000(system) Binder:1865_1C identical 1 line
03-08 20:00:49.537 18188 18188 D UE4     : UseAffinity: false
03-08 20:00:49.538 18188 18188 D UE4     : BigCoreMask: 0xffff
03-08 20:00:49.538 18188 18188 D UE4     : LittleCoreMask: 0x0
03-08 20:00:49.542 18188 18188 D UE4     : APK path: /data/app/com.TeamNA.GiftGame-T8USugiqa2RQgIy7Lp-5iA==/base.apk
03-08 20:00:49.542 18188 18188 D UE4     : OBB in APK: false
03-08 20:00:49.542 18188 18220 D UE4     : Used memory: 187848
03-08 20:00:49.544  1865  5597 W StorageManager: getStorageLowBytes lowPercent : 5, lowBytes : 1225677414, maxLowBytes : 524288000
03-08 20:00:49.546 18188 18188 D UE4     : InternalFilePath found as '/data/user/0/com.TeamNA.GiftGame/files'
03-08 20:00:49.546 18188 18188 D UE4     : ExternalFilePath found as '/storage/emulated/0/Android/data/com.TeamNA.GiftGame/files'
03-08 20:00:49.546 18188 18188 D UE4     : App is running in Landscape
03-08 20:00:49.546 18188 18188 D UE4     : Android version is 8.0.0
03-08 20:00:49.547 18188 18188 D UE4     : Android manufacturer is samsung
03-08 20:00:49.547 18188 18188 D UE4     : Android model is SM-G930V
03-08 20:00:49.547 18188 18188 D UE4     : Android build number is R16NW.G930VVRS9CSB1
03-08 20:00:49.547 18188 18188 D UE4     : OS language is set to en_US
03-08 20:00:49.547 18188 18188 D UE4     : Debugger attached is false
03-08 20:00:49.637 18188 18188 W PopupManager: You have not specified a View to use as content view for popups. Falling back to the Activity content view. Note that this may not work as expected in multi-screen environments
03-08 20:00:49.640 18188 18188 D UE4     : ==============> GameActive.onCreate complete!
03-08 20:00:49.642 18188 18188 V threaded_app: Start: 0xda6acda0
03-08 20:00:49.642 18188 18218 V threaded_app: activityState=10
03-08 20:00:49.642 18188 18188 D UE4     : Creating console command broadcast listener
03-08 20:00:49.642 18188 18218 D UE4     : LogAndroidEvents: EnqueueAppEvent : 9, 0, tid = 18218
03-08 20:00:49.645 18188 18188 D UE4     : ==================================> Inside onStart function in GameActivity
03-08 20:00:49.649 18188 18188 V threaded_app: Resume: 0xda6acda0
03-08 20:00:49.649 18188 18218 V threaded_app: activityState=11
03-08 20:00:49.649 18188 18218 D UE4     : Case APP_CMD_RESUME
03-08 20:00:49.649 18188 18188 D UE4     : === Restoring Transparent Bars ===
03-08 20:00:49.650 18188 18218 D UE4     : LogAndroidEvents: EnqueueAppEvent : 7, 0, tid = 18218
03-08 20:00:49.650 18188 18188 D UE4     : ==============> [JAVA] AndroidThunkJava_KeepScreenOn(false) - Enabled screen saver
03-08 20:00:49.650 18188 18188 D UE4     : Registering sensor listeners
03-08 20:00:49.651  1865  5597 I SensorService: createSensorEventConnection package name com.epicgames.ue4.GameActivity
03-08 20:00:49.653  1865  5597 D SensorService: Calling batch handle==1 flags=0 rate=20000000 timeout== 0
03-08 20:00:49.654   732   732 I qti_sensors_hal: batch:sensor(android.sensor.accelerometer) handle:1 flags:0x0 period_ns 20000000
03-08 20:00:49.654   732   732 I qti_sensors_hal: batch: current sample rate, report rate & buffering are equal to requested (50.000000,0.000000,0)
03-08 20:00:49.656   732   732 I qti_sensors_hal: SMGRReportAdd:sensor(android.sensor.accelerometer) handle=1, sample_rate=50.000000 report_rate=0 buffer=0
03-08 20:00:49.658 18188 18188 D SensorManager: registerListener :: 1, K6DS3TR Accelerometer, 20000, 0,  
03-08 20:00:49.659  1865  5597 D SensorService: Calling batch handle==3 flags=0 rate=20000000 timeout== 0
03-08 20:00:49.659   732   732 I qti_sensors_hal: batch:sensor(android.sensor.magnetic_field) handle:11 flags:0x0 period_ns 20000000
03-08 20:00:49.659   732   732 I qti_sensors_hal: batch: current sample rate, report rate & buffering are equal to requested (50.000000,0.000000,0)
03-08 20:00:49.660   732   732 I qti_sensors_hal: SMGRReportAdd:sensor(android.sensor.magnetic_field) handle=11, sample_rate=50.000000 report_rate=0 buffer=0
03-08 20:00:49.661 18188 18188 D SensorManager: registerListener :: 3, AK09911C Magnetometer, 20000, 0,  
03-08 20:00:49.662   732   881 I qti_sensors_hal: processReportInd: Accel - X: 1.613 Y: 2.398 Z: 9.258
03-08 20:00:49.662  1865  5597 D SensorService: Calling batch handle==5 flags=0 rate=20000000 timeout== 0
03-08 20:00:49.662   732  2440 I qti_sensors_hal: batch:sensor(android.sensor.gyroscope) handle:3 flags:0x0 period_ns 20000000
03-08 20:00:49.662   732  2440 I qti_sensors_hal: batch: current sample rate, report rate & buffering are equal to requested (50.000000,0.000000,0)
03-08 20:00:49.663   732   732 I qti_sensors_hal: SMGRReportAdd:sensor(android.sensor.gyroscope) handle=3, sample_rate=50.000000 report_rate=0 buffer=0
03-08 20:00:49.664 18188 18188 D SensorManager: registerListener :: 5, K6DS3TR Gyroscope, 20000, 0,  
03-08 20:00:49.664 18188 18188 D UE4     : App is running in Landscape
03-08 20:00:49.665 18188 18188 D UE4     : === Restoring Transparent Bars ===
03-08 20:00:49.665 18188 18188 D UE4     : ==============> Resuming main init
03-08 20:00:49.670 18188 18217 D UE4     : APK Commandline: ../../../GiftGame/GiftGame.uproject  /Game/Maps/MainGame -Messaging -SessionId=903FDB024FEC95BBC2F4909F93BF504A -SessionOwner="DSU" -SessionName="Launch On Device" -iterative
03-08 20:00:49.670 18188 18217 D UE4     : Override Commandline: ../../../GiftGame/GiftGame.uproject  /Game/Maps/MainGame -Messaging -SessionId=6EB1BAE5467EAA32E11318999063481B -SessionOwner="DSU" -SessionName="Launch On Device" -iterative
03-08 20:00:49.670 18188 18217 D UE4     : Final commandline: ../../../GiftGame/GiftGame.uproject  /Game/Maps/MainGame -Messaging -SessionId=6EB1BAE5467EAA32E11318999063481B -SessionOwner="DSU" -SessionName="Launch On Device" -iterative
03-08 20:00:49.670 18188 18217 D UE4     : Created sync event
03-08 20:00:49.676 18188 18188 D UE4     : ==============> GameActive.onResume complete!
03-08 20:00:49.678   732   881 I qti_sensors_hal: processReportInd: Cal Mag Filter, 0, 0, 0.000000, 0.000000, 0.000000, 0.000000, 0.000000, 0.000000, 28.096008, -54.435730, -44.723511
03-08 20:00:49.686 18188 18188 V threaded_app: InputQueueCreated: 0xda6acda0 -- 0xda6aec40
03-08 20:00:49.686 18188 18218 V threaded_app: APP_CMD_INPUT_CHANGED
03-08 20:00:49.686 18188 18218 V threaded_app: Attaching input queue to looper
03-08 20:00:49.688 18188 18188 D ViewRootImpl@f1c9a4b[GameActivity]: setView = DecorView@732bc28[GameActivity] TM=true MM=false
03-08 20:00:49.695  1865  5597 D ActivityManager: post active user change for 0 fullscreen true isHomeActivity() false
03-08 20:00:49.700 18188 18188 D ViewRootImpl@e58ced6[GameActivity]: dispatchAttachedToWindow
03-08 20:00:49.700   732   881 I qti_sensors_hal: processReportInd: Gyro - X: -0.127 Y: 0.136 Z: -0.066 status: 3
03-08 20:00:49.703  1865  5597 V WindowManager: Relayout Window{b19fa27 u0 com.TeamNA.GiftGame/com.epicgames.ue4.GameActivity}: viewVisibility=0 req=1920x1008 WM.LayoutParams{(0,0)(fillxfill) gr=#11 sim=#120 ty=2 fl=#1810508 pfl=0x20000 wanim=0x1030001 vsysui=0xf06 needsMenuKey=2 colorMode=0 naviIconColor=0}
03-08 20:00:49.706   773   773 I SurfaceFlinger: id=7365 createSurf (1920x1080),1 flag=404, com.TeamNA.GiftGame/com.epicgames.ue4.GameActivity#0
03-08 20:00:49.708  1865  5597 V Surface : sf_framedrop debug : 0x4f4c, game : false, logging : 0
03-08 20:00:49.725 18188 18188 V Surface : sf_framedrop debug : 0x4f4c, game : false, logging : 0
03-08 20:00:49.725  1865  1926 I zygote64: Background concurrent copying GC freed 97663(5MB) AllocSpace objects, 38(760KB) LOS objects, 30% free, 55MB/79MB, paused 593us total 343.031ms
03-08 20:00:49.727 18188 18188 D ViewRootImpl@e58ced6[GameActivity]: Relayout returned: old=[0,0][0,0] new=[0,0][1920,1080] result=0x7 surface={valid=true 3424028672} changed=true
03-08 20:00:49.727 18188 18219 I Adreno  : QUALCOMM build                   : 1b7798b, I8a9bdcf8d3
03-08 20:00:49.727 18188 18219 I Adreno  : Build Date                       : 03/15/18
03-08 20:00:49.727 18188 18219 I Adreno  : OpenGL ES Shader Compiler Version: EV031.22.00.01
03-08 20:00:49.727 18188 18219 I Adreno  : Local Branch                     : 
03-08 20:00:49.727 18188 18219 I Adreno  : Remote Branch                    : refs/tags/AU_LINUX_ANDROID_LA.UM.6.5.R1.08.00.00.312.043
03-08 20:00:49.727 18188 18219 I Adreno  : Remote Branch                    : NONE
03-08 20:00:49.727 18188 18219 I Adreno  : Reconstruct Branch               : NOTHING
03-08 20:00:49.730 18188 18219 I vndksupport: sphal namespace is not configured for this process. Loading /vendor/lib/hw/gralloc.msm8996.so from the current namespace instead.
03-08 20:00:49.733 18188 18219 I Adreno  : PFP: 0x005ff087, ME: 0x005ff063
03-08 20:00:49.738 18188 18219 I OpenGLRenderer: Initialized EGL, version 1.4
03-08 20:00:49.738 18188 18219 D OpenGLRenderer: Swap behavior 2
03-08 20:00:49.741 18188 18219 D libGLESv1: STS_GLApi : DTS, ODTC are not allowed for Package : com.TeamNA.GiftGame
03-08 20:00:49.742 18188 18219 D OpenGLRenderer: eglCreateWindowSurface = 0xdf4ea6a0
03-08 20:00:49.748 18188 18188 V InputMethodManager: Not IME target window, ignoring
03-08 20:00:49.760 18188 18188 D ViewRootImpl@f1c9a4b[GameActivity]: dispatchAttachedToWindow
03-08 20:00:49.762  1865  5594 V WindowManager: Relayout Window{95ceabe u0 com.TeamNA.GiftGame/com.epicgames.ue4.GameActivity}: viewVisibility=0 req=1920x1008 WM.LayoutParams{(0,0)(fillxfill) sim=#10 ty=1 fl=#1810500 pfl=0x20000 fmt=1 wanim=0x1030001 vsysui=0x1706 sysuil=true needsMenuKey=2 colorMode=0 naviIconColor=0}
03-08 20:00:49.763   773   773 D SurfaceFlinger: duplicate layer name: changing com.TeamNA.GiftGame/com.epicgames.ue4.GameActivity to com.TeamNA.GiftGame/com.epicgames.ue4.GameActivity#1
03-08 20:00:49.763   773   773 I SurfaceFlinger: id=7366 createSurf (1920x1080),1 flag=4, com.TeamNA.GiftGame/com.epicgames.ue4.GameActivity#1
03-08 20:00:49.764  1865  5594 V Surface : sf_framedrop debug : 0x4f4c, game : false, logging : 0
03-08 20:00:49.764  1865  2074 D WindowManager: set systemUiVisibility : systemUiFlags= 0x170e fullscreenStackSysUiFlags= 0x0
03-08 20:00:49.768  1865  5594 D InputDispatcher: Focus entered window: 18188
03-08 20:00:49.769  1865  5597 D WindowManager: adjustSystemUiVisibilityLw : vis= 0x170e
03-08 20:00:49.771 18188 18188 V Surface : sf_framedrop debug : 0x4f4c, game : false, logging : 0
03-08 20:00:49.772 18188 18188 D ViewRootImpl@f1c9a4b[GameActivity]: Relayout returned: old=[0,0][0,0] new=[0,0][1920,1080] result=0x7 surface={valid=true 3424030720} changed=true
03-08 20:00:49.792 18188 18219 D OpenGLRenderer: eglCreateWindowSurface = 0xdf4ea6c8
03-08 20:00:49.804   773   773 I SurfaceFlinger: id=7367 createSurf (1920x1080),4 flag=404, SurfaceView - com.TeamNA.GiftGame/com.epicgames.ue4.GameActivity@4de7d41@0#0
03-08 20:00:49.805   773   773 I SurfaceFlinger: id=7368 createSurf (1920x1080),-1 flag=20404, Background for - SurfaceView - com.TeamNA.GiftGame/com.epicgames.ue4.GameActivity@4de7d41@0#0
03-08 20:00:49.806 18188 18188 D SurfaceView: BG show() Surface(name=Background for - SurfaceView - com.TeamNA.GiftGame/com.epicgames.ue4.GameActivity@4de7d41@0) android.view.SurfaceView{4de7d41 V.E...... ......ID 0,0-1920,1080}
03-08 20:00:49.820 18188 18188 V Surface : sf_framedrop debug : 0x4f4c, game : false, logging : 0
03-08 20:00:49.821 18188 18188 D SurfaceView: surfaceCreated 1 android.view.SurfaceView{4de7d41 V.E...... ......ID 0,0-1920,1080}
03-08 20:00:49.822 18188 18188 V threaded_app: NativeWindowCreated: 0xda6acda0 -- 0xcc169808
03-08 20:00:49.822 18188 18218 V threaded_app: APP_CMD_INIT_WINDOW
03-08 20:00:49.822 18188 18218 D UE4     : Case APP_CMD_INIT_WINDOW
03-08 20:00:49.823 18188 18188 D SurfaceView: surfaceChanged (1920,1080) 1 android.view.SurfaceView{4de7d41 V.E...... ......ID 0,0-1920,1080}
03-08 20:00:49.823 18188 18218 D UE4     : LogAndroidEvents: EnqueueAppEvent : 0, 3424032776, tid = 18218
03-08 20:00:49.838 18188 18188 V threaded_app: Pause: 0xda6acda0
03-08 20:00:49.838 18188 18218 V threaded_app: activityState=13
03-08 20:00:49.838 18188 18218 D UE4     : Case APP_CMD_PAUSE
03-08 20:00:49.838 18188 18218 D UE4     : LogAndroidEvents: EnqueueAppEvent : 6, 0, tid = 18218
03-08 20:00:49.838 18188 18188 D UE4     : Unregistering sensor listeners
03-08 20:00:49.839  1865  5597 D SensorService: Calling activate off 1
03-08 20:00:49.845  1865  5597 D SensorService: Calling activate off 3
03-08 20:00:49.847  1865  5597 D SensorService: Calling activate off 5
03-08 20:00:49.849 18188 18188 D SensorManager: unregisterListener ::   
03-08 20:00:49.849 18188 18188 D UE4     : ==============> GameActive.onPause complete!
03-08 20:00:49.850  1865  5596 D ActivityManager: isScaleDownAnimationEnabled() : false
03-08 20:00:49.855  1865  5596 D PersonaManagerService: Current focused persona service handled id set to : 0
03-08 20:00:49.855  1865  5596 D InputDispatcher: Focused application set to: xxxx
03-08 20:00:49.856  1865  5596 D InputDispatcher: Focus left window: 18188
03-08 20:00:49.860  1865  2992 D GameManagerService: handleForegroundChange(). pkgName: com.google.android.packageinstaller, clsName: com.android.packageinstaller.permission.ui.GrantPermissionsActivity,FgActivityName:com.google.android.packageinstaller/com.android.packageinstaller.permission.ui.GrantPermissionsActivity
03-08 20:00:49.860  1865  5596 D MARsPolicyManager: onPackageResumedFG pkgName = com.google.android.packageinstaller, userId = 0
03-08 20:00:49.860  1865  2992 D GameManagerService: sem_perfomance_mode: 0
03-08 20:00:49.860  1865  2992 D GameManagerService: notifyResumePause(). pkg: com.google.android.packageinstaller, type: 4, isMinimized: false, isTunableApp: false
03-08 20:00:49.860  1865  2992 D GameManagerService:   notifyResumePause(). do nothing. mKillNotiCount: 3
03-08 20:00:49.868  3378  4902 D ForegroundUtils: could not check pending caller
03-08 20:00:49.869  1865  3760 D Dex2oatAdjuster: Before bg size = 0
03-08 20:00:49.869  1865  3760 D Dex2oatAdjuster: After bg size = 0 fg size = 0
03-08 20:00:49.869 18188 18188 D ViewRootImpl@e58ced6[GameActivity]: MSG_RESIZED_REPORT: frame=Rect(0, 0 - 1920, 1080) ci=Rect(0, 0 - 0, 0) vi=Rect(0, 0 - 0, 0) or=2
03-08 20:00:49.884  1865  9170 D GamePkgDataHelper: getGamePkgDataIncServer(). com.google.android.packageinstaller
03-08 20:00:49.885  1865  9170 D GameManagerService: identifyGamePackage. com.google.android.packageinstaller
03-08 20:00:49.885  1865  9170 D GamePkgDataHelper: getGamePkgData(). com.google.android.packageinstaller
03-08 20:00:49.888  1865  2074 D WindowManager: set systemUiVisibility : systemUiFlags= 0x140a fullscreenStackSysUiFlags= 0x0
03-08 20:00:49.888  1865  9170 D GameManagerService: identifyGamePackage. com.google.android.packageinstaller
03-08 20:00:49.888  1865  9170 D GamePkgDataHelper: getGamePkgData(). com.google.android.packageinstaller
03-08 20:00:49.893  1865  5597 D WindowManager: adjustSystemUiVisibilityLw : vis= 0x140a
03-08 20:00:49.896  1044  2129 V APM_AudioPolicyManager: getAudioPolicyConfig: audioParam;outDevice
03-08 20:00:49.896  1044  2129 V APM_AudioPolicyManager: getNewOutputDevice() selected device 0
03-08 20:00:49.896  1044  2129 V APM_AudioPolicyManager: ### curdevice : 2
03-08 20:00:49.896  1044  2129 V APM_AudioPolicyManager: getAudioPolicyConfig: audioParam;outDevice
03-08 20:00:49.897  1044  2129 V APM_AudioPolicyManager: getNewOutputDevice() selected device 0
03-08 20:00:49.897  1044  2129 V APM_AudioPolicyManager: ### curdevice : 2
03-08 20:00:49.897  1044  2129 V APM_AudioPolicyManager: getAudioPolicyConfig: audioParam;outDevice
03-08 20:00:49.897  1044  2129 V APM_AudioPolicyManager: getNewOutputDevice() selected device 0
03-08 20:00:49.897  1044  2129 V APM_AudioPolicyManager: ### curdevice : 2
03-08 20:00:49.898   807   833 E Sensors : sns_reg.c(279):invalid data len: 1541402964 (126)
03-08 20:00:49.905  1044  2129 V APM_AudioPolicyManager: getAudioPolicyConfig: audioParam;activeStream
03-08 20:00:49.905  1044  2129 V APM_AudioPolicyManager: ### active stream : 0
03-08 20:00:49.905  1865  9170 D AudioService: active stream is 0x0
03-08 20:00:49.908  1865  9170 D GameManagerService: identifyGamePackage. com.google.android.packageinstaller
03-08 20:00:49.908  1865  9170 D GamePkgDataHelper: getGamePkgData(). com.google.android.packageinstaller
03-08 20:00:49.914  1865  9170 D GameManagerService: identifyGamePackage. com.google.android.packageinstaller
03-08 20:00:49.914  1865  9170 D GamePkgDataHelper: getGamePkgData(). com.google.android.packageinstaller
03-08 20:00:49.927 17089 17089 D ScrollView: initGoToTop
03-08 20:00:49.967  3108 28317 D SystemServicesProxy: updateOverviewLastStackActiveTimeAsync: newTime=1552096849857
03-08 20:00:49.967  1865  5597 D SecContentProvider: query(), uri = 17 selection = isSettingsChangesAllowed
03-08 20:00:49.969  1865  5597 D SecContentProvider: called from android.uid.systemui:10063
03-08 20:00:49.978  3108  3250 D SystemServicesProxy: updateOverviewLastStackActiveTimeAsync: done.
03-08 20:00:50.001  1865  2517 D MdnieScenarioControlService:  packageName : com.google.android.packageinstaller    className : com.android.packageinstaller.permission.ui.GrantPermissionsActivity
03-08 20:00:50.001  1865  2517 V MdnieScenarioControlService: setUIMode from UI function(3)
03-08 20:00:50.012 18188 18219 I vndksupport: sphal namespace is not configured for this process. Loading /vendor/lib/hw/gralloc.msm8996.so from the current namespace instead.
03-08 20:00:50.022   737   778 E ANDR-PERF-MPCTL: Invalid profile no. 0, total profiles 0 only
03-08 20:00:50.022  1865  5596 D CustomFrequencyManagerService: releaseDVFSLockLocked : Getting Lock type frm List : DVFS_MIN_LIMIT  frequency : 1555200  uid : 1000  pid : 1865  tag : AMS_APP_SWITCH@CPU_MIN@69
03-08 20:00:50.023  1865  5596 D CustomFrequencyManagerService: acquireDVFSLockLocked : type : DVFS_MIN_LIMIT  frequency : 1555200  uid : 1000  pid : 1865  pkgName : AMS_APP_SWITCH@CPU_MIN@69
03-08 20:00:50.023  1865  5596 D ActivityManagerPerformance: AMP_acquire() APP_SWITCH
03-08 20:00:50.023  1865  3761 D ActivityManagerPerformance: Received MSG_CFMS_HINT_AMS_SWITCH pkgName: com.TeamNA.GiftGame
03-08 20:00:50.023  1865  5596 D ActivityManager: isScaleDownAnimationEnabled() : false
03-08 20:00:50.024  1865  5596 D PersonaManagerService: Current focused persona service handled id set to : 0
03-08 20:00:50.024  1865  5596 D InputDispatcher: Focused application set to: xxxx
03-08 20:00:50.025  1865  2074 D WindowManager: set systemUiVisibility : systemUiFlags= 0x170a fullscreenStackSysUiFlags= 0x0
03-08 20:00:50.026  1865  5596 D InputDispatcher: Focus entered window: 18188
03-08 20:00:50.027  1865  5597 D WindowManager: adjustSystemUiVisibilityLw : vis= 0x170a
03-08 20:00:50.032  1865  5596 D MARsPolicyManager: onPackageResumedFG pkgName = com.TeamNA.GiftGame, userId = 0
03-08 20:00:50.038  1865  2992 D GameManagerService: handleForegroundChange(). pkgName: com.TeamNA.GiftGame, clsName: com.epicgames.ue4.GameActivity,FgActivityName:com.TeamNA.GiftGame/com.epicgames.ue4.GameActivity
03-08 20:00:50.039  1865  2992 D GameManagerService: sem_perfomance_mode: 0
03-08 20:00:50.039  1865  2992 D GameManagerService: notifyResumePause(). pkg: com.TeamNA.GiftGame, type: 4, isMinimized: false, isTunableApp: false
03-08 20:00:50.039  1865  2992 D GameManagerService:   notifyResumePause(). do nothing. mKillNotiCount: 3
03-08 20:00:50.042  1865  5597 V WindowManager: finishDrawingLocked: mDrawState=COMMIT_DRAW_PENDING Window{b19fa27 u0 com.TeamNA.GiftGame/com.epicgames.ue4.GameActivity} in Surface(name=com.TeamNA.GiftGame/com.epicgames.ue4.GameActivity)
03-08 20:00:50.047  1865  5597 V WindowManager: Relayout Window{95ceabe u0 com.TeamNA.GiftGame/com.epicgames.ue4.GameActivity}: viewVisibility=0 req=1920x1080 WM.LayoutParams{(0,0)(fillxfill) sim=#10 ty=1 fl=#1810500 pfl=0x20000 fmt=1 wanim=0x1030001 vsysui=0x1706 sysuil=true needsMenuKey=2 colorMode=0 naviIconColor=0}
03-08 20:00:50.053 18188 18188 D ViewRootImpl@f1c9a4b[GameActivity]: Relayout returned: old=[0,0][1920,1080] new=[0,0][1920,1080] result=0x3 surface={valid=true 3424030720} changed=false
03-08 20:00:50.072  1865  5597 V WindowManager: finishDrawingLocked: mDrawState=COMMIT_DRAW_PENDING Window{95ceabe u0 com.TeamNA.GiftGame/com.epicgames.ue4.GameActivity} in Surface(name=com.TeamNA.GiftGame/com.epicgames.ue4.GameActivity)
03-08 20:00:50.075 18188 18188 D ViewRootImpl@f1c9a4b[GameActivity]: MSG_RESIZED_REPORT: frame=Rect(0, 0 - 1920, 1080) ci=Rect(0, 0 - 0, 0) vi=Rect(0, 0 - 0, 0) or=2
03-08 20:00:50.076 18188 18188 D ViewRootImpl@f1c9a4b[GameActivity]: MSG_WINDOW_FOCUS_CHANGED 1
03-08 20:00:50.085  1865  2437 D ViewRootImpl@d92872d[GiftGame]: dispatchDetachedFromWindow
03-08 20:00:50.085  1865  2437 D InputEventReceiver: channel '6617462 Splash Screen com.TeamNA.GiftGame (client)' ~ Disposing input event receiver.
03-08 20:00:50.085  1865  2437 D InputEventReceiver: channel '6617462 Splash Screen com.TeamNA.GiftGame (client)' ~NativeInputEventReceiver.
03-08 20:00:50.086 18188 18188 V threaded_app: WindowFocusChanged: 0xda6acda0 -- 1
03-08 20:00:50.086 18188 18218 D UE4     : LogAndroidEvents: EnqueueAppEvent : 11, 0, tid = 18218
03-08 20:00:50.088 18188 18217 D UE4     : EGL Extensions: 
03-08 20:00:50.088 18188 18217 D UE4     : EGL_KHR_get_all_proc_addresses EGL_ANDROID_presentation_time EGL_KHR_swap_buffers_with_damage EGL_ANDROID_get_native_client_buffer EGL_ANDROID_front_buffer_auto_refresh EGL_ANDROID_get_frame_timestamps EGL_KHR_image EGL_KHR_image_base EGL_KHR_lock_surface EGL_KHR_gl_colorspace EGL_KHR_gl_texture_2D_image EGL_KHR_gl_texture_3D_image EGL_KHR_gl_texture_cubemap_image EGL_KHR_gl_renderbuffer_image EGL_KHR_reusable_sync EGL_KHR_fence_sync EGL_KHR_create_context EGL_KHR_surfaceless_context EGL_EXT_create_context_robustness EGL_ANDROID_image_native_buffer EGL_KHR_wait_sync EGL_ANDROID_recordable EGL_KHR_partial_update EGL_EXT_pixel_format_float EGL_KHR_create_context_no_error EGL_KHR_mutable_render_buffer EGL_EXT_yuv_surface EGL_EXT_protected_content EGL_IMG_context_priority EGL_KHR_no_config_context 
03-08 20:00:50.089  1865  2437 I WindowManager: Destroying surface Surface(name=Splash Screen com.TeamNA.GiftGame) called by com.android.server.wm.WindowStateAnimator.destroySurface:2501 com.android.server.wm.WindowStateAnimator.destroySurfaceLocked:985 com.android.server.wm.WindowState.removeImmediately:2404 com.android.server.wm.WindowState.removeIfPossible:2612 com.android.server.wm.WindowState.removeIfPossible:2442 com.android.server.wm.WindowManagerService.removeWindow:2020 com.android.server.wm.Session.remove:237 android.view.ViewRootImpl.dispatchDetachedFromWindow:4101 
03-08 20:00:50.089   773  2529 I SurfaceFlinger: id=7359 Removed Splash Screen com.TeamNA.GiftGame#0 (1/5)
03-08 20:00:50.089   773  2529 I SurfaceFlinger: id=7359 Removed Splash Screen com.TeamNA.GiftGame#0 (-2/5)
03-08 20:00:50.096 18188 18217 D UE4     : FAndroidGPUInfo
03-08 20:00:50.096 18188 18217 D UE4     : AndroidEGL::InitSurface 1, 1
03-08 20:00:50.097   737   778 E ANDR-PERF-MPCTL: Invalid profile no. 0, total profiles 0 only
03-08 20:00:50.098  1865  2111 D CustomFrequencyManagerService: acquireDVFSLockLocked : type : DVFS_MIN_LIMIT  frequency : 1555200  uid : 1000  pid : 1865  pkgName : AMS_RESUME_TAIL@CPU_MIN@26
03-08 20:00:50.098 18188 18217 D UE4     : AndroidEGL::CreateEGLSurface() 0xcc503aa0
03-08 20:00:50.098 18188 18217 D UE4     : AndroidEGL::CreateEGLSurface(1), auxSurface = eglCreatePbufferSurface(), 8x8
03-08 20:00:50.100  1865  1865 D PreBindingService: handleMessage : 1
03-08 20:00:50.100  1865  2111 D ActivityManagerPerformance: AMP_acquire() TAIL
03-08 20:00:50.101  1865  2111 D CustomFrequencyManagerService: releaseDVFSLockLocked : Getting Lock type frm List : DVFS_MIN_LIMIT  frequency : 1555200  uid : 1000  pid : 1865  tag : AMS_APP_SWITCH@CPU_MIN@69
03-08 20:00:50.101  1865  2111 D ActivityManagerPerformance: AMP_release() APP_SWITCH
03-08 20:00:50.102 18188 18217 I vndksupport: sphal namespace is not configured for this process. Loading /vendor/lib/hw/vulkan.msm8996.so from the current namespace instead.
03-08 20:00:50.104   773   773 I Layer   : id=7359 onRemoved Splash Screen com.TeamNA.GiftGame#0 
03-08 20:00:50.107 18188 18188 V InputMethodManager: Starting input: tba=android.view.inputmethod.EditorInfo@ff44ce9 nm : com.TeamNA.GiftGame ic=null
03-08 20:00:50.107 18188 18188 I InputMethodManager: startInputInner - mService.startInputOrWindowGainedFocus
03-08 20:00:50.108  1865  5596 D InputMethodManagerService: startInputOrWindowGainedFocus : windowGainedFocus 
03-08 20:00:50.108  1865  5596 D InputMethodManagerService: windowGainedFocus: destinationUserId (getCallingUid) = 0
03-08 20:00:50.108  1865  5596 D InputMethodManagerService: windowGainedFocus: currentUserId=0
03-08 20:00:50.108  1865  5596 D InputMethodManagerService: windowGainedFocus: mCurrentFocusedUserId=0
03-08 20:00:50.108  1865  5596 D InputMethodManagerService: windowGainedFocus : lock - currentUserId = 0 destinationUserId = 0
03-08 20:00:50.108  1865  5596 D InputMethodManagerService: windowGainedFocus : mCurrentFocusedUserId - 0 and mSecureKeypadEnabled - false, userSwitched - false
03-08 20:00:50.108   773   773 I SurfaceFlinger: Display 0 HWC layers:
03-08 20:00:50.108   773   773 I SurfaceFlinger:     type    |    handle    | flag |  format   |   source crop (l,t,r,b)    |         frame       | name 
03-08 20:00:50.108   773   773 I SurfaceFlinger: ------------+--------------+------+-----------+----------------------------+---------------------+------
03-08 20:00:50.108   773   773 I SurfaceFlinger:      Device | 0x71b057bb80 | 0002 | RGBA_8888 |   0.0    0.0 1080.0 1920.0 |    0    0 1080 1920 | com.TeamNA.GiftGame/com.epicgames.ue4.GameActivity#0
03-08 20:00:50.108   773   773 I SurfaceFlinger: 
03-08 20:00:50.109  1865  5596 V InputMethodManagerService: windowGainedFocus : reason=WINDOW_FOCUS_GAIN client=android.os.BinderProxy@435741 inputContext=null missingMethods= attribute=android.view.inputmethod.EditorInfo@ef92b1 nm = com.TeamNA.GiftGame controlFlags=#105 softInputMode=#10 windowFlags=#1810500
03-08 20:00:50.109  1865  5596 V InputMethodManagerService: hideCurrentInputLocked : shouldHideSoftInput is false
03-08 20:00:50.109  1865  5596 D InputMethodManagerService: isImeSwitcherDisabledPackage : false
03-08 20:00:50.109  1865  5596 V InputMethodManagerService: Creating new session for client ClientState{a999396 uid 10572 pid 18188}
03-08 20:00:50.110 18188 18188 D UE4     : === Restoring Transparent Bars due to Visibility Change ===
03-08 20:00:50.110 18188 18188 D UE4     : === Restoring Transparent Bars ===
03-08 20:00:50.112 18188 18188 D ViewRootImpl@f1c9a4b[GameActivity]: MSG_WINDOW_FOCUS_CHANGED 0
03-08 20:00:50.113  1865  5596 D InputMethodManagerService: setCurrentInputInfo - inputContext : null eidtorInfo : android.view.inputmethod.EditorInfo@ef92b1 missingMethods : 0
03-08 20:00:50.113 18188 18188 V threaded_app: WindowFocusChanged: 0xda6acda0 -- 0
03-08 20:00:50.113 18188 18218 D UE4     : LogAndroidEvents: EnqueueAppEvent : 10, 0, tid = 18218
03-08 20:00:50.116  3090  3090 I InputMethodWrapper:  call dispatchStartInputWithToken
03-08 20:00:50.116  3090  3090 I InputMethodService: dispatchStartInputWithToken
03-08 20:00:50.117  3090  3090 I SKBD    : SamsungKeypad [IMI] onStartInput - caller pid : 18188, caller uid : 10572
03-08 20:00:50.119 18188 18188 D UE4     : === Restoring Transparent Bars due to Visibility Change ===
03-08 20:00:50.119 18188 18188 D UE4     : === Restoring Transparent Bars ===
03-08 20:00:50.119 18188 18188 D ViewRootImpl@f1c9a4b[GameActivity]: MSG_WINDOW_FOCUS_CHANGED 1
03-08 20:00:50.121  3108 28317 D SystemServicesProxy: updateOverviewLastStackActiveTimeAsync: newTime=1552096850027
03-08 20:00:50.122 18188 18188 V threaded_app: WindowFocusChanged: 0xda6acda0 -- 1
03-08 20:00:50.122 18188 18218 D UE4     : LogAndroidEvents: EnqueueAppEvent : 11, 0, tid = 18218
03-08 20:00:50.122  1865  3448 D SecContentProvider: query(), uri = 17 selection = isSettingsChangesAllowed
03-08 20:00:50.123  1865  3448 D SecContentProvider: called from android.uid.systemui:10063
03-08 20:00:50.124  1865  1865 D CustomFrequencyManagerService: releaseDVFSLockLocked : Getting Lock type frm List : DVFS_MIN_LIMIT  frequency : 2150400  uid : 1000  pid : 1865  tag : PWM_ROTATION@CPU_MIN@98
03-08 20:00:50.127  1865  5596 D InputMethodManagerService: startInputOrWindowGainedFocus : windowGainedFocus 
03-08 20:00:50.128  1865  5596 D InputMethodManagerService: windowGainedFocus: destinationUserId (getCallingUid) = 0
03-08 20:00:50.128  1865  5596 D InputMethodManagerService: windowGainedFocus: currentUserId=0
03-08 20:00:50.128  1865  5596 D InputMethodManagerService: windowGainedFocus: mCurrentFocusedUserId=0
03-08 20:00:50.128  1865  5596 D InputMethodManagerService: windowGainedFocus : lock - currentUserId = 0 destinationUserId = 0
03-08 20:00:50.128  1865  5596 D InputMethodManagerService: windowGainedFocus : mCurrentFocusedUserId - 0 and mSecureKeypadEnabled - false, userSwitched - false
03-08 20:00:50.128  1865  5596 W InputMethodManagerService: Window already focused, ignoring focus gain of: com.android.internal.view.IInputMethodClient$Stub$Proxy@8ddb04 attribute=null, token = android.os.BinderProxy@eaad79
03-08 20:00:50.129  3108  3250 D SystemServicesProxy: updateOverviewLastStackActiveTimeAsync: done.
03-08 20:00:50.131 18188 18188 D PermissionFragment: permission granted for android.permission.WRITE_EXTERNAL_STORAGE
03-08 20:00:50.163 18188 18188 V threaded_app: Resume: 0xda6acda0
03-08 20:00:50.163 18188 18218 V threaded_app: activityState=11
03-08 20:00:50.163 18188 18218 D UE4     : Case APP_CMD_RESUME
03-08 20:00:50.163 18188 18188 D UE4     : === Restoring Transparent Bars ===
03-08 20:00:50.163 18188 18218 D UE4     : LogAndroidEvents: EnqueueAppEvent : 7, 0, tid = 18218
03-08 20:00:50.163 18188 18188 D UE4     : ==============> [JAVA] AndroidThunkJava_KeepScreenOn(false) - Enabled screen saver
03-08 20:00:50.163 18188 18188 D UE4     : Registering sensor listeners
03-08 20:00:50.164  1865  5596 I SensorService: createSensorEventConnection package name com.epicgames.ue4.GameActivity
03-08 20:00:50.165  1865  5596 D SensorService: Calling batch handle==1 flags=0 rate=20000000 timeout== 0
03-08 20:00:50.165   732   732 I qti_sensors_hal: batch:sensor(android.sensor.accelerometer) handle:1 flags:0x0 period_ns 20000000
03-08 20:00:50.165   732   732 I qti_sensors_hal: batch: current sample rate, report rate & buffering are equal to requested (50.000000,0.000000,0)
03-08 20:00:50.167   732   732 I qti_sensors_hal: SMGRReportAdd:sensor(android.sensor.accelerometer) handle=1, sample_rate=50.000000 report_rate=0 buffer=0
03-08 20:00:50.168 18188 18217 D vulkan  : searching for layers in '/data/app/com.TeamNA.GiftGame-T8USugiqa2RQgIy7Lp-5iA==/lib/arm'
03-08 20:00:50.168 18188 18188 D SensorManager: registerListener :: 1, K6DS3TR Accelerometer, 20000, 0,  
03-08 20:00:50.168 18188 18217 D vulkan  : searching for layers in '/data/app/com.TeamNA.GiftGame-T8USugiqa2RQgIy7Lp-5iA==/base.apk!/lib/armeabi-v7a'
03-08 20:00:50.168 18188 18217 D vulkan  : vulkan api version_1_0 1.0.0
03-08 20:00:50.168 18188 18217 D vulkan  : vulkan header version 46
03-08 20:00:50.168  1865  5596 D SensorService: Calling batch handle==3 flags=0 rate=20000000 timeout== 0
03-08 20:00:50.169   732   732 I qti_sensors_hal: batch:sensor(android.sensor.magnetic_field) handle:11 flags:0x0 period_ns 20000000
03-08 20:00:50.169 18188 18217 I Adreno  : QUALCOMM build          : 1b7798b, I8a9bdcf8d3
03-08 20:00:50.169 18188 18217 I Adreno  : Build Date              : 03/15/18
03-08 20:00:50.169 18188 18217 I Adreno  : Shader Compiler Version : EV031.22.00.01
03-08 20:00:50.169 18188 18217 I Adreno  : Local Branch            : 
03-08 20:00:50.169 18188 18217 I Adreno  : Remote Branch           : refs/tags/AU_LINUX_ANDROID_LA.UM.6.5.R1.08.00.00.312.043
03-08 20:00:50.169 18188 18217 I Adreno  : Remote Branch           : NONE
03-08 20:00:50.169 18188 18217 I Adreno  : Reconstruct Branch      : NOTHING
03-08 20:00:50.169   732   732 I qti_sensors_hal: batch: current sample rate, report rate & buffering are equal to requested (50.000000,0.000000,0)
03-08 20:00:50.169 18188 18217 I vndksupport: sphal namespace is not configured for this process. Loading /vendor/lib/hw/gralloc.msm8996.so from the current namespace instead.
03-08 20:00:50.170   732   732 I qti_sensors_hal: SMGRReportAdd:sensor(android.sensor.magnetic_field) handle=11, sample_rate=50.000000 report_rate=0 buffer=0
03-08 20:00:50.171 18188 18188 D SensorManager: registerListener :: 3, AK09911C Magnetometer, 20000, 0,  
03-08 20:00:50.172  1865  5596 D SensorService: Calling batch handle==5 flags=0 rate=20000000 timeout== 0
03-08 20:00:50.172   732   732 I qti_sensors_hal: batch:sensor(android.sensor.gyroscope) handle:3 flags:0x0 period_ns 20000000
03-08 20:00:50.172   732   732 I qti_sensors_hal: batch: current sample rate, report rate & buffering are equal to requested (50.000000,0.000000,0)
03-08 20:00:50.173   732   732 I qti_sensors_hal: SMGRReportAdd:sensor(android.sensor.gyroscope) handle=3, sample_rate=50.000000 report_rate=0 buffer=0
03-08 20:00:50.175 18188 18188 D SensorManager: registerListener :: 5, K6DS3TR Gyroscope, 20000, 0,  
03-08 20:00:50.175 18188 18188 D UE4     : App is running in Landscape
03-08 20:00:50.175 18188 18188 D UE4     : === Restoring Transparent Bars ===
03-08 20:00:50.175 18188 18188 D UE4     : ==============> Resuming main init
03-08 20:00:50.175 18188 18188 D UE4     : ==============> GameActive.onResume complete!
03-08 20:00:50.176  1865  5596 D ActivityManager: post active user change for 0 fullscreen true isHomeActivity() false
03-08 20:00:50.179  1865  5597 V WindowManager: Relayout Window{95ceabe u0 com.TeamNA.GiftGame/com.epicgames.ue4.GameActivity}: viewVisibility=0 req=1920x1080 WM.LayoutParams{(0,0)(fillxfill) sim=#110 ty=1 fl=#1810500 pfl=0x20000 fmt=1 wanim=0x1030001 vsysui=0x1706 sysuil=true needsMenuKey=2 colorMode=0 naviIconColor=0}
03-08 20:00:50.182   732   881 I qti_sensors_hal: processReportInd: Cal Mag Filter, 0, 0, 0.000000, 0.000000, 0.000000, 0.000000, 0.000000, 0.000000, 26.026917, -55.137634, -45.437622
03-08 20:00:50.182  1865  2074 D WindowManager: set systemUiVisibility : systemUiFlags= 0x170e fullscreenStackSysUiFlags= 0x0
03-08 20:00:50.190 18188 18188 D ViewRootImpl@f1c9a4b[GameActivity]: Relayout returned: old=[0,0][1920,1080] new=[0,0][1920,1080] result=0x1 surface={valid=true 3424030720} changed=false
03-08 20:00:50.193  1865  3448 D WindowManager: adjustSystemUiVisibilityLw : vis= 0x170e
