03-11 18:38:46.118 22333 22372 D UE4     : [2019.03.11-23.38.46:118][  0]LogConfig: Setting CVar [[r.AmbientOcclusionRadiusScale:1.0]]
03-11 18:38:46.118 22333 22372 D UE4     : [2019.03.11-23.38.46:118][  0]LogConfig: Setting CVar [[r.DepthOfFieldQuality:2]]
03-11 18:38:46.118 22333 22372 D UE4     : [2019.03.11-23.38.46:118][  0]LogConsoleManager: Setting the console variable 'r.DepthOfFieldQuality' with 'SetByScalability' was ignored as it is lower priority than the previous 'SetByDeviceProfile'. Value remains '1'
03-11 18:38:46.118 22333 22372 D UE4     : [2019.03.11-23.38.46:118][  0]LogConfig: Setting CVar [[r.RenderTargetPoolMin:400]]
03-11 18:38:46.118 22333 22372 D UE4     : [2019.03.11-23.38.46:118][  0]LogConfig: Setting CVar [[r.LensFlareQuality:2]]
03-11 18:38:46.118 22333 22372 D UE4     : [2019.03.11-23.38.46:118][  0]LogConfig: Setting CVar [[r.SceneColorFringeQuality:1]]
03-11 18:38:46.118 22333 22372 D UE4     : [2019.03.11-23.38.46:118][  0]LogConfig: Setting CVar [[r.EyeAdaptationQuality:2]]
03-11 18:38:46.118 22333 22372 D UE4     : [2019.03.11-23.38.46:118][  0]LogConfig: Setting CVar [[r.BloomQuality:5]]
03-11 18:38:46.118 22333 22372 D UE4     : [2019.03.11-23.38.46:118][  0]LogConsoleManager: Setting the console variable 'r.BloomQuality' with 'SetByScalability' was ignored as it is lower priority than the previous 'SetByDeviceProfile'. Value remains '1'
03-11 18:38:46.119 22333 22372 D UE4     : [2019.03.11-23.38.46:118][  0]LogConfig: Setting CVar [[r.FastBlurThreshold:100]]
03-11 18:38:46.119 22333 22372 D UE4     : [2019.03.11-23.38.46:119][  0]LogConfig: Setting CVar [[r.Upscale.Quality:3]]
03-11 18:38:46.119 22333 22372 D UE4     : [2019.03.11-23.38.46:119][  0]LogConfig: Setting CVar [[r.Tonemapper.GrainQuantization:1]]
03-11 18:38:46.119 22333 22372 D UE4     : [2019.03.11-23.38.46:119][  0]LogConfig: Setting CVar [[r.LightShaftQuality:1]]
03-11 18:38:46.119 22333 22372 D UE4     : [2019.03.11-23.38.46:119][  0]LogConsoleManager: Setting the console variable 'r.LightShaftQuality' with 'SetByScalability' was ignored as it is lower priority than the previous 'SetByDeviceProfile'. Value remains '1'
03-11 18:38:46.119 22333 22372 D UE4     : [2019.03.11-23.38.46:119][  0]LogConfig: Setting CVar [[r.Filter.SizeScale:1]]
03-11 18:38:46.119 22333 22372 D UE4     : [2019.03.11-23.38.46:119][  0]LogConfig: Setting CVar [[r.Tonemapper.Quality:5]]
03-11 18:38:46.119 22333 22372 D UE4     : [2019.03.11-23.38.46:119][  0]LogConfig: Setting CVar [[r.DOF.Gather.AccumulatorQuality:1        ; higher gathering accumulator quality]]
03-11 18:38:46.119 22333 22372 D UE4     : [2019.03.11-23.38.46:119][  0]LogConfig: Setting CVar [[r.DOF.Gather.PostfilterMethod:1          ; Median3x3 postfilering method]]
03-11 18:38:46.119 22333 22372 D UE4     : [2019.03.11-23.38.46:119][  0]LogConfig: Setting CVar [[r.DOF.Gather.EnableBokehSettings:0       ; no bokeh simulation when gathering]]
03-11 18:38:46.119 22333 22372 D UE4     : [2019.03.11-23.38.46:119][  0]LogConfig: Setting CVar [[r.DOF.Gather.RingCount:4                 ; medium number of samples when gathering]]
03-11 18:38:46.119 22333 22372 D UE4     : [2019.03.11-23.38.46:119][  0]LogConfig: Setting CVar [[r.DOF.Scatter.ForegroundCompositing:1    ; additive foreground scattering]]
03-11 18:38:46.119 22333 22372 D UE4     : [2019.03.11-23.38.46:119][  0]LogConfig: Setting CVar [[r.DOF.Scatter.BackgroundCompositing:2    ; additive background scattering]]
03-11 18:38:46.119 22333 22372 D UE4     : [2019.03.11-23.38.46:119][  0]LogConfig: Setting CVar [[r.DOF.Scatter.EnableBokehSettings:1      ; bokeh simulation when scattering]]
03-11 18:38:46.119 22333 22372 D UE4     : [2019.03.11-23.38.46:119][  0]LogConfig: Setting CVar [[r.DOF.Scatter.MaxSpriteRatio:0.1         ; only a maximum of 10% of scattered bokeh]]
03-11 18:38:46.119 22333 22372 D UE4     : [2019.03.11-23.38.46:119][  0]LogConfig: Setting CVar [[r.DOF.Recombine.Quality:1                ; cheap slight out of focus]]
03-11 18:38:46.119 22333 22372 D UE4     : [2019.03.11-23.38.46:119][  0]LogConfig: Setting CVar [[r.DOF.Recombine.EnableBokehSettings:0    ; no bokeh simulation on slight out of focus]]
03-11 18:38:46.119 22333 22372 D UE4     : [2019.03.11-23.38.46:119][  0]LogConfig: Setting CVar [[r.DOF.TemporalAAQuality:1                ; more stable temporal accumulation]]
03-11 18:38:46.119 22333 22372 D UE4     : [2019.03.11-23.38.46:119][  0]LogConfig: Setting CVar [[r.DOF.Kernel.MaxForegroundRadius:0.025]]
03-11 18:38:46.120 22333 22372 D UE4     : [2019.03.11-23.38.46:120][  0]LogConfig: Setting CVar [[r.DOF.Kernel.MaxBackgroundRadius:0.025]]
03-11 18:38:46.120 22333 22372 D UE4     : [2019.03.11-23.38.46:120][  0]LogConfig: Applying CVar settings from Section [TextureQuality@3] File [../../../GiftGame/Saved/Config/Android/Scalability.ini]
03-11 18:38:46.120 22333 22372 D UE4     : [2019.03.11-23.38.46:120][  0]LogConfig: Setting CVar [[r.Streaming.MipBias:0]]
03-11 18:38:46.120 22333 22372 D UE4     : [2019.03.11-23.38.46:120][  0]LogConfig: Setting CVar [[r.Streaming.AmortizeCPUToGPUCopy:0]]
03-11 18:38:46.120 22333 22372 D UE4     : [2019.03.11-23.38.46:120][  0]LogConfig: Setting CVar [[r.Streaming.MaxNumTexturesToStreamPerFrame:0]]
03-11 18:38:46.120 22333 22372 D UE4     : [2019.03.11-23.38.46:120][  0]LogConfig: Setting CVar [[r.Streaming.Boost:1]]
03-11 18:38:46.120 22333 22372 D UE4     : [2019.03.11-23.38.46:120][  0]LogConfig: Setting CVar [[r.MaxAnisotropy:8]]
03-11 18:38:46.120 22333 22372 D UE4     : [2019.03.11-23.38.46:120][  0]LogConfig: Setting CVar [[r.Streaming.LimitPoolSizeToVRAM:0]]
03-11 18:38:46.120 22333 22372 D UE4     : [2019.03.11-23.38.46:120][  0]LogConfig: Setting CVar [[r.Streaming.PoolSize:1000]]
03-11 18:38:46.120 22333 22372 D UE4     : [2019.03.11-23.38.46:120][  0]LogConfig: Setting CVar [[r.Streaming.MaxEffectiveScreenSize:0]]
03-11 18:38:46.120 22333 22372 D UE4     : [2019.03.11-23.38.46:120][  0]LogConfig: Applying CVar settings from Section [EffectsQuality@3] File [../../../GiftGame/Saved/Config/Android/Scalability.ini]
03-11 18:38:46.120 22333 22372 D UE4     : [2019.03.11-23.38.46:120][  0]LogConfig: Setting CVar [[r.TranslucencyLightingVolumeDim:64]]
03-11 18:38:46.120 22333 22372 D UE4     : [2019.03.11-23.38.46:120][  0]LogConfig: Setting CVar [[r.RefractionQuality:2]]
03-11 18:38:46.120 22333 22372 D UE4     : [2019.03.11-23.38.46:120][  0]LogConsoleManager: Setting the console variable 'r.RefractionQuality' with 'SetByScalability' was ignored as it is lower priority than the previous 'SetByDeviceProfile'. Value remains '1'
03-11 18:38:46.120 22333 22372 D UE4     : [2019.03.11-23.38.46:120][  0]LogConfig: Setting CVar [[r.SSR.Quality:3]]
03-11 18:38:46.120 22333 22372 D UE4     : [2019.03.11-23.38.46:120][  0]LogConfig: Setting CVar [[r.SceneColorFormat:4]]
03-11 18:38:46.120 22333 22372 D UE4     : [2019.03.11-23.38.46:120][  0]LogConfig: Setting CVar [[r.DetailMode:2]]
03-11 18:38:46.121 22333 22372 D UE4     : [2019.03.11-23.38.46:121][  0]LogConfig: Setting CVar [[r.TranslucencyVolumeBlur:1]]
03-11 18:38:46.121 22333 22372 D UE4     : [2019.03.11-23.38.46:121][  0]LogConfig: Setting CVar [[r.MaterialQualityLevel:1 ; High quality]]
03-11 18:38:46.121 22333 22372 D UE4     : [2019.03.11-23.38.46:121][  0]LogConfig: Setting CVar [[r.SSS.Scale:1]]
03-11 18:38:46.121 22333 22372 D UE4     : [2019.03.11-23.38.46:121][  0]LogConfig: Setting CVar [[r.SSS.SampleSet:2]]
03-11 18:38:46.121 22333 22372 D UE4     : [2019.03.11-23.38.46:121][  0]LogConfig: Setting CVar [[r.SSS.Quality:1]]
03-11 18:38:46.121 22333 22372 D UE4     : [2019.03.11-23.38.46:121][  0]LogConfig: Setting CVar [[r.SSS.HalfRes:1]]
03-11 18:38:46.121 22333 22372 D UE4     : [2019.03.11-23.38.46:121][  0]LogConfig: Setting CVar [[r.EmitterSpawnRateScale:1.0]]
03-11 18:38:46.121 22333 22372 D UE4     : [2019.03.11-23.38.46:121][  0]LogConfig: Setting CVar [[r.ParticleLightQuality:2]]
03-11 18:38:46.121 22333 22372 D UE4     : [2019.03.11-23.38.46:121][  0]LogConfig: Applying CVar settings from Section [FoliageQuality@3] File [../../../GiftGame/Saved/Config/Android/Scalability.ini]
03-11 18:38:46.121 22333 22372 D UE4     : [2019.03.11-23.38.46:121][  0]LogConfig: Setting CVar [[foliage.DensityScale:1.0]]
03-11 18:38:46.121 22333 22372 D UE4     : [2019.03.11-23.38.46:121][  0]LogConfig: Setting CVar [[grass.DensityScale:1.0]]
03-11 18:38:46.121 22333 22372 D UE4     : [2019.03.11-23.38.46:121][  0]LogConfig: Applying CVar settings from Section [Startup] File [../../../Engine/Config/ConsoleVariables.ini]
03-11 18:38:46.122 22333 22372 D UE4     : [2019.03.11-23.38.46:122][  0]LogConfig: Setting CVar [[net.UseAdaptiveNetUpdateFrequency:0]]
03-11 18:38:46.122 22333 22372 D UE4     : [2019.03.11-23.38.46:122][  0]LogConfig: Applying CVar settings from Section [ConsoleVariables] File [../../../GiftGame/Saved/Config/Android/Engine.ini]
03-11 18:38:46.122 22333 22372 D UE4     : [2019.03.11-23.38.46:122][  0]LogConfig: Setting CVar [[r.AllowOcclusionQueries:0]]
03-11 18:38:46.122 22333 22372 D UE4     : [2019.03.11-23.38.46:122][  0]LogConfig: Setting CVar [[Slate.CacheRenderData:0]]
03-11 18:38:46.122 22333 22372 D UE4     : [2019.03.11-23.38.46:122][  0]LogConfig: Setting CVar [[r.VSync:1]]
03-11 18:38:46.122 22333 22372 D UE4     : [2019.03.11-23.38.46:122][  0]LogConfig: Setting CVar [[r.ParallelShadows:0]]
03-11 18:38:46.127 22333 22372 D UE4     : [2019.03.11-23.38.46:126][  0]LogInit: Memory total: Physical=3765.39MB (4GB approx) Available=1700.25MB PageSize=4.0KB
03-11 18:38:46.128 22333 22372 D UE4     : [2019.03.11-23.38.46:128][  0]LogInit: Using OS detected language (en-US).
03-11 18:38:46.128 22333 22372 D UE4     : [2019.03.11-23.38.46:128][  0]LogInit: Using OS detected locale (en-US).
03-11 18:38:46.129 22333 22372 D UE4     : [2019.03.11-23.38.46:129][  0]LogTextLocalizationManager: No specific localization for 'en-US' exists, so the 'en' localization will be used.
03-11 18:38:46.143 22351 22382 D SharedPreferencesImpl: Time required to fsync /data/user/0/com.google.android.apps.photos/shared_prefs/phenotype_experiment_config.xml: [<1: 0, <2: 0, <4: 0, <8: 0, <16: 0, <32: 0, <64: 0, <128: 0, <256: 0, <512: 0, <1024: 0, <2048: 0, <4096: 1, <8192: 0, <16384: 0, >=16384: 0]
03-11 18:38:46.149 21876 22397 D SharedPreferencesImpl: Time required to fsync /data/user/0/com.android.vending/shared_prefs/phenotypeConfigurations.xml: [<1: 0, <2: 0, <4: 0, <8: 0, <16: 0, <32: 0, <64: 0, <128: 0, <256: 0, <512: 0, <1024: 0, <2048: 0, <4096: 0, <8192: 1, <16384: 0, >=16384: 0]
03-11 18:38:46.158 22190 22238 D SharedPreferencesImpl: Time required to fsync /data/user/0/com.google.android.apps.tachyon/shared_prefs/PhenotypePrefs.xml: [<1: 0, <2: 0, <4: 0, <8: 0, <16: 0, <32: 0, <64: 0, <128: 0, <256: 0, <512: 0, <1024: 0, <2048: 0, <4096: 0, <8192: 1, <16384: 0, >=16384: 0]
03-11 18:38:46.172 21137 21137 E adbd    : failed to connect to socket 'tcp:6666': Connection refused
03-11 18:38:46.239 22333 22372 D UE4     : [2019.03.11-23.38.46:239][  0]LogStreaming: Display: Took  0.111s to InitEngineTextLocalization.
03-11 18:38:46.258 22333 22372 D UE4     : [2019.03.11-23.38.46:258][  0]LogSlate: New Slate User Created.  User Index 0, Is Virtual User: 0
03-11 18:38:46.259 22333 22372 D UE4     : [2019.03.11-23.38.46:259][  0]LogSlate: Slate User Registered.  User Index 0, Is Virtual User: 0
03-11 18:38:46.259 22333 22372 D UE4     : [2019.03.11-23.38.46:259][  0]LogAndroid: VulkanRHI will NOT be used:
03-11 18:38:46.259 22333 22372 D UE4     : [2019.03.11-23.38.46:259][  0]LogAndroid:  ** Vulkan support is not available (Driver, RHI or shaders are missing, or disabled by cmdline, see above logging for details)
03-11 18:38:46.259 22333 22372 D UE4     : [2019.03.11-23.38.46:259][  0]LogAndroid: OpenGL ES will be used.
03-11 18:38:46.259 22333 22372 D UE4     : FPlatformOpenGLDevice:Init
03-11 18:38:46.260 22333 22372 D UE4     : AndroidEGL::InitSurface 0, 1
03-11 18:38:46.260 22333 22372 D UE4     : [JAVA] - SetDesiredViewSize width=1280 and height=720
03-11 18:38:46.260 22333 22372 D UE4     : AndroidEGL::CreateEGLSurface() Already initialized: 0xc3931b60
03-11 18:38:46.261 22333 22372 D UE4     : [2019.03.11-23.38.46:261][  0]LogRHI: Extension eglPresentationTimeANDROID Present
03-11 18:38:46.261 22333 22372 D UE4     : [2019.03.11-23.38.46:261][  0]LogRHI: Extension eglGetNextFrameIdANDROID Present
03-11 18:38:46.261 22333 22372 D UE4     : [2019.03.11-23.38.46:261][  0]LogRHI: Extension eglGetCompositorTimingANDROID Present
03-11 18:38:46.261 22333 22372 D UE4     : [2019.03.11-23.38.46:261][  0]LogRHI: Extension eglGetFrameTimestampsANDROID Present
03-11 18:38:46.261 22333 22372 D UE4     : [2019.03.11-23.38.46:261][  0]LogRHI: Extension eglQueryTimestampSupportedANDROID Not Present
03-11 18:38:46.261 22333 22372 D UE4     : [2019.03.11-23.38.46:261][  0]LogRHI: Extension eglGetCompositorTimingSupportedANDROID Present
03-11 18:38:46.261 22333 22372 D UE4     : [2019.03.11-23.38.46:261][  0]LogRHI: Extension eglGetFrameTimestampsSupportedANDROID Not Present
03-11 18:38:46.263 22333 22372 D UE4     : [2019.03.11-23.38.46:263][  0]LogRHI: Initializing OpenGL RHI
03-11 18:38:46.263 22333 22372 D UE4     : [2019.03.11-23.38.46:263][  0]LogRHI:   GL_VENDOR: Qualcomm
03-11 18:38:46.263 22333 22372 D UE4     : [2019.03.11-23.38.46:263][  0]LogRHI:   GL_RENDERER: Adreno (TM) 530
03-11 18:38:46.263 22333 22372 D UE4     : [2019.03.11-23.38.46:263][  0]LogRHI:   GL_VERSION: OpenGL ES 3.2 V@328.0 (GIT@d7977ce, Ife855c4895) (Date:08/21/18)
03-11 18:38:46.263 22333 22372 D UE4     : [2019.03.11-23.38.46:263][  0]LogRHI:   GL_SHADING_LANGUAGE_VERSION: OpenGL ES GLSL ES 3.20
03-11 18:38:46.263 22333 22372 D UE4     : [2019.03.11-23.38.46:263][  0]LogRHI: OpenGL Extensions:
03-11 18:38:46.263 22333 22372 D UE4     : [2019.03.11-23.38.46:263][  0]LogRHI:   GL_OES_EGL_image
03-11 18:38:46.263 22333 22372 D UE4     : [2019.03.11-23.38.46:263][  0]LogRHI:   GL_OES_EGL_image_external
03-11 18:38:46.263 22333 22372 D UE4     : [2019.03.11-23.38.46:263][  0]LogRHI:   GL_OES_EGL_sync
03-11 18:38:46.263 22333 22372 D UE4     : [2019.03.11-23.38.46:263][  0]LogRHI:   GL_OES_vertex_half_float
03-11 18:38:46.263 22333 22372 D UE4     : [2019.03.11-23.38.46:263][  0]LogRHI:   GL_OES_framebuffer_object
03-11 18:38:46.263 22333 22372 D UE4     : [2019.03.11-23.38.46:263][  0]LogRHI:   GL_OES_rgb8_rgba8
03-11 18:38:46.263 22333 22372 D UE4     : [2019.03.11-23.38.46:263][  0]LogRHI:   GL_OES_compressed_ETC1_RGB8_texture
03-11 18:38:46.264 22333 22372 D UE4     : [2019.03.11-23.38.46:264][  0]LogRHI:   GL_AMD_compressed_ATC_texture
03-11 18:38:46.264 22333 22372 D UE4     : [2019.03.11-23.38.46:264][  0]LogRHI:   GL_KHR_texture_compression_astc_ldr
03-11 18:38:46.264 22333 22372 D UE4     : [2019.03.11-23.38.46:264][  0]LogRHI:   GL_KHR_texture_compression_astc_hdr
03-11 18:38:46.264 22333 22372 D UE4     : [2019.03.11-23.38.46:264][  0]LogRHI:   GL_OES_texture_compression_astc
03-11 18:38:46.264 22333 22372 D UE4     : [2019.03.11-23.38.46:264][  0]LogRHI:   GL_OES_texture_npot
03-11 18:38:46.264 22333 22372 D UE4     : [2019.03.11-23.38.46:264][  0]LogRHI:   GL_EXT_texture_filter_anisotropic
03-11 18:38:46.264 22333 22372 D UE4     : [2019.03.11-23.38.46:264][  0]LogRHI:   GL_EXT_texture_format_BGRA8888
03-11 18:38:46.264 22333 22372 D UE4     : [2019.03.11-23.38.46:264][  0]LogRHI:   GL_OES_texture_3D
03-11 18:38:46.264 22333 22372 D UE4     : [2019.03.11-23.38.46:264][  0]LogRHI:   GL_EXT_color_buffer_float
03-11 18:38:46.264 22333 22372 D UE4     : [2019.03.11-23.38.46:264][  0]LogRHI:   GL_EXT_color_buffer_half_float
03-11 18:38:46.264 22333 22372 D UE4     : [2019.03.11-23.38.46:264][  0]LogRHI:   GL_QCOM_alpha_test
03-11 18:38:46.264 22333 22372 D UE4     : [2019.03.11-23.38.46:264][  0]LogRHI:   GL_OES_depth24
03-11 18:38:46.264 22333 22372 D UE4     : [2019.03.11-23.38.46:264][  0]LogRHI:   GL_OES_packed_depth_stencil
03-11 18:38:46.264 22333 22372 D UE4     : [2019.03.11-23.38.46:264][  0]LogRHI:   GL_OES_depth_texture
03-11 18:38:46.264 22333 22372 D UE4     : [2019.03.11-23.38.46:264][  0]LogRHI:   GL_OES_depth_texture_cube_map
03-11 18:38:46.264 22333 22372 D UE4     : [2019.03.11-23.38.46:264][  0]LogRHI:   GL_EXT_sRGB
03-11 18:38:46.264 22333 22372 D UE4     : [2019.03.11-23.38.46:264][  0]LogRHI:   GL_OES_texture_float
03-11 18:38:46.264 22333 22372 D UE4     : [2019.03.11-23.38.46:264][  0]LogRHI:   GL_OES_texture_float_linear
03-11 18:38:46.264 22333 22372 D UE4     : [2019.03.11-23.38.46:264][  0]LogRHI:   GL_OES_texture_half_float
03-11 18:38:46.264 22333 22372 D UE4     : [2019.03.11-23.38.46:264][  0]LogRHI:   GL_OES_texture_half_float_linear
03-11 18:38:46.264 22333 22372 D UE4     : [2019.03.11-23.38.46:264][  0]LogRHI:   GL_EXT_texture_type_2_10_10_10_REV
03-11 18:38:46.264 22333 22372 D UE4     : [2019.03.11-23.38.46:264][  0]LogRHI:   GL_EXT_texture_sRGB_decode
03-11 18:38:46.265 22333 22372 D UE4     : [2019.03.11-23.38.46:265][  0]LogRHI:   GL_EXT_texture_format_sRGB_override
03-11 18:38:46.265 22333 22372 D UE4     : [2019.03.11-23.38.46:265][  0]LogRHI:   GL_OES_element_index_uint
03-11 18:38:46.265 22333 22372 D UE4     : [2019.03.11-23.38.46:265][  0]LogRHI:   GL_EXT_copy_image
03-11 18:38:46.265 22333 22372 D UE4     : [2019.03.11-23.38.46:265][  0]LogRHI:   GL_EXT_geometry_shader
03-11 18:38:46.265 22333 22372 D UE4     : [2019.03.11-23.38.46:265][  0]LogRHI:   GL_EXT_tessellation_shader
03-11 18:38:46.265 22333 22372 D UE4     : [2019.03.11-23.38.46:265][  0]LogRHI:   GL_OES_texture_stencil8
03-11 18:38:46.265 22333 22372 D UE4     : [2019.03.11-23.38.46:265][  0]LogRHI:   GL_EXT_shader_io_blocks
03-11 18:38:46.265 22333 22372 D UE4     : [2019.03.11-23.38.46:265][  0]LogRHI:   GL_OES_shader_image_atomic
03-11 18:38:46.265 22333 22372 D UE4     : [2019.03.11-23.38.46:265][  0]LogRHI:   GL_OES_sample_variables
03-11 18:38:46.265 22333 22372 D UE4     : [2019.03.11-23.38.46:265][  0]LogRHI:   GL_EXT_texture_border_clamp
03-11 18:38:46.265 22333 22372 D UE4     : [2019.03.11-23.38.46:265][  0]LogRHI:   GL_EXT_EGL_image_external_wrap_modes
03-11 18:38:46.265 22333 22372 D UE4     : [2019.03.11-23.38.46:265][  0]LogRHI:   GL_EXT_multisampled_render_to_texture
03-11 18:38:46.265 22333 22372 D UE4     : [2019.03.11-23.38.46:265][  0]LogRHI:   GL_EXT_multisampled_render_to_texture2
03-11 18:38:46.265 22333 22372 D UE4     : [2019.03.11-23.38.46:265][  0]LogRHI:   GL_OES_shader_multisample_interpolation
03-11 18:38:46.265 22333 22372 D UE4     : [2019.03.11-23.38.46:265][  0]LogRHI:   GL_EXT_texture_cube_map_array
03-11 18:38:46.265 22333 22372 D UE4     : [2019.03.11-23.38.46:265][  0]LogRHI:   GL_EXT_draw_buffers_indexed
03-11 18:38:46.265 22333 22372 D UE4     : [2019.03.11-23.38.46:265][  0]LogRHI:   GL_EXT_gpu_shader5
03-11 18:38:46.265 22333 22372 D UE4     : [2019.03.11-23.38.46:265][  0]LogRHI:   GL_EXT_robustness
03-11 18:38:46.265 22333 22372 D UE4     : [2019.03.11-23.38.46:265][  0]LogRHI:   GL_EXT_texture_buffer
03-11 18:38:46.265 22333 22372 D UE4     : [2019.03.11-23.38.46:265][  0]LogRHI:   GL_EXT_shader_framebuffer_fetch
03-11 18:38:46.265 22333 22372 D UE4     : [2019.03.11-23.38.46:265][  0]LogRHI:   GL_ARM_shader_framebuffer_fetch_depth_stencil
03-11 18:38:46.266 22333 22372 D UE4     : [2019.03.11-23.38.46:265][  0]LogRHI:   GL_OES_texture_storage_multisample_2d_array
03-11 18:38:46.266 22333 22372 D UE4     : [2019.03.11-23.38.46:266][  0]LogRHI:   GL_OES_sample_shading
03-11 18:38:46.266 22333 22372 D UE4     : [2019.03.11-23.38.46:266][  0]LogRHI:   GL_OES_get_program_binary
03-11 18:38:46.266 22333 22372 D UE4     : [2019.03.11-23.38.46:266][  0]LogRHI:   GL_EXT_debug_label
03-11 18:38:46.266 22333 22372 D UE4     : [2019.03.11-23.38.46:266][  0]LogRHI:   GL_KHR_blend_equation_advanced
03-11 18:38:46.266 22333 22372 D UE4     : [2019.03.11-23.38.46:266][  0]LogRHI:   GL_KHR_blend_equation_advanced_coherent
03-11 18:38:46.266 22333 22372 D UE4     : [2019.03.11-23.38.46:266][  0]LogRHI:   GL_QCOM_tiled_rendering
03-11 18:38:46.266 22333 22372 D UE4     : [2019.03.11-23.38.46:266][  0]LogRHI:   GL_ANDROID_extension_pack_es31a
03-11 18:38:46.266 22333 22372 D UE4     : [2019.03.11-23.38.46:266][  0]LogRHI:   GL_EXT_primitive_bounding_box
03-11 18:38:46.266 22333 22372 D UE4     : [2019.03.11-23.38.46:266][  0]LogRHI:   GL_OES_standard_derivatives
03-11 18:38:46.266 22333 22372 D UE4     : [2019.03.11-23.38.46:266][  0]LogRHI:   GL_OES_vertex_array_object
03-11 18:38:46.266 22333 22372 D UE4     : [2019.03.11-23.38.46:266][  0]LogRHI:   GL_EXT_disjoint_timer_query
03-11 18:38:46.266 22333 22372 D UE4     : [2019.03.11-23.38.46:266][  0]LogRHI:   GL_KHR_debug
03-11 18:38:46.266 22333 22372 D UE4     : [2019.03.11-23.38.46:266][  0]LogRHI:   GL_EXT_YUV_target
03-11 18:38:46.266 22333 22372 D UE4     : [2019.03.11-23.38.46:266][  0]LogRHI:   GL_EXT_sRGB_write_control
03-11 18:38:46.266 22333 22372 D UE4     : [2019.03.11-23.38.46:266][  0]LogRHI:   GL_EXT_texture_norm16
03-11 18:38:46.266 22333 22372 D UE4     : [2019.03.11-23.38.46:266][  0]LogRHI:   GL_EXT_discard_framebuffer
03-11 18:38:46.266 22333 22372 D UE4     : [2019.03.11-23.38.46:266][  0]LogRHI:   GL_OES_surfaceless_context
03-11 18:38:46.266 22333 22372 D UE4     : [2019.03.11-23.38.46:266][  0]LogRHI:   GL_OVR_multiview
03-11 18:38:46.266 22333 22372 D UE4     : [2019.03.11-23.38.46:266][  0]LogRHI:   GL_OVR_multiview2
03-11 18:38:46.266 22333 22372 D UE4     : [2019.03.11-23.38.46:266][  0]LogRHI:   GL_EXT_texture_sRGB_R8
03-11 18:38:46.266 22333 22372 D UE4     : [2019.03.11-23.38.46:266][  0]LogRHI:   GL_KHR_no_error
03-11 18:38:46.266 22333 22372 D UE4     : [2019.03.11-23.38.46:266][  0]LogRHI:   GL_EXT_debug_marker
03-11 18:38:46.266 22333 22372 D UE4     : [2019.03.11-23.38.46:266][  0]LogRHI:   GL_OES_EGL_image_external_essl3
03-11 18:38:46.267 22333 22372 D UE4     : [2019.03.11-23.38.46:267][  0]LogRHI:   GL_OVR_multiview_multisampled_render_to_texture
03-11 18:38:46.267 22333 22372 D UE4     : [2019.03.11-23.38.46:267][  0]LogRHI:   GL_EXT_buffer_storage
03-11 18:38:46.267 22333 22372 D UE4     : [2019.03.11-23.38.46:267][  0]LogRHI:   GL_EXT_external_buffer
03-11 18:38:46.267 22333 22372 D UE4     : [2019.03.11-23.38.46:267][  0]LogRHI:   GL_EXT_blit_framebuffer_params
03-11 18:38:46.267 22333 22372 D UE4     : [2019.03.11-23.38.46:267][  0]LogRHI:   GL_EXT_clip_cull_distance
03-11 18:38:46.267 22333 22372 D UE4     : [2019.03.11-23.38.46:267][  0]LogRHI:   GL_EXT_protected_textures
03-11 18:38:46.267 22333 22372 D UE4     : [2019.03.11-23.38.46:267][  0]LogRHI:   GL_EXT_shader_non_constant_global_initializers
03-11 18:38:46.267 22333 22372 D UE4     : [2019.03.11-23.38.46:267][  0]LogRHI:   GL_QCOM_texture_foveated
03-11 18:38:46.267 22333 22372 D UE4     : [2019.03.11-23.38.46:267][  0]LogRHI:   GL_QCOM_shader_framebuffer_fetch_noncoherent
03-11 18:38:46.267 22333 22372 D UE4     : [2019.03.11-23.38.46:267][  0]LogRHI:   GL_EXT_memory_object
03-11 18:38:46.267 22333 22372 D UE4     : [2019.03.11-23.38.46:267][  0]LogRHI:   GL_EXT_memory_object_fd
03-11 18:38:46.267 22333 22372 D UE4     : [2019.03.11-23.38.46:267][  0]LogRHI:   GL_EXT_EGL_image_array
03-11 18:38:46.267 22333 22372 D UE4     : [2019.03.11-23.38.46:267][  0]LogRHI:   GL_NV_shader_noperspective_interpolation
03-11 18:38:46.267 22333 22372 D UE4     : [2019.03.11-23.38.46:267][  0]LogRHI:   GL_KHR_robust_buffer_access_behavior
03-11 18:38:46.267 22333 22372 D UE4     : [2019.03.11-23.38.46:267][  0]LogRHI:   GL_EXT_EGL_image_storage
03-11 18:38:46.267 22333 22372 D UE4     : [2019.03.11-23.38.46:267][  0]LogRHI:   GL_EXT_blend_func_extended
03-11 18:38:46.267 22333 22372 D UE4     : [2019.03.11-23.38.46:267][  0]LogRHI:   GL_EXT_clip_control
03-11 18:38:46.267 22333 22372 D UE4     : [2019.03.11-23.38.46:267][  0]LogRHI:   GL_MAX_VERTEX_ATTRIBS: 32
03-11 18:38:46.267 22333 22372 D UE4     : [2019.03.11-23.38.46:267][  0]LogRHI:   GL_MAX_VARYING_VECTORS: 31
03-11 18:38:46.267 22333 22372 D UE4     : [2019.03.11-23.38.46:267][  0]LogRHI:   GL_MAX_VERTEX_UNIFORM_VECTORS: 256
03-11 18:38:46.267 22333 22372 D UE4     : [2019.03.11-23.38.46:267][  0]LogRHI:   GL_MAX_FRAGMENT_UNIFORM_VECTORS: 256
03-11 18:38:46.268 22333 22372 D UE4     : [2019.03.11-23.38.46:268][  0]LogRHI: Fragment shader lowp precision: 10
03-11 18:38:46.268 22333 22372 D UE4     : [2019.03.11-23.38.46:268][  0]LogRHI: Fragment shader mediump precision: 10
03-11 18:38:46.268 22333 22372 D UE4     : [2019.03.11-23.38.46:268][  0]LogRHI: Fragment shader highp precision: 23
03-11 18:38:46.269 22333 22372 D UE4     : [2019.03.11-23.38.46:269][  0]LogRHI: Support for 4x MSAA detected
03-11 18:38:46.269 22333 22372 D UE4     : [2019.03.11-23.38.46:269][  0]LogRHI: Image external enabled: ImageExternalESSL300
03-11 18:38:46.270 22333 22372 D UE4     : [2019.03.11-23.38.46:270][  0]LogRHI: Device supports mobile multi-view.
03-11 18:38:46.271 22333 22372 D UE4     : [2019.03.11-23.38.46:271][  0]LogRHI:   GL_MAX_TEXTURE_SIZE: 16384
03-11 18:38:46.271 22333 22372 D UE4     : [2019.03.11-23.38.46:271][  0]LogRHI:   GL_MAX_CUBE_MAP_TEXTURE_SIZE: 16384
03-11 18:38:46.271 22333 22372 D UE4     : [2019.03.11-23.38.46:271][  0]LogRHI:   GL_MAX_ARRAY_TEXTURE_LAYERS: 2048
03-11 18:38:46.271 22333 22372 D UE4     : [2019.03.11-23.38.46:271][  0]LogRHI:   GL_MAX_RENDERBUFFER_SIZE: 16384
03-11 18:38:46.271 22333 22372 D UE4     : [2019.03.11-23.38.46:271][  0]LogRHI:   GL_MAX_TEXTURE_IMAGE_UNITS: 16
03-11 18:38:46.271 22333 22372 D UE4     : [2019.03.11-23.38.46:271][  0]LogRHI:   GL_MAX_DRAW_BUFFERS: 8
03-11 18:38:46.271 22333 22372 D UE4     : [2019.03.11-23.38.46:271][  0]LogRHI:   GL_MAX_COLOR_ATTACHMENTS: 1
03-11 18:38:46.271 22333 22372 D UE4     : [2019.03.11-23.38.46:271][  0]LogRHI:   GL_MAX_SAMPLES: 1
03-11 18:38:46.271 22333 22372 D UE4     : [2019.03.11-23.38.46:271][  0]LogRHI:   GL_MAX_COLOR_TEXTURE_SAMPLES: 1
03-11 18:38:46.271 22333 22372 D UE4     : [2019.03.11-23.38.46:271][  0]LogRHI:   GL_MAX_DEPTH_TEXTURE_SAMPLES: 1
03-11 18:38:46.271 22333 22372 D UE4     : [2019.03.11-23.38.46:271][  0]LogRHI:   GL_MAX_INTEGER_SAMPLES: 1
03-11 18:38:46.272 22333 22372 D UE4     : [2019.03.11-23.38.46:272][  0]LogRHI:   GL_MAX_COMBINED_TEXTURE_IMAGE_UNITS: 96
03-11 18:38:46.272 22333 22372 D UE4     : [2019.03.11-23.38.46:272][  0]LogRHI:   GL_MAX_VERTEX_ATTRIBS: 32
03-11 18:38:46.272 22333 22372 D UE4     : [2019.03.11-23.38.46:272][  0]LogRHI:   GL_MAX_TEXTURE_MAX_ANISOTROPY_EXT: 16
03-11 18:38:46.272 22333 22372 D UE4     : [2019.03.11-23.38.46:272][  0]LogRHI: OpenGL MajorVersion = 2, MinorVersion = 0, ShaderPlatform = GLSL_ES2, FeatureLevel = ES2
03-11 18:38:46.272 22333 22372 D UE4     : [2019.03.11-23.38.46:272][  0]LogRHI: PLATFORM_ANDROID
03-11 18:38:46.272 22333 22372 D UE4     : [2019.03.11-23.38.46:272][  0]LogRHI: Enabling program binary cache as /storage/emulated/0/Android/data/com.TeamNA.GiftGame/files/ProgramBinaryCache/GLSL_ES2_C2296DA8B0650CBBF722E85C02BDF28EFC222EAC
03-11 18:38:46.272 22333 22372 D UE4     : [2019.03.11-23.38.46:272][  0]LogRHI: FOpenGLProgramBinaryCache will be initialized when ShaderPipelineCache opens its file
03-11 18:38:46.282 22333 22372 D UE4     : [2019.03.11-23.38.46:281][  0]LogRHI: Texture pool is 1000 MB (of 0 MB total graphics mem)
03-11 18:38:46.282 22333 22372 D UE4     : [2019.03.11-23.38.46:282][  0]LogRHI: Display: Testing for shader compiler compatibility
03-11 18:38:46.287 22333 22372 D UE4     : [2019.03.11-23.38.46:287][  0]LogRHI: Display: Shaders compile fine no need to enable hacks
03-11 18:38:46.287 22333 22372 D UE4     : [2019.03.11-23.38.46:287][  0]LogRHI: Display: Testing for round() function availability
03-11 18:38:46.290 22333 22372 D UE4     : [2019.03.11-23.38.46:290][  0]LogRHI: Warning: Disabling the need for the round() function hack
03-11 18:38:46.291 22333 22372 D UE4     : [2019.03.11-23.38.46:291][  0]LogShaderLibrary: Display: Failed to load Shared Shader Library: Global and no native library supported.
03-11 18:38:46.291 22333 22372 D UE4     : [2019.03.11-23.38.46:291][  0]LogShaderLibrary: Display: Failed to load Shared Shader Library: Global_SC and no native library supported.
03-11 18:38:46.291 22333 22372 D UE4     : [2019.03.11-23.38.46:291][  0]LogShaderLibrary: Display: Failed to load Shared Shader Library: Paper2D and no native library supported.
03-11 18:38:46.292 22333 22372 D UE4     : [2019.03.11-23.38.46:292][  0]LogShaderLibrary: Display: Failed to load Shared Shader Library: Paper2D_SC and no native library supported.
03-11 18:38:46.292 22333 22372 D UE4     : [2019.03.11-23.38.46:292][  0]LogShaderLibrary: Display: Failed to load Shared Shader Library: Paper2D and no native library supported.
03-11 18:38:46.292 22333 22372 D UE4     : [2019.03.11-23.38.46:292][  0]LogShaderLibrary: Display: Failed to load Shared Shader Library: Paper2D_SC and no native library supported.
03-11 18:38:46.292 22333 22372 D UE4     : [2019.03.11-23.38.46:292][  0]LogShaderLibrary: Display: Failed to load Shared Shader Library: CryptoKeys and no native library supported.
03-11 18:38:46.293 22333 22372 D UE4     : [2019.03.11-23.38.46:293][  0]LogShaderLibrary: Display: Failed to load Shared Shader Library: CryptoKeys_SC and no native library supported.
03-11 18:38:46.293 22333 22372 D UE4     : [2019.03.11-23.38.46:293][  0]LogShaderLibrary: Display: Failed to load Shared Shader Library: CryptoKeys and no native library supported.
03-11 18:38:46.293 22333 22372 D UE4     : [2019.03.11-23.38.46:293][  0]LogShaderLibrary: Display: Failed to load Shared Shader Library: CryptoKeys_SC and no native library supported.
03-11 18:38:46.293 22333 22372 D UE4     : [2019.03.11-23.38.46:293][  0]LogShaderLibrary: Display: Failed to load Shared Shader Library: MeshEditor and no native library supported.
03-11 18:38:46.294 22333 22372 D UE4     : [2019.03.11-23.38.46:294][  0]LogShaderLibrary: Display: Failed to load Shared Shader Library: MeshEditor_SC and no native library supported.
03-11 18:38:46.294 22333 22372 D UE4     : [2019.03.11-23.38.46:294][  0]LogShaderLibrary: Display: Failed to load Shared Shader Library: MeshEditor and no native library supported.
03-11 18:38:46.294 22333 22372 D UE4     : [2019.03.11-23.38.46:294][  0]LogShaderLibrary: Display: Failed to load Shared Shader Library: MeshEditor_SC and no native library supported.
03-11 18:38:46.294 22333 22372 D UE4     : [2019.03.11-23.38.46:294][  0]LogShaderLibrary: Display: Failed to load Shared Shader Library: DatasmithContent and no native library supported.
03-11 18:38:46.295 22333 22372 D UE4     : [2019.03.11-23.38.46:295][  0]LogShaderLibrary: Display: Failed to load Shared Shader Library: DatasmithContent_SC and no native library supported.
03-11 18:38:46.295 22333 22372 D UE4     : [2019.03.11-23.38.46:295][  0]LogShaderLibrary: Display: Failed to load Shared Shader Library: DatasmithContent and no native library supported.
03-11 18:38:46.295 22333 22372 D UE4     : [2019.03.11-23.38.46:295][  0]LogShaderLibrary: Display: Failed to load Shared Shader Library: DatasmithContent_SC and no native library supported.
03-11 18:38:46.295 22333 22372 D UE4     : [2019.03.11-23.38.46:295][  0]LogShaderLibrary: Display: Failed to load Shared Shader Library: VariantManagerContent and no native library supported.
03-11 18:38:46.296 22333 22372 D UE4     : [2019.03.11-23.38.46:296][  0]LogShaderLibrary: Display: Failed to load Shared Shader Library: VariantManagerContent_SC and no native library supported.
03-11 18:38:46.296 22333 22372 D UE4     : [2019.03.11-23.38.46:296][  0]LogShaderLibrary: Display: Failed to load Shared Shader Library: VariantManagerContent and no native library supported.
03-11 18:38:46.296 22333 22372 D UE4     : [2019.03.11-23.38.46:296][  0]LogShaderLibrary: Display: Failed to load Shared Shader Library: VariantManagerContent_SC and no native library supported.
03-11 18:38:46.296 22333 22372 D UE4     : [2019.03.11-23.38.46:296][  0]LogShaderLibrary: Display: Failed to load Shared Shader Library: MediaCompositing and no native library supported.
03-11 18:38:46.297 22333 22372 D UE4     : [2019.03.11-23.38.46:296][  0]LogShaderLibrary: Display: Failed to load Shared Shader Library: MediaCompositing_SC and no native library supported.
03-11 18:38:46.297 22333 22372 D UE4     : [2019.03.11-23.38.46:297][  0]LogShaderLibrary: Display: Failed to load Shared Shader Library: MediaCompositing and no native library supported.
03-11 18:38:46.297 22333 22372 D UE4     : [2019.03.11-23.38.46:297][  0]LogShaderLibrary: Display: Failed to load Shared Shader Library: MediaCompositing_SC and no native library supported.
03-11 18:38:46.297 22333 22372 D UE4     : [2019.03.11-23.38.46:297][  0]LogShaderLibrary: Display: Failed to load Shared Shader Library: OculusVR and no native library supported.
03-11 18:38:46.297 22333 22372 D UE4     : [2019.03.11-23.38.46:297][  0]LogShaderLibrary: Display: Failed to load Shared Shader Library: OculusVR_SC and no native library supported.
03-11 18:38:46.298 22333 22372 D UE4     : [2019.03.11-23.38.46:298][  0]LogShaderLibrary: Display: Failed to load Shared Shader Library: OculusVR and no native library supported.
03-11 18:38:46.298 22333 22372 D UE4     : [2019.03.11-23.38.46:298][  0]LogShaderLibrary: Display: Failed to load Shared Shader Library: OculusVR_SC and no native library supported.
03-11 18:38:46.298 22333 22372 D UE4     : [2019.03.11-23.38.46:298][  0]LogShaderLibrary: Display: Failed to load Shared Shader Library: SteamVR and no native library supported.
03-11 18:38:46.298 22333 22372 D UE4     : [2019.03.11-23.38.46:298][  0]LogShaderLibrary: Display: Failed to load Shared Shader Library: SteamVR_SC and no native library supported.
03-11 18:38:46.299 22333 22372 D UE4     : [2019.03.11-23.38.46:299][  0]LogShaderLibrary: Display: Failed to load Shared Shader Library: SteamVR and no native library supported.
03-11 18:38:46.299 22333 22372 D UE4     : [2019.03.11-23.38.46:299][  0]LogShaderLibrary: Display: Failed to load Shared Shader Library: SteamVR_SC and no native library supported.
03-11 18:38:46.320 22333 22372 D UE4     : [2019.03.11-23.38.46:320][  0]LogMaterial: Verifying Global Shaders for GLSL_ES2
03-11 18:38:46.354 22333 22372 D UE4     : [2019.03.11-23.38.46:354][  0]LogSlate: Using FreeType 2.4.12
03-11 18:38:46.356 22333 22372 D UE4     : [2019.03.11-23.38.46:356][  0]LogSlate: SlateFontServices - WITH_FREETYPE: 1, WITH_HARFBUZZ: 1
03-11 18:38:46.389  3741 22495 I EventLogSendingHelper: Sending log events.
03-11 18:38:46.394  1565  1565 I OpaEnabledReceiver: Dispatching OPA eligble = true; AGSA = true; OPA enabled = true
03-11 18:38:46.394  1565  1565 I OpaLayout: Setting opa enabled to true
03-11 18:38:46.394  1565  1565 I OpaLayout: Setting opa enabled to true
03-11 18:38:46.454  3741  3773 W SearchServiceCore: Abort, client detached.
03-11 18:38:46.467  2181 22292 I Icing   : IndexChimeraService.getServiceInterface callingPackage=com.google.android.apps.messaging componentName=null serviceId=SEARCH_QUERIES
03-11 18:38:46.469  2181 12563 I Icing   : IndexChimeraService.getServiceInterface callingPackage=com.google.android.googlequicksearchbox componentName=agsa_icing_connection serviceId=SEARCH_QUERIES
03-11 18:38:46.494 22333 22372 D UE4     : [2019.03.11-23.38.46:494][  0]LogShaderLibrary: Display: Failed to load Shared Shader Library: GiftGame and no native library supported.
03-11 18:38:46.494 22333 22372 D UE4     : [2019.03.11-23.38.46:494][  0]LogShaderLibrary: Display: Failed to load Shared Shader Library: GiftGame_SC and no native library supported.
03-11 18:38:46.495 22333 22372 D UE4     : [2019.03.11-23.38.46:494][  0]LogRHI: Display: Opened pipeline cache after state change and enqueued -845341760 of 0 tasks for precompile.
03-11 18:38:46.503  2181 22575 W ModuleInitIntentOp: Dropping unexpected action com.google.android.gms.phenotype.COMMITTED
03-11 18:38:46.509  2181  8591 I Icing   : IndexChimeraService.getServiceInterface callingPackage=com.google.android.googlequicksearchbox componentName=agsa_icing_connection serviceId=GLOBAL_SEARCH_ADMIN
03-11 18:38:46.531  3741  4142 W ThreadPoolDumper: Task ab[setExperimentIds] was queued for 4864ms before starting on executor IcingConnectionExecutor
03-11 18:38:46.559  2181 22574 W ModuleInitIntentOp: Dropping unexpected action com.google.android.gms.phenotype.COMMITTED
03-11 18:38:46.565  2181 22577 I MobileDataHub: Scheduling periodic tasks
03-11 18:38:46.567  2181 22183 W MobileDataHub: [Service] appsupload-periodic periodic task disabled
03-11 18:38:46.687 22333 22372 D UE4     : [2019.03.11-23.38.46:687][  0]LogShaderLibrary: Display: Failed to load Shared Shader Library: GiftGame and no native library supported.
03-11 18:38:46.687 22333 22372 D UE4     : [2019.03.11-23.38.46:687][  0]LogShaderLibrary: Display: Failed to load Shared Shader Library: GiftGame_SC and no native library supported.
03-11 18:38:46.687 22333 22372 D UE4     : [2019.03.11-23.38.46:687][  0]LogRHI: Display: Opened pipeline cache after state change and enqueued -845340224 of 0 tasks for precompile.
03-11 18:38:46.687 22333 22372 D UE4     : [2019.03.11-23.38.46:687][  0]LogRHI: Display: Failed to open default shader pipeline cache for GiftGame using shader platform 8.
03-11 18:38:46.687 22333 22372 D UE4     : [2019.03.11-23.38.46:687][  0]LogInit: Using OS detected language (en-US).
03-11 18:38:46.687 22333 22372 D UE4     : [2019.03.11-23.38.46:687][  0]LogInit: Using OS detected locale (en-US).
03-11 18:38:46.688 22333 22372 D UE4     : [2019.03.11-23.38.46:688][  0]LogTextLocalizationManager: No localization for 'en-US' exists, so 'en' will be used for the language.
03-11 18:38:46.688 22333 22372 D UE4     : [2019.03.11-23.38.46:688][  0]LogTextLocalizationManager: No localization for 'en-US' exists, so 'en' will be used for the locale.
03-11 18:38:46.689 22333 22372 D UE4     : [2019.03.11-23.38.46:689][  0]LogSlate: FontCache flush requested. Reason: Culture for localization was changed
03-11 18:38:46.689 22333 22372 D UE4     : [2019.03.11-23.38.46:689][  0]LogSlate: FontCache flush requested. Reason: Culture for localization was changed
03-11 18:38:46.769 22333 22372 D UE4     : [2019.03.11-23.38.46:769][  0]LogStreaming: Display: Took  0.082s to InitGameTextLocalization.
03-11 18:38:46.855 22333 22372 D UE4     : [2019.03.11-23.38.46:855][  0]LogAssetRegistry: FAssetRegistry took 0.0841 seconds to start up
03-11 18:38:46.982 22504 22520 I s.messaging:rc: Waiting for a blocking GC ProfileSaver
03-11 18:38:47.015  2181 22542 I Icing   : Usage reports ok 2, Failed Usage reports 0, indexed 0, rejected 0, imm upload false
03-11 18:38:47.198  2181 22542 I Icing   : Usage reports ok 0, Failed Usage reports 0, indexed 0, rejected 0, imm upload true
03-11 18:38:47.331   913  5593 W ActivityManager: Background start not allowed: service Intent { cmp=com.google.android.apps.messaging/.shared.datamodel.action.execution.ActionExecutorImpl$EmptyService } to com.google.android.apps.messaging/.shared.datamodel.action.execution.ActionExecutorImpl$EmptyService from pid=22429 uid=10086 pkg=com.google.android.apps.messaging startFg?=false
03-11 18:38:47.333 22429 22429 W BugleDataModel: ActionExecutorImpl: Action started execution, but we can't guarantee it will complete, the app may be killed. Action: class com.google.android.apps.messaging.shared.datamodel.action.FixupMessageStatusOnStartupAction-FixupMessageStatusOnStartupAction:292856906001
03-11 18:38:47.333 22429 22429 W BugleDataModel: java.lang.IllegalStateException: Not allowed to start service Intent { cmp=com.google.android.apps.messaging/.shared.datamodel.action.execution.ActionExecutorImpl$EmptyService }: app is in background uid UidRecord{f6adbc3 u0a86 CEM  idle change:cached procs:2 seq(0,0,0)}
03-11 18:38:47.333 22429 22429 W BugleDataModel: 	at android.app.ContextImpl.startServiceCommon(ContextImpl.java:1577)
03-11 18:38:47.333 22429 22429 W BugleDataModel: 	at android.app.ContextImpl.startService(ContextImpl.java:1532)
03-11 18:38:47.333 22429 22429 W BugleDataModel: 	at android.content.ContextWrapper.startService(ContextWrapper.java:664)
03-11 18:38:47.333 22429 22429 W BugleDataModel: 	at com.google.android.apps.messaging.shared.datamodel.action.execution.ActionExecutorImpl.c(SourceFile:115)
03-11 18:38:47.333 22429 22429 W BugleDataModel: 	at com.google.android.apps.messaging.shared.datamodel.action.execution.ActionExecutorImpl.a(SourceFile:21)
03-11 18:38:47.333 22429 22429 W BugleDataModel: 	at com.google.android.apps.messaging.shared.datamodel.action.execution.ActionExecutorImpl.a(SourceFile:16)
03-11 18:38:47.333 22429 22429 W BugleDataModel: 	at dll.c(SourceFile:9)
03-11 18:38:47.333 22429 22429 W BugleDataModel: 	at dlm.run(Unknown Source:2)
03-11 18:38:47.333 22429 22429 W BugleDataModel: 	at android.os.Handler.handleCallback(Handler.java:873)
03-11 18:38:47.333 22429 22429 W BugleDataModel: 	at android.os.Handler.dispatchMessage(Handler.java:99)
03-11 18:38:47.333 22429 22429 W BugleDataModel: 	at android.os.Looper.loop(Looper.java:193)
03-11 18:38:47.333 22429 22429 W BugleDataModel: 	at android.app.ActivityThread.main(ActivityThread.java:6718)
03-11 18:38:47.333 22429 22429 W BugleDataModel: 	at java.lang.reflect.Method.invoke(Native Method)
03-11 18:38:47.333 22429 22429 W BugleDataModel: 	at com.android.internal.os.RuntimeInit$MethodAndArgsCaller.run(RuntimeInit.java:493)
03-11 18:38:47.333 22429 22429 W BugleDataModel: 	at com.android.internal.os.ZygoteInit.main(ZygoteInit.java:858)
03-11 18:38:47.342   913  5593 I chatty  : uid=1000(system) Binder:913_19 identical 1 line
03-11 18:38:47.344 22429 22429 W BugleDataModel: ActionExecutorImpl: Action started execution, but we can't guarantee it will complete, the app may be killed. Action: class com.google.android.apps.messaging.shared.datamodel.action.ProcessPendingMessagesAction-ProcessPendingMessagesAction:292856906002
03-11 18:38:47.344 22429 22429 W BugleDataModel: java.lang.IllegalStateException: Not allowed to start service Intent { cmp=com.google.android.apps.messaging/.shared.datamodel.action.execution.ActionExecutorImpl$EmptyService }: app is in background uid UidRecord{f6adbc3 u0a86 CEM  idle change:cached procs:2 seq(0,0,0)}
03-11 18:38:47.344 22429 22429 W BugleDataModel: 	at android.app.ContextImpl.startServiceCommon(ContextImpl.java:1577)
03-11 18:38:47.344 22429 22429 W BugleDataModel: 	at android.app.ContextImpl.startService(ContextImpl.java:1532)
03-11 18:38:47.344 22429 22429 W BugleDataModel: 	at android.content.ContextWrapper.startService(ContextWrapper.java:664)
03-11 18:38:47.344 22429 22429 W BugleDataModel: 	at com.google.android.apps.messaging.shared.datamodel.action.execution.ActionExecutorImpl.c(SourceFile:115)
03-11 18:38:47.344 22429 22429 W BugleDataModel: 	at com.google.android.apps.messaging.shared.datamodel.action.execution.ActionExecutorImpl.a(SourceFile:21)
03-11 18:38:47.344 22429 22429 W BugleDataModel: 	at com.google.android.apps.messaging.shared.datamodel.action.execution.ActionExecutorImpl.a(SourceFile:16)
03-11 18:38:47.344 22429 22429 W BugleDataModel: 	at dll.c(SourceFile:9)
03-11 18:38:47.344 22429 22429 W BugleDataModel: 	at dlm.run(Unknown Source:2)
03-11 18:38:47.344 22429 22429 W BugleDataModel: 	at android.os.Handler.handleCallback(Handler.java:873)
03-11 18:38:47.344 22429 22429 W BugleDataModel: 	at android.os.Handler.dispatchMessage(Handler.java:99)
03-11 18:38:47.344 22429 22429 W BugleDataModel: 	at android.os.Looper.loop(Looper.java:193)
03-11 18:38:47.344 22429 22429 W BugleDataModel: 	at android.app.ActivityThread.main(ActivityThread.java:6718)
03-11 18:38:47.344 22429 22429 W BugleDataModel: 	at java.lang.reflect.Method.invoke(Native Method)
03-11 18:38:47.344 22429 22429 W BugleDataModel: 	at com.android.internal.os.RuntimeInit$MethodAndArgsCaller.run(RuntimeInit.java:493)
03-11 18:38:47.344 22429 22429 W BugleDataModel: 	at com.android.internal.os.ZygoteInit.main(ZygoteInit.java:858)
03-11 18:38:47.345 22333 22372 D UE4     : [2019.03.11-23.38.47:345][  0]LogStreaming: Display: Flushing async loaders.
03-11 18:38:47.365  2181 22542 I Icing   : Usage reports ok 0, Failed Usage reports 0, indexed 0, rejected 0, imm upload true
03-11 18:38:47.392 22333 22372 D UE4     : [2019.03.11-23.38.47:392][  0]LogPackageLocalizationCache: Processed 10 localized package path(s) for 1 prioritized culture(s) in 0.045694 seconds
03-11 18:38:47.396   913  5593 W ActivityManager: Background start not allowed: service Intent { cmp=com.google.android.apps.messaging/.shared.datamodel.action.execution.ActionExecutorImpl$EmptyService } to com.google.android.apps.messaging/.shared.datamodel.action.execution.ActionExecutorImpl$EmptyService from pid=22429 uid=10086 pkg=com.google.android.apps.messaging startFg?=false
03-11 18:38:47.397 22429 22429 W BugleDataModel: ActionExecutorImpl: Action started execution, but we can't guarantee it will complete, the app may be killed. Action: class com.google.android.apps.messaging.shared.datamodel.action.CommitPhenotypeAction-CommitPhenotypeAction:292856906010
03-11 18:38:47.397 22429 22429 W BugleDataModel: java.lang.IllegalStateException: Not allowed to start service Intent { cmp=com.google.android.apps.messaging/.shared.datamodel.action.execution.ActionExecutorImpl$EmptyService }: app is in background uid UidRecord{f6adbc3 u0a86 CEM  idle change:cached procs:2 seq(0,0,0)}
03-11 18:38:47.397 22429 22429 W BugleDataModel: 	at android.app.ContextImpl.startServiceCommon(ContextImpl.java:1577)
03-11 18:38:47.397 22429 22429 W BugleDataModel: 	at android.app.ContextImpl.startService(ContextImpl.java:1532)
03-11 18:38:47.397 22429 22429 W BugleDataModel: 	at android.content.ContextWrapper.startService(ContextWrapper.java:664)
03-11 18:38:47.397 22429 22429 W BugleDataModel: 	at com.google.android.apps.messaging.shared.datamodel.action.execution.ActionExecutorImpl.c(SourceFile:115)
03-11 18:38:47.397 22429 22429 W BugleDataModel: 	at com.google.android.apps.messaging.shared.datamodel.action.execution.ActionExecutorImpl.a(SourceFile:21)
03-11 18:38:47.397 22429 22429 W BugleDataModel: 	at com.google.android.apps.messaging.shared.datamodel.action.execution.ActionExecutorImpl.b(SourceFile:17)
03-11 18:38:47.397 22429 22429 W BugleDataModel: 	at dll.c(SourceFile:97)
03-11 18:38:47.397 22429 22429 W BugleDataModel: 	at dll.a(SourceFile:52)
03-11 18:38:47.397 22429 22429 W BugleDataModel: 	at com.google.android.apps.messaging.shared.datamodel.action.common.Action.schedule(SourceFile:59)
03-11 18:38:47.397 22429 22429 W BugleDataModel: 	at epv.a(SourceFile:31)
03-11 18:38:47.397 22429 22429 W BugleDataModel: 	at epw.a(Unknown Source:4)
03-11 18:38:47.397 22429 22429 W BugleDataModel: 	at com.google.android.gms.common.api.internal.BasePendingResult$a.handleMessage(SourceFile:7)
03-11 18:38:47.397 22429 22429 W BugleDataModel: 	at android.os.Handler.dispatchMessage(Handler.java:106)
03-11 18:38:47.397 22429 22429 W BugleDataModel: 	at kte.a(SourceFile:10)
03-11 18:38:47.397 22429 22429 W BugleDataModel: 	at kte.dispatchMessage(SourceFile:8)
03-11 18:38:47.397 22429 22429 W BugleDataModel: 	at android.os.Looper.loop(Looper.java:193)
03-11 18:38:47.397 22429 22429 W BugleDataModel: 	at android.app.ActivityThread.main(ActivityThread.java:6718)
03-11 18:38:47.397 22429 22429 W BugleDataModel: 	at java.lang.reflect.Method.invoke(Native Method)
03-11 18:38:47.397 22429 22429 W BugleDataModel: 	at com.android.internal.os.RuntimeInit$MethodAndArgsCaller.run(RuntimeInit.java:493)
03-11 18:38:47.397 22429 22429 W BugleDataModel: 	at com.android.internal.os.ZygoteInit.main(ZygoteInit.java:858)
03-11 18:38:47.397 22429 22429 I BugleAction: ActionSchedulerImpl: class com.google.android.apps.messaging.shared.datamodel.action.CommitPhenotypeAction-CommitPhenotypeAction:292856906010 deferred since it was started from unsafe context
03-11 18:38:47.483 22429 22429 I BugleRcs: RcsAvailability: updating
03-11 18:38:47.484 22429 22477 I BugleRcs: RcsAvailability: No minimum Cs.apk version is set, not checking Cs.apk version
03-11 18:38:47.487 22333 22372 D UE4     : [2019.03.11-23.38.47:487][  0]LogNetVersion: GiftGame 1.0.0, NetCL: 4541578, EngineNetVer: 5, GameNetVer: 0 (Checksum: 4259663717)
03-11 18:38:47.491 22429 22477 I BugleRcs: RCS is disabled via P/H
03-11 18:38:47.491 22429 22477 I BugleRcs: RcsAvailability: config server url unavailable - Carrier is not RCS enabled
03-11 18:38:47.564   913  5593 I ActivityManager: Killing 21223:com.google.android.apps.youtube.music/u0a300 (adj 906): empty #17
03-11 18:38:47.566   913   978 W libprocessgroup: kill(-21223, 9) failed: No such process
03-11 18:38:47.599   913  5124 D ConnectivityService: ConnectivityService NetworkRequestInfo binderDied(NetworkRequest [ LISTEN id=2152, [ Capabilities: INTERNET&NOT_RESTRICTED&TRUSTED Unwanted:  Uid: 10300] ], android.os.BinderProxy@1d8b785)
03-11 18:38:47.600   913   928 D ConnectivityService: ConnectivityService NetworkRequestInfo binderDied(NetworkRequest [ TRACK_DEFAULT id=2151, [ Capabilities: INTERNET&NOT_RESTRICTED&TRUSTED Unwanted:  Uid: 10300] ], android.os.BinderProxy@70ed9da)
03-11 18:38:47.600   913  1514 D ConnectivityService: releasing NetworkRequest [ TRACK_DEFAULT id=2151, [ Capabilities: INTERNET&NOT_RESTRICTED&TRUSTED Unwanted:  Uid: 10300] ] (release request)
03-11 18:38:47.604   664   664 I Zygote  : Process 21223 exited due to signal (9)
03-11 18:38:47.611   913   978 W libprocessgroup: kill(-21223, 9) failed: No such process
03-11 18:38:47.612   913   978 I libprocessgroup: Successfully killed process cgroup uid 10300 pid 21223 in 45ms
03-11 18:38:47.751   913  5593 I ActivityManager: Killing 21411:com.google.android.gms.unstable/u0a18 (adj 906): empty #17
