03-08 20:00:50.207  3136  3136 E adbd    : recv: OPEN 000015e0 00000000 0010:73 68 65 6C 6C 2C 76 32 2C 72 61 77 3A 70 73 00 
03-08 20:00:50.207  3136  3136 E adbd    : service_to_fd: shell,v2,raw:ps
03-08 20:00:50.207  1865  5597 V WindowManager: Relayout Window{b19fa27 u0 com.TeamNA.GiftGame/com.epicgames.ue4.GameActivity}: viewVisibility=0 req=1920x1080 WM.LayoutParams{(0,0)(fillxfill) gr=#11 sim=#120 ty=2 fl=#1810508 pfl=0x20000 wanim=0x1030001 vsysui=0xf02 needsMenuKey=2 colorMode=0 naviIconColor=0}
03-08 20:00:50.212   732   881 I qti_sensors_hal: processReportInd: Accel - X: 1.630 Y: 2.417 Z: 9.205
03-08 20:00:50.212   732   881 I qti_sensors_hal: processReportInd: Gyro - X: -0.002 Y: 0.001 Z: 0.000 status: 3
03-08 20:00:50.220 18188 18188 D ViewRootImpl@e58ced6[GameActivity]: Relayout returned: old=[0,0][1920,1080] new=[0,0][1920,1080] result=0x1 surface={valid=true 3424028672} changed=false
03-08 20:00:50.221 18245 18245 E propClient: PropClient failed to load
03-08 20:00:50.223 18188 18188 V InputMethodManager: Starting input: tba=android.view.inputmethod.EditorInfo@fa9ed6e nm : com.TeamNA.GiftGame ic=null
03-08 20:00:50.223 18188 18188 D UE4     : === Restoring Transparent Bars due to Visibility Change ===
03-08 20:00:50.224 18188 18188 D UE4     : === Restoring Transparent Bars ===
03-08 20:00:50.233 18245 18245 E propClient: PropClient failed to load
03-08 20:00:50.255  4078  4078 D StageManager: saved stages : inStack [1] , outStack[2]
03-08 20:00:50.256  3522  3522 D io_stats: !@   8,0 r 6458614 238122424 w 2830250 57215436 d 226367 26335808 f 1101482 1103402 iot 5235070 3147978 th 51200 0 0 pt 0 inp 0 0 286792.309
03-08 20:00:50.260  3378  4902 D ForegroundUtils: could not check pending caller
03-08 20:00:50.260  1865  3760 D Dex2oatAdjuster: Before fg size = 0
03-08 20:00:50.260  1865  3760 D Dex2oatAdjuster: After bg size = 0 fg size = 0
03-08 20:00:50.275  3378  4902 D ForegroundUtils: could not check pending caller
03-08 20:00:50.275  1865  3760 D Dex2oatAdjuster: Before fg size = 0
03-08 20:00:50.275  1865  3760 D Dex2oatAdjuster: After bg size = 0 fg size = 0
03-08 20:00:50.323 18188 18217 D UE4     : LogPluginManager: Mounting plugin Paper2D
03-08 20:00:50.329 18188 18217 D UE4     : LogPluginManager: Mounting plugin AISupport
03-08 20:00:50.331 18188 18217 D UE4     : LogPluginManager: Mounting plugin LightPropagationVolume
03-08 20:00:50.333 18188 18217 D UE4     : LogPluginManager: Mounting plugin AssetManagerEditor
03-08 20:00:50.335 18188 18217 D UE4     : LogPluginManager: Mounting plugin CryptoKeys
03-08 20:00:50.337 18188 18217 D UE4     : LogPluginManager: Mounting plugin FacialAnimation
03-08 20:00:50.339 18188 18217 D UE4     : LogPluginManager: Mounting plugin MeshEditor
03-08 20:00:50.341 18188 18217 D UE4     : LogPluginManager: Mounting plugin DatasmithContent
03-08 20:00:50.343 18188 18217 D UE4     : LogPluginManager: Mounting plugin VariantManagerContent
03-08 20:00:50.345 18188 18217 D UE4     : LogPluginManager: Mounting plugin AlembicImporter
03-08 20:00:50.348 18188 18217 D UE4     : LogPluginManager: Mounting plugin AppleImageUtils
03-08 20:00:50.350 18188 18217 D UE4     : LogPluginManager: Mounting plugin AppleVision
03-08 20:00:50.352 18188 18217 D UE4     : LogPluginManager: Mounting plugin BackChannel
03-08 20:00:50.354 18188 18217 D UE4     : LogPluginManager: Mounting plugin CharacterAI
03-08 20:00:50.356 18188 18217 D UE4     : LogPluginManager: Mounting plugin GeometryCache
03-08 20:00:50.358 18188 18217 D UE4     : LogPluginManager: Mounting plugin AndroidMedia
03-08 20:00:50.360 18188 18217 D UE4     : LogPluginManager: Mounting plugin ImgMedia
03-08 20:00:50.362 18188 18217 D UE4     : LogPluginManager: Mounting plugin LinearTimecode
03-08 20:00:50.364 18188 18217 D UE4     : LogPluginManager: Mounting plugin MediaCompositing
03-08 20:00:50.367 18188 18217 D UE4     : LogPluginManager: Mounting plugin TcpMessaging
03-08 20:00:50.369 18188 18217 D UE4     : LogPluginManager: Mounting plugin UdpMessaging
03-08 20:00:50.371 18188 18217 D UE4     : LogPluginManager: Mounting plugin ActorSequence
03-08 20:00:50.373 18188 18217 D UE4     : LogPluginManager: Mounting plugin NetcodeUnitTest
03-08 20:00:50.375 18188 18217 D UE4     : LogPluginManager: Mounting plugin NUTUnrealEngine4
03-08 20:00:50.377 18188 18217 D UE4     : LogPluginManager: Mounting plugin OnlineSubsystemGooglePlay
03-08 20:00:50.380 18188 18217 D UE4     : LogPluginManager: Mounting plugin OnlineSubsystem
03-08 20:00:50.382 18188 18217 D UE4     : LogPluginManager: Mounting plugin OnlineSubsystemNull
03-08 20:00:50.384 18188 18217 D UE4     : LogPluginManager: Mounting plugin OnlineSubsystemUtils
03-08 20:00:50.391 18188 18217 D UE4     : LogPluginManager: Mounting plugin AndroidDeviceProfileSelector
03-08 20:00:50.393 18188 18217 D UE4     : LogPluginManager: Mounting plugin AndroidMoviePlayer
03-08 20:00:50.395 18188 18217 D UE4     : LogPluginManager: Mounting plugin AndroidPermission
03-08 20:00:50.397 18188 18217 D UE4     : LogPluginManager: Mounting plugin ArchVisCharacter
03-08 20:00:50.399  1865  1865 D CustomFrequencyManagerService: releaseDVFSLockLocked : Getting Lock type frm List : DVFS_MIN_LIMIT  frequency : 1555200  uid : 1000  pid : 1865  tag : AMS_RESUME_TAIL@CPU_MIN@26
03-08 20:00:50.399 18188 18217 D UE4     : LogPluginManager: Mounting plugin CableComponent
03-08 20:00:50.401 18188 18217 D UE4     : LogPluginManager: Mounting plugin CustomMeshComponent
03-08 20:00:50.403 18188 18217 D UE4     : LogPluginManager: Mounting plugin EditableMesh
03-08 20:00:50.405 18188 18217 D UE4     : LogPluginManager: Mounting plugin ExampleDeviceProfileSelector
03-08 20:00:50.409 18188 18217 D UE4     : LogPluginManager: Mounting plugin Firebase
03-08 20:00:50.410  1865  2517 D MdnieScenarioControlService:  packageName : com.TeamNA.GiftGame    className : com.epicgames.ue4.GameActivity
03-08 20:00:50.410  1865  2517 V MdnieScenarioControlService: setUIMode from UI function(3)
03-08 20:00:50.411 18188 18217 D UE4     : LogPluginManager: Mounting plugin GoogleCloudMessaging
03-08 20:00:50.413 18188 18217 D UE4     : LogPluginManager: Mounting plugin LocationServicesBPLibrary
03-08 20:00:50.415 18188 18217 D UE4     : LogPluginManager: Mounting plugin MobilePatchingUtils
03-08 20:00:50.420 18188 18217 D UE4     : LogPluginManager: Mounting plugin OculusVR
03-08 20:00:50.425 18188 18217 D UE4     : LogPluginManager: Mounting plugin PhysXVehicles
03-08 20:00:50.430 18188 18217 D UE4     : LogPluginManager: Mounting plugin ProceduralMeshComponent
03-08 20:00:50.432 18188 18217 D UE4     : LogPluginManager: Mounting plugin RuntimePhysXCooking
03-08 20:00:50.434 18188 18217 D UE4     : LogPluginManager: Mounting plugin SteamVR
03-08 20:00:50.440 18188 18217 D UE4     : LogStreaming: Display: Took  0.118s to configure plugins.
03-08 20:00:50.536  3136  3136 E adbd    : recv: OPEN 000015e1 00000000 0009:74 63 70 3A 36 36 36 36 00 
03-08 20:00:50.536  3136  3136 E adbd    : service_to_fd: tcp:6666
03-08 20:00:50.537  1144  1287 D DnsProxyListener: DNSDBG::dns addrinfo af 2
03-08 20:00:50.541  3136  3136 E adbd    : failed to connect to socket 'tcp:6666': Connection refused
03-08 20:00:50.577 18188 18217 D UE4     : LogInit: Using libcurl 7.46.0
03-08 20:00:50.577 18188 18217 D UE4     : LogInit:  - built for arm-unknown-linux-androideabi
03-08 20:00:50.577 18188 18217 D UE4     : LogInit:  - supports SSL with OpenSSL/1.0.1s
03-08 20:00:50.577 18188 18217 D UE4     : LogInit:  - supports HTTP deflate (compression) using libz 1.2.8
03-08 20:00:50.577 18188 18217 D UE4     : LogInit:  - other features:
03-08 20:00:50.577 18188 18217 D UE4     : LogInit:      CURL_VERSION_SSL
03-08 20:00:50.577 18188 18217 D UE4     : LogInit:      CURL_VERSION_LIBZ
03-08 20:00:50.577 18188 18217 D UE4     : LogInit:      CURL_VERSION_IPV6
03-08 20:00:50.577 18188 18217 D UE4     : LogInit:      CURL_VERSION_ASYNCHDNS
03-08 20:00:50.577 18188 18217 D UE4     : LogInit:      CURL_VERSION_TLSAUTH_SRP
03-08 20:00:50.578 18188 18217 D UE4     : LogInit:  CurlRequestOptions (configurable via config and command line):
03-08 20:00:50.578 18188 18217 D UE4     : LogInit:  - bVerifyPeer = true  - Libcurl will verify peer certificate
03-08 20:00:50.578 18188 18217 D UE4     : LogInit:  - bUseHttpProxy = false  - Libcurl will NOT use HTTP proxy
03-08 20:00:50.578 18188 18217 D UE4     : LogInit:  - bDontReuseConnections = false  - Libcurl will reuse connections
03-08 20:00:50.578 18188 18217 D UE4     : LogInit:  - MaxHostConnections = 16  - Libcurl will limit the number of connections to a host
03-08 20:00:50.578 18188 18217 D UE4     : LogInit:  - LocalHostAddr = Default
03-08 20:00:50.578 18188 18217 D UE4     : LogInit:  - BufferSize = 65536
03-08 20:00:50.580 18188 18217 D UE4     : LogOnline: Display: OSS: OnlineSubsystemGooglePlayModule::StartupModule()
03-08 20:00:50.580 18188 18217 D UE4     : LogOnline: Warning: OSS: FOnlineSubsystemGooglePlayModule was disabled
03-08 20:00:50.581 18188 18217 D UE4     : LogOnline: OSS: Unable to create OnlineSubsystem module GooglePlay
03-08 20:00:50.582 18188 18217 D UE4     : LogOnline: Warning: OSS: FOnlineSubsystemGooglePlayModule was disabled
03-08 20:00:50.582  1865  9170 D GamePkgDataHelper: getGamePkgDataIncServer(). com.TeamNA.GiftGame
03-08 20:00:50.583 18188 18217 D UE4     : LogHMD: App is not packaged for Gear VR
03-08 20:00:50.583 18188 18217 D UE4     : LogInit: Build: ++UE4+Release-4.21-CL-4753647
03-08 20:00:50.583 18188 18217 D UE4     : LogInit: Engine Version: 4.21.2-4753647+++UE4+Release-4.21
03-08 20:00:50.583 18188 18217 D UE4     : LogInit: Compatible Engine Version: 4.21.0-4541578+++UE4+Release-4.21
03-08 20:00:50.583 18188 18217 D UE4     : LogInit: Net CL: 4541578
03-08 20:00:50.583 18188 18217 D UE4     : LogInit: OS: Android (8.0.0), CPU: SM-G930V, GPU: Adreno (TM) 530
03-08 20:00:50.583 18188 18217 D UE4     : LogInit: Compiled (32-bit): Jan 19 2019 03:01:47
03-08 20:00:50.583 18188 18217 D UE4     : LogInit: Compiled with Clang: 3.8.275480 
03-08 20:00:50.583 18188 18217 D UE4     : LogInit: Build Configuration: Development
03-08 20:00:50.583 18188 18217 D UE4     : LogInit: Branch Name: ++UE4+Release-4.21
03-08 20:00:50.583 18188 18217 D UE4     : LogInit: Command Line:   /Game/Maps/MainGame -Messaging -SessionId=6EB1BAE5467EAA32E11318999063481B -SessionOwner="DSU" -SessionName="Launch On Device" -iterative
03-08 20:00:50.583 18188 18217 D UE4     : LogInit: Base Directory: 
03-08 20:00:50.583 18188 18217 D UE4     : LogInit: Installed Engine Build: 0
03-08 20:00:50.583 18188 18217 D UE4     : LogDevObjectVersion: Number of dev versions registered: 22
03-08 20:00:50.584 18188 18217 D UE4     : LogDevObjectVersion:   Dev-Blueprints (B0D832E4-1F89-4F0D-ACCF-7EB736FD4AA2): 10
03-08 20:00:50.584 18188 18217 D UE4     : LogDevObjectVersion:   Dev-Build (E1C64328-A22C-4D53-A36C-8E866417BD8C): 0
03-08 20:00:50.584 18188 18217 D UE4     : LogDevObjectVersion:   Dev-Core (375EC13C-06E4-48FB-B500-84F0262A717E): 2
03-08 20:00:50.584 18188 18217 D UE4     : LogDevObjectVersion:   Dev-Editor (E4B068ED-F494-42E9-A231-DA0B2E46BB41): 26
03-08 20:00:50.584 18188 18217 D UE4     : LogDevObjectVersion:   Dev-Framework (CFFC743F-43B0-4480-9391-14DF171D2073): 34
03-08 20:00:50.584 18188 18217 D UE4     : LogDevObjectVersion:   Dev-Mobile (B02B49B5-BB20-44E9-A304-32B752E40360): 2
03-08 20:00:50.584 18188 18217 D UE4     : LogDevObjectVersion:   Dev-Networking (A4E4105C-59A1-49B5-A7C5-40C4547EDFEE): 0
03-08 20:00:50.584 18188 18217 D UE4     : LogDevObjectVersion:   Dev-Online (39C831C9-5AE6-47DC-9A44-9C173E1C8E7C): 0
03-08 20:00:50.584 18188 18217 D UE4     : LogDevObjectVersion:   Dev-Physics (78F01B33-EBEA-4F98-B9B4-84EACCB95AA2): 0
03-08 20:00:50.584 18188 18217 D UE4     : LogDevObjectVersion:   Dev-Platform (6631380F-2D4D-43E0-8009-CF276956A95A): 0
03-08 20:00:50.584 18188 18217 D UE4     : LogDevObjectVersion:   Dev-Rendering (12F88B9F-8875-4AFC-A67C-D90C383ABD29): 27
03-08 20:00:50.584 18188 18217 D UE4     : LogDevObjectVersion:   Dev-Sequencer (7B5AE74C-D270-4C10-A958-57980B212A5A): 9
03-08 20:00:50.584 18188 18217 D UE4     : LogDevObjectVersion:   Dev-VR (D7296918-1DD6-4BDD-9DE2-64A83CC13884): 2
03-08 20:00:50.584 18188 18217 D UE4     : LogDevObjectVersion:   Dev-LoadTimes (C2A15278-BFE7-4AFE-6C17-90FF531DF755): 1
03-08 20:00:50.584 18188 18217 D UE4     : LogDevObjectVersion:   Private-Geometry (6EACA3D4-40EC-4CC1-B786-8BED09428FC5): 3
03-08 20:00:50.584 18188 18217 D UE4     : LogDevObjectVersion:   Dev-AnimPhys (29E575DD-E0A3-4627-9D10-D276232CDCEA): 17
03-08 20:00:50.584 18188 18217 D UE4     : LogDevObjectVersion:   Dev-Anim (AF43A65D-7FD3-4947-9873-3E8ED9C1BB05): 2
03-08 20:00:50.584 18188 18217 D UE4     : LogDevObjectVersion:   Dev-ReflectionCapture (6B266CEC-1EC7-4B8F-A30B-E4D90942FC07): 1
03-08 20:00:50.584 18188 18217 D UE4     : LogDevObjectVersion:   Dev-Automation (0DF73D61-A23F-47EA-B727-89E90C41499A): 1
03-08 20:00:50.584 18188 18217 D UE4     : LogDevObjectVersion:   FortniteMain (601D1886-AC64-4F84-AA16-D3DE0DEAC7D6): 17
03-08 20:00:50.584 18188 18217 D UE4     : LogDevObjectVersion:   Dev-Enterprise (9DFFBCD6-494F-0158-E221-12823C92A888): 4
03-08 20:00:50.584 18188 18217 D UE4     : LogDevObjectVersion:   Dev-Niagara (F2AED0AC-9AFE-416F-8664-AA7FFA26D6FC): 1
03-08 20:00:50.585 18188 18217 D UE4     : LogStreaming: Display: Took  0.000s to delete old logs.
03-08 20:00:50.594  1865  9170 D GameManagerService: identifyGamePackage. com.TeamNA.GiftGame
03-08 20:00:50.595  1865  9170 D GamePkgDataHelper: getGamePkgData(). com.TeamNA.GiftGame
03-08 20:00:50.599  1865  9170 D GameManagerService: identifyGamePackage. com.TeamNA.GiftGame
03-08 20:00:50.599  1865  9170 D GamePkgDataHelper: getGamePkgData(). com.TeamNA.GiftGame
03-08 20:00:50.601  1865  9170 D GameManagerService: identifyGamePackage. com.TeamNA.GiftGame
03-08 20:00:50.602  1865  9170 D GamePkgDataHelper: getGamePkgData(). com.TeamNA.GiftGame
03-08 20:00:50.613  1044  2129 V APM_AudioPolicyManager: getAudioPolicyConfig: audioParam;outDevice
03-08 20:00:50.614  1044  2129 V APM_AudioPolicyManager: getNewOutputDevice() selected device 0
03-08 20:00:50.614  1044  2129 V APM_AudioPolicyManager: ### curdevice : 2
03-08 20:00:50.614  1044  2129 V APM_AudioPolicyManager: getAudioPolicyConfig: audioParam;outDevice
03-08 20:00:50.615  1044  2129 V APM_AudioPolicyManager: getNewOutputDevice() selected device 0
03-08 20:00:50.615  1044  2129 V APM_AudioPolicyManager: ### curdevice : 2
03-08 20:00:50.615  1044  2129 V APM_AudioPolicyManager: getAudioPolicyConfig: audioParam;outDevice
03-08 20:00:50.615  1044  2129 V APM_AudioPolicyManager: getNewOutputDevice() selected device 0
03-08 20:00:50.615  1044  2129 V APM_AudioPolicyManager: ### curdevice : 2
03-08 20:00:50.616 18188 18217 D UE4     : LogInit: Presizing for max 131072 objects, including 1 objects not considered by GC, pre-allocating 0 bytes for permanent pool.
03-08 20:00:50.617 18188 18217 D UE4     : LogStreaming: Display: Async Loading initialized: Event Driven Loader: true, Async Loading Thread: false, Async Post Load: true
03-08 20:00:50.624  1044  2129 V APM_AudioPolicyManager: getAudioPolicyConfig: audioParam;activeStream
03-08 20:00:50.625  1044  2129 V APM_AudioPolicyManager: ### active stream : 0
03-08 20:00:50.625  1865  9170 D AudioService: active stream is 0x0
03-08 20:00:50.627  1865  9170 D GameManagerService: identifyGamePackage. com.TeamNA.GiftGame
03-08 20:00:50.627  1865  9170 D GamePkgDataHelper: getGamePkgData(). com.TeamNA.GiftGame
03-08 20:00:50.628  1865  9170 D GameManagerService: identifyGamePackage. com.TeamNA.GiftGame
03-08 20:00:50.628  1865  9170 D GamePkgDataHelper: getGamePkgData(). com.TeamNA.GiftGame
03-08 20:00:50.644 18188 18217 D UE4     : LogInit: Object subsystem initialized
03-08 20:00:50.653 18188 18217 D UE4     : LogConfig: Setting CVar [[con.DebugEarlyDefault:1]]
03-08 20:00:50.661 18188 18217 D UE4     : [2019.03.09-02.00.50:660][  0]LogConfig: Setting CVar [[con.DebugEarlyDefault:1]]
03-08 20:00:50.661 18188 18217 D UE4     : [2019.03.09-02.00.50:661][  0]LogConfig: Applying CVar settings from Section [/Script/Engine.RendererSettings] File [../../../GiftGame/Saved/Config/Android/Engine.ini]
03-08 20:00:50.661 18188 18217 D UE4     : [2019.03.09-02.00.50:661][  0]LogConfig: Setting CVar [[r.GPUCrashDebugging:0]]
03-08 20:00:50.661 18188 18217 D UE4     : [2019.03.09-02.00.50:661][  0]LogConfig: Setting CVar [[r.MobileHDR:0]]
03-08 20:00:50.661 18188 18217 D UE4     : [2019.03.09-02.00.50:661][  0]LogConfig: Setting CVar [[r.Mobile.DisableVertexFog:1]]
03-08 20:00:50.661 18188 18217 D UE4     : [2019.03.09-02.00.50:661][  0]LogConfig: Setting CVar [[r.Shadow.CSM.MaxMobileCascades:2]]
03-08 20:00:50.661 18188 18217 D UE4     : [2019.03.09-02.00.50:661][  0]LogConfig: Setting CVar [[r.MobileMSAA:1]]
03-08 20:00:50.661 18188 18217 D UE4     : [2019.03.09-02.00.50:661][  0]LogConfig: Setting CVar [[r.Mobile.UseLegacyShadingModel:0]]
03-08 20:00:50.661 18188 18217 D UE4     : [2019.03.09-02.00.50:661][  0]LogConfig: Setting CVar [[r.DiscardUnusedQuality:0]]
03-08 20:00:50.661 18188 18217 D UE4     : [2019.03.09-02.00.50:661][  0]LogConfig: Setting CVar [[r.AllowOcclusionQueries:1]]
03-08 20:00:50.661 18188 18217 D UE4     : [2019.03.09-02.00.50:661][  0]LogConfig: Setting CVar [[r.MinScreenRadiusForLights:0.030000]]
03-08 20:00:50.662 18188 18217 D UE4     : [2019.03.09-02.00.50:661][  0]LogConfig: Setting CVar [[r.MinScreenRadiusForDepthPrepass:0.030000]]
03-08 20:00:50.662 18188 18217 D UE4     : [2019.03.09-02.00.50:662][  0]LogConfig: Setting CVar [[r.MinScreenRadiusForCSMDepth:0.010000]]
03-08 20:00:50.662 18188 18217 D UE4     : [2019.03.09-02.00.50:662][  0]LogConfig: Setting CVar [[r.PrecomputedVisibilityWarning:0]]
03-08 20:00:50.662 18188 18217 D UE4     : [2019.03.09-02.00.50:662][  0]LogConfig: Setting CVar [[r.TextureStreaming:1]]
03-08 20:00:50.662 18188 18217 D UE4     : [2019.03.09-02.00.50:662][  0]LogConfig: Setting CVar [[Compat.UseDXT5NormalMaps:0]]
03-08 20:00:50.662 18188 18217 D UE4     : [2019.03.09-02.00.50:662][  0]LogConfig: Setting CVar [[r.ClearCoatNormal:0]]
03-08 20:00:50.662 18188 18217 D UE4     : [2019.03.09-02.00.50:662][  0]LogConfig: Setting CVar [[r.ReflectionCaptureResolution:128]]
03-08 20:00:50.662 18188 18217 D UE4     : [2019.03.09-02.00.50:662][  0]LogConfig: Setting CVar [[r.ReflectionEnvironmentLightmapMixBasedOnRoughness:1]]
03-08 20:00:50.662 18188 18217 D UE4     : [2019.03.09-02.00.50:662][  0]LogConfig: Setting CVar [[r.ForwardShading:0]]
03-08 20:00:50.662 18188 18217 D UE4     : [2019.03.09-02.00.50:662][  0]LogConfig: Setting CVar [[r.VertexFoggingForOpaque:1]]
03-08 20:00:50.662 18188 18217 D UE4     : [2019.03.09-02.00.50:662][  0]LogConfig: Setting CVar [[r.AllowStaticLighting:1]]
03-08 20:00:50.662 18188 18217 D UE4     : [2019.03.09-02.00.50:662][  0]LogConfig: Setting CVar [[r.NormalMapsForStaticLighting:0]]
03-08 20:00:50.662 18188 18217 D UE4     : [2019.03.09-02.00.50:662][  0]LogConfig: Setting CVar [[r.GenerateMeshDistanceFields:0]]
03-08 20:00:50.662 18188 18217 D UE4     : [2019.03.09-02.00.50:662][  0]LogConfig: Setting CVar [[r.DistanceFieldBuild.EightBit:0]]
03-08 20:00:50.663 18188 18217 D UE4     : [2019.03.09-02.00.50:663][  0]LogConfig: Setting CVar [[r.GenerateLandscapeGIData:0]]
03-08 20:00:50.663 18188 18217 D UE4     : [2019.03.09-02.00.50:663][  0]LogConfig: Setting CVar [[r.DistanceFieldBuild.Compress:0]]
03-08 20:00:50.663 18188 18217 D UE4     : [2019.03.09-02.00.50:663][  0]LogConfig: Setting CVar [[r.TessellationAdaptivePixelsPerTriangle:48.000000]]
03-08 20:00:50.663 18188 18217 D UE4     : [2019.03.09-02.00.50:663][  0]LogConfig: Setting CVar [[r.SeparateTranslucency:0]]
03-08 20:00:50.663 18188 18217 D UE4     : [2019.03.09-02.00.50:663][  0]LogConfig: Setting CVar [[r.TranslucentSortPolicy:0]]
03-08 20:00:50.663 18188 18217 D UE4     : [2019.03.09-02.00.50:663][  0]LogConfig: Setting CVar [[r.CustomDepth:1]]
03-08 20:00:50.663 18188 18217 D UE4     : [2019.03.09-02.00.50:663][  0]LogConfig: Setting CVar [[r.CustomDepthTemporalAAJitter:1]]
03-08 20:00:50.663 18188 18217 D UE4     : [2019.03.09-02.00.50:663][  0]LogConfig: Setting CVar [[r.PostProcessing.PropagateAlpha:0]]
03-08 20:00:50.663 18188 18217 D UE4     : [2019.03.09-02.00.50:663][  0]LogConfig: Setting CVar [[r.DOF.Algorithm:1]]
03-08 20:00:50.663 18188 18217 D UE4     : [2019.03.09-02.00.50:663][  0]LogConfig: Setting CVar [[r.UsePreExposure:0]]
03-08 20:00:50.663 18188 18217 D UE4     : [2019.03.09-02.00.50:663][  0]LogConfig: Setting CVar [[r.DefaultFeature.Bloom:0]]
03-08 20:00:50.663 18188 18217 D UE4     : [2019.03.09-02.00.50:663][  0]LogConfig: Setting CVar [[r.DefaultFeature.AmbientOcclusion:0]]
03-08 20:00:50.663 18188 18217 D UE4     : [2019.03.09-02.00.50:663][  0]LogConfig: Setting CVar [[r.DefaultFeature.AmbientOcclusionStaticFraction:1]]
03-08 20:00:50.663 18188 18217 D UE4     : [2019.03.09-02.00.50:663][  0]LogConfig: Setting CVar [[r.DefaultFeature.AutoExposure:0]]
03-08 20:00:50.664 18188 18217 D UE4     : [2019.03.09-02.00.50:664][  0]LogConfig: Setting CVar [[r.DefaultFeature.AutoExposure.Method:0]]
03-08 20:00:50.664 18188 18217 D UE4     : [2019.03.09-02.00.50:664][  0]LogConfig: Setting CVar [[r.DefaultFeature.MotionBlur:0]]
03-08 20:00:50.664 18188 18217 D UE4     : [2019.03.09-02.00.50:664][  0]LogConfig: Setting CVar [[r.DefaultFeature.LensFlare:0]]
03-08 20:00:50.664 18188 18217 D UE4     : [2019.03.09-02.00.50:664][  0]LogConfig: Setting CVar [[r.TemporalAA.Upsampling:0]]
03-08 20:00:50.664 18188 18217 D UE4     : [2019.03.09-02.00.50:664][  0]LogConfig: Setting CVar [[r.DefaultFeature.AntiAliasing:0]]
03-08 20:00:50.664 18188 18217 D UE4     : [2019.03.09-02.00.50:664][  0]LogConfig: Setting CVar [[r.DefaultBackBufferPixelFormat:4]]
03-08 20:00:50.664 18188 18217 D UE4     : [2019.03.09-02.00.50:664][  0]LogConfig: Setting CVar [[r.Shadow.UnbuiltPreviewInGame:1]]
03-08 20:00:50.664 18188 18217 D UE4     : [2019.03.09-02.00.50:664][  0]LogConfig: Setting CVar [[r.StencilForLODDither:0]]
03-08 20:00:50.664 18188 18217 D UE4     : [2019.03.09-02.00.50:664][  0]LogConfig: Setting CVar [[r.EarlyZPass:3]]
03-08 20:00:50.664 18188 18217 D UE4     : [2019.03.09-02.00.50:664][  0]LogConfig: Setting CVar [[r.EarlyZPassMovable:1]]
03-08 20:00:50.664 18188 18217 D UE4     : [2019.03.09-02.00.50:664][  0]LogConfig: Setting CVar [[r.EarlyZPassOnlyMaterialMasking:0]]
03-08 20:00:50.665 18188 18217 D UE4     : [2019.03.09-02.00.50:664][  0]LogConfig: Setting CVar [[r.DBuffer:1]]
03-08 20:00:50.665 18188 18217 D UE4     : [2019.03.09-02.00.50:665][  0]LogConfig: Setting CVar [[r.ClearSceneMethod:1]]
03-08 20:00:50.665 18188 18217 D UE4     : [2019.03.09-02.00.50:665][  0]LogConfig: Setting CVar [[r.BasePassOutputsVelocity:0]]
03-08 20:00:50.665 18188 18217 D UE4     : [2019.03.09-02.00.50:665][  0]LogConfig: Setting CVar [[r.SelectiveBasePassOutputs:0]]
03-08 20:00:50.665 18188 18217 D UE4     : [2019.03.09-02.00.50:665][  0]LogConfig: Setting CVar [[fx.GPUSimulationTextureSizeX:1024]]
03-08 20:00:50.665 18188 18217 D UE4     : [2019.03.09-02.00.50:665][  0]LogConfig: Setting CVar [[fx.GPUSimulationTextureSizeY:1024]]
03-08 20:00:50.665 18188 18217 D UE4     : [2019.03.09-02.00.50:665][  0]LogConfig: Setting CVar [[r.AllowGlobalClipPlane:0]]
03-08 20:00:50.665 18188 18217 D UE4     : [2019.03.09-02.00.50:665][  0]LogConfig: Setting CVar [[r.GBufferFormat:1]]
03-08 20:00:50.665 18188 18217 D UE4     : [2019.03.09-02.00.50:665][  0]LogConfig: Setting CVar [[r.MorphTarget.Mode:1]]
03-08 20:00:50.665 18188 18217 D UE4     : [2019.03.09-02.00.50:665][  0]LogConfig: Setting CVar [[vr.InstancedStereo:0]]
03-08 20:00:50.665 18188 18217 D UE4     : [2019.03.09-02.00.50:665][  0]LogConfig: Setting CVar [[vr.MultiView:0]]
03-08 20:00:50.665 18188 18217 D UE4     : [2019.03.09-02.00.50:665][  0]LogConfig: Setting CVar [[vr.MobileMultiView:0]]
03-08 20:00:50.665 18188 18217 D UE4     : [2019.03.09-02.00.50:665][  0]LogConfig: Setting CVar [[vr.MobileMultiView.Direct:0]]
03-08 20:00:50.665 18188 18217 D UE4     : [2019.03.09-02.00.50:665][  0]LogConfig: Setting CVar [[vr.MonoscopicFarField:0]]
03-08 20:00:50.665 18188 18217 D UE4     : [2019.03.09-02.00.50:665][  0]LogConfig: Setting CVar [[vr.ODSCapture:0]]
03-08 20:00:50.666 18188 18217 D UE4     : [2019.03.09-02.00.50:666][  0]LogConfig: Setting CVar [[r.WireframeCullThreshold:5.000000]]
03-08 20:00:50.666 18188 18217 D UE4     : [2019.03.09-02.00.50:666][  0]LogConfig: Setting CVar [[r.SupportStationarySkylight:1]]
03-08 20:00:50.666 18188 18217 D UE4     : [2019.03.09-02.00.50:666][  0]LogConfig: Setting CVar [[r.SupportLowQualityLightmaps:1]]
03-08 20:00:50.666 18188 18217 D UE4     : [2019.03.09-02.00.50:666][  0]LogConfig: Setting CVar [[r.SupportPointLightWholeSceneShadows:1]]
03-08 20:00:50.666 18188 18217 D UE4     : [2019.03.09-02.00.50:666][  0]LogConfig: Setting CVar [[r.SupportAtmosphericFog:1]]
03-08 20:00:50.666 18188 18217 D UE4     : [2019.03.09-02.00.50:666][  0]LogConfig: Setting CVar [[r.SkinCache.CompileShaders:0]]
03-08 20:00:50.666 18188 18217 D UE4     : [2019.03.09-02.00.50:666][  0]LogConfig: Setting CVar [[r.Mobile.EnableStaticAndCSMShadowReceivers:1]]
03-08 20:00:50.666 18188 18217 D UE4     : [2019.03.09-02.00.50:666][  0]LogConfig: Setting CVar [[r.Mobile.EnableMovableLightCSMShaderCulling:1]]
03-08 20:00:50.667 18188 18217 D UE4     : [2019.03.09-02.00.50:666][  0]LogConfig: Setting CVar [[r.Mobile.AllowDistanceFieldShadows:1]]
03-08 20:00:50.667 18188 18217 D UE4     : [2019.03.09-02.00.50:667][  0]LogConfig: Setting CVar [[r.Mobile.AllowMovableDirectionalLights:1]]
03-08 20:00:50.667 18188 18217 D UE4     : [2019.03.09-02.00.50:667][  0]LogConfig: Setting CVar [[r.MobileNumDynamicPointLights:4]]
03-08 20:00:50.667 18188 18217 D UE4     : [2019.03.09-02.00.50:667][  0]LogConfig: Setting CVar [[r.MobileDynamicPointLightsUseStaticBranch:1]]
03-08 20:00:50.667 18188 18217 D UE4     : [2019.03.09-02.00.50:667][  0]LogConfig: Setting CVar [[r.SkinCache.SceneMemoryLimitInMB:128.000000]]
03-08 20:00:50.667 18188 18217 D UE4     : [2019.03.09-02.00.50:667][  0]LogConfig: Setting CVar [[r.GPUSkin.Limit2BoneInfluences:0]]
03-08 20:00:50.667 18188 18217 D UE4     : [2019.03.09-02.00.50:667][  0]LogConfig: Setting CVar [[r.SupportDepthOnlyIndexBuffers:1]]
03-08 20:00:50.667 18188 18217 D UE4     : [2019.03.09-02.00.50:667][  0]LogConfig: Setting CVar [[r.SupportReversedIndexBuffers:1]]
03-08 20:00:50.667 18188 18217 D UE4     : [2019.03.09-02.00.50:667][  0]LogConfig: Setting CVar [[r.SupportMaterialLayers:0]]
03-08 20:00:50.668 18188 18217 D UE4     : [2019.03.09-02.00.50:668][  0]LogConfig: Applying CVar settings from Section [/Script/Engine.RendererOverrideSettings] File [../../../GiftGame/Saved/Config/Android/Engine.ini]
03-08 20:00:50.668 18188 18217 D UE4     : [2019.03.09-02.00.50:668][  0]LogConfig: Applying CVar settings from Section [/Script/Engine.StreamingSettings] File [../../../GiftGame/Saved/Config/Android/Engine.ini]
03-08 20:00:50.668 18188 18217 D UE4     : [2019.03.09-02.00.50:668][  0]LogConfig: Setting CVar [[s.MinBulkDataSizeForAsyncLoading:131072]]
03-08 20:00:50.668 18188 18217 D UE4     : [2019.03.09-02.00.50:668][  0]LogConfig: Setting CVar [[s.AsyncLoadingThreadEnabled:0]]
03-08 20:00:50.668 18188 18217 D UE4     : [2019.03.09-02.00.50:668][  0]LogConfig: Setting CVar [[s.EventDrivenLoaderEnabled:1]]
03-08 20:00:50.668 18188 18217 D UE4     : [2019.03.09-02.00.50:668][  0]LogConfig: Setting CVar [[s.WarnIfTimeLimitExceeded:0]]
03-08 20:00:50.668 18188 18217 D UE4     : [2019.03.09-02.00.50:668][  0]LogConfig: Setting CVar [[s.TimeLimitExceededMultiplier:1.5]]
03-08 20:00:50.668 18188 18217 D UE4     : [2019.03.09-02.00.50:668][  0]LogConfig: Setting CVar [[s.TimeLimitExceededMinTime:0.005]]
03-08 20:00:50.668 18188 18217 D UE4     : [2019.03.09-02.00.50:668][  0]LogConfig: Setting CVar [[s.UseBackgroundLevelStreaming:1]]
03-08 20:00:50.668 18188 18217 D UE4     : [2019.03.09-02.00.50:668][  0]LogConfig: Setting CVar [[s.PriorityAsyncLoadingExtraTime:15.0]]
03-08 20:00:50.669 18188 18217 D UE4     : [2019.03.09-02.00.50:669][  0]LogConfig: Setting CVar [[s.LevelStreamingActorsUpdateTimeLimit:5.0]]
03-08 20:00:50.669 18188 18217 D UE4     : [2019.03.09-02.00.50:669][  0]LogConfig: Setting CVar [[s.PriorityLevelStreamingActorsUpdateExtraTime:5.0]]
03-08 20:00:50.669 18188 18217 D UE4     : [2019.03.09-02.00.50:669][  0]LogConfig: Setting CVar [[s.LevelStreamingComponentsRegistrationGranularity:10]]
03-08 20:00:50.669 18188 18217 D UE4     : [2019.03.09-02.00.50:669][  0]LogConfig: Setting CVar [[s.UnregisterComponentsTimeLimit:1.0]]
03-08 20:00:50.669 18188 18217 D UE4     : [2019.03.09-02.00.50:669][  0]LogConfig: Setting CVar [[s.LevelStreamingComponentsUnregistrationGranularity:5]]
03-08 20:00:50.669 18188 18217 D UE4     : [2019.03.09-02.00.50:669][  0]LogConfig: Applying CVar settings from Section [/Script/Engine.GarbageCollectionSettings] File [../../../GiftGame/Saved/Config/Android/Engine.ini]
03-08 20:00:50.669 18188 18217 D UE4     : [2019.03.09-02.00.50:669][  0]LogConfig: Setting CVar [[gc.MaxObjectsNotConsideredByGC:1]]
03-08 20:00:50.669 18188 18217 D UE4     : [2019.03.09-02.00.50:669][  0]LogConfig: Setting CVar [[gc.SizeOfPermanentObjectPool:0]]
03-08 20:00:50.670 18188 18217 D UE4     : [2019.03.09-02.00.50:670][  0]LogConfig: Setting CVar [[gc.FlushStreamingOnGC:0]]
03-08 20:00:50.670 18188 18217 D UE4     : [2019.03.09-02.00.50:670][  0]LogConfig: Setting CVar [[gc.NumRetriesBeforeForcingGC:10]]
03-08 20:00:50.670 18188 18217 D UE4     : [2019.03.09-02.00.50:670][  0]LogConfig: Setting CVar [[gc.AllowParallelGC:1]]
03-08 20:00:50.670 18188 18217 D UE4     : [2019.03.09-02.00.50:670][  0]LogConfig: Setting CVar [[gc.TimeBetweenPurgingPendingKillObjects:61.1]]
03-08 20:00:50.670 18188 18217 D UE4     : [2019.03.09-02.00.50:670][  0]LogConfig: Setting CVar [[gc.MaxObjectsInEditor:8388607]]
03-08 20:00:50.670 18188 18217 D UE4     : [2019.03.09-02.00.50:670][  0]LogConfig: Setting CVar [[gc.IncrementalBeginDestroyEnabled:1]]
03-08 20:00:50.670 18188 18217 D UE4     : [2019.03.09-02.00.50:670][  0]LogConfig: Setting CVar [[gc.CreateGCClusters:1]]
03-08 20:00:50.670 18188 18217 D UE4     : [2019.03.09-02.00.50:670][  0]LogConfig: Setting CVar [[gc.MergeGCClusters:0]]
03-08 20:00:50.671 18188 18217 D UE4     : [2019.03.09-02.00.50:670][  0]LogConfig: Setting CVar [[gc.MinGCClusterSize:5]]
03-08 20:00:50.671 18188 18217 D UE4     : [2019.03.09-02.00.50:671][  0]LogConfig: Setting CVar [[gc.ActorClusteringEnabled:0]]
03-08 20:00:50.671 18188 18217 D UE4     : [2019.03.09-02.00.50:671][  0]LogConfig: Setting CVar [[gc.BlueprintClusteringEnabled:0]]
03-08 20:00:50.671 18188 18217 D UE4     : [2019.03.09-02.00.50:671][  0]LogConfig: Setting CVar [[gc.UseDisregardForGCOnDedicatedServers:0]]
03-08 20:00:50.671 18188 18217 D UE4     : [2019.03.09-02.00.50:671][  0]LogConfig: Setting CVar [[gc.MaxObjectsInGame:131072]]
03-08 20:00:50.671 18188 18217 D UE4     : [2019.03.09-02.00.50:671][  0]LogConfig: Applying CVar settings from Section [/Script/Engine.NetworkSettings] File [../../../GiftGame/Saved/Config/Android/Engine.ini]
03-08 20:00:50.673 18188 18217 D UE4     : [2019.03.09-02.00.50:673][  0]LogAndroid: Mobile HDR: no
03-08 20:00:50.674 18188 18217 D UE4     : [2019.03.09-02.00.50:674][  0]LogAndroid: Setting Width=1280 and Height=720 (requested scale = 1.000000)
03-08 20:00:50.674 18188 18217 D UE4     : [2019.03.09-02.00.50:674][  0]LogConfig: Applying CVar settings from Section [ViewDistanceQuality@3] File [../../../GiftGame/Saved/Config/Android/Scalability.ini]
03-08 20:00:50.675 18188 18217 D UE4     : [2019.03.09-02.00.50:675][  0]LogConfig: Setting CVar [[r.SkeletalMeshLODBias:0]]
03-08 20:00:50.675 18188 18217 D UE4     : [2019.03.09-02.00.50:675][  0]LogConfig: Setting CVar [[r.ViewDistanceScale:1.0]]
03-08 20:00:50.675 18188 18217 D UE4     : [2019.03.09-02.00.50:675][  0]LogConfig: Applying CVar settings from Section [AntiAliasingQuality@3] File [../../../GiftGame/Saved/Config/Android/Scalability.ini]
03-08 20:00:50.675 18188 18217 D UE4     : [2019.03.09-02.00.50:675][  0]LogConfig: Setting CVar [[r.PostProcessAAQuality:4]]
03-08 20:00:50.675 18188 18217 D UE4     : [2019.03.09-02.00.50:675][  0]LogConfig: Applying CVar settings from Section [ShadowQuality@3] File [../../../GiftGame/Saved/Config/Android/Scalability.ini]
03-08 20:00:50.675 18188 18217 D UE4     : [2019.03.09-02.00.50:675][  0]LogConfig: Setting CVar [[r.LightFunctionQuality:1]]
03-08 20:00:50.675 18188 18217 D UE4     : [2019.03.09-02.00.50:675][  0]LogConfig: Setting CVar [[r.ShadowQuality:5]]
03-08 20:00:50.675 18188 18217 D UE4     : [2019.03.09-02.00.50:675][  0]LogConfig: Setting CVar [[r.Shadow.CSM.MaxCascades:10]]
03-08 20:00:50.675 18188 18217 D UE4     : [2019.03.09-02.00.50:675][  0]LogConfig: Setting CVar [[r.Shadow.MaxResolution:2048]]
03-08 20:00:50.675 18188 18217 D UE4     : [2019.03.09-02.00.50:675][  0]LogConfig: Setting CVar [[r.Shadow.MaxCSMResolution:2048]]
03-08 20:00:50.675 18188 18217 D UE4     : [2019.03.09-02.00.50:675][  0]LogConfig: Setting CVar [[r.Shadow.RadiusThreshold:0.01]]
03-08 20:00:50.675 18188 18217 D UE4     : [2019.03.09-02.00.50:675][  0]LogConfig: Setting CVar [[r.Shadow.DistanceScale:1.0]]
03-08 20:00:50.675 18188 18217 D UE4     : [2019.03.09-02.00.50:675][  0]LogConfig: Setting CVar [[r.Shadow.CSM.TransitionScale:1.0]]
03-08 20:00:50.676 18188 18217 D UE4     : [2019.03.09-02.00.50:676][  0]LogConfig: Setting CVar [[r.Shadow.PreShadowResolutionFactor:1.0]]
03-08 20:00:50.676 18188 18217 D UE4     : [2019.03.09-02.00.50:676][  0]LogConfig: Setting CVar [[r.DistanceFieldShadowing:1]]
03-08 20:00:50.676 18188 18217 D UE4     : [2019.03.09-02.00.50:676][  0]LogConfig: Setting CVar [[r.DistanceFieldAO:1]]
03-08 20:00:50.676 18188 18217 D UE4     : [2019.03.09-02.00.50:676][  0]LogConfig: Setting CVar [[r.AOQuality:2]]
03-08 20:00:50.676 18188 18217 D UE4     : [2019.03.09-02.00.50:676][  0]LogConfig: Setting CVar [[r.VolumetricFog:1]]
03-08 20:00:50.676 18188 18217 D UE4     : [2019.03.09-02.00.50:676][  0]LogConfig: Setting CVar [[r.VolumetricFog.GridPixelSize:8]]
03-08 20:00:50.676 18188 18217 D UE4     : [2019.03.09-02.00.50:676][  0]LogConfig: Setting CVar [[r.VolumetricFog.GridSizeZ:128]]
03-08 20:00:50.676 18188 18217 D UE4     : [2019.03.09-02.00.50:676][  0]LogConfig: Setting CVar [[r.VolumetricFog.HistoryMissSupersampleCount:4]]
03-08 20:00:50.676 18188 18217 D UE4     : [2019.03.09-02.00.50:676][  0]LogConfig: Setting CVar [[r.LightMaxDrawDistanceScale:1]]
03-08 20:00:50.676 18188 18217 D UE4     : [2019.03.09-02.00.50:676][  0]LogConfig: Setting CVar [[r.CapsuleShadows:1]]
03-08 20:00:50.676 18188 18217 D UE4     : [2019.03.09-02.00.50:676][  0]LogConfig: Applying CVar settings from Section [PostProcessQuality@3] File [../../../GiftGame/Saved/Config/Android/Scalability.ini]
03-08 20:00:50.676 18188 18217 D UE4     : [2019.03.09-02.00.50:676][  0]LogConfig: Setting CVar [[r.MotionBlurQuality:4]]
03-08 20:00:50.677 18188 18217 D UE4     : [2019.03.09-02.00.50:677][  0]LogConfig: Setting CVar [[r.AmbientOcclusionMipLevelFactor:0.4]]
03-08 20:00:50.677 18188 18217 D UE4     : [2019.03.09-02.00.50:677][  0]LogConfig: Setting CVar [[r.AmbientOcclusionMaxQuality:100]]
03-08 20:00:50.677 18188 18217 D UE4     : [2019.03.09-02.00.50:677][  0]LogConfig: Setting CVar [[r.AmbientOcclusionLevels:-1]]
03-08 20:00:50.677 18188 18217 D UE4     : [2019.03.09-02.00.50:677][  0]LogConfig: Setting CVar [[r.AmbientOcclusionRadiusScale:1.0]]
03-08 20:00:50.677 18188 18217 D UE4     : [2019.03.09-02.00.50:677][  0]LogConfig: Setting CVar [[r.DepthOfFieldQuality:2]]
03-08 20:00:50.677 18188 18217 D UE4     : [2019.03.09-02.00.50:677][  0]LogConfig: Setting CVar [[r.RenderTargetPoolMin:400]]
03-08 20:00:50.677 18188 18217 D UE4     : [2019.03.09-02.00.50:677][  0]LogConfig: Setting CVar [[r.LensFlareQuality:2]]
03-08 20:00:50.677 18188 18217 D UE4     : [2019.03.09-02.00.50:677][  0]LogConfig: Setting CVar [[r.SceneColorFringeQuality:1]]
03-08 20:00:50.677 18188 18217 D UE4     : [2019.03.09-02.00.50:677][  0]LogConfig: Setting CVar [[r.EyeAdaptationQuality:2]]
03-08 20:00:50.677 18188 18217 D UE4     : [2019.03.09-02.00.50:677][  0]LogConfig: Setting CVar [[r.BloomQuality:5]]
03-08 20:00:50.677 18188 18217 D UE4     : [2019.03.09-02.00.50:677][  0]LogConfig: Setting CVar [[r.FastBlurThreshold:100]]
03-08 20:00:50.677 18188 18217 D UE4     : [2019.03.09-02.00.50:677][  0]LogConfig: Setting CVar [[r.Upscale.Quality:3]]
03-08 20:00:50.677 18188 18217 D UE4     : [2019.03.09-02.00.50:677][  0]LogConfig: Setting CVar [[r.Tonemapper.GrainQuantization:1]]
03-08 20:00:50.677 18188 18217 D UE4     : [2019.03.09-02.00.50:677][  0]LogConfig: Setting CVar [[r.LightShaftQuality:1]]
03-08 20:00:50.678 18188 18217 D UE4     : [2019.03.09-02.00.50:678][  0]LogConfig: Setting CVar [[r.Filter.SizeScale:1]]
03-08 20:00:50.678 18188 18217 D UE4     : [2019.03.09-02.00.50:678][  0]LogConfig: Setting CVar [[r.Tonemapper.Quality:5]]
03-08 20:00:50.678 18188 18217 D UE4     : [2019.03.09-02.00.50:678][  0]LogConfig: Setting CVar [[r.DOF.Gather.AccumulatorQuality:1        ; higher gathering accumulator quality]]
03-08 20:00:50.678 18188 18217 D UE4     : [2019.03.09-02.00.50:678][  0]LogConfig: Setting CVar [[r.DOF.Gather.PostfilterMethod:1          ; Median3x3 postfilering method]]
03-08 20:00:50.678 18188 18217 D UE4     : [2019.03.09-02.00.50:678][  0]LogConfig: Setting CVar [[r.DOF.Gather.EnableBokehSettings:0       ; no bokeh simulation when gathering]]
03-08 20:00:50.678 18188 18217 D UE4     : [2019.03.09-02.00.50:678][  0]LogConfig: Setting CVar [[r.DOF.Gather.RingCount:4                 ; medium number of samples when gathering]]
03-08 20:00:50.678 18188 18217 D UE4     : [2019.03.09-02.00.50:678][  0]LogConfig: Setting CVar [[r.DOF.Scatter.ForegroundCompositing:1    ; additive foreground scattering]]
03-08 20:00:50.678 18188 18217 D UE4     : [2019.03.09-02.00.50:678][  0]LogConfig: Setting CVar [[r.DOF.Scatter.BackgroundCompositing:2    ; additive background scattering]]
03-08 20:00:50.678 18188 18217 D UE4     : [2019.03.09-02.00.50:678][  0]LogConfig: Setting CVar [[r.DOF.Scatter.EnableBokehSettings:1      ; bokeh simulation when scattering]]
03-08 20:00:50.678 18188 18217 D UE4     : [2019.03.09-02.00.50:678][  0]LogConfig: Setting CVar [[r.DOF.Scatter.MaxSpriteRatio:0.1         ; only a maximum of 10% of scattered bokeh]]
03-08 20:00:50.678 18188 18217 D UE4     : [2019.03.09-02.00.50:678][  0]LogConfig: Setting CVar [[r.DOF.Recombine.Quality:1                ; cheap slight out of focus]]
03-08 20:00:50.678 18188 18217 D UE4     : [2019.03.09-02.00.50:678][  0]LogConfig: Setting CVar [[r.DOF.Recombine.EnableBokehSettings:0    ; no bokeh simulation on slight out of focus]]
03-08 20:00:50.678 18188 18217 D UE4     : [2019.03.09-02.00.50:678][  0]LogConfig: Setting CVar [[r.DOF.TemporalAAQuality:1                ; more stable temporal accumulation]]
03-08 20:00:50.679 18188 18217 D UE4     : [2019.03.09-02.00.50:679][  0]LogConfig: Setting CVar [[r.DOF.Kernel.MaxForegroundRadius:0.025]]
03-08 20:00:50.679 18188 18217 D UE4     : [2019.03.09-02.00.50:679][  0]LogConfig: Setting CVar [[r.DOF.Kernel.MaxBackgroundRadius:0.025]]
03-08 20:00:50.679 18188 18217 D UE4     : [2019.03.09-02.00.50:679][  0]LogConfig: Applying CVar settings from Section [TextureQuality@3] File [../../../GiftGame/Saved/Config/Android/Scalability.ini]
03-08 20:00:50.679 18188 18217 D UE4     : [2019.03.09-02.00.50:679][  0]LogConfig: Setting CVar [[r.Streaming.MipBias:0]]
03-08 20:00:50.679 18188 18217 D UE4     : [2019.03.09-02.00.50:679][  0]LogConfig: Setting CVar [[r.Streaming.AmortizeCPUToGPUCopy:0]]
03-08 20:00:50.679 18188 18217 D UE4     : [2019.03.09-02.00.50:679][  0]LogConfig: Setting CVar [[r.Streaming.MaxNumTexturesToStreamPerFrame:0]]
03-08 20:00:50.679 18188 18217 D UE4     : [2019.03.09-02.00.50:679][  0]LogConfig: Setting CVar [[r.Streaming.Boost:1]]
03-08 20:00:50.679 18188 18217 D UE4     : [2019.03.09-02.00.50:679][  0]LogConfig: Setting CVar [[r.MaxAnisotropy:8]]
03-08 20:00:50.679 18188 18217 D UE4     : [2019.03.09-02.00.50:679][  0]LogConfig: Setting CVar [[r.Streaming.LimitPoolSizeToVRAM:0]]
03-08 20:00:50.679 18188 18217 D UE4     : [2019.03.09-02.00.50:679][  0]LogConfig: Setting CVar [[r.Streaming.PoolSize:1000]]
03-08 20:00:50.679 18188 18217 D UE4     : [2019.03.09-02.00.50:679][  0]LogConfig: Setting CVar [[r.Streaming.MaxEffectiveScreenSize:0]]
03-08 20:00:50.679 18188 18217 D UE4     : [2019.03.09-02.00.50:679][  0]LogConfig: Applying CVar settings from Section [EffectsQuality@3] File [../../../GiftGame/Saved/Config/Android/Scalability.ini]
03-08 20:00:50.679 18188 18217 D UE4     : [2019.03.09-02.00.50:679][  0]LogConfig: Setting CVar [[r.TranslucencyLightingVolumeDim:64]]
03-08 20:00:50.680 18188 18217 D UE4     : [2019.03.09-02.00.50:679][  0]LogConfig: Setting CVar [[r.RefractionQuality:2]]
03-08 20:00:50.680 18188 18217 D UE4     : [2019.03.09-02.00.50:680][  0]LogConfig: Setting CVar [[r.SSR.Quality:3]]
03-08 20:00:50.680 18188 18217 D UE4     : [2019.03.09-02.00.50:680][  0]LogConfig: Setting CVar [[r.SceneColorFormat:4]]
03-08 20:00:50.680 18188 18217 D UE4     : [2019.03.09-02.00.50:680][  0]LogConfig: Setting CVar [[r.DetailMode:2]]
03-08 20:00:50.680 18188 18217 D UE4     : [2019.03.09-02.00.50:680][  0]LogConfig: Setting CVar [[r.TranslucencyVolumeBlur:1]]
03-08 20:00:50.680 18188 18217 D UE4     : [2019.03.09-02.00.50:680][  0]LogConfig: Setting CVar [[r.MaterialQualityLevel:1 ; High quality]]
03-08 20:00:50.680 18188 18217 D UE4     : [2019.03.09-02.00.50:680][  0]LogConfig: Setting CVar [[r.SSS.Scale:1]]
03-08 20:00:50.680 18188 18217 D UE4     : [2019.03.09-02.00.50:680][  0]LogConfig: Setting CVar [[r.SSS.SampleSet:2]]
03-08 20:00:50.680 18188 18217 D UE4     : [2019.03.09-02.00.50:680][  0]LogConfig: Setting CVar [[r.SSS.Quality:1]]
03-08 20:00:50.680 18188 18217 D UE4     : [2019.03.09-02.00.50:680][  0]LogConfig: Setting CVar [[r.SSS.HalfRes:1]]
03-08 20:00:50.680 18188 18217 D UE4     : [2019.03.09-02.00.50:680][  0]LogConfig: Setting CVar [[r.EmitterSpawnRateScale:1.0]]
03-08 20:00:50.680 18188 18217 D UE4     : [2019.03.09-02.00.50:680][  0]LogConfig: Setting CVar [[r.ParticleLightQuality:2]]
03-08 20:00:50.680 18188 18217 D UE4     : [2019.03.09-02.00.50:680][  0]LogConfig: Applying CVar settings from Section [FoliageQuality@3] File [../../../GiftGame/Saved/Config/Android/Scalability.ini]
03-08 20:00:50.680 18188 18217 D UE4     : [2019.03.09-02.00.50:680][  0]LogConfig: Setting CVar [[foliage.DensityScale:1.0]]
03-08 20:00:50.681 18188 18217 D UE4     : [2019.03.09-02.00.50:680][  0]LogConfig: Setting CVar [[grass.DensityScale:1.0]]
03-08 20:00:50.681 18188 18217 D UE4     : [2019.03.09-02.00.50:681][  0]LogAndroid: Vulkan not available as project packaged without bSupportsVulkan or bSupportsVulkanSM5.
03-08 20:00:50.719 18188 18217 D UE4     : [2019.03.09-02.00.50:719][  0]LogAndroid: Checking 32 rules from DeviceProfile ini file.
03-08 20:00:50.719 18188 18217 D UE4     : [2019.03.09-02.00.50:719][  0]LogAndroid:   Default profile: Android_Default
03-08 20:00:50.719 18188 18217 D UE4     : [2019.03.09-02.00.50:719][  0]LogAndroid:   GpuFamily: Adreno (TM) 530
03-08 20:00:50.719 18188 18217 D UE4     : [2019.03.09-02.00.50:719][  0]LogAndroid:   GlVersion: OpenGL ES 3.2 V@269.0 (GIT@1b7798b, I8a9bdcf8d3) (Date:03/15/18)
03-08 20:00:50.719 18188 18217 D UE4     : [2019.03.09-02.00.50:719][  0]LogAndroid:   VulkanAvailable: false
03-08 20:00:50.719 18188 18217 D UE4     : [2019.03.09-02.00.50:719][  0]LogAndroid:   VulkanVersion: 1.0.61
03-08 20:00:50.719 18188 18217 D UE4     : [2019.03.09-02.00.50:719][  0]LogAndroid:   AndroidVersion: 8.0.0
03-08 20:00:50.719 18188 18217 D UE4     : [2019.03.09-02.00.50:719][  0]LogAndroid:   DeviceMake: samsung
03-08 20:00:50.719 18188 18217 D UE4     : [2019.03.09-02.00.50:719][  0]LogAndroid:   DeviceModel: SM-G930V
03-08 20:00:50.719 18188 18217 D UE4     : [2019.03.09-02.00.50:719][  0]LogAndroid:   DeviceBuildNumber: R16NW.G930VVRS9CSB1
03-08 20:00:50.719 18188 18217 D UE4     : [2019.03.09-02.00.50:719][  0]LogAndroid:   UsingHoudini: false
03-08 20:00:50.758 18188 18217 D UE4     : [2019.03.09-02.00.50:757][  0]LogAndroid: Selected Device Profile: [Android_Adreno5xx]
03-08 20:00:50.758 18188 18217 D UE4     : [2019.03.09-02.00.50:758][  0]LogInit: Applying CVar settings loaded from the selected device profile: [Android_Adreno5xx]
03-08 20:00:50.759 18188 18217 D UE4     : [2019.03.09-02.00.50:759][  0]LogHAL: Display: Platform has ~ 4 GB [3903090688 / 4294967296 / 4], which maps to Default [LargestMinGB=8, LargerMinGB=6, DefaultMinGB=4, SmallerMinGB=3, SmallestMinGB=0)
03-08 20:00:50.760 18188 18217 D UE4     : [2019.03.09-02.00.50:760][  0]LogConfig: Setting CVar [[r.DisjointTimerQueries:1]]
03-08 20:00:50.760 18188 18217 D UE4     : [2019.03.09-02.00.50:760][  0]LogInit: Going up to parent DeviceProfile [Android_High]
03-08 20:00:50.760 18188 18217 D UE4     : [2019.03.09-02.00.50:760][  0]LogConfig: Setting CVar [[r.BloomQuality:1]]
03-08 20:00:50.760 18188 18217 D UE4     : [2019.03.09-02.00.50:760][  0]LogConfig: Setting CVar [[r.DepthOfFieldQuality:1]]
03-08 20:00:50.760 18188 18217 D UE4     : [2019.03.09-02.00.50:760][  0]LogConfig: Setting CVar [[r.LightShaftQuality:1]]
03-08 20:00:50.760 18188 18217 D UE4     : [2019.03.09-02.00.50:760][  0]LogConfig: Setting CVar [[r.RefractionQuality:1]]
03-08 20:00:50.760 18188 18217 D UE4     : [2019.03.09-02.00.50:760][  0]LogConfig: Setting CVar [[r.MobileContentScaleFactor:1.0]]
03-08 20:00:50.760 18188 18217 D UE4     : [2019.03.09-02.00.50:760][  0]LogInit: Going up to parent DeviceProfile [Android]
03-08 20:00:50.761 18188 18217 D UE4     : [2019.03.09-02.00.50:761][  0]LogConfig: Setting CVar [[r.ShadowQuality:2]]
03-08 20:00:50.761 18188 18217 D UE4     : [2019.03.09-02.00.50:761][  0]LogConfig: Setting CVar [[slate.AbsoluteIndices:1]]
03-08 20:00:50.761 18188 18217 D UE4     : [2019.03.09-02.00.50:761][  0]LogConfig: Setting CVar [[r.Vulkan.DelayAcquireBackBuffer:0]]
03-08 20:00:50.761 18188 18217 D UE4     : [2019.03.09-02.00.50:761][  0]LogConfig: Setting CVar [[r.Vulkan.RobustBufferAccess:1]]
03-08 20:00:50.761 18188 18217 D UE4     : [2019.03.09-02.00.50:761][  0]LogConfig: Setting CVar [[r.Vulkan.DescriptorSetLayoutMode:2]]
03-08 20:00:50.761 18188 18217 D UE4     : [2019.03.09-02.00.50:761][  0]LogInit: Going up to parent DeviceProfile []
03-08 20:00:50.761   737  3710 E ANDR-PERF-MPCTL: poll() has timed out for /sys/module/msm_performance/events/cpu_hotplug
03-08 20:00:50.761 18188 18217 D UE4     : [2019.03.09-02.00.50:761][  0]LogConfig: Applying CVar settings from Section [ViewDistanceQuality@3] File [../../../GiftGame/Saved/Config/Android/Scalability.ini]
03-08 20:00:50.761 18188 18217 D UE4     : [2019.03.09-02.00.50:761][  0]LogConfig: Setting CVar [[r.SkeletalMeshLODBias:0]]
03-08 20:00:50.761 18188 18217 D UE4     : [2019.03.09-02.00.50:761][  0]LogConfig: Setting CVar [[r.ViewDistanceScale:1.0]]
03-08 20:00:50.762   737  3710 E ANDR-PERF-MPCTL: Block on poll()
03-08 20:00:50.762 18188 18217 D UE4     : [2019.03.09-02.00.50:762][  0]LogConfig: Applying CVar settings from Section [AntiAliasingQuality@3] File [../../../GiftGame/Saved/Config/Android/Scalability.ini]
03-08 20:00:50.762 18188 18217 D UE4     : [2019.03.09-02.00.50:762][  0]LogConfig: Setting CVar [[r.PostProcessAAQuality:4]]
03-08 20:00:50.762 18188 18217 D UE4     : [2019.03.09-02.00.50:762][  0]LogConfig: Applying CVar settings from Section [ShadowQuality@3] File [../../../GiftGame/Saved/Config/Android/Scalability.ini]
03-08 20:00:50.762 18188 18217 D UE4     : [2019.03.09-02.00.50:762][  0]LogConfig: Setting CVar [[r.LightFunctionQuality:1]]
03-08 20:00:50.762 18188 18217 D UE4     : [2019.03.09-02.00.50:762][  0]LogConfig: Setting CVar [[r.ShadowQuality:5]]
03-08 20:00:50.762 18188 18217 D UE4     : [2019.03.09-02.00.50:762][  0]LogConsoleManager: Setting the console variable 'r.ShadowQuality' with 'SetByScalability' was ignored as it is lower priority than the previous 'SetByDeviceProfile'. Value remains '2'
03-08 20:00:50.762 18188 18217 D UE4     : [2019.03.09-02.00.50:762][  0]LogConfig: Setting CVar [[r.Shadow.CSM.MaxCascades:10]]
03-08 20:00:50.762 18188 18217 D UE4     : [2019.03.09-02.00.50:762][  0]LogConfig: Setting CVar [[r.Shadow.MaxResolution:2048]]
03-08 20:00:50.762 18188 18217 D UE4     : [2019.03.09-02.00.50:762][  0]LogConfig: Setting CVar [[r.Shadow.MaxCSMResolution:2048]]
03-08 20:00:50.762 18188 18217 D UE4     : [2019.03.09-02.00.50:762][  0]LogConfig: Setting CVar [[r.Shadow.RadiusThreshold:0.01]]
03-08 20:00:50.762 18188 18217 D UE4     : [2019.03.09-02.00.50:762][  0]LogConfig: Setting CVar [[r.Shadow.DistanceScale:1.0]]
03-08 20:00:50.763 18188 18217 D UE4     : [2019.03.09-02.00.50:762][  0]LogConfig: Setting CVar [[r.Shadow.CSM.TransitionScale:1.0]]
03-08 20:00:50.763 18188 18217 D UE4     : [2019.03.09-02.00.50:763][  0]LogConfig: Setting CVar [[r.Shadow.PreShadowResolutionFactor:1.0]]
03-08 20:00:50.763 18188 18217 D UE4     : [2019.03.09-02.00.50:763][  0]LogConfig: Setting CVar [[r.DistanceFieldShadowing:1]]
03-08 20:00:50.763 18188 18217 D UE4     : [2019.03.09-02.00.50:763][  0]LogConfig: Setting CVar [[r.DistanceFieldAO:1]]
03-08 20:00:50.763 18188 18217 D UE4     : [2019.03.09-02.00.50:763][  0]LogConfig: Setting CVar [[r.AOQuality:2]]
03-08 20:00:50.763 18188 18217 D UE4     : [2019.03.09-02.00.50:763][  0]LogConfig: Setting CVar [[r.VolumetricFog:1]]
