03-11 18:35:17.732  3090  3090 E SKBD    : axv [USICM][getSelectedText] updated, but null is returned
03-11 18:35:17.733  4078  4078 V Launcher: Launcher.onResume()
03-11 18:35:17.733  3090  3090 I SKBD    : ajd [PF_KL][SIIC] getTextBeforeCursor[127] done 1
03-11 18:35:17.735  3090  3090 I SKBD    : ajd [PF_KL][SIIC] getTextAfterCursor[127] done  0
03-11 18:35:17.735  1865  9170 D GamePkgDataHelper: getGamePkgDataIncServer(). com.sec.android.app.launcher
03-11 18:35:17.735  3090  3090 I SKBDC   : TymeCore cASl
03-11 18:35:17.735  3090  3090 I SKBDC   : ?? 50
03-11 18:35:17.735  3090  3090 I SKBDC   : TymeCore cASl
03-11 18:35:17.735  3090  3090 I SKBDC   : ?? 50
03-11 18:35:17.735  3090  3090 I SKBDC   : TymeCore sCL 0
03-11 18:35:17.735  3090  3090 I SKBDC   : TymeCore sUS
03-11 18:35:17.736  3378  3378 D NfcService: PROXIMITY SCREEN ON
03-11 18:35:17.741  1865  2511 I InputReader: Reconfiguring input devices.  changes=0x00000004
03-11 18:35:17.741  1865  2511 I InputReader: Device reconfigured: id=6, name='sec_touchscreen', size 1080x1920, orientation 0, mode 1, display id 0
03-11 18:35:17.741  1865  2511 D InputReader: Wrote command set_rotation_status,0
03-11 18:35:17.741  3404  4648 D TelephonyProvider: query: match = 1
03-11 18:35:17.742  3404  4648 D TelephonyProvider: URL_TELEPHONY uid = 1000, pid= 1865
03-11 18:35:17.742  1865  2511 I InputReader: Reconfiguring input devices.  changes=0x00000004
03-11 18:35:17.752  3108 31150 D SystemServicesProxy: updateOverviewLastStackActiveTimeAsync: newTime=1552347299160
03-11 18:35:17.753  1865  1984 D SecContentProvider: query(), uri = 17 selection = isSettingsChangesAllowed
03-11 18:35:17.754  1865  1984 D SecContentProvider: called from android.uid.systemui:10063
03-11 18:35:17.754  3108  3250 D SystemServicesProxy: updateOverviewLastStackActiveTimeAsync: done.
03-11 18:35:17.758  3108 31150 D skia    : approximate: numPoints=5, lengths[0]=0.000000, totalLength=1.503537, segmentPoints[0]=[0.000000,1.000000]
03-11 18:35:17.758  3108 31150 D skia    : approximate: approximation[0]=0.000000, approximation[1]=0.000000, approximation[2]=1.000000
03-11 18:35:17.758  3108 31150 D skia    : approximate: numPoints=5, lengths[4]=1.503537, totalLength=1.503537, segmentPoints[4]=[1.000000,0.000000]
03-11 18:35:17.758  3108 31150 D skia    : approximate: approximation[12]=1.000000, approximation[13]=1.000000, approximation[14]=0.000000
03-11 18:35:17.758  3108 31150 D skia    : approximate: numPoints=4, lengths[0]=0.000000, totalLength=1.605647, segmentPoints[0]=[0.000000,1.000000]
03-11 18:35:17.758  3108 31150 D skia    : approximate: approximation[0]=0.000000, approximation[1]=0.000000, approximation[2]=1.000000
03-11 18:35:17.758  3108 31150 D skia    : approximate: numPoints=4, lengths[3]=1.605647, totalLength=1.605647, segmentPoints[3]=[1.000000,0.000000]
03-11 18:35:17.758  3108 31150 D skia    : approximate: approximation[9]=1.000000, approximation[10]=1.000000, approximation[11]=0.000000
03-11 18:35:17.760  1865  9170 D GameManagerService: identifyGamePackage. com.sec.android.app.launcher
03-11 18:35:17.760  1865  9170 D GamePkgDataHelper: getGamePkgData(). com.sec.android.app.launcher
03-11 18:35:17.760  1865  9170 D GameManagerService: identifyGamePackage. com.sec.android.app.launcher
03-11 18:35:17.760  1865  9170 D GamePkgDataHelper: getGamePkgData(). com.sec.android.app.launcher
03-11 18:35:17.761  1865  1984 W ActivityManager: Unable to start service Intent { act=com.android.launcher3.WINDOW_OVERLAY dat=app://com.sec.android.app.launcher:10066?v=0 pkg=com.google.android.googlequicksearchbox } U=0: not found
03-11 18:35:17.761  4078  4078 D ExternalMethodQueue: Getting and clearing EXTERNAL_METHOD_LIST: null
03-11 18:35:17.762  4078  4078 D Launcher.HomeController: onResume HomeContainer current alpha = 1.0
03-11 18:35:17.762  4078  4078 D AppsCustomAdapter: notifyUpdate : com.android.launcher3.Launcher@a9ea0a0
03-11 18:35:17.762  4078  4078 D AppsDragController: needDeferToBind : true , false
03-11 18:35:17.762  4078  4078 D Launcher: setupWallpaperScroller
03-11 18:35:17.762  3378 27956 D NfcService: call the applyRouting
03-11 18:35:17.763  1865  2110 W Settings: Setting tether_dun_required has moved from android.provider.Settings.Secure to android.provider.Settings.Global
03-11 18:35:17.763  4078  4175 I LauncherAppWidgetInfo: reinflateWidgetsIfNecessary, Not required: AppWidget(id=8)
03-11 18:35:17.763  4078  4175 I LauncherAppWidgetInfo: reinflateWidgetsIfNecessary, Not required: AppWidget(id=12)
03-11 18:35:17.763  4078  4175 I LauncherAppWidgetInfo: reinflateWidgetsIfNecessary, Not required: AppWidget(id=14)
03-11 18:35:17.763  4078  4175 I LauncherAppWidgetInfo: reinflateWidgetsIfNecessary, Not required: AppWidget(id=15)
03-11 18:35:17.763  4078  4175 I LauncherAppWidgetInfo: reinflateWidgetsIfNecessary, Not required: AppWidget(id=17)
03-11 18:35:17.763  4078  4175 I LauncherAppWidgetInfo: reinflateWidgetsIfNecessary, Not required: AppWidget(id=21)
03-11 18:35:17.763  4078  4175 I LauncherAppWidgetInfo: reinflateWidgetsIfNecessary, Not required: AppWidget(id=23)
03-11 18:35:17.765  1865  9728 D AppWidgetServiceImpl: updateAppWidgetOptions, appWidgetId = 30, before options = Bundle[{appWidgetMaxHeight=410, appWidgetCategory=1, appWidgetMaxWidth=328, appWidgetMinHeight=410, appWidgetMinWidth=328}], merge options = Bundle[EMPTY_PARCEL]
03-11 18:35:17.765  1865  9728 D AppWidgetServiceImpl: sendOptionsChangedIntentLocked, widget = AppWidgetId{30:Host{HostId{user:0, app:10066, hostId:1024, pkg:com.sec.android.app.launcher}}:Provider{ProviderId{user:0, app:10251, cmp:ComponentInfo{com.samsung.android.calendar/com.android.calendar.widget.list.ListWidgetProvider}}}}, options = Bundle[{appWidgetMaxHeight=410, appWidgetCategory=1, appWidgetMaxWidth=328, appWidgetMinHeight=410, appWidgetMinWidth=328}]
03-11 18:35:17.768  1044  1044 V APM_AudioPolicyManager: getAudioPolicyConfig: audioParam;outDevice
03-11 18:35:17.768  1044  1044 V APM_AudioPolicyManager: getNewOutputDevice() selected device 0
03-11 18:35:17.768  1044  1044 V APM_AudioPolicyManager: ### curdevice : 2
03-11 18:35:17.768  4078  4175 I LauncherAppWidgetHostView: updateLastOrientation, orientation: 1, activityOrientation: 1, fromRemoteViews: false, widget: ComponentInfo{com.samsung.android.calendar/com.android.calendar.widget.list.ListWidgetProvider}
03-11 18:35:17.768  4078  4175 I LauncherAppWidgetInfo: reinflateWidgetsIfNecessary, WidgetInfo: AppWidget(id=30)
03-11 18:35:17.768  4078  4175 I LauncherAppWidgetInfo: reinflateWidgetsIfNecessary, Not required: AppWidget(id=32)
03-11 18:35:17.768  4078  4175 I LauncherAppWidgetInfo: reinflateWidgetsIfNecessary, Not required: AppWidget(id=36)
03-11 18:35:17.768  4078  4175 I LauncherAppWidgetInfo: reinflateWidgetsIfNecessary, Not required: AppWidget(id=37)
03-11 18:35:17.768  4078  4175 I LauncherAppWidgetInfo: reinflateWidgetsIfNecessary, Not required: AppWidget(id=38)
03-11 18:35:17.769  3108 31150 D skia    : approximate: numPoints=21, lengths[0]=0.000000, totalLength=1.127779, segmentPoints[0]=[0.000000,0.250000]
03-11 18:35:17.769  3108 31150 D skia    : approximate: approximation[0]=0.000000, approximation[1]=0.000000, approximation[2]=0.250000
03-11 18:35:17.769  3108 31150 D skia    : approximate: numPoints=21, lengths[20]=1.127779, totalLength=1.127779, segmentPoints[20]=[1.000000,0.150000]
03-11 18:35:17.769  3108 31150 D skia    : approximate: approximation[60]=1.000000, approximation[61]=1.000000, approximation[62]=0.150000
03-11 18:35:17.769  3108 31150 D skia    : approximate: numPoints=4, lengths[0]=0.000000, totalLength=1.162570, segmentPoints[0]=[0.000000,0.250000]
03-11 18:35:17.770  3108 31150 D skia    : approximate: approximation[0]=0.000000, approximation[1]=0.000000, approximation[2]=0.250000
03-11 18:35:17.770  3108 31150 D skia    : approximate: numPoints=4, lengths[3]=1.162570, totalLength=1.162570, segmentPoints[3]=[1.000000,0.250000]
03-11 18:35:17.770  3108 31150 D skia    : approximate: approximation[9]=1.000000, approximation[10]=1.000000, approximation[11]=0.250000
03-11 18:35:17.771  1865  9728 D Notification: allPendingIntents
03-11 18:35:17.771  1865  9728 D Notification: allPendingIntents
03-11 18:35:17.774  1044  1044 V APM_AudioPolicyManager: getAudioPolicyConfig: audioParam;outDevice
03-11 18:35:17.774  1044  1044 V APM_AudioPolicyManager: getNewOutputDevice() selected device 0
03-11 18:35:17.774  1044  1044 V APM_AudioPolicyManager: ### curdevice : 2
03-11 18:35:17.774  1044  1044 V APM_AudioPolicyManager: getAudioPolicyConfig: audioParam;outDevice
03-11 18:35:17.774  1044  1044 V APM_AudioPolicyManager: getNewOutputDevice() selected device 0
03-11 18:35:17.774  1044  1044 V APM_AudioPolicyManager: ### curdevice : 2
03-11 18:35:17.779  1865  1983 D ActivityManager: post active user change for 0 fullscreen true isHomeActivity() true
03-11 18:35:17.779  1865  1983 I WallpaperManagerService: switchPersonaWallpaper is called for personaId-0
03-11 18:35:17.779  1865  9728 D Notification: allPendingIntents
03-11 18:35:17.779  1865  1865 D WallpaperManagerService:  force update = false; persona id = 0; current user =0; current persona = 0
03-11 18:35:17.779  4078  4078 I Launcher: onWindowVisibilityChanged : true
03-11 18:35:17.783  1865  1983 V WindowManager: Relayout Window{dc56141 u0 com.sec.android.app.launcher/com.sec.android.app.launcher.activities.LauncherActivity}: viewVisibility=0 req=1080x1920 WM.LayoutParams{(0,0)(fillxfill) sim=#30 ty=1 fl=#81910d00 pfl=0x20000 fmt=-2 wanim=0x10302ea vsysui=0x700 needsMenuKey=2 colorMode=0 dimDuration=350 naviIconColor=0}
03-11 18:35:17.784   773   773 I SurfaceFlinger: id=9410 createSurf (1080x1920),1 flag=4, com.sec.android.app.launcher/com.sec.android.app.launcher.activities.LauncherActivity#0
03-11 18:35:17.786  1865  1983 V Surface : sf_framedrop debug : 0x4f4c, game : false, logging : 0
03-11 18:35:17.786  1865  2074 D WindowManager: set systemUiVisibility : systemUiFlags= 0x708 fullscreenStackSysUiFlags= 0x0
03-11 18:35:17.791  1865  9728 D Notification: allPendingIntents
03-11 18:35:17.793  1865  1983 D InputDispatcher: Focus entered window: 4078
03-11 18:35:17.794  4078  4078 V Surface : sf_framedrop debug : 0x4f4c, game : false, logging : 0
03-11 18:35:17.795  4078  4078 D ViewRootImpl@765b7f7[LauncherActivity]: Relayout returned: old=[0,0][1080,1920] new=[0,0][1080,1920] result=0x7 surface={valid=true 526232375296} changed=true
03-11 18:35:17.798  3108 31150 I ApplicationPackageManager: load=com.TeamNA.GiftGame, bg=144-144, dr=144-144, forDefault=false, density=0
03-11 18:35:17.798  3108 31150 I ApplicationPackageManager: scaled rate=0.59999996, size=144, alpha=0, hold=0
03-11 18:35:17.799  3108 31150 I ApplicationPackageManager: load=com.TeamNA.GiftGame-theme2, bg=144-144, dr=144-144, tarScale=0.59999996, relScale=0.59999996, mask=false
03-11 18:35:17.801  1044  1044 V APM_AudioPolicyManager: getAudioPolicyConfig: audioParam;activeStream
03-11 18:35:17.801  1044  1044 V APM_AudioPolicyManager: ### active stream : 0
03-11 18:35:17.801  1865  9728 D Notification: allPendingIntents
03-11 18:35:17.802  1865  9170 D AudioService: active stream is 0x0
03-11 18:35:17.806  1865  9728 D Notification: allPendingIntents
03-11 18:35:17.808  1865  9728 D Notification: allPendingIntents
03-11 18:35:17.808  3108  3108 D ViewRootImpl@c32a8b8[AssistPreviewPanel]: setView = com.android.systemui.assist.AssistOrbContainer{291f9f6 G.E...... ......I. 0,0-0,0} TM=true MM=false
03-11 18:35:17.810  3108  3336 D NetworkController.MobileSignalController(0/1): getMobileIconGroup(): 13
03-11 18:35:17.810  3108  3336 D NetworkController.MobileSignalController(0/1): updateVZWMobileIconGroup(): 13
03-11 18:35:17.810  4078  4631 D OpenGLRenderer: eglCreateWindowSurface = 0x7a97815520
03-11 18:35:17.810  1865  9170 D GameManagerService: identifyGamePackage. com.sec.android.app.launcher
03-11 18:35:17.810  1865  9170 D GamePkgDataHelper: getGamePkgData(). com.sec.android.app.launcher
03-11 18:35:17.817  4078  4078 D AppsAdapter: notifyUpdate start : com.android.launcher3.Launcher@a9ea0a0
03-11 18:35:17.817  4078  4078 D AppsCustomAdapter: no change items
03-11 18:35:17.817  4078  4078 D AppsAdapter: notifyUpdate end : com.android.launcher3.Launcher@a9ea0a0
03-11 18:35:17.817  4078  4078 D ViewRootImpl@765b7f7[LauncherActivity]: MSG_RESIZED_REPORT: frame=Rect(0, 0 - 1080, 1920) ci=Rect(0, 0 - 0, 0) vi=Rect(0, 0 - 0, 0) or=1
03-11 18:35:17.817  4078  4078 D ViewRootImpl@765b7f7[LauncherActivity]: MSG_WINDOW_FOCUS_CHANGED 1
03-11 18:35:17.820  3378  3402 I zygote64: Background concurrent copying GC freed 95104(5MB) AllocSpace objects, 0(0B) LOS objects, 79% free, 1602KB/7MB, paused 1.396ms total 115.004ms
03-11 18:35:17.822  4078  4078 V InputMethodManager: Starting input: tba=android.view.inputmethod.EditorInfo@9c8eb2b nm : com.sec.android.app.launcher ic=null
03-11 18:35:17.822  4078  4078 I InputMethodManager: startInputInner - mService.startInputOrWindowGainedFocus
03-11 18:35:17.823  1865  5595 D InputMethodManagerService: startInputOrWindowGainedFocus : windowGainedFocus 
03-11 18:35:17.823  1865  5595 D InputMethodManagerService: windowGainedFocus: destinationUserId (getCallingUid) = 0
03-11 18:35:17.823  1865  5595 D InputMethodManagerService: windowGainedFocus: currentUserId=0
03-11 18:35:17.823  1865  5595 D InputMethodManagerService: windowGainedFocus: mCurrentFocusedUserId=0
03-11 18:35:17.823  1865  5595 D InputMethodManagerService: windowGainedFocus : lock - currentUserId = 0 destinationUserId = 0
03-11 18:35:17.823  1865  5595 D InputMethodManagerService: windowGainedFocus : mCurrentFocusedUserId - 0 and mSecureKeypadEnabled - false, userSwitched - false
03-11 18:35:17.823  1865  5595 V InputMethodManagerService: windowGainedFocus : reason=WINDOW_FOCUS_GAIN client=android.os.BinderProxy@d87de4b inputContext=null missingMethods= attribute=android.view.inputmethod.EditorInfo@2823ffe nm = com.sec.android.app.launcher controlFlags=#104 softInputMode=#30 windowFlags=#81910d00
03-11 18:35:17.823  1865  5595 V InputMethodManagerService: hideCurrentInputLocked : shouldHideSoftInput is false
03-11 18:35:17.824  1865  5595 D InputMethodManagerService: setCurrentInputInfo - inputContext : null eidtorInfo : android.view.inputmethod.EditorInfo@2823ffe missingMethods : 0
03-11 18:35:17.825  3090  3090 I InputMethodWrapper:  call dispatchStartInputWithToken
03-11 18:35:17.825  3090  3090 I InputMethodService: dispatchStartInputWithToken
03-11 18:35:17.826  1865  9170 D GameManagerService: identifyGamePackage. com.sec.android.app.launcher
03-11 18:35:17.826  1865  9170 D GamePkgDataHelper: getGamePkgData(). com.sec.android.app.launcher
03-11 18:35:17.828  1865  5595 V WindowManager: Relayout Window{dc56141 u0 com.sec.android.app.launcher/com.sec.android.app.launcher.activities.LauncherActivity}: viewVisibility=0 req=1080x1920 WM.LayoutParams{(0,0)(fillxfill) sim=#30 ty=1 fl=#81910d00 pfl=0x20000 fmt=-2 wanim=0x10302ea vsysui=0x700 needsMenuKey=2 colorMode=0 dimDuration=350 naviIconColor=0}
03-11 18:35:17.828  3522  3522 D io_stats: !@   8,0 r 7936747 292763720 w 3366323 68031840 d 269792 30814572 f 1351438 1353513 iot 6388240 3799540 th 51200 0 0 pt 0 inp 0 0 358280.793
03-11 18:35:17.828  3090  3090 I SKBD    : SamsungKeypad [IMI] onStartInput - caller pid : 27710, caller uid : 10576
03-11 18:35:17.828  3090  3090 I SKBD    : SamsungKeypad  CACHEDIC onStartInput  isCachedICEnabled:  false
03-11 18:35:17.828  3090  3090 I SKBD    : atl getDefaultInputRange : UNKNOWN
03-11 18:35:17.828  3090  3090 I SKBD    : awo resetBinderManager()
03-11 18:35:17.828  3090  3090 I SKBD_SYNC: SamsungKeypad onStartInput: import DLM
03-11 18:35:17.828  3090  3090 I SKBD    : atl setPrivateImeOptionsToTable privateImeOptions ( null )
03-11 18:35:17.828  3090  3090 I SKBD    : atl imeOptions is null
03-11 18:35:17.828  3090  3090 I SKBD    : SamsungKeypad [PF_OP][onStartInput] 465104
03-11 18:35:17.828  3090  3090 I SKBD    : putCacheDrawable inputModule=0 key =ICON_SETTING
03-11 18:35:17.835  4078  4078 D ViewRootImpl@765b7f7[LauncherActivity]: Relayout returned: old=[0,0][1080,1920] new=[0,0][1080,1920] result=0x3 surface={valid=true 526232375296} changed=false
03-11 18:35:17.835  1865  1865 D AppWidgetServiceImpl: handleNotifyUpdateAppWidget, appWidgetId = 30
03-11 18:35:17.835  1865  9728 D Notification: allPendingIntents
03-11 18:35:17.836  4078  4631 D OpenGLRenderer: eglDestroySurface = 0x7a97815520
03-11 18:35:17.838  1865  9728 D Notification: allPendingIntents
03-11 18:35:17.839  4078  4631 D OpenGLRenderer: eglCreateWindowSurface = 0x7a97815520
03-11 18:35:17.840  4078  4078 D DragLayer: DragLayer dispatchDraw, mIsNaviBarPositionChanged = false, mWillOrientationChange = false
03-11 18:35:17.854  1865  1865 D AppWidgetServiceImpl: handleNotifyUpdateAppWidget, appWidgetId = 30
03-11 18:35:17.856  3108  3336 D NetworkController.MobileSignalController(0/1): callState:0, callStateByPhone:false voLTECall:false voiceNetTpe:13 dataNetType:13, ine911:false, emergencyCallbackMode:false
03-11 18:35:17.866  1865  2517 D MdnieScenarioControlService:  packageName : com.sec.android.app.launcher    className : com.sec.android.app.launcher.activities.LauncherActivity
03-11 18:35:17.866  1865  2517 V MdnieScenarioControlService: setUIMode from UI function(3)
03-11 18:35:17.869  1865  5595 D Notification: allPendingIntents
03-11 18:35:17.875  1865  9728 V WindowManager: finishDrawingLocked: mDrawState=COMMIT_DRAW_PENDING Window{dc56141 u0 com.sec.android.app.launcher/com.sec.android.app.launcher.activities.LauncherActivity} in Surface(name=com.sec.android.app.launcher/com.sec.android.app.launcher.activities.LauncherActivity)
03-11 18:35:17.878  1865  5595 I chatty  : uid=1000(system) Binder:1865_1A identical 8 lines
03-11 18:35:17.882  1865  5595 D Notification: allPendingIntents
03-11 18:35:17.883  4078  4078 I LauncherAppWidgetHostView: updateLastOrientation, orientation: 1, activityOrientation: 1, fromRemoteViews: true, widget: ComponentInfo{com.samsung.android.calendar/com.android.calendar.widget.list.ListWidgetProvider}
03-11 18:35:17.884  1865  5595 D Notification: allPendingIntents
03-11 18:35:17.889  1144  1294 D CommandListener: bwctrlcmd: argc=3 bandwidth addniceapps ...
03-11 18:35:17.889  1144  1294 E IptablesRestoreController: [iptables debug]iptables-restore execute *filter
03-11 18:35:17.889  1144  1294 E IptablesRestoreController: -I bw_happy_box -m owner --uid-owner 10251 --jump RETURN
03-11 18:35:17.889  1144  1294 E IptablesRestoreController: COMMIT
03-11 18:35:17.890  4078  4078 I LauncherAppWidgetHostView: updateLastOrientation, orientation: 1, activityOrientation: 1, fromRemoteViews: true, widget: ComponentInfo{com.samsung.android.calendar/com.android.calendar.widget.list.ListWidgetProvider}
03-11 18:35:17.890  3108 31150 D WallpaperService: dispatchAppVisibility onVisibilityChanged(): true
03-11 18:35:17.893  1144  1294 E IptablesRestoreController: [iptables debug]iptables-restore execute done *filter
03-11 18:35:17.893  1144  1294 E IptablesRestoreController: -I bw_happy_box -m owner --uid-owner 10251 --jump RETURN
03-11 18:35:17.893  1144  1294 E IptablesRestoreController: COMMIT
03-11 18:35:17.893  1144  1294 E IptablesRestoreController: , res : 0
03-11 18:35:17.893  1865  5595 D Notification: allPendingIntents
03-11 18:35:17.895  1865  5595 D Notification: allPendingIntents
03-11 18:35:17.895  4078  4078 D DragLayer: DragLayer onMeasure, mIsNaviBarPositionChanged = false, mWillOrientationChange = false
03-11 18:35:17.895  4078  4078 D LauncherAppWidgetHostView: setResizeScaleResult() 1035/ 1279 scaleToResize = 0.9961353(widget id = 30)
03-11 18:35:17.898  1865  5595 D Notification: allPendingIntents
03-11 18:35:17.905  3108  3108 D ViewRootImpl@9b0050b[DockedStackDivider]: setView = com.android.systemui.stackdivider.DividerView{2fdafe8 I.E...... ......I. 0,0-0,0} TM=true MM=false
03-11 18:35:17.909  1865  5595 D Notification: allPendingIntents
03-11 18:35:17.911  1865  5595 D Notification: allPendingIntents
03-11 18:35:17.912  4078  4078 D DragLayer: DragLayer onMeasure, mIsNaviBarPositionChanged = false, mWillOrientationChange = false
03-11 18:35:17.912  4078  4078 D LauncherAppWidgetHostView: setResizeScaleResult() 1035/ 1279 scaleToResize = 0.9961353(widget id = 30)
03-11 18:35:17.914  3108  3108 D ViewRootImpl@c5c4d17[DividerButtonsGroup]: dispatchDetachedFromWindow
03-11 18:35:17.914  3108  3108 D InputEventReceiver: channel 'e95ae15 DividerButtonsGroup (client)' ~ Disposing input event receiver.
03-11 18:35:17.914  3108  3108 D InputEventReceiver: channel 'e95ae15 DividerButtonsGroup (client)' ~NativeInputEventReceiver.
03-11 18:35:17.915  1865  5595 D Notification: allPendingIntents
03-11 18:35:17.915   773   773 I SurfaceFlinger: Display 0 HWC layers:
03-11 18:35:17.915   773   773 I SurfaceFlinger:     type    |    handle    | flag |  format   |   source crop (l,t,r,b)    |         frame       | name 
03-11 18:35:17.915   773   773 I SurfaceFlinger: ------------+--------------+------+-----------+----------------------------+---------------------+------
03-11 18:35:17.915   773   773 I SurfaceFlinger:      Device | 0x71ad58e680 | 0000 | RGBA_8888 |   0.0    0.0 1080.0 1920.0 |    0    0 1080 1920 | com.sec.android.app.launcher/com.sec[...]uncher.activities.LauncherActivity#0
03-11 18:35:17.915   773   773 I SurfaceFlinger:      Device | 0x71ad58e600 | 0000 | RGBA_8888 |   0.0    0.0 1080.0 1920.0 |    0    0 1080 1920 | ScreenshotSurface#0
03-11 18:35:17.915   773   773 I SurfaceFlinger: 
03-11 18:35:17.918  1865  5588 W AppOps  : Finishing op nesting under-run: uid 10063 pkg com.android.systemui code 70 time=0 duration=0 nesting=0
03-11 18:35:17.919  1865  5595 D Notification: allPendingIntents
03-11 18:35:17.935  1865  5595 I chatty  : uid=1000(system) Binder:1865_1A identical 9 lines
03-11 18:35:17.936  1865  5595 D Notification: allPendingIntents
03-11 18:35:17.937  3108  3108 D ViewRootImpl@3523171[DividerButtonsGroup]: setView = com.android.systemui.stackdivider.DividerButtonsGroup{375ab56 I.E...... ......I. 0,0-0,0} TM=true MM=false
03-11 18:35:17.937  3108  3108 D ImageWallpaper: engine visible:false
03-11 18:35:17.938  3108  3108 D ViewRootImpl@1c48cc8[StatusBar]: MSG_RESIZED_REPORT: frame=Rect(0, 0 - 1080, 72) ci=Rect(0, 0 - 0, 0) vi=Rect(0, 0 - 0, 0) or=1
03-11 18:35:17.939  1865  5595 D Notification: allPendingIntents
03-11 18:35:17.939  3108  3108 D MetadataParser: onConfigurationChanged()
03-11 18:35:17.940  1865  5595 D Notification: allPendingIntents
03-11 18:35:17.940  3108  3108 I MetadataParser: updateMetadataInfo() key = com.sec.android.daemonapp, bInfo = MetadataInfo[pkgName=com.sec.android.daemonapp, dbKey=add_info_com_sec_android_daemonapp, titleRes = 2131100116, title=null], mInfo = MetadataInfo[pkgName=com.sec.android.daemonapp, dbKey=add_info_com_sec_android_daemonapp, titleRes = 2131100116, title=null]
03-11 18:35:17.946  1865  5595 D SecContentProvider: query(), uri = 17 selection = isSettingsChangesAllowed
03-11 18:35:17.948  1865  5595 D SecContentProvider: called from android.uid.systemui:10063
03-11 18:35:17.950  1865  5588 D SecContentProvider: query(), uri = 17 selection = isSettingsChangesAllowed
03-11 18:35:17.951  1865  5588 D SecContentProvider: called from android.uid.systemui:10063
03-11 18:35:17.954  1865  3208 D Notification: allPendingIntents
03-11 18:35:17.956  1865  3208 I chatty  : uid=1000(system) Binder:1865_7 identical 1 line
03-11 18:35:17.958  1865  3208 D Notification: allPendingIntents
03-11 18:35:17.958  1865  5595 D SecContentProvider: query(), uri = 17 selection = isSettingsChangesAllowed
03-11 18:35:17.958  1865  5595 D SecContentProvider: called from android.uid.systemui:10063
03-11 18:35:17.959  1865  3208 D Notification: allPendingIntents
03-11 18:35:17.962  1865  3208 I chatty  : uid=1000(system) Binder:1865_7 identical 1 line
03-11 18:35:17.963  1865  3208 D Notification: allPendingIntents
03-11 18:35:17.965   726   726 D SEC LightsHAL: button : 0 +
03-11 18:35:17.966  1865  3208 D Notification: allPendingIntents
03-11 18:35:17.991  1865  3208 I chatty  : uid=1000(system) Binder:1865_7 identical 12 lines
03-11 18:35:17.993  1865  3208 D Notification: allPendingIntents
03-11 18:35:17.994   726   726 D SEC LightsHAL: button : 0 -
03-11 18:35:17.995  1865  3208 D Notification: allPendingIntents
03-11 18:35:18.003  1865  3208 I chatty  : uid=1000(system) Binder:1865_7 identical 7 lines
03-11 18:35:18.003  1865  3208 D Notification: allPendingIntents
03-11 18:35:18.019  4078  4175 D Notification.Badge: [filtered] shouldBeFilteredOut().isGroupHeader[true], missingTitleAndText[false], [sbn : StatusBarNotification(pkg=com.google.android.gm user=UserHandle{0} id=1782483210 tag=null key=0|com.google.android.gm|1782483210|null|10114: Notification(channel=^nc_1_mail_austin.krieger@trojans.dsu.edu pri=0 contentView=null vibrate=null sound=null tick defaults=0x0 flags=0x218 color=0xffdb4437 category=email groupKey=content://com.google.android.gm.email.provider/account.410365209/1/content://com.google.android.gm.email.provider/account.-525014014/63 number=9 vis=PRIVATE publicVersion=Notification(channel=^nc_1_mail_austin.krieger@trojans.dsu.edu pri=0 contentView=null vibrate=null sound=null defaults=0x0 flags=0x200 color=0xffdb4437 category=email groupKey=content://com.google.android.gm.email.provider/account.410365209/1/content://com.google.android.gm.email.provider/account.-525014014/63 number=9 vis=PUBLIC semFlags=0x0 semPriority=0 semMissedCount=0) semFlags=0x0 semPriority=0 semMissedCount=0))]
03-11 18:35:18.020  1865  1865 D CustomFrequencyManagerService: releaseDVFSLockLocked : Getting Lock type frm List : DVFS_MIN_LIMIT  frequency : 2150400  uid : 1000  pid : 1865  tag : AMS_APP_HOME@CPU_MIN@81
03-11 18:35:18.020  4078  4175 D Notification.Badge: [filtered] shouldBeFilteredOut().isGroupHeader[false], missingTitleAndText[true], [sbn : StatusBarNotification(pkg=com.piriform.ccleaner user=UserHandle{0} id=11117 tag=null key=0|com.piriform.ccleaner|11117|null|10413: Notification(channel=photos pri=0 contentView=com.piriform.ccleaner/0x7f0d01e3 vibrate=null sound=null tick defaults=0x0 flags=0x10 color=0x00000000 number=0 vis=PRIVATE semFlags=0x0 semPriority=0 semMissedCount=0))]
03-11 18:35:18.020  4078  4175 D Notification.Badge: [filtered] shouldBeFilteredOut().Notification.FLAG_ONGOING_EVENT [sbn : StatusBarNotification(pkg=org.malwarebytes.antimalware user=UserHandle{0} id=1 tag=null key=0|org.malwarebytes.antimalware|1|null|10317: Notification(channel=null pri=0 contentView=null vibrate=null sound=null defaults=0x0 flags=0x22 color=0x00000000 number=0 vis=PRIVATE semFlags=0x0 semPriority=0 semMissedCount=0))]
03-11 18:35:18.021  4078  4175 D Notification.Badge: [filtered] shouldBeFilteredOut().isGroupHeader[true], missingTitleAndText[true], [sbn : StatusBarNotification(pkg=com.trello user=UserHandle{0} id=2147483647 tag=ranker_group key=0|com.trello|2147483647|ranker_group|10060|ranker_group: Notification(channel=cards pri=0 contentView=null vibrate=null sound=null defaults=0x0 flags=0x700 color=0xff0079bf groupKey=ranker_group number=0 vis=PRIVATE semFlags=0x0 semPriority=0 semMissedCount=0))]
03-11 18:35:18.024  4078  4175 D Notification.Badge: [filtered] shouldBeFilteredOut().mTempRanking.canShowBadge[false], [sbn : StatusBarNotification(pkg=android user=UserHandle{-1} id=27 tag=null key=-1|android|27|null|1000: Notification(channel=USB pri=0 contentView=null vibrate=null sound=null tick defaults=0x0 flags=0x2 color=0xff607d8b number=0 vis=PUBLIC semFlags=0x0 semPriority=0 semMissedCount=0))]
03-11 18:35:18.024  4078  4175 D Notification.Badge: [filtered] shouldBeFilteredOut().mTempRanking.canShowBadge[false], [sbn : StatusBarNotification(pkg=com.android.systemui user=UserHandle{-1} id=2131362726 tag=charging_state key=-1|com.android.systemui|2131362726|charging_state|10063: Notification(channel=GEN pri=-2 contentView=null vibrate=null sound=null defaults=0x0 flags=0xa color=0xff607d8b category=sys number=0 vis=PUBLIC semFlags=0x0 semPriority=0 semMissedCount=0))]
03-11 18:35:18.024  4078  4175 D Notification.Badge: LauncherModel:onNotificationFullRefresh() : [61], IconType : [0]
03-11 18:35:18.024  4078  4175 D Notification.Badge: notificationKey : 0|com.google.android.gm|1109796707|null|10114, count : 0, this.count : 1
03-11 18:35:18.024  4078  4175 D Notification.Badge: notificationKey : 0|com.google.android.gm|1109796707|null|10114, count : 1, mTotalCount : 1
03-11 18:35:18.024  4078  4175 D Notification.Badge: notificationKey : 0|com.google.android.gm|-339045984|null|10114, count : 0, this.count : 1
03-11 18:35:18.024  4078  4175 D Notification.Badge: notificationKey : 0|com.google.android.gm|-339045984|null|10114, count : 1, mTotalCount : 2
03-11 18:35:18.024  4078  4175 D Notification.Badge: notificationKey : 0|com.google.android.gm|-1309602847|null|10114, count : 0, this.count : 1
03-11 18:35:18.024  4078  4175 D Notification.Badge: notificationKey : 0|com.google.android.gm|-1309602847|null|10114, count : 1, mTotalCount : 3
03-11 18:35:18.024  4078  4175 D Notification.Badge: notificationKey : 0|com.google.android.gm|1603560486|null|10114, count : 0, this.count : 1
03-11 18:35:18.024  4078  4175 D Notification.Badge: notificationKey : 0|com.google.android.gm|1603560486|null|10114, count : 1, mTotalCount : 4
03-11 18:35:18.025  4078  4175 D Notification.Badge: notificationKey : 0|com.google.android.gm|-440869273|null|10114, count : 0, this.count : 1
03-11 18:35:18.025  4078  4175 D Notification.Badge: notificationKey : 0|com.google.android.gm|-440869273|null|10114, count : 1, mTotalCount : 5
03-11 18:35:18.025  4078  4175 D Notification.Badge: notificationKey : 0|com.google.android.gm|-2090907484|null|10114, count : 0, this.count : 1
03-11 18:35:18.025  4078  4175 D Notification.Badge: notificationKey : 0|com.google.android.gm|-2090907484|null|10114, count : 1, mTotalCount : 6
03-11 18:35:18.025  4078  4175 D Notification.Badge: notificationKey : 0|com.google.android.gm|688104165|null|10114, count : 0, this.count : 1
03-11 18:35:18.025  4078  4175 D Notification.Badge: notificationKey : 0|com.google.android.gm|688104165|null|10114, count : 1, mTotalCount : 7
03-11 18:35:18.025  4078  4175 D Notification.Badge: notificationKey : 0|com.google.android.gm|509563117|null|10114, count : 0, this.count : 1
03-11 18:35:18.025  4078  4175 D Notification.Badge: notificationKey : 0|com.google.android.gm|509563117|null|10114, count : 1, mTotalCount : 8
03-11 18:35:18.025  4078  4175 D Notification.Badge: notificationKey : 0|com.google.android.gm|-1543254750|null|10114, count : 0, this.count : 1
03-11 18:35:18.025  4078  4175 D Notification.Badge: notificationKey : 0|com.google.android.gm|-1543254750|null|10114, count : 1, mTotalCount : 9
03-11 18:35:18.025  4078  4175 D Notification.Badge: notificationKey : 0|com.discord|1198646342|null|10303, count : 0, this.count : 1
03-11 18:35:18.025  4078  4175 D Notification.Badge: notificationKey : 0|com.discord|1198646342|null|10303, count : 1, mTotalCount : 1
03-11 18:35:18.025  4078  4175 D Notification.Badge: notificationKey : 0|android|40|null|1000, count : 0, this.count : 1
03-11 18:35:18.025  4078  4175 D Notification.Badge: notificationKey : 0|android|40|null|1000, count : 1, mTotalCount : 1
03-11 18:35:18.025  4078  4175 D Notification.Badge: notificationKey : 0|com.google.android.apps.freighter|1|null|10426, count : 0, this.count : 1
03-11 18:35:18.025  4078  4175 D Notification.Badge: notificationKey : 0|com.google.android.apps.freighter|1|null|10426, count : 1, mTotalCount : 1
03-11 18:35:18.025  4078  4175 D Notification.Badge: notificationKey : 0|com.trello|774362510|null|10060, count : 0, this.count : 1
03-11 18:35:18.025  4078  4175 D Notification.Badge: notificationKey : 0|com.trello|774362510|null|10060, count : 1, mTotalCount : 1
03-11 18:35:18.025  4078  4175 D Notification.Badge: notificationKey : 0|com.trello|-839550416|null|10060, count : 0, this.count : 1
03-11 18:35:18.025  4078  4175 D Notification.Badge: notificationKey : 0|com.trello|-839550416|null|10060, count : 1, mTotalCount : 2
03-11 18:35:18.026  4078  4175 D Notification.Badge: notificationKey : 0|com.trello|-1892172647|null|10060, count : 0, this.count : 1
03-11 18:35:18.026  4078  4175 D Notification.Badge: notificationKey : 0|com.trello|-1892172647|null|10060, count : 1, mTotalCount : 3
03-11 18:35:18.026  4078  4175 D Notification.Badge: notificationKey : 0|com.trello|1875811806|null|10060, count : 0, this.count : 1
03-11 18:35:18.026  4078  4175 D Notification.Badge: notificationKey : 0|com.trello|1875811806|null|10060, count : 1, mTotalCount : 4
03-11 18:35:18.026  4078  4175 D Notification.Badge: notificationKey : 0|com.trello|-907915211|null|10060, count : 0, this.count : 1
03-11 18:35:18.026  4078  4175 D Notification.Badge: notificationKey : 0|com.trello|-907915211|null|10060, count : 1, mTotalCount : 5
03-11 18:35:18.026  4078  4175 D Notification.Badge: notificationKey : 0|com.trello|18763956|null|10060, count : 0, this.count : 1
03-11 18:35:18.026  4078  4175 D Notification.Badge: notificationKey : 0|com.trello|18763956|null|10060, count : 1, mTotalCount : 6
03-11 18:35:18.026  4078  4175 D Notification.Badge: notificationKey : 0|com.trello|-1758636471|null|10060, count : 0, this.count : 1
03-11 18:35:18.026  4078  4175 D Notification.Badge: notificationKey : 0|com.trello|-1758636471|null|10060, count : 1, mTotalCount : 7
03-11 18:35:18.026  4078  4175 D Notification.Badge: notificationKey : 0|com.trello|-1420192010|null|10060, count : 0, this.count : 1
03-11 18:35:18.026  4078  4175 D Notification.Badge: notificationKey : 0|com.trello|-1420192010|null|10060, count : 1, mTotalCount : 8
03-11 18:35:18.026  4078  4175 D Notification.Badge: notificationKey : 0|com.trello|1186118528|null|10060, count : 0, this.count : 1
03-11 18:35:18.026  4078  4175 D Notification.Badge: notificationKey : 0|com.trello|1186118528|null|10060, count : 1, mTotalCount : 9
03-11 18:35:18.026  4078  4175 D Notification.Badge: notificationKey : 0|com.trello|1610966060|null|10060, count : 0, this.count : 1
03-11 18:35:18.026  4078  4175 D Notification.Badge: notificationKey : 0|com.trello|1610966060|null|10060, count : 1, mTotalCount : 10
03-11 18:35:18.026  4078  4175 D Notification.Badge: notificationKey : 0|com.trello|-420120437|null|10060, count : 0, this.count : 1
03-11 18:35:18.027  4078  4175 D Notification.Badge: notificationKey : 0|com.trello|-420120437|null|10060, count : 1, mTotalCount : 11
03-11 18:35:18.027  4078  4175 D Notification.Badge: notificationKey : 0|com.trello|1505065953|null|10060, count : 0, this.count : 1
03-11 18:35:18.027  4078  4175 D Notification.Badge: notificationKey : 0|com.trello|1505065953|null|10060, count : 1, mTotalCount : 12
03-11 18:35:18.027  4078  4175 D Notification.Badge: notificationKey : 0|com.trello|539172974|null|10060, count : 0, this.count : 1
03-11 18:35:18.027  4078  4175 D Notification.Badge: notificationKey : 0|com.trello|539172974|null|10060, count : 1, mTotalCount : 13
03-11 18:35:18.027  4078  4175 D Notification.Badge: notificationKey : 0|com.trello|-1229763657|null|10060, count : 0, this.count : 1
03-11 18:35:18.027  4078  4175 D Notification.Badge: notificationKey : 0|com.trello|-1229763657|null|10060, count : 1, mTotalCount : 14
03-11 18:35:18.027  4078  4175 D Notification.Badge: notificationKey : 0|com.trello|-1915633908|null|10060, count : 0, this.count : 1
03-11 18:35:18.027  4078  4175 D Notification.Badge: notificationKey : 0|com.trello|-1915633908|null|10060, count : 1, mTotalCount : 15
03-11 18:35:18.027  4078  4175 D Notification.Badge: notificationKey : 0|com.trello|-147178029|null|10060, count : 0, this.count : 1
03-11 18:35:18.027  4078  4175 D Notification.Badge: notificationKey : 0|com.trello|-147178029|null|10060, count : 1, mTotalCount : 16
03-11 18:35:18.027  4078  4175 D Notification.Badge: notificationKey : 0|com.trello|1183815204|null|10060, count : 0, this.count : 1
03-11 18:35:18.027  4078  4175 D Notification.Badge: notificationKey : 0|com.trello|1183815204|null|10060, count : 1, mTotalCount : 17
03-11 18:35:18.027  4078  4175 D Notification.Badge: notificationKey : 0|com.trello|432352978|null|10060, count : 0, this.count : 1
03-11 18:35:18.027  4078  4175 D Notification.Badge: notificationKey : 0|com.trello|432352978|null|10060, count : 1, mTotalCount : 18
03-11 18:35:18.027  4078  4175 D Notification.Badge: notificationKey : 0|com.trello|-1950480656|null|10060, count : 0, this.count : 1
03-11 18:35:18.027  4078  4175 D Notification.Badge: notificationKey : 0|com.trello|-1950480656|null|10060, count : 1, mTotalCount : 19
03-11 18:35:18.027  4078  4175 D Notification.Badge: notificationKey : 0|com.trello|22377638|null|10060, count : 0, this.count : 1
03-11 18:35:18.027  4078  4175 D Notification.Badge: notificationKey : 0|com.trello|22377638|null|10060, count : 1, mTotalCount : 20
03-11 18:35:18.028  4078  4175 D Notification.Badge: notificationKey : 0|com.trello|-1757353542|null|10060, count : 0, this.count : 1
03-11 18:35:18.028  4078  4175 D Notification.Badge: notificationKey : 0|com.trello|-1757353542|null|10060, count : 1, mTotalCount : 21
03-11 18:35:18.028  4078  4175 D Notification.Badge: notificationKey : 0|com.trello|-1944761662|null|10060, count : 0, this.count : 1
03-11 18:35:18.028  4078  4175 D Notification.Badge: notificationKey : 0|com.trello|-1944761662|null|10060, count : 1, mTotalCount : 22
03-11 18:35:18.028  4078  4175 D Notification.Badge: notificationKey : 0|com.trello|-941145042|null|10060, count : 0, this.count : 1
03-11 18:35:18.028  4078  4175 D Notification.Badge: notificationKey : 0|com.trello|-941145042|null|10060, count : 1, mTotalCount : 23
03-11 18:35:18.028  4078  4175 D Notification.Badge: notificationKey : 0|com.trello|-840513422|null|10060, count : 0, this.count : 1
03-11 18:35:18.028  4078  4175 D Notification.Badge: notificationKey : 0|com.trello|-840513422|null|10060, count : 1, mTotalCount : 24
03-11 18:35:18.028  4078  4175 D Notification.Badge: notificationKey : 0|com.trello|-1508499022|null|10060, count : 0, this.count : 1
03-11 18:35:18.028  4078  4175 D Notification.Badge: notificationKey : 0|com.trello|-1508499022|null|10060, count : 1, mTotalCount : 25
03-11 18:35:18.028  4078  4175 D Notification.Badge: notificationKey : 0|com.trello|1567504649|null|10060, count : 0, this.count : 1
03-11 18:35:18.028  4078  4175 D Notification.Badge: notificationKey : 0|com.trello|1567504649|null|10060, count : 1, mTotalCount : 26
03-11 18:35:18.028  4078  4175 D Notification.Badge: notificationKey : 0|com.trello|-1658854815|null|10060, count : 0, this.count : 1
03-11 18:35:18.028  4078  4175 D Notification.Badge: notificationKey : 0|com.trello|-1658854815|null|10060, count : 1, mTotalCount : 27
03-11 18:35:18.028  4078  4175 D Notification.Badge: notificationKey : 0|com.trello|-1480956893|null|10060, count : 0, this.count : 1
03-11 18:35:18.028  4078  4175 D Notification.Badge: notificationKey : 0|com.trello|-1480956893|null|10060, count : 1, mTotalCount : 28
03-11 18:35:18.028  4078  4175 D Notification.Badge: notificationKey : 0|com.trello|2135733538|null|10060, count : 0, this.count : 1
03-11 18:35:18.028  4078  4175 D Notification.Badge: notificationKey : 0|com.trello|2135733538|null|10060, count : 1, mTotalCount : 29
03-11 18:35:18.029  4078  4175 D Notification.Badge: notificationKey : 0|com.trello|198800932|null|10060, count : 0, this.count : 1
03-11 18:35:18.029  4078  4175 D Notification.Badge: notificationKey : 0|com.trello|198800932|null|10060, count : 1, mTotalCount : 30
03-11 18:35:18.029  4078  4175 D Notification.Badge: notificationKey : 0|com.trello|-1124091187|null|10060, count : 0, this.count : 1
03-11 18:35:18.029  4078  4175 D Notification.Badge: notificationKey : 0|com.trello|-1124091187|null|10060, count : 1, mTotalCount : 31
03-11 18:35:18.029  4078  4175 D Notification.Badge: notificationKey : 0|com.trello|-1513349894|null|10060, count : 0, this.count : 1
03-11 18:35:18.029  4078  4175 D Notification.Badge: notificationKey : 0|com.trello|-1513349894|null|10060, count : 1, mTotalCount : 32
03-11 18:35:18.029  4078  4175 D Notification.Badge: notificationKey : 0|com.trello|629238919|null|10060, count : 0, this.count : 1
03-11 18:35:18.029  4078  4175 D Notification.Badge: notificationKey : 0|com.trello|629238919|null|10060, count : 1, mTotalCount : 33
03-11 18:35:18.029  4078  4175 D Notification.Badge: notificationKey : 0|com.trello|-1357031160|null|10060, count : 0, this.count : 1
03-11 18:35:18.029  4078  4175 D Notification.Badge: notificationKey : 0|com.trello|-1357031160|null|10060, count : 1, mTotalCount : 34
03-11 18:35:18.029  4078  4175 D Notification.Badge: notificationKey : 0|com.trello|1568409078|null|10060, count : 0, this.count : 1
03-11 18:35:18.029  4078  4175 D Notification.Badge: notificationKey : 0|com.trello|1568409078|null|10060, count : 1, mTotalCount : 35
03-11 18:35:18.029  4078  4175 D Notification.Badge: notificationKey : 0|com.trello|-551619261|null|10060, count : 0, this.count : 1
03-11 18:35:18.029  4078  4175 D Notification.Badge: notificationKey : 0|com.trello|-551619261|null|10060, count : 1, mTotalCount : 36
03-11 18:35:18.029  4078  4175 D Notification.Badge: notificationKey : 0|com.trello|-317388147|null|10060, count : 0, this.count : 1
03-11 18:35:18.029  4078  4175 D Notification.Badge: notificationKey : 0|com.trello|-317388147|null|10060, count : 1, mTotalCount : 37
03-11 18:35:18.029  4078  4175 D Notification.Badge: notificationKey : 0|com.trello|246089171|null|10060, count : 0, this.count : 1
03-11 18:35:18.029  4078  4175 D Notification.Badge: notificationKey : 0|com.trello|246089171|null|10060, count : 1, mTotalCount : 38
03-11 18:35:18.030  4078  4175 D Notification.Badge: notificationKey : 0|com.trello|-641956447|null|10060, count : 0, this.count : 1
03-11 18:35:18.030  4078  4175 D Notification.Badge: notificationKey : 0|com.trello|-641956447|null|10060, count : 1, mTotalCount : 39
03-11 18:35:18.030  4078  4175 D Notification.Badge: notificationKey : 0|com.trello|284262491|null|10060, count : 0, this.count : 1
03-11 18:35:18.030  4078  4175 D Notification.Badge: notificationKey : 0|com.trello|284262491|null|10060, count : 1, mTotalCount : 40
03-11 18:35:18.030  4078  4175 D Notification.Badge: notificationKey : 0|com.trello|-325672838|null|10060, count : 0, this.count : 1
03-11 18:35:18.030  4078  4175 D Notification.Badge: notificationKey : 0|com.trello|-325672838|null|10060, count : 1, mTotalCount : 41
03-11 18:35:18.030  4078  4175 D Notification.Badge: notificationKey : 0|com.trello|1404766800|null|10060, count : 0, this.count : 1
03-11 18:35:18.030  4078  4175 D Notification.Badge: notificationKey : 0|com.trello|1404766800|null|10060, count : 1, mTotalCount : 42
03-11 18:35:18.030  4078  4175 D Notification.Badge: notificationKey : 0|com.trello|-2081979526|null|10060, count : 0, this.count : 1
03-11 18:35:18.030  4078  4175 D Notification.Badge: notificationKey : 0|com.trello|-2081979526|null|10060, count : 1, mTotalCount : 43
03-11 18:35:18.030  4078  4175 D Notification.Badge: notificationKey : 0|com.trello|390351287|null|10060, count : 0, this.count : 1
03-11 18:35:18.030  4078  4175 D Notification.Badge: notificationKey : 0|com.trello|390351287|null|10060, count : 1, mTotalCount : 44
03-11 18:35:18.030  4078  4175 D Notification.Badge: notificationKey : 0|com.trello|-877915204|null|10060, count : 0, this.count : 1
03-11 18:35:18.030  4078  4175 D Notification.Badge: notificationKey : 0|com.trello|-877915204|null|10060, count : 1, mTotalCount : 45
03-11 18:35:18.030  4078  4175 D Notification.Badge: notificationKey : 0|com.trello|-1194559335|null|10060, count : 0, this.count : 1
03-11 18:35:18.030  4078  4175 D Notification.Badge: notificationKey : 0|com.trello|-1194559335|null|10060, count : 1, mTotalCount : 46
03-11 18:35:18.030  4078  4175 D Notification.Badge: notificationKey : 0|com.trello|-1422841061|null|10060, count : 0, this.count : 1
03-11 18:35:18.030  4078  4175 D Notification.Badge: notificationKey : 0|com.trello|-1422841061|null|10060, count : 1, mTotalCount : 47
03-11 18:35:18.031  4078  4175 D Notification.Badge: notificationKey : 0|com.trello|-1042937569|null|10060, count : 0, this.count : 1
03-11 18:35:18.031  4078  4175 D Notification.Badge: notificationKey : 0|com.trello|-1042937569|null|10060, count : 1, mTotalCount : 48
03-11 18:35:18.031  4078  4175 D Notification.Badge: notificationKey : 0|com.trello|1534699423|null|10060, count : 0, this.count : 1
03-11 18:35:18.031  4078  4175 D Notification.Badge: notificationKey : 0|com.trello|1534699423|null|10060, count : 1, mTotalCount : 49
03-11 18:35:18.031  4078  4175 D Notification.Badge: LauncherModel:onNotificationFullRefresh() not need to update, updatedBadges.remove[com.google.android.apps.freighter], count : [1]
03-11 18:35:18.031  4078  4175 D Notification.Badge: LauncherModel:onNotificationFullRefresh() not need to update, updatedBadges.remove[com.trello], count : [49]
03-11 18:35:18.031  4078  4175 D Notification.Badge: LauncherModel:onNotificationFullRefresh() not need to update, updatedBadges.remove[com.discord], count : [1]
03-11 18:35:18.031  4078  4175 D Notification.Badge: LauncherModel:onNotificationFullRefresh() not need to update, updatedBadges.remove[com.google.android.gm], count : [9]
03-11 18:35:18.031  4078  4175 D Notification.Badge: LauncherModel:onNotificationFullRefresh() not need to update, updatedBadges.remove[android], count : [1]
03-11 18:35:18.038  3108  3108 I NotificationShelf: show backgroud: :false
03-11 18:35:18.042  3108  3108 D KeyguardUpdateMonitor: received broadcast android.intent.action.CONFIGURATION_CHANGED
03-11 18:35:18.160  1865  3208 V WindowManager: Relayout Window{b8a7b60 u0 StatusBar}: viewVisibility=0 req=1080x72 WM.LayoutParams{(0,0)(fillx72) gr=#30 sim=#10 ty=2000 fl=#81840048 fmt=-3 vsysui=0x600 colorMode=0 naviIconColor=0}
03-11 18:35:18.185  3108  3108 D ViewRootImpl@1c48cc8[StatusBar]: Relayout returned: old=[0,0][1080,72] new=[0,0][1080,72] result=0x23 surface={valid=true 526464094208} changed=false
03-11 18:35:18.189  3108  3108 D ScrollView:  onsize change changed 
03-11 18:35:18.189  3108  3476 D OpenGLRenderer: eglDestroySurface = 0x7a93ddbef0
03-11 18:35:18.191  3108  3476 D OpenGLRenderer: eglCreateWindowSurface = 0x7a93ddbef0
03-11 18:35:18.202  1865  1865 D TelephonyManager: getCellLocation : Caller (PID / UID / TID): 1865 / 1000 / 1865
03-11 18:35:18.203  3108  3336 D NetworkController.MobileSignalController(0/1): onSignalStrengthsChanged signalStrength=SignalStrength: 99 99 -120 -160 -120 -1 -1 18 -107 -11 76 2147483647 0 2147483647 0x3000 P gsm|lte level=3
03-11 18:35:18.203  3108  3336 D NetworkController.MobileSignalController(0/1): getMobileIconGroup(): 13
03-11 18:35:18.203  3108  3336 D NetworkController.MobileSignalController(0/1): updateVZWMobileIconGroup(): 13
03-11 18:35:18.210  3410  3873 D EPDG -- SIM0 [SMARTWIFI]: onSignalStrengthsChanged: Received signal strength change, phone type is: 2
03-11 18:35:18.210  3410  5492 D EPDG -- SIM0 [SMARTWIFI]: lastLteRSRP is -101currentLteRSRP is -107
03-11 18:35:18.210  3410  5492 D EPDG -- SIM0 [SMARTWIFI]: lastLteRSRQ is -11currentLteRSRQ is -11
03-11 18:35:18.210  3410  5492 D EPDG -- SIM0 [SMARTWIFI]: lastCdmaDb is -16currentCdmaDb is -16
03-11 18:35:18.210  3410  5492 V EPDG -- SIM0 [SMARTWIFI]: Radio oldest entry removed
03-11 18:35:18.211  3410  5492 V EPDG -- SIM0 [SMARTWIFI]: New entry : (SignalStrength: 99 99 -120 -160 -120 -1 -1 18 -107 -11 76 2147483647 0 2147483647 0x3000 P gsm|lte : 0 )
03-11 18:35:18.211  3410  5492 V EPDG -- SIM0 [SMARTWIFI]: Radio entry added
03-11 18:35:18.212  3108  3336 D NetworkController.MobileSignalController(0/1): callState:0, callStateByPhone:false voLTECall:false voiceNetTpe:13 dataNetType:13, ine911:false, emergencyCallbackMode:false
03-11 18:35:18.215  3108  3108 W View    : requestLayout() improperly called by android.widget.TextView{b6ca5b3 V.ED..... ......ID 0,-18-1920,72 #7f0a03a2 app:id/notification_panel_carrier_label} during layout: running second layout pass
03-11 18:35:18.215  3108  3108 I ViewRootImpl@1c48cc8[StatusBar]: requestLayout is already in process
03-11 18:35:18.237  1865  5595 V WindowManager: finishDrawingLocked: mDrawState=COMMIT_DRAW_PENDING Window{b8a7b60 u0 StatusBar} in Surface(name=StatusBar)
03-11 18:35:18.237  3108  3108 D ViewRootImpl@c32a8b8[AssistPreviewPanel]: dispatchAttachedToWindow
03-11 18:35:18.242  1865  5595 V WindowManager: Relayout Window{300ad80 u0 AssistPreviewPanel}: viewVisibility=8 req=1080x750 WM.LayoutParams{(0,0)(fillx750) gr=#800053 sim=#31 ty=2033 fl=#1000118 fmt=-3 vsysui=0x700 colorMode=0 naviIconColor=0}
03-11 18:35:18.248  3108  3108 D ViewRootImpl@c32a8b8[AssistPreviewPanel]: Relayout returned: old=[0,0][0,0] new=[0,1920][1080,1920] result=0x1 surface={valid=false 0} changed=false
03-11 18:35:18.248  3108  3108 D ViewRootImpl@9b0050b[DockedStackDivider]: dispatchAttachedToWindow
03-11 18:35:18.255  1865  5595 V WindowManager: Relayout Window{5ec50d6 u0 DockedStackDivider}: viewVisibility=4 req=1080x144 WM.LayoutParams{(0,0)(fillx144) sim=#20 ty=2034 fl=#21840028 pfl=0x40 fmt=-3 vsysui=0x700 colorMode=0 naviIconColor=0}
03-11 18:35:18.260  3108  3108 D ViewRootImpl@9b0050b[DockedStackDivider]: Relayout returned: old=[0,0][0,0] new=[0,0][0,0] result=0x1 surface={valid=false 0} changed=false
03-11 18:35:18.266  3108  3108 D ViewRootImpl@3523171[DividerButtonsGroup]: dispatchAttachedToWindow
03-11 18:35:18.267   773   773 I SurfaceFlinger: Display 0 HWC layers:
03-11 18:35:18.267   773   773 I SurfaceFlinger:     type    |    handle    | flag |  format   |   source crop (l,t,r,b)    |         frame       | name 
