03-09 20:33:17.386  7195  7396 D UE4     : [2019.03.10-02.33.17:386][  0]LogRHI: Final display timing metrics: DriverRefreshRate=59.8959  DriverRefreshNanos=16695625  DriverDeadlineNanos=15666666  DriverAppVsyncOffsetNanos=1000000
03-09 20:33:17.386  7195  7396 D UE4     : [2019.03.10-02.33.17:386][  0]LogRHI: AndroidEGL:SwapBuffers Min=0, Max=1, Request=1, ClosestDriver=1, SetDriver=1
03-09 20:33:17.389  7195  7285 D UE4     : [2019.03.10-02.33.17:389][  0]LogSlate: Slate font cache was flushed
03-09 20:33:17.406   773   773 I SurfaceFlinger: Display 0 HWC layers:
03-09 20:33:17.406   773   773 I SurfaceFlinger:     type    |    handle    | flag |  format   |   source crop (l,t,r,b)    |         frame       | name 
03-09 20:33:17.406   773   773 I SurfaceFlinger: ------------+--------------+------+-----------+----------------------------+---------------------+------
03-09 20:33:17.406   773   773 I SurfaceFlinger:      Device | 0x71b2422600 | 0002 | RGBx_8888 |   0.0    0.0  720.0 1280.0 |    0    0 1080 1920 | SurfaceView - com.TeamNA.GiftGame/com.epicgames.ue4.GameActivity@e2b52e6@0#0
03-09 20:33:17.406   773   773 I SurfaceFlinger:      Device | 0x71ad046800 | 0000 | RGBA_8888 |   0.0    0.0 1080.0 1920.0 |    0    0 1080 1920 | com.TeamNA.GiftGame/com.epicgames.ue4.GameActivity#1
03-09 20:33:17.406   773   773 I SurfaceFlinger: 
03-09 20:33:17.407  1004  1004 E audit   : type=1400 audit(1552185197.397:51156): avc:  denied  { read } for  pid=7195 comm="Thread-2" name="stat" dev="proc" ino=4026532368 scontext=u:r:untrusted_app:s0:c512,c768 tcontext=u:object_r:proc_stat:s0 tclass=file permissive=0 SEPF_SM-G930V_8.0.0_0016 audit_filtered
03-09 20:33:17.408  1004  1004 E audit   : type=1300 audit(1552185197.397:51156): arch=40000028 syscall=322 per=8 success=no exit=-13 a0=ffffff9c a1=c4be3d27 a2=20000 a3=0 items=0 ppid=1027 pid=7195 auid=4294967295 uid=10574 gid=10574 euid=10574 suid=10574 fsuid=10574 egid=10574 sgid=10574 fsgid=10574 tty=(none) ses=4294967295 comm="Thread-2" exe="/system/bin/app_process32" subj=u:r:untrusted_app:s0:c512,c768 key=(null)
03-09 20:33:17.408  1004  1004 E audit   : type=1327 audit(1552185197.397:51156): proctitle="com.TeamNA.GiftGame"
03-09 20:33:17.424  3136  3136 E adbd    : recv: OPEN 00002511 00000000 0010:73 68 65 6C 6C 2C 76 32 2C 72 61 77 3A 70 73 00 
03-09 20:33:17.424  3136  3136 E adbd    : service_to_fd: shell,v2,raw:ps
03-09 20:33:17.426  7195  7285 D UE4     : [2019.03.10-02.33.17:426][  1]LogSlate: Took 0.001281 seconds to synchronously load lazily loaded font '../../../Engine/Content/Slate/Fonts/Roboto-Regular.ttf' (155K)
03-09 20:33:17.428  7195  7285 D UE4     : [2019.03.10-02.33.17:428][  1]LogSlate: Took 0.000516 seconds to synchronously load lazily loaded font '../../../GiftGame/Content/MyFonts/KOMIKAX_.ufont' (53K)
03-09 20:33:17.436  7425  7425 E propClient: PropClient failed to load
03-09 20:33:17.452  7425  7425 E propClient: PropClient failed to load
03-09 20:33:17.523  1004  1004 E audit   : type=1400 audit(1552185197.517:51157): avc:  denied  { read } for  pid=7195 comm="Thread-2" name="stat" dev="proc" ino=4026532368 scontext=u:r:untrusted_app:s0:c512,c768 tcontext=u:object_r:proc_stat:s0 tclass=file permissive=0 SEPF_SM-G930V_8.0.0_0016 audit_filtered
03-09 20:33:17.524  1004  1004 E audit   : type=1300 audit(1552185197.517:51157): arch=40000028 syscall=322 per=8 success=no exit=-13 a0=ffffff9c a1=c4be3d27 a2=20000 a3=0 items=0 ppid=1027 pid=7195 auid=4294967295 uid=10574 gid=10574 euid=10574 suid=10574 fsuid=10574 egid=10574 sgid=10574 fsgid=10574 tty=(none) ses=4294967295 comm="Thread-2" exe="/system/bin/app_process32" subj=u:r:untrusted_app:s0:c512,c768 key=(null)
03-09 20:33:17.524  1004  1004 E audit   : type=1327 audit(1552185197.517:51157): proctitle="com.TeamNA.GiftGame"
03-09 20:33:17.532  7406  7406 D SAEffectManager: *****getNewSoundAliveInstance start*****
03-09 20:33:17.654  7406  7406 D SAEffectManager: *****newSoundAliveEffect create Sucessfully*****
03-09 20:33:17.654  7406  7406 D SAEffectManager: *****getNewSoundAliveInstance end****
03-09 20:33:17.656  1044  5051 V APM_AudioPolicyManager: getAudioPolicyConfig: audioParam;outDevice
03-09 20:33:17.657  1044  5051 V APM_AudioPolicyManager: getNewOutputDevice() selected device 0
03-09 20:33:17.657  1044  5051 V APM_AudioPolicyManager: ### curdevice : 2
03-09 20:33:17.657  7406  7406 D SoundAlivePolicyManager: Actual path retrieved: 2
03-09 20:33:17.658  7406  7406 D SoundAlivePolicyManager: isAudioPathSpeaker() : true
03-09 20:33:17.658  7406  7406 D SoundAlivePolicyManager: actual AudioPath : SA_PATH_SPK
03-09 20:33:17.658  7406  7406 I Feature : SUPPORT_HUN_FLOATING_FEATURE = falseCOUNTRY_CODE = USA
03-09 20:33:17.674  7406  7406 D SADVFSHelper: Audio route update attempt
03-09 20:33:17.675  7406  7406 D SADVFSHelper: Either heavy-duty effect is Off or Music playback is not active
03-09 20:33:17.681  1004  1004 E audit   : type=1400 audit(1552185197.667:51158): avc:  denied  { read } for  pid=7195 comm="Thread-2" name="stat" dev="proc" ino=4026532368 scontext=u:r:untrusted_app:s0:c512,c768 tcontext=u:object_r:proc_stat:s0 tclass=file permissive=0 SEPF_SM-G930V_8.0.0_0016 audit_filtered
03-09 20:33:17.681  1004  1004 E audit   : type=1300 audit(1552185197.667:51158): arch=40000028 syscall=322 per=8 success=no exit=-13 a0=ffffff9c a1=c4be3d27 a2=20000 a3=0 items=0 ppid=1027 pid=7195 auid=4294967295 uid=10574 gid=10574 euid=10574 suid=10574 fsuid=10574 egid=10574 sgid=10574 fsgid=10574 tty=(none) ses=4294967295 comm="Thread-2" exe="/system/bin/app_process32" subj=u:r:untrusted_app:s0:c512,c768 key=(null)
03-09 20:33:17.681  1004  1004 E audit   : type=1327 audit(1552185197.667:51158): proctitle="com.TeamNA.GiftGame"
03-09 20:33:17.752  7195  7428 D UE4     : [2019.03.10-02.33.17:752][ 15]LogTcpMessaging: Started Connection to '127.0.0.1:36782'
03-09 20:33:17.753  7195  7428 D UE4     : [2019.03.10-02.33.17:753][ 15]LogTcpMessaging: Discovered node '951A19E8484B9F634D2C92AE94A7CD19' on connection '127.0.0.1:36782'...
03-09 20:33:17.782  1004  1004 E audit   : type=1400 audit(1552185197.767:51159): avc:  denied  { read } for  pid=7195 comm="Thread-2" name="stat" dev="proc" ino=4026532368 scontext=u:r:untrusted_app:s0:c512,c768 tcontext=u:object_r:proc_stat:s0 tclass=file permissive=0 SEPF_SM-G930V_8.0.0_0016 audit_filtered
03-09 20:33:17.782  1004  1004 E audit   : type=1300 audit(1552185197.767:51159): arch=40000028 syscall=322 per=8 success=no exit=-13 a0=ffffff9c a1=c4be3d27 a2=20000 a3=0 items=0 ppid=1027 pid=7195 auid=4294967295 uid=10574 gid=10574 euid=10574 suid=10574 fsuid=10574 egid=10574 sgid=10574 fsgid=10574 tty=(none) ses=4294967295 comm="Thread-2" exe="/system/bin/app_process32" subj=u:r:untrusted_app:s0:c512,c768 key=(null)
03-09 20:33:17.782  1004  1004 E audit   : type=1327 audit(1552185197.767:51159): proctitle="com.TeamNA.GiftGame"
03-09 20:33:18.048  1004  1004 E audit   : type=1400 audit(1552185198.037:51161): avc:  denied  { read } for  pid=7195 comm="Thread-2" name="stat" dev="proc" ino=4026532368 scontext=u:r:untrusted_app:s0:c512,c768 tcontext=u:object_r:proc_stat:s0 tclass=file permissive=0 SEPF_SM-G930V_8.0.0_0016 audit_filtered
03-09 20:33:18.048  1004  1004 E audit   : type=1300 audit(1552185198.037:51161): arch=40000028 syscall=322 per=8 success=no exit=-13 a0=ffffff9c a1=c4be3d27 a2=20000 a3=0 items=0 ppid=1027 pid=7195 auid=4294967295 uid=10574 gid=10574 euid=10574 suid=10574 fsuid=10574 egid=10574 sgid=10574 fsgid=10574 tty=(none) ses=4294967295 comm="Thread-2" exe="/system/bin/app_process32" subj=u:r:untrusted_app:s0:c512,c768 key=(null)
03-09 20:33:18.048  1004  1004 E audit   : type=1327 audit(1552185198.037:51161): proctitle="com.TeamNA.GiftGame"
03-09 20:33:18.161  1004  1004 E audit   : type=1400 audit(1552185198.147:51162): avc:  denied  { read } for  pid=7195 comm="Thread-2" name="stat" dev="proc" ino=4026532368 scontext=u:r:untrusted_app:s0:c512,c768 tcontext=u:object_r:proc_stat:s0 tclass=file permissive=0 SEPF_SM-G930V_8.0.0_0016 audit_filtered
03-09 20:33:18.162  1004  1004 E audit   : type=1300 audit(1552185198.147:51162): arch=40000028 syscall=322 per=8 success=no exit=-13 a0=ffffff9c a1=c4be3d27 a2=20000 a3=0 items=0 ppid=1027 pid=7195 auid=4294967295 uid=10574 gid=10574 euid=10574 suid=10574 fsuid=10574 egid=10574 sgid=10574 fsgid=10574 tty=(none) ses=4294967295 comm="Thread-2" exe="/system/bin/app_process32" subj=u:r:untrusted_app:s0:c512,c768 key=(null)
03-09 20:33:18.162  1004  1004 E audit   : type=1327 audit(1552185198.147:51162): proctitle="com.TeamNA.GiftGame"
03-09 20:33:18.265  1004  1004 E audit   : type=1400 audit(1552185198.257:51163): avc:  denied  { read } for  pid=7195 comm="Thread-2" name="stat" dev="proc" ino=4026532368 scontext=u:r:untrusted_app:s0:c512,c768 tcontext=u:object_r:proc_stat:s0 tclass=file permissive=0 SEPF_SM-G930V_8.0.0_0016 audit_filtered
03-09 20:33:18.265  1004  1004 E audit   : type=1300 audit(1552185198.257:51163): arch=40000028 syscall=322 per=8 success=no exit=-13 a0=ffffff9c a1=c4be3d27 a2=20000 a3=0 items=0 ppid=1027 pid=7195 auid=4294967295 uid=10574 gid=10574 euid=10574 suid=10574 fsuid=10574 egid=10574 sgid=10574 fsgid=10574 tty=(none) ses=4294967295 comm="Thread-2" exe="/system/bin/app_process32" subj=u:r:untrusted_app:s0:c512,c768 key=(null)
03-09 20:33:18.265  1004  1004 E audit   : type=1327 audit(1552185198.257:51163): proctitle="com.TeamNA.GiftGame"
03-09 20:33:18.378  1004  1004 E audit   : type=1400 audit(1552185198.367:51164): avc:  denied  { read } for  pid=7195 comm="Thread-2" name="stat" dev="proc" ino=4026532368 scontext=u:r:untrusted_app:s0:c512,c768 tcontext=u:object_r:proc_stat:s0 tclass=file permissive=0 SEPF_SM-G930V_8.0.0_0016 audit_filtered
03-09 20:33:18.378  1004  1004 E audit   : type=1300 audit(1552185198.367:51164): arch=40000028 syscall=322 per=8 success=no exit=-13 a0=ffffff9c a1=c4be3d27 a2=20000 a3=0 items=0 ppid=1027 pid=7195 auid=4294967295 uid=10574 gid=10574 euid=10574 suid=10574 fsuid=10574 egid=10574 sgid=10574 fsgid=10574 tty=(none) ses=4294967295 comm="Thread-2" exe="/system/bin/app_process32" subj=u:r:untrusted_app:s0:c512,c768 key=(null)
03-09 20:33:18.378  1004  1004 E audit   : type=1327 audit(1552185198.367:51164): proctitle="com.TeamNA.GiftGame"
03-09 20:33:18.480  1004  1004 E audit   : type=1400 audit(1552185198.467:51165): avc:  denied  { read } for  pid=7195 comm="Thread-2" name="stat" dev="proc" ino=4026532368 scontext=u:r:untrusted_app:s0:c512,c768 tcontext=u:object_r:proc_stat:s0 tclass=file permissive=0 SEPF_SM-G930V_8.0.0_0016 audit_filtered
03-09 20:33:18.480  1004  1004 E audit   : type=1300 audit(1552185198.467:51165): arch=40000028 syscall=322 per=8 success=no exit=-13 a0=ffffff9c a1=c4be3d27 a2=20000 a3=0 items=0 ppid=1027 pid=7195 auid=4294967295 uid=10574 gid=10574 euid=10574 suid=10574 fsuid=10574 egid=10574 sgid=10574 fsgid=10574 tty=(none) ses=4294967295 comm="Thread-2" exe="/system/bin/app_process32" subj=u:r:untrusted_app:s0:c512,c768 key=(null)
03-09 20:33:18.480  1004  1004 E audit   : type=1327 audit(1552185198.467:51165): proctitle="com.TeamNA.GiftGame"
03-09 20:33:18.676  7406  7406 D SADVFSHelper: Either heavy-duty effect is Off or Music playback is not active
03-09 20:33:18.713  7195  7288 D UE4     : Used memory: 552460
03-09 20:33:18.803   737  3710 E ANDR-PERF-MPCTL: poll() has timed out for /sys/module/msm_performance/events/cpu_hotplug
03-09 20:33:18.803   737  3710 E ANDR-PERF-MPCTL: Block on poll()
03-09 20:33:18.811  3136  3136 E adbd    : recv: OPEN 00002515 00000000 0010:73 68 65 6C 6C 2C 76 32 2C 72 61 77 3A 70 73 00 
03-09 20:33:18.811  3136  3136 E adbd    : service_to_fd: shell,v2,raw:ps
03-09 20:33:18.826  7429  7429 E propClient: PropClient failed to load
03-09 20:33:18.842  7429  7429 E propClient: PropClient failed to load
03-09 20:33:19.136  1004  1004 E audit   : type=1400 audit(1552185199.127:51171): avc:  denied  { read } for  pid=7195 comm="Thread-2" name="stat" dev="proc" ino=4026532368 scontext=u:r:untrusted_app:s0:c512,c768 tcontext=u:object_r:proc_stat:s0 tclass=file permissive=0 SEPF_SM-G930V_8.0.0_0016 audit_filtered
03-09 20:33:19.137  1004  1004 E audit   : type=1300 audit(1552185199.127:51171): arch=40000028 syscall=322 per=8 success=no exit=-13 a0=ffffff9c a1=c4be3d27 a2=20000 a3=0 items=0 ppid=1027 pid=7195 auid=4294967295 uid=10574 gid=10574 euid=10574 suid=10574 fsuid=10574 egid=10574 sgid=10574 fsgid=10574 tty=(none) ses=4294967295 comm="Thread-2" exe="/system/bin/app_process32" subj=u:r:untrusted_app:s0:c512,c768 key=(null)
03-09 20:33:19.137  1004  1004 E audit   : type=1327 audit(1552185199.127:51171): proctitle="com.TeamNA.GiftGame"
03-09 20:33:19.245  1004  1004 E audit   : type=1400 audit(1552185199.237:51172): avc:  denied  { read } for  pid=7195 comm="Thread-2" name="stat" dev="proc" ino=4026532368 scontext=u:r:untrusted_app:s0:c512,c768 tcontext=u:object_r:proc_stat:s0 tclass=file permissive=0 SEPF_SM-G930V_8.0.0_0016 audit_filtered
03-09 20:33:19.246  1004  1004 E audit   : type=1300 audit(1552185199.237:51172): arch=40000028 syscall=322 per=8 success=no exit=-13 a0=ffffff9c a1=c4be3d27 a2=20000 a3=0 items=0 ppid=1027 pid=7195 auid=4294967295 uid=10574 gid=10574 euid=10574 suid=10574 fsuid=10574 egid=10574 sgid=10574 fsgid=10574 tty=(none) ses=4294967295 comm="Thread-2" exe="/system/bin/app_process32" subj=u:r:untrusted_app:s0:c512,c768 key=(null)
03-09 20:33:19.246  1004  1004 E audit   : type=1327 audit(1552185199.237:51172): proctitle="com.TeamNA.GiftGame"
03-09 20:33:19.347   732   881 I qti_sensors_hal: processReportInd: Accel - X: -0.263 Y: 0.010 Z: 9.705
03-09 20:33:19.360  1004  1004 E audit   : type=1400 audit(1552185199.347:51173): avc:  denied  { read } for  pid=7195 comm="Thread-2" name="stat" dev="proc" ino=4026532368 scontext=u:r:untrusted_app:s0:c512,c768 tcontext=u:object_r:proc_stat:s0 tclass=file permissive=0 SEPF_SM-G930V_8.0.0_0016 audit_filtered
03-09 20:33:19.360  1004  1004 E audit   : type=1300 audit(1552185199.347:51173): arch=40000028 syscall=322 per=8 success=no exit=-13 a0=ffffff9c a1=c4be3d27 a2=20000 a3=0 items=0 ppid=1027 pid=7195 auid=4294967295 uid=10574 gid=10574 euid=10574 suid=10574 fsuid=10574 egid=10574 sgid=10574 fsgid=10574 tty=(none) ses=4294967295 comm="Thread-2" exe="/system/bin/app_process32" subj=u:r:untrusted_app:s0:c512,c768 key=(null)
03-09 20:33:19.360  1004  1004 E audit   : type=1327 audit(1552185199.347:51173): proctitle="com.TeamNA.GiftGame"
03-09 20:33:19.368   732   881 I qti_sensors_hal: processReportInd: Gyro - X: -0.001 Y: 0.001 Z: 0.000 status: 3
03-09 20:33:19.429   732   881 I qti_sensors_hal: processReportInd: Cal Mag Filter, 0, 0, 0.000000, 0.000000, 0.000000, 0.000000, 0.000000, 0.000000, -1.290894, -53.034973, -63.337708
03-09 20:33:19.457  1865  1865 D TelephonyManager: getCellLocation : Caller (PID / UID / TID): 1865 / 1000 / 1865
03-09 20:33:19.462  3108  3336 D NetworkController.MobileSignalController(0/1): onSignalStrengthsChanged signalStrength=SignalStrength: 99 99 -120 -160 -120 -1 -1 26 -89 -10 206 2147483647 0 2147483647 0x4000 P gsm|lte level=4
03-09 20:33:19.464  3108  3336 D NetworkController.MobileSignalController(0/1): getMobileIconGroup(): 13
03-09 20:33:19.464  3108  3336 D NetworkController.MobileSignalController(0/1): updateVZWMobileIconGroup(): 13
03-09 20:33:19.470  3410  3873 D EPDG -- SIM0 [SMARTWIFI]: onSignalStrengthsChanged: Received signal strength change, phone type is: 2
03-09 20:33:19.471  3410  5492 D EPDG -- SIM0 [SMARTWIFI]: lastLteRSRP is -89currentLteRSRP is -89
03-09 20:33:19.471  3410  5492 D EPDG -- SIM0 [SMARTWIFI]: lastLteRSRQ is -9currentLteRSRQ is -10
03-09 20:33:19.471  3410  5492 D EPDG -- SIM0 [SMARTWIFI]: lastCdmaDb is -16currentCdmaDb is -16
03-09 20:33:19.471  3410  5492 V EPDG -- SIM0 [SMARTWIFI]: Radio oldest entry removed
03-09 20:33:19.471  3410  5492 V EPDG -- SIM0 [SMARTWIFI]: New entry : (SignalStrength: 99 99 -120 -160 -120 -1 -1 26 -89 -10 206 2147483647 0 2147483647 0x4000 P gsm|lte : 0 )
03-09 20:33:19.471  3410  5492 V EPDG -- SIM0 [SMARTWIFI]: Radio entry added
03-09 20:33:19.475  1004  1004 E audit   : type=1400 audit(1552185199.467:51174): avc:  denied  { read } for  pid=7195 comm="Thread-2" name="stat" dev="proc" ino=4026532368 scontext=u:r:untrusted_app:s0:c512,c768 tcontext=u:object_r:proc_stat:s0 tclass=file permissive=0 SEPF_SM-G930V_8.0.0_0016 audit_filtered
03-09 20:33:19.475  1004  1004 E audit   : type=1300 audit(1552185199.467:51174): arch=40000028 syscall=322 per=8 success=no exit=-13 a0=ffffff9c a1=c4be3d27 a2=20000 a3=0 items=0 ppid=1027 pid=7195 auid=4294967295 uid=10574 gid=10574 euid=10574 suid=10574 fsuid=10574 egid=10574 sgid=10574 fsgid=10574 tty=(none) ses=4294967295 comm="Thread-2" exe="/system/bin/app_process32" subj=u:r:untrusted_app:s0:c512,c768 key=(null)
03-09 20:33:19.475  1004  1004 E audit   : type=1327 audit(1552185199.467:51174): proctitle="com.TeamNA.GiftGame"
03-09 20:33:19.480  3108  3336 D NetworkController.MobileSignalController(0/1): callState:0, callStateByPhone:false voLTECall:false voiceNetTpe:13 dataNetType:13, ine911:false, emergencyCallbackMode:false
03-09 20:33:19.580  1004  1004 E audit   : type=1400 audit(1552185199.567:51175): avc:  denied  { read } for  pid=7195 comm="Thread-2" name="stat" dev="proc" ino=4026532368 scontext=u:r:untrusted_app:s0:c512,c768 tcontext=u:object_r:proc_stat:s0 tclass=file permissive=0 SEPF_SM-G930V_8.0.0_0016 audit_filtered
03-09 20:33:19.580  1004  1004 E audit   : type=1300 audit(1552185199.567:51175): arch=40000028 syscall=322 per=8 success=no exit=-13 a0=ffffff9c a1=c4be3d27 a2=20000 a3=0 items=0 ppid=1027 pid=7195 auid=4294967295 uid=10574 gid=10574 euid=10574 suid=10574 fsuid=10574 egid=10574 sgid=10574 fsgid=10574 tty=(none) ses=4294967295 comm="Thread-2" exe="/system/bin/app_process32" subj=u:r:untrusted_app:s0:c512,c768 key=(null)
03-09 20:33:19.580  1004  1004 E audit   : type=1327 audit(1552185199.567:51175): proctitle="com.TeamNA.GiftGame"
03-09 20:33:19.607  1865  2468 D SamsungAlarmManager: Expired : 8
03-09 20:33:19.608  1865  2468 I SamsungAlarmManager: setLocked to kernel - T:3 / 20190309T203400, SetElapsed=1245941990, nowELAPSED=1245901597
03-09 20:33:19.609  1865  2468 V SamsungAlarmManager: Sending to uid : 10068 action=null alarm=Alarm{bf64c69 type 3 when 1245901597 com.asurion.android.verizon.vms}
03-09 20:33:19.637  1865  3458 D SamsungAlarmManager: setExact Intent (T:3/F:5/AC:false) 20190309T203324 - CU:10068/CP:4132
03-09 20:33:19.637  1865  3458 I SamsungAlarmManager: setLocked to kernel - T:3 / 20190309T203324, SetElapsed=1245906623, nowELAPSED=1245901627
03-09 20:33:19.677  7406  7406 D SADVFSHelper: Either heavy-duty effect is Off or Music playback is not active
03-09 20:33:20.130  3136  3136 E adbd    : recv: OPEN 00002519 00000000 0010:73 68 65 6C 6C 2C 76 32 2C 72 61 77 3A 70 73 00 
03-09 20:33:20.130  3136  3136 E adbd    : service_to_fd: shell,v2,raw:ps
03-09 20:33:20.139  7435  7435 E propClient: PropClient failed to load
03-09 20:33:20.151  7435  7435 E propClient: PropClient failed to load
03-09 20:33:20.241  1004  1004 E audit   : type=1400 audit(1552185200.227:51181): avc:  denied  { read } for  pid=7195 comm="Thread-2" name="stat" dev="proc" ino=4026532368 scontext=u:r:untrusted_app:s0:c512,c768 tcontext=u:object_r:proc_stat:s0 tclass=file permissive=0 SEPF_SM-G930V_8.0.0_0016 audit_filtered
03-09 20:33:20.241  1004  1004 E audit   : type=1300 audit(1552185200.227:51181): arch=40000028 syscall=322 per=8 success=no exit=-13 a0=ffffff9c a1=c4be3d27 a2=20000 a3=0 items=0 ppid=1027 pid=7195 auid=4294967295 uid=10574 gid=10574 euid=10574 suid=10574 fsuid=10574 egid=10574 sgid=10574 fsgid=10574 tty=(none) ses=4294967295 comm="Thread-2" exe="/system/bin/app_process32" subj=u:r:untrusted_app:s0:c512,c768 key=(null)
03-09 20:33:20.241  1004  1004 E audit   : type=1327 audit(1552185200.227:51181): proctitle="com.TeamNA.GiftGame"
03-09 20:33:20.347  1004  1004 E audit   : type=1400 audit(1552185200.337:51182): avc:  denied  { read } for  pid=7195 comm="Thread-2" name="stat" dev="proc" ino=4026532368 scontext=u:r:untrusted_app:s0:c512,c768 tcontext=u:object_r:proc_stat:s0 tclass=file permissive=0 SEPF_SM-G930V_8.0.0_0016 audit_filtered
03-09 20:33:20.347  1004  1004 E audit   : type=1300 audit(1552185200.337:51182): arch=40000028 syscall=322 per=8 success=no exit=-13 a0=ffffff9c a1=c4be3d27 a2=20000 a3=0 items=0 ppid=1027 pid=7195 auid=4294967295 uid=10574 gid=10574 euid=10574 suid=10574 fsuid=10574 egid=10574 sgid=10574 fsgid=10574 tty=(none) ses=4294967295 comm="Thread-2" exe="/system/bin/app_process32" subj=u:r:untrusted_app:s0:c512,c768 key=(null)
03-09 20:33:20.348  1004  1004 E audit   : type=1327 audit(1552185200.337:51182): proctitle="com.TeamNA.GiftGame"
03-09 20:33:20.448  1004  1004 E audit   : type=1400 audit(1552185200.437:51183): avc:  denied  { read } for  pid=7195 comm="Thread-2" name="stat" dev="proc" ino=4026532368 scontext=u:r:untrusted_app:s0:c512,c768 tcontext=u:object_r:proc_stat:s0 tclass=file permissive=0 SEPF_SM-G930V_8.0.0_0016 audit_filtered
03-09 20:33:20.449  1004  1004 E audit   : type=1300 audit(1552185200.437:51183): arch=40000028 syscall=322 per=8 success=no exit=-13 a0=ffffff9c a1=c4be3d27 a2=20000 a3=0 items=0 ppid=1027 pid=7195 auid=4294967295 uid=10574 gid=10574 euid=10574 suid=10574 fsuid=10574 egid=10574 sgid=10574 fsgid=10574 tty=(none) ses=4294967295 comm="Thread-2" exe="/system/bin/app_process32" subj=u:r:untrusted_app:s0:c512,c768 key=(null)
03-09 20:33:20.449  1004  1004 E audit   : type=1327 audit(1552185200.437:51183): proctitle="com.TeamNA.GiftGame"
03-09 20:33:20.550  1004  1004 E audit   : type=1400 audit(1552185200.537:51184): avc:  denied  { read } for  pid=7195 comm="Thread-2" name="stat" dev="proc" ino=4026532368 scontext=u:r:untrusted_app:s0:c512,c768 tcontext=u:object_r:proc_stat:s0 tclass=file permissive=0 SEPF_SM-G930V_8.0.0_0016 audit_filtered
03-09 20:33:20.550  1004  1004 E audit   : type=1300 audit(1552185200.537:51184): arch=40000028 syscall=322 per=8 success=no exit=-13 a0=ffffff9c a1=c4be3d27 a2=20000 a3=0 items=0 ppid=1027 pid=7195 auid=4294967295 uid=10574 gid=10574 euid=10574 suid=10574 fsuid=10574 egid=10574 sgid=10574 fsgid=10574 tty=(none) ses=4294967295 comm="Thread-2" exe="/system/bin/app_process32" subj=u:r:untrusted_app:s0:c512,c768 key=(null)
03-09 20:33:20.550  1004  1004 E audit   : type=1327 audit(1552185200.537:51184): proctitle="com.TeamNA.GiftGame"
03-09 20:33:20.665  1004  1004 E audit   : type=1400 audit(1552185200.657:51185): avc:  denied  { read } for  pid=7195 comm="Thread-2" name="stat" dev="proc" ino=4026532368 scontext=u:r:untrusted_app:s0:c512,c768 tcontext=u:object_r:proc_stat:s0 tclass=file permissive=0 SEPF_SM-G930V_8.0.0_0016 audit_filtered
03-09 20:33:20.665  1004  1004 E audit   : type=1300 audit(1552185200.657:51185): arch=40000028 syscall=322 per=8 success=no exit=-13 a0=ffffff9c a1=c4be3d27 a2=20000 a3=0 items=0 ppid=1027 pid=7195 auid=4294967295 uid=10574 gid=10574 euid=10574 suid=10574 fsuid=10574 egid=10574 sgid=10574 fsgid=10574 tty=(none) ses=4294967295 comm="Thread-2" exe="/system/bin/app_process32" subj=u:r:untrusted_app:s0:c512,c768 key=(null)
03-09 20:33:20.665  1004  1004 E audit   : type=1327 audit(1552185200.657:51185): proctitle="com.TeamNA.GiftGame"
03-09 20:33:20.986  3522  3522 D io_stats: !@   8,0 r 6886889 253707532 w 2970881 60705700 d 238212 28254084 f 1161424 1163389 iot 5544480 3331672 th 51200 0 0 pt 0 inp 0 0 300012.824
03-09 20:33:21.321  1004  1004 E audit   : type=1400 audit(1552185201.307:51191): avc:  denied  { read } for  pid=7195 comm="Thread-2" name="stat" dev="proc" ino=4026532368 scontext=u:r:untrusted_app:s0:c512,c768 tcontext=u:object_r:proc_stat:s0 tclass=file permissive=0 SEPF_SM-G930V_8.0.0_0016 audit_filtered
03-09 20:33:21.321  1004  1004 E audit   : type=1300 audit(1552185201.307:51191): arch=40000028 syscall=322 per=8 success=no exit=-13 a0=ffffff9c a1=c4be3d27 a2=20000 a3=0 items=0 ppid=1027 pid=7195 auid=4294967295 uid=10574 gid=10574 euid=10574 suid=10574 fsuid=10574 egid=10574 sgid=10574 fsgid=10574 tty=(none) ses=4294967295 comm="Thread-2" exe="/system/bin/app_process32" subj=u:r:untrusted_app:s0:c512,c768 key=(null)
03-09 20:33:21.321  1004  1004 E audit   : type=1327 audit(1552185201.307:51191): proctitle="com.TeamNA.GiftGame"
03-09 20:33:21.418 14061 14125 I ReschedulableTimer: [#CMH#] ReschedulableTimer started 
03-09 20:33:21.434  1004  1004 E audit   : type=1400 audit(1552185201.427:51192): avc:  denied  { read } for  pid=7195 comm="Thread-2" name="stat" dev="proc" ino=4026532368 scontext=u:r:untrusted_app:s0:c512,c768 tcontext=u:object_r:proc_stat:s0 tclass=file permissive=0 SEPF_SM-G930V_8.0.0_0016 audit_filtered
03-09 20:33:21.434  1004  1004 E audit   : type=1300 audit(1552185201.427:51192): arch=40000028 syscall=322 per=8 success=no exit=-13 a0=ffffff9c a1=c4be3d27 a2=20000 a3=0 items=0 ppid=1027 pid=7195 auid=4294967295 uid=10574 gid=10574 euid=10574 suid=10574 fsuid=10574 egid=10574 sgid=10574 fsgid=10574 tty=(none) ses=4294967295 comm="Thread-2" exe="/system/bin/app_process32" subj=u:r:untrusted_app:s0:c512,c768 key=(null)
03-09 20:33:21.434  1004  1004 E audit   : type=1327 audit(1552185201.427:51192): proctitle="com.TeamNA.GiftGame"
03-09 20:33:21.440  3136  3136 E adbd    : recv: OPEN 0000251d 00000000 0010:73 68 65 6C 6C 2C 76 32 2C 72 61 77 3A 70 73 00 
03-09 20:33:21.440  3136  3136 E adbd    : service_to_fd: shell,v2,raw:ps
03-09 20:33:21.457  7437  7437 E propClient: PropClient failed to load
03-09 20:33:21.475  7437  7437 E propClient: PropClient failed to load
03-09 20:33:21.539  1004  1004 E audit   : type=1400 audit(1552185201.527:51193): avc:  denied  { read } for  pid=7195 comm="Thread-2" name="stat" dev="proc" ino=4026532368 scontext=u:r:untrusted_app:s0:c512,c768 tcontext=u:object_r:proc_stat:s0 tclass=file permissive=0 SEPF_SM-G930V_8.0.0_0016 audit_filtered
03-09 20:33:21.539  1004  1004 E audit   : type=1300 audit(1552185201.527:51193): arch=40000028 syscall=322 per=8 success=no exit=-13 a0=ffffff9c a1=c4be3d27 a2=20000 a3=0 items=0 ppid=1027 pid=7195 auid=4294967295 uid=10574 gid=10574 euid=10574 suid=10574 fsuid=10574 egid=10574 sgid=10574 fsgid=10574 tty=(none) ses=4294967295 comm="Thread-2" exe="/system/bin/app_process32" subj=u:r:untrusted_app:s0:c512,c768 key=(null)
03-09 20:33:21.540  1004  1004 E audit   : type=1327 audit(1552185201.527:51193): proctitle="com.TeamNA.GiftGame"
03-09 20:33:21.648  1004  1004 E audit   : type=1400 audit(1552185201.637:51194): avc:  denied  { read } for  pid=7195 comm="Thread-2" name="stat" dev="proc" ino=4026532368 scontext=u:r:untrusted_app:s0:c512,c768 tcontext=u:object_r:proc_stat:s0 tclass=file permissive=0 SEPF_SM-G930V_8.0.0_0016 audit_filtered
03-09 20:33:21.648  1004  1004 E audit   : type=1300 audit(1552185201.637:51194): arch=40000028 syscall=322 per=8 success=no exit=-13 a0=ffffff9c a1=c4be3d27 a2=20000 a3=0 items=0 ppid=1027 pid=7195 auid=4294967295 uid=10574 gid=10574 euid=10574 suid=10574 fsuid=10574 egid=10574 sgid=10574 fsgid=10574 tty=(none) ses=4294967295 comm="Thread-2" exe="/system/bin/app_process32" subj=u:r:untrusted_app:s0:c512,c768 key=(null)
03-09 20:33:21.648  1004  1004 E audit   : type=1327 audit(1552185201.637:51194): proctitle="com.TeamNA.GiftGame"
03-09 20:33:21.750  1004  1004 E audit   : type=1400 audit(1552185201.737:51195): avc:  denied  { read } for  pid=7195 comm="Thread-2" name="stat" dev="proc" ino=4026532368 scontext=u:r:untrusted_app:s0:c512,c768 tcontext=u:object_r:proc_stat:s0 tclass=file permissive=0 SEPF_SM-G930V_8.0.0_0016 audit_filtered
03-09 20:33:21.750  1004  1004 E audit   : type=1300 audit(1552185201.737:51195): arch=40000028 syscall=322 per=8 success=no exit=-13 a0=ffffff9c a1=c4be3d27 a2=20000 a3=0 items=0 ppid=1027 pid=7195 auid=4294967295 uid=10574 gid=10574 euid=10574 suid=10574 fsuid=10574 egid=10574 sgid=10574 fsgid=10574 tty=(none) ses=4294967295 comm="Thread-2" exe="/system/bin/app_process32" subj=u:r:untrusted_app:s0:c512,c768 key=(null)
03-09 20:33:21.750  1004  1004 E audit   : type=1327 audit(1552185201.737:51195): proctitle="com.TeamNA.GiftGame"
03-09 20:33:21.804   737  3710 E ANDR-PERF-MPCTL: poll() has timed out for /sys/module/msm_performance/events/cpu_hotplug
03-09 20:33:21.804   737  3710 E ANDR-PERF-MPCTL: Block on poll()
03-09 20:33:22.239  1865  3210 D BatteryService: !@BatteryListener : batteryPropertiesChanged!
03-09 20:33:22.242  1865  3210 D BatteryService: level:89, scale:100, status:2, health:2, present:true, voltage: 4182, temperature: 277, technology: Li-ion, AC powered:false, USB powered:true, POGO powered:false, Wireless powered:false, icon:17303851, invalid charger:0, maxChargingCurrent:0, maxChargingVoltage:0, chargeCounter:0
03-09 20:33:22.242  1865  3210 D BatteryService: online:6, current avg:151, charge type:1, power sharing:false, high voltage charger:false, capacity:280000, batterySWSelfDischarging:false, misc_event:0, current_event:0, current_now:-201
03-09 20:33:22.242  1865  1865 D BatteryService: Sending ACTION_BATTERY_CHANGED.
03-09 20:33:22.247  1865  1865 I MotionRecognitionService: Plugged
03-09 20:33:22.247  1865  1865 D MotionRecognitionService:   mCableConnection= 1
03-09 20:33:22.247  1865  1865 D MotionRecognitionService: setPowerConnected : mGripEnabled = false
03-09 20:33:22.248  1865  1865 D SamsungPhoneWindowManager: ACTION_BATTERY_CHANGED - Level :: 89, battStatus :: 2
03-09 20:33:22.250  1865  2109 D UsbDeviceManager: handleMessage -> MSG_UPDATE_CHARGING_STATE = 1
03-09 20:33:22.254  3108  3108 D KeyguardUpdateMonitor: received broadcast android.intent.action.BATTERY_CHANGED
03-09 20:33:22.260  3108  3108 D BatteryController: onReceive-ACTION_BATTERY_CHANGED : mLevel=89, mBatteryStatus=2
03-09 20:33:22.269  3108  3108 D PowerUI : priorPlugType = 2 mPlugType =  2
03-09 20:33:22.269  3404  3404 D PhoneApp: PhoneAppBroadcastReceiver onReceive android.intent.action.BATTERY_CHANGED
03-09 20:33:22.269  3404  3404 D TelephonyExtensionManager: lowBatterySound - isLowBatterySoundScheduled: false
03-09 20:33:22.269  3404  3404 D TelephonyExtensionManager: lowBatterySound - isPlayNow: false
03-09 20:33:22.269  3108  3108 D PowerUI.Notification: showChargingNotice oldChargingType : 1 currentChargingType : 1 oldChargingTime : 1198000 mChargingTime : 1187000
03-09 20:33:22.270  3410  3873 D EPDG -- SIM0 [EpdgSubScription]: android.intent.action.BATTERY_CHANGED intent received.
03-09 20:33:22.270  3108  3108 D PowerUI.Notification: showChargingNotification()
03-09 20:33:22.271  3404  3404 D TelephonyExtensionManager: isSpeakerON - false
03-09 20:33:22.280  3108  3108 D Notification: allPendingIntents
03-09 20:33:22.280  3404  3404 D TelephonyExtensionManager: lowBatterySound - batteryStatus: 2
03-09 20:33:22.280  3404  3404 D TelephonyExtensionManager: lowBatterySound - batteryLevel: 89
03-09 20:33:22.280  3404  3404 D TelephonyExtensionManager: lowBatterySound - cancel
03-09 20:33:22.281  1865  3458 D SamsungAlarmManager: Cancel Alarm calling from uid:1001 pid :3404 / op:PendingIntent{24a978f: PendingIntentRecord{c866027 com.android.phone broadcastIntent}}
03-09 20:33:22.282  3404  3404 D TelephonyExtension: Not stopping low battery tone
03-09 20:33:22.283  1865  5655 D ApplicationPolicy: isStatusBarNotificationAllowedAsUser: packageName = com.android.systemui,userId = -1
03-09 20:33:22.283  1865  5655 D API test: getContainerInfo: value is 
03-09 20:33:22.283  1865  5655 D ApplicationPolicy: isStatusBarNotificationAllowedAsUser: packageName = com.android.systemui,userId = 0
03-09 20:33:22.283  1865  5655 D API test: getContainerInfo: value is 
03-09 20:33:22.286  1865  1865 D AudioService: getStreamVolume 5 index 0
03-09 20:33:22.290  1865  5655 D Notification: allPendingIntents
03-09 20:33:22.291  1865  5655 D Notification: allPendingIntents
03-09 20:33:22.317  3108  3108 D KeyguardServiceBoxContainer: updateCMAS() hasCmasNotification = false, mHasCMAS = false
03-09 20:33:22.400  1004  1004 E audit   : type=1400 audit(1552185202.387:51201): avc:  denied  { read } for  pid=7195 comm="Thread-2" name="stat" dev="proc" ino=4026532368 scontext=u:r:untrusted_app:s0:c512,c768 tcontext=u:object_r:proc_stat:s0 tclass=file permissive=0 SEPF_SM-G930V_8.0.0_0016 audit_filtered
03-09 20:33:22.400  1004  1004 E audit   : type=1300 audit(1552185202.387:51201): arch=40000028 syscall=322 per=8 success=no exit=-13 a0=ffffff9c a1=c4be3d27 a2=20000 a3=0 items=0 ppid=1027 pid=7195 auid=4294967295 uid=10574 gid=10574 euid=10574 suid=10574 fsuid=10574 egid=10574 sgid=10574 fsgid=10574 tty=(none) ses=4294967295 comm="Thread-2" exe="/system/bin/app_process32" subj=u:r:untrusted_app:s0:c512,c768 key=(null)
03-09 20:33:22.400  1004  1004 E audit   : type=1327 audit(1552185202.387:51201): proctitle="com.TeamNA.GiftGame"
03-09 20:33:22.501  1004  1004 E audit   : type=1400 audit(1552185202.487:51202): avc:  denied  { read } for  pid=7195 comm="Thread-2" name="stat" dev="proc" ino=4026532368 scontext=u:r:untrusted_app:s0:c512,c768 tcontext=u:object_r:proc_stat:s0 tclass=file permissive=0 SEPF_SM-G930V_8.0.0_0016 audit_filtered
03-09 20:33:22.501  1004  1004 E audit   : type=1300 audit(1552185202.487:51202): arch=40000028 syscall=322 per=8 success=no exit=-13 a0=ffffff9c a1=c4be3d27 a2=20000 a3=0 items=0 ppid=1027 pid=7195 auid=4294967295 uid=10574 gid=10574 euid=10574 suid=10574 fsuid=10574 egid=10574 sgid=10574 fsgid=10574 tty=(none) ses=4294967295 comm="Thread-2" exe="/system/bin/app_process32" subj=u:r:untrusted_app:s0:c512,c768 key=(null)
03-09 20:33:22.501  1004  1004 E audit   : type=1327 audit(1552185202.487:51202): proctitle="com.TeamNA.GiftGame"
03-09 20:33:22.619  1004  1004 E audit   : type=1400 audit(1552185202.607:51203): avc:  denied  { read } for  pid=7195 comm="Thread-2" name="stat" dev="proc" ino=4026532368 scontext=u:r:untrusted_app:s0:c512,c768 tcontext=u:object_r:proc_stat:s0 tclass=file permissive=0 SEPF_SM-G930V_8.0.0_0016 audit_filtered
03-09 20:33:22.619  1004  1004 E audit   : type=1300 audit(1552185202.607:51203): arch=40000028 syscall=322 per=8 success=no exit=-13 a0=ffffff9c a1=c4be3d27 a2=20000 a3=0 items=0 ppid=1027 pid=7195 auid=4294967295 uid=10574 gid=10574 euid=10574 suid=10574 fsuid=10574 egid=10574 sgid=10574 fsgid=10574 tty=(none) ses=4294967295 comm="Thread-2" exe="/system/bin/app_process32" subj=u:r:untrusted_app:s0:c512,c768 key=(null)
03-09 20:33:22.619  1004  1004 E audit   : type=1327 audit(1552185202.607:51203): proctitle="com.TeamNA.GiftGame"
03-09 20:33:22.733  1004  1004 E audit   : type=1400 audit(1552185202.727:51204): avc:  denied  { read } for  pid=7195 comm="Thread-2" name="stat" dev="proc" ino=4026532368 scontext=u:r:untrusted_app:s0:c512,c768 tcontext=u:object_r:proc_stat:s0 tclass=file permissive=0 SEPF_SM-G930V_8.0.0_0016 audit_filtered
03-09 20:33:22.733  1004  1004 E audit   : type=1300 audit(1552185202.727:51204): arch=40000028 syscall=322 per=8 success=no exit=-13 a0=ffffff9c a1=c4be3d27 a2=20000 a3=0 items=0 ppid=1027 pid=7195 auid=4294967295 uid=10574 gid=10574 euid=10574 suid=10574 fsuid=10574 egid=10574 sgid=10574 fsgid=10574 tty=(none) ses=4294967295 comm="Thread-2" exe="/system/bin/app_process32" subj=u:r:untrusted_app:s0:c512,c768 key=(null)
03-09 20:33:22.733  1004  1004 E audit   : type=1327 audit(1552185202.727:51204): proctitle="com.TeamNA.GiftGame"
03-09 20:33:22.761  3136  3136 E adbd    : recv: OPEN 00002521 00000000 0010:73 68 65 6C 6C 2C 76 32 2C 72 61 77 3A 70 73 00 
03-09 20:33:22.761  3136  3136 E adbd    : service_to_fd: shell,v2,raw:ps
03-09 20:33:22.843  1004  1004 E audit   : type=1400 audit(1552185202.827:51205): avc:  denied  { read } for  pid=7195 comm="Thread-2" name="stat" dev="proc" ino=4026532368 scontext=u:r:untrusted_app:s0:c512,c768 tcontext=u:object_r:proc_stat:s0 tclass=file permissive=0 SEPF_SM-G930V_8.0.0_0016 audit_filtered
03-09 20:33:22.844  1004  1004 E audit   : type=1300 audit(1552185202.827:51205): arch=40000028 syscall=322 per=8 success=no exit=-13 a0=ffffff9c a1=c4be3d27 a2=20000 a3=0 items=0 ppid=1027 pid=7195 auid=4294967295 uid=10574 gid=10574 euid=10574 suid=10574 fsuid=10574 egid=10574 sgid=10574 fsgid=10574 tty=(none) ses=4294967295 comm="Thread-2" exe="/system/bin/app_process32" subj=u:r:untrusted_app:s0:c512,c768 key=(null)
03-09 20:33:22.844  1004  1004 E audit   : type=1327 audit(1552185202.827:51205): proctitle="com.TeamNA.GiftGame"
03-09 20:33:22.863  7440  7440 E propClient: PropClient failed to load
03-09 20:33:22.877  7440  7440 E propClient: PropClient failed to load
03-09 20:33:23.487  1004  1004 E audit   : type=1400 audit(1552185203.477:51211): avc:  denied  { read } for  pid=7195 comm="Thread-2" name="stat" dev="proc" ino=4026532368 scontext=u:r:untrusted_app:s0:c512,c768 tcontext=u:object_r:proc_stat:s0 tclass=file permissive=0 SEPF_SM-G930V_8.0.0_0016 audit_filtered
03-09 20:33:23.488  1004  1004 E audit   : type=1300 audit(1552185203.477:51211): arch=40000028 syscall=322 per=8 success=no exit=-13 a0=ffffff9c a1=c4be3d27 a2=20000 a3=0 items=0 ppid=1027 pid=7195 auid=4294967295 uid=10574 gid=10574 euid=10574 suid=10574 fsuid=10574 egid=10574 sgid=10574 fsgid=10574 tty=(none) ses=4294967295 comm="Thread-2" exe="/system/bin/app_process32" subj=u:r:untrusted_app:s0:c512,c768 key=(null)
03-09 20:33:23.489  1004  1004 E audit   : type=1327 audit(1552185203.477:51211): proctitle="com.TeamNA.GiftGame"
03-09 20:33:23.601  1004  1004 E audit   : type=1400 audit(1552185203.587:51212): avc:  denied  { read } for  pid=7195 comm="Thread-2" name="stat" dev="proc" ino=4026532368 scontext=u:r:untrusted_app:s0:c512,c768 tcontext=u:object_r:proc_stat:s0 tclass=file permissive=0 SEPF_SM-G930V_8.0.0_0016 audit_filtered
03-09 20:33:23.601  1004  1004 E audit   : type=1300 audit(1552185203.587:51212): arch=40000028 syscall=322 per=8 success=no exit=-13 a0=ffffff9c a1=c4be3d27 a2=20000 a3=0 items=0 ppid=1027 pid=7195 auid=4294967295 uid=10574 gid=10574 euid=10574 suid=10574 fsuid=10574 egid=10574 sgid=10574 fsgid=10574 tty=(none) ses=4294967295 comm="Thread-2" exe="/system/bin/app_process32" subj=u:r:untrusted_app:s0:c512,c768 key=(null)
03-09 20:33:23.601  1004  1004 E audit   : type=1327 audit(1552185203.587:51212): proctitle="com.TeamNA.GiftGame"
03-09 20:33:23.701  1004  1004 E audit   : type=1400 audit(1552185203.687:51213): avc:  denied  { read } for  pid=7195 comm="Thread-2" name="stat" dev="proc" ino=4026532368 scontext=u:r:untrusted_app:s0:c512,c768 tcontext=u:object_r:proc_stat:s0 tclass=file permissive=0 SEPF_SM-G930V_8.0.0_0016 audit_filtered
03-09 20:33:23.701  1004  1004 E audit   : type=1300 audit(1552185203.687:51213): arch=40000028 syscall=322 per=8 success=no exit=-13 a0=ffffff9c a1=c4be3d27 a2=20000 a3=0 items=0 ppid=1027 pid=7195 auid=4294967295 uid=10574 gid=10574 euid=10574 suid=10574 fsuid=10574 egid=10574 sgid=10574 fsgid=10574 tty=(none) ses=4294967295 comm="Thread-2" exe="/system/bin/app_process32" subj=u:r:untrusted_app:s0:c512,c768 key=(null)
03-09 20:33:23.701  1004  1004 E audit   : type=1327 audit(1552185203.687:51213): proctitle="com.TeamNA.GiftGame"
03-09 20:33:23.821  1004  1004 E audit   : type=1400 audit(1552185203.807:51214): avc:  denied  { read } for  pid=7195 comm="Thread-2" name="stat" dev="proc" ino=4026532368 scontext=u:r:untrusted_app:s0:c512,c768 tcontext=u:object_r:proc_stat:s0 tclass=file permissive=0 SEPF_SM-G930V_8.0.0_0016 audit_filtered
03-09 20:33:23.821  1004  1004 E audit   : type=1300 audit(1552185203.807:51214): arch=40000028 syscall=322 per=8 success=no exit=-13 a0=ffffff9c a1=c4be3d27 a2=20000 a3=0 items=0 ppid=1027 pid=7195 auid=4294967295 uid=10574 gid=10574 euid=10574 suid=10574 fsuid=10574 egid=10574 sgid=10574 fsgid=10574 tty=(none) ses=4294967295 comm="Thread-2" exe="/system/bin/app_process32" subj=u:r:untrusted_app:s0:c512,c768 key=(null)
03-09 20:33:23.821  1004  1004 E audit   : type=1327 audit(1552185203.807:51214): proctitle="com.TeamNA.GiftGame"
03-09 20:33:23.940  1004  1004 E audit   : type=1400 audit(1552185203.927:51215): avc:  denied  { read } for  pid=7195 comm="Thread-2" name="stat" dev="proc" ino=4026532368 scontext=u:r:untrusted_app:s0:c512,c768 tcontext=u:object_r:proc_stat:s0 tclass=file permissive=0 SEPF_SM-G930V_8.0.0_0016 audit_filtered
03-09 20:33:23.940  1004  1004 E audit   : type=1300 audit(1552185203.927:51215): arch=40000028 syscall=322 per=8 success=no exit=-13 a0=ffffff9c a1=c4be3d27 a2=20000 a3=0 items=0 ppid=1027 pid=7195 auid=4294967295 uid=10574 gid=10574 euid=10574 suid=10574 fsuid=10574 egid=10574 sgid=10574 fsgid=10574 tty=(none) ses=4294967295 comm="Thread-2" exe="/system/bin/app_process32" subj=u:r:untrusted_app:s0:c512,c768 key=(null)
03-09 20:33:23.940  1004  1004 E audit   : type=1327 audit(1552185203.927:51215): proctitle="com.TeamNA.GiftGame"
03-09 20:33:24.587  1004  1004 E audit   : type=1400 audit(1552185204.577:51221): avc:  denied  { read } for  pid=7195 comm="Thread-2" name="stat" dev="proc" ino=4026532368 scontext=u:r:untrusted_app:s0:c512,c768 tcontext=u:object_r:proc_stat:s0 tclass=file permissive=0 SEPF_SM-G930V_8.0.0_0016 audit_filtered
03-09 20:33:24.588  1004  1004 E audit   : type=1300 audit(1552185204.577:51221): arch=40000028 syscall=322 per=8 success=no exit=-13 a0=ffffff9c a1=c4be3d27 a2=20000 a3=0 items=0 ppid=1027 pid=7195 auid=4294967295 uid=10574 gid=10574 euid=10574 suid=10574 fsuid=10574 egid=10574 sgid=10574 fsgid=10574 tty=(none) ses=4294967295 comm="Thread-2" exe="/system/bin/app_process32" subj=u:r:untrusted_app:s0:c512,c768 key=(null)
03-09 20:33:24.588  1004  1004 E audit   : type=1327 audit(1552185204.577:51221): proctitle="com.TeamNA.GiftGame"
03-09 20:33:24.633  1865  2468 D SamsungAlarmManager: Expired : 8
03-09 20:33:24.634  1865  2468 I SamsungAlarmManager: setLocked to kernel - T:3 / 20190309T203400, SetElapsed=1245941990, nowELAPSED=1245906623
03-09 20:33:24.634  1865  2468 V SamsungAlarmManager: Sending to uid : 10068 action=null alarm=Alarm{b8a4a1c type 3 when 1245906623 com.asurion.android.verizon.vms}
03-09 20:33:24.637  1865  2468 I ActivityManager: KPU : put [com.samsung.aasaservice] : 3846 K
03-09 20:33:24.637  1865  2468 I ActivityManager: Killing 6738:com.samsung.aasaservice/1000 (adj 906): DHA:empty #25
03-09 20:33:24.638  1865  2468 I ActivityManager: KPU : put [com.android.defcontainer] : 4111 K
03-09 20:33:24.639  1865  2468 I ActivityManager: Killing 6694:com.android.defcontainer/u0a9 (adj 906): DHA:empty #25
03-09 20:33:24.699  3378  3403 D ForegroundUtils: could not check pending caller
03-09 20:33:24.702  1004  1004 E audit   : type=1400 audit(1552185204.687:51222): avc:  denied  { read } for  pid=7195 comm="Thread-2" name="stat" dev="proc" ino=4026532368 scontext=u:r:untrusted_app:s0:c512,c768 tcontext=u:object_r:proc_stat:s0 tclass=file permissive=0 SEPF_SM-G930V_8.0.0_0016 audit_filtered
03-09 20:33:24.702  1004  1004 E audit   : type=1300 audit(1552185204.687:51222): arch=40000028 syscall=322 per=8 success=no exit=-13 a0=ffffff9c a1=c4be3d27 a2=20000 a3=0 items=0 ppid=1027 pid=7195 auid=4294967295 uid=10574 gid=10574 euid=10574 suid=10574 fsuid=10574 egid=10574 sgid=10574 fsgid=10574 tty=(none) ses=4294967295 comm="Thread-2" exe="/system/bin/app_process32" subj=u:r:untrusted_app:s0:c512,c768 key=(null)
03-09 20:33:24.702  1004  1004 E audit   : type=1327 audit(1552185204.687:51222): proctitle="com.TeamNA.GiftGame"
03-09 20:33:24.713  3378  3403 D ForegroundUtils: could not check pending caller
03-09 20:33:24.725  1865  3154 D SamsungAlarmManager: setExact Intent (T:3/F:5/AC:false) 20190309T203329 - CU:10068/CP:4132
03-09 20:33:24.726  1865  3154 I SamsungAlarmManager: setLocked to kernel - T:3 / 20190309T203329, SetElapsed=1245911685, nowELAPSED=1245906715
03-09 20:33:24.805   737  3710 E ANDR-PERF-MPCTL: poll() has timed out for /sys/module/msm_performance/events/cpu_hotplug
03-09 20:33:24.805   737  3710 E ANDR-PERF-MPCTL: Block on poll()
03-09 20:33:24.812  1004  1004 E audit   : type=1400 audit(1552185204.797:51223): avc:  denied  { read } for  pid=7195 comm="Thread-2" name="stat" dev="proc" ino=4026532368 scontext=u:r:untrusted_app:s0:c512,c768 tcontext=u:object_r:proc_stat:s0 tclass=file permissive=0 SEPF_SM-G930V_8.0.0_0016 audit_filtered
03-09 20:33:24.812  1004  1004 E audit   : type=1300 audit(1552185204.797:51223): arch=40000028 syscall=322 per=8 success=no exit=-13 a0=ffffff9c a1=c4be3d27 a2=20000 a3=0 items=0 ppid=1027 pid=7195 auid=4294967295 uid=10574 gid=10574 euid=10574 suid=10574 fsuid=10574 egid=10574 sgid=10574 fsgid=10574 tty=(none) ses=4294967295 comm="Thread-2" exe="/system/bin/app_process32" subj=u:r:untrusted_app:s0:c512,c768 key=(null)
03-09 20:33:24.812  1004  1004 E audit   : type=1327 audit(1552185204.797:51223): proctitle="com.TeamNA.GiftGame"
03-09 20:33:24.921  1004  1004 E audit   : type=1400 audit(1552185204.907:51224): avc:  denied  { read } for  pid=7195 comm="Thread-2" name="stat" dev="proc" ino=4026532368 scontext=u:r:untrusted_app:s0:c512,c768 tcontext=u:object_r:proc_stat:s0 tclass=file permissive=0 SEPF_SM-G930V_8.0.0_0016 audit_filtered
03-09 20:33:24.921  1004  1004 E audit   : type=1300 audit(1552185204.907:51224): arch=40000028 syscall=322 per=8 success=no exit=-13 a0=ffffff9c a1=c4be3d27 a2=20000 a3=0 items=0 ppid=1027 pid=7195 auid=4294967295 uid=10574 gid=10574 euid=10574 suid=10574 fsuid=10574 egid=10574 sgid=10574 fsgid=10574 tty=(none) ses=4294967295 comm="Thread-2" exe="/system/bin/app_process32" subj=u:r:untrusted_app:s0:c512,c768 key=(null)
03-09 20:33:24.921  1004  1004 E audit   : type=1327 audit(1552185204.907:51224): proctitle="com.TeamNA.GiftGame"
03-09 20:33:25.021  1004  1004 E audit   : type=1400 audit(1552185205.007:51225): avc:  denied  { read } for  pid=7195 comm="Thread-2" name="stat" dev="proc" ino=4026532368 scontext=u:r:untrusted_app:s0:c512,c768 tcontext=u:object_r:proc_stat:s0 tclass=file permissive=0 SEPF_SM-G930V_8.0.0_0016 audit_filtered
03-09 20:33:25.022  1004  1004 E audit   : type=1300 audit(1552185205.007:51225): arch=40000028 syscall=322 per=8 success=no exit=-13 a0=ffffff9c a1=c4be3d27 a2=20000 a3=0 items=0 ppid=1027 pid=7195 auid=4294967295 uid=10574 gid=10574 euid=10574 suid=10574 fsuid=10574 egid=10574 sgid=10574 fsgid=10574 tty=(none) ses=4294967295 comm="Thread-2" exe="/system/bin/app_process32" subj=u:r:untrusted_app:s0:c512,c768 key=(null)
03-09 20:33:25.022  1004  1004 E audit   : type=1327 audit(1552185205.007:51225): proctitle="com.TeamNA.GiftGame"
03-09 20:33:25.118  1865  9170 D SSRM:g  : SIOP:: AP = 390, PST = 336 (W:6), BAT = 277, CHG = 309
03-09 20:33:25.679  1004  1004 E audit   : type=1400 audit(1552185205.667:51231): avc:  denied  { read } for  pid=7195 comm="Thread-2" name="stat" dev="proc" ino=4026532368 scontext=u:r:untrusted_app:s0:c512,c768 tcontext=u:object_r:proc_stat:s0 tclass=file permissive=0 SEPF_SM-G930V_8.0.0_0016 audit_filtered
03-09 20:33:25.680  1004  1004 E audit   : type=1300 audit(1552185205.667:51231): arch=40000028 syscall=322 per=8 success=no exit=-13 a0=ffffff9c a1=c4be3d27 a2=20000 a3=0 items=0 ppid=1027 pid=7195 auid=4294967295 uid=10574 gid=10574 euid=10574 suid=10574 fsuid=10574 egid=10574 sgid=10574 fsgid=10574 tty=(none) ses=4294967295 comm="Thread-2" exe="/system/bin/app_process32" subj=u:r:untrusted_app:s0:c512,c768 key=(null)
03-09 20:33:25.680  1004  1004 E audit   : type=1327 audit(1552185205.667:51231): proctitle="com.TeamNA.GiftGame"
03-09 20:33:25.788  1004  1004 E audit   : type=1400 audit(1552185205.777:51232): avc:  denied  { read } for  pid=7195 comm="Thread-2" name="stat" dev="proc" ino=4026532368 scontext=u:r:untrusted_app:s0:c512,c768 tcontext=u:object_r:proc_stat:s0 tclass=file permissive=0 SEPF_SM-G930V_8.0.0_0016 audit_filtered
03-09 20:33:25.788  1004  1004 E audit   : type=1300 audit(1552185205.777:51232): arch=40000028 syscall=322 per=8 success=no exit=-13 a0=ffffff9c a1=c4be3d27 a2=20000 a3=0 items=0 ppid=1027 pid=7195 auid=4294967295 uid=10574 gid=10574 euid=10574 suid=10574 fsuid=10574 egid=10574 sgid=10574 fsgid=10574 tty=(none) ses=4294967295 comm="Thread-2" exe="/system/bin/app_process32" subj=u:r:untrusted_app:s0:c512,c768 key=(null)
03-09 20:33:25.788  1004  1004 E audit   : type=1327 audit(1552185205.777:51232): proctitle="com.TeamNA.GiftGame"
03-09 20:33:25.889  1004  1004 E audit   : type=1400 audit(1552185205.877:51233): avc:  denied  { read } for  pid=7195 comm="Thread-2" name="stat" dev="proc" ino=4026532368 scontext=u:r:untrusted_app:s0:c512,c768 tcontext=u:object_r:proc_stat:s0 tclass=file permissive=0 SEPF_SM-G930V_8.0.0_0016 audit_filtered
03-09 20:33:25.889  1004  1004 E audit   : type=1300 audit(1552185205.877:51233): arch=40000028 syscall=322 per=8 success=no exit=-13 a0=ffffff9c a1=c4be3d27 a2=20000 a3=0 items=0 ppid=1027 pid=7195 auid=4294967295 uid=10574 gid=10574 euid=10574 suid=10574 fsuid=10574 egid=10574 sgid=10574 fsgid=10574 tty=(none) ses=4294967295 comm="Thread-2" exe="/system/bin/app_process32" subj=u:r:untrusted_app:s0:c512,c768 key=(null)
03-09 20:33:25.889  1004  1004 E audit   : type=1327 audit(1552185205.877:51233): proctitle="com.TeamNA.GiftGame"
03-09 20:33:25.988  3522  3522 D io_stats: !@   8,0 r 6886891 253707540 w 2970909 60706140 d 238214 28254168 f 1161455 1163420 iot 5544560 3331685 th 51200 0 0 pt 0 inp 0 0 300017.825
03-09 20:33:26.006  1004  1004 E audit   : type=1400 audit(1552185205.997:51234): avc:  denied  { read } for  pid=7195 comm="Thread-2" name="stat" dev="proc" ino=4026532368 scontext=u:r:untrusted_app:s0:c512,c768 tcontext=u:object_r:proc_stat:s0 tclass=file permissive=0 SEPF_SM-G930V_8.0.0_0016 audit_filtered
