03-08 19:39:59.839  1865  2850 V WindowManager: Relayout Window{b8a7b60 u0 StatusBar}: viewVisibility=0 req=1920x72 WM.LayoutParams{(0,0)(fillx72) gr=#30 sim=#10 ty=2000 fl=#81840048 fmt=-3 vsysui=0x600 colorMode=0 naviIconColor=0}
03-08 19:39:59.866  3108  3108 D ViewRootImpl@1c48cc8[StatusBar]: Relayout returned: old=[0,0][1920,72] new=[0,0][1920,72] result=0x23 surface={valid=true 526464094208} changed=false
03-08 19:39:59.871  4078  4078 D DragLayer: DragLayer onMeasure, mIsNaviBarPositionChanged = false, mWillOrientationChange = false
03-08 19:39:59.871  4078  4078 D LauncherAppWidgetHostView: setResizeScaleResult() 1035/ 1279 scaleToResize = 0.9961353(widget id = 30)
03-08 19:39:59.872  3108  3476 D OpenGLRenderer: eglDestroySurface = 0x7a93ddbef0
03-08 19:39:59.874  3108  3476 D OpenGLRenderer: eglCreateWindowSurface = 0x7a93ddbef0
03-08 19:39:59.876  3108  3108 D ScrollView:  onsize change changed 
03-08 19:39:59.918  1865  2850 V WindowManager: finishDrawingLocked: mDrawState=COMMIT_DRAW_PENDING Window{b8a7b60 u0 StatusBar} in Surface(name=StatusBar)
03-08 19:39:59.919  3108  3108 D ViewRootImpl@d8973fd[AssistPreviewPanel]: dispatchAttachedToWindow
03-08 19:39:59.925  1865  2850 V WindowManager: Relayout Window{416076 u0 AssistPreviewPanel}: viewVisibility=8 req=1920x750 WM.LayoutParams{(0,0)(fillx750) gr=#800053 sim=#31 ty=2033 fl=#1000118 fmt=-3 vsysui=0x700 colorMode=0 naviIconColor=0}
03-08 19:39:59.934  3108  3108 D ViewRootImpl@d8973fd[AssistPreviewPanel]: Relayout returned: old=[0,0][0,0] new=[0,1080][1920,1080] result=0x1 surface={valid=false 0} changed=false
03-08 19:39:59.935  3108  3108 D ViewRootImpl@154bdab[DockedStackDivider]: dispatchAttachedToWindow
03-08 19:39:59.936  1865  2850 V WindowManager: Relayout Window{e60950 u0 DockedStackDivider}: viewVisibility=4 req=144x1008 WM.LayoutParams{(0,0)(144xfill) sim=#20 ty=2034 fl=#21840028 pfl=0x40 fmt=-3 vsysui=0x700 colorMode=0 naviIconColor=0}
03-08 19:39:59.959  3108  3108 D ViewRootImpl@154bdab[DockedStackDivider]: Relayout returned: old=[0,0][0,0] new=[0,0][0,0] result=0x1 surface={valid=false 0} changed=false
03-08 19:39:59.968  3108  3108 D ViewRootImpl@2c63c76[DividerButtonsGroup]: dispatchAttachedToWindow
03-08 19:39:59.971  1865  5596 V WindowManager: Relayout Window{48f7d6f u0 DividerButtonsGroup}: viewVisibility=4 req=150x525 WM.LayoutParams{(0,0)(150x525) sim=#20 ty=2302 fl=#1040020 fmt=-3 vsysui=0x700 surfaceInsets=Rect(36, 36 - 36, 36) colorMode=0 naviIconColor=0}
03-08 19:39:59.997  3108  3108 D ViewRootImpl@2c63c76[DividerButtonsGroup]: Relayout returned: old=[0,0][0,0] new=[0,0][0,0] result=0x1 surface={valid=false 0} changed=false
03-08 19:39:59.999  3108  3108 D ViewRootImpl@7bdd2fb[AssistPreviewPanel]: dispatchDetachedFromWindow
03-08 19:39:59.999  3108  3108 D InputEventReceiver: channel '84212fd AssistPreviewPanel (client)' ~ Disposing input event receiver.
03-08 19:39:59.999  3108  3108 D InputEventReceiver: channel '84212fd AssistPreviewPanel (client)' ~NativeInputEventReceiver.
03-08 19:39:59.999  1865  2468 D SamsungAlarmManager: Expired : 8
03-08 19:39:59.999  1865  2468 I SamsungAlarmManager: setLocked to kernel - T:3 / 20190308T194003, SetElapsed=1156305841, nowELAPSED=1156302158
03-08 19:39:59.999  1865 10181 W AppOps  : Finishing op nesting under-run: uid 10063 pkg com.android.systemui code 70 time=0 duration=0 nesting=0
03-08 19:40:00.000  1865  2468 V SamsungAlarmManager: Sending to uid : 1000 action=android.intent.action.TIME_TICK alarm=Alarm{db4d681 type 3 when 1156302158 android}
03-08 19:40:00.003  1865  1865 D SamsungAlarmManager: setExact Intent (T:3/F:1/AC:false) 20190308T194100 - CU:1000/CP:1865
03-08 19:40:00.005  3108  3212 D KeyguardUpdateMonitor: received broadcast android.intent.action.TIME_TICK
03-08 19:40:00.030  1865  1926 I zygote64: Background concurrent copying GC freed 231277(11MB) AllocSpace objects, 39(792KB) LOS objects, 29% free, 57MB/81MB, paused 656us total 407.062ms
03-08 19:40:00.039  3108  3108 D ViewRootImpl@7c0e2e2[DockedStackDivider]: dispatchDetachedFromWindow
03-08 19:40:00.039  3108  3108 D InputEventReceiver: channel '221e1f9 DockedStackDivider (client)' ~ Disposing input event receiver.
03-08 19:40:00.039  3108  3108 D InputEventReceiver: channel '221e1f9 DockedStackDivider (client)' ~NativeInputEventReceiver.
03-08 19:40:00.040  1865  2850 W AppOps  : Finishing op nesting under-run: uid 10063 pkg com.android.systemui code 70 time=0 duration=0 nesting=0
03-08 19:40:00.045  3108  3108 D KeyguardUpdateMonitor: received broadcast android.intent.action.CONFIGURATION_CHANGED
03-08 19:40:00.053  1865  2850 D WindowManager: adjustSystemUiVisibilityLw : vis= 0x408
03-08 19:40:00.073  3108  3336 D Tile.WifiTile: handleUpdateState enabledChanging
03-08 19:40:00.074  3108  3823 V SystemUIAnalytics: SAPreference : 1104 / 1
03-08 19:40:00.077  3108  3823 V SystemUIAnalytics: SAPreference : 1105 / 0
03-08 19:40:00.078  3108  3108 D ViewRootImpl@1c48cc8[StatusBar]: MSG_RESIZED_REPORT: frame=Rect(0, 0 - 1920, 72) ci=Rect(0, 0 - 0, 0) vi=Rect(0, 0 - 0, 0) or=2
03-08 19:40:00.084  3108  3336 D Tile.RotationLockTile:  handleUpdateState: false orientation = true
03-08 19:40:00.084  3108  3823 V SystemUIAnalytics: SAPreference : 1107 / 1
03-08 19:40:00.092  3108  3336 D Tile.BluetoothTile: handleUpdateState enabled = false connected = false bluetoothState = 10
03-08 19:40:00.093  3108  3823 V SystemUIAnalytics: SAPreference : 1106 / 0
03-08 19:40:00.108  3108  3336 D Tile.AirplaneModeTile: # of NON-poweroff( in servicestate) : 1
03-08 19:40:00.109  3108  3336 D Tile.AirplaneModeTile:  handleUpdateState:  value false  state.dim false
03-08 19:40:00.110  3108  3823 V SystemUIAnalytics: SAPreference : 2014 / 0
03-08 19:40:00.111  3108  3108 D KeyguardServiceBoxContainer: refreshTime() 1
03-08 19:40:00.113  3108  3336 D Tile.HotspotTile: handleUpdateState :  = false
03-08 19:40:00.114  3108  3823 V SystemUIAnalytics: SAPreference : 2020 / 0
03-08 19:40:00.114  3108  3108 D KeyguardUpdateMonitor: handleConfigurationChanged
03-08 19:40:00.115  3108  3823 V SystemUIAnalytics: SAPreference : 1109 / 0
03-08 19:40:00.128  3108  3336 D TileLifecycleManager: Binding service Intent { cmp=com.android.settings/com.samsung.android.settings.qstile.PowerSavingTile (has extras) } UserHandle{0}
03-08 19:40:00.132  1865 10181 D StorageManagerService: getExternalStorageMountMode : 1
03-08 19:40:00.132  1865 10181 D StorageManagerService: getExternalStorageMountMode : 3
03-08 19:40:00.132  1865 10181 D StorageManagerService: getExternalStorageMountMode : final mountMode=1, uid : 1000, packageName : com.android.settings
03-08 19:40:00.132  1865 10181 I ApplicationPolicy: isApplicationExternalStorageWhitelisted:com.android.settings user:0
03-08 19:40:00.132  1865 10181 D ApplicationPolicy: isApplicationExternalStorageWhitelisted: DO is not enabled on user 0. Allowed.
03-08 19:40:00.132  1865 10181 D ActivityManager: package  com.android.settings, user - 0 is SDcard whitelisted
03-08 19:40:00.132  1865 10181 I ApplicationPolicy: isApplicationExternalStorageBlacklisted:com.android.settings user:0
03-08 19:40:00.132  1865 10181 D ApplicationPolicy: isApplicationExternalStorageBlacklisted: DO is not enabled on user 0. Allowed.
03-08 19:40:00.158 14861 14861 E Zygote  : isWhitelistProcess - Process is Whitelisted
03-08 19:40:00.162 14861 14861 E libpersona: scanKnoxPersonas
03-08 19:40:00.162 14861 14861 E libpersona: Couldn't open the File - /data/system/users/0/personalist.xml - No such file or directory
03-08 19:40:00.162  1865 10181 I ActivityManager: Start proc 14861:com.android.settings:QuickSettingsTile/1000 for service com.android.settings/com.samsung.android.settings.qstile.PowerSavingTile
03-08 19:40:00.165  3108  3336 D TileLifecycleManager: onStartListening
03-08 19:40:00.165 14861 14861 W SELinux : SELinux selinux_android_compute_policy_index : Policy Index[2],  Con:u:r:zygote:s0 RAM:SEPF_SM-G930V_8.0.0_0016, [-1 -1 -2 -1 0 1]
03-08 19:40:00.166  3108  3823 V SystemUIAnalytics: SAPreference : 2041 / 0
03-08 19:40:00.169 14861 14861 I SELinux : SELinux: seapp_context_lookup: seinfo=platform, pkgname=com.android.settings:QuickSettingsTile 
03-08 19:40:00.179  1865 10181 I ActivityManager: START u0 {act=null typ=null flg=0x10000 cmp=ComponentInfo{com.TeamNA.GiftGame/com.epicgames.ue4.GameActivity}} from uid 10572
03-08 19:40:00.187  3108  3336 D TileLifecycleManager: Binding service Intent { cmp=com.samsung.android.lool/com.samsung.android.sm.ui.booster.PerformanceTile (has extras) } UserHandle{0}
03-08 19:40:00.204  1865 10181 D StorageManagerService: getExternalStorageMountMode : 1
03-08 19:40:00.204  1865 10181 D StorageManagerService: getExternalStorageMountMode : 3
03-08 19:40:00.204  1865 10181 D StorageManagerService: getExternalStorageMountMode : final mountMode=1, uid : 1000, packageName : com.samsung.android.lool
03-08 19:40:00.204  1865 10181 I ApplicationPolicy: isApplicationExternalStorageWhitelisted:com.samsung.android.lool user:0
03-08 19:40:00.204  1865 10181 D ApplicationPolicy: isApplicationExternalStorageWhitelisted: DO is not enabled on user 0. Allowed.
03-08 19:40:00.204  1865 10181 D ActivityManager: package  com.samsung.android.lool, user - 0 is SDcard whitelisted
03-08 19:40:00.204  1865 10181 I ApplicationPolicy: isApplicationExternalStorageBlacklisted:com.samsung.android.lool user:0
03-08 19:40:00.204  1865 10181 D ApplicationPolicy: isApplicationExternalStorageBlacklisted: DO is not enabled on user 0. Allowed.
03-08 19:40:00.220  1865 10181 I ActivityManager: Start proc 14874:com.samsung.android.lool/1000 for service com.samsung.android.lool/com.samsung.android.sm.ui.booster.PerformanceTile
03-08 19:40:00.221  3108  3336 D TileLifecycleManager: onStartListening
03-08 19:40:00.225  3108  3336 D Tile.RotationLockTile:  handleUpdateState: false orientation = true
03-08 19:40:00.225  3108  3336 W Tile.CustomTile: handleUpdateState : hasPendingBind Power
03-08 19:40:00.225  3108  3336 W Tile.CustomTile: saving
03-08 19:40:00.227  1865  5596 D ActivityManager: isScaleDownAnimationEnabled() : false
03-08 19:40:00.228 14874 14874 E Zygote  : isWhitelistProcess - Process is Whitelisted
03-08 19:40:00.228 14861 14861 D TimaKeyStoreProvider: TimaKeyStore is not enabled: cannot add TimaSignature Service and generateKeyPair Service
03-08 19:40:00.229 14861 14861 D ActivityThread: Added TimaKeyStore provider
03-08 19:40:00.230  1865  5596 D PersonaManagerService: Current focused persona service handled id set to : 0
03-08 19:40:00.230  1865  5596 D InputDispatcher: Focused application set to: xxxx
03-08 19:40:00.231 14874 14874 E libpersona: scanKnoxPersonas
03-08 19:40:00.231 14874 14874 E libpersona: Couldn't open the File - /data/system/users/0/personalist.xml - No such file or directory
03-08 19:40:00.231  3108  3336 W Tile.CustomTile: handleUpdateState : hasPendingBind Performance
03-08 19:40:00.231  3108  3336 W Tile.CustomTile: mode
03-08 19:40:00.233  1865  2992 D GameManagerService: handleForegroundChange(). pkgName: com.TeamNA.GiftGame, clsName: com.epicgames.ue4.GameActivity,FgActivityName:com.TeamNA.GiftGame/com.epicgames.ue4.GameActivity
03-08 19:40:00.233  1865  2992 D GameManagerService:   handleForegroundChange(). same package with Prev KILL_YOURSELF. ignore
03-08 19:40:00.233  1865  5596 D MARsPolicyManager: onPackageResumedFG pkgName = com.TeamNA.GiftGame, userId = 0
03-08 19:40:00.235 14874 14874 W SELinux : SELinux selinux_android_compute_policy_index : Policy Index[2],  Con:u:r:zygote:s0 RAM:SEPF_SM-G930V_8.0.0_0016, [-1 -1 -2 -1 0 1]
03-08 19:40:00.236 14874 14874 I SELinux : SELinux: seapp_context_lookup: seinfo=platform, pkgname=com.samsung.android.lool 
03-08 19:40:00.242   773   773 I SurfaceFlinger: Display 0 HWC layers:
03-08 19:40:00.242   773   773 I SurfaceFlinger:     type    |    handle    | flag |  format   |   source crop (l,t,r,b)    |         frame       | name 
03-08 19:40:00.242   773   773 I SurfaceFlinger: ------------+--------------+------+-----------+----------------------------+---------------------+------
03-08 19:40:00.242   773   773 I SurfaceFlinger:      Device | 0x71ad58e680 | 0000 | RGBA_8888 |   0.0    0.0 1080.0 1920.0 |    0    0 1080 1920 | ScreenshotSurface#0
03-08 19:40:00.242   773   773 I SurfaceFlinger: 
03-08 19:40:00.242  1865  2437 D ViewRootImpl@97c5820[GiftGame]: MSG_RESIZED_REPORT: frame=Rect(0, 0 - 1920, 1080) ci=Rect(0, 0 - 0, 0) vi=Rect(0, 0 - 0, 0) or=1
03-08 19:40:00.248  1865 10181 I ActivityManager: DSS on for com.android.settings and scale is 1.0
03-08 19:40:00.255  1865  2437 V WindowManager: finishDrawingLocked: mDrawState=COMMIT_DRAW_PENDING Window{58b75d9 u0 Splash Screen com.TeamNA.GiftGame} in Surface(name=Splash Screen com.TeamNA.GiftGame)
03-08 19:40:00.264 14874 14874 D TimaKeyStoreProvider: TimaKeyStore is not enabled: cannot add TimaSignature Service and generateKeyPair Service
03-08 19:40:00.265 14874 14874 D ActivityThread: Added TimaKeyStore provider
03-08 19:40:00.271 14836 14836 D OVRPlugin: JNI_OnLoad
03-08 19:40:00.272  1865  2437 I WindowManager: Screen frozen for +860ms due to Window{58b75d9 u0 Splash Screen com.TeamNA.GiftGame}
03-08 19:40:00.274   773   773 I SurfaceFlinger: id=7313 createSurf (2160x1920),-1 flag=20004, BlackSurface#0
03-08 19:40:00.275   773   773 I SurfaceFlinger: id=7314 createSurf (1080x3840),-1 flag=20004, BlackSurface#0
03-08 19:40:00.277   773   773 I SurfaceFlinger: id=7315 createSurf (2160x1920),-1 flag=20004, BlackSurface#0
03-08 19:40:00.278   773   773 I SurfaceFlinger: id=7316 createSurf (1080x3840),-1 flag=20004, BlackSurface#0
03-08 19:40:00.279  1865  2437 D InputDispatcher: setInputDispatchMode: enabled=1, frozen=0
03-08 19:40:00.282 14861 14861 I zygote64: find the special shared library, skip check
03-08 19:40:00.282  1865  5588 I ActivityManager: DSS on for com.samsung.android.lool and scale is 1.0
03-08 19:40:00.287   717  1235 D audio_hw_primary: adev_set_parameters: enter: display_rotation=1
03-08 19:40:00.288   717  1235 V msm8974_platform: platform_set_parameters: enter: display_rotation=1
03-08 19:40:00.288   717  1235 V msm8974_platform: platform_set_parameters: exit with code(0)
03-08 19:40:00.288   717  1235 V audio_hw_sec: factory_set_parameters: enter: display_rotation=1
03-08 19:40:00.288   717  1235 E soundtrigger: audio_extn_sound_trigger_set_parameters: str_params NULL
03-08 19:40:00.291  1044  5051 V MultiRecordManager: setParameters(): io 0, keyvalue display_rotation=1, calling pid 1865
03-08 19:40:00.292 14861 14861 I zygote64: find the special shared library, skip check
03-08 19:40:00.300 14861 14861 I chatty  : uid=1000(system) com.android.settings:QuickSettingsTile identical 1 line
03-08 19:40:00.310 14861 14861 I zygote64: find the special shared library, skip check
03-08 19:40:00.310   773   773 I SurfaceFlinger: Display 0 HWC layers:
03-08 19:40:00.310   773   773 I SurfaceFlinger:     type    |    handle    | flag |  format   |   source crop (l,t,r,b)    |         frame       | name 
03-08 19:40:00.310   773   773 I SurfaceFlinger: ------------+--------------+------+-----------+----------------------------+---------------------+------
03-08 19:40:00.310   773   773 I SurfaceFlinger:      Client | 0x71ad58e680 | 0000 | RGBA_8888 |   0.0    0.0 1080.0 1920.0 |    0    0 1080 1920 | ScreenshotSurface#0
03-08 19:40:00.310   773   773 I SurfaceFlinger:      Client |              | 0000 |  Unknown  |  -0.4   -0.9   -0.9   -1.0 |    0    0 1080  311 | BlackSurface#0
03-08 19:40:00.310   773   773 I SurfaceFlinger:      Client |              | 0000 |  Unknown  |  -0.9   -0.0   -1.0   -0.6 |    0    0  212 1920 | BlackSurface#0
03-08 19:40:00.310   773   773 I SurfaceFlinger:      Client |              | 0000 |  Unknown  |  -0.1    0.0   -0.6   -0.1 |    0 1609 1080 1920 | BlackSurface#0
03-08 19:40:00.310   773   773 I SurfaceFlinger:      Client |              | 0000 |  Unknown  |   0.0   -0.4   -0.1   -1.0 |  868    0 1080 1920 | BlackSurface#0
03-08 19:40:00.310   773   773 I SurfaceFlinger: 
03-08 19:40:00.316 14874 14874 I zygote64: find the special shared library, skip check
03-08 19:40:00.318  1004  1004 E audit   : type=1400 audit(1552095600.309:41486): avc:  denied  { write } for  pid=14874 comm="ng.android.lool" name="com.samsung.android.lool-3nnoLjh5WC3vOcrPOtWRTQ==" dev="dm-1" ino=591378 scontext=u:r:system_app:s0 tcontext=u:object_r:apk_data_file:s0 tclass=dir permissive=0 SEPF_SM-G930V_8.0.0_0016 audit_filtered
03-08 19:40:00.318  1004  1004 E audit   : type=1300 audit(1552095600.309:41486): arch=c00000b7 syscall=48 success=no exit=-13 a0=ffffff9c a1=7ab239e9c0 a2=2 a3=0 items=0 ppid=1026 pid=14874 auid=4294967295 uid=1000 gid=1000 euid=1000 suid=1000 fsuid=1000 egid=1000 sgid=1000 fsgid=1000 tty=(none) ses=4294967295 comm="ng.android.lool" exe="/system/bin/app_process64" subj=u:r:system_app:s0 key=(null)
03-08 19:40:00.318  1004  1004 E audit   : type=1327 audit(1552095600.309:41486): proctitle="com.samsung.android.lool"
03-08 19:40:00.318  1004  1004 E audit   : type=1400 audit(1552095600.309:41487): avc:  denied  { write } for  pid=14874 comm="ng.android.lool" name="com.samsung.android.lool-3nnoLjh5WC3vOcrPOtWRTQ==" dev="dm-1" ino=591378 scontext=u:r:system_app:s0 tcontext=u:object_r:apk_data_file:s0 tclass=dir permissive=0 SEPF_SM-G930V_8.0.0_0016 audit_filtered
03-08 19:40:00.318  1004  1004 E audit   : type=1300 audit(1552095600.309:41487): arch=c00000b7 syscall=56 success=no exit=-13 a0=ffffff9c a1=7ab239c280 a2=42 a3=1b6 items=0 ppid=1026 pid=14874 auid=4294967295 uid=1000 gid=1000 euid=1000 suid=1000 fsuid=1000 egid=1000 sgid=1000 fsgid=1000 tty=(none) ses=4294967295 comm="ng.android.lool" exe="/system/bin/app_process64" subj=u:r:system_app:s0 key=(null)
03-08 19:40:00.318  1004  1004 E audit   : type=1327 audit(1552095600.309:41487): proctitle="com.samsung.android.lool"
03-08 19:40:00.326 14836 14836 D UE4     : Used memory before allocating anything was 175.73MB
03-08 19:40:00.332 14861 14861 I zygote64: find the special shared library, skip check
03-08 19:40:00.344  3108  3512 D SystemServicesProxy: updateOverviewLastStackActiveTimeAsync: newTime=1552095600230
03-08 19:40:00.345  1865  5588 D SecContentProvider: query(), uri = 17 selection = isSettingsChangesAllowed
03-08 19:40:00.346  1865  5588 D SecContentProvider: called from android.uid.systemui:10063
03-08 19:40:00.347  3108  3250 D SystemServicesProxy: updateOverviewLastStackActiveTimeAsync: done.
03-08 19:40:00.349 14874 14874 D CapsuleProvider_1.0.1: onCreate
03-08 19:40:00.368  1865  5588 W StorageManager: getStorageLowBytes lowPercent : 5, lowBytes : 1225677414, maxLowBytes : 524288000
03-08 19:40:00.382  1865  5588 W StorageManager: getStorageLowBytes lowPercent : 5, lowBytes : 1225677414, maxLowBytes : 524288000
03-08 19:40:00.385  1865  2850 W StorageManager: getStorageLowBytes lowPercent : 5, lowBytes : 1225677414, maxLowBytes : 524288000
03-08 19:40:00.409 14874 14874 D SamsungAnalytics111040: cf feature is supported
03-08 19:40:00.415 14874 14874 D SamsungAnalytics111040: [Tracker] Tracker start:1.11.040
03-08 19:40:00.426 14874 14874 I PerformanceTile: onCreate, Performance0
03-08 19:40:00.433  3108  3108 D TileLifecycleManager: onServiceConnected ComponentInfo{com.samsung.android.lool/com.samsung.android.sm.ui.booster.PerformanceTile}
03-08 19:40:00.434  3108  3108 D TileLifecycleManager: Handling pending onStartListening
03-08 19:40:00.434  3108  3108 D TileLifecycleManager: onStartListening
03-08 19:40:00.438  1865  2850 D SecContentProvider: query(), uri = 17 selection = isSettingsChangesAllowed
03-08 19:40:00.440  1865  2850 D SecContentProvider: called from android.uid.system:1000
03-08 19:40:00.443 14874 14874 I PerformanceTile: updateState, mode=0, state=1
03-08 19:40:00.445  3108  3512 D Tile.CustomTile: updateState : Label = Performance
03-08 19:40:00.445  3108  3512 D Tile.CustomTile: mode, State = 1, Icon = Icon(typ=RESOURCE pkg=com.samsung.android.lool id=0x7f02008e)
03-08 19:40:00.592 14836 14836 D UE4     : In the JNI_OnLoad function
03-08 19:40:00.593 14836 14836 D UE4     : [JNI] - Failed to determine if app purchasing is enabled!
03-08 19:40:00.595  1865  5588 W StorageManager: getStorageLowBytes lowPercent : 5, lowBytes : 1225677414, maxLowBytes : 524288000
03-08 19:40:00.596 14836 14836 D UE4     : Path found as '/storage/emulated/0'
03-08 19:40:00.597 14836 14836 D UE4     : Font Path found as '/system/fonts/'
03-08 19:40:00.597 14836 14836 D UE4     : In the JNI_OnLoad function 5
03-08 19:40:00.600 14861 14861 W zygote64: Class com.samsung.context.sdk.samsunganalytics.SamsungAnalytics failed lock verification and will run slower.
03-08 19:40:00.600 14861 14861 W zygote64: Common causes for lock verification issues are non-optimized dex code
03-08 19:40:00.600 14861 14861 W zygote64: and incorrect proguard optimizations.
03-08 19:40:00.603 14861 14861 D SamsungAnalytics: cf feature is supported
03-08 19:40:00.611 14861 14861 D SamsungAnalytics: [Tracker] Tracker start:1.8.15
03-08 19:40:00.614 14861 14900 I Settings_Utils: getFotaBadgeCount badgeCount : 0
03-08 19:40:00.620  1865  5588 W StorageManager: getStorageLowBytes lowPercent : 5, lowBytes : 1225677414, maxLowBytes : 524288000
03-08 19:40:00.625  1865  2850 W StorageManager: getStorageLowBytes lowPercent : 5, lowBytes : 1225677414, maxLowBytes : 524288000
03-08 19:40:00.626   773   773 I SurfaceFlinger: Display 0 HWC layers:
03-08 19:40:00.626   773   773 I SurfaceFlinger:     type    |    handle    | flag |  format   |   source crop (l,t,r,b)    |         frame       | name 
03-08 19:40:00.626   773   773 I SurfaceFlinger: ------------+--------------+------+-----------+----------------------------+---------------------+------
03-08 19:40:00.626   773   773 I SurfaceFlinger:      Client | 0x71ad58e680 | 0000 | RGBA_8888 |   0.0    0.0 1080.0 1920.0 |    0    0 1080 1920 | ScreenshotSurface#0
03-08 19:40:00.626   773   773 I SurfaceFlinger: 
03-08 19:40:00.628 12699 12721 I RecursiveFileObserver: SOMETHING HAPPENED: /mnt/sdcard/Android/data/com.TeamNA.GiftGame
03-08 19:40:00.629 14836 14836 V threaded_app: Creating: 0xda6acda0
03-08 19:40:00.630  3108  3108 D TileLifecycleManager: onServiceConnected ComponentInfo{com.android.settings/com.samsung.android.settings.qstile.PowerSavingTile}
03-08 19:40:00.630  3108  3108 D TileLifecycleManager: Handling pending onStartListening
03-08 19:40:00.630  3108  3108 D TileLifecycleManager: onStartListening
03-08 19:40:00.630 14836 14901 V threaded_app: Config: mcc=311 mnc=480 lang=en cnt=US orien=2 touch=3 dens=480 keys=1 nav=1 keysHid=3 navHid=0 sdk=26 size=2 long=2 modetype=1 modenight=1
03-08 19:40:00.630 14836 14901 D UE4     : Entering native app glue main function
03-08 19:40:00.631 14836 14901 D UE4     : Created event thread
03-08 19:40:00.631 14836 14901 D UE4     : Entered AndroidMain()
03-08 19:40:00.633 14836 14902 D UE4     : Entering event processing thread engine entry point
03-08 19:40:00.633 14836 14902 D UE4     : Prepared looper for event thread
03-08 19:40:00.633 14836 14902 D UE4     : Passed callback initialization
03-08 19:40:00.633 14836 14902 D UE4     : Passed sensor initialization
03-08 19:40:00.634 14836 14901 D UE4     : Controller interface supported
03-08 19:40:00.638 14861 14861 D PSMUtils: getCurrentPowerSavingMode: 0
03-08 19:40:00.641  3108  3512 D Tile.CustomTile: updateState : Label = Power
03-08 19:40:00.641  3108  3512 D Tile.CustomTile: saving, State = 1, Icon = Icon(typ=RESOURCE pkg=com.android.settings id=0x7f0805dd)
03-08 19:40:00.686 14836 14904 D OpenGLRenderer: HWUI GL Pipeline
03-08 19:40:00.689   773  2528 I SurfaceFlinger: id=7312 Removed ScreenshotSurface#0 (4/8)
03-08 19:40:00.690   773   851 I SurfaceFlinger: id=7312 Removed ScreenshotSurface#0 (-2/8)
03-08 19:40:00.690   773   773 D SurfaceFlinger: postFramebuffer : visible layers are empty!!
03-08 19:40:00.690   773  1000 I SurfaceFlinger: id=7313 Removed BlackSurface#0 (4/7)
03-08 19:40:00.691   773  2529 I SurfaceFlinger: id=7313 Removed BlackSurface#0 (-2/7)
03-08 19:40:00.691   773  1000 I SurfaceFlinger: id=7314 Removed BlackSurface#0 (4/6)
03-08 19:40:00.691   773   847 I SurfaceFlinger: id=7315 Removed BlackSurface#0 (4/5)
03-08 19:40:00.691   773   847 I SurfaceFlinger: id=7314 Removed BlackSurface#0 (-2/5)
03-08 19:40:00.692   773  2528 I SurfaceFlinger: id=7316 Removed BlackSurface#0 (4/4)
03-08 19:40:00.693  3136  3136 E adbd    : recv: OPEN 0000133f 00000000 0009:74 63 70 3A 36 36 36 36 00 
03-08 19:40:00.693  3136  3136 E adbd    : service_to_fd: tcp:6666
03-08 19:40:00.694   773  1000 I SurfaceFlinger: id=7315 Removed BlackSurface#0 (-2/4)
03-08 19:40:00.694  1144  1287 D DnsProxyListener: DNSDBG::dns addrinfo af 2
03-08 19:40:00.695   773  2529 I SurfaceFlinger: id=7316 Removed BlackSurface#0 (-2/4)
03-08 19:40:00.696  3136  3136 E adbd    : failed to connect to socket 'tcp:6666': Connection refused
03-08 19:40:00.651  1865  2850 W StorageManager: getStorageLowBytes lowPercent : 5, lowBytes : 1225677414, maxLowBytes : 524288000
03-08 19:40:00.700  1865  2437 V WindowManager: rotationForOrientationLw(orient=0, last=1); user=0 USER_ROTATION_LOCKED sensorRotation=-1 mLidState=-1 mDockMode=0 mHdmiPlugged=false
03-08 19:40:00.702 14836 14836 D ViewRootImpl@e58ced6[GameActivity]: setView = DecorView@a597557[] TM=true MM=false
03-08 19:40:00.704 14836 14836 D UE4     : Target SDK is 28.  This may cause issues if permissions are denied by the user.
03-08 19:40:00.705 14836 14836 D PermissionFragment: Creating PlayGamesFragment
03-08 19:40:00.705   773   773 I Layer   : id=7312 onRemoved ScreenshotSurface#0 
03-08 19:40:00.705   773   773 I Layer   : id=7316 onRemoved BlackSurface#0 
03-08 19:40:00.706   773   773 I Layer   : id=7314 onRemoved BlackSurface#0 
03-08 19:40:00.706   773   773 I Layer   : id=7313 onRemoved BlackSurface#0 
03-08 19:40:00.706   773   773 I Layer   : id=7315 onRemoved BlackSurface#0 
03-08 19:40:00.708   773   773 D SurfaceFlinger: postFramebuffer : visible layers are empty!!
03-08 19:40:00.714  1865 10181 I ActivityManager: START u0 {act=android.content.pm.action.REQUEST_PERMISSIONS typ=null flg=0x0 cmp=ComponentInfo{com.google.android.packageinstaller/com.android.packageinstaller.permission.ui.GrantPermissionsActivity}} from uid 10572
03-08 19:40:00.714  1865 10181 W ActivityManager: REQUEST_PERMISSIONS Action.
03-08 19:40:00.722   737   778 E ANDR-PERF-MPCTL: Invalid profile no. 0, total profiles 0 only
03-08 19:40:00.723  1865 10181 D CustomFrequencyManagerService: releaseDVFSLockLocked : Getting Lock type frm List : DVFS_MIN_LIMIT  frequency : 1555200  uid : 1000  pid : 1865  tag : AMS_APP_SWITCH@CPU_MIN@69
03-08 19:40:00.723  1865 10181 D CustomFrequencyManagerService: acquireDVFSLockLocked : type : DVFS_MIN_LIMIT  frequency : 1555200  uid : 1000  pid : 1865  pkgName : AMS_APP_SWITCH@CPU_MIN@69
03-08 19:40:00.723  1865 10181 D ActivityManagerPerformance: AMP_acquire() APP_SWITCH
03-08 19:40:00.723  1865  3761 D ActivityManagerPerformance: Received MSG_CFMS_HINT_AMS_SWITCH pkgName: com.google.android.packageinstaller
03-08 19:40:00.737 14836 14836 D UE4     : Vulkan version: 1.0.3
03-08 19:40:00.738 14836 14836 D UE4     : Vulkan level: 0
03-08 19:40:00.741 14836 14836 D UE4     : Found DepthBufferPreference = 0
03-08 19:40:00.741 14836 14836 D UE4     : Found bPackageDataInsideApk = 0
03-08 19:40:00.741 14836 14836 D UE4     : Found ProjectName = GiftGame
03-08 19:40:00.741 14836 14836 D UE4     : Found AppType = 
03-08 19:40:00.741 14836 14836 D UE4     : Found bHasOBBFiles = 0
03-08 19:40:00.741 14836 14836 D UE4     : Found bVerifyOBBOnStartUp = false
03-08 19:40:00.741 14836 14836 D UE4     : UI hiding set to true
03-08 19:40:00.742 14836 14836 D UE4     : BuildConfiguration set to Development
03-08 19:40:00.742 14836 14836 D UE4     : UseExternalFilesDir set to false
03-08 19:40:00.742 14836 14836 D UE4     : AllowIMU set to true
03-08 19:40:00.742 14836 14836 D UE4     : SupportsVulkan set to false
03-08 19:40:00.742 14836 14836 D UE4     : No GearVR mode detected.
03-08 19:40:00.744  1865  5596 W StorageManager: getStorageLowBytes lowPercent : 5, lowBytes : 1225677414, maxLowBytes : 524288000
03-08 19:40:00.752 14836 14836 I Adreno  : QUALCOMM build                   : 1b7798b, I8a9bdcf8d3
03-08 19:40:00.752 14836 14836 I Adreno  : Build Date                       : 03/15/18
03-08 19:40:00.752 14836 14836 I Adreno  : OpenGL ES Shader Compiler Version: EV031.22.00.01
03-08 19:40:00.752 14836 14836 I Adreno  : Local Branch                     : 
03-08 19:40:00.752 14836 14836 I Adreno  : Remote Branch                    : refs/tags/AU_LINUX_ANDROID_LA.UM.6.5.R1.08.00.00.312.043
03-08 19:40:00.752 14836 14836 I Adreno  : Remote Branch                    : NONE
03-08 19:40:00.752 14836 14836 I Adreno  : Reconstruct Branch               : NOTHING
03-08 19:40:00.753 14836 14836 I vndksupport: sphal namespace is not configured for this process. Loading /vendor/lib/hw/gralloc.msm8996.so from the current namespace instead.
03-08 19:40:00.760 14836 14836 I Adreno  : PFP: 0x005ff087, ME: 0x005ff063
03-08 19:40:00.794 14836 14836 D UE4     : Hardware: Qualcomm Technologies, Inc MSM8996
03-08 19:40:00.794 14836 14836 D UE4     : ro.hardware: qcom
03-08 19:40:00.798 14836 14836 D UE4     : Memory: 3722 MB
03-08 19:40:00.800 14836 14906 D UE4     : Used memory: 191624
03-08 19:40:00.803  1865  5588 W StorageManager: getStorageLowBytes lowPercent : 5, lowBytes : 1225677414, maxLowBytes : 524288000
03-08 19:40:00.804 14836 14836 D UE4     : UseAffinity: false
03-08 19:40:00.804 14836 14836 D UE4     : BigCoreMask: 0xffff
03-08 19:40:00.804 14836 14836 D UE4     : LittleCoreMask: 0x0
03-08 19:40:00.806 14836 14836 D UE4     : APK path: /data/app/com.TeamNA.GiftGame-T8USugiqa2RQgIy7Lp-5iA==/base.apk
03-08 19:40:00.806 14836 14836 D UE4     : OBB in APK: false
03-08 19:40:00.809 14836 14836 D UE4     : InternalFilePath found as '/data/user/0/com.TeamNA.GiftGame/files'
03-08 19:40:00.809 14836 14836 D UE4     : ExternalFilePath found as '/storage/emulated/0/Android/data/com.TeamNA.GiftGame/files'
03-08 19:40:00.809 14836 14836 D UE4     : App is running in Landscape
03-08 19:40:00.810 14836 14836 D UE4     : Android version is 8.0.0
03-08 19:40:00.810 14836 14836 D UE4     : Android manufacturer is samsung
03-08 19:40:00.810 14836 14836 D UE4     : Android model is SM-G930V
03-08 19:40:00.810 14836 14836 D UE4     : Android build number is R16NW.G930VVRS9CSB1
03-08 19:40:00.810 14836 14836 D UE4     : OS language is set to en_US
03-08 19:40:00.810 14836 14836 D UE4     : Debugger attached is false
03-08 19:40:00.891 14836 14836 W PopupManager: You have not specified a View to use as content view for popups. Falling back to the Activity content view. Note that this may not work as expected in multi-screen environments
03-08 19:40:00.893 14836 14836 D UE4     : ==============> GameActive.onCreate complete!
03-08 19:40:00.895 14836 14836 V threaded_app: Start: 0xda6acda0
03-08 19:40:00.895 14836 14902 V threaded_app: activityState=10
03-08 19:40:00.895 14836 14902 D UE4     : LogAndroidEvents: EnqueueAppEvent : 9, 0, tid = 14902
03-08 19:40:00.895 14836 14836 D UE4     : Creating console command broadcast listener
03-08 19:40:00.897 14836 14836 D UE4     : ==================================> Inside onStart function in GameActivity
03-08 19:40:00.901 14836 14836 V threaded_app: Resume: 0xda6acda0
03-08 19:40:00.901 14836 14902 V threaded_app: activityState=11
03-08 19:40:00.901 14836 14902 D UE4     : Case APP_CMD_RESUME
03-08 19:40:00.901 14836 14836 D UE4     : === Restoring Transparent Bars ===
03-08 19:40:00.901 14836 14902 D UE4     : LogAndroidEvents: EnqueueAppEvent : 7, 0, tid = 14902
03-08 19:40:00.902 14836 14836 D UE4     : ==============> [JAVA] AndroidThunkJava_KeepScreenOn(false) - Enabled screen saver
03-08 19:40:00.902 14836 14836 D UE4     : Registering sensor listeners
03-08 19:40:00.903  1865  5588 I SensorService: createSensorEventConnection package name com.epicgames.ue4.GameActivity
03-08 19:40:00.904  1865  5588 D SensorService: Calling batch handle==1 flags=0 rate=20000000 timeout== 0
03-08 19:40:00.904   732   732 I qti_sensors_hal: batch:sensor(android.sensor.accelerometer) handle:1 flags:0x0 period_ns 20000000
03-08 19:40:00.905   732   732 I qti_sensors_hal: batch: current sample rate, report rate & buffering are equal to requested (50.000000,0.000000,0)
03-08 19:40:00.906   732   732 I qti_sensors_hal: SMGRReportAdd:sensor(android.sensor.accelerometer) handle=1, sample_rate=50.000000 report_rate=0 buffer=0
03-08 19:40:00.907 14836 14836 D SensorManager: registerListener :: 1, K6DS3TR Accelerometer, 20000, 0,  
03-08 19:40:00.908  1865  5588 D SensorService: Calling batch handle==3 flags=0 rate=20000000 timeout== 0
03-08 19:40:00.908   732   732 I qti_sensors_hal: batch:sensor(android.sensor.magnetic_field) handle:11 flags:0x0 period_ns 20000000
03-08 19:40:00.908   732   732 I qti_sensors_hal: batch: current sample rate, report rate & buffering are equal to requested (50.000000,0.000000,0)
03-08 19:40:00.909   732   732 I qti_sensors_hal: SMGRReportAdd:sensor(android.sensor.magnetic_field) handle=11, sample_rate=50.000000 report_rate=0 buffer=0
03-08 19:40:00.910 14836 14836 D SensorManager: registerListener :: 3, AK09911C Magnetometer, 20000, 0,  
03-08 19:40:00.910  1865  5588 D SensorService: Calling batch handle==5 flags=0 rate=20000000 timeout== 0
03-08 19:40:00.911   732   732 I qti_sensors_hal: batch:sensor(android.sensor.gyroscope) handle:3 flags:0x0 period_ns 20000000
03-08 19:40:00.911   732   732 I qti_sensors_hal: batch: current sample rate, report rate & buffering are equal to requested (50.000000,0.000000,0)
03-08 19:40:00.911   732   732 I qti_sensors_hal: SMGRReportAdd:sensor(android.sensor.gyroscope) handle=3, sample_rate=50.000000 report_rate=0 buffer=0
03-08 19:40:00.912 14836 14836 D SensorManager: registerListener :: 5, K6DS3TR Gyroscope, 20000, 0,  
03-08 19:40:00.912 14836 14836 D UE4     : App is running in Landscape
03-08 19:40:00.912 14836 14836 D UE4     : === Restoring Transparent Bars ===
03-08 19:40:00.913 14836 14836 D UE4     : ==============> Resuming main init
03-08 19:40:00.920 14836 14901 D UE4     : APK Commandline: ../../../GiftGame/GiftGame.uproject  /Game/Maps/MainGame -Messaging -SessionId=903FDB024FEC95BBC2F4909F93BF504A -SessionOwner="DSU" -SessionName="Launch On Device" -iterative
03-08 19:40:00.920 14836 14901 D UE4     : Override Commandline: ../../../GiftGame/GiftGame.uproject  /Game/Maps/MainGame -Messaging -SessionId=903FDB024FEC95BBC2F4909F93BF504A -SessionOwner="DSU" -SessionName="Launch On Device" -iterative
03-08 19:40:00.920 14836 14901 D UE4     : Final commandline: ../../../GiftGame/GiftGame.uproject  /Game/Maps/MainGame -Messaging -SessionId=903FDB024FEC95BBC2F4909F93BF504A -SessionOwner="DSU" -SessionName="Launch On Device" -iterative
03-08 19:40:00.920 14836 14901 D UE4     : Created sync event
03-08 19:40:00.923 14836 14836 D UE4     : ==============> GameActive.onResume complete!
03-08 19:40:00.936 14836 14836 V threaded_app: InputQueueCreated: 0xda6acda0 -- 0xda6aec40
03-08 19:40:00.936 14836 14902 V threaded_app: APP_CMD_INPUT_CHANGED
03-08 19:40:00.936 14836 14902 V threaded_app: Attaching input queue to looper
03-08 19:40:00.938 14836 14836 D ViewRootImpl@f1c9a4b[GameActivity]: setView = DecorView@732bc28[GameActivity] TM=true MM=false
03-08 19:40:00.943  1865  5596 D ActivityManager: post active user change for 0 fullscreen true isHomeActivity() false
03-08 19:40:00.944   732   881 I qti_sensors_hal: processReportInd: Cal Mag Filter, 0, 0, 0.000000, 0.000000, 0.000000, 0.000000, 0.000000, 0.000000, 16.442871, -26.362610, -52.743530
03-08 19:40:00.947 14836 14836 D ViewRootImpl@e58ced6[GameActivity]: dispatchAttachedToWindow
03-08 19:40:00.948   732   881 I qti_sensors_hal: processReportInd: Accel - X: 0.053 Y: -0.378 Z: 9.734
03-08 19:40:00.948   732   881 I qti_sensors_hal: processReportInd: Gyro - X: 0.232 Y: 0.601 Z: -0.287 status: 3
03-08 19:40:00.808  1865  5588 W StorageManager: getStorageLowBytes lowPercent : 5, lowBytes : 1225677414, maxLowBytes : 524288000
03-08 19:40:00.950  1865  5596 V WindowManager: Relayout Window{c9684c8 u0 com.TeamNA.GiftGame/com.epicgames.ue4.GameActivity}: viewVisibility=0 req=1920x1008 WM.LayoutParams{(0,0)(fillxfill) gr=#11 sim=#120 ty=2 fl=#1810508 pfl=0x20000 wanim=0x1030001 vsysui=0xf06 needsMenuKey=2 colorMode=0 naviIconColor=0}
03-08 19:40:00.951   773   773 I SurfaceFlinger: id=7317 createSurf (1920x1080),1 flag=404, com.TeamNA.GiftGame/com.epicgames.ue4.GameActivity#0
03-08 19:40:00.953  1865  5596 V Surface : sf_framedrop debug : 0x4f4c, game : false, logging : 0
03-08 19:40:00.957   773   773 D SurfaceFlinger: postFramebuffer : visible layers are empty!!
03-08 19:40:00.960 14836 14836 V Surface : sf_framedrop debug : 0x4f4c, game : false, logging : 0
03-08 19:40:00.961 14836 14836 D ViewRootImpl@e58ced6[GameActivity]: Relayout returned: old=[0,0][0,0] new=[0,0][1920,1080] result=0x7 surface={valid=true 3425695744} changed=true
03-08 19:40:00.962 14836 14904 I Adreno  : QUALCOMM build                   : 1b7798b, I8a9bdcf8d3
03-08 19:40:00.962 14836 14904 I Adreno  : Build Date                       : 03/15/18
03-08 19:40:00.962 14836 14904 I Adreno  : OpenGL ES Shader Compiler Version: EV031.22.00.01
03-08 19:40:00.962 14836 14904 I Adreno  : Local Branch                     : 
03-08 19:40:00.962 14836 14904 I Adreno  : Remote Branch                    : refs/tags/AU_LINUX_ANDROID_LA.UM.6.5.R1.08.00.00.312.043
03-08 19:40:00.962 14836 14904 I Adreno  : Remote Branch                    : NONE
03-08 19:40:00.962 14836 14904 I Adreno  : Reconstruct Branch               : NOTHING
03-08 19:40:00.969 14836 14904 I vndksupport: sphal namespace is not configured for this process. Loading /vendor/lib/hw/gralloc.msm8996.so from the current namespace instead.
03-08 19:40:00.972 14836 14904 I Adreno  : PFP: 0x005ff087, ME: 0x005ff063
03-08 19:40:00.979 14836 14904 I OpenGLRenderer: Initialized EGL, version 1.4
03-08 19:40:00.979 14836 14904 D OpenGLRenderer: Swap behavior 2
03-08 19:40:00.983 14836 14904 D libGLESv1: STS_GLApi : DTS, ODTC are not allowed for Package : com.TeamNA.GiftGame
03-08 19:40:00.983 14836 14836 V InputMethodManager: Not IME target window, ignoring
03-08 19:40:00.984 14836 14904 D OpenGLRenderer: eglCreateWindowSurface = 0xdf4ea6a0
03-08 19:40:00.990   773   773 D SurfaceFlinger: postFramebuffer : visible layers are empty!!
03-08 19:40:00.994 14836 14836 D ViewRootImpl@f1c9a4b[GameActivity]: dispatchAttachedToWindow
03-08 19:40:00.996  1865  5588 V WindowManager: Relayout Window{12d2e3 u0 com.TeamNA.GiftGame/com.epicgames.ue4.GameActivity}: viewVisibility=0 req=1920x1008 WM.LayoutParams{(0,0)(fillxfill) sim=#10 ty=1 fl=#1810500 pfl=0x20000 fmt=1 wanim=0x1030001 vsysui=0x1706 sysuil=true needsMenuKey=2 colorMode=0 naviIconColor=0}
03-08 19:40:00.997   773   773 D SurfaceFlinger: duplicate layer name: changing com.TeamNA.GiftGame/com.epicgames.ue4.GameActivity to com.TeamNA.GiftGame/com.epicgames.ue4.GameActivity#1
03-08 19:40:00.997   773   773 I SurfaceFlinger: id=7318 createSurf (1920x1080),1 flag=4, com.TeamNA.GiftGame/com.epicgames.ue4.GameActivity#1
03-08 19:40:00.998  1865  5588 V Surface : sf_framedrop debug : 0x4f4c, game : false, logging : 0
03-08 19:40:00.999  1865  2074 D WindowManager: set systemUiVisibility : systemUiFlags= 0x170e fullscreenStackSysUiFlags= 0x0
03-08 19:40:01.002  1865  5588 D InputDispatcher: Focus entered window: 14836
03-08 19:40:01.003  1865  5596 D WindowManager: adjustSystemUiVisibilityLw : vis= 0x170e
03-08 19:40:01.005 14836 14836 V Surface : sf_framedrop debug : 0x4f4c, game : false, logging : 0
03-08 19:40:01.006 14836 14836 D ViewRootImpl@f1c9a4b[GameActivity]: Relayout returned: old=[0,0][0,0] new=[0,0][1920,1080] result=0x7 surface={valid=true 3424641024} changed=true
03-08 19:40:01.007   773   773 D SurfaceFlinger: postFramebuffer : visible layers are empty!!
03-08 19:40:01.020 14836 14904 D OpenGLRenderer: eglCreateWindowSurface = 0xdf4ea6c8
03-08 19:40:01.023   773   773 D SurfaceFlinger: postFramebuffer : visible layers are empty!!
03-08 19:40:01.028   773   773 I SurfaceFlinger: id=7319 createSurf (1920x1080),4 flag=404, SurfaceView - com.TeamNA.GiftGame/com.epicgames.ue4.GameActivity@4de7d41@0#0
03-08 19:40:01.029   773   773 I SurfaceFlinger: id=7320 createSurf (1920x1080),-1 flag=20404, Background for - SurfaceView - com.TeamNA.GiftGame/com.epicgames.ue4.GameActivity@4de7d41@0#0
03-08 19:40:01.030 14836 14836 D SurfaceView: BG show() Surface(name=Background for - SurfaceView - com.TeamNA.GiftGame/com.epicgames.ue4.GameActivity@4de7d41@0) android.view.SurfaceView{4de7d41 V.E...... ......ID 0,0-1920,1080}
03-08 19:40:01.039 14836 14836 V Surface : sf_framedrop debug : 0x4f4c, game : false, logging : 0
03-08 19:40:01.040 14836 14836 D SurfaceView: surfaceCreated 1 android.view.SurfaceView{4de7d41 V.E...... ......ID 0,0-1920,1080}
03-08 19:40:01.040   773   773 D SurfaceFlinger: postFramebuffer : visible layers are empty!!
03-08 19:40:01.040 14836 14836 V threaded_app: NativeWindowCreated: 0xda6acda0 -- 0xcc1fe808
03-08 19:40:01.040 14836 14902 V threaded_app: APP_CMD_INIT_WINDOW
03-08 19:40:01.040 14836 14902 D UE4     : Case APP_CMD_INIT_WINDOW
03-08 19:40:01.040 14836 14836 D SurfaceView: surfaceChanged (1920,1080) 1 android.view.SurfaceView{4de7d41 V.E...... ......ID 0,0-1920,1080}
03-08 19:40:01.041 14836 14902 D UE4     : LogAndroidEvents: EnqueueAppEvent : 0, 3424643080, tid = 14902
03-08 19:40:01.057 14836 14836 V threaded_app: Pause: 0xda6acda0
03-08 19:40:01.057 14836 14902 V threaded_app: activityState=13
03-08 19:40:01.057 14836 14902 D UE4     : Case APP_CMD_PAUSE
03-08 19:40:01.057 14836 14902 D UE4     : LogAndroidEvents: EnqueueAppEvent : 6, 0, tid = 14902
03-08 19:40:01.057 14836 14836 D UE4     : Unregistering sensor listeners
03-08 19:40:01.058  1865  5588 D SensorService: Calling activate off 1
03-08 19:40:01.059  1865  5588 D SensorService: Calling activate off 3
03-08 19:40:01.061  1865  5588 D SensorService: Calling activate off 5
03-08 19:40:01.062 14836 14836 D SensorManager: unregisterListener ::   
03-08 19:40:01.062 14836 14836 D UE4     : ==============> GameActive.onPause complete!
03-08 19:40:01.063  1865  5596 D ActivityManager: isScaleDownAnimationEnabled() : false
03-08 19:40:01.064  1865  5596 D StorageManagerService: getExternalStorageMountMode : 2
03-08 19:40:01.064  1865  5596 D StorageManagerService: getExternalStorageMountMode : 3
03-08 19:40:01.064  1865  5596 D StorageManagerService: getExternalStorageMountMode : final mountMode=2, uid : 10019, packageName : com.google.android.packageinstaller
03-08 19:40:01.065  1865  5596 I ApplicationPolicy: isApplicationExternalStorageWhitelisted:com.google.android.packageinstaller user:0
03-08 19:40:01.065  1865  5596 D ApplicationPolicy: isApplicationExternalStorageWhitelisted: DO is not enabled on user 0. Allowed.
03-08 19:40:01.065  1865  5596 D ActivityManager: package  com.google.android.packageinstaller, user - 0 is SDcard whitelisted
03-08 19:40:01.065  1865  5596 I ApplicationPolicy: isApplicationExternalStorageBlacklisted:com.google.android.packageinstaller user:0
03-08 19:40:01.065  1865  5596 D ApplicationPolicy: isApplicationExternalStorageBlacklisted: DO is not enabled on user 0. Allowed.
03-08 19:40:01.082 14919 14919 E Zygote  : isWhitelistProcess - Process is Whitelisted
03-08 19:40:01.083 14919 14919 E libpersona: scanKnoxPersonas
03-08 19:40:01.083 14919 14919 E libpersona: Couldn't open the File - /data/system/users/0/personalist.xml - No such file or directory
03-08 19:40:01.084  1865  5596 I ActivityManager: Start proc 14919:com.google.android.packageinstaller/u0a19 for activity com.google.android.packageinstaller/com.android.packageinstaller.permission.ui.GrantPermissionsActivity
03-08 19:40:01.086 14919 14919 W SELinux : SELinux selinux_android_compute_policy_index : Policy Index[2],  Con:u:r:zygote:s0 RAM:SEPF_SM-G930V_8.0.0_0016, [-1 -1 -1 -1 0 1]
03-08 19:40:01.087 14919 14919 I SELinux : SELinux: seapp_context_lookup: seinfo=apm, level=s0:c512,c768, pkgname=com.google.android.packageinstaller 
03-08 19:40:01.092 14836 14836 D ViewRootImpl@e58ced6[GameActivity]: MSG_RESIZED_REPORT: frame=Rect(0, 0 - 1920, 1080) ci=Rect(0, 0 - 0, 0) vi=Rect(0, 0 - 0, 0) or=2
03-08 19:40:01.111   807   833 E Sensors : sns_reg.c(279):invalid data len: 1541402964 (126)
03-08 19:40:01.124   773   773 D SurfaceFlinger: postFramebuffer : visible layers are empty!!
03-08 19:40:01.136 14919 14919 D TimaKeyStoreProvider: TimaKeyStore is not enabled: cannot add TimaSignature Service and generateKeyPair Service
03-08 19:40:01.137 14919 14919 D ActivityThread: Added TimaKeyStore provider
03-08 19:40:01.140  1865  5596 I ActivityManager: DSS on for com.google.android.packageinstaller and scale is 1.0
03-08 19:40:01.155  1865  5596 D PersonaManagerService: Current focused persona service handled id set to : 0
03-08 19:40:01.158  1865  5596 D InputDispatcher: Focused application set to: xxxx
03-08 19:40:01.159  1865  5596 D InputDispatcher: Focus left window: 14836
03-08 19:40:01.163  1865  2992 D GameManagerService: handleForegroundChange(). pkgName: com.google.android.packageinstaller, clsName: com.android.packageinstaller.permission.ui.GrantPermissionsActivity,FgActivityName:com.google.android.packageinstaller/com.android.packageinstaller.permission.ui.GrantPermissionsActivity
03-08 19:40:01.163  1865  2992 D GameManagerService: sem_perfomance_mode: 0
03-08 19:40:01.163  1865  2992 D GameManagerService: notifyResumePause(). pkg: com.google.android.packageinstaller, type: 4, isMinimized: false, isTunableApp: false
03-08 19:40:01.163  1865  2992 D GameManagerService:   notifyResumePause(). do nothing. mKillNotiCount: 3
03-08 19:40:01.164  1865  5596 D MARsPolicyManager: onPackageResumedFG pkgName = com.google.android.packageinstaller, userId = 0
03-08 19:40:01.174   773   773 D SurfaceFlinger: postFramebuffer : visible layers are empty!!
03-08 19:40:01.174  1865  3760 D Dex2oatAdjuster: Before bg size = 0
03-08 19:40:01.174  1865  3760 D Dex2oatAdjuster: After bg size = 0 fg size = 0
03-08 19:40:01.175  3378  4902 D ForegroundUtils: could not check pending caller
03-08 19:40:01.177  1865  9170 D GamePkgDataHelper: getGamePkgDataIncServer(). com.google.android.packageinstaller
03-08 19:40:01.178  1865  9170 D GameManagerService: identifyGamePackage. com.google.android.packageinstaller
03-08 19:40:01.179  1865  9170 D GamePkgDataHelper: getGamePkgData(). com.google.android.packageinstaller
03-08 19:40:01.179  1865  9170 D GameManagerService: identifyGamePackage. com.google.android.packageinstaller
03-08 19:40:01.179  1865  9170 D GamePkgDataHelper: getGamePkgData(). com.google.android.packageinstaller
03-08 19:40:01.188 14836 14904 I vndksupport: sphal namespace is not configured for this process. Loading /vendor/lib/hw/gralloc.msm8996.so from the current namespace instead.
03-08 19:40:01.189  1044  5051 V APM_AudioPolicyManager: getAudioPolicyConfig: audioParam;outDevice
03-08 19:40:01.189  1044  5051 V APM_AudioPolicyManager: getNewOutputDevice() selected device 0
03-08 19:40:01.189  1044  5051 V APM_AudioPolicyManager: ### curdevice : 2
03-08 19:40:01.190  1044  5051 V APM_AudioPolicyManager: getAudioPolicyConfig: audioParam;outDevice
03-08 19:40:01.190  1044  5051 V APM_AudioPolicyManager: getNewOutputDevice() selected device 0
03-08 19:40:01.190  1044  5051 V APM_AudioPolicyManager: ### curdevice : 2
03-08 19:40:01.191   773   773 D SurfaceFlinger: postFramebuffer : visible layers are empty!!
03-08 19:40:01.191  1044  5051 V APM_AudioPolicyManager: getAudioPolicyConfig: audioParam;outDevice
03-08 19:40:01.191  1044  5051 V APM_AudioPolicyManager: getNewOutputDevice() selected device 0
03-08 19:40:01.191  1044  5051 V APM_AudioPolicyManager: ### curdevice : 2
03-08 19:40:01.194 14919 14919 I zygote64: no shared libraies, dex_files: 1
03-08 19:40:01.200  1044  5051 V APM_AudioPolicyManager: getAudioPolicyConfig: audioParam;activeStream
03-08 19:40:01.200  1044  5051 V APM_AudioPolicyManager: ### active stream : 0
03-08 19:40:01.201  1865  9170 D AudioService: active stream is 0x0
03-08 19:40:01.203  1865  9170 D GameManagerService: identifyGamePackage. com.google.android.packageinstaller
03-08 19:40:01.204  1865  9170 D GamePkgDataHelper: getGamePkgData(). com.google.android.packageinstaller
03-08 19:40:01.204  1865  9170 D GameManagerService: identifyGamePackage. com.google.android.packageinstaller
03-08 19:40:01.204  1865  9170 D GamePkgDataHelper: getGamePkgData(). com.google.android.packageinstaller
03-08 19:40:01.250 14919 14924 I zygote64: Do partial code cache collection, code=0B, data=0B
03-08 19:40:01.251 14919 14924 I zygote64: After code cache collection, code=0B, data=0B
03-08 19:40:01.251 14919 14924 I zygote64: Increasing code cache capacity to 128KB
03-08 19:40:01.253 14919 14924 I zygote64: Do partial code cache collection, code=0B, data=0B
03-08 19:40:01.254 14919 14924 I zygote64: After code cache collection, code=0B, data=0B
03-08 19:40:01.254 14919 14924 I zygote64: Increasing code cache capacity to 256KB
03-08 19:40:01.264 14919 14924 I zygote64: Method exceeds compiler instruction limit: 25337 in void org.ccil.cowan.tagsoup.HTMLSchema.<init>()
03-08 19:40:01.302  1865  2517 D MdnieScenarioControlService:  packageName : com.google.android.packageinstaller    className : com.android.packageinstaller.permission.ui.GrantPermissionsActivity
03-08 19:40:01.303  1865  2517 V MdnieScenarioControlService: setUIMode from UI function(3)
03-08 19:40:01.307 14919 14919 D ScrollView: initGoToTop
03-08 19:40:01.312 14836 14901 D UE4     : EGL Extensions: 
