03-09 20:33:07.871  1865  5655 D InputDispatcher: Focused application set to: xxxx
03-09 20:33:07.873  1044  5051 V MultiRecordManager: setParameters(): io 0, keyvalue display_rotation=1, calling pid 1865
03-09 20:33:07.873  1865  2992 D GameManagerService: handleForegroundChange(). pkgName: com.TeamNA.GiftGame, clsName: com.epicgames.ue4.GameActivity,FgActivityName:com.TeamNA.GiftGame/com.epicgames.ue4.GameActivity
03-09 20:33:07.873  1865  2992 D GameManagerService:   handleForegroundChange(). same package with Prev KILL_YOURSELF. ignore
03-09 20:33:07.873  1865  5655 D MARsPolicyManager: onPackageResumedFG pkgName = com.TeamNA.GiftGame, userId = 0
03-09 20:33:07.879  1865  5655 V WindowManager: rotationForOrientationLw(orient=0, last=1); user=0 USER_ROTATION_LOCKED sensorRotation=-1 mLidState=-1 mDockMode=0 mHdmiPlugged=false
03-09 20:33:07.887  1865  2437 V WindowManager: rotationForOrientationLw(orient=0, last=1); user=0 USER_ROTATION_LOCKED sensorRotation=-1 mLidState=-1 mDockMode=0 mHdmiPlugged=false
03-09 20:33:07.896  1865  5655 D StorageManagerService: getExternalStorageMountMode : 1
03-09 20:33:07.896  1865  5655 D StorageManagerService: getExternalStorageMountMode : 3
03-09 20:33:07.896  1865  5655 D StorageManagerService: getExternalStorageMountMode : final mountMode=1, uid : 1000, packageName : com.samsung.android.lool
03-09 20:33:07.897  1865  5655 I ApplicationPolicy: isApplicationExternalStorageWhitelisted:com.samsung.android.lool user:0
03-09 20:33:07.897  1865  5655 D ApplicationPolicy: isApplicationExternalStorageWhitelisted: DO is not enabled on user 0. Allowed.
03-09 20:33:07.897  1865  5655 D ActivityManager: package  com.samsung.android.lool, user - 0 is SDcard whitelisted
03-09 20:33:07.897  1865  5655 I ApplicationPolicy: isApplicationExternalStorageBlacklisted:com.samsung.android.lool user:0
03-09 20:33:07.897  1865  5655 D ApplicationPolicy: isApplicationExternalStorageBlacklisted: DO is not enabled on user 0. Allowed.
03-09 20:33:07.904  1865  2437 V WindowManager: rotationForOrientationLw(orient=0, last=1); user=0 USER_ROTATION_LOCKED sensorRotation=-1 mLidState=-1 mDockMode=0 mHdmiPlugged=false
03-09 20:33:07.907   773   773 I SurfaceFlinger: Display 0 HWC layers:
03-09 20:33:07.907   773   773 I SurfaceFlinger:     type    |    handle    | flag |  format   |   source crop (l,t,r,b)    |         frame       | name 
03-09 20:33:07.907   773   773 I SurfaceFlinger: ------------+--------------+------+-----------+----------------------------+---------------------+------
03-09 20:33:07.907   773   773 I SurfaceFlinger:      Client | 0x71ad58ed80 | 0002 | RGBA_8888 | 216.0    0.0 1703.0 1080.0 |    0  229 1080 1692 | Splash Screen com.TeamNA.GiftGame#0
03-09 20:33:07.907   773   773 I SurfaceFlinger:      Client | 0x71ad5c3280 | 0000 | RGBA_8888 |   0.0    0.0 1080.0 1920.0 |    0    0 1080 1920 | ScreenshotSurface#0
03-09 20:33:07.907   773   773 I SurfaceFlinger:      Client |              | 0000 |  Unknown  |  -0.4   -0.9   -0.9   -1.0 |    0    0 1080  291 | BlackSurface#0
03-09 20:33:07.907   773   773 I SurfaceFlinger:      Client |              | 0000 |  Unknown  |  -0.9   -0.0   -1.0   -0.6 |    0    0  201 1920 | BlackSurface#1
03-09 20:33:07.907   773   773 I SurfaceFlinger:      Client |              | 0000 |  Unknown  |  -0.1    0.0   -0.6   -0.1 |    0 1629 1080 1920 | BlackSurface#1
03-09 20:33:07.907   773   773 I SurfaceFlinger:      Client |              | 0000 |  Unknown  |   0.0   -0.4   -0.1   -1.0 |  879    0 1080 1920 | BlackSurface#1
03-09 20:33:07.907   773   773 I SurfaceFlinger: 
03-09 20:33:07.914  7219  7219 I EnhanceService: [EnhanceService] onbind () called 
03-09 20:33:07.920  1865  2437 V WindowManager: rotationForOrientationLw(orient=0, last=1); user=0 USER_ROTATION_LOCKED sensorRotation=-1 mLidState=-1 mDockMode=0 mHdmiPlugged=false
03-09 20:33:07.928  7232  7232 D TimaKeyStoreProvider: TimaKeyStore is not enabled: cannot add TimaSignature Service and generateKeyPair Service
03-09 20:33:07.929  1865  3154 W StorageManager: getStorageLowBytes lowPercent : 5, lowBytes : 1225677414, maxLowBytes : 524288000
03-09 20:33:07.930  1865  5655 I ActivityManager: Start proc 7252:com.samsung.android.lool/1000 for service com.samsung.android.lool/com.samsung.android.sm.ui.booster.PerformanceTile
03-09 20:33:07.930  3108  3336 D TileLifecycleManager: onStartListening
03-09 20:33:07.931  7232  7232 D ActivityThread: Added TimaKeyStore provider
03-09 20:33:07.932  1865  5655 W StorageManager: getStorageLowBytes lowPercent : 5, lowBytes : 1225677414, maxLowBytes : 524288000
03-09 20:33:07.934  1865  5655 I ActivityManager: DSS on for com.android.settings and scale is 1.0
03-09 20:33:07.938  1865  2437 V WindowManager: rotationForOrientationLw(orient=0, last=1); user=0 USER_ROTATION_LOCKED sensorRotation=-1 mLidState=-1 mDockMode=0 mHdmiPlugged=false
03-09 20:33:07.942  3108  3336 D Tile.RotationLockTile:  handleUpdateState: false orientation = true
03-09 20:33:07.942  3108  3336 W Tile.CustomTile: handleUpdateState : hasPendingBind Power
03-09 20:33:07.942  3108  3336 W Tile.CustomTile: saving
03-09 20:33:07.945  7252  7252 E Zygote  : isWhitelistProcess - Process is Whitelisted
03-09 20:33:07.947  7252  7252 E libpersona: scanKnoxPersonas
03-09 20:33:07.947  7252  7252 E libpersona: Couldn't open the File - /data/system/users/0/personalist.xml - No such file or directory
03-09 20:33:07.949  3108  3336 W Tile.CustomTile: handleUpdateState : hasPendingBind Performance
03-09 20:33:07.949  3108  3336 W Tile.CustomTile: mode
03-09 20:33:07.951 14061 14061 I ServiceManager: [#CMH#] Bound to Package  com.samsung.enhanceservice
03-09 20:33:07.953  1865  2437 V WindowManager: rotationForOrientationLw(orient=0, last=1); user=0 USER_ROTATION_LOCKED sensorRotation=-1 mLidState=-1 mDockMode=0 mHdmiPlugged=false
03-09 20:33:07.955  7219  7219 I EnhanceService: [EnhanceService] onSetResponseHandler () called 
03-09 20:33:07.959  7252  7252 W SELinux : SELinux selinux_android_compute_policy_index : Policy Index[2],  Con:u:r:zygote:s0 RAM:SEPF_SM-G930V_8.0.0_0016, [-1 -1 -2 -1 0 1]
03-09 20:33:07.960  7252  7252 I SELinux : SELinux: seapp_context_lookup: seinfo=platform, pkgname=com.samsung.android.lool 
03-09 20:33:07.976  7195  7195 D OVRPlugin: JNI_OnLoad
03-09 20:33:07.980  7232  7232 I zygote64: find the special shared library, skip check
03-09 20:33:07.982  7232  7232 I chatty  : uid=1000(system) com.android.settings:QuickSettingsTile identical 1 line
03-09 20:33:07.987  1865  2437 I chatty  : uid=1000(system) android.anim identical 2 lines
03-09 20:33:07.999  7232  7232 I zygote64: find the special shared library, skip check
03-09 20:33:08.003  1865  2437 V WindowManager: rotationForOrientationLw(orient=0, last=1); user=0 USER_ROTATION_LOCKED sensorRotation=-1 mLidState=-1 mDockMode=0 mHdmiPlugged=false
03-09 20:33:08.007  7252  7252 D TimaKeyStoreProvider: TimaKeyStore is not enabled: cannot add TimaSignature Service and generateKeyPair Service
03-09 20:33:08.008  7252  7252 D ActivityThread: Added TimaKeyStore provider
03-09 20:33:08.010  1865  3210 I ActivityManager: DSS on for com.samsung.android.lool and scale is 1.0
03-09 20:33:08.011  3108  3512 D SystemServicesProxy: updateOverviewLastStackActiveTimeAsync: newTime=1552185187871
03-09 20:33:08.013  1865  3154 D SecContentProvider: query(), uri = 17 selection = isSettingsChangesAllowed
03-09 20:33:08.014  7232  7232 I zygote64: find the special shared library, skip check
03-09 20:33:08.014  1865  3154 D SecContentProvider: called from android.uid.systemui:10063
03-09 20:33:08.015  3108  3250 D SystemServicesProxy: updateOverviewLastStackActiveTimeAsync: done.
03-09 20:33:08.021  1865  2437 V WindowManager: rotationForOrientationLw(orient=0, last=1); user=0 USER_ROTATION_LOCKED sensorRotation=-1 mLidState=-1 mDockMode=0 mHdmiPlugged=false
03-09 20:33:08.037  1865  2437 V WindowManager: rotationForOrientationLw(orient=0, last=1); user=0 USER_ROTATION_LOCKED sensorRotation=-1 mLidState=-1 mDockMode=0 mHdmiPlugged=false
03-09 20:33:08.039  1865  3210 I ActivityManager: KPU : put [com.oryanmat.trellowidget] : 16069 K
03-09 20:33:08.039  1865  3210 I ActivityManager: Killing 6084:com.oryanmat.trellowidget/u0a550 (adj 906): DHA:empty #25
03-09 20:33:08.040  1865  3210 I ActivityManager: KPU : put [com.android.printspooler] : 4741 K
03-09 20:33:08.041  1865  3210 I ActivityManager: Killing 6347:com.android.printspooler/u0a148 (adj 906): DHA:empty #25
03-09 20:33:08.047  7232  7232 I zygote64: find the special shared library, skip check
03-09 20:33:08.053  1865  2437 V WindowManager: rotationForOrientationLw(orient=0, last=1); user=0 USER_ROTATION_LOCKED sensorRotation=-1 mLidState=-1 mDockMode=0 mHdmiPlugged=false
03-09 20:33:08.057  3108  3512 D skia    : approximate: numPoints=3, lengths[0]=0.000000, totalLength=1.542925, segmentPoints[0]=[0.000000,1.000000]
03-09 20:33:08.057  3108  3512 D skia    : approximate: approximation[0]=0.000000, approximation[1]=0.000000, approximation[2]=1.000000
03-09 20:33:08.057  3108  3512 D skia    : approximate: numPoints=3, lengths[2]=1.542925, totalLength=1.542925, segmentPoints[2]=[1.000000,0.000000]
03-09 20:33:08.057  3108  3512 D skia    : approximate: approximation[6]=1.000000, approximation[7]=1.000000, approximation[8]=0.000000
03-09 20:33:08.057  3108  3512 D skia    : approximate: numPoints=4, lengths[0]=0.000000, totalLength=1.529557, segmentPoints[0]=[0.000000,1.000000]
03-09 20:33:08.057  3108  3512 D skia    : approximate: approximation[0]=0.000000, approximation[1]=0.000000, approximation[2]=1.000000
03-09 20:33:08.057  3108  3512 D skia    : approximate: numPoints=4, lengths[3]=1.529557, totalLength=1.529557, segmentPoints[3]=[1.000000,0.000000]
03-09 20:33:08.057  3108  3512 D skia    : approximate: approximation[9]=1.000000, approximation[10]=1.000000, approximation[11]=0.000000
03-09 20:33:08.057  3108  3512 D skia    : approximate: numPoints=19, lengths[0]=0.000000, totalLength=1.115446, segmentPoints[0]=[0.000000,0.250000]
03-09 20:33:08.057  3108  3512 D skia    : approximate: approximation[0]=0.000000, approximation[1]=0.000000, approximation[2]=0.250000
03-09 20:33:08.057  3108  3512 D skia    : approximate: numPoints=19, lengths[18]=1.115446, totalLength=1.115446, segmentPoints[18]=[1.000000,0.150000]
03-09 20:33:08.057  3108  3512 D skia    : approximate: approximation[54]=1.000000, approximation[55]=1.000000, approximation[56]=0.150000
03-09 20:33:08.057  3108  3512 D skia    : approximate: numPoints=4, lengths[0]=0.000000, totalLength=1.162570, segmentPoints[0]=[0.000000,0.250000]
03-09 20:33:08.057  3108  3512 D skia    : approximate: approximation[0]=0.000000, approximation[1]=0.000000, approximation[2]=0.250000
03-09 20:33:08.057  3108  3512 D skia    : approximate: numPoints=4, lengths[3]=1.162570, totalLength=1.162570, segmentPoints[3]=[1.000000,0.250000]
03-09 20:33:08.057  3108  3512 D skia    : approximate: approximation[9]=1.000000, approximation[10]=1.000000, approximation[11]=0.250000
03-09 20:33:08.070  7195  7195 D UE4     : Used memory before allocating anything was 177.73MB
03-09 20:33:08.073  1865  2437 I chatty  : uid=1000(system) android.anim identical 1 line
03-09 20:33:08.074  7252  7252 I zygote64: find the special shared library, skip check
03-09 20:33:08.076  1004  1004 E audit   : type=1400 audit(1552185188.067:51148): avc:  denied  { write } for  pid=7252 comm="ng.android.lool" name="com.samsung.android.lool-3nnoLjh5WC3vOcrPOtWRTQ==" dev="dm-1" ino=591378 scontext=u:r:system_app:s0 tcontext=u:object_r:apk_data_file:s0 tclass=dir permissive=0 SEPF_SM-G930V_8.0.0_0016 audit_filtered
03-09 20:33:08.076  1004  1004 E audit   : type=1300 audit(1552185188.067:51148): arch=c00000b7 syscall=48 success=no exit=-13 a0=ffffff9c a1=7ab239e9c0 a2=2 a3=0 items=0 ppid=1026 pid=7252 auid=4294967295 uid=1000 gid=1000 euid=1000 suid=1000 fsuid=1000 egid=1000 sgid=1000 fsgid=1000 tty=(none) ses=4294967295 comm="ng.android.lool" exe="/system/bin/app_process64" subj=u:r:system_app:s0 key=(null)
03-09 20:33:08.076  1004  1004 E audit   : type=1327 audit(1552185188.067:51148): proctitle="com.samsung.android.lool"
03-09 20:33:08.076  1004  1004 E audit   : type=1400 audit(1552185188.067:51149): avc:  denied  { write } for  pid=7252 comm="ng.android.lool" name="com.samsung.android.lool-3nnoLjh5WC3vOcrPOtWRTQ==" dev="dm-1" ino=591378 scontext=u:r:system_app:s0 tcontext=u:object_r:apk_data_file:s0 tclass=dir permissive=0 SEPF_SM-G930V_8.0.0_0016 audit_filtered
03-09 20:33:08.076  1004  1004 E audit   : type=1300 audit(1552185188.067:51149): arch=c00000b7 syscall=56 success=no exit=-13 a0=ffffff9c a1=7ab239c280 a2=42 a3=1b6 items=0 ppid=1026 pid=7252 auid=4294967295 uid=1000 gid=1000 euid=1000 suid=1000 fsuid=1000 egid=1000 sgid=1000 fsgid=1000 tty=(none) ses=4294967295 comm="ng.android.lool" exe="/system/bin/app_process64" subj=u:r:system_app:s0 key=(null)
03-09 20:33:08.076  1004  1004 E audit   : type=1327 audit(1552185188.067:51149): proctitle="com.samsung.android.lool"
03-09 20:33:08.095  1865  2437 V WindowManager: rotationForOrientationLw(orient=0, last=1); user=0 USER_ROTATION_LOCKED sensorRotation=-1 mLidState=-1 mDockMode=0 mHdmiPlugged=false
03-09 20:33:08.100  3378  3403 D ForegroundUtils: could not check pending caller
03-09 20:33:08.102  1865  3210 V WindowManager: rotationForOrientationLw(orient=0, last=1); user=0 USER_ROTATION_LOCKED sensorRotation=-1 mLidState=-1 mDockMode=0 mHdmiPlugged=false
03-09 20:33:08.111  1865  2437 V WindowManager: rotationForOrientationLw(orient=0, last=1); user=0 USER_ROTATION_LOCKED sensorRotation=-1 mLidState=-1 mDockMode=0 mHdmiPlugged=false
03-09 20:33:08.121  1865  2437 V WindowManager: rotationForOrientationLw(orient=0, last=1); user=0 USER_ROTATION_LOCKED sensorRotation=-1 mLidState=-1 mDockMode=0 mHdmiPlugged=false
03-09 20:33:08.135  3378  3403 D ForegroundUtils: could not check pending caller
03-09 20:33:08.139  1865  3210 V WindowManager: rotationForOrientationLw(orient=0, last=1); user=0 USER_ROTATION_LOCKED sensorRotation=-1 mLidState=-1 mDockMode=0 mHdmiPlugged=false
03-09 20:33:08.141  7252  7252 D CapsuleProvider_1.0.1: onCreate
03-09 20:33:08.155  1865  2437 V WindowManager: rotationForOrientationLw(orient=0, last=1); user=0 USER_ROTATION_LOCKED sensorRotation=-1 mLidState=-1 mDockMode=0 mHdmiPlugged=false
03-09 20:33:08.169  1865  3210 W StorageManager: getStorageLowBytes lowPercent : 5, lowBytes : 1225677414, maxLowBytes : 524288000
03-09 20:33:08.177  1865  2437 V WindowManager: rotationForOrientationLw(orient=0, last=1); user=0 USER_ROTATION_LOCKED sensorRotation=-1 mLidState=-1 mDockMode=0 mHdmiPlugged=false
03-09 20:33:08.186  3136  3136 E adbd    : recv: OPEN 000024f0 00000000 0009:74 63 70 3A 36 36 36 36 00 
03-09 20:33:08.187  3136  3136 E adbd    : service_to_fd: tcp:6666
03-09 20:33:08.190  1144  1287 D DnsProxyListener: DNSDBG::dns addrinfo af 2
03-09 20:33:08.191  1865  2437 V WindowManager: rotationForOrientationLw(orient=0, last=1); user=0 USER_ROTATION_LOCKED sensorRotation=-1 mLidState=-1 mDockMode=0 mHdmiPlugged=false
03-09 20:33:08.191  1865  3210 W StorageManager: getStorageLowBytes lowPercent : 5, lowBytes : 1225677414, maxLowBytes : 524288000
03-09 20:33:08.194  1865  3210 W StorageManager: getStorageLowBytes lowPercent : 5, lowBytes : 1225677414, maxLowBytes : 524288000
03-09 20:33:08.196  3136  3136 E adbd    : failed to connect to socket 'tcp:6666': Connection refused
03-09 20:33:08.210  7252  7252 D SamsungAnalytics111040: cf feature is supported
03-09 20:33:08.210  1865  2437 V WindowManager: rotationForOrientationLw(orient=0, last=1); user=0 USER_ROTATION_LOCKED sensorRotation=-1 mLidState=-1 mDockMode=0 mHdmiPlugged=false
03-09 20:33:08.222   773   773 I SurfaceFlinger: Display 0 HWC layers:
03-09 20:33:08.222   773   773 I SurfaceFlinger:     type    |    handle    | flag |  format   |   source crop (l,t,r,b)    |         frame       | name 
03-09 20:33:08.222   773   773 I SurfaceFlinger: ------------+--------------+------+-----------+----------------------------+---------------------+------
03-09 20:33:08.222   773   773 I SurfaceFlinger:      Client | 0x71ad58ed80 | 0002 | RGBA_8888 |   1.0    1.0 1919.0 1079.0 |    0    0 1080 1920 | Splash Screen com.TeamNA.GiftGame#0
03-09 20:33:08.222   773   773 I SurfaceFlinger:      Client | 0x71ad5c3280 | 0000 | RGBA_8888 |   0.0    0.0 1080.0 1920.0 |    0    0 1080 1920 | ScreenshotSurface#0
03-09 20:33:08.222   773   773 I SurfaceFlinger: 
03-09 20:33:08.223  7252  7252 D SamsungAnalytics111040: [Tracker] Tracker start:1.11.040
03-09 20:33:08.231  1865  3070 D WifiConnectivityMonitor:  [|210]
03-09 20:33:08.237  1865  2437 I chatty  : uid=1000(system) android.anim identical 2 lines
03-09 20:33:08.246  7252  7252 I PerformanceTile: onCreate, Performance0
03-09 20:33:08.256  3108  3108 D TileLifecycleManager: onServiceConnected ComponentInfo{com.samsung.android.lool/com.samsung.android.sm.ui.booster.PerformanceTile}
03-09 20:33:08.256  3108  3108 D TileLifecycleManager: Handling pending onStartListening
03-09 20:33:08.256  3108  3108 D TileLifecycleManager: onStartListening
03-09 20:33:08.258  1865  2437 V WindowManager: rotationForOrientationLw(orient=0, last=1); user=0 USER_ROTATION_LOCKED sensorRotation=-1 mLidState=-1 mDockMode=0 mHdmiPlugged=false
03-09 20:33:08.266  1865  3210 D SecContentProvider: query(), uri = 17 selection = isSettingsChangesAllowed
03-09 20:33:08.267  1865  3210 D SecContentProvider: called from android.uid.system:1000
03-09 20:33:08.269  7252  7252 I PerformanceTile: updateState, mode=0, state=1
03-09 20:33:08.271  1865  2437 V WindowManager: rotationForOrientationLw(orient=0, last=1); user=0 USER_ROTATION_LOCKED sensorRotation=-1 mLidState=-1 mDockMode=0 mHdmiPlugged=false
03-09 20:33:08.271  3108 29610 D Tile.CustomTile: updateState : Label = Performance
03-09 20:33:08.271  3108 29610 D Tile.CustomTile: mode, State = 1, Icon = Icon(typ=RESOURCE pkg=com.samsung.android.lool id=0x7f02008e)
03-09 20:33:08.274  7232  7232 W zygote64: Class com.samsung.context.sdk.samsunganalytics.SamsungAnalytics failed lock verification and will run slower.
03-09 20:33:08.274  7232  7232 W zygote64: Common causes for lock verification issues are non-optimized dex code
03-09 20:33:08.274  7232  7232 W zygote64: and incorrect proguard optimizations.
03-09 20:33:08.277  7232  7232 D SamsungAnalytics: cf feature is supported
03-09 20:33:08.282  7232  7232 D SamsungAnalytics: [Tracker] Tracker start:1.8.15
03-09 20:33:08.285   773   851 I SurfaceFlinger: id=7800 Removed ScreenshotSurface#0 (4/8)
03-09 20:33:08.286  7232  7279 I Settings_Utils: getFotaBadgeCount badgeCount : 0
03-09 20:33:08.287   773   847 I SurfaceFlinger: id=7800 Removed ScreenshotSurface#0 (-2/8)
03-09 20:33:08.287   773  2529 I SurfaceFlinger: id=7801 Removed BlackSurface#0 (4/7)
03-09 20:33:08.287   773  1000 I SurfaceFlinger: id=7802 Removed BlackSurface#1 (4/6)
03-09 20:33:08.287   773   851 I SurfaceFlinger: id=7801 Removed BlackSurface#0 (-2/6)
03-09 20:33:08.287   773   851 I SurfaceFlinger: id=7802 Removed BlackSurface#1 (-2/6)
03-09 20:33:08.287   773  1000 I SurfaceFlinger: id=7803 Removed BlackSurface#1 (4/5)
03-09 20:33:08.287   773  1000 I SurfaceFlinger: id=7803 Removed BlackSurface#1 (-2/5)
03-09 20:33:08.288   773  2528 I SurfaceFlinger: id=7804 Removed BlackSurface#1 (4/4)
03-09 20:33:08.288   773  2528 I SurfaceFlinger: id=7804 Removed BlackSurface#1 (-2/4)
03-09 20:33:08.288   773   773 I SurfaceFlinger: Display 0 HWC layers:
03-09 20:33:08.288   773   773 I SurfaceFlinger:     type    |    handle    | flag |  format   |   source crop (l,t,r,b)    |         frame       | name 
03-09 20:33:08.288   773   773 I SurfaceFlinger: ------------+--------------+------+-----------+----------------------------+---------------------+------
03-09 20:33:08.288   773   773 I SurfaceFlinger:      Client | 0x71ad58ed80 | 0002 | RGBA_8888 |   1.0    1.0 1919.0 1079.0 |    0    0 1080 1920 | Splash Screen com.TeamNA.GiftGame#0
03-09 20:33:08.288   773   773 I SurfaceFlinger: 
03-09 20:33:08.292  1865  2437 V WindowManager: rotationForOrientationLw(orient=0, last=1); user=0 USER_ROTATION_LOCKED sensorRotation=-1 mLidState=-1 mDockMode=0 mHdmiPlugged=false
03-09 20:33:08.299  3108  3108 D TileLifecycleManager: onServiceConnected ComponentInfo{com.android.settings/com.samsung.android.settings.qstile.PowerSavingTile}
03-09 20:33:08.299  3108  3108 D TileLifecycleManager: Handling pending onStartListening
03-09 20:33:08.299  3108  3108 D TileLifecycleManager: onStartListening
03-09 20:33:08.300   773   773 I Layer   : id=7802 onRemoved BlackSurface#1 
03-09 20:33:08.300   773   773 I Layer   : id=7803 onRemoved BlackSurface#1 
03-09 20:33:08.300   773   773 I Layer   : id=7804 onRemoved BlackSurface#1 
03-09 20:33:08.300   773   773 I Layer   : id=7801 onRemoved BlackSurface#0 
03-09 20:33:08.300   773   773 I Layer   : id=7800 onRemoved ScreenshotSurface#0 
03-09 20:33:08.307  7232  7232 D PSMUtils: getCurrentPowerSavingMode: 0
03-09 20:33:08.310  3108 29610 D Tile.CustomTile: updateState : Label = Power
03-09 20:33:08.310  3108 29610 D Tile.CustomTile: saving, State = 1, Icon = Icon(typ=RESOURCE pkg=com.android.settings id=0x7f0805dd)
03-09 20:33:08.347  7195  7195 D UE4     : In the JNI_OnLoad function
03-09 20:33:08.347  7195  7195 D UE4     : [JNI] - Failed to determine if app purchasing is enabled!
03-09 20:33:08.350  1865  5655 W StorageManager: getStorageLowBytes lowPercent : 5, lowBytes : 1225677414, maxLowBytes : 524288000
03-09 20:33:08.351  7195  7195 D UE4     : Path found as '/storage/emulated/0'
03-09 20:33:08.351  7195  7195 D UE4     : Font Path found as '/system/fonts/'
03-09 20:33:08.351  7195  7195 D UE4     : In the JNI_OnLoad function 5
03-09 20:33:08.371  1865  3210 W StorageManager: getStorageLowBytes lowPercent : 5, lowBytes : 1225677414, maxLowBytes : 524288000
03-09 20:33:08.375  1865  3210 W StorageManager: getStorageLowBytes lowPercent : 5, lowBytes : 1225677414, maxLowBytes : 524288000
03-09 20:33:08.378  2835  2874 I RecursiveFileObserver: SOMETHING HAPPENED: /mnt/sdcard/Android/data/com.TeamNA.GiftGame
03-09 20:33:08.380  7195  7195 V threaded_app: Creating: 0xda6acda0
03-09 20:33:08.380  7195  7285 V threaded_app: Config: mcc=311 mnc=480 lang=en cnt=US orien=2 touch=3 dens=480 keys=1 nav=1 keysHid=3 navHid=0 sdk=26 size=2 long=2 modetype=1 modenight=1
03-09 20:33:08.381  7195  7285 D UE4     : Entering native app glue main function
03-09 20:33:08.381  7195  7285 D UE4     : Created event thread
03-09 20:33:08.381  7195  7285 D UE4     : Entered AndroidMain()
03-09 20:33:08.381  7195  7286 D UE4     : Entering event processing thread engine entry point
03-09 20:33:08.381  7195  7286 D UE4     : Prepared looper for event thread
03-09 20:33:08.381  7195  7286 D UE4     : Passed callback initialization
03-09 20:33:08.381  7195  7286 D UE4     : Passed sensor initialization
03-09 20:33:08.386  7195  7285 D UE4     : Controller interface supported
03-09 20:33:08.400  1865  3154 W StorageManager: getStorageLowBytes lowPercent : 5, lowBytes : 1225677414, maxLowBytes : 524288000
03-09 20:33:08.430  7195  7287 D OpenGLRenderer: HWUI GL Pipeline
03-09 20:33:08.450  7195  7195 D ViewRootImpl@e58ced6[GameActivity]: setView = DecorView@a597557[] TM=true MM=false
03-09 20:33:08.453  7195  7195 D UE4     : Target SDK is 28.  This may cause issues if permissions are denied by the user.
03-09 20:33:08.455  7195  7195 D PermissionFragment: Creating PlayGamesFragment
03-09 20:33:08.469  1865  3210 I ActivityManager: START u0 {act=android.content.pm.action.REQUEST_PERMISSIONS typ=null flg=0x0 cmp=ComponentInfo{com.google.android.packageinstaller/com.android.packageinstaller.permission.ui.GrantPermissionsActivity}} from uid 10574
03-09 20:33:08.470  1865  3210 W ActivityManager: REQUEST_PERMISSIONS Action.
03-09 20:33:08.476   737   778 E ANDR-PERF-MPCTL: Invalid profile no. 0, total profiles 0 only
03-09 20:33:08.476  1865  3210 D CustomFrequencyManagerService: releaseDVFSLockLocked : Getting Lock type frm List : DVFS_MIN_LIMIT  frequency : 1555200  uid : 1000  pid : 1865  tag : AMS_APP_SWITCH@CPU_MIN@69
03-09 20:33:08.477  1865  3210 D CustomFrequencyManagerService: acquireDVFSLockLocked : type : DVFS_MIN_LIMIT  frequency : 1555200  uid : 1000  pid : 1865  pkgName : AMS_APP_SWITCH@CPU_MIN@69
03-09 20:33:08.477  1865  3210 D ActivityManagerPerformance: AMP_acquire() APP_SWITCH
03-09 20:33:08.477  1865  3761 D ActivityManagerPerformance: Received MSG_CFMS_HINT_AMS_SWITCH pkgName: com.google.android.packageinstaller
03-09 20:33:08.505  7195  7195 D UE4     : Vulkan version: 1.0.3
03-09 20:33:08.505  7195  7195 D UE4     : Vulkan level: 0
03-09 20:33:08.509  7195  7195 D UE4     : Found DepthBufferPreference = 0
03-09 20:33:08.509  7195  7195 D UE4     : Found bPackageDataInsideApk = 0
03-09 20:33:08.509  7195  7195 D UE4     : Found ProjectName = GiftGame
03-09 20:33:08.509  7195  7195 D UE4     : Found AppType = 
03-09 20:33:08.509  7195  7195 D UE4     : Found bHasOBBFiles = 0
03-09 20:33:08.510  7195  7195 D UE4     : Found bVerifyOBBOnStartUp = false
03-09 20:33:08.510  7195  7195 D UE4     : UI hiding set to true
03-09 20:33:08.510  7195  7195 D UE4     : BuildConfiguration set to Development
03-09 20:33:08.510  7195  7195 D UE4     : UseExternalFilesDir set to false
03-09 20:33:08.510  7195  7195 D UE4     : AllowIMU set to true
03-09 20:33:08.511  7195  7195 D UE4     : SupportsVulkan set to false
03-09 20:33:08.511  7195  7195 D UE4     : No GearVR mode detected.
03-09 20:33:08.518  1865  3458 W StorageManager: getStorageLowBytes lowPercent : 5, lowBytes : 1225677414, maxLowBytes : 524288000
03-09 20:33:08.526  7195  7195 I Adreno  : QUALCOMM build                   : 1b7798b, I8a9bdcf8d3
03-09 20:33:08.526  7195  7195 I Adreno  : Build Date                       : 03/15/18
03-09 20:33:08.526  7195  7195 I Adreno  : OpenGL ES Shader Compiler Version: EV031.22.00.01
03-09 20:33:08.526  7195  7195 I Adreno  : Local Branch                     : 
03-09 20:33:08.526  7195  7195 I Adreno  : Remote Branch                    : refs/tags/AU_LINUX_ANDROID_LA.UM.6.5.R1.08.00.00.312.043
03-09 20:33:08.526  7195  7195 I Adreno  : Remote Branch                    : NONE
03-09 20:33:08.526  7195  7195 I Adreno  : Reconstruct Branch               : NOTHING
03-09 20:33:08.530  7195  7195 I vndksupport: sphal namespace is not configured for this process. Loading /vendor/lib/hw/gralloc.msm8996.so from the current namespace instead.
03-09 20:33:08.544  7195  7195 I Adreno  : PFP: 0x005ff087, ME: 0x005ff063
03-09 20:33:08.574  7195  7195 D UE4     : Hardware: Qualcomm Technologies, Inc MSM8996
03-09 20:33:08.574  7195  7195 D UE4     : ro.hardware: qcom
03-09 20:33:08.576  7195  7195 D UE4     : Memory: 3722 MB
03-09 20:33:08.590  1865  3210 W StorageManager: getStorageLowBytes lowPercent : 5, lowBytes : 1225677414, maxLowBytes : 524288000
03-09 20:33:08.592  7195  7195 D UE4     : UseAffinity: false
03-09 20:33:08.592  7195  7195 D UE4     : BigCoreMask: 0xffff
03-09 20:33:08.592  7195  7195 D UE4     : LittleCoreMask: 0x0
03-09 20:33:08.594  7195  7195 D UE4     : APK path: /data/app/com.TeamNA.GiftGame-f6edWi92X9OgTUsw1F54pA==/base.apk
03-09 20:33:08.595  7195  7195 D UE4     : OBB in APK: false
03-09 20:33:08.598  1865  3210 W StorageManager: getStorageLowBytes lowPercent : 5, lowBytes : 1225677414, maxLowBytes : 524288000
03-09 20:33:08.601  7195  7195 D UE4     : InternalFilePath found as '/data/user/0/com.TeamNA.GiftGame/files'
03-09 20:33:08.601  7195  7195 D UE4     : ExternalFilePath found as '/storage/emulated/0/Android/data/com.TeamNA.GiftGame/files'
03-09 20:33:08.602  7195  7195 D UE4     : App is running in Landscape
03-09 20:33:08.603  7195  7195 D UE4     : Android version is 8.0.0
03-09 20:33:08.603  7195  7195 D UE4     : Android manufacturer is samsung
03-09 20:33:08.603  7195  7195 D UE4     : Android model is SM-G930V
03-09 20:33:08.604  7195  7195 D UE4     : Android build number is R16NW.G930VVRS9CSB1
03-09 20:33:08.604  7195  7195 D UE4     : OS language is set to en_US
03-09 20:33:08.604  7195  7195 D UE4     : Debugger attached is false
03-09 20:33:08.613  7195  7288 D UE4     : Used memory: 190436
03-09 20:33:08.710  7195  7195 W PopupManager: You have not specified a View to use as content view for popups. Falling back to the Activity content view. Note that this may not work as expected in multi-screen environments
03-09 20:33:08.714  7195  7195 D UE4     : ==============> GameActive.onCreate complete!
03-09 20:33:08.715  7195  7195 V threaded_app: Start: 0xda6acda0
03-09 20:33:08.715  7195  7286 V threaded_app: activityState=10
03-09 20:33:08.715  7195  7286 D UE4     : LogAndroidEvents: EnqueueAppEvent : 9, 0, tid = 7286
03-09 20:33:08.716  7195  7195 D UE4     : Creating console command broadcast listener
03-09 20:33:08.718  7195  7195 D UE4     : ==================================> Inside onStart function in GameActivity
03-09 20:33:08.722  7195  7195 V threaded_app: Resume: 0xda6acda0
03-09 20:33:08.722  7195  7286 V threaded_app: activityState=11
03-09 20:33:08.722  7195  7286 D UE4     : Case APP_CMD_RESUME
03-09 20:33:08.722  7195  7286 D UE4     : LogAndroidEvents: EnqueueAppEvent : 7, 0, tid = 7286
03-09 20:33:08.723  7195  7195 D UE4     : === Restoring Transparent Bars ===
03-09 20:33:08.723  7195  7195 D UE4     : ==============> [JAVA] AndroidThunkJava_KeepScreenOn(false) - Enabled screen saver
03-09 20:33:08.723  7195  7195 D UE4     : Registering sensor listeners
03-09 20:33:08.724  1865  3154 I SensorService: createSensorEventConnection package name com.epicgames.ue4.GameActivity
03-09 20:33:08.726  1865  3154 D SensorService: Calling batch handle==1 flags=0 rate=20000000 timeout== 0
03-09 20:33:08.726   732   732 I qti_sensors_hal: batch:sensor(android.sensor.accelerometer) handle:1 flags:0x0 period_ns 20000000
03-09 20:33:08.726   732   732 I qti_sensors_hal: batch: current sample rate, report rate & buffering are equal to requested (50.000000,0.000000,0)
03-09 20:33:08.728   732   732 I qti_sensors_hal: SMGRReportAdd:sensor(android.sensor.accelerometer) handle=1, sample_rate=50.000000 report_rate=0 buffer=0
03-09 20:33:08.729  7195  7195 D SensorManager: registerListener :: 1, K6DS3TR Accelerometer, 20000, 0,  
03-09 20:33:08.730  1865  3210 D SensorService: Calling batch handle==3 flags=0 rate=20000000 timeout== 0
03-09 20:33:08.730   732   732 I qti_sensors_hal: batch:sensor(android.sensor.magnetic_field) handle:11 flags:0x0 period_ns 20000000
03-09 20:33:08.730   732   732 I qti_sensors_hal: batch: current sample rate, report rate & buffering are equal to requested (50.000000,0.000000,0)
03-09 20:33:08.731   732   732 I qti_sensors_hal: SMGRReportAdd:sensor(android.sensor.magnetic_field) handle=11, sample_rate=50.000000 report_rate=0 buffer=0
03-09 20:33:08.733  7195  7195 D SensorManager: registerListener :: 3, AK09911C Magnetometer, 20000, 0,  
03-09 20:33:08.734  1865  3210 D SensorService: Calling batch handle==5 flags=0 rate=20000000 timeout== 0
03-09 20:33:08.734   732   732 I qti_sensors_hal: batch:sensor(android.sensor.gyroscope) handle:3 flags:0x0 period_ns 20000000
03-09 20:33:08.734   732   732 I qti_sensors_hal: batch: current sample rate, report rate & buffering are equal to requested (50.000000,0.000000,0)
03-09 20:33:08.735   732   732 I qti_sensors_hal: SMGRReportAdd:sensor(android.sensor.gyroscope) handle=3, sample_rate=50.000000 report_rate=0 buffer=0
03-09 20:33:08.736   732   881 I qti_sensors_hal: processReportInd: Cal Mag Filter, 0, 0, 0.000000, 0.000000, 0.000000, 0.000000, 0.000000, 0.000000, 1.383972, -56.422424, -30.435181
03-09 20:33:08.738  7195  7195 D SensorManager: registerListener :: 5, K6DS3TR Gyroscope, 20000, 0,  
03-09 20:33:08.738  7195  7195 D UE4     : App is running in Landscape
03-09 20:33:08.738  7195  7195 D UE4     : === Restoring Transparent Bars ===
03-09 20:33:08.738  7195  7195 D UE4     : ==============> Resuming main init
03-09 20:33:08.743  7195  7285 D UE4     : APK Commandline: ../../../GiftGame/GiftGame.uproject  /Game/Maps/MainGame -Messaging -SessionId=903FDB024FEC95BBC2F4909F93BF504A -SessionOwner="DSU" -SessionName="Launch On Device" -iterative
03-09 20:33:08.744  7195  7285 D UE4     : Override Commandline: ../../../GiftGame/GiftGame.uproject  /Game/Maps/MainGame -Messaging -SessionId=AC02C2234D2B64324331CFB8A9F209E3 -SessionOwner="DSU" -SessionName="Launch On Device" -iterative
03-09 20:33:08.744  7195  7285 D UE4     : Final commandline: ../../../GiftGame/GiftGame.uproject  /Game/Maps/MainGame -Messaging -SessionId=AC02C2234D2B64324331CFB8A9F209E3 -SessionOwner="DSU" -SessionName="Launch On Device" -iterative
03-09 20:33:08.744  7195  7285 D UE4     : Created sync event
03-09 20:33:08.749  7195  7195 D UE4     : ==============> GameActive.onResume complete!
03-09 20:33:08.759  7195  7195 V threaded_app: InputQueueCreated: 0xda6acda0 -- 0xda6ae9c0
03-09 20:33:08.760  7195  7286 V threaded_app: APP_CMD_INPUT_CHANGED
03-09 20:33:08.760  7195  7286 V threaded_app: Attaching input queue to looper
03-09 20:33:08.761  7195  7195 D ViewRootImpl@732bc28[GameActivity]: setView = DecorView@4de7d41[GameActivity] TM=true MM=false
03-09 20:33:08.766  1865  3210 D ActivityManager: post active user change for 0 fullscreen true isHomeActivity() false
03-09 20:33:08.770  7195  7195 D ViewRootImpl@e58ced6[GameActivity]: dispatchAttachedToWindow
03-09 20:33:08.774   732   881 I qti_sensors_hal: processReportInd: Accel - X: -0.249 Y: 0.007 Z: 9.710
03-09 20:33:08.775   732   881 I qti_sensors_hal: processReportInd: Gyro - X: -0.334 Y: -1.207 Z: 0.588 status: 3
03-09 20:33:08.786  1865  3210 V WindowManager: Relayout Window{d947ebf u0 com.TeamNA.GiftGame/com.epicgames.ue4.GameActivity}: viewVisibility=0 req=1920x1008 WM.LayoutParams{(0,0)(fillxfill) gr=#11 sim=#120 ty=2 fl=#1810508 pfl=0x20000 wanim=0x1030001 vsysui=0xf06 needsMenuKey=2 colorMode=0 naviIconColor=0}
03-09 20:33:08.788   773   773 I SurfaceFlinger: id=7805 createSurf (1920x1080),1 flag=404, com.TeamNA.GiftGame/com.epicgames.ue4.GameActivity#0
03-09 20:33:08.789  1865  1926 I zygote64: Background concurrent copying GC freed 129357(6MB) AllocSpace objects, 58(1412KB) LOS objects, 29% free, 57MB/81MB, paused 740us total 353.784ms
03-09 20:33:08.789  1865  3210 V Surface : sf_framedrop debug : 0x4f4c, game : false, logging : 0
03-09 20:33:08.796  7195  7195 V Surface : sf_framedrop debug : 0x4f4c, game : false, logging : 0
03-09 20:33:08.797  7195  7195 D ViewRootImpl@e58ced6[GameActivity]: Relayout returned: old=[0,0][0,0] new=[0,0][1920,1080] result=0x7 surface={valid=true 3424540672} changed=true
03-09 20:33:08.798  7195  7287 I Adreno  : QUALCOMM build                   : 1b7798b, I8a9bdcf8d3
03-09 20:33:08.798  7195  7287 I Adreno  : Build Date                       : 03/15/18
03-09 20:33:08.798  7195  7287 I Adreno  : OpenGL ES Shader Compiler Version: EV031.22.00.01
03-09 20:33:08.798  7195  7287 I Adreno  : Local Branch                     : 
03-09 20:33:08.798  7195  7287 I Adreno  : Remote Branch                    : refs/tags/AU_LINUX_ANDROID_LA.UM.6.5.R1.08.00.00.312.043
03-09 20:33:08.798  7195  7287 I Adreno  : Remote Branch                    : NONE
03-09 20:33:08.798  7195  7287 I Adreno  : Reconstruct Branch               : NOTHING
03-09 20:33:08.805  7195  7287 I vndksupport: sphal namespace is not configured for this process. Loading /vendor/lib/hw/gralloc.msm8996.so from the current namespace instead.
03-09 20:33:08.808  7195  7287 I Adreno  : PFP: 0x005ff087, ME: 0x005ff063
03-09 20:33:08.814  7195  7287 I OpenGLRenderer: Initialized EGL, version 1.4
03-09 20:33:08.814  7195  7287 D OpenGLRenderer: Swap behavior 2
03-09 20:33:08.817  7195  7287 D libGLESv1: STS_GLApi : DTS, ODTC are not allowed for Package : com.TeamNA.GiftGame
03-09 20:33:08.818  7195  7195 V InputMethodManager: Not IME target window, ignoring
03-09 20:33:08.819  7195  7287 D OpenGLRenderer: eglCreateWindowSurface = 0xdf51deb0
03-09 20:33:08.826  7195  7195 D ViewRootImpl@732bc28[GameActivity]: dispatchAttachedToWindow
03-09 20:33:08.828  1865  3154 V WindowManager: Relayout Window{a36c9b6 u0 com.TeamNA.GiftGame/com.epicgames.ue4.GameActivity}: viewVisibility=0 req=1920x1008 WM.LayoutParams{(0,0)(fillxfill) sim=#10 ty=1 fl=#1810500 pfl=0x20000 fmt=1 wanim=0x1030001 vsysui=0x1706 sysuil=true needsMenuKey=2 colorMode=0 naviIconColor=0}
03-09 20:33:08.829   773   773 D SurfaceFlinger: duplicate layer name: changing com.TeamNA.GiftGame/com.epicgames.ue4.GameActivity to com.TeamNA.GiftGame/com.epicgames.ue4.GameActivity#1
03-09 20:33:08.829   773   773 I SurfaceFlinger: id=7806 createSurf (1920x1080),1 flag=4, com.TeamNA.GiftGame/com.epicgames.ue4.GameActivity#1
03-09 20:33:08.830  1865  3154 V Surface : sf_framedrop debug : 0x4f4c, game : false, logging : 0
03-09 20:33:08.830  1865  2074 D WindowManager: set systemUiVisibility : systemUiFlags= 0x170e fullscreenStackSysUiFlags= 0x0
03-09 20:33:08.834  1865  3154 D InputDispatcher: Focus entered window: 7195
03-09 20:33:08.837  7195  7195 V Surface : sf_framedrop debug : 0x4f4c, game : false, logging : 0
03-09 20:33:08.837  1865  3210 D WindowManager: adjustSystemUiVisibilityLw : vis= 0x170e
03-09 20:33:08.838  7195  7195 D ViewRootImpl@732bc28[GameActivity]: Relayout returned: old=[0,0][0,0] new=[0,0][1920,1080] result=0x7 surface={valid=true 3424931840} changed=true
03-09 20:33:08.855  7195  7287 D OpenGLRenderer: eglCreateWindowSurface = 0xdf51ded8
03-09 20:33:08.862   773   773 I SurfaceFlinger: id=7807 createSurf (1920x1080),4 flag=404, SurfaceView - com.TeamNA.GiftGame/com.epicgames.ue4.GameActivity@e2b52e6@0#0
03-09 20:33:08.864   773   773 I SurfaceFlinger: id=7808 createSurf (1920x1080),-1 flag=20404, Background for - SurfaceView - com.TeamNA.GiftGame/com.epicgames.ue4.GameActivity@e2b52e6@0#0
03-09 20:33:08.865  7195  7195 D SurfaceView: BG show() Surface(name=Background for - SurfaceView - com.TeamNA.GiftGame/com.epicgames.ue4.GameActivity@e2b52e6@0) android.view.SurfaceView{e2b52e6 V.E...... ......ID 0,0-1920,1080}
03-09 20:33:08.868  7195  7195 V Surface : sf_framedrop debug : 0x4f4c, game : false, logging : 0
03-09 20:33:08.868  7195  7195 D SurfaceView: surfaceCreated 1 android.view.SurfaceView{e2b52e6 V.E...... ......ID 0,0-1920,1080}
03-09 20:33:08.868  7195  7195 V threaded_app: NativeWindowCreated: 0xda6acda0 -- 0xcc245808
03-09 20:33:08.869  7195  7286 V threaded_app: APP_CMD_INIT_WINDOW
03-09 20:33:08.869  7195  7286 D UE4     : Case APP_CMD_INIT_WINDOW
03-09 20:33:08.869  7195  7195 D SurfaceView: surfaceChanged (1920,1080) 1 android.view.SurfaceView{e2b52e6 V.E...... ......ID 0,0-1920,1080}
03-09 20:33:08.870  7195  7286 D UE4     : LogAndroidEvents: EnqueueAppEvent : 0, 3424933896, tid = 7286
03-09 20:33:08.878  7195  7195 V threaded_app: Pause: 0xda6acda0
03-09 20:33:08.878  7195  7286 V threaded_app: activityState=13
03-09 20:33:08.878  7195  7286 D UE4     : Case APP_CMD_PAUSE
03-09 20:33:08.878  7195  7195 D UE4     : Unregistering sensor listeners
03-09 20:33:08.878  7195  7286 D UE4     : LogAndroidEvents: EnqueueAppEvent : 6, 0, tid = 7286
03-09 20:33:08.879  1865  3210 D SensorService: Calling activate off 1
03-09 20:33:08.881  1865  3210 D SensorService: Calling activate off 3
03-09 20:33:08.883  1865  3210 D SensorService: Calling activate off 5
03-09 20:33:08.887  7195  7195 D SensorManager: unregisterListener ::   
03-09 20:33:08.887  7195  7195 D UE4     : ==============> GameActive.onPause complete!
03-09 20:33:08.888  1865  3154 D ActivityManager: isScaleDownAnimationEnabled() : false
03-09 20:33:08.889  1865  3154 D StorageManagerService: getExternalStorageMountMode : 2
03-09 20:33:08.890  1865  3154 D StorageManagerService: getExternalStorageMountMode : 3
03-09 20:33:08.890  1865  3154 D StorageManagerService: getExternalStorageMountMode : final mountMode=2, uid : 10019, packageName : com.google.android.packageinstaller
03-09 20:33:08.890  1865  3154 I ApplicationPolicy: isApplicationExternalStorageWhitelisted:com.google.android.packageinstaller user:0
03-09 20:33:08.890  1865  3154 D ApplicationPolicy: isApplicationExternalStorageWhitelisted: DO is not enabled on user 0. Allowed.
03-09 20:33:08.890  1865  3154 D ActivityManager: package  com.google.android.packageinstaller, user - 0 is SDcard whitelisted
03-09 20:33:08.890  1865  3154 I ApplicationPolicy: isApplicationExternalStorageBlacklisted:com.google.android.packageinstaller user:0
03-09 20:33:08.890  1865  3154 D ApplicationPolicy: isApplicationExternalStorageBlacklisted: DO is not enabled on user 0. Allowed.
03-09 20:33:08.904  1865  3154 I ActivityManager: Start proc 7301:com.google.android.packageinstaller/u0a19 for activity com.google.android.packageinstaller/com.android.packageinstaller.permission.ui.GrantPermissionsActivity
03-09 20:33:08.908  7301  7301 E Zygote  : isWhitelistProcess - Process is Whitelisted
03-09 20:33:08.909  7301  7301 E libpersona: scanKnoxPersonas
03-09 20:33:08.909  7301  7301 E libpersona: Couldn't open the File - /data/system/users/0/personalist.xml - No such file or directory
03-09 20:33:08.910  7195  7195 D ViewRootImpl@e58ced6[GameActivity]: MSG_RESIZED_REPORT: frame=Rect(0, 0 - 1920, 1080) ci=Rect(0, 0 - 0, 0) vi=Rect(0, 0 - 0, 0) or=2
03-09 20:33:08.913  7301  7301 W SELinux : SELinux selinux_android_compute_policy_index : Policy Index[2],  Con:u:r:zygote:s0 RAM:SEPF_SM-G930V_8.0.0_0016, [-1 -1 -1 -1 0 1]
03-09 20:33:08.914  7301  7301 I SELinux : SELinux: seapp_context_lookup: seinfo=apm, level=s0:c512,c768, pkgname=com.google.android.packageinstaller 
03-09 20:33:08.939   807   833 E Sensors : sns_reg.c(279):invalid data len: 1541402964 (126)
03-09 20:33:08.977  7195  7287 I vndksupport: sphal namespace is not configured for this process. Loading /vendor/lib/hw/gralloc.msm8996.so from the current namespace instead.
03-09 20:33:08.983  7301  7301 D TimaKeyStoreProvider: TimaKeyStore is not enabled: cannot add TimaSignature Service and generateKeyPair Service
03-09 20:33:08.983  7301  7301 D ActivityThread: Added TimaKeyStore provider
03-09 20:33:08.986  1865  3154 I ActivityManager: DSS on for com.google.android.packageinstaller and scale is 1.0
03-09 20:33:09.013  1865  3154 D PersonaManagerService: Current focused persona service handled id set to : 0
03-09 20:33:09.013  1865  3154 D InputDispatcher: Focused application set to: xxxx
03-09 20:33:09.014  1865  3154 D InputDispatcher: Focus left window: 7195
03-09 20:33:09.016  1865  2992 D GameManagerService: handleForegroundChange(). pkgName: com.google.android.packageinstaller, clsName: com.android.packageinstaller.permission.ui.GrantPermissionsActivity,FgActivityName:com.google.android.packageinstaller/com.android.packageinstaller.permission.ui.GrantPermissionsActivity
03-09 20:33:09.016  1865  3154 D MARsPolicyManager: onPackageResumedFG pkgName = com.google.android.packageinstaller, userId = 0
03-09 20:33:09.017  1865  2992 D GameManagerService: sem_perfomance_mode: 0
03-09 20:33:09.017  1865  2992 D GameManagerService: notifyResumePause(). pkg: com.google.android.packageinstaller, type: 4, isMinimized: false, isTunableApp: false
03-09 20:33:09.017  1865  2992 D GameManagerService:   notifyResumePause(). do nothing. mKillNotiCount: 3
03-09 20:33:09.027  1865  9170 D GamePkgDataHelper: getGamePkgDataIncServer(). com.google.android.packageinstaller
03-09 20:33:09.028  1865  2074 D WindowManager: set systemUiVisibility : systemUiFlags= 0x140a fullscreenStackSysUiFlags= 0x0
03-09 20:33:09.029  3378  3403 D ForegroundUtils: could not check pending caller
03-09 20:33:09.029  1865  3760 D Dex2oatAdjuster: Before bg size = 0
03-09 20:33:09.029  1865  3760 D Dex2oatAdjuster: After bg size = 0 fg size = 0
03-09 20:33:09.031  1865  9170 D GameManagerService: identifyGamePackage. com.google.android.packageinstaller
03-09 20:33:09.031  1865  9170 D GamePkgDataHelper: getGamePkgData(). com.google.android.packageinstaller
03-09 20:33:09.033  1865  9170 D GameManagerService: identifyGamePackage. com.google.android.packageinstaller
03-09 20:33:09.033  1865  9170 D GamePkgDataHelper: getGamePkgData(). com.google.android.packageinstaller
03-09 20:33:09.034  1865  3154 D WindowManager: adjustSystemUiVisibilityLw : vis= 0x140a
03-09 20:33:09.038  7301  7301 I zygote64: no shared libraies, dex_files: 1
03-09 20:33:09.043  1044  5051 V APM_AudioPolicyManager: getAudioPolicyConfig: audioParam;outDevice
03-09 20:33:09.043  1044  5051 V APM_AudioPolicyManager: getNewOutputDevice() selected device 0
03-09 20:33:09.043  1044  5051 V APM_AudioPolicyManager: ### curdevice : 2
03-09 20:33:09.043  1044  5051 V APM_AudioPolicyManager: getAudioPolicyConfig: audioParam;outDevice
03-09 20:33:09.043  1044  5051 V APM_AudioPolicyManager: getNewOutputDevice() selected device 0
03-09 20:33:09.043  1044  5051 V APM_AudioPolicyManager: ### curdevice : 2
03-09 20:33:09.044  1044  5051 V APM_AudioPolicyManager: getAudioPolicyConfig: audioParam;outDevice
03-09 20:33:09.044  1044  5051 V APM_AudioPolicyManager: getNewOutputDevice() selected device 0
03-09 20:33:09.044  1044  5051 V APM_AudioPolicyManager: ### curdevice : 2
03-09 20:33:09.053  1044  5051 V APM_AudioPolicyManager: getAudioPolicyConfig: audioParam;activeStream
03-09 20:33:09.054  1044  5051 V APM_AudioPolicyManager: ### active stream : 0
03-09 20:33:09.054  1865  9170 D AudioService: active stream is 0x0
03-09 20:33:09.058  1865  9170 D GameManagerService: identifyGamePackage. com.google.android.packageinstaller
03-09 20:33:09.058  1865  9170 D GamePkgDataHelper: getGamePkgData(). com.google.android.packageinstaller
03-09 20:33:09.059  1865  9170 D GameManagerService: identifyGamePackage. com.google.android.packageinstaller
03-09 20:33:09.060  1865  9170 D GamePkgDataHelper: getGamePkgData(). com.google.android.packageinstaller
03-09 20:33:09.091  7195  7285 D UE4     : EGL Extensions: 
03-09 20:33:09.091  7195  7285 D UE4     : EGL_KHR_get_all_proc_addresses EGL_ANDROID_presentation_time EGL_KHR_swap_buffers_with_damage EGL_ANDROID_get_native_client_buffer EGL_ANDROID_front_buffer_auto_refresh EGL_ANDROID_get_frame_timestamps EGL_KHR_image EGL_KHR_image_base EGL_KHR_lock_surface EGL_KHR_gl_colorspace EGL_KHR_gl_texture_2D_image EGL_KHR_gl_texture_3D_image EGL_KHR_gl_texture_cubemap_image EGL_KHR_gl_renderbuffer_image EGL_KHR_reusable_sync EGL_KHR_fence_sync EGL_KHR_create_context EGL_KHR_surfaceless_context EGL_EXT_create_context_robustness EGL_ANDROID_image_native_buffer EGL_KHR_wait_sync EGL_ANDROID_recordable EGL_KHR_partial_update EGL_EXT_pixel_format_float EGL_KHR_create_context_no_error EGL_KHR_mutable_render_buffer EGL_EXT_yuv_surface EGL_EXT_protected_content EGL_IMG_context_priority EGL_KHR_no_config_context 
03-09 20:33:09.101  7195  7285 D UE4     : FAndroidGPUInfo
03-09 20:33:09.102  7195  7285 D UE4     : AndroidEGL::InitSurface 1, 1
03-09 20:33:09.104  7195  7285 D UE4     : AndroidEGL::CreateEGLSurface() 0xdf51ef90
03-09 20:33:09.104  7195  7285 D UE4     : AndroidEGL::CreateEGLSurface(1), auxSurface = eglCreatePbufferSurface(), 8x8
03-09 20:33:09.108  7301  7310 I zygote64: Do partial code cache collection, code=0B, data=0B
03-09 20:33:09.109  7195  7285 I vndksupport: sphal namespace is not configured for this process. Loading /vendor/lib/hw/vulkan.msm8996.so from the current namespace instead.
03-09 20:33:09.109  7301  7310 I zygote64: After code cache collection, code=0B, data=0B
03-09 20:33:09.109  7301  7310 I zygote64: Increasing code cache capacity to 128KB
03-09 20:33:09.110  7301  7310 I zygote64: Do partial code cache collection, code=0B, data=0B
03-09 20:33:09.110  7301  7310 I zygote64: After code cache collection, code=0B, data=0B
03-09 20:33:09.110  7301  7310 I zygote64: Increasing code cache capacity to 256KB
03-09 20:33:09.110  7301  7310 I zygote64: Method exceeds compiler instruction limit: 25337 in void org.ccil.cowan.tagsoup.HTMLSchema.<init>()
03-09 20:33:09.111  1865  1865 D PreBindingService: handleMessage : 1
03-09 20:33:09.126  1865  1865 D CustomFrequencyManagerService: releaseDVFSLockLocked : Getting Lock type frm List : DVFS_MIN_LIMIT  frequency : 2150400  uid : 1000  pid : 1865  tag : PWM_ROTATION@CPU_MIN@98
03-09 20:33:09.129  1865  3154 V WindowManager: finishDrawingLocked: mDrawState=COMMIT_DRAW_PENDING Window{d947ebf u0 com.TeamNA.GiftGame/com.epicgames.ue4.GameActivity} in Surface(name=com.TeamNA.GiftGame/com.epicgames.ue4.GameActivity)
03-09 20:33:09.136  1865  3154 V WindowManager: Relayout Window{a36c9b6 u0 com.TeamNA.GiftGame/com.epicgames.ue4.GameActivity}: viewVisibility=0 req=1920x1080 WM.LayoutParams{(0,0)(fillxfill) sim=#10 ty=1 fl=#1810500 pfl=0x20000 fmt=1 wanim=0x1030001 vsysui=0x1706 sysuil=true needsMenuKey=2 colorMode=0 naviIconColor=0}
03-09 20:33:09.148  7195  7195 D ViewRootImpl@732bc28[GameActivity]: Relayout returned: old=[0,0][1920,1080] new=[0,0][1920,1080] result=0x3 surface={valid=true 3424931840} changed=false
03-09 20:33:09.159  1865  2517 D MdnieScenarioControlService:  packageName : com.google.android.packageinstaller    className : com.android.packageinstaller.permission.ui.GrantPermissionsActivity
03-09 20:33:09.159  1865  2517 V MdnieScenarioControlService: setUIMode from UI function(3)
03-09 20:33:09.184  7195  7285 D vulkan  : searching for layers in '/data/app/com.TeamNA.GiftGame-f6edWi92X9OgTUsw1F54pA==/lib/arm'
03-09 20:33:09.185  7195  7285 D vulkan  : searching for layers in '/data/app/com.TeamNA.GiftGame-f6edWi92X9OgTUsw1F54pA==/base.apk!/lib/armeabi-v7a'
03-09 20:33:09.185  7195  7285 D vulkan  : vulkan api version_1_0 1.0.0
03-09 20:33:09.185  7195  7285 D vulkan  : vulkan header version 46
03-09 20:33:09.187  7195  7285 I Adreno  : QUALCOMM build          : 1b7798b, I8a9bdcf8d3
03-09 20:33:09.187  7195  7285 I Adreno  : Build Date              : 03/15/18
