--------- beginning of main
10-01 18:16:03.698 15318 15318 E propClient: PropClient failed to load
10-01 18:16:03.796 14669 14669 D SharedPreferencesImpl: Time required to fsync /data/user/0/com.android.vending/shared_prefs/finsky.xml: [<1: 0, <2: 0, <4: 0, <8: 0, <16: 0, <32: 0, <64: 0, <128: 0, <256: 0, <512: 1, <1024: 0, <2048: 0, <4096: 1, <8192: 0, <16384: 0, >=16384: 0]
10-01 18:16:03.796 14669 14669 D QueuedWork: waited: [<1: 0, <2: 0, <4: 0, <8: 0, <16: 0, <32: 0, <64: 0, <128: 0, <256: 0, <512: 0, <1024: 0, <2048: 1, <4096: 0, <8192: 0, <16384: 0, >=16384: 0]
--------- beginning of system
10-01 18:16:03.799  1478  1512 I ActivityManager: KPU : put [com.samsung.android.app.appsedge] : 0 K
10-01 18:16:03.799  1478  1512 I ActivityManager: Killing 14562:com.samsung.android.app.appsedge/u0a2 (adj 906): DHA:empty #25
10-01 18:16:03.802  1478  1512 D ConnectivityService: filterNetworkStateForUid() uid: 10049 networkInfo: [type: WIFI[] - WIFI, state: CONNECTED/CONNECTED, reason: (unspecified), extra: "GoTrojans", failover: false, available: true, roaming: false, metered: false]
10-01 18:16:03.803  1478  1512 I chatty  : uid=1000(system) Binder:1478_1 identical 1 line
10-01 18:16:03.808 14669 14669 I Finsky  : [2] com.google.android.finsky.scheduler.bm.a(66): Jobs in database: 1-1337 
10-01 18:16:03.810 14669 14669 I Finsky  : [2] com.google.android.finsky.scheduler.i.a(68): ConstraintMapping: 1-1337,  -> L: 173014ms, D: 86573014ms, C: false, I: false, N: 1
10-01 18:16:03.811 14669 14669 I Finsky  : [2] com.google.android.finsky.scheduler.JobSchedulerEngine.a(93): Scheduling job Id: 9001, L: 173014, D: 86573014, C: false, I: false, N: 1
10-01 18:16:03.811  1084  2084 D bauth_FPBAuthService: pcf : 0x1012
10-01 18:16:03.812  1084  2084 D bauth_FPBAuthService: thread id : 2, preenroll_flag : 0, nd cnt : 1, cso : 0, et : 0
10-01 18:16:03.812  1084  2084 D bauth_FPBAuthService: FPBAuthService, 7757
10-01 18:16:03.812  1478  1512 D ConnectivityService: filterNetworkStateForUid() uid: 10049 networkInfo: [type: WIFI[] - WIFI, state: CONNECTED/CONNECTED, reason: (unspecified), extra: "GoTrojans", failover: false, available: true, roaming: false, metered: false]
10-01 18:16:03.834 14295 14295 E adbd    : recv: OPEN 00001c79 00000000 004f:73 68 65 6C 6C 2C 76 32 3A 61 6D 20 73 74 61 72 74 20 2D 6E 20 63 6F 6D 2E 59 6F 75 72 43 6F 6D 70 61 6E 79 2E 47 69 66 74 47 61 6D 65 2F 63 6F 6D 2E 65 70 69 63 67 61 6D 65 73 2E 75 65 34 2E 53 70 6C 61 73 68 41 63 74 69 76 69 74 79 00 
10-01 18:16:03.835 14295 14295 E adbd    : service_to_fd: shell,v2:am start -n com.YourCompany.GiftGame/com.epicgames.ue4.SplashActivity
10-01 18:16:03.847 15320 15320 E propClient: PropClient failed to load
10-01 18:16:03.856  2395  2420 D ProcessObserver_FLP: onProcessDied, 14562/10002
10-01 18:16:03.857  2516  2543 D ForegroundUtils: could not check pending caller
10-01 18:16:03.863 15320 15320 E propClient: PropClient failed to load
10-01 18:16:03.900  3743  3949 D ContactsProvider_EventLog: contents_sample_state: [CONTACT contacts(137) data(853) accounts({com.facebook.messenger (31)=41, com.google (2)=36, vnd.sec.contact.phone (1)=123, com.google.android.gm.exchange (28)=1}) accounts deleted({}) calls([logtype:100 cnt:500, logtype:200 cnt:48, logtype:300 cnt:452]) countryIso(US) userId(0)  ]

10-01 18:16:03.900  3743  3949 D ContactsProvider_EventLog: contents_sample_state: [ agr({[2 ,1 ,31]=13, [1 ,31]=18, [1]=82, [28]=1, [2 ,1]=10, [2]=3, [2 ,31]=10})  ]

10-01 18:16:03.900  3743  3949 D ContactsProvider_EventLog: contents_sample_state: [ actCnt({com.samsung.android.messaging(5121)=2, android.process.acore(3743)=1, com.samsung.android.contacts(3579)=4})  ]

10-01 18:16:03.900  3743  3949 D ContactsProvider_EventLog: contents_sample_state: [PROFILE contacts(1) data(5) accounts({vnd.sec.contact.phone (1)=1})  ]

10-01 18:16:03.900  3743  3949 D ContactsProvider_EventLog: contents_sample_state: [SAPROFILE contacts(1) data(7) accounts({vnd.sec.contact.phone (1)=1})  ]
10-01 18:16:03.902  3743  3949 E ContactsProvider_EventLog: Flush buffer to file cnt : 1 size : 1Kb duration : 1ms lastUpdatedAfter : 24345 ms mFlush_time_threasold : 2000 mCurrentSize : 795
10-01 18:16:03.903 15323 15323 E propClient: PropClient failed to load
10-01 18:16:03.957  1478  3507 I ActivityManager: START u0 {act=null typ=null flg=0x10000000 cmp=ComponentInfo{com.YourCompany.GiftGame/com.epicgames.ue4.SplashActivity}} from uid 2000
10-01 18:16:03.972  1478  3507 D CustomFrequencyManagerService: acquireDVFSLockLocked : type : DVFS_MIN_LIMIT  frequency : 2361600  uid : 1000  pid : 1478  pkgName : AMS_APP_SWITCH@CPU_MIN@20
10-01 18:16:03.973  1478  3507 D ActivityManagerPerformance: AMP_acquire() APP_SWITCH
10-01 18:16:03.973  1478  3185 D ActivityManagerPerformance: Received MSG_CFMS_HINT_AMS_SWITCH pkgName: com.YourCompany.GiftGame
10-01 18:16:03.973  1478  3507 E ANDR-PERF-JNI: com_qualcomm_qtiperformance_native_perf_io_prefetch_start
10-01 18:16:03.973  1478  3507 E ANDR-PERF-JNI: gIOPHAl initialized
10-01 18:16:03.975  1478  6929 D TelephonyManager: getAllCellInfo : Caller (PID / UID / TID): 1478 / 1000 / 6929
10-01 18:16:03.976   550   550 W /system/bin/hwservicemanager: getTransportFromManifest: Cannot find entry vendor.qti.hardware.iop@1.0::IIop in either framework or device manifest, using default transport.
10-01 18:16:03.978  1478  3507 E ANDR-PERF-JNI: gIOPHAl calling iopstart from default
10-01 18:16:03.978   639   639 E ANDR-IOP: IOP HAL: Received pkg_name = com.YourCompany.GiftGame pid = -1
10-01 18:16:04.023  1478  1512 D ActivityManager: isScaleDownAnimationEnabled() : false
10-01 18:16:04.024  1478  1512 D StorageManagerService: getExternalStorageMountMode : 3
10-01 18:16:04.024  1478  1512 D StorageManagerService: getExternalStorageMountMode : 3
10-01 18:16:04.026  1478  1757 D ViewRootImpl@bfd787e[GiftGame]: setView = DecorView@50a4e2c[GiftGame] TM=true MM=false
10-01 18:16:04.028  1478  1512 D StorageManagerService: getExternalStorageMountMode : final mountMode=3, uid : 10200, packageName : com.YourCompany.GiftGame
10-01 18:16:04.029  1478  1512 I ApplicationPolicy: isApplicationExternalStorageWhitelisted:com.YourCompany.GiftGame user:0
10-01 18:16:04.029  1478  1512 D ApplicationPolicy: isApplicationExternalStorageWhitelisted: DO is not enabled on user 0. Allowed.
10-01 18:16:04.029  1478  1512 D ActivityManager: package  com.YourCompany.GiftGame, user - 0 is SDcard whitelisted
10-01 18:16:04.029  1478  1512 I ApplicationPolicy: isApplicationExternalStorageBlacklisted:com.YourCompany.GiftGame user:0
10-01 18:16:04.029  1478  1512 D ApplicationPolicy: isApplicationExternalStorageBlacklisted: DO is not enabled on user 0. Allowed.
10-01 18:16:04.035  1478  1757 D ViewRootImpl@bfd787e[GiftGame]: dispatchAttachedToWindow
10-01 18:16:04.035  1478  1757 V WindowManager: Relayout Window{516e1df u0 Splash Screen com.YourCompany.GiftGame}: viewVisibility=0 req=1080x2004 WM.LayoutParams{(0,0)(fillxfill) sim=#20 ty=3 fl=#1830518 pfl=0x1000011 wanim=0x1030001 vsysui=0x10 needsMenuKey=2 colorMode=0 naviIconColor=0}
10-01 18:16:04.042  1478  1512 I ActivityManager: Start proc 15328:com.YourCompany.GiftGame/u0a200 for activity com.YourCompany.GiftGame/com.epicgames.ue4.SplashActivity
10-01 18:16:04.045   661   661 I SurfaceFlinger: id=4374 createSurf (1080x2220),1 flag=404, Splash Screen com.YourCompany.GiftGame#0
10-01 18:16:04.045 15328 15328 E Zygote  : isWhitelistProcess - Process is Whitelisted
10-01 18:16:04.046  1478  1757 V Surface : sf_framedrop debug : 0x4f4c, game : false, logging : 0
10-01 18:16:04.049 15328 15328 W SELinux : SELinux selinux_android_compute_policy_index : Policy Index[2],  Con:u:r:zygote:s0 RAM:SEPF_SM-G950U1_8.0.0_0011, [-1 -1 -1 -1 0 1]
10-01 18:16:04.050 15328 15328 I SELinux : SELinux: seapp_context_lookup: seinfo=untrusted, level=s0:c512,c768, pkgname=com.YourCompany.GiftGame 
10-01 18:16:04.051  1478  1757 D ViewRootImpl@bfd787e[GiftGame]: Relayout returned: old=[0,0][0,0] new=[0,0][1080,2220] result=0x7 surface={valid=true 521984663552} changed=true
10-01 18:16:04.059 14295 14295 E adbd    : recv: OPEN 00001c7d 00000000 000c:73 68 65 6C 6C 2C 76 32 3A 70 73 00 
10-01 18:16:04.059 14295 14295 E adbd    : service_to_fd: shell,v2:ps
10-01 18:16:04.062 15328 15328 I zygote  : Late-enabling -Xcheck:jni
10-01 18:16:04.074 15333 15333 E propClient: PropClient failed to load
10-01 18:16:04.093 15333 15333 E propClient: PropClient failed to load
10-01 18:16:04.093 15328 15328 W zygote  : Using default instruction set features for ARM CPU variant (cortex-a9) using conservative defaults
10-01 18:16:04.100  1478  1757 V WindowManager: finishDrawingLocked: mDrawState=COMMIT_DRAW_PENDING Window{516e1df u0 Splash Screen com.YourCompany.GiftGame} in Surface(name=Splash Screen com.YourCompany.GiftGame)
10-01 18:16:04.129  1478  1821 D SamsungAlarmManager: Expired : 4
10-01 18:16:04.129  1478  1821 I SamsungAlarmManager: setLocked to kernel - T:2 / 20181001T181605, SetElapsed=189294274, nowELAPSED=189292463
10-01 18:16:04.129  1478  1821 V SamsungAlarmManager: Sending to uid : 1000 listener=android.app.AlarmManager$ListenerWrapper@32ee6b8 alarm=Alarm{7f49e8a type 2 when 189292463 android}
10-01 18:16:04.130  1478  1512 I ClientCertificateManager Service: fixContextInfoForMP() returning Caller uid: 10200 ,Container id: 0
10-01 18:16:04.130  1478  1512 I ClientCertificateManager Service: fixContextInfoForMP() returning Caller uid: 10200 ,Container id: 0
10-01 18:16:04.130  1478  1512 I ClientCertificateManager Service: ClientCertificateManager.isPremiumContainer() : false for user : 0
10-01 18:16:04.133  1478  1478 D SamsungAlarmManager: setInexact Listener (T:2/F:0/AC:false) 20181001T181856 - CU:1000/CP:1478
10-01 18:16:04.135  1478  1535 D ConnectivityService: filterNetworkStateForUid() uid: 1000 networkInfo: [type: WIFI[] - WIFI, state: CONNECTED/CONNECTED, reason: (unspecified), extra: "GoTrojans", failover: false, available: true, roaming: false, metered: false]
10-01 18:16:04.135  1478  1512 I ClientCertificateManager Service: fixContextInfoForMP() returning Caller uid: 10200 ,Container id: 0
10-01 18:16:04.135  1478  1512 I ClientCertificateManager Service: fixContextInfoForMP() returning Caller uid: 10200 ,Container id: 0
10-01 18:16:04.135  1478  1512 I ClientCertificateManager Service: ClientCertificateManager.isPremiumContainer() : false for user : 0
10-01 18:16:04.138 15328 15328 D ActivityThread: Added TimaKeyStore provider
10-01 18:16:04.152  1478  1512 I ActivityManager: DSS on for com.YourCompany.GiftGame and scale is 1.0
10-01 18:16:04.161  1478  1512 V WindowManager: rotationForOrientationLw(orient=0, last=0); user=0 USER_ROTATION_LOCKED sensorRotation=-1 mLidState=-1 mDockMode=0 mHdmiPlugged=false
10-01 18:16:04.163  1478  1512 D SamsungPhoneWindowManager: setRotationLw() : rotation=1
10-01 18:16:04.168  1478  1512 D SamsungPhoneWindowManager: semDvfsWakeupBooster.acquire()
10-01 18:16:04.169  1478 15346 D TspStateManagerInternal: update cmd=set_grip_data,2,1,60,10
10-01 18:16:04.187  1478  1512 D InputDispatcher: setInputDispatchMode: enabled=1, frozen=1
10-01 18:16:04.202   661   661 I SurfaceFlinger: id=4375 createSurf (1080x2220),2 flag=4, ScreenshotSurface#0
10-01 18:16:04.204  1478  1512 V Surface : sf_framedrop debug : 0x4f4c, game : false, logging : 0
10-01 18:16:04.204   661   661 V Surface : sf_framedrop debug : 0x4f4c, game : false, logging : 0
10-01 18:16:04.234   661   661 D DisplayDevice: [MultiResolution] Input Value : o = 1, v = (2220x1080), f = (2960x1440), pre-mScaledDisplay = (1080x2220), mDisplay = (1440x2960)
10-01 18:16:04.234   661   661 I SurfaceFlinger: Disp[0] Orientation 0=>1
10-01 18:16:04.236  1478  1512 V WindowManager: rotationForOrientationLw(orient=-1, last=0); user=0 USER_ROTATION_LOCKED sensorRotation=1 mLidState=-1 mDockMode=0 mHdmiPlugged=false
10-01 18:16:04.239  1478  1512 I ActivityManager: Config changes=480 {0 1.0 themeSeq = 0 showBtnBg = 0 311mcc480mnc [en_US] ldltr sw360dp w692dp h336dp 480dpi nrml long hdr land night finger -keyb/v/h -nav/h appBounds=Rect(0, 0 - 2076, 1080) s.11 mkbd/h desktop/d ?dc}
10-01 18:16:04.254   661   661 I SurfaceFlinger: Display 0 HWC layers:
10-01 18:16:04.254   661   661 I SurfaceFlinger:     type    |    handle    | flag |  format   |   source crop (l,t,r,b)    |         frame       | name 
10-01 18:16:04.254   661   661 I SurfaceFlinger: ------------+--------------+------+-----------+----------------------------+---------------------+------
10-01 18:16:04.254   661   661 I SurfaceFlinger:      Device | 0x7572f8ff00 | 0003 | RGBA_8888 |   0.0    0.0 1080.0 1080.0 |    0    0 1080 1080 | com.android.settings/com.android.set[...]ttings$DevelopmentSettingsActivity#0
10-01 18:16:04.254   661   661 I SurfaceFlinger:      Device | 0x7572a14c00 | 0000 | RGBA_8888 |   0.0    0.0 1080.0   72.0 | 1008    0 1080 1080 | StatusBar#0
10-01 18:16:04.254   661   661 I SurfaceFlinger:      Device | 0x7572f8dc00 | 0000 | RGBA_8888 |   0.0    0.0   67.0  445.0 |  163 1013  608 1080 | com.samsung.android.app.cocktailbars[...]ktailbarservice.CocktailBarService#0
10-01 18:16:04.254   661   661 I SurfaceFlinger:      Device | 0x7572f8dc80 | 0000 | RGBA_8888 |   0.0    0.0 1080.0 2220.0 |    0    0 1080 2220 | ScreenshotSurface#0
10-01 18:16:04.254   661   661 I SurfaceFlinger: 
10-01 18:16:04.268   661   661 I SurfaceFlinger: Display 0 HWC layers:
10-01 18:16:04.268   661   661 I SurfaceFlinger:     type    |    handle    | flag |  format   |   source crop (l,t,r,b)    |         frame       | name 
10-01 18:16:04.268   661   661 I SurfaceFlinger: ------------+--------------+------+-----------+----------------------------+---------------------+------
10-01 18:16:04.268   661   661 I SurfaceFlinger:      Device | 0x7572a14c00 | 0000 | RGBA_8888 |   0.0    0.0 1080.0   72.0 | 1008    0 1080 1080 | StatusBar#0
10-01 18:16:04.268   661   661 I SurfaceFlinger:      Device | 0x7572f8dc00 | 0000 | RGBA_8888 |   0.0    0.0   67.0  445.0 |  163 1013  608 1080 | com.samsung.android.app.cocktailbars[...]ktailbarservice.CocktailBarService#0
10-01 18:16:04.268   661   661 I SurfaceFlinger:      Device | 0x7572f8dc80 | 0000 | RGBA_8888 |   0.0    0.0 1080.0 2220.0 |    0    0 1080 2220 | ScreenshotSurface#0
10-01 18:16:04.268   661   661 I SurfaceFlinger: 
10-01 18:16:04.295 10042 10042 V Configuration:  needToUpdateOverlays
10-01 18:16:04.304  3700  3700 V Configuration:  needToUpdateOverlays
10-01 18:16:04.349  3670  3670 V Configuration:  needToUpdateOverlays
10-01 18:16:04.349  3670  3670 I chatty  : uid=10083(u0_a83) com.sec.android.app.launcher identical 13 lines
10-01 18:16:04.350  3670  3670 V Configuration:  needToUpdateOverlays
10-01 18:16:04.352 14847 14847 I Task    : :Ph::onConfigurationChanged : {0 1.0 themeSeq = 0 showBtnBg = 0 311mcc480mnc [en_US] ldltr sw360dp w692dp h336dp 480dpi nrml long hdr land night finger -keyb/v/h -nav/h appBounds=Rect(0, 0 - 2076, 1080) s.11 mkbd/h desktop/d ?dc}
10-01 18:16:04.356 11582 11582 V Configuration:  needToUpdateOverlays
10-01 18:16:04.357 11582 11582 I chatty  : uid=1000(system) com.android.settings identical 12 lines
10-01 18:16:04.357 11582 11582 V Configuration:  needToUpdateOverlays
10-01 18:16:04.362  1478  1512 I ActivityManager: Override config changes=480 {0 1.0 themeSeq = 0 showBtnBg = 0 311mcc480mnc [en_US] ldltr sw360dp w692dp h336dp 480dpi nrml long hdr land night finger -keyb/v/h -nav/h appBounds=Rect(0, 0 - 2076, 1080) s.11 mkbd/h desktop/d ?dc} for displayId=0
10-01 18:16:04.363  1478  1512 I SamsungPhoneWindowManager: setInitialDisplaySize() width=1080, height=2220, density=480, initWidth=1440, initHeight=2960, initDensity=640
10-01 18:16:04.387  3670  3670 V Configuration:  needToUpdateOverlays
10-01 18:16:04.387  3670  3670 I chatty  : uid=10083(u0_a83) com.sec.android.app.launcher identical 6 lines
10-01 18:16:04.387  3670  3670 V Configuration:  needToUpdateOverlays
10-01 18:16:04.390 17015 17015 V Configuration:  needToUpdateOverlays
10-01 18:16:04.390 17015 17015 V Configuration:  needToUpdateOverlays
10-01 18:16:04.399  3670  3670 V Configuration:  needToUpdateOverlays
10-01 18:16:04.402 12479 12479 V Configuration:  needToUpdateOverlays
10-01 18:16:04.402 12479 12479 I chatty  : uid=10006(u0_a6) com.sec.android.easyonehand identical 4 lines
10-01 18:16:04.402 12479 12479 V Configuration:  needToUpdateOverlays
10-01 18:16:04.402 17015 17015 V Configuration:  needToUpdateOverlays
10-01 18:16:04.403 12479 12479 V Configuration:  needToUpdateOverlays
10-01 18:16:04.403 12479 12479 I chatty  : uid=10006(u0_a6) com.sec.android.easyonehand identical 1 line
10-01 18:16:04.403 12479 12479 V Configuration:  needToUpdateOverlays
10-01 18:16:04.407  1478  1478 D TelecomService: onConfigurationChanged {0 1.0 themeSeq = 0 showBtnBg = 0 311mcc480mnc [en_US] ldltr sw360dp w692dp h336dp 480dpi nrml long hdr land night finger -keyb/v/h -nav/h appBounds=Rect(0, 0 - 2076, 1080) s.11 mkbd/h desktop/d ?dc}
10-01 18:16:04.410  1478  1512 D TspStateManagerInternal: updateDefaultValue customSetting=null
10-01 18:16:04.413 12479 12479 D EOHController: returnFullScreen() showAnimation=false, mScale=1.0, mAnimationRunning=false
10-01 18:16:04.415  3693  3693 V Configuration:  needToUpdateOverlays
10-01 18:16:04.415  3693  3693 I chatty  : uid=10046(u0_a46) com.samsung.android.service.peoplestripe identical 3 lines
10-01 18:16:04.415  3693  3693 V Configuration:  needToUpdateOverlays
10-01 18:16:04.418  8111  8111 V Configuration:  needToUpdateOverlays
10-01 18:16:04.418  8111  8111 I chatty  : uid=10133(u0_a133) com.google.android.gm identical 1 line
10-01 18:16:04.418  8111  8111 V Configuration:  needToUpdateOverlays
10-01 18:16:04.422  3670  3670 V Configuration:  needToUpdateOverlays
10-01 18:16:04.422  3670  3670 I chatty  : uid=10083(u0_a83) com.sec.android.app.launcher identical 6 lines
10-01 18:16:04.422  3670  3670 V Configuration:  needToUpdateOverlays
10-01 18:16:04.422  5325  5325 V Configuration:  needToUpdateOverlays
10-01 18:16:04.425  5325  5325 I chatty  : uid=10015(u0_a15) com.samsung.android.app.cocktailbarservice identical 21 lines
10-01 18:16:04.425  5325  5325 V Configuration:  needToUpdateOverlays
10-01 18:16:04.425  3463  3463 D SecUISvc: onConfigurationChanged, old dpi=480, new dpi=480
10-01 18:16:04.426 12479 12521 D OpenGLRenderer: eglDestroySurface = 0x799016c120
10-01 18:16:04.432  1478  1512 I SamsungPhoneWindowManager: setInitialDisplaySize() width=1080, height=2220, density=480, initWidth=1440, initHeight=2960, initDensity=640
10-01 18:16:04.433  1478  1512 D TspStateManagerInternal: updateDefaultValue customSetting=null
10-01 18:16:04.437  2516  2516 V Configuration:  needToUpdateOverlays
10-01 18:16:04.442  8217  8217 V Configuration:  needToUpdateOverlays
10-01 18:16:04.446  5325  5325 V Configuration:  needToUpdateOverlays
10-01 18:16:04.447  5325  5325 I chatty  : uid=10015(u0_a15) com.samsung.android.app.cocktailbarservice identical 29 lines
10-01 18:16:04.447  5325  5325 V Configuration:  needToUpdateOverlays
10-01 18:16:04.449  1478  1512 D VirtualScreen: computeScreenConfiguration - change rect to Rect(-2220, 0 - 0, 1080) mDefaultDisplayRect is Rect(0, 0 - 2220, 1080)
10-01 18:16:04.449  1478  1512 D VirtualScreen: setOffset() mXOffset : 0 mYOffset : 0
10-01 18:16:04.452  1478  2560 V WindowManager: Relayout Window{344bfdf u0 OneHandTouch}: viewVisibility=8 req=1080x210 WM.LayoutParams{(0,2010)(fillx210) gr=#33 sim=#122 ty=2254 fl=#1000528 pfl=0x50 fmt=-3 alpha=0.0 colorMode=0 dimDuration=150 naviIconColor=0 sfl=0x20000}
10-01 18:16:04.454  5325  5325 V Configuration:  needToUpdateOverlays
10-01 18:16:04.466  5325  5325 I chatty  : uid=10015(u0_a15) com.samsung.android.app.cocktailbarservice identical 27 lines
10-01 18:16:04.466  5325  5325 V Configuration:  needToUpdateOverlays
10-01 18:16:04.480  1478  2560 I WindowManager: Destroying surface Surface(name=OneHandTouch) called by com.android.server.wm.WindowStateAnimator.destroySurface:2465 com.android.server.wm.WindowStateAnimator.destroySurfaceLocked:967 com.android.server.wm.WindowState.destroyOrSaveSurfaceUnchecked:3661 com.android.server.wm.WindowState.destroySurface:3609 com.android.server.wm.WindowManagerService.tryStartExitingAnimation:2676 com.android.server.wm.WindowManagerService.relayoutWindow:2460 com.android.server.wm.Session.relayout:249 android.view.IWindowSession$Stub.onTransact:288 
10-01 18:16:04.481   661   747 I SurfaceFlinger: id=23 Removed OneHandTouch#0 (9/10)
10-01 18:16:04.481   661   747 I SurfaceFlinger: id=23 Removed OneHandTouch#0 (-2/10)
10-01 18:16:04.483  1478  1537 D WindowManager: set systemUiVisibility : systemUiFlags= 0xb61a fullscreenStackSysUiFlags= 0x2000
10-01 18:16:04.484   661   661 I Layer   : id=23 onRemoved OneHandTouch#0 
10-01 18:16:04.488  1478  1917 I WifiTrafficPoller: mCpuCoreBooster Lock
10-01 18:16:04.494  3670  3670 V Configuration:  needToUpdateOverlays
10-01 18:16:04.494  3670  3670 I chatty  : uid=10083(u0_a83) com.sec.android.app.launcher identical 1 line
10-01 18:16:04.494  3670  3670 V Configuration:  needToUpdateOverlays
10-01 18:16:04.494  5325  5325 V Configuration:  needToUpdateOverlays
10-01 18:16:04.494  5325  5325 I chatty  : uid=10015(u0_a15) com.samsung.android.app.cocktailbarservice identical 15 lines
10-01 18:16:04.494  5325  5325 V Configuration:  needToUpdateOverlays
10-01 18:16:04.498  1478  2560 D InputDispatcher: Focus left window: 11582
10-01 18:16:04.499  1478  2560 I WindowManager: Failed to capture screenshot of Token{59603a6 ActivityRecord{cf67901 u0 com.android.settings/.Settings$DevelopmentSettingsActivity t11997}} appWin=Window{bfe1feb u0 com.android.settings/com.android.settings.Settings$DevelopmentSettingsActivity} drawState=4
10-01 18:16:04.508 12479 12479 D ViewRootImpl@d2e76cc[OneHandTouch]: Relayout returned: old=[0,2010][1080,2220] new=[0,2010][1080,2220] result=0x5 surface={valid=false 0} changed=true
10-01 18:16:04.508 12479 12479 D EOHTouchWindow: onComputeInternalInsets() scale=1.0, isLeft=false
10-01 18:16:04.715  1478  2333 E Watchdog: !@Sync 3527 [2018-10-01 18:16:04.715]
10-01 18:16:04.720  5325  5325 V Configuration:  needToUpdateOverlays
10-01 18:16:04.720  3670  3670 V Configuration:  needToUpdateOverlays
10-01 18:16:04.720  5325  5325 V Configuration:  needToUpdateOverlays
10-01 18:16:04.720  3670  3670 V Configuration:  needToUpdateOverlays
10-01 18:16:04.720  3670  3670 V Configuration:  needToUpdateOverlays
10-01 18:16:04.720  5325  5325 V Configuration:  needToUpdateOverlays
10-01 18:16:04.720  3670  3670 V Configuration:  needToUpdateOverlays
10-01 18:16:04.720  3670  3670 V Configuration:  needToUpdateOverlays
10-01 18:16:04.720  5325  5325 V Configuration:  needToUpdateOverlays
10-01 18:16:04.722  5325  5325 I chatty  : uid=10015(u0_a15) com.samsung.android.app.cocktailbarservice identical 13 lines
10-01 18:16:04.722  5325  5325 V Configuration:  needToUpdateOverlays
10-01 18:16:04.722  3670  3670 V Configuration:  needToUpdateOverlays
10-01 18:16:04.722  3670  3670 I chatty  : uid=10083(u0_a83) com.sec.android.app.launcher identical 14 lines
10-01 18:16:04.724  3670  3670 V Configuration:  needToUpdateOverlays
10-01 18:16:04.787 11582 11651 D OpenGLRenderer: eglDestroySurface = 0x798b46b9b0
10-01 18:16:04.789  1478 14387 V WindowManager: Relayout Window{bfe1feb u0 com.android.settings/com.android.settings.Settings$DevelopmentSettingsActivity}: viewVisibility=8 req=1080x2220 WM.LayoutParams{(0,0)(fillxfill) sim=#13 ty=1 fl=#81810100 pfl=0x1020000 wanim=0x10302ea vsysui=0x2610 needsMenuKey=2 colorMode=0 naviIconColor=0 sfl=0x1}
10-01 18:16:04.794 11582 11582 D ViewRootImpl@fc127cf[Settings$DevelopmentSettingsActivity]: Relayout returned: old=[0,0][1080,2220] new=[0,0][1080,2220] result=0x5 surface={valid=false 0} changed=true
10-01 18:16:04.812  1084  2084 D bauth_FPBAuthService: pcf : 0x1012
10-01 18:16:04.812  1084  2084 D bauth_FPBAuthService: thread id : 2, preenroll_flag : 0, nd cnt : 1, cso : 0, et : 0
10-01 18:16:04.812  1084  2084 D bauth_FPBAuthService: FPBAuthService, 7757
10-01 18:16:05.030  1478  1512 D PersonaManagerService: Current focused persona service handled id set to : 0
10-01 18:16:05.030  1478  1512 D InputDispatcher: Focused application set to: xxxx
10-01 18:16:05.266 14295 14295 E adbd    : recv: OPEN 00001c7f 00000000 004d:73 68 65 6C 6C 3A 65 78 70 6F 72 74 20 41 4E 44 52 4F 49 44 5F 4C 4F 47 5F 54 41 47 53 3D 22 27 27 22 3B 20 65 78 65 63 20 6C 6F 67 63 61 74 20 27 2D 64 27 20 27 2D 73 27 20 27 55 45 34 27 20 27 2D 73 27 20 27 44 65 62 75 67 27 00 
10-01 18:16:05.266 14295 14295 E adbd    : service_to_fd: shell:export ANDROID_LOG_TAGS="''"; exec logcat '-d' '-s' 'UE4' '-s' 'Debug'
10-01 18:16:05.279 15356 15356 E propClient: PropClient failed to load
10-01 18:16:05.290  3670  3670 V Configuration:  needToUpdateOverlays
10-01 18:16:05.290  3670  3670 I chatty  : uid=10083(u0_a83) com.sec.android.app.launcher identical 7 lines
10-01 18:16:05.290  3670  3670 V Configuration:  needToUpdateOverlays
10-01 18:16:05.372 15356 15356 E propClient: PropClient failed to load
10-01 18:16:05.392 14295 14295 E adbd    : recv: OPEN 00001c80 00000000 0009:74 63 70 3A 36 36 36 36 00 
10-01 18:16:05.392 14295 14295 E adbd    : service_to_fd: tcp:6666
10-01 18:16:05.394   967  1225 D DnsProxyListener: DNSDBG::dns addrinfo af 2
10-01 18:16:05.396 14295 14295 E adbd    : failed to connect to socket 'tcp:6666': Connection refused
10-01 18:16:05.443 14295 14295 E adbd    : recv: OPEN 00001c82 00000000 0035:73 68 65 6C 6C 3A 65 78 70 6F 72 74 20 41 4E 44 52 4F 49 44 5F 4C 4F 47 5F 54 41 47 53 3D 22 27 27 22 3B 20 65 78 65 63 20 6C 6F 67 63 61 74 20 27 2D 64 27 00 
10-01 18:16:05.443 14295 14295 E adbd    : service_to_fd: shell:export ANDROID_LOG_TAGS="''"; exec logcat '-d'
10-01 18:16:05.454 15360 15360 E propClient: PropClient failed to load
10-01 18:16:05.457  1478  2009 D GameManagerService: handleForegroundChange(). pkgName: com.YourCompany.GiftGame, clsName: com.epicgames.ue4.SplashActivity,FgActivityName:com.YourCompany.GiftGame/com.epicgames.ue4.SplashActivity
