11-09 20:51:00.260  1936  2971 W StorageManager: getStorageLowBytes lowPercent : 5, lowBytes : 1225677414, maxLowBytes : 524288000
11-09 20:51:00.261  5567  5567 D UE4     : Path found as '/storage/emulated/0'
11-09 20:51:00.261  5567  5567 D UE4     : Font Path found as '/system/fonts/'
11-09 20:51:00.261  5567  5567 D UE4     : In the JNI_OnLoad function 5
11-09 20:51:00.284   769   769 I SurfaceFlinger: Display 0 HWC layers:
11-09 20:51:00.284   769   769 I SurfaceFlinger:     type    |    handle    | flag |  format   |   source crop (l,t,r,b)    |         frame       | name 
11-09 20:51:00.284   769   769 I SurfaceFlinger: ------------+--------------+------+-----------+----------------------------+---------------------+------
11-09 20:51:00.284   769   769 I SurfaceFlinger:      Client | 0x771ae33100 | 0000 | RGBA_8888 |   0.0    0.0 1080.0 1920.0 |    0    0 1080 1920 | ScreenshotSurface#0
11-09 20:51:00.284   769   769 I SurfaceFlinger: 
11-09 20:51:00.284  1936 11112 D SSRM:j  : SIOP:: AP = 300, PST = 266 (W:6), BAT = 247, CHG = 257
11-09 20:51:00.285  1936  4728 W StorageManager: getStorageLowBytes lowPercent : 5, lowBytes : 1225677414, maxLowBytes : 524288000
11-09 20:51:00.288  1936  4728 W StorageManager: getStorageLowBytes lowPercent : 5, lowBytes : 1225677414, maxLowBytes : 524288000
11-09 20:51:00.290  5567  5567 V threaded_app: Creating: 0xe0f2cda0
11-09 20:51:00.290  5567  5594 V threaded_app: Config: mcc=311 mnc=480 lang=en cnt=US orien=2 touch=3 dens=480 keys=1 nav=1 keysHid=3 navHid=0 sdk=26 size=2 long=2 modetype=1 modenight=1
11-09 20:51:00.290  5567  5594 D UE4     : Entering native app glue main function
11-09 20:51:00.290  5567  5594 D UE4     : Created event thread
11-09 20:51:00.291  5567  5594 D UE4     : Entered AndroidMain()
11-09 20:51:00.291  5567  5595 D UE4     : Entering event processing thread engine entry point
11-09 20:51:00.291  5567  5595 D UE4     : Prepared looper for event thread
11-09 20:51:00.291  5567  5595 D UE4     : Passed callback initialization
11-09 20:51:00.291  5567  5595 D UE4     : Passed sensor initialization
11-09 20:51:00.292  5567  5594 D UE4     : Controller interface supported
11-09 20:51:00.328  5567  5596 D OpenGLRenderer: HWUI GL Pipeline
11-09 20:51:00.337  5567  5567 D ViewRootImpl@a224b96[GameActivity]: setView = DecorView@fa61317[] TM=true MM=false
11-09 20:51:00.340  5567  5567 D PermissionFragment: Creating PlayGamesFragment
11-09 20:51:00.347   769   825 I SurfaceFlinger: id=4633 Removed ScreenshotSurface#0 (4/8)
11-09 20:51:00.348   769   825 I SurfaceFlinger: id=4633 Removed ScreenshotSurface#0 (-2/8)
11-09 20:51:00.348   769   769 D SurfaceFlinger: postFramebuffer : visible layers are empty!!
11-09 20:51:00.349   769   825 I SurfaceFlinger: id=4634 Removed BlackSurface#0 (4/7)
11-09 20:51:00.349   769   825 I SurfaceFlinger: id=4634 Removed BlackSurface#0 (-2/7)
11-09 20:51:00.349   769   823 I SurfaceFlinger: id=4635 Removed BlackSurface#0 (4/6)
11-09 20:51:00.349   769   825 I SurfaceFlinger: id=4635 Removed BlackSurface#0 (-2/6)
11-09 20:51:00.349   769  4725 I SurfaceFlinger: id=4636 Removed BlackSurface#0 (4/5)
11-09 20:51:00.350   769   825 I SurfaceFlinger: id=4636 Removed BlackSurface#0 (-2/5)
11-09 20:51:00.350   769   823 I SurfaceFlinger: id=4637 Removed BlackSurface#0 (4/4)
11-09 20:51:00.350  1936  4728 I ActivityManager: START u0 {act=android.content.pm.action.REQUEST_PERMISSIONS typ=null flg=0x0 cmp=ComponentInfo{com.google.android.packageinstaller/com.android.packageinstaller.permission.ui.GrantPermissionsActivity}} from uid 10536
11-09 20:51:00.350   769  4725 I SurfaceFlinger: id=4637 Removed BlackSurface#0 (-2/4)
11-09 20:51:00.350  1936  4728 W ActivityManager: REQUEST_PERMISSIONS Action.
11-09 20:51:00.353  1936  2389 V WindowManager: rotationForOrientationLw(orient=0, last=1); user=0 USER_ROTATION_LOCKED sensorRotation=-1 mLidState=-1 mDockMode=0 mHdmiPlugged=false
11-09 20:51:00.355   737   773 E ANDR-PERF-MPCTL: Invalid profile no. 0, total profiles 0 only
11-09 20:51:00.355  1936  4728 D CustomFrequencyManagerService: releaseDVFSLockLocked : Getting Lock type frm List : DVFS_MIN_LIMIT  frequency : 1555200  uid : 1000  pid : 1936  tag : AMS_APP_SWITCH@CPU_MIN@80
11-09 20:51:00.355  1936  4728 D CustomFrequencyManagerService: acquireDVFSLockLocked : type : DVFS_MIN_LIMIT  frequency : 1555200  uid : 1000  pid : 1936  pkgName : AMS_APP_SWITCH@CPU_MIN@80
11-09 20:51:00.356  1936  4728 D ActivityManagerPerformance: AMP_acquire() APP_SWITCH
11-09 20:51:00.356  1936  3529 D ActivityManagerPerformance: Received MSG_CFMS_HINT_AMS_SWITCH pkgName: com.google.android.packageinstaller
11-09 20:51:00.363   769   769 I Layer   : id=4636 onRemoved BlackSurface#0 
11-09 20:51:00.363   769   769 I Layer   : id=4637 onRemoved BlackSurface#0 
11-09 20:51:00.363   769   769 I Layer   : id=4633 onRemoved ScreenshotSurface#0 
11-09 20:51:00.363   769   769 I Layer   : id=4634 onRemoved BlackSurface#0 
11-09 20:51:00.363   769   769 I Layer   : id=4635 onRemoved BlackSurface#0 
11-09 20:51:00.367   769   769 D SurfaceFlinger: postFramebuffer : visible layers are empty!!
11-09 20:51:00.368  5567  5567 D UE4     : Vulkan version: 1.0.3
11-09 20:51:00.368  5567  5567 D UE4     : Vulkan level: 0
11-09 20:51:00.371  5567  5567 D UE4     : Found DepthBufferPreference = 0
11-09 20:51:00.371  5567  5567 D UE4     : Found bPackageDataInsideApk = 0
11-09 20:51:00.371  5567  5567 D UE4     : Found ProjectName = GiftGame
11-09 20:51:00.371  5567  5567 D UE4     : Found AppType = 
11-09 20:51:00.372  5567  5567 D UE4     : Found bHasOBBFiles = 0
11-09 20:51:00.372  5567  5567 D UE4     : Found bVerifyOBBOnStartUp = false
11-09 20:51:00.372  5567  5567 D UE4     : UI hiding set to true
11-09 20:51:00.372  5567  5567 D UE4     : BuildConfiguration set to Development
11-09 20:51:00.372  5567  5567 D UE4     : UseExternalFilesDir set to false
11-09 20:51:00.372  5567  5567 D UE4     : AllowIMU set to true
11-09 20:51:00.372  5567  5567 D UE4     : No GearVR mode detected.
11-09 20:51:00.372  5567  5567 D UE4     : APK path: /data/app/com.TeamNA.GiftGame-ZV83kcqcRBX2nz9jDTBiMA==/base.apk
11-09 20:51:00.372  5567  5567 D UE4     : OBB in APK: false
11-09 20:51:00.374  1936  4728 W StorageManager: getStorageLowBytes lowPercent : 5, lowBytes : 1225677414, maxLowBytes : 524288000
11-09 20:51:00.375  5567  5567 D UE4     : InternalFilePath found as '/data/user/0/com.TeamNA.GiftGame/files'
11-09 20:51:00.375  5567  5567 D UE4     : ExternalFilePath found as '/storage/emulated/0/Android/data/com.TeamNA.GiftGame/files'
11-09 20:51:00.375  5567  5567 D UE4     : App is running in Landscape
11-09 20:51:00.376  5567  5567 D UE4     : Android version is 8.0.0
11-09 20:51:00.376  5567  5567 D UE4     : Android manufacturer is samsung
11-09 20:51:00.376  5567  5567 D UE4     : Android model is SM-G930V
11-09 20:51:00.376  5567  5567 D UE4     : OS language is set to en_US
11-09 20:51:00.376  5567  5567 D UE4     : Debugger attached is false
11-09 20:51:00.378  1936  2421 D SamsungAlarmManager: Expired : 8
11-09 20:51:00.378  1936  2421 D SamsungAlarmManager: setInexact Intent (T:1/F:0/AC:false) 20181109T205243 - CU:1000/CP:1936
11-09 20:51:00.379  1936  2421 I SamsungAlarmManager: setLocked to kernel - T:3 / 20181109T205104, SetElapsed=745072872, nowELAPSED=745068316
11-09 20:51:00.379  1936  2421 V SamsungAlarmManager: Sending to uid : 10016 action=com.google.android.location.reporting.collectors.ULR_BAROMETER_READ_ALARM alarm=Alarm{65e5229 type 1 when 1541818243748 com.google.android.gms}
11-09 20:51:00.382  1936  2421 V SamsungAlarmManager: Sending to uid : 10066 action=com.samsung.action.EVERY_MINUTE_CLOCK_UPDATE alarm=Alarm{dea734f type 1 when 1541818260000 com.sec.android.app.launcher}
11-09 20:51:00.382  1936  4728 I SensorService: createSensorEventConnection package name com.google.android.location.reporting.collectors.BarometerReporter$BarometerWatcher
11-09 20:51:00.383  1936  2421 V SamsungAlarmManager: Sending to uid : 1001 action=com.android.internal.telephony.data-stall alarm=Alarm{a0f5adc type 3 when 745068171 com.android.phone}
11-09 20:51:00.383  1936  2421 V SamsungAlarmManager: Sending to uid : 10016 action=null alarm=Alarm{860e7e5 type 3 when 745068315 com.google.android.gms}
11-09 20:51:00.383  1936  4728 D SensorService: Calling batch handle==9 flags=0 rate=38461000 timeout== 0
11-09 20:51:00.384   730  2392 I qti_sensors_hal: batch:sensor(android.sensor.pressure) handle:4 flags:0x0 period_ns 38461000
11-09 20:51:00.384   730  2392 I qti_sensors_hal: batch: current sample rate, report rate & buffering are equal to requested (26.000000,0.000000,0)
11-09 20:51:00.386   730  2392 I qti_sensors_hal: read_pressure_cal cal data - 260
11-09 20:51:00.386   730  2392 I qti_sensors_hal: enable: pressure_cal = 2.600000
11-09 20:51:00.386   730  2392 I qti_sensors_hal: SMGRReportAdd:sensor(android.sensor.pressure) handle=4, sample_rate=26.000000 report_rate=0 buffer=0
11-09 20:51:00.389  3067  3067 D SensorManager: registerListener :: 9, BMP280 Barometer, 0, 0,  
11-09 20:51:00.391  3900  3900 I Launcher: onReceive: com.samsung.action.EVERY_MINUTE_CLOCK_UPDATE
11-09 20:51:00.393  1936  2971 D SamsungAlarmManager: setInexact Intent (T:1/F:0/AC:false) 20181109T205200 - CU:10066/CP:3900
11-09 20:51:00.406  1936  5540 D SamsungAlarmManager: setInexact Intent (T:3/F:8/AC:false) 20181109T205200 - CU:1001/CP:3196
11-09 20:51:00.444  5567  5567 W PopupManager: You have not specified a View to use as content view for popups. Falling back to the Activity content view. Note that this may not work as expected in multi-screen environments
11-09 20:51:00.452  1936  2742 D ConnectivityService: filterNetworkStateForUid() uid: 10016 networkInfo: [type: WIFI[] - WIFI, state: CONNECTED/CONNECTED, reason: (unspecified), extra: "AsimovWasRight", failover: false, available: true, roaming: false, metered: false]
11-09 20:51:00.458  5567  5567 D UE4     : ==============> GameActive.onCreate complete!
11-09 20:51:00.459  1936  2742 D SamsungAlarmManager: setInexact Intent (T:3/F:0/AC:false) 20181109T205200 - CU:10016/CP:3067
11-09 20:51:00.460  5567  5567 V threaded_app: Start: 0xe0f2cda0
11-09 20:51:00.460  5567  5595 V threaded_app: activityState=10
11-09 20:51:00.461   730   867 I qti_sensors_hal: processReportInd: Pressure - 965.140
11-09 20:51:00.461  5567  5595 D UE4     : LogAndroidEvents: EnqueueAppEvent : 9, 0, tid = 5595
11-09 20:51:00.461  5567  5567 D UE4     : Creating console command broadcast listener
11-09 20:51:00.462  1936  2971 D SensorService: Calling activate off 9
11-09 20:51:00.462  5567  5567 D UE4     : ==================================> Inside onStart function in GameActivity
11-09 20:51:00.466  3067  3067 D SensorManager: unregisterListener ::   
11-09 20:51:00.467  5567  5567 V threaded_app: Resume: 0xe0f2cda0
11-09 20:51:00.467  5567  5595 V threaded_app: activityState=11
11-09 20:51:00.467  5567  5595 D UE4     : Case APP_CMD_RESUME
11-09 20:51:00.467  5567  5595 D UE4     : LogAndroidEvents: EnqueueAppEvent : 7, 0, tid = 5595
11-09 20:51:00.467  5567  5567 D UE4     : Registering sensor listeners
11-09 20:51:00.468  1936  2971 I SensorService: createSensorEventConnection package name com.epicgames.ue4.GameActivity
11-09 20:51:00.469  1936  4728 D SensorService: Calling batch handle==1 flags=0 rate=20000000 timeout== 0
11-09 20:51:00.469   730  2392 I qti_sensors_hal: batch:sensor(android.sensor.accelerometer) handle:1 flags:0x0 period_ns 20000000
11-09 20:51:00.469   730  2392 I qti_sensors_hal: batch: current sample rate, report rate & buffering are equal to requested (50.000000,0.000000,0)
11-09 20:51:00.470   730  2392 I qti_sensors_hal: SMGRReportAdd:sensor(android.sensor.accelerometer) handle=1, sample_rate=50.000000 report_rate=0 buffer=0
11-09 20:51:00.474  5567  5567 D SensorManager: registerListener :: 1, K6DS3TR Accelerometer, 20000, 0,  
11-09 20:51:00.475  1936  2971 D SensorService: Calling batch handle==3 flags=0 rate=20000000 timeout== 0
11-09 20:51:00.475   730  2392 I qti_sensors_hal: batch:sensor(android.sensor.magnetic_field) handle:11 flags:0x0 period_ns 20000000
11-09 20:51:00.475   730  2392 I qti_sensors_hal: batch: current sample rate, report rate & buffering are equal to requested (50.000000,0.000000,0)
11-09 20:51:00.477   730  2392 I qti_sensors_hal: SMGRReportAdd:sensor(android.sensor.magnetic_field) handle=11, sample_rate=50.000000 report_rate=0 buffer=0
11-09 20:51:00.481  5567  5567 D SensorManager: registerListener :: 3, AK09911C Magnetometer, 20000, 0,  
11-09 20:51:00.481  1936  2971 D SensorService: Calling batch handle==5 flags=0 rate=20000000 timeout== 0
11-09 20:51:00.482   730  2392 I qti_sensors_hal: batch:sensor(android.sensor.gyroscope) handle:3 flags:0x0 period_ns 20000000
11-09 20:51:00.482   730  2392 I qti_sensors_hal: batch: current sample rate, report rate & buffering are equal to requested (50.000000,0.000000,0)
11-09 20:51:00.483   730   867 I qti_sensors_hal: processReportInd: Accel - X: 1.460 Y: 1.259 Z: 9.488
11-09 20:51:00.483   730  2392 I qti_sensors_hal: SMGRReportAdd:sensor(android.sensor.gyroscope) handle=3, sample_rate=50.000000 report_rate=0 buffer=0
11-09 20:51:00.484  5567  5567 D SensorManager: registerListener :: 5, K6DS3TR Gyroscope, 20000, 0,  
11-09 20:51:00.484  5567  5567 D UE4     : App is running in Landscape
11-09 20:51:00.485  5567  5567 D UE4     : === Restoring Transparent Bars ===
11-09 20:51:00.485  5567  5567 D UE4     : ==============> Resuming main init
11-09 20:51:00.487  5567  5594 D UE4     : APK Commandline: ../../../GiftGame/GiftGame.uproject  /Game/Maps/MainGame -Messaging -SessionId=3ACB77E6477AFF4AB1DD12BCF354E00A -SessionOwner="DSU" -SessionName="Launch On Device" -iterative
11-09 20:51:00.488  5567  5594 D UE4     : Override Commandline: ../../../GiftGame/GiftGame.uproject  /Game/Maps/MainGame -Messaging -SessionId=3ACB77E6477AFF4AB1DD12BCF354E00A -SessionOwner="DSU" -SessionName="Launch On Device" -iterative
11-09 20:51:00.488  5567  5594 D UE4     : Final commandline: ../../../GiftGame/GiftGame.uproject  /Game/Maps/MainGame -Messaging -SessionId=3ACB77E6477AFF4AB1DD12BCF354E00A -SessionOwner="DSU" -SessionName="Launch On Device" -iterative
11-09 20:51:00.488  5567  5594 D UE4     : Created sync event
11-09 20:51:00.496  5567  5567 D UE4     : ==============> GameActive.onResume complete!
11-09 20:51:00.506  5567  5567 V threaded_app: InputQueueCreated: 0xe0f2cda0 -- 0xe0f2d160
11-09 20:51:00.506  5567  5595 V threaded_app: APP_CMD_INPUT_CHANGED
11-09 20:51:00.506  5567  5595 V threaded_app: Attaching input queue to looper
11-09 20:51:00.508  5567  5567 D ViewRootImpl@916ac0b[GameActivity]: setView = DecorView@294cae8[GameActivity] TM=true MM=false
11-09 20:51:00.511   730   867 I qti_sensors_hal: processReportInd: Cal Mag Filter, 0, 0, 0.000000, 0.000000, 0.000000, 0.000000, 0.000000, 0.000000, -19.174194, -20.033264, -43.325806
11-09 20:51:00.512  1936  4728 D ActivityManager: post active user change for 0 fullscreen true isHomeActivity() false
11-09 20:51:00.516  5567  5567 D ViewRootImpl@a224b96[GameActivity]: dispatchAttachedToWindow
11-09 20:51:00.518  1936  4728 V WindowManager: Relayout Window{5495962 u0 com.TeamNA.GiftGame/com.epicgames.ue4.GameActivity}: viewVisibility=0 req=1920x1008 WM.LayoutParams{(0,0)(fillxfill) gr=#11 sim=#120 ty=2 fl=#1810508 wanim=0x1030001 vsysui=0xf06 needsMenuKey=2 colorMode=0 naviIconColor=0}
11-09 20:51:00.519   769   769 I SurfaceFlinger: id=4638 createSurf (1920x1080),1 flag=404, com.TeamNA.GiftGame/com.epicgames.ue4.GameActivity#0
11-09 20:51:00.520  1936  4728 V Surface : sf_framedrop debug : 0x4f4c, game : false, logging : 0
11-09 20:51:00.520   730   867 I qti_sensors_hal: processReportInd: Gyro - X: -0.092 Y: -0.287 Z: -0.036 status: 3
11-09 20:51:00.525  5567  5567 V Surface : sf_framedrop debug : 0x4f4c, game : false, logging : 0
11-09 20:51:00.526  5567  5567 D ViewRootImpl@a224b96[GameActivity]: Relayout returned: old=[0,0][0,0] new=[0,0][1920,1080] result=0x7 surface={valid=true 3757551616} changed=true
11-09 20:51:00.527  5567  5596 I Adreno  : QUALCOMM build                   : 1b7798b, I8a9bdcf8d3
11-09 20:51:00.527  5567  5596 I Adreno  : Build Date                       : 03/15/18
11-09 20:51:00.527  5567  5596 I Adreno  : OpenGL ES Shader Compiler Version: EV031.22.00.01
11-09 20:51:00.527  5567  5596 I Adreno  : Local Branch                     : 
11-09 20:51:00.527  5567  5596 I Adreno  : Remote Branch                    : refs/tags/AU_LINUX_ANDROID_LA.UM.6.5.R1.08.00.00.312.043
11-09 20:51:00.527  5567  5596 I Adreno  : Remote Branch                    : NONE
11-09 20:51:00.527  5567  5596 I Adreno  : Reconstruct Branch               : NOTHING
11-09 20:51:00.531   769   769 D SurfaceFlinger: postFramebuffer : visible layers are empty!!
11-09 20:51:00.532  5567  5596 I vndksupport: sphal namespace is not configured for this process. Loading /vendor/lib/hw/gralloc.msm8996.so from the current namespace instead.
11-09 20:51:00.539  5567  5596 I Adreno  : PFP: 0x005ff087, ME: 0x005ff063
11-09 20:51:00.545  5567  5567 V InputMethodManager: Not IME target window, ignoring
11-09 20:51:00.546  5567  5596 I OpenGLRenderer: Initialized EGL, version 1.4
11-09 20:51:00.546  5567  5596 D OpenGLRenderer: Swap behavior 2
11-09 20:51:00.548   769   769 D SurfaceFlinger: postFramebuffer : visible layers are empty!!
11-09 20:51:00.551  5567  5596 D libGLESv1: STS_GLApi : DTS, ODTC are not allowed for Package : com.TeamNA.GiftGame
11-09 20:51:00.554  5567  5596 D OpenGLRenderer: eglCreateWindowSurface = 0xe5d91eb0
11-09 20:51:00.555  5567  5567 D ViewRootImpl@916ac0b[GameActivity]: dispatchAttachedToWindow
11-09 20:51:00.558  1936  2971 V WindowManager: Relayout Window{c533e6a u0 com.TeamNA.GiftGame/com.epicgames.ue4.GameActivity}: viewVisibility=0 req=1920x1008 WM.LayoutParams{(0,0)(fillxfill) sim=#10 ty=1 fl=#1810500 fmt=1 wanim=0x1030001 vsysui=0x1706 sysuil=true needsMenuKey=2 colorMode=0 naviIconColor=0}
11-09 20:51:00.559   769   769 D SurfaceFlinger: duplicate layer name: changing com.TeamNA.GiftGame/com.epicgames.ue4.GameActivity to com.TeamNA.GiftGame/com.epicgames.ue4.GameActivity#1
11-09 20:51:00.560   769   769 I SurfaceFlinger: id=4639 createSurf (1920x1080),1 flag=4, com.TeamNA.GiftGame/com.epicgames.ue4.GameActivity#1
11-09 20:51:00.561  1936  2971 V Surface : sf_framedrop debug : 0x4f4c, game : false, logging : 0
11-09 20:51:00.562  1936  2078 D WindowManager: set systemUiVisibility : systemUiFlags= 0x170e fullscreenStackSysUiFlags= 0x0
11-09 20:51:00.562  2905  2905 D BarTransitions.PhoneStatusBarView: MODE_OPAQUE -> MODE_TRANSPARENT animate=false
11-09 20:51:00.565   769   769 D SurfaceFlinger: postFramebuffer : visible layers are empty!!
11-09 20:51:00.566  1936  2971 D InputDispatcher: Focus entered window: 5567
11-09 20:51:00.567  1936  4728 D WindowManager: adjustSystemUiVisibilityLw : vis= 0x170e
11-09 20:51:00.570  5567  5567 V Surface : sf_framedrop debug : 0x4f4c, game : false, logging : 0
11-09 20:51:00.571  5567  5567 D ViewRootImpl@916ac0b[GameActivity]: Relayout returned: old=[0,0][0,0] new=[0,0][1920,1080] result=0x7 surface={valid=true 3757553664} changed=true
11-09 20:51:00.582   769   769 D SurfaceFlinger: postFramebuffer : visible layers are empty!!
11-09 20:51:00.589  5567  5596 D OpenGLRenderer: eglCreateWindowSurface = 0xe5d91ed8
11-09 20:51:00.598   769   769 D SurfaceFlinger: postFramebuffer : visible layers are empty!!
11-09 20:51:00.601   769   769 I SurfaceFlinger: id=4640 createSurf (1920x1080),4 flag=404, SurfaceView - com.TeamNA.GiftGame/com.epicgames.ue4.GameActivity@69d4501@0#0
11-09 20:51:00.602   769   769 I SurfaceFlinger: id=4641 createSurf (1920x1080),-1 flag=20404, Background for - SurfaceView - com.TeamNA.GiftGame/com.epicgames.ue4.GameActivity@69d4501@0#0
11-09 20:51:00.604  5567  5567 D SurfaceView: BG show() Surface(name=Background for - SurfaceView - com.TeamNA.GiftGame/com.epicgames.ue4.GameActivity@69d4501@0) android.view.SurfaceView{69d4501 V.E...... ......ID 0,0-1920,1080}
11-09 20:51:00.614  5567  5567 V Surface : sf_framedrop debug : 0x4f4c, game : false, logging : 0
11-09 20:51:00.614  5567  5567 V Surface : sf_framedrop debug : 0x4f4c, game : false, logging : 0
11-09 20:51:00.615   769   769 D SurfaceFlinger: postFramebuffer : visible layers are empty!!
11-09 20:51:00.615  5567  5567 D SurfaceView: surfaceCreated 1 android.view.SurfaceView{69d4501 V.E...... ......ID 0,0-1920,1080}
11-09 20:51:00.615  5567  5567 V threaded_app: NativeWindowCreated: 0xe0f2cda0 -- 0xd2a66808
11-09 20:51:00.615  5567  5595 V threaded_app: APP_CMD_INIT_WINDOW
11-09 20:51:00.615  5567  5595 D UE4     : Case APP_CMD_INIT_WINDOW
11-09 20:51:00.616  5567  5567 D SurfaceView: surfaceChanged (1920,1080) 1 android.view.SurfaceView{69d4501 V.E...... ......ID 0,0-1920,1080}
11-09 20:51:00.616  5567  5595 D UE4     : LogAndroidEvents: EnqueueAppEvent : 0, 3534120968, tid = 5595
11-09 20:51:00.623  5567  5567 V threaded_app: Pause: 0xe0f2cda0
11-09 20:51:00.624  5567  5595 V threaded_app: activityState=13
11-09 20:51:00.624  5567  5595 D UE4     : Case APP_CMD_PAUSE
11-09 20:51:00.624  5567  5567 D UE4     : Unregistering sensor listeners
11-09 20:51:00.624  5567  5595 D UE4     : LogAndroidEvents: EnqueueAppEvent : 6, 0, tid = 5595
11-09 20:51:00.624  1936  4728 D SensorService: Calling activate off 1
11-09 20:51:00.626  1936  4728 D SensorService: Calling activate off 3
11-09 20:51:00.627  1936  4728 D SensorService: Calling activate off 5
11-09 20:51:00.631  5567  5567 D SensorManager: unregisterListener ::   
11-09 20:51:00.631  5567  5567 D UE4     : ==============> GameActive.onPause complete!
11-09 20:51:00.632  1936  2971 D ActivityManager: isScaleDownAnimationEnabled() : false
11-09 20:51:00.637  1936  2971 D PersonaManagerService: Current focused persona service handled id set to : 0
11-09 20:51:00.637  1936  2971 D InputDispatcher: Focused application set to: xxxx
11-09 20:51:00.638  1936  2971 D InputDispatcher: Focus left window: 5567
11-09 20:51:00.641  1936  2971 D MARsPolicyManager: onPackageResumedFG pkgName = com.google.android.packageinstaller, userId = 0
11-09 20:51:00.641  1936  2781 D GameManagerService: handleForegroundChange(). pkgName: com.google.android.packageinstaller, clsName: com.android.packageinstaller.permission.ui.GrantPermissionsActivity,FgActivityName:com.google.android.packageinstaller/com.android.packageinstaller.permission.ui.GrantPermissionsActivity
11-09 20:51:00.641  1936  2781 D GameManagerService: sem_perfomance_mode: 0
11-09 20:51:00.641  1936  2781 D GameManagerService: notifyResumePause(). pkg: com.google.android.packageinstaller, type: 4, isMinimized: false, isTunableApp: false
11-09 20:51:00.641  1936  2781 D GameManagerService:   notifyResumePause(). do nothing. mKillNotiCount: 3
11-09 20:51:00.645  1936  3526 D Dex2oatAdjuster: Before bg size = 0
11-09 20:51:00.645  1936  3526 D Dex2oatAdjuster: After bg size = 0 fg size = 0
11-09 20:51:00.648  5567  5567 D ViewRootImpl@a224b96[GameActivity]: MSG_RESIZED_REPORT: frame=Rect(0, 0 - 1920, 1080) ci=Rect(0, 0 - 0, 0) vi=Rect(0, 0 - 0, 0) or=2
11-09 20:51:00.648  1936 11112 D GamePkgDataHelper: getGamePkgDataIncServer(). com.google.android.packageinstaller
11-09 20:51:00.650  3170  3218 D ForegroundUtils: could not check pending caller
11-09 20:51:00.656  1936 11112 D GameManagerService: identifyGamePackage. com.google.android.packageinstaller
11-09 20:51:00.656  1936 11112 D GamePkgDataHelper: getGamePkgData(). com.google.android.packageinstaller
11-09 20:51:00.657  1936 11112 D GameManagerService: identifyGamePackage. com.google.android.packageinstaller
11-09 20:51:00.658  1936 11112 D GamePkgDataHelper: getGamePkgData(). com.google.android.packageinstaller
11-09 20:51:00.660  2920  2920 E adbd    : recv: OPEN 00000800 00000000 000c:73 68 65 6C 6C 2C 76 32 3A 70 73 00 
11-09 20:51:00.660  2920  2920 E adbd    : service_to_fd: shell,v2:ps
11-09 20:51:00.662  1062  1338 V APM_AudioPolicyManager: getAudioPolicyConfig: audioParam;outDevice
11-09 20:51:00.662  1062  1338 V APM_AudioPolicyManager: getNewOutputDevice() selected device 0
11-09 20:51:00.662  1062  1338 V APM_AudioPolicyManager: ### curdevice : 2
11-09 20:51:00.662  1062  1338 V APM_AudioPolicyManager: getAudioPolicyConfig: audioParam;outDevice
11-09 20:51:00.662  1062  1338 V APM_AudioPolicyManager: getNewOutputDevice() selected device 0
11-09 20:51:00.662  1062  1338 V APM_AudioPolicyManager: ### curdevice : 2
11-09 20:51:00.663  1062  1338 V APM_AudioPolicyManager: getAudioPolicyConfig: audioParam;outDevice
11-09 20:51:00.663  1062  1338 V APM_AudioPolicyManager: getNewOutputDevice() selected device 0
11-09 20:51:00.663  1062  1338 V APM_AudioPolicyManager: ### curdevice : 2
11-09 20:51:00.664   769   769 D SurfaceFlinger: postFramebuffer : visible layers are empty!!
11-09 20:51:00.674  5611  5611 E propClient: PropClient failed to load
11-09 20:51:00.680   787   817 E Sensors : sns_reg.c(279):invalid data len: 739254612 (126)
11-09 20:51:00.684   737   773 E ANDR-PERF-MPCTL: Invalid profile no. 0, total profiles 0 only
11-09 20:51:00.684  1936  2971 D CustomFrequencyManagerService: releaseDVFSLockLocked : Getting Lock type frm List : DVFS_MIN_LIMIT  frequency : 1555200  uid : 1000  pid : 1936  tag : AMS_APP_SWITCH@CPU_MIN@80
11-09 20:51:00.685  1936  2971 D CustomFrequencyManagerService: acquireDVFSLockLocked : type : DVFS_MIN_LIMIT  frequency : 1555200  uid : 1000  pid : 1936  pkgName : AMS_APP_SWITCH@CPU_MIN@80
11-09 20:51:00.685  1936  2971 D ActivityManagerPerformance: AMP_acquire() APP_SWITCH
11-09 20:51:00.685  1936  2971 D ActivityManager: isScaleDownAnimationEnabled() : false
11-09 20:51:00.685  1936  3529 D ActivityManagerPerformance: Received MSG_CFMS_HINT_AMS_SWITCH pkgName: com.TeamNA.GiftGame
11-09 20:51:00.685  1936  2971 D PersonaManagerService: Current focused persona service handled id set to : 0
11-09 20:51:00.685  1936  2971 D InputDispatcher: Focused application set to: xxxx
11-09 20:51:00.686  1936  2971 D InputDispatcher: Focus entered window: 5567
11-09 20:51:00.692  1062  1338 V APM_AudioPolicyManager: getAudioPolicyConfig: audioParam;activeStream
11-09 20:51:00.692  1062  1338 V APM_AudioPolicyManager: ### active stream : 0
11-09 20:51:00.692  1936 11112 D AudioService: active stream is 0x0
11-09 20:51:00.694  1936  2971 D MARsPolicyManager: onPackageResumedFG pkgName = com.TeamNA.GiftGame, userId = 0
11-09 20:51:00.694  1936  2781 D GameManagerService: handleForegroundChange(). pkgName: com.TeamNA.GiftGame, clsName: com.epicgames.ue4.GameActivity,FgActivityName:com.TeamNA.GiftGame/com.epicgames.ue4.GameActivity
11-09 20:51:00.694  1936  2781 D GameManagerService: sem_perfomance_mode: 0
11-09 20:51:00.694  1936  2781 D GameManagerService: notifyResumePause(). pkg: com.TeamNA.GiftGame, type: 4, isMinimized: false, isTunableApp: false
11-09 20:51:00.694  1936  2781 D GameManagerService:   notifyResumePause(). do nothing. mKillNotiCount: 3
11-09 20:51:00.695  1936 11112 D GameManagerService: identifyGamePackage. com.google.android.packageinstaller
11-09 20:51:00.695  1936 11112 D GamePkgDataHelper: getGamePkgData(). com.google.android.packageinstaller
11-09 20:51:00.695  5611  5611 E propClient: PropClient failed to load
11-09 20:51:00.695  1936 11112 D GameManagerService: identifyGamePackage. com.google.android.packageinstaller
11-09 20:51:00.695  1936 11112 D GamePkgDataHelper: getGamePkgData(). com.google.android.packageinstaller
11-09 20:51:00.698   769   769 D SurfaceFlinger: postFramebuffer : visible layers are empty!!
11-09 20:51:00.768  5567  5596 I vndksupport: sphal namespace is not configured for this process. Loading /vendor/lib/hw/gralloc.msm8996.so from the current namespace instead.
11-09 20:51:00.779  1936  2467 D MdnieScenarioControlService:  packageName : com.TeamNA.GiftGame    className : com.epicgames.ue4.GameActivity
11-09 20:51:00.779  1936  2467 V MdnieScenarioControlService: setUIMode from UI function(3)
11-09 20:51:00.787  1936  2742 V WindowManager: finishDrawingLocked: mDrawState=COMMIT_DRAW_PENDING Window{5495962 u0 com.TeamNA.GiftGame/com.epicgames.ue4.GameActivity} in Surface(name=com.TeamNA.GiftGame/com.epicgames.ue4.GameActivity)
11-09 20:51:00.791  2905 27376 D SystemServicesProxy: updateOverviewLastStackActiveTimeAsync: newTime=1541818260688
11-09 20:51:00.792  1936  2742 D SecContentProvider: query(), uri = 17 selection = isSettingsChangesAllowed
11-09 20:51:00.793  1936  2742 D SecContentProvider: called from android.uid.systemui:10063
11-09 20:51:00.793  2905  3060 D SystemServicesProxy: updateOverviewLastStackActiveTimeAsync: done.
11-09 20:51:00.798   769   769 D SurfaceFlinger: postFramebuffer : visible layers are empty!!
11-09 20:51:00.800  1936  2742 V WindowManager: Relayout Window{c533e6a u0 com.TeamNA.GiftGame/com.epicgames.ue4.GameActivity}: viewVisibility=0 req=1920x1080 WM.LayoutParams{(0,0)(fillxfill) sim=#10 ty=1 fl=#1810500 fmt=1 wanim=0x1030001 vsysui=0x1706 sysuil=true needsMenuKey=2 colorMode=0 naviIconColor=0}
11-09 20:51:00.809  5567  5567 D ViewRootImpl@916ac0b[GameActivity]: Relayout returned: old=[0,0][1920,1080] new=[0,0][1920,1080] result=0x3 surface={valid=true 3757553664} changed=false
11-09 20:51:00.831   769   769 D SurfaceFlinger: postFramebuffer : visible layers are empty!!
11-09 20:51:00.836  1936  4728 V WindowManager: finishDrawingLocked: mDrawState=COMMIT_DRAW_PENDING Window{c533e6a u0 com.TeamNA.GiftGame/com.epicgames.ue4.GameActivity} in Surface(name=com.TeamNA.GiftGame/com.epicgames.ue4.GameActivity)
11-09 20:51:00.839  5567  5567 D ViewRootImpl@916ac0b[GameActivity]: MSG_RESIZED_REPORT: frame=Rect(0, 0 - 1920, 1080) ci=Rect(0, 0 - 0, 0) vi=Rect(0, 0 - 0, 0) or=2
11-09 20:51:00.839  5567  5567 D ViewRootImpl@916ac0b[GameActivity]: MSG_WINDOW_FOCUS_CHANGED 1
11-09 20:51:00.849   769   769 D SurfaceFlinger: postFramebuffer : visible layers are empty!!
11-09 20:51:00.850  5567  5567 V threaded_app: WindowFocusChanged: 0xe0f2cda0 -- 1
11-09 20:51:00.850  5567  5595 D UE4     : LogAndroidEvents: EnqueueAppEvent : 11, 0, tid = 5595
11-09 20:51:00.862  1936  2078 D WindowManager: set systemUiVisibility : systemUiFlags= 0x1706 fullscreenStackSysUiFlags= 0x0
11-09 20:51:00.863  2905  2905 D BarTransitions.PhoneStatusBarView: MODE_TRANSPARENT -> MODE_OPAQUE animate=false
11-09 20:51:00.867   769   769 I SurfaceFlinger: Display 0 HWC layers:
11-09 20:51:00.867   769   769 I SurfaceFlinger:     type    |    handle    | flag |  format   |   source crop (l,t,r,b)    |         frame       | name 
11-09 20:51:00.867   769   769 I SurfaceFlinger: ------------+--------------+------+-----------+----------------------------+---------------------+------
11-09 20:51:00.867   769   769 I SurfaceFlinger:      Device | 0x771ae33700 | 0002 | RGBA_8888 |   0.0    0.0 1080.0 1920.0 |    0    0 1080 1920 | com.TeamNA.GiftGame/com.epicgames.ue4.GameActivity#0
11-09 20:51:00.867   769   769 I SurfaceFlinger: 
11-09 20:51:00.870  1936  4728 D WindowManager: adjustSystemUiVisibilityLw : vis= 0x1706
11-09 20:51:00.878   737   773 E ANDR-PERF-MPCTL: Invalid profile no. 0, total profiles 0 only
11-09 20:51:00.879  1936  2134 D CustomFrequencyManagerService: acquireDVFSLockLocked : type : DVFS_MIN_LIMIT  frequency : 1555200  uid : 1000  pid : 1936  pkgName : AMS_RESUME_TAIL@CPU_MIN@26
11-09 20:51:00.879  1936  2134 D ActivityManagerPerformance: AMP_acquire() TAIL
11-09 20:51:00.879  1936  2134 D CustomFrequencyManagerService: releaseDVFSLockLocked : Getting Lock type frm List : DVFS_MIN_LIMIT  frequency : 1555200  uid : 1000  pid : 1936  tag : AMS_APP_SWITCH@CPU_MIN@80
11-09 20:51:00.880  1936  2134 D ActivityManagerPerformance: AMP_release() APP_SWITCH
11-09 20:51:00.880  5567  5567 V InputMethodManager: Starting input: tba=android.view.inputmethod.EditorInfo@32bbca9 nm : com.TeamNA.GiftGame ic=null
11-09 20:51:00.880  5567  5567 I InputMethodManager: startInputInner - mService.startInputOrWindowGainedFocus
11-09 20:51:00.881  1936  4728 D InputMethodManagerService: startInputOrWindowGainedFocus : windowGainedFocus 
11-09 20:51:00.882  1936  4728 D InputMethodManagerService: windowGainedFocus: destinationUserId (getCallingUid) = 0
11-09 20:51:00.882  1936  4728 D InputMethodManagerService: windowGainedFocus: currentUserId=0
11-09 20:51:00.882  1936  4728 D InputMethodManagerService: windowGainedFocus: mCurrentFocusedUserId=0
11-09 20:51:00.882  1936  4728 D InputMethodManagerService: windowGainedFocus : lock - currentUserId = 0 destinationUserId = 0
11-09 20:51:00.882  1936  4728 D InputMethodManagerService: windowGainedFocus : mCurrentFocusedUserId - 0 and mSecureKeypadEnabled - false, userSwitched - false
11-09 20:51:00.885  1936  4728 V InputMethodManagerService: windowGainedFocus : reason=WINDOW_FOCUS_GAIN client=android.os.BinderProxy@5bc6744 inputContext=null missingMethods= attribute=android.view.inputmethod.EditorInfo@37bf90d nm = com.TeamNA.GiftGame controlFlags=#105 softInputMode=#10 windowFlags=#1810500
11-09 20:51:00.885  1936  4728 V InputMethodManagerService: hideCurrentInputLocked : shouldHideSoftInput is false
11-09 20:51:00.886  1936  4728 D InputMethodManagerService: isImeSwitcherDisabledPackage : false
11-09 20:51:00.886  1936  4728 V InputMethodManagerService: Creating new session for client ClientState{eb930c2 uid 10536 pid 5567}
11-09 20:51:00.888  5567  5567 D UE4     : === Restoring Transparent Bars due to Visibility Change ===
11-09 20:51:00.888  5567  5567 D UE4     : === Restoring Transparent Bars ===
11-09 20:51:00.889  5567  5567 D ViewRootImpl@916ac0b[GameActivity]: MSG_WINDOW_FOCUS_CHANGED 0
11-09 20:51:00.890  5567  5567 V threaded_app: WindowFocusChanged: 0xe0f2cda0 -- 0
11-09 20:51:00.890  5567  5595 D UE4     : LogAndroidEvents: EnqueueAppEvent : 10, 0, tid = 5595
11-09 20:51:00.891  5567  5567 D ViewRootImpl@916ac0b[GameActivity]: MSG_WINDOW_FOCUS_CHANGED 1
11-09 20:51:00.892  5567  5567 V threaded_app: WindowFocusChanged: 0xe0f2cda0 -- 1
11-09 20:51:00.892  5567  5595 D UE4     : LogAndroidEvents: EnqueueAppEvent : 11, 0, tid = 5595
11-09 20:51:00.892  1936  4728 D InputMethodManagerService: setCurrentInputInfo - inputContext : null eidtorInfo : android.view.inputmethod.EditorInfo@37bf90d missingMethods : 0
11-09 20:51:00.895  2886  2886 I InputMethodWrapper:  call dispatchStartInputWithToken
11-09 20:51:00.895  2886  2886 I InputMethodService: dispatchStartInputWithToken
11-09 20:51:00.895  2886  2886 I SKBD    : SamsungKeypad [IMI] onStartInput - caller pid : 5567, caller uid : 10536
11-09 20:51:00.895  2886  2886 I SKBD    : SamsungKeypad  CACHEDIC onStartInput  isCachedICEnabled:  false
11-09 20:51:00.895  2886  2886 I SKBD    : atl getDefaultInputRange : UNKNOWN
11-09 20:51:00.895  2886  2886 I SKBD    : awo resetBinderManager()
11-09 20:51:00.895  2886  2886 I SKBD_SYNC: SamsungKeypad onStartInput: import DLM
11-09 20:51:00.895  2886  2886 I SKBD    : atl setPrivateImeOptionsToTable privateImeOptions ( null )
11-09 20:51:00.895  2886  2886 I SKBD    : atl imeOptions is null
11-09 20:51:00.899  2886  2886 I SKBD    : SamsungKeypad [PF_OP][onStartInput] 3571718
11-09 20:51:00.899  1936  2971 D InputMethodManagerService: startInputOrWindowGainedFocus : windowGainedFocus 
11-09 20:51:00.899  1936  2971 D InputMethodManagerService: windowGainedFocus: destinationUserId (getCallingUid) = 0
11-09 20:51:00.900  1936  2971 D InputMethodManagerService: windowGainedFocus: currentUserId=0
11-09 20:51:00.900  1936  2971 D InputMethodManagerService: windowGainedFocus: mCurrentFocusedUserId=0
11-09 20:51:00.900  1936  2971 D InputMethodManagerService: windowGainedFocus : lock - currentUserId = 0 destinationUserId = 0
11-09 20:51:00.900  1936  2971 D InputMethodManagerService: windowGainedFocus : mCurrentFocusedUserId - 0 and mSecureKeypadEnabled - false, userSwitched - false
11-09 20:51:00.900  1936  2971 W InputMethodManagerService: Window already focused, ignoring focus gain of: com.android.internal.view.IInputMethodClient$Stub$Proxy@3e9ca10 attribute=null, token = android.os.BinderProxy@a349455
11-09 20:51:00.904  5567  5567 V threaded_app: Resume: 0xe0f2cda0
11-09 20:51:00.904  5567  5595 V threaded_app: activityState=11
11-09 20:51:00.904  5567  5595 D UE4     : Case APP_CMD_RESUME
11-09 20:51:00.904  5567  5595 D UE4     : LogAndroidEvents: EnqueueAppEvent : 7, 0, tid = 5595
11-09 20:51:00.904  5567  5567 D UE4     : Registering sensor listeners
11-09 20:51:00.905  5567  5594 D UE4     : LogICUInternationalization: Display: ICU TimeZone Detection - Raw Offset: -6:00, Platform Override: ''
11-09 20:51:00.905  5567  5594 D UE4     : 
11-09 20:51:00.905  1936  2742 I SensorService: createSensorEventConnection package name com.epicgames.ue4.GameActivity
11-09 20:51:00.906  1936  2742 D SensorService: Calling batch handle==1 flags=0 rate=20000000 timeout== 0
11-09 20:51:00.906   730  2392 I qti_sensors_hal: batch:sensor(android.sensor.accelerometer) handle:1 flags:0x0 period_ns 20000000
11-09 20:51:00.907   730  2392 I qti_sensors_hal: batch: current sample rate, report rate & buffering are equal to requested (50.000000,0.000000,0)
11-09 20:51:00.908   730  2392 I qti_sensors_hal: SMGRReportAdd:sensor(android.sensor.accelerometer) handle=1, sample_rate=50.000000 report_rate=0 buffer=0
11-09 20:51:00.909  5567  5594 D UE4     : EGL Extensions: 
11-09 20:51:00.910  5567  5594 D UE4     : EGL_KHR_get_all_proc_addresses EGL_ANDROID_presentation_time EGL_KHR_swap_buffers_with_damage EGL_ANDROID_get_native_client_buffer EGL_ANDROID_front_buffer_auto_refresh EGL_ANDROID_get_frame_timestamps EGL_KHR_image EGL_KHR_image_base EGL_KHR_lock_surface EGL_KHR_gl_colorspace EGL_KHR_gl_texture_2D_image EGL_KHR_gl_texture_3D_image EGL_KHR_gl_texture_cubemap_image EGL_KHR_gl_renderbuffer_image EGL_KHR_reusable_sync EGL_KHR_fence_sync EGL_KHR_create_context EGL_KHR_surfaceless_context EGL_EXT_create_context_robustness EGL_ANDROID_image_native_buffer EGL_KHR_wait_sync EGL_ANDROID_recordable EGL_KHR_partial_update EGL_EXT_pixel_format_float EGL_KHR_create_context_no_error EGL_KHR_mutable_render_buffer EGL_EXT_yuv_surface EGL_EXT_protected_content EGL_IMG_context_priority EGL_KHR_no_config_context 
11-09 20:51:00.912  5567  5567 D SensorManager: registerListener :: 1, K6DS3TR Accelerometer, 20000, 0,  
11-09 20:51:00.913  1936  2742 D SensorService: Calling batch handle==3 flags=0 rate=20000000 timeout== 0
11-09 20:51:00.915   730  2392 I qti_sensors_hal: batch:sensor(android.sensor.magnetic_field) handle:11 flags:0x0 period_ns 20000000
11-09 20:51:00.915   730  2392 I qti_sensors_hal: batch: current sample rate, report rate & buffering are equal to requested (50.000000,0.000000,0)
11-09 20:51:00.915  1936  2971 V WindowManager: Relayout Window{f47a97 u0 InputMethod}: viewVisibility=8 req=1920x0 WM.LayoutParams{(0,0)(fillxwrap) gr=#50 sim=#20 ty=2011 fl=#800108 fmt=-2 wanim=0x7f0e00e1 vsysui=0x300 needsMenuKey=2 colorMode=0 naviIconColor=0 sfl=0x800}
11-09 20:51:00.917   730  2392 I qti_sensors_hal: SMGRReportAdd:sensor(android.sensor.magnetic_field) handle=11, sample_rate=50.000000 report_rate=0 buffer=0
11-09 20:51:00.920  5567  5594 D UE4     : FAndroidGPUInfo
11-09 20:51:00.920  5567  5594 D UE4     : AndroidEGL::InitSurface 1, 1
11-09 20:51:00.921  2886  2886 D ViewRootImpl@5bf2553[InputMethod]: Relayout returned: old=[0,516][1080,1920] new=[0,516][1080,1920] result=0x1 surface={valid=false 0} changed=false
11-09 20:51:00.921  5567  5594 D UE4     : AndroidEGL::CreateEGLSurface() 0xe5d92e50
11-09 20:51:00.921  5567  5567 D SensorManager: registerListener :: 3, AK09911C Magnetometer, 20000, 0,  
11-09 20:51:00.921  5567  5594 D UE4     : AndroidEGL::CreateEGLSurface(1), auxSurface = eglCreatePbufferSurface(), 8x8
11-09 20:51:00.922  2886  2886 I SKBD    : putCacheDrawable inputModule=0 key =ICON_SETTING
11-09 20:51:00.922  1936  2971 D SensorService: Calling batch handle==5 flags=0 rate=20000000 timeout== 0
11-09 20:51:00.923   730  2392 I qti_sensors_hal: batch:sensor(android.sensor.gyroscope) handle:3 flags:0x0 period_ns 20000000
11-09 20:51:00.923   730  2392 I qti_sensors_hal: batch: current sample rate, report rate & buffering are equal to requested (50.000000,0.000000,0)
11-09 20:51:00.923  5567  5594 D UE4     : Vulkan library detected, checking for available driver
11-09 20:51:00.924  5567  5594 I vndksupport: sphal namespace is not configured for this process. Loading /vendor/lib/hw/vulkan.msm8996.so from the current namespace instead.
11-09 20:51:00.925   730  2392 I qti_sensors_hal: SMGRReportAdd:sensor(android.sensor.gyroscope) handle=3, sample_rate=50.000000 report_rate=0 buffer=0
11-09 20:51:00.926  5567  5567 D SensorManager: registerListener :: 5, K6DS3TR Gyroscope, 20000, 0,  
11-09 20:51:00.926  5567  5567 D UE4     : App is running in Landscape
11-09 20:51:00.927  5567  5567 D UE4     : === Restoring Transparent Bars ===
11-09 20:51:00.927  5567  5567 D UE4     : ==============> Resuming main init
11-09 20:51:00.927  5567  5567 D UE4     : ==============> GameActive.onResume complete!
11-09 20:51:00.929  1936  2971 D ActivityManager: post active user change for 0 fullscreen true isHomeActivity() false
11-09 20:51:00.932   730   867 I qti_sensors_hal: processReportInd: Accel - X: 1.472 Y: 1.261 Z: 9.476
11-09 20:51:00.932   730   867 I qti_sensors_hal: processReportInd: Cal Mag Filter, 0, 0, 0.000000, 0.000000, 0.000000, 0.000000, 0.000000, 0.000000, -18.504333, -20.671082, -44.036865
11-09 20:51:00.934  1936  2971 V WindowManager: Relayout Window{c533e6a u0 com.TeamNA.GiftGame/com.epicgames.ue4.GameActivity}: viewVisibility=0 req=1920x1080 WM.LayoutParams{(0,0)(fillxfill) sim=#110 ty=1 fl=#1810500 fmt=1 wanim=0x1030001 vsysui=0x1706 sysuil=true needsMenuKey=2 colorMode=0 naviIconColor=0}
11-09 20:51:00.941  5567  5567 D ViewRootImpl@916ac0b[GameActivity]: Relayout returned: old=[0,0][1920,1080] new=[0,0][1920,1080] result=0x1 surface={valid=true 3757553664} changed=false
11-09 20:51:00.943  5567  5594 D vulkan  : searching for layers in '/data/app/com.TeamNA.GiftGame-ZV83kcqcRBX2nz9jDTBiMA==/lib/arm'
11-09 20:51:00.943  5567  5594 D vulkan  : searching for layers in '/system/fake-libs'
11-09 20:51:00.944  5567  5594 D vulkan  : searching for layers in '/data/app/com.TeamNA.GiftGame-ZV83kcqcRBX2nz9jDTBiMA==/base.apk!/lib/armeabi-v7a'
11-09 20:51:00.944  5567  5594 D vulkan  : vulkan api version_1_0 1.0.0
11-09 20:51:00.944  5567  5594 D vulkan  : vulkan header version 46
11-09 20:51:00.944  5567  5594 I Adreno  : QUALCOMM build          : 1b7798b, I8a9bdcf8d3
11-09 20:51:00.944  5567  5594 I Adreno  : Build Date              : 03/15/18
11-09 20:51:00.944  5567  5594 I Adreno  : Shader Compiler Version : EV031.22.00.01
11-09 20:51:00.944  5567  5594 I Adreno  : Local Branch            : 
11-09 20:51:00.944  5567  5594 I Adreno  : Remote Branch           : refs/tags/AU_LINUX_ANDROID_LA.UM.6.5.R1.08.00.00.312.043
11-09 20:51:00.944  5567  5594 I Adreno  : Remote Branch           : NONE
11-09 20:51:00.944  5567  5594 I Adreno  : Reconstruct Branch      : NOTHING
11-09 20:51:00.945  5567  5594 I vndksupport: sphal namespace is not configured for this process. Loading /vendor/lib/hw/gralloc.msm8996.so from the current namespace instead.
11-09 20:51:00.948  5567  5594 D UE4     : VulkanRHI is available, Vulkan capable device detected.
11-09 20:51:00.954  5567  5567 V InputMethodManager: Starting input: tba=android.view.inputmethod.EditorInfo@d1022e nm : com.TeamNA.GiftGame ic=null
11-09 20:51:00.957  2920  2920 E adbd    : recv: OPEN 00000801 00000000 0009:74 63 70 3A 36 36 36 36 00 
11-09 20:51:00.957  2920  2920 E adbd    : service_to_fd: tcp:6666
11-09 20:51:00.960  1075  1362 D DnsProxyListener: DNSDBG::dns addrinfo af 2
11-09 20:51:00.962   730   867 I qti_sensors_hal: processReportInd: Gyro - X: 0.005 Y: 0.003 Z: 0.010 status: 3
11-09 20:51:00.963  2920  2920 E adbd    : failed to connect to socket 'tcp:6666': Connection refused
11-09 20:51:00.969  3900  3900 D StageManager: saved stages : inStack [1] , outStack[2]
11-09 20:51:00.970  1936  3526 D Dex2oatAdjuster: Before fg size = 0
11-09 20:51:00.970  1936  3526 D Dex2oatAdjuster: After bg size = 0 fg size = 0
11-09 20:51:00.973  1936  2389 D ViewRootImpl@1bba6e4[GiftGame]: dispatchDetachedFromWindow
11-09 20:51:00.973  1936  2389 D InputEventReceiver: channel '217b74d Splash Screen com.TeamNA.GiftGame (client)' ~ Disposing input event receiver.
11-09 20:51:00.973  1936  2742 I WindowManager: Destroying surface Surface(name=Splash Screen com.TeamNA.GiftGame) called by com.android.server.wm.WindowStateAnimator.destroySurface:2501 com.android.server.wm.WindowStateAnimator.destroySurfaceLocked:985 com.android.server.wm.WindowState.removeImmediately:2404 com.android.server.wm.WindowState.removeIfPossible:2612 com.android.server.wm.WindowState.removeIfPossible:2442 com.android.server.wm.WindowToken.removeAllWindowsIfPossible:143 com.android.server.wm.AppWindowToken.removeIfPossible:606 com.android.server.wm.AppWindowToken.onRemovedFromDisplay:674 
11-09 20:51:00.974  1936  2389 D InputEventReceiver: channel '217b74d Splash Screen com.TeamNA.GiftGame (client)' ~NativeInputEventReceiver.
11-09 20:51:00.974   769   823 I SurfaceFlinger: id=4632 Removed Splash Screen com.TeamNA.GiftGame#0 (1/5)
11-09 20:51:00.974   769   823 I SurfaceFlinger: id=4632 Removed Splash Screen com.TeamNA.GiftGame#0 (-2/5)
11-09 20:51:00.979  1936  2389 W WindowManager: Failed looking up window callers=com.android.server.wm.WindowManagerService.windowForClientLocked:6654 com.android.server.wm.WindowManagerService.removeWindow:2015 com.android.server.wm.Session.remove:237 
11-09 20:51:00.980   769   769 I Layer   : id=4632 onRemoved Splash Screen com.TeamNA.GiftGame#0 
11-09 20:51:00.984  3170  3218 D ForegroundUtils: could not check pending caller
11-09 20:51:00.990  1936  3526 D Dex2oatAdjuster: Before fg size = 0
11-09 20:51:00.990  1936  3526 D Dex2oatAdjuster: After bg size = 0 fg size = 0
11-09 20:51:00.991  3170  3218 D ForegroundUtils: could not check pending caller
11-09 20:51:01.121  1936  2467 D MdnieScenarioControlService:  packageName : com.TeamNA.GiftGame    className : com.epicgames.ue4.GameActivity
11-09 20:51:01.121  1936  2467 V MdnieScenarioControlService: setUIMode from UI function(3)
11-09 20:51:01.160  1936  1936 D PreBindingService: handleMessage : 1
11-09 20:51:01.179  1936  1936 D CustomFrequencyManagerService: releaseDVFSLockLocked : Getting Lock type frm List : DVFS_MIN_LIMIT  frequency : 1555200  uid : 1000  pid : 1936  tag : AMS_RESUME_TAIL@CPU_MIN@26
11-09 20:51:01.189  1936  1936 D CustomFrequencyManagerService: releaseDVFSLockLocked : Getting Lock type frm List : DVFS_MIN_LIMIT  frequency : 2150400  uid : 1000  pid : 1936  tag : PWM_ROTATION@CPU_MIN@96
11-09 20:51:01.231  5567  5594 D UE4     : LogStreaming: Display: Took  0.117s to configure plugins.
11-09 20:51:01.231  5567  5594 D UE4     : 
11-09 20:51:01.239  5567  5594 D UE4     : LogOnline: Display: OnlineSubsystemGooglePlayModule::StartupModule()
11-09 20:51:01.239  5567  5594 D UE4     : 
11-09 20:51:01.239  5567  5594 D UE4     : LogOnline: Warning: FOnlineSubsystemGooglePlayModule was disabled
11-09 20:51:01.239  5567  5594 D UE4     : 
11-09 20:51:01.242  5567  5594 D UE4     : LogOnline: Warning: FOnlineSubsystemGooglePlayModule was disabled
11-09 20:51:01.242  5567  5594 D UE4     : 
11-09 20:51:01.244  5567  5594 D UE4     : LogStreaming: Display: Took  0.000s to delete old logs.
11-09 20:51:01.245  5567  5594 D UE4     : 
11-09 20:51:01.277  5567  5594 D UE4     : LogStreaming: Display: Async Loading initialized: Event Driven Loader: true, Async Loading Thread: false, Async Post Load: true
11-09 20:51:01.277  5567  5594 D UE4     : 
11-09 20:51:01.291  1936 11112 D GamePkgDataHelper: getGamePkgDataIncServer(). com.TeamNA.GiftGame
11-09 20:51:01.293  1936 11112 D GameManagerService: identifyGamePackage. com.TeamNA.GiftGame
11-09 20:51:01.294  1936 11112 D GamePkgDataHelper: getGamePkgData(). com.TeamNA.GiftGame
11-09 20:51:01.295  1936 11112 D GameManagerService: identifyGamePackage. com.TeamNA.GiftGame
11-09 20:51:01.295  1936 11112 D GamePkgDataHelper: getGamePkgData(). com.TeamNA.GiftGame
11-09 20:51:01.295  1936 11112 D GameManagerService: identifyGamePackage. com.TeamNA.GiftGame
11-09 20:51:01.296  1936 11112 D GamePkgDataHelper: getGamePkgData(). com.TeamNA.GiftGame
11-09 20:51:01.300  1062  1338 V APM_AudioPolicyManager: getAudioPolicyConfig: audioParam;outDevice
11-09 20:51:01.300  1062  1338 V APM_AudioPolicyManager: getNewOutputDevice() selected device 0
11-09 20:51:01.300  1062  1338 V APM_AudioPolicyManager: ### curdevice : 2
11-09 20:51:01.300  1062  1338 V APM_AudioPolicyManager: getAudioPolicyConfig: audioParam;outDevice
11-09 20:51:01.301  1062  1338 V APM_AudioPolicyManager: getNewOutputDevice() selected device 0
11-09 20:51:01.301  1062  1338 V APM_AudioPolicyManager: ### curdevice : 2
11-09 20:51:01.301  1062  1338 V APM_AudioPolicyManager: getAudioPolicyConfig: audioParam;outDevice
11-09 20:51:01.301  1062  1338 V APM_AudioPolicyManager: getNewOutputDevice() selected device 0
11-09 20:51:01.301  1062  1338 V APM_AudioPolicyManager: ### curdevice : 2
11-09 20:51:01.324  5567  5594 D UE4     : ***** RequestedContentScaleFactor different 1.000000 != -1.000000, not using res cache
11-09 20:51:01.324  5567  5594 D UE4     : ***** Window different, not using res cache
11-09 20:51:01.324  5567  5594 D UE4     : ***** WindowWidth is -1, not using res cache
11-09 20:51:01.328  5567  5594 D UE4     : Vulkan not available as project packaged without bSupportsVulkan or bSupportsVulkanSM5.
11-09 20:51:01.328  1062  1338 V APM_AudioPolicyManager: getAudioPolicyConfig: audioParam;activeStream
11-09 20:51:01.328  1062  1338 V APM_AudioPolicyManager: ### active stream : 0
11-09 20:51:01.329  1936 11112 D AudioService: active stream is 0x0
