11-08 22:29:50.783 31466 31571 I libOpenSLES: Emulating old channel mask behavior (ignoring positional mask 0x3, using default mask 0x3 based on channel count of 2)
11-08 22:29:50.784   681 20335 D AudioFlinger: Client defaulted notificationFrames to 590 for frameCount 1772
11-08 22:29:50.784 31466 31571 W AudioTrack: AUDIO_OUTPUT_FLAG_FAST denied by server; frameCount 0 -> 1772
11-08 22:29:50.789   640   640 W AshmemAllocator: ashmem_create_region(7680) returning hidl_memory(0x74f522c100, 7680)
11-08 22:29:50.790   640   640 W AshmemAllocator: ashmem_create_region(7680) returning hidl_memory(0x74f522c100, 7680)
11-08 22:29:51.638 31466 31672 D         : PlayerBase::stop() from IPlayer
11-08 22:29:51.639 31466 31672 D AudioTrack: stop() called with 39065 frames delivered
11-08 22:29:51.643 31466 31571 D         : PlayerBase::stop() from IPlayer
11-08 22:29:51.880 31466 31493 V threaded_app: New input event: type=2
11-08 22:29:54.681 31466 31493 I chatty  : uid=10342(com.TeamNA.GiftGame) identical 28 lines
11-08 22:29:54.682 31466 31493 V threaded_app: New input event: type=2
11-08 22:29:55.049 24720 31027 I BugleNetwork: Received onNext in BindHandlerV2: PONG
11-08 22:29:55.049 24720 31027 I BugleNetwork: handlePong()
11-08 22:29:55.191 31466 31571 D         : PlayerBase::PlayerBase()
11-08 22:29:55.192 31466 31571 D         : TrackPlayerBase::TrackPlayerBase()
11-08 22:29:55.192 31466 31571 I libOpenSLES: Emulating old channel mask behavior (ignoring positional mask 0x3, using default mask 0x3 based on channel count of 2)
11-08 22:29:55.194   681 11719 D AudioFlinger: Client defaulted notificationFrames to 590 for frameCount 1772
11-08 22:29:55.195 31466 31571 W AudioTrack: AUDIO_OUTPUT_FLAG_FAST denied by server; frameCount 0 -> 1772
11-08 22:29:55.200   640   640 W AshmemAllocator: ashmem_create_region(7680) returning hidl_memory(0x74f522c100, 7680)
11-08 22:29:55.205   640   640 W AshmemAllocator: ashmem_create_region(7680) returning hidl_memory(0x74f522c100, 7680)
11-08 22:29:55.208 31466 31571 D         : PlayerBase::stop() from IPlayer
11-08 22:29:55.208 31466 31571 D AudioTrack: stop() called with 1770 frames delivered
11-08 22:29:55.211 31466 31571 D         : PlayerBase::PlayerBase()
11-08 22:29:55.212 31466 31571 D         : TrackPlayerBase::TrackPlayerBase()
11-08 22:29:55.212 31466 31571 I libOpenSLES: Emulating old channel mask behavior (ignoring positional mask 0x3, using default mask 0x3 based on channel count of 2)
11-08 22:29:55.212   681  2082 D AudioFlinger: Client defaulted notificationFrames to 590 for frameCount 1772
11-08 22:29:55.215 31466 31571 W AudioTrack: AUDIO_OUTPUT_FLAG_FAST denied by server; frameCount 0 -> 1772
11-08 22:29:55.218   640   640 W AshmemAllocator: ashmem_create_region(7680) returning hidl_memory(0x74f522c100, 7680)
11-08 22:29:55.220   640   640 W AshmemAllocator: ashmem_create_region(7680) returning hidl_memory(0x74f522c100, 7680)
11-08 22:29:55.224 31466 31571 D         : PlayerBase::stop() from IPlayer
11-08 22:29:55.224 31466 31571 D AudioTrack: stop() called with 1770 frames delivered
11-08 22:29:55.228 31466 31571 D         : PlayerBase::PlayerBase()
11-08 22:29:55.228 31466 31571 D         : TrackPlayerBase::TrackPlayerBase()
11-08 22:29:55.228 31466 31571 I libOpenSLES: Emulating old channel mask behavior (ignoring positional mask 0x3, using default mask 0x3 based on channel count of 2)
11-08 22:29:55.229   681   681 D AudioFlinger: Client defaulted notificationFrames to 590 for frameCount 1772
11-08 22:29:55.231 31466 31571 W AudioTrack: AUDIO_OUTPUT_FLAG_FAST denied by server; frameCount 0 -> 1772
11-08 22:29:55.235   640   640 W AshmemAllocator: ashmem_create_region(7680) returning hidl_memory(0x74f522c100, 7680)
11-08 22:29:55.237   640   640 W AshmemAllocator: ashmem_create_region(7680) returning hidl_memory(0x74f522c100, 7680)
11-08 22:29:55.240 31466 31571 D         : PlayerBase::stop() from IPlayer
11-08 22:29:55.240 31466 31571 D AudioTrack: stop() called with 1770 frames delivered
11-08 22:29:55.244 31466 31571 D         : PlayerBase::PlayerBase()
11-08 22:29:55.245 31466 31571 D         : TrackPlayerBase::TrackPlayerBase()
11-08 22:29:55.245 31466 31571 I libOpenSLES: Emulating old channel mask behavior (ignoring positional mask 0x3, using default mask 0x3 based on channel count of 2)
11-08 22:29:55.246   681 20335 D AudioFlinger: Client defaulted notificationFrames to 590 for frameCount 1772
11-08 22:29:55.247 31466 31571 W AudioTrack: AUDIO_OUTPUT_FLAG_FAST denied by server; frameCount 0 -> 1772
11-08 22:29:55.251   640   640 W AshmemAllocator: ashmem_create_region(7680) returning hidl_memory(0x74f522c100, 7680)
11-08 22:29:55.253   640   640 W AshmemAllocator: ashmem_create_region(7680) returning hidl_memory(0x74f522c100, 7680)
11-08 22:29:55.255 31466 31571 D         : PlayerBase::stop() from IPlayer
11-08 22:29:55.255 31466 31571 D AudioTrack: stop() called with 1770 frames delivered
11-08 22:29:55.259 31466 31571 D         : PlayerBase::PlayerBase()
11-08 22:29:55.260 31466 31571 D         : TrackPlayerBase::TrackPlayerBase()
11-08 22:29:55.260 31466 31571 I libOpenSLES: Emulating old channel mask behavior (ignoring positional mask 0x3, using default mask 0x3 based on channel count of 2)
11-08 22:29:55.260   681 20335 D AudioFlinger: Client defaulted notificationFrames to 590 for frameCount 1772
11-08 22:29:55.262 31466 31571 W AudioTrack: AUDIO_OUTPUT_FLAG_FAST denied by server; frameCount 0 -> 1772
11-08 22:29:55.266   640   640 W AshmemAllocator: ashmem_create_region(7680) returning hidl_memory(0x74f522c100, 7680)
11-08 22:29:55.268   640   640 W AshmemAllocator: ashmem_create_region(7680) returning hidl_memory(0x74f522c100, 7680)
11-08 22:29:55.323   676   676 E VibratorService: Setting amplitude  to: 3596
11-08 22:29:55.422 31466 31571 D         : PlayerBase::stop() from IPlayer
11-08 22:29:55.422 31466 31571 D AudioTrack: stop() called with 8828 frames delivered
11-08 22:29:55.426 31466 31571 D         : PlayerBase::PlayerBase()
11-08 22:29:55.426 31466 31571 D         : TrackPlayerBase::TrackPlayerBase()
11-08 22:29:55.426 31466 31571 I libOpenSLES: Emulating old channel mask behavior (ignoring positional mask 0x3, using default mask 0x3 based on channel count of 2)
11-08 22:29:55.427   681 11719 D AudioFlinger: Client defaulted notificationFrames to 590 for frameCount 1772
11-08 22:29:55.428 31466 31571 W AudioTrack: AUDIO_OUTPUT_FLAG_FAST denied by server; frameCount 0 -> 1772
11-08 22:29:55.432   640   640 W AshmemAllocator: ashmem_create_region(7680) returning hidl_memory(0x74f522c100, 7680)
11-08 22:29:55.433   640   640 W AshmemAllocator: ashmem_create_region(7680) returning hidl_memory(0x74f522c100, 7680)
11-08 22:29:55.438 31466 31571 D         : PlayerBase::stop() from IPlayer
11-08 22:29:55.439 31466 31571 D AudioTrack: stop() called with 1770 frames delivered
11-08 22:29:55.443 31466 31571 D         : PlayerBase::PlayerBase()
11-08 22:29:55.444 31466 31571 D         : TrackPlayerBase::TrackPlayerBase()
11-08 22:29:55.444 31466 31571 I libOpenSLES: Emulating old channel mask behavior (ignoring positional mask 0x3, using default mask 0x3 based on channel count of 2)
11-08 22:29:55.445   681 11719 D AudioFlinger: Client defaulted notificationFrames to 590 for frameCount 1772
11-08 22:29:55.445 31466 31571 W AudioTrack: AUDIO_OUTPUT_FLAG_FAST denied by server; frameCount 0 -> 1772
11-08 22:29:55.450   640   640 W AshmemAllocator: ashmem_create_region(7680) returning hidl_memory(0x74f522c100, 7680)
11-08 22:29:55.452   640   640 W AshmemAllocator: ashmem_create_region(7680) returning hidl_memory(0x74f522c100, 7680)
11-08 22:29:55.455 31466 31571 D         : PlayerBase::stop() from IPlayer
11-08 22:29:55.455 31466 31571 D AudioTrack: stop() called with 1770 frames delivered
11-08 22:29:55.460 31466 31571 D         : PlayerBase::PlayerBase()
11-08 22:29:55.461 31466 31571 D         : TrackPlayerBase::TrackPlayerBase()
11-08 22:29:55.461 31466 31571 I libOpenSLES: Emulating old channel mask behavior (ignoring positional mask 0x3, using default mask 0x3 based on channel count of 2)
11-08 22:29:55.461   681 11719 D AudioFlinger: Client defaulted notificationFrames to 590 for frameCount 1772
11-08 22:29:55.462 31466 31571 W AudioTrack: AUDIO_OUTPUT_FLAG_FAST denied by server; frameCount 0 -> 1772
11-08 22:29:55.467   640   640 W AshmemAllocator: ashmem_create_region(7680) returning hidl_memory(0x74f522c100, 7680)
11-08 22:29:55.469   640   640 W AshmemAllocator: ashmem_create_region(7680) returning hidl_memory(0x74f522c100, 7680)
11-08 22:29:55.472 31466 31571 D         : PlayerBase::stop() from IPlayer
11-08 22:29:55.472 31466 31571 D AudioTrack: stop() called with 1770 frames delivered
11-08 22:29:55.476 31466 31571 D         : PlayerBase::PlayerBase()
11-08 22:29:55.477 31466 31571 D         : TrackPlayerBase::TrackPlayerBase()
11-08 22:29:55.477 31466 31571 I libOpenSLES: Emulating old channel mask behavior (ignoring positional mask 0x3, using default mask 0x3 based on channel count of 2)
11-08 22:29:55.478   681 16163 D AudioFlinger: Client defaulted notificationFrames to 590 for frameCount 1772
11-08 22:29:55.479 31466 31571 W AudioTrack: AUDIO_OUTPUT_FLAG_FAST denied by server; frameCount 0 -> 1772
11-08 22:29:55.484   640   640 W AshmemAllocator: ashmem_create_region(7680) returning hidl_memory(0x74f522c100, 7680)
11-08 22:29:55.486   640   640 W AshmemAllocator: ashmem_create_region(7680) returning hidl_memory(0x74f522c100, 7680)
11-08 22:29:55.978 31466 31690 D         : PlayerBase::stop() from IPlayer
11-08 22:29:55.978 31466 31690 D AudioTrack: stop() called with 22977 frames delivered
11-08 22:29:55.988 31466 31571 D         : PlayerBase::stop() from IPlayer
11-08 22:29:56.348 31466 31493 V threaded_app: New input event: type=2
11-08 22:29:57.977 31466 31493 I chatty  : uid=10342(com.TeamNA.GiftGame) identical 14 lines
11-08 22:29:57.977 31466 31493 V threaded_app: New input event: type=2
11-08 22:29:58.542 31466 31571 D         : PlayerBase::PlayerBase()
11-08 22:29:58.543 31466 31571 D         : TrackPlayerBase::TrackPlayerBase()
11-08 22:29:58.543 31466 31571 I libOpenSLES: Emulating old channel mask behavior (ignoring positional mask 0x3, using default mask 0x3 based on channel count of 2)
11-08 22:29:58.545   681 11719 D AudioFlinger: Client defaulted notificationFrames to 590 for frameCount 1772
11-08 22:29:58.546 31466 31571 W AudioTrack: AUDIO_OUTPUT_FLAG_FAST denied by server; frameCount 0 -> 1772
11-08 22:29:58.552   640   640 W AshmemAllocator: ashmem_create_region(7680) returning hidl_memory(0x74f522c100, 7680)
11-08 22:29:58.554   640   640 W AshmemAllocator: ashmem_create_region(7680) returning hidl_memory(0x74f522c100, 7680)
11-08 22:29:58.557 31466 31571 D         : PlayerBase::stop() from IPlayer
11-08 22:29:58.558 31466 31571 D AudioTrack: stop() called with 1770 frames delivered
11-08 22:29:58.561 31466 31571 D         : PlayerBase::PlayerBase()
11-08 22:29:58.562 31466 31571 D         : TrackPlayerBase::TrackPlayerBase()
11-08 22:29:58.562 31466 31571 I libOpenSLES: Emulating old channel mask behavior (ignoring positional mask 0x3, using default mask 0x3 based on channel count of 2)
11-08 22:29:58.563   681 16163 D AudioFlinger: Client defaulted notificationFrames to 590 for frameCount 1772
11-08 22:29:58.564 31466 31571 W AudioTrack: AUDIO_OUTPUT_FLAG_FAST denied by server; frameCount 0 -> 1772
11-08 22:29:58.570   640   640 W AshmemAllocator: ashmem_create_region(7680) returning hidl_memory(0x74f522c100, 7680)
11-08 22:29:58.572   640   640 W AshmemAllocator: ashmem_create_region(7680) returning hidl_memory(0x74f522c100, 7680)
11-08 22:29:58.573 31466 31571 D         : PlayerBase::stop() from IPlayer
11-08 22:29:58.574 31466 31571 D AudioTrack: stop() called with 1770 frames delivered
11-08 22:29:58.577 31466 31571 D         : PlayerBase::PlayerBase()
11-08 22:29:58.577 31466 31571 D         : TrackPlayerBase::TrackPlayerBase()
11-08 22:29:58.577 31466 31571 I libOpenSLES: Emulating old channel mask behavior (ignoring positional mask 0x3, using default mask 0x3 based on channel count of 2)
11-08 22:29:58.579   681  2082 D AudioFlinger: Client defaulted notificationFrames to 590 for frameCount 1772
11-08 22:29:58.580 31466 31571 W AudioTrack: AUDIO_OUTPUT_FLAG_FAST denied by server; frameCount 0 -> 1772
11-08 22:29:58.584   640   640 W AshmemAllocator: ashmem_create_region(7680) returning hidl_memory(0x74f522c100, 7680)
11-08 22:29:58.588   640   640 W AshmemAllocator: ashmem_create_region(7680) returning hidl_memory(0x74f522c100, 7680)
11-08 22:29:58.590 31466 31571 D         : PlayerBase::stop() from IPlayer
11-08 22:29:58.590 31466 31571 D AudioTrack: stop() called with 1770 frames delivered
11-08 22:29:58.593 31466 31571 D         : PlayerBase::PlayerBase()
11-08 22:29:58.593 31466 31571 D         : TrackPlayerBase::TrackPlayerBase()
11-08 22:29:58.593 31466 31571 I libOpenSLES: Emulating old channel mask behavior (ignoring positional mask 0x3, using default mask 0x3 based on channel count of 2)
11-08 22:29:58.594   681 20335 D AudioFlinger: Client defaulted notificationFrames to 590 for frameCount 1772
11-08 22:29:58.595 31466 31571 W AudioTrack: AUDIO_OUTPUT_FLAG_FAST denied by server; frameCount 0 -> 1772
11-08 22:29:58.599   640   640 W AshmemAllocator: ashmem_create_region(7680) returning hidl_memory(0x74f522c100, 7680)
11-08 22:29:58.601   640   640 W AshmemAllocator: ashmem_create_region(7680) returning hidl_memory(0x74f522c100, 7680)
11-08 22:29:58.606 31466 31571 D         : PlayerBase::stop() from IPlayer
11-08 22:29:58.606 31466 31571 D AudioTrack: stop() called with 1770 frames delivered
11-08 22:29:58.609 31466 31571 D         : PlayerBase::PlayerBase()
11-08 22:29:58.610 31466 31571 D         : TrackPlayerBase::TrackPlayerBase()
11-08 22:29:58.610 31466 31571 I libOpenSLES: Emulating old channel mask behavior (ignoring positional mask 0x3, using default mask 0x3 based on channel count of 2)
11-08 22:29:58.610   681 11719 D AudioFlinger: Client defaulted notificationFrames to 590 for frameCount 1772
11-08 22:29:58.611 31466 31571 W AudioTrack: AUDIO_OUTPUT_FLAG_FAST denied by server; frameCount 0 -> 1772
11-08 22:29:58.616   640   640 W AshmemAllocator: ashmem_create_region(7680) returning hidl_memory(0x74f522c100, 7680)
11-08 22:29:58.618   640   640 W AshmemAllocator: ashmem_create_region(7680) returning hidl_memory(0x74f522c100, 7680)
11-08 22:29:58.673   676   676 E VibratorService: Setting amplitude  to: 3596
11-08 22:29:58.755 31466 31571 D         : PlayerBase::stop() from IPlayer
11-08 22:29:58.755 31466 31571 D AudioTrack: stop() called with 7064 frames delivered
11-08 22:29:58.760 31466 31571 D         : PlayerBase::PlayerBase()
11-08 22:29:58.760 31466 31571 D         : TrackPlayerBase::TrackPlayerBase()
11-08 22:29:58.760 31466 31571 I libOpenSLES: Emulating old channel mask behavior (ignoring positional mask 0x3, using default mask 0x3 based on channel count of 2)
11-08 22:29:58.761   681 11719 D AudioFlinger: Client defaulted notificationFrames to 590 for frameCount 1772
11-08 22:29:58.762 31466 31571 W AudioTrack: AUDIO_OUTPUT_FLAG_FAST denied by server; frameCount 0 -> 1772
11-08 22:29:58.767   640   640 W AshmemAllocator: ashmem_create_region(7680) returning hidl_memory(0x74f522c100, 7680)
11-08 22:29:58.768   640   640 W AshmemAllocator: ashmem_create_region(7680) returning hidl_memory(0x74f522c100, 7680)
11-08 22:29:58.772 31466 31571 D         : PlayerBase::stop() from IPlayer
11-08 22:29:58.772 31466 31571 D AudioTrack: stop() called with 1770 frames delivered
11-08 22:29:58.776 31466 31571 D         : PlayerBase::PlayerBase()
11-08 22:29:58.776 31466 31571 D         : TrackPlayerBase::TrackPlayerBase()
11-08 22:29:58.776 31466 31571 I libOpenSLES: Emulating old channel mask behavior (ignoring positional mask 0x3, using default mask 0x3 based on channel count of 2)
11-08 22:29:58.777   681 20335 D AudioFlinger: Client defaulted notificationFrames to 590 for frameCount 1772
11-08 22:29:58.778 31466 31571 W AudioTrack: AUDIO_OUTPUT_FLAG_FAST denied by server; frameCount 0 -> 1772
11-08 22:29:58.783   640   640 W AshmemAllocator: ashmem_create_region(7680) returning hidl_memory(0x74f522c100, 7680)
11-08 22:29:58.784   640   640 W AshmemAllocator: ashmem_create_region(7680) returning hidl_memory(0x74f522c100, 7680)
11-08 22:29:58.789 31466 31571 D         : PlayerBase::stop() from IPlayer
11-08 22:29:58.789 31466 31571 D AudioTrack: stop() called with 1770 frames delivered
11-08 22:29:58.792 31466 31571 D         : PlayerBase::PlayerBase()
11-08 22:29:58.792 31466 31571 D         : TrackPlayerBase::TrackPlayerBase()
11-08 22:29:58.793 31466 31571 I libOpenSLES: Emulating old channel mask behavior (ignoring positional mask 0x3, using default mask 0x3 based on channel count of 2)
11-08 22:29:58.793   681 11719 D AudioFlinger: Client defaulted notificationFrames to 590 for frameCount 1772
11-08 22:29:58.794 31466 31571 W AudioTrack: AUDIO_OUTPUT_FLAG_FAST denied by server; frameCount 0 -> 1772
11-08 22:29:58.799   640   640 W AshmemAllocator: ashmem_create_region(7680) returning hidl_memory(0x74f522c100, 7680)
11-08 22:29:58.800   640   640 W AshmemAllocator: ashmem_create_region(7680) returning hidl_memory(0x74f522c100, 7680)
11-08 22:29:58.806 31466 31571 D         : PlayerBase::stop() from IPlayer
11-08 22:29:58.806 31466 31571 D AudioTrack: stop() called with 1770 frames delivered
11-08 22:29:58.811 31466 31571 D         : PlayerBase::PlayerBase()
11-08 22:29:58.811 31466 31571 D         : TrackPlayerBase::TrackPlayerBase()
11-08 22:29:58.811 31466 31571 I libOpenSLES: Emulating old channel mask behavior (ignoring positional mask 0x3, using default mask 0x3 based on channel count of 2)
11-08 22:29:58.812   681 16163 D AudioFlinger: Client defaulted notificationFrames to 590 for frameCount 1772
11-08 22:29:58.813 31466 31571 W AudioTrack: AUDIO_OUTPUT_FLAG_FAST denied by server; frameCount 0 -> 1772
11-08 22:29:58.817   640   640 W AshmemAllocator: ashmem_create_region(7680) returning hidl_memory(0x74f522c100, 7680)
11-08 22:29:58.819   640   640 W AshmemAllocator: ashmem_create_region(7680) returning hidl_memory(0x74f522c100, 7680)
11-08 22:29:58.822 31466 31571 D         : PlayerBase::stop() from IPlayer
11-08 22:29:58.822 31466 31571 D AudioTrack: stop() called with 0 frames delivered
11-08 22:29:58.827 31466 31571 D         : PlayerBase::PlayerBase()
11-08 22:29:58.827 31466 31571 D         : TrackPlayerBase::TrackPlayerBase()
11-08 22:29:58.828 31466 31571 I libOpenSLES: Emulating old channel mask behavior (ignoring positional mask 0x3, using default mask 0x3 based on channel count of 2)
11-08 22:29:58.828   681 20335 D AudioFlinger: Client defaulted notificationFrames to 590 for frameCount 1772
11-08 22:29:58.829 31466 31571 W AudioTrack: AUDIO_OUTPUT_FLAG_FAST denied by server; frameCount 0 -> 1772
11-08 22:29:58.833   640   640 W AshmemAllocator: ashmem_create_region(7680) returning hidl_memory(0x74f522c100, 7680)
11-08 22:29:58.835   640   640 W AshmemAllocator: ashmem_create_region(7680) returning hidl_memory(0x74f522c100, 7680)
11-08 22:29:59.678 31466 31709 D         : PlayerBase::stop() from IPlayer
11-08 22:29:59.678 31466 31709 D AudioTrack: stop() called with 39065 frames delivered
11-08 22:29:59.692 31466 31571 D         : PlayerBase::stop() from IPlayer
11-08 22:29:59.705 31466 31493 V threaded_app: New input event: type=2
11-08 22:29:53.770   898   898 V SettingsProvider: Notifying for 0: content://settings/system/screen_brightness
11-08 22:29:59.771 31466 31493 I chatty  : uid=10342(com.TeamNA.GiftGame) identical 4 lines
11-08 22:29:59.771 31466 31493 V threaded_app: New input event: type=2
11-08 22:30:00.006   898   898 I ActivityManager: Killing 30065:android.process.acore/u0a2 (adj 906): empty #17
11-08 22:30:00.010   898   970 W libprocessgroup: kill(-30065, 9) failed: No such process
11-08 22:30:00.046   633   633 I Zygote  : Process 30065 exited due to signal (9)
11-08 22:30:00.055   898   970 W libprocessgroup: kill(-30065, 9) failed: No such process
11-08 22:30:00.055   898   970 I libprocessgroup: Successfully killed process cgroup uid 10002 pid 30065 in 45ms
11-08 22:30:00.456 31466 31493 V threaded_app: New input event: type=2
11-08 22:30:00.508 31466 31493 I chatty  : uid=10342(com.TeamNA.GiftGame) identical 2 lines
11-08 22:30:00.509 31466 31493 V threaded_app: New input event: type=2
11-08 22:30:00.959 31466 31571 D         : PlayerBase::PlayerBase()
11-08 22:30:00.960 31466 31571 D         : TrackPlayerBase::TrackPlayerBase()
11-08 22:30:00.960 31466 31571 I libOpenSLES: Emulating old channel mask behavior (ignoring positional mask 0x3, using default mask 0x3 based on channel count of 2)
11-08 22:30:00.960   681 20335 D AudioFlinger: Client defaulted notificationFrames to 590 for frameCount 1772
11-08 22:30:00.962 31466 31571 W AudioTrack: AUDIO_OUTPUT_FLAG_FAST denied by server; frameCount 0 -> 1772
11-08 22:30:00.967   640   640 W AshmemAllocator: ashmem_create_region(7680) returning hidl_memory(0x74f522c100, 7680)
11-08 22:30:00.971   640   640 W AshmemAllocator: ashmem_create_region(7680) returning hidl_memory(0x74f522c100, 7680)
11-08 22:30:00.974 31466 31571 D         : PlayerBase::stop() from IPlayer
11-08 22:30:00.974 31466 31571 D AudioTrack: stop() called with 1770 frames delivered
11-08 22:30:00.978 31466 31571 D         : PlayerBase::PlayerBase()
11-08 22:30:00.978 31466 31571 D         : TrackPlayerBase::TrackPlayerBase()
11-08 22:30:00.978 31466 31571 I libOpenSLES: Emulating old channel mask behavior (ignoring positional mask 0x3, using default mask 0x3 based on channel count of 2)
11-08 22:30:00.979   681 11719 D AudioFlinger: Client defaulted notificationFrames to 590 for frameCount 1772
11-08 22:30:00.980 31466 31571 W AudioTrack: AUDIO_OUTPUT_FLAG_FAST denied by server; frameCount 0 -> 1772
11-08 22:30:00.984   640   640 W AshmemAllocator: ashmem_create_region(7680) returning hidl_memory(0x74f522c100, 7680)
11-08 22:30:00.987   640   640 W AshmemAllocator: ashmem_create_region(7680) returning hidl_memory(0x74f522c100, 7680)
11-08 22:30:00.990 31466 31571 D         : PlayerBase::stop() from IPlayer
11-08 22:30:00.990 31466 31571 D AudioTrack: stop() called with 1770 frames delivered
11-08 22:30:00.994 31466 31571 D         : PlayerBase::PlayerBase()
11-08 22:30:00.995 31466 31571 D         : TrackPlayerBase::TrackPlayerBase()
11-08 22:30:00.995 31466 31571 I libOpenSLES: Emulating old channel mask behavior (ignoring positional mask 0x3, using default mask 0x3 based on channel count of 2)
11-08 22:30:00.995   681 16163 D AudioFlinger: Client defaulted notificationFrames to 590 for frameCount 1772
11-08 22:30:00.996 31466 31571 W AudioTrack: AUDIO_OUTPUT_FLAG_FAST denied by server; frameCount 0 -> 1772
11-08 22:30:01.001   640   640 W AshmemAllocator: ashmem_create_region(7680) returning hidl_memory(0x74f522c100, 7680)
11-08 22:30:01.002   640   640 W AshmemAllocator: ashmem_create_region(7680) returning hidl_memory(0x74f522c100, 7680)
11-08 22:30:01.006 31466 31571 D         : PlayerBase::stop() from IPlayer
11-08 22:30:01.006 31466 31571 D AudioTrack: stop() called with 1770 frames delivered
11-08 22:30:01.010 31466 31571 D         : PlayerBase::PlayerBase()
11-08 22:30:01.011 31466 31571 D         : TrackPlayerBase::TrackPlayerBase()
11-08 22:30:01.011 31466 31571 I libOpenSLES: Emulating old channel mask behavior (ignoring positional mask 0x3, using default mask 0x3 based on channel count of 2)
11-08 22:30:01.012   681 11719 D AudioFlinger: Client defaulted notificationFrames to 590 for frameCount 1772
11-08 22:30:01.012 31466 31571 W AudioTrack: AUDIO_OUTPUT_FLAG_FAST denied by server; frameCount 0 -> 1772
11-08 22:30:01.016   640   640 W AshmemAllocator: ashmem_create_region(7680) returning hidl_memory(0x74f522c100, 7680)
11-08 22:30:01.018   640   640 W AshmemAllocator: ashmem_create_region(7680) returning hidl_memory(0x74f522c100, 7680)
11-08 22:30:01.023 31466 31571 D         : PlayerBase::stop() from IPlayer
11-08 22:30:01.023 31466 31571 D AudioTrack: stop() called with 1770 frames delivered
11-08 22:30:01.026 31466 31571 D         : PlayerBase::PlayerBase()
11-08 22:30:01.027 31466 31571 D         : TrackPlayerBase::TrackPlayerBase()
11-08 22:30:01.027 31466 31571 I libOpenSLES: Emulating old channel mask behavior (ignoring positional mask 0x3, using default mask 0x3 based on channel count of 2)
11-08 22:30:01.028   681 16163 D AudioFlinger: Client defaulted notificationFrames to 590 for frameCount 1772
11-08 22:30:01.030 31466 31571 W AudioTrack: AUDIO_OUTPUT_FLAG_FAST denied by server; frameCount 0 -> 1772
11-08 22:30:01.034   640   640 W AshmemAllocator: ashmem_create_region(7680) returning hidl_memory(0x74f522c100, 7680)
11-08 22:30:01.036   640   640 W AshmemAllocator: ashmem_create_region(7680) returning hidl_memory(0x74f522c100, 7680)
11-08 22:30:01.073   676   676 E VibratorService: Setting amplitude  to: 3596
11-08 22:30:01.158 31466 31571 D         : PlayerBase::stop() from IPlayer
11-08 22:30:01.158 31466 31571 D AudioTrack: stop() called with 7670 frames delivered
11-08 22:30:01.163 31466 31571 D         : PlayerBase::PlayerBase()
11-08 22:30:01.163 31466 31571 D         : TrackPlayerBase::TrackPlayerBase()
11-08 22:30:01.163 31466 31571 I libOpenSLES: Emulating old channel mask behavior (ignoring positional mask 0x3, using default mask 0x3 based on channel count of 2)
11-08 22:30:01.165   681 20335 D AudioFlinger: Client defaulted notificationFrames to 590 for frameCount 1772
11-08 22:30:01.166 31466 31571 W AudioTrack: AUDIO_OUTPUT_FLAG_FAST denied by server; frameCount 0 -> 1772
11-08 22:30:01.173   640   640 W AshmemAllocator: ashmem_create_region(7680) returning hidl_memory(0x74f522c100, 7680)
11-08 22:30:01.176   640   640 W AshmemAllocator: ashmem_create_region(7680) returning hidl_memory(0x74f522c100, 7680)
11-08 22:30:01.179 31466 31571 D         : PlayerBase::stop() from IPlayer
11-08 22:30:01.179 31466 31571 D AudioTrack: stop() called with 1770 frames delivered
11-08 22:30:01.183 31466 31571 D         : PlayerBase::PlayerBase()
11-08 22:30:01.184 31466 31571 D         : TrackPlayerBase::TrackPlayerBase()
11-08 22:30:01.184 31466 31571 I libOpenSLES: Emulating old channel mask behavior (ignoring positional mask 0x3, using default mask 0x3 based on channel count of 2)
11-08 22:30:01.184   681  2082 D AudioFlinger: Client defaulted notificationFrames to 590 for frameCount 1772
11-08 22:30:01.185 31466 31571 W AudioTrack: AUDIO_OUTPUT_FLAG_FAST denied by server; frameCount 0 -> 1772
11-08 22:30:01.191   640   640 W AshmemAllocator: ashmem_create_region(7680) returning hidl_memory(0x74f522c100, 7680)
11-08 22:30:01.193   640   640 W AshmemAllocator: ashmem_create_region(7680) returning hidl_memory(0x74f522c100, 7680)
11-08 22:30:01.196 31466 31571 D         : PlayerBase::stop() from IPlayer
11-08 22:30:01.196 31466 31571 D AudioTrack: stop() called with 1770 frames delivered
11-08 22:30:01.201 31466 31571 D         : PlayerBase::PlayerBase()
11-08 22:30:01.201 31466 31571 D         : TrackPlayerBase::TrackPlayerBase()
11-08 22:30:01.201 31466 31571 I libOpenSLES: Emulating old channel mask behavior (ignoring positional mask 0x3, using default mask 0x3 based on channel count of 2)
11-08 22:30:01.202   681  2082 D AudioFlinger: Client defaulted notificationFrames to 590 for frameCount 1772
11-08 22:30:01.203 31466 31571 W AudioTrack: AUDIO_OUTPUT_FLAG_FAST denied by server; frameCount 0 -> 1772
11-08 22:30:01.206   640   640 W AshmemAllocator: ashmem_create_region(7680) returning hidl_memory(0x74f522c100, 7680)
11-08 22:30:01.210   640   640 W AshmemAllocator: ashmem_create_region(7680) returning hidl_memory(0x74f522c100, 7680)
11-08 22:30:01.212 31466 31571 D         : PlayerBase::stop() from IPlayer
11-08 22:30:01.212 31466 31571 D AudioTrack: stop() called with 1770 frames delivered
11-08 22:30:01.217 31466 31571 D         : PlayerBase::PlayerBase()
11-08 22:30:01.217 31466 31571 D         : TrackPlayerBase::TrackPlayerBase()
11-08 22:30:01.217 31466 31571 I libOpenSLES: Emulating old channel mask behavior (ignoring positional mask 0x3, using default mask 0x3 based on channel count of 2)
11-08 22:30:01.218   681 16163 D AudioFlinger: Client defaulted notificationFrames to 590 for frameCount 1772
11-08 22:30:01.219 31466 31571 W AudioTrack: AUDIO_OUTPUT_FLAG_FAST denied by server; frameCount 0 -> 1772
11-08 22:30:01.223   640   640 W AshmemAllocator: ashmem_create_region(7680) returning hidl_memory(0x74f522c100, 7680)
11-08 22:30:01.225   640   640 W AshmemAllocator: ashmem_create_region(7680) returning hidl_memory(0x74f522c100, 7680)
11-08 22:30:01.228 31466 31571 D         : PlayerBase::stop() from IPlayer
11-08 22:30:01.228 31466 31571 D AudioTrack: stop() called with 0 frames delivered
11-08 22:30:01.233 31466 31571 D         : PlayerBase::PlayerBase()
11-08 22:30:01.234 31466 31571 D         : TrackPlayerBase::TrackPlayerBase()
11-08 22:30:01.234 31466 31571 I libOpenSLES: Emulating old channel mask behavior (ignoring positional mask 0x3, using default mask 0x3 based on channel count of 2)
11-08 22:30:01.234   681 20335 D AudioFlinger: Client defaulted notificationFrames to 590 for frameCount 1772
11-08 22:30:01.235 31466 31571 W AudioTrack: AUDIO_OUTPUT_FLAG_FAST denied by server; frameCount 0 -> 1772
11-08 22:30:01.239   640   640 W AshmemAllocator: ashmem_create_region(7680) returning hidl_memory(0x74f522c100, 7680)
11-08 22:30:01.241   640   640 W AshmemAllocator: ashmem_create_region(7680) returning hidl_memory(0x74f522c100, 7680)
11-08 22:30:01.810 31466 31493 V threaded_app: New input event: type=2
11-08 22:30:01.869 31466 31493 I chatty  : uid=10342(com.TeamNA.GiftGame) identical 3 lines
11-08 22:30:01.869 31466 31493 V threaded_app: New input event: type=2
11-08 22:30:02.338 31466 31724 D         : PlayerBase::stop() from IPlayer
11-08 22:30:02.338 31466 31724 D AudioTrack: stop() called with 49695 frames delivered
11-08 22:30:02.341 31466 31571 D         : PlayerBase::stop() from IPlayer
11-08 22:30:02.512   898   898 V SettingsProvider: Notifying for 0: content://settings/system/screen_brightness
11-08 22:30:02.578 31466 31493 V threaded_app: New input event: type=2
11-08 22:30:03.786 31466 31493 I chatty  : uid=10342(com.TeamNA.GiftGame) identical 12 lines
11-08 22:30:03.786 31466 31493 V threaded_app: New input event: type=2
11-08 22:30:03.803 31466 31492 D UE4     : [2018.11.09-04.30.03:803][580]Closing by request
11-08 22:30:03.803 31466 31492 D UE4     : [2018.11.09-04.30.03:803][580]LogWindows: FAndroidMisc::RequestExit(0)
11-08 22:30:03.820 31466 31492 D UE4     : [2018.11.09-04.30.03:820][581]LogAndroid: Exiting
11-08 22:30:03.837 31466 31571 D UE4     : *** JavaEnvDestructor: 31571
11-08 22:30:03.838 31466 31492 D         : PlayerBase::stop() from IPlayer
11-08 22:30:03.838 31466 31492 D AudioTrack: stop() called with 1178820 frames delivered
11-08 22:30:03.859 31466 31492 D UE4     : [2018.11.09-04.30.03:859][581]LogSlate: Request Window 'GiftGame (32-bit Development GLSL_ES2) ' being destroyed
11-08 22:30:03.864 31466 31589 D UE4     : *** JavaEnvDestructor: 31589
11-08 22:30:03.865 31466 31588 D UE4     : AndroidEGL::ResetDisplay()
11-08 22:30:03.867 31466 31588 D UE4     : *** JavaEnvDestructor: 31588
11-08 22:30:03.871 31466 31492 D UE4     : [2018.11.09-04.30.03:871][581]LogSlate: Window 'GiftGame (32-bit Development GLSL_ES2) ' being destroyed
11-08 22:30:03.873 31466 31492 D UE4     : [2018.11.09-04.30.03:873][581]LogSlate: Slate User Destroyed.  User Index 0, Is Virtual User: 0
11-08 22:30:03.877 31466 31730 D UE4     : *** JavaEnvDestructor: 31730
11-08 22:30:03.877 31466 31729 D UE4     : AndroidEGL::ResetDisplay()
11-08 22:30:03.883 31466 31729 D UE4     : *** JavaEnvDestructor: 31729
11-08 22:30:03.902 31466 31492 D UE4     : AndroidEGL::ResetDisplay()
11-08 22:30:03.915 31466 31492 D UE4     : AndroidEGL::DestroySurface()
11-08 22:30:03.930   643   643 E volume_listener: check_and_set_gain_dep_cal: Failed to set gain dep cal level
11-08 22:30:03.931   643   643 E volume_listener: check_and_set_gain_dep_cal: Failed to set gain dep cal level
11-08 22:30:04.031 31466 31492 D UE4     : [2018.11.09-04.30.04:031][581]LogMoviePlayer: Shutting down movie player
11-08 22:30:04.032 31466 31509 D UE4     : *** JavaEnvDestructor: 31509
11-08 22:30:04.033 31466 31500 D UE4     : *** JavaEnvDestructor: 31500
11-08 22:30:04.033 31466 31502 D UE4     : *** JavaEnvDestructor: 31502
11-08 22:30:04.033 31466 31505 D UE4     : *** JavaEnvDestructor: 31505
11-08 22:30:04.033 31466 31506 D UE4     : *** JavaEnvDestructor: 31506
11-08 22:30:04.033 31466 31503 D UE4     : *** JavaEnvDestructor: 31503
11-08 22:30:04.033 31466 31504 D UE4     : *** JavaEnvDestructor: 31504
11-08 22:30:04.034 31466 31501 D UE4     : *** JavaEnvDestructor: 31501
11-08 22:30:04.034 31466 31507 D UE4     : *** JavaEnvDestructor: 31507
11-08 22:30:04.034 31466 31508 D UE4     : *** JavaEnvDestructor: 31508
11-08 22:30:04.036 31466 31492 D UE4     : [2018.11.09-04.30.04:036][581]LogAndroid: Exiting is over
11-08 22:30:04.036 31466 31492 D UE4     : [2018.11.09-04.30.04:036][581]LogWindows: FAndroidMisc::RequestExit(1)
11-08 22:30:04.038 31466 31492 I TeamNA.GiftGam: System.exit called, status: 0
11-08 22:30:04.038 31466 31492 I AndroidRuntime: VM exiting with result code 0, cleanup skipped.
11-08 22:30:04.090   898  1216 W InputDispatcher: channel '68e2bc0 com.TeamNA.GiftGame/com.epicgames.ue4.GameActivity (server)' ~ Consumer closed input channel or an error occurred.  events=0x9
11-08 22:30:04.090   898  1216 E InputDispatcher: channel '68e2bc0 com.TeamNA.GiftGame/com.epicgames.ue4.GameActivity (server)' ~ Channel is unrecoverably broken and will be disposed!
11-08 22:30:04.093   898   970 W libprocessgroup: kill(-31466, 9) failed: No such process
11-08 22:30:04.095   898  2718 I ActivityManager: Process com.TeamNA.GiftGame (pid 31466) has died: fore TOP 
11-08 22:30:04.097   898  2136 I WindowManager: WIN DEATH: Window{68e2bc0 u0 com.TeamNA.GiftGame/com.epicgames.ue4.GameActivity}
11-08 22:30:04.097   898  2136 W InputDispatcher: Attempted to unregister already unregistered input channel '68e2bc0 com.TeamNA.GiftGame/com.epicgames.ue4.GameActivity (server)'
11-08 22:30:04.100   898  2718 W ActivityManager: Force removing ActivityRecord{25e03d u0 com.TeamNA.GiftGame/com.epicgames.ue4.GameActivity t669}: app died, no saved state
11-08 22:30:04.116   493  2049 W SurfaceFlinger: Attempting to destroy on removed layer: AppWindowToken{ce3c183 token=Token{6a14032 ActivityRecord{25e03d u0 com.TeamNA.GiftGame/com.epicgames.ue4.GameActivity t669}}}#0
11-08 22:30:04.132   634   634 I Zygote  : Process 31466 exited cleanly (0)
11-08 22:30:04.141   898   970 W libprocessgroup: kill(-31466, 9) failed: No such process
11-08 22:30:04.141   898   970 I libprocessgroup: Successfully killed process cgroup uid 10342 pid 31466 in 48ms
11-08 22:30:04.145   898  2718 I ActivityManager: Config changes=20000480 {1.0 311mcc480mnc [en_US] ldltr sw411dp w411dp h659dp 420dpi nrml port night finger -keyb/v/h -nav/h winConfig={ mBounds=Rect(0, 0 - 1080, 1794) mAppBounds=Rect(0, 0 - 1080, 1794) mWindowingMode=fullscreen mActivityType=undefined} s.196}
11-08 22:30:04.238   898  2718 I ActivityManager: Override config changes=20000480 {1.0 311mcc480mnc [en_US] ldltr sw411dp w411dp h659dp 420dpi nrml port night finger -keyb/v/h -nav/h winConfig={ mBounds=Rect(0, 0 - 1080, 1794) mAppBounds=Rect(0, 0 - 1080, 1794) mWindowingMode=fullscreen mActivityType=undefined} s.196} for displayId=0
11-08 22:30:04.262   898   990 W ActivityManager: setHasOverlayUi called on unknown pid: 31466
11-08 22:30:04.263   898   968 W Looper  : Slow dispatch took 167ms android.ui h=com.android.server.am.ActivityManagerService$UiHandler c=null m=53
11-08 22:30:04.276   898  1217 I InputReader: Reconfiguring input devices.  changes=0x00000004
11-08 22:30:04.276   898  1217 I InputReader: Device reconfigured: id=8, name='synaptics_dsxv26', size 1080x1920, orientation 0, mode 1, display id 0
11-08 22:30:04.347   493   493 E SurfaceFlinger: [fishnoodle.storm_free.WallpaperService#0] rejecting buffer: bufWidth=1920, bufHeight=1080, front.active.{w=1080, h=1920}
11-08 22:30:04.364 18748 18748 W SearchServiceClient: Starting with NO_SESSION handoverId is deprecated. Just don't. You will break.
11-08 22:30:04.364 18748 18748 W SearchServiceClient: com.google.android.apps.gsa.shared.util.common.f: SearchServiceClient: Starting with NO_SESSION handoverId is deprecated. Just don't. You will break.
11-08 22:30:04.364 18748 18748 W SearchServiceClient: 	at com.google.android.apps.gsa.shared.util.common.e.a(SourceFile:43)
11-08 22:30:04.364 18748 18748 W SearchServiceClient: 	at com.google.android.apps.gsa.shared.util.common.e.f(SourceFile:6)
11-08 22:30:04.364 18748 18748 W SearchServiceClient: 	at com.google.android.apps.gsa.search.shared.service.SearchServiceClient.a(SourceFile:119)
11-08 22:30:04.364 18748 18748 W SearchServiceClient: 	at com.google.android.apps.gsa.search.shared.service.SearchServiceClient.me(SourceFile:103)
11-08 22:30:04.364 18748 18748 W SearchServiceClient: 	at com.google.android.hotword.service.c.ag(SourceFile:18)
11-08 22:30:04.364 18748 18748 W SearchServiceClient: 	at com.google.android.hotword.service.d.run(SourceFile:3)
11-08 22:30:04.364 18748 18748 W SearchServiceClient: 	at android.os.Handler.handleCallback(Handler.java:873)
11-08 22:30:04.364 18748 18748 W SearchServiceClient: 	at android.os.Handler.dispatchMessage(Handler.java:99)
11-08 22:30:04.364 18748 18748 W SearchServiceClient: 	at android.os.Looper.loop(Looper.java:193)
11-08 22:30:04.364 18748 18748 W SearchServiceClient: 	at android.app.ActivityThread.main(ActivityThread.java:6669)
11-08 22:30:04.364 18748 18748 W SearchServiceClient: 	at java.lang.reflect.Method.invoke(Native Method)
11-08 22:30:04.364 18748 18748 W SearchServiceClient: 	at com.android.internal.os.RuntimeInit$MethodAndArgsCaller.run(RuntimeInit.java:493)
11-08 22:30:04.364 18748 18748 W SearchServiceClient: 	at com.android.internal.os.ZygoteInit.main(ZygoteInit.java:858)
11-08 22:30:04.369 18748 18748 E PBSessionCacheImpl: sessionId[82456117541723198] not persisted.
11-08 22:30:04.379 18748 30897 I PBSessionCacheImpl: Deleted sessionId[82456117541723198] from persistence.
11-08 22:30:04.404  1400  1400 D StatusBar: disable<e i a s b h r c s > disable2<q i n >
11-08 22:30:04.452 18748 18748 I MicroDetectionState: Keep running DSP hotword
11-08 22:30:04.574  1400  1400 D StatusBar: disable<e i a s b h r c s > disable2<q i n >
11-08 22:30:04.600   898  1162 I WindowManager: Screen frozen for +473ms due to Window{f51f80f u0 StatusBar}
11-08 22:30:04.610   493  2049 W SurfaceFlinger: Attempting to destroy on removed layer: dd42fef AssistPreviewPanel#0
11-08 22:30:04.888 31291 31747 I mobileconfig: Using asset manager to stream params_map.txt
11-08 22:30:04.980 24720 31027 I BugleNetwork: Received onNext in BindHandlerV2: PONG
11-08 22:30:04.981 24720 31027 I BugleNetwork: handlePong()
11-08 22:30:05.025 31291 31747 I mobileconfig: Params map streaming - readbytes: 632025/632025
11-08 22:30:05.025 31291 31747 I mobileconfig: Successfully parsed params_map.txt
11-08 22:30:05.045 31291 31747 I mobileconfig: Initialized MobileConfig - directory: /data/user/0/com.facebook.katana/files, appVersion: 197.0.0.46.98, paramHash: ca5ee23d144e59137ff5fee684aa5757, readOnly: false
11-08 22:30:05.053 31291 31746 I mobileconfig: Using asset manager to stream params_map.txt
11-08 22:30:05.146 31291 31746 I mobileconfig: Params map streaming - readbytes: 632025/632025
11-08 22:30:05.146 31291 31746 I mobileconfig: Successfully parsed params_map.txt
11-08 22:30:05.153 31291 31746 I mobileconfig: Initialized MobileConfig - directory: /data/user/0/com.facebook.katana/files, appVersion: 197.0.0.46.98, paramHash: ca5ee23d144e59137ff5fee684aa5757, readOnly: false
11-08 22:30:05.826  5467  5467 I BeaconBle: Using BLE 'L' hardware layer
11-08 22:30:05.836  5467  5467 W Nearby  : Bind call too late - someone already tried to get: class bmbs [CONTEXT service_id=49 ]
