--------- beginning of main
10-10 17:28:35.145  5996  5996 I chatty  : uid=2000(shell) /system/bin/adbd expire 6 lines
10-10 17:28:35.178  5996  5996 W /system/bin/adbd: type=1400 audit(0.0:50350): avc: denied { search } for comm=73796E6320737663203230 name="oem" dev="dm-0" ino=2879 scontext=u:r:adbd:s0 tcontext=u:object_r:oemfs:s0 tclass=dir permissive=0
--------- beginning of system
10-10 17:28:35.917   879  1134 I ActivityManager: START u0 {flg=0x10000000 cmp=com.YourCompany.GiftGame/com.epicgames.ue4.SplashActivity} from uid 2000
10-10 17:28:35.929   655   655 D QCOM PowerHAL: LAUNCH HINT: ON
10-10 17:28:35.931   655   655 D QCOM PowerHAL: Activity launch hint handled
10-10 17:28:35.962   879   921 I ActivityManager: Start proc 6024:com.YourCompany.GiftGame/u0a312 for activity com.YourCompany.GiftGame/com.epicgames.ue4.SplashActivity
10-10 17:28:35.964   879  1128 I ActivityManager: Config changes=20000480 {1.0 311mcc480mnc [en_US] ldltr sw411dp w683dp h387dp 420dpi nrml land night finger -keyb/v/h -nav/h winConfig={ mBounds=Rect(0, 0 - 0, 0) mAppBounds=Rect(0, 0 - 1794, 1080) mWindowingMode=fullscreen mActivityType=undefined} s.54}
10-10 17:28:35.967  6024  6024 I ompany.GiftGam: Late-enabling -Xcheck:jni
10-10 17:28:35.973   879  1128 I ActivityManager: Override config changes=20000480 {1.0 311mcc480mnc [en_US] ldltr sw411dp w683dp h387dp 420dpi nrml land night finger -keyb/v/h -nav/h winConfig={ mBounds=Rect(0, 0 - 1080, 1794) mAppBounds=Rect(0, 0 - 1794, 1080) mWindowingMode=fullscreen mActivityType=undefined} s.54} for displayId=0
10-10 17:28:35.991   879  1152 I InputReader: Reconfiguring input devices.  changes=0x00000004
10-10 17:28:35.991   879  1152 I InputReader: Device reconfigured: id=7, name='synaptics_dsxv26', size 1080x1920, orientation 1, mode 1, display id 0
10-10 17:28:36.020  2539  4209 I PBSessionCacheImpl: Deleted sessionId[11168179202307407] from persistence.
10-10 17:28:36.042  2539  2539 W SearchServiceCore: Abort, client detached.
10-10 17:28:36.056   879  1152 I InputReader: Reconfiguring input devices.  changes=0x00000004
10-10 17:28:36.056   879  1152 I InputReader: Reconfiguring input devices.  changes=0x00000004
10-10 17:28:36.155  1253  1253 D StatusBar: disable<e i a s b h r c s > disable2<q i n >
10-10 17:28:36.219  6024  6024 I ompany.GiftGam: The ClassLoaderContext is a special shared library.
10-10 17:28:36.311  1253  1253 D StatusBar: disable<e i a s b h r c s > disable2<q i n >
10-10 17:28:36.403   879  1365 I ActivityManager: START u0 {flg=0x10000 cmp=com.YourCompany.GiftGame/com.epicgames.ue4.GameActivity (has extras)} from uid 10312
10-10 17:28:36.404   655   655 D QCOM PowerHAL: LAUNCH HINT: ON
10-10 17:28:36.462   879  1365 I WindowManager: Screen frozen for +516ms due to AppWindowToken{c6a0590 token=Token{a770853 ActivityRecord{d2042 u0 com.YourCompany.GiftGame/com.epicgames.ue4.SplashActivity t86}}}
10-10 17:28:36.464   490   490 D SurfaceFlinger: duplicate layer name: changing BlackSurface to BlackSurface#1
10-10 17:28:36.466   490   490 D SurfaceFlinger: duplicate layer name: changing BlackSurface to BlackSurface#1
10-10 17:28:36.472  6024  6024 W ActivityThread: handleWindowVisibility: no activity for token android.os.BinderProxy@6591ae9
10-10 17:28:36.501  6024  6024 W linker  : Warning: "/data/app/com.YourCompany.GiftGame-Cl4jluFOC4O6ew6GbsLY2g==/lib/arm/libOVRPlugin.so" has no DT_SONAME (will use libOVRPlugin.so instead) and will not work when the app moves to API level 23 or later (https://android.googlesource.com/platform/bionic/+/master/missing-soname-enforced-for-api-level-23) (allowing for now because this app's target API level is still 14)
10-10 17:28:36.503  6024  6024 D OVRPlugin: JNI_OnLoad
10-10 17:28:36.503  6024  6024 E libsigchain: Warning: Unexpected sigaction action found 0xefe81765
10-10 17:28:36.541  6024  6024 D UE4     : Used memory before allocating anything was 72.79MB
10-10 17:28:36.668 31567 31567 E adbd    : failed to connect to socket 'tcp:6666': Connection refused
10-10 17:28:36.777  6024  6024 D UE4     : In the JNI_OnLoad function
10-10 17:28:36.778  6024  6024 D UE4     : [JNI] - Failed to determine if app purchasing is enabled!
10-10 17:28:36.780  6024  6024 D UE4     : Path found as '/storage/emulated/0'
10-10 17:28:36.780  6024  6024 D UE4     : Font Path found as '/system/fonts/'
10-10 17:28:36.780  6024  6024 D UE4     : In the JNI_OnLoad function 5
10-10 17:28:36.794  6024  6024 V threaded_app: Creating: 0xec29c6c0
10-10 17:28:36.795  6024  6046 V threaded_app: Config: mcc=311 mnc=480 lang=en cnt=US orien=2 touch=3 dens=420 keys=1 nav=1 keysHid=3 navHid=0 sdk=28 size=2 long=1 modetype=1 modenight=2
10-10 17:28:36.795  6024  6046 D UE4     : Entering native app glue main function
10-10 17:28:36.795  6024  6046 D UE4     : Created event thread
10-10 17:28:36.795  6024  6046 D UE4     : Entered AndroidMain()
10-10 17:28:36.796  6024  6047 D UE4     : Entering event processing thread engine entry point
10-10 17:28:36.796  6024  6047 D UE4     : Prepared looper for event thread
10-10 17:28:36.796  6024  6047 D UE4     : Passed callback initialization
10-10 17:28:36.796  6024  6047 D UE4     : Passed sensor initialization
10-10 17:28:36.796  6024  6046 D UE4     : Controller interface supported
10-10 17:28:36.808  6024  6024 D OpenGLRenderer: Skia GL Pipeline
10-10 17:28:36.826  6024  6024 D PermissionFragment: Creating PlayGamesFragment
10-10 17:28:36.829   879 13715 I ActivityManager: START u0 {act=android.content.pm.action.REQUEST_PERMISSIONS pkg=com.google.android.packageinstaller cmp=com.google.android.packageinstaller/com.android.packageinstaller.permission.ui.GrantPermissionsActivity (has extras)} from uid 10312
10-10 17:28:36.834   655   655 D QCOM PowerHAL: LAUNCH HINT: ON
10-10 17:28:36.844  6024  6024 D UE4     : Vulkan version: 1.1.0
10-10 17:28:36.844  6024  6024 D UE4     : Vulkan level: 0
10-10 17:28:36.846  6024  6024 D UE4     : Found DepthBufferPreference = 0
10-10 17:28:36.846  6024  6024 D UE4     : Found bPackageDataInsideApk = 0
10-10 17:28:36.846  6024  6024 D UE4     : Found ProjectName = GiftGame
10-10 17:28:36.846  6024  6024 D UE4     : Found AppType = 
10-10 17:28:36.846  6024  6024 D UE4     : Found bHasOBBFiles = 0
10-10 17:28:36.846  6024  6024 D UE4     : Found bVerifyOBBOnStartUp = false
10-10 17:28:36.846  6024  6024 D UE4     : UI hiding set to false
10-10 17:28:36.846  6024  6024 D UE4     : BuildConfiguration set to Development
10-10 17:28:36.846  6024  6024 D UE4     : UseExternalFilesDir set to false
10-10 17:28:36.847  6024  6024 D UE4     : AllowIMU set to true
10-10 17:28:36.847  6024  6024 D UE4     : No GearVR mode detected.
10-10 17:28:36.847  6024  6024 D UE4     : APK path: /data/app/com.YourCompany.GiftGame-Cl4jluFOC4O6ew6GbsLY2g==/base.apk
10-10 17:28:36.847  6024  6024 D UE4     : OBB in APK: false
10-10 17:28:36.849  6024  6024 D UE4     : InternalFilePath found as '/data/user/0/com.YourCompany.GiftGame/files'
10-10 17:28:36.849  6024  6024 D UE4     : ExternalFilePath found as '/storage/emulated/0/Android/data/com.YourCompany.GiftGame/files'
10-10 17:28:36.849  6024  6024 D UE4     : App is running in Landscape
10-10 17:28:36.849  6024  6024 D UE4     : Android version is 9
10-10 17:28:36.849  6024  6024 D UE4     : Android manufacturer is Google
10-10 17:28:36.849  6024  6024 D UE4     : Android model is Pixel
10-10 17:28:36.849  6024  6024 D UE4     : OS language is set to en_US
10-10 17:28:36.849  6024  6024 D UE4     : Debugger attached is false
10-10 17:28:36.942  6024  6024 W PopupManager: You have not specified a View to use as content view for popups. Falling back to the Activity content view. Note that this may not work as expected in multi-screen environments
10-10 17:28:36.963  6024  6024 D UE4     : ==============> GameActive.onCreate complete!
10-10 17:28:36.967  6024  6024 V threaded_app: Start: 0xec29c6c0
10-10 17:28:36.968  6024  6047 V threaded_app: activityState=10
10-10 17:28:36.968  6024  6047 D UE4     : LogAndroidEvents: EnqueueAppEvent : 9, 0, tid = 6047
10-10 17:28:36.968  6024  6024 D UE4     : Creating console command broadcast listener
10-10 17:28:36.969  6024  6024 D UE4     : ==================================> Inside onStart function in GameActivity
10-10 17:28:36.970  6024  6024 V threaded_app: Resume: 0xec29c6c0
10-10 17:28:36.971  6024  6047 V threaded_app: activityState=11
10-10 17:28:36.971  6024  6047 D UE4     : Case APP_CMD_RESUME
10-10 17:28:36.971  6024  6047 D UE4     : LogAndroidEvents: EnqueueAppEvent : 7, 0, tid = 6047
10-10 17:28:36.971  6024  6024 D UE4     : Registering sensor listeners
10-10 17:28:36.985  6024  6024 D UE4     : App is running in Landscape
10-10 17:28:36.986  6024  6024 D UE4     : ==============> Resuming main init
10-10 17:28:36.989  6024  6046 D UE4     : APK Commandline: ../../../GiftGame/GiftGame.uproject  /Game/Levels/GiftGame/GiftGame -Messaging -SessionId=3882CF4B46B3C3111BDB989F94FA3B93 -SessionOwner="Phenrear" -SessionName="Launch On Device" -iterative
10-10 17:28:36.989  6024  6046 D UE4     : Override Commandline: ../../../GiftGame/GiftGame.uproject  /Game/Levels/MainMenu/MainMenu -Messaging -SessionId=47E27E7D42BD313B239AD696C690D7BA -SessionOwner="Phenrear" -SessionName="Launch On Device" -iterative
10-10 17:28:36.989  6024  6046 D UE4     : Final commandline: ../../../GiftGame/GiftGame.uproject  /Game/Levels/MainMenu/MainMenu -Messaging -SessionId=47E27E7D42BD313B239AD696C690D7BA -SessionOwner="Phenrear" -SessionName="Launch On Device" -iterative
10-10 17:28:36.989  6024  6046 D UE4     : Created sync event
10-10 17:28:36.996  6024  6024 D UE4     : ==============> GameActive.onResume complete!
10-10 17:28:37.003  6024  6024 V threaded_app: InputQueueCreated: 0xec29c6c0 -- 0xec29df20
10-10 17:28:37.003  6024  6047 V threaded_app: APP_CMD_INPUT_CHANGED
10-10 17:28:37.003  6024  6047 V threaded_app: Attaching input queue to looper
10-10 17:28:37.014  6024  6048 I Adreno  : QUALCOMM build                   : 984b9a6, Ibe1bf21abc
10-10 17:28:37.014  6024  6048 I Adreno  : Build Date                       : 06/04/18
10-10 17:28:37.014  6024  6048 I Adreno  : OpenGL ES Shader Compiler Version: EV031.24.00.00
10-10 17:28:37.014  6024  6048 I Adreno  : Local Branch                     : googldrp
10-10 17:28:37.014  6024  6048 I Adreno  : Remote Branch                    : 
10-10 17:28:37.014  6024  6048 I Adreno  : Remote Branch                    : 
10-10 17:28:37.014  6024  6048 I Adreno  : Reconstruct Branch               : 
10-10 17:28:37.015  6024  6048 I Adreno  : Build Config                     : S L 4.0.10 AArch32
10-10 17:28:37.019  6024  6048 I Adreno  : PFP: 0x005ff110, ME: 0x005ff066
10-10 17:28:37.022  6024  6048 I ConfigStore: android::hardware::configstore::V1_0::ISurfaceFlingerConfigs::hasWideColorDisplay retrieved: 0
10-10 17:28:37.022  6024  6048 I ConfigStore: android::hardware::configstore::V1_0::ISurfaceFlingerConfigs::hasHDRDisplay retrieved: 0
10-10 17:28:37.023  6024  6048 I OpenGLRenderer: Initialized EGL, version 1.4
10-10 17:28:37.023  6024  6048 D OpenGLRenderer: Swap behavior 1
10-10 17:28:37.037   490   490 D SurfaceFlinger: duplicate layer name: changing com.YourCompany.GiftGame/com.epicgames.ue4.GameActivity to com.YourCompany.GiftGame/com.epicgames.ue4.GameActivity#1
10-10 17:28:37.065  6024  6024 V threaded_app: NativeWindowCreated: 0xec29c6c0 -- 0xd3799808
10-10 17:28:37.065  6024  6047 V threaded_app: APP_CMD_INIT_WINDOW
10-10 17:28:37.065  6024  6047 D UE4     : Case APP_CMD_INIT_WINDOW
10-10 17:28:37.065  6024  6047 D UE4     : LogAndroidEvents: EnqueueAppEvent : 0, 3547961352, tid = 6047
10-10 17:28:37.069  6024  6024 V threaded_app: Pause: 0xec29c6c0
10-10 17:28:37.069  6024  6047 V threaded_app: activityState=13
10-10 17:28:37.069  6024  6047 D UE4     : Case APP_CMD_PAUSE
10-10 17:28:37.069  6024  6047 D UE4     : LogAndroidEvents: EnqueueAppEvent : 6, 0, tid = 6047
10-10 17:28:37.069  6024  6024 D UE4     : Unregistering sensor listeners
10-10 17:28:37.081  6024  6024 D UE4     : ==============> GameActive.onPause complete!
10-10 17:28:37.083  4461  4461 W ActivityThread: handleWindowVisibility: no activity for token android.os.BinderProxy@ff95993
10-10 17:28:37.153  6024  6024 V threaded_app: WindowFocusChanged: 0xec29c6c0 -- 1
10-10 17:28:37.153  6024  6047 D UE4     : LogAndroidEvents: EnqueueAppEvent : 11, 0, tid = 6047
10-10 17:28:37.168  6024  6024 V threaded_app: Resume: 0xec29c6c0
10-10 17:28:37.168  6024  6047 V threaded_app: activityState=11
10-10 17:28:37.168  6024  6047 D UE4     : Case APP_CMD_RESUME
10-10 17:28:37.168  6024  6047 D UE4     : LogAndroidEvents: EnqueueAppEvent : 7, 0, tid = 6047
10-10 17:28:37.168  6024  6024 D UE4     : Registering sensor listeners
10-10 17:28:37.183  6024  6024 D UE4     : App is running in Landscape
10-10 17:28:37.183  6024  6024 D UE4     : ==============> Resuming main init
10-10 17:28:37.183  6024  6024 D UE4     : ==============> GameActive.onResume complete!
10-10 17:28:37.198  6024  6046 D UE4     : LogICUInternationalization: Display: ICU TimeZone Detection - Raw Offset: -6:00, Platform Override: ''
10-10 17:28:37.198  6024  6046 D UE4     : 
10-10 17:28:37.201  6024  6046 D UE4     : EGL Extensions: 
10-10 17:28:37.201  6024  6046 D UE4     : EGL_KHR_get_all_proc_addresses EGL_ANDROID_presentation_time EGL_KHR_swap_buffers_with_damage EGL_ANDROID_get_native_client_buffer EGL_ANDROID_front_buffer_auto_refresh EGL_ANDROID_get_frame_timestamps EGL_EXT_surface_SMPTE2086_metadata EGL_EXT_surface_CTA861_3_metadata EGL_KHR_image EGL_KHR_image_base EGL_EXT_image_gl_colorspace EGL_KHR_lock_surface EGL_KHR_gl_colorspace EGL_KHR_gl_texture_2D_image EGL_KHR_gl_texture_3D_image EGL_KHR_gl_texture_cubemap_image EGL_KHR_gl_renderbuffer_image EGL_KHR_reusable_sync EGL_KHR_fence_sync EGL_KHR_create_context EGL_KHR_surfaceless_context EGL_EXT_create_context_robustness EGL_ANDROID_image_native_buffer EGL_KHR_wait_sync EGL_ANDROID_recordable EGL_KHR_partial_update EGL_EXT_pixel_format_float EGL_KHR_create_context_no_error EGL_KHR_mutable_render_buffer EGL_EXT_yuv_surface EGL_EXT_protected_content EGL_IMG_context_priority EGL_KHR_no_config_context 
10-10 17:28:37.205  6024  6046 D UE4     : FAndroidGPUInfo
10-10 17:28:37.205  6024  6046 D UE4     : AndroidEGL::InitSurface 1, 1
10-10 17:28:37.205  6024  6046 D UE4     : AndroidEGL::CreateEGLSurface() 0xc9154280
10-10 17:28:37.205  6024  6046 D UE4     : AndroidEGL::CreateEGLSurface(1), auxSurface = eglCreatePbufferSurface(), 8x8
10-10 17:28:37.207  6024  6046 D UE4     : Vulkan library detected, checking for available driver
10-10 17:28:37.209   655   655 D QCOM PowerHAL: LAUNCH HINT: OFF
10-10 17:28:37.212  6024  6046 D vulkan  : searching for layers in '/data/app/com.YourCompany.GiftGame-Cl4jluFOC4O6ew6GbsLY2g==/lib/arm'
10-10 17:28:37.212  6024  6046 D vulkan  : searching for layers in '/system/fake-libs'
10-10 17:28:37.212  6024  6046 D vulkan  : searching for layers in '/data/app/com.YourCompany.GiftGame-Cl4jluFOC4O6ew6GbsLY2g==/base.apk!/lib/armeabi-v7a'
10-10 17:28:37.214  6024  6046 I Adreno  : QUALCOMM build          : 984b9a6, Ibe1bf21abc
10-10 17:28:37.214  6024  6046 I Adreno  : Build Date              : 06/04/18
10-10 17:28:37.214  6024  6046 I Adreno  : Shader Compiler Version : EV031.24.00.00
10-10 17:28:37.214  6024  6046 I Adreno  : Local Branch            : googldrp
10-10 17:28:37.214  6024  6046 I Adreno  : Remote Branch           : 
10-10 17:28:37.214  6024  6046 I Adreno  : Remote Branch           : 
10-10 17:28:37.214  6024  6046 I Adreno  : Reconstruct Branch      : 
10-10 17:28:37.214  6024  6046 I Adreno  : Build Config                     : S L 4.0.10 AArch32
10-10 17:28:37.217  6024  6046 D UE4     : VulkanRHI is available, Vulkan capable device detected.
