10-30 22:55:20.477  1042  1453 V APM_AudioPolicyManager: setOutputDevice() prevDevice 0x0002
10-30 22:55:20.477  1042  1453 V APM_AudioPolicyManager: setOutputDevice() setting same device 0x0000 or null device
10-30 22:55:20.477  1042  1453 V APM_AudioPolicyManager: selectOutputForMusicEffects selected output 13
10-30 22:55:20.477  1042  1453 V APM_AudioPolicyManager: releaseOutput() 29
10-30 22:55:20.603 27008 27038 D UE4     : [2018.10.31-03.55.20:603][118]LogMoviePlayer: Shutting down movie player
10-30 22:55:20.604 27008 27053 D UE4     : *** JavaEnvDestructor: 27053
10-30 22:55:20.605 27008 27044 D UE4     : *** JavaEnvDestructor: 27044
10-30 22:55:20.605 27008 27045 D UE4     : *** JavaEnvDestructor: 27045
10-30 22:55:20.605 27008 27046 D UE4     : *** JavaEnvDestructor: 27046
10-30 22:55:20.605 27008 27050 D UE4     : *** JavaEnvDestructor: 27050
10-30 22:55:20.605 27008 27048 D UE4     : *** JavaEnvDestructor: 27048
10-30 22:55:20.606 27008 27052 D UE4     : *** JavaEnvDestructor: 27052
10-30 22:55:20.606 27008 27049 D UE4     : *** JavaEnvDestructor: 27049
10-30 22:55:20.606 27008 27051 D UE4     : *** JavaEnvDestructor: 27051
10-30 22:55:20.607 27008 27047 D UE4     : *** JavaEnvDestructor: 27047
10-30 22:55:20.608 27008 27038 D UE4     : [2018.10.31-03.55.20:608][118]LogAndroid: Exiting is over
10-30 22:55:20.608 27008 27038 D UE4     : [2018.10.31-03.55.20:608][118]LogWindows: FAndroidMisc::RequestExit(1)
10-30 22:55:20.609 27008 27038 I zygote  : System.exit called, status: 0
10-30 22:55:20.610 27008 27038 I AndroidRuntime: VM exiting with result code 0, cleanup skipped.
10-30 22:55:20.675  1417  2489 W InputDispatcher: channel ~ Consumer closed input channel or an error occurred.  events=0x9
10-30 22:55:20.675  1417  2489 E InputDispatcher: channel ~ Channel is unrecoverably broken and will be disposed!
10-30 22:55:20.676  1417  1470 I WindowManager: WIN DEATH: Window{a91b4a8 u0 com.TeamNA.GiftGame/com.epicgames.ue4.GameActivity}
10-30 22:55:20.676  1417  1470 W InputDispatcher: Attempted to unregister already unregistered input channel
10-30 22:55:20.677  1417  1470 I WindowManager: Destroying surface Surface(name=com.TeamNA.GiftGame/com.epicgames.ue4.GameActivity) called by com.android.server.wm.WindowStateAnimator.destroySurface:2501 com.android.server.wm.WindowStateAnimator.destroySurfaceLocked:985 com.android.server.wm.WindowState.removeImmediately:2403 com.android.server.wm.WindowState.removeIfPossible:2611 com.android.server.wm.WindowState.-wrap1:0 com.android.server.wm.WindowState$DeathRecipient.binderDied:3150 android.os.BinderProxy.sendDeathNotice:841 <bottom of call stack> 
10-30 22:55:20.678   772   772 I SurfaceFlinger: removeLayer is called from message
10-30 22:55:20.678  2750  2750 D InputEventReceiver: channel 'ClientState{34c70c0 uid 10535 pid 27008} (client)' ~ Disposing input event receiver.
10-30 22:55:20.678   772  3176 I SurfaceFlinger: id=12504 Removed com.TeamNA.GiftGame/com.epicgames.ue4.GameActivity#1 (1/3)
10-30 22:55:20.678  2750  2750 D InputEventReceiver: channel 'ClientState{34c70c0 uid 10535 pid 27008} (client)' ~NativeInputEventReceiver.
10-30 22:55:20.678   772   772 E SurfaceFlinger: removeLayer called with a layer whose parent has been removed
10-30 22:55:20.678   772   772 I SurfaceFlinger: removeLayer is called from message
10-30 22:55:20.678   772   772 E SurfaceFlinger: removeLayer called with a layer whose parent has been removed
10-30 22:55:20.680   772   840 I SurfaceFlinger: id=12504 Removed com.TeamNA.GiftGame/com.epicgames.ue4.GameActivity#1 (-2/3)
10-30 22:55:20.680  1417  3159 I ActivityManager: Process com.TeamNA.GiftGame (pid 27008) has died: fore TOP (225,1256)
10-30 22:55:20.681  1417  3159 W ActivityManager: Force removing ActivityRecord{d414606 u0 com.TeamNA.GiftGame/com.epicgames.ue4.GameActivity t771}: app died, no saved state
10-30 22:55:20.682  1417  4238 D SensorService: Calling activate off
10-30 22:55:20.684  1417  1470 D InputDispatcher: Focus left window: 27008
10-30 22:55:20.684   772   772 I Layer   : id=12504 onRemoved com.TeamNA.GiftGame/com.epicgames.ue4.GameActivity#1 
10-30 22:55:20.685  1417  4238 D SensorService: Calling activate off
10-30 22:55:20.686   772   772 I Layer   : id=12506 onRemoved Background for - SurfaceView - com.TeamNA.GiftGame/com.epicgames.ue4.GameActivity@2b5d69b@0#0 
10-30 22:55:20.686   772   772 I Layer   : id=12505 onRemoved SurfaceView - com.TeamNA.GiftGame/com.epicgames.ue4.GameActivity@2b5d69b@0#0 
10-30 22:55:20.689   726   878 I qti_sensors_hal: processReportInd: Gyro - X: 0.003 Y: 0.004 Z: -0.001 status: 3
10-30 22:55:20.695   772   772 D SurfaceFlinger: postFramebuffer : visible layers are empty!!
10-30 22:55:20.696  1417  4238 D SensorService: Calling activate off
10-30 22:55:20.698  1417  3159 D InputDispatcher: Focused application released
10-30 22:55:20.698  1417  3159 W MultiScreenManagerService: moveTaskBackToDisplayIfNeeded(): root activity or app is null, task=TaskRecord{74f8a73d0 #771 A=com.TeamNA.GiftGame U=0 StackId=1 sz=0}, rootActivity=null
10-30 22:55:20.699  1417  1417 D CodecSolution: MultiWindowEventListener::onMultiWindowFocusChanged(0)
10-30 22:55:20.699  1417  1417 D MdnieScenarioControlService: Listener Real Multi Window State : true
10-30 22:55:20.699  1417  1417 D CS_HdrController: MultiWindowEventListener::onFocusStackChanged(0)
10-30 22:55:20.709  1417  3159 D CustomFrequencyManagerService: acquireDVFSLockLocked : type : DVFS_MIN_LIMIT  frequency : 2150400  uid : 1000  pid : 1417  pkgName : AMS_APP_HOME@CPU_MIN@19
10-30 22:55:20.709  1417  3159 D ActivityManagerPerformance: AMP_acquire() HOME
10-30 22:55:20.710  1417  3159 D PersonaManagerService: Current focused persona service handled id set to : 0
10-30 22:55:20.710  1417  3159 D InputDispatcher: Focused application set to: xxxx
10-30 22:55:20.713  1417  3159 V WindowManager: rotationForOrientationLw(orient=5, last=1); user=0 USER_ROTATION_LOCKED sensorRotation=-1 mLidState=-1 mDockMode=0 mHdmiPlugged=false
10-30 22:55:20.713  1417  3159 D SamsungPhoneWindowManager: setRotationLw() : rotation=0
10-30 22:55:20.713  1417  3159 D SamsungPhoneWindowManager: semDvfsWakeupBooster.acquire()
10-30 22:55:20.714  1417  3159 D CustomFrequencyManagerService: acquireDVFSLockLocked : type : DVFS_MIN_LIMIT  frequency : 2150400  uid : 1000  pid : 1417  pkgName : PWM_ROTATION@CPU_MIN@78
10-30 22:55:20.714  1417  3159 D InputDispatcher: setInputDispatchMode: enabled=1, frozen=1
10-30 22:55:20.715   772   772 I SurfaceFlinger: id=12507 createSurf (1080x1920),2 flag=4, ScreenshotSurface#0
10-30 22:55:20.716  1417  3159 V Surface : sf_framedrop debug : 0x4f4c, game : false, logging : 0
10-30 22:55:20.716   772   772 V Surface : sf_framedrop debug : 0x4f4c, game : false, logging : 0
10-30 22:55:20.718  4296  4296 I Launcher: onWindowVisibilityChanged : false
10-30 22:55:20.723   772   772 D SurfaceFlinger: postFramebuffer : visible layers are empty!!
10-30 22:55:20.734   772   772 D DisplayDevice: [MultiResolution] Input Value : o = 0, v = (1080x1920), f = (1440x2560), pre-mScaledDisplay = (1080x1920), mDisplay = (1440x2560)
10-30 22:55:20.734   772   772 I SurfaceFlinger: Disp[0] Orientation 1=>0
10-30 22:55:20.736  1417  2418 V WindowManager: Relayout Window{a844b67 u0 com.sec.android.app.launcher/com.sec.android.app.launcher.activities.LauncherActivity}: viewVisibility=4 req=1080x1920 WM.LayoutParams{(0,0)(fillxfill) sim=#130 ty=1 fl=#81910d02 pfl=0x20000 fmt=-2 wanim=0x10302ea vsysui=0x700 needsMenuKey=2 colorMode=0 dimDuration=444 naviIconColor=0 sfl=0x40}
10-30 22:55:20.736  1417  3159 I ActivityManager: Config changes=480 {0 1.0 themeSeq = 0 showBtnBg = 0 311mcc480mnc [en_US] ldltr sw360dp w360dp h616dp 480dpi nrml long port finger -keyb/v/h -nav/h appBounds=Rect(0, 0 - 1080, 1920) s.453 mkbd/h}
10-30 22:55:20.737  4296  4296 D ViewRootImpl@625a3ec[LauncherActivity]: Relayout returned: old=[0,0][1080,1920] new=[0,0][1080,1920] result=0x1 surface={valid=false 0} changed=false
10-30 22:55:20.737   772   772 I SurfaceFlinger: Display 0 HWC layers:
10-30 22:55:20.737   772   772 I SurfaceFlinger:     type    |    handle    | flag |  format   |   source crop (l,t,r,b)    |         frame       | name 
10-30 22:55:20.737   772   772 I SurfaceFlinger: ------------+--------------+------+-----------+----------------------------+---------------------+------
10-30 22:55:20.737   772   772 I SurfaceFlinger:      Device | 0x7dd9432280 | 0000 | RGBA_8888 |   0.0    0.0 1080.0 1920.0 |    0    0 1080 1920 | ScreenshotSurface#0
10-30 22:55:20.737   772   772 I SurfaceFlinger: 
10-30 22:55:20.740  4296  4296 V Configuration:  needToUpdateOverlays
10-30 22:55:20.745  4296  4296 V Configuration:  needToUpdateOverlays
10-30 22:55:20.745  4077  4077 V Configuration:  needToUpdateOverlays
10-30 22:55:20.745  4296  4296 V Configuration:  needToUpdateOverlays
10-30 22:55:20.747  4296  4296 I chatty  : uid=10066(u0_a66) com.sec.android.app.launcher identical 10 lines
10-30 22:55:20.748  4296  4296 V Configuration:  needToUpdateOverlays
10-30 22:55:20.750  5227  5227 V Configuration:  needToUpdateOverlays
10-30 22:55:20.752  2750  2750 V Configuration:  needToUpdateOverlays
10-30 22:55:20.753  2750  2750 I chatty  : uid=10152(u0_a152) com.sec.android.inputmethod identical 33 lines
10-30 22:55:20.753  2750  2750 V Configuration:  needToUpdateOverlays
10-30 22:55:20.753  2750  2750 I SKBD    : SamsungKeypad onConfigurationChanged1
10-30 22:55:20.759  4257  4257 V Configuration:  needToUpdateOverlays
10-30 22:55:20.759  2750  2750 I SKBD    : SamsungKeypad [IMI] onStartInput - caller pid : 27008, caller uid : 10535
10-30 22:55:20.760  2750  2750 I SKBD    : SamsungKeypad  CACHEDIC onStartInput  isCachedICEnabled:  false
10-30 22:55:20.760  2750  2750 I SKBD    : atl getDefaultInputRange : UNKNOWN
10-30 22:55:20.760  2750  2750 I SKBD    : awo resetBinderManager()
10-30 22:55:20.760  2750  2750 I SKBD_SYNC: SamsungKeypad onStartInput: import DLM
10-30 22:55:20.760  2750  2750 I SKBD    : atl setPrivateImeOptionsToTable privateImeOptions ( null )
10-30 22:55:20.760  2750  2750 I SKBD    : atl imeOptions is null
10-30 22:55:20.760  2750  2750 I SKBDC   : TymeCore iEC -502
10-30 22:55:20.761  2750  2750 I SKBD    : SamsungKeypad [PF_OP][onStartInput] 1632344
10-30 22:55:20.777 12421 12421 V Configuration:  needToUpdateOverlays
10-30 22:55:20.777 12421 12421 V Configuration:  needToUpdateOverlays
10-30 22:55:20.780  1417  1469 V WindowManager: Relayout Window{6ed3e1e u0 InputMethod}: viewVisibility=8 req=1080x0 WM.LayoutParams{(0,0)(fillxwrap) gr=#50 sim=#20 ty=2011 fl=#800108 fmt=-2 wanim=0x7f0e00e1 vsysui=0x300 needsMenuKey=2 colorMode=0 naviIconColor=0 sfl=0x800}
10-30 22:55:20.785  2750  2750 D ViewRootImpl@aa24d99[InputMethod]: Relayout returned: old=[0,516][1080,1920] new=[0,516][1080,1920] result=0x1 surface={valid=false 0} changed=false
10-30 22:55:20.788 12421 12421 V Configuration:  needToUpdateOverlays
10-30 22:55:20.789 12421 12421 I chatty  : uid=10413(u0_a413) com.piriform.ccleaner identical 4 lines
10-30 22:55:20.789 12421 12421 V Configuration:  needToUpdateOverlays
10-30 22:55:20.795  4207  4207 D SecUISvc: onConfigurationChanged, old dpi=480, new dpi=480
10-30 22:55:20.796 20778 20778 V Configuration:  needToUpdateOverlays
10-30 22:55:20.796 20778 20778 V Configuration:  needToUpdateOverlays
10-30 22:55:20.796  2798  2798 D ThemeManagerService: onConfigChanged - {0 1.0 themeSeq = 0 showBtnBg = 0 311mcc480mnc [en_US] ldltr sw360dp w360dp h616dp 480dpi nrml long port finger -keyb/v/h -nav/h appBounds=Rect(0, 0 - 1080, 1920) s.453 mkbd/h}
10-30 22:55:20.799  1417  3159 I ActivityManager: Override config changes=480 {0 1.0 themeSeq = 0 showBtnBg = 0 311mcc480mnc [en_US] ldltr sw360dp w360dp h616dp 480dpi nrml long port finger -keyb/v/h -nav/h appBounds=Rect(0, 0 - 1080, 1920) s.453 mkbd/h} for displayId=0
10-30 22:55:20.800 22916 22916 D Mms/MmsApp: [start]    onConfigurationChanged(), newConfig = {0 1.0 themeSeq = 0 showBtnBg = 0 311mcc480mnc [en_US] ldltr sw360dp w360dp h616dp 480dpi nrml long port finger -keyb/v/h -nav/h appBounds=Rect(0, 0 - 1080, 1920) s.453 mkbd/h} consume time = 8749.676559
10-30 22:55:20.800 22916 22916 D Mms/MmsApp: [end]    onConfigurationChanged(), newConfig = {0 1.0 themeSeq = 0 showBtnBg = 0 311mcc480mnc [en_US] ldltr sw360dp w360dp h616dp 480dpi nrml long port finger -keyb/v/h -nav/h appBounds=Rect(0, 0 - 1080, 1920) s.453 mkbd/h} consume time = 0.145105
10-30 22:55:20.800  1417  3159 I SamsungPhoneWindowManager: setInitialDisplaySize() width=1080, height=1920, density=480, initWidth=1440, initHeight=2560, initDensity=640
10-30 22:55:20.802  2781  2781 V Configuration:  needToUpdateOverlays
10-30 22:55:20.805  2781  2781 I chatty  : uid=10063(u0_a63) com.android.systemui identical 12 lines
10-30 22:55:20.806  2781  2781 V Configuration:  needToUpdateOverlays
10-30 22:55:20.806  2750  2750 I SKBD    : awo getNaviationBarHeight() first use took : 2
10-30 22:55:20.806  2781  2781 V Configuration:  needToUpdateOverlays
10-30 22:55:20.806  2781  2781 I chatty  : uid=10063(u0_a63) com.android.systemui identical 2 lines
10-30 22:55:20.806  2781  2781 V Configuration:  needToUpdateOverlays
10-30 22:55:20.806  2750  2750 I SKBD    : putCacheDrawable inputModule=0 key =ICON_SETTING
10-30 22:55:20.806  2781  2781 V Configuration:  needToUpdateOverlays
10-30 22:55:20.807  3089  3089 V Configuration:  needToUpdateOverlays
10-30 22:55:20.808  2781  2781 V Configuration:  needToUpdateOverlays
10-30 22:55:20.809  2781  2781 I chatty  : uid=10063(u0_a63) com.android.systemui identical 15 lines
10-30 22:55:20.809 26494 26494 V Configuration:  needToUpdateOverlays
10-30 22:55:20.809  2781  2781 V Configuration:  needToUpdateOverlays
10-30 22:55:20.809  2781  2781 V Configuration:  needToUpdateOverlays
10-30 22:55:20.809  2781  2781 I chatty  : uid=10063(u0_a63) com.android.systemui identical 6 lines
10-30 22:55:20.809  2781  2781 V Configuration:  needToUpdateOverlays
10-30 22:55:20.809 26494 26494 D AOD_CONFIG@AODConfigurationController: updateMonitor MONITOR_CONFIGURATION
10-30 22:55:20.809  2781  2781 V Configuration:  needToUpdateOverlays
10-30 22:55:20.811  2781  2781 I chatty  : uid=10063(u0_a63) com.android.systemui identical 68 lines
10-30 22:55:20.811  2781  2781 V Configuration:  needToUpdateOverlays
10-30 22:55:20.812  1417  3159 I SamsungPhoneWindowManager: setInitialDisplaySize() width=1080, height=1920, density=480, initWidth=1440, initHeight=2560, initDensity=640
10-30 22:55:20.815  4296  4296 D HomeContainer: setAlpha : 0.0
10-30 22:55:20.815  1417  3159 D MARsPolicyManager: onPackageResumedFG pkgName = com.sec.android.app.launcher, userId = 0
10-30 22:55:20.816  1417  2642 D GameManagerService: handleForegroundChange(). pkgName: com.sec.android.app.launcher, clsName: com.android.launcher3.Launcher,FgActivityName:com.sec.android.app.launcher/com.android.launcher3.Launcher
10-30 22:55:20.816  1417  2642 D GameManagerService: sem_perfomance_mode: 0
10-30 22:55:20.816  1417  2642 D GameManagerService: notifyResumePause(). pkg: com.sec.android.app.launcher, type: 4, isMinimized: false, isTunableApp: false
10-30 22:55:20.816  1417  2642 D GameManagerService:   notifyResumePause(). do nothing. mKillNotiCount: 3
10-30 22:55:20.817  3089  3089 I NfcP2pEventManager: changeConfiguration() in NfcService
10-30 22:55:20.820  2781  2781 V Configuration:  needToUpdateOverlays
10-30 22:55:20.822  3089   501 D ForegroundUtils: could not check pending caller
10-30 22:55:20.822  1417  1417 D CS_HdrController: updateMultiWindowState : 0
10-30 22:55:20.822  1417  1417 D TelecomService: onConfigurationChanged {0 1.0 themeSeq = 0 showBtnBg = 0 311mcc480mnc [en_US] ldltr sw360dp w360dp h616dp 480dpi nrml long port finger -keyb/v/h -nav/h appBounds=Rect(0, 0 - 1080, 1920) as.3 s.453 mkbd/h}
10-30 22:55:20.824  1417  1886 D TetheringConfiguration: NAP is enabled by CSCfeature
10-30 22:55:20.826  2781 23102 D vol.VolumeDialogControl.VC: setLayoutDirection
10-30 22:55:20.826  2781  2942 D vol.VolumeDialogControl: onReceive ACTION_CONFIGURATION_CHANGED
10-30 22:55:20.827 20778 20778 D PEDIT_FinishService: MSG_HIDE_VIEW, mAnimationDuration : 200
10-30 22:55:20.827 20778 20778 D PEDIT_FinishService: Don't need hide view. Because didn't show image view
10-30 22:55:20.827  3101  3101 D DeviceLocale: onReceive
10-30 22:55:20.827  3101  3368 D EucModule: onLocaleChanged, languageCode=en
10-30 22:55:20.827  4296  4296 V Launcher: Launcher.onResume()
10-30 22:55:20.828  1417  1845 W Looper  : Dispatch took 147ms on android.ui, h=Handler (com.android.server.am.ActivityManagerService$UiHandler) {6363c1} cb=null msg=32
10-30 22:55:20.828  1417  1887 W ActivityManager: setHasOverlayUi called on unknown pid: 27008
10-30 22:55:20.831  2750  2750 I SKBDC   : TymeCore cASl
10-30 22:55:20.831  2750  2750 I SKBDC   : ?? 50
10-30 22:55:20.832  2750  2750 I SKBDC   : TymeCore sCL 0
10-30 22:55:20.832  2750  2750 I SKBDC   : TymeCore sSf
10-30 22:55:20.832  1417  1417 D GameManagerService: onDisplayChanged. displyId: 0, state: 2
10-30 22:55:20.833  1417  1417 D GameManagerService: dpi: 480, longPixel: 1920, shortPixel: 1080
10-30 22:55:20.833  1417  1417 I CAE     : handleMessage(CaPowerManager.java:173) - AP_WAKEUP_Already_Delivered
10-30 22:55:20.833  1146  1562 D CommandListener: bwctrlcmd: argc=3 bandwidth removeniceapps ...
10-30 22:55:20.834  1146  1562 E IptablesRestoreController: [iptables debug]iptables-restore execute *filter
10-30 22:55:20.834  1146  1562 E IptablesRestoreController: -D bw_happy_box -m owner --uid-owner 10535 --jump RETURN
10-30 22:55:20.834  1146  1562 E IptablesRestoreController: COMMIT
10-30 22:55:20.835  3089  3089 D NfcService: PROXIMITY SCREEN ON
10-30 22:55:20.837  2750  2750 I SKBD    : ajd [PF_KL][SIIC] getSelectedText done 5
10-30 22:55:20.837  2750  2750 E SKBD    : axv [USICM][getSelectedText] updated, but null is returned
10-30 22:55:20.837  2750  2750 I SKBD    : ajd [PF_KL][SIIC] getTextBeforeCursor[127] done 0
10-30 22:55:20.837  2750  2750 I SKBD    : ajd [PF_KL][SIIC] getTextAfterCursor[127] done  0
10-30 22:55:20.837  2750  2750 I SKBDC   : TymeCore cASl
10-30 22:55:20.837  2750  2750 I SKBDC   : ?? 50
10-30 22:55:20.838  2750  2750 I SKBDC   : TymeCore cASl
10-30 22:55:20.838  2750  2750 I SKBDC   : ?? 50
10-30 22:55:20.838  2750  2750 I SKBDC   : TymeCore sCL 0
10-30 22:55:20.838  2750  2750 I SKBDC   : TymeCore sSf
10-30 22:55:20.838  2750  2750 I SKBDC   : TymeCore sCL 0
10-30 22:55:20.838  2750  2750 I SKBDC   : TymeCore sSf
10-30 22:55:20.838  2750  2750 I SKBD    : awo checkCocktailBar() first use took : 0
10-30 22:55:20.839  2781  2781 V Configuration:  needToUpdateOverlays
10-30 22:55:20.842  1417  4238 W ActivityManager: Unable to start service Intent { act=com.android.launcher3.WINDOW_OVERLAY dat=app://com.sec.android.app.launcher:10066?v=0 pkg=com.google.android.googlequicksearchbox } U=0: not found
10-30 22:55:20.843  4296  4296 D ExternalMethodQueue: Getting and clearing EXTERNAL_METHOD_LIST: null
10-30 22:55:20.843  4296  4296 D AppsCustomAdapter: notifyUpdate : com.android.launcher3.Launcher@2f7db54
10-30 22:55:20.843  4296  4296 D AppsDragController: needDeferToBind : true , false
10-30 22:55:20.843  4296  4296 D BixbyApi_0.2.7: isBixbySupported:false
10-30 22:55:20.844  4296  4296 D Launcher.HomeController: onResume HomeContainer current alpha = 0.0
10-30 22:55:20.844  4296  4296 D Launcher: setupWallpaperScroller
10-30 22:55:20.847  1146  1562 E IptablesRestoreController: [iptables debug]iptables-restore execute done *filter
10-30 22:55:20.847  1146  1562 E IptablesRestoreController: -D bw_happy_box -m owner --uid-owner 10535 --jump RETURN
10-30 22:55:20.847  1146  1562 E IptablesRestoreController: COMMIT
10-30 22:55:20.847  1146  1562 E IptablesRestoreController: , res : 0
10-30 22:55:20.849  2781  3154 D SystemServicesProxy: updateOverviewLastStackActiveTimeAsync: newTime=1540958113074
10-30 22:55:20.849  1417  3159 D SecContentProvider: query(), uri = 17 selection = isSettingsChangesAllowed
10-30 22:55:20.850  1417  5405 D Notification: allPendingIntents
10-30 22:55:20.850  1417  5405 I chatty  : uid=1000(system) Binder:1417_18 identical 1 line
10-30 22:55:20.850  1417  3159 D SecContentProvider: called from android.uid.systemui:10063
10-30 22:55:20.851  1417  5405 D Notification: allPendingIntents
10-30 22:55:20.851  3107 16488 D TelephonyProvider: query: match = 1
10-30 22:55:20.851  1417  2490 I InputReader: Reconfiguring input devices.  changes=0x00000004
10-30 22:55:20.851  1417  2490 I InputReader: Device reconfigured: id=6, name='sec_touchscreen', size 1080x1920, orientation 0, mode 1, display id 0
10-30 22:55:20.851  1417  2490 D InputReader: Wrote command set_rotation_status,0
10-30 22:55:20.852  1417  5405 D Notification: allPendingIntents
10-30 22:55:20.852  2781  2896 D SystemServicesProxy: updateOverviewLastStackActiveTimeAsync: done.
10-30 22:55:20.854  1417  5405 I chatty  : uid=1000(system) Binder:1417_18 identical 7 lines
10-30 22:55:20.854  1417  5405 D Notification: allPendingIntents
10-30 22:55:20.854  2781  3154 D skia    : approximate: numPoints=5, lengths[0]=0.000000, totalLength=1.503537, segmentPoints[0]=[0.000000,1.000000]
10-30 22:55:20.854  2781  3154 D skia    : approximate: approximation[0]=0.000000, approximation[1]=0.000000, approximation[2]=1.000000
10-30 22:55:20.854  2781  3154 D skia    : approximate: numPoints=5, lengths[4]=1.503537, totalLength=1.503537, segmentPoints[4]=[1.000000,0.000000]
10-30 22:55:20.854  3107 16488 D TelephonyProvider: URL_TELEPHONY uid = 1000, pid= 1417
10-30 22:55:20.854  2781  3154 D skia    : approximate: approximation[12]=1.000000, approximation[13]=1.000000, approximation[14]=0.000000
10-30 22:55:20.855  2781  3154 D skia    : approximate: numPoints=4, lengths[0]=0.000000, totalLength=1.605647, segmentPoints[0]=[0.000000,1.000000]
10-30 22:55:20.855  2781  3154 D skia    : approximate: approximation[0]=0.000000, approximation[1]=0.000000, approximation[2]=1.000000
10-30 22:55:20.855  2781  3154 D skia    : approximate: numPoints=4, lengths[3]=1.605647, totalLength=1.605647, segmentPoints[3]=[1.000000,0.000000]
10-30 22:55:20.855  2781  3154 D skia    : approximate: approximation[9]=1.000000, approximation[10]=1.000000, approximation[11]=0.000000
10-30 22:55:20.855  2781  3154 D skia    : approximate: numPoints=21, lengths[0]=0.000000, totalLength=1.127779, segmentPoints[0]=[0.000000,0.250000]
10-30 22:55:20.855  2781  3154 D skia    : approximate: approximation[0]=0.000000, approximation[1]=0.000000, approximation[2]=0.250000
10-30 22:55:20.857  2781  3154 D skia    : approximate: numPoints=21, lengths[20]=1.127779, totalLength=1.127779, segmentPoints[20]=[1.000000,0.150000]
10-30 22:55:20.858  1417  3896 D Dex2oatAdjuster: Before bg size = 0
10-30 22:55:20.858  1417  3896 D Dex2oatAdjuster: After bg size = 0 fg size = 0
10-30 22:55:20.860  4296  4296 D Notification.Badge: [filtered] shouldBeFilteredOut().Notification.FLAG_ONGOING_EVENT [sbn : StatusBarNotification(pkg=org.malwarebytes.antimalware user=UserHandle{0} id=1 tag=null key=0|org.malwarebytes.antimalware|1|null|10317: Notification(channel=null pri=0 contentView=null vibrate=null sound=null defaults=0x0 flags=0x22 color=0x00000000 number=0 vis=PRIVATE semFlags=0x0 semPriority=0 semMissedCount=0))]
10-30 22:55:20.860  2781  3154 D skia    : approximate: approximation[60]=1.000000, approximation[61]=1.000000, approximation[62]=0.150000
10-30 22:55:20.860  4296  4296 D Notification.Badge: [filtered] shouldBeFilteredOut().mTempRanking.canShowBadge[false], [sbn : StatusBarNotification(pkg=com.android.systemui user=UserHandle{-1} id=2131362726 tag=full_battery key=-1|com.android.systemui|2131362726|full_battery|10063: Notification(channel=FBT pri=-2 contentView=null vibrate=null sound=null tick defaults=0x0 flags=0xa color=0xff17c433 category=sys number=0 vis=PUBLIC semFlags=0x0 semPriority=0 semMissedCount=0))]
10-30 22:55:20.860  4296  4296 D Notification.Badge: [filtered] shouldBeFilteredOut().mTempRanking.canShowBadge[false], [sbn : StatusBarNotification(pkg=android user=UserHandle{-1} id=27 tag=null key=-1|android|27|null|1000: Notification(channel=USB pri=0 contentView=null vibrate=null sound=null tick defaults=0x0 flags=0x2 color=0xff607d8b number=0 vis=PUBLIC semFlags=0x0 semPriority=0 semMissedCount=0))]
10-30 22:55:20.860  4296  4359 D Notification.Badge: LauncherModel:onNotificationFullRefresh() : [8], IconType : [0]
10-30 22:55:20.861  2781  3154 D skia    : approximate: numPoints=4, lengths[0]=0.000000, totalLength=1.162570, segmentPoints[0]=[0.000000,0.250000]
10-30 22:55:20.861  2781  3154 D skia    : approximate: approximation[0]=0.000000, approximation[1]=0.000000, approximation[2]=0.250000
10-30 22:55:20.861  2781  3154 D skia    : approximate: numPoints=4, lengths[3]=1.162570, totalLength=1.162570, segmentPoints[3]=[1.000000,0.250000]
10-30 22:55:20.861  2781  3154 D skia    : approximate: approximation[9]=1.000000, approximation[10]=1.000000, approximation[11]=0.250000
10-30 22:55:20.861  4296  4359 D Notification.Badge: notificationKey : 0|com.samsung.android.messaging|123|com.samsung.android.messaging:msg:1236|10233, count : 1, this.count : 1
10-30 22:55:20.861  4296  4359 D Notification.Badge: notificationKey : 0|com.samsung.android.messaging|123|com.samsung.android.messaging:msg:1236|10233, count : 1, mTotalCount : 1
10-30 22:55:20.861  4296  4359 D Notification.Badge: notificationKey : 0|com.facebook.katana|0|c3Rvcnk6MTAwMDE4MTU4MzQ0OTQwOjE1NDA5MzA3MjI5OTgxNjA6NDUxNzYxNzExNTI2Njg3|10028, count : 0, this.count : 1
10-30 22:55:20.861  4296  4359 D Notification.Badge: notificationKey : 0|com.facebook.katana|0|c3Rvcnk6MTAwMDE4MTU4MzQ0OTQwOjE1NDA5MzA3MjI5OTgxNjA6NDUxNzYxNzExNTI2Njg3|10028, count : 1, mTotalCount : 1
10-30 22:55:20.861  4296  4359 D Notification.Badge: notificationKey : 0|com.facebook.katana|0|c3Rvcnk6MTAwMDE4MTU4MzQ0OTQwOjE1NDA5MjM4NDkyMDA4OTc6NDUxNzYxNzExNTI2Njg3|10028, count : 0, this.count : 1
10-30 22:55:20.861  4296  4359 D Notification.Badge: notificationKey : 0|com.facebook.katana|0|c3Rvcnk6MTAwMDE4MTU4MzQ0OTQwOjE1NDA5MjM4NDkyMDA4OTc6NDUxNzYxNzExNTI2Njg3|10028, count : 1, mTotalCount : 2
10-30 22:55:20.861  4296  4359 D Notification.Badge: notificationKey : 0|com.asurion.android.verizon.vms|40600|null|10068, count : 0, this.count : 1
10-30 22:55:20.861  4296  4359 D Notification.Badge: notificationKey : 0|com.asurion.android.verizon.vms|40600|null|10068, count : 1, mTotalCount : 1
10-30 22:55:20.862  4296  4359 D Notification.Badge: notificationKey : 0|com.estrongs.android.pop|869460002|null|10528, count : 0, this.count : 1
10-30 22:55:20.862  4296  4359 D Notification.Badge: notificationKey : 0|com.estrongs.android.pop|869460002|null|10528, count : 1, mTotalCount : 1
10-30 22:55:20.862  4296  4359 D Notification.Badge: notificationKey : 0|android|40|null|1000, count : 0, this.count : 1
10-30 22:55:20.862  4296  4359 D Notification.Badge: notificationKey : 0|android|40|null|1000, count : 1, mTotalCount : 1
10-30 22:55:20.862  4296  4359 D Notification.Badge: notificationKey : 0|com.google.android.apps.freighter|1|null|10426, count : 0, this.count : 1
10-30 22:55:20.862  4296  4359 D Notification.Badge: notificationKey : 0|com.google.android.apps.freighter|1|null|10426, count : 1, mTotalCount : 1
10-30 22:55:20.862  4296  4359 D Notification.Badge: notificationKey : 0|com.linkedin.android|-601305883|null|10424, count : 1, this.count : 1
10-30 22:55:20.862  4296  4359 D Notification.Badge: notificationKey : 0|com.linkedin.android|-601305883|null|10424, count : 1, mTotalCount : 1
10-30 22:55:20.862  4296  4359 D Notification.Badge: LauncherModel:onNotificationFullRefresh() not need to update, updatedBadges.remove[com.google.android.apps.freighter], count : [1]
10-30 22:55:20.862  4296  4359 D Notification.Badge: LauncherModel:onNotificationFullRefresh() not need to update, updatedBadges.remove[com.asurion.android.verizon.vms], count : [1]
10-30 22:55:20.862  4296  4359 D Notification.Badge: LauncherModel:onNotificationFullRefresh() not need to update, updatedBadges.remove[com.facebook.katana], count : [2]
10-30 22:55:20.862  4296  4359 D Notification.Badge: LauncherModel:onNotificationFullRefresh() not need to update, updatedBadges.remove[com.estrongs.android.pop], count : [1]
10-30 22:55:20.862  4296  4359 D Notification.Badge: LauncherModel:onNotificationFullRefresh() not need to update, updatedBadges.remove[com.samsung.android.messaging], count : [1]
10-30 22:55:20.863  4296  4359 D Notification.Badge: LauncherModel:onNotificationFullRefresh() not need to update, updatedBadges.remove[android], count : [1]
10-30 22:55:20.863  4296  4359 D Notification.Badge: LauncherModel:onNotificationFullRefresh() not need to update, updatedBadges.remove[com.linkedin.android], count : [1]
10-30 22:55:20.863  1417  3159 D ActivityManager: post active user change for 0 fullscreen true isHomeActivity() true
10-30 22:55:20.863  1417  3159 I WallpaperManagerService: switchPersonaWallpaper is called for personaId-0
10-30 22:55:20.863  1417  1417 D WallpaperManagerService:  force update = false; persona id = 0; current user =0; current persona = 0
10-30 22:55:20.864  4296  4296 I Launcher: onWindowVisibilityChanged : true
10-30 22:55:20.866  1417  5327 V WindowManager: Relayout Window{a844b67 u0 com.sec.android.app.launcher/com.sec.android.app.launcher.activities.LauncherActivity}: viewVisibility=0 req=1080x1920 WM.LayoutParams{(0,0)(fillxfill) sim=#130 ty=1 fl=#81910d02 pfl=0x20000 fmt=-2 wanim=0x10302ea vsysui=0x700 needsMenuKey=2 colorMode=0 dimDuration=444 naviIconColor=0 sfl=0x40}
10-30 22:55:20.866   772   772 I SurfaceFlinger: id=12508 createSurf (1080x1920),1 flag=4, com.sec.android.app.launcher/com.sec.android.app.launcher.activities.LauncherActivity#0
10-30 22:55:20.868  2781  2781 D ViewRootImpl@b75b8b5[AssistPreviewPanel]: setView = com.android.systemui.assist.AssistOrbContainer{4cbbabb G.E...... ......I. 0,0-0,0} TM=true MM=false
10-30 22:55:20.868  1417  5327 V Surface : sf_framedrop debug : 0x4f4c, game : false, logging : 0
10-30 22:55:20.868  2781  2932 D NetworkController.MobileSignalController(0/1): getMobileIconGroup(): 13
10-30 22:55:20.868  2781  2932 D NetworkController.MobileSignalController(0/1): updateVZWMobileIconGroup(): 13
10-30 22:55:20.870  1417  7866 D GamePkgDataHelper: getGamePkgDataIncServer(). com.sec.android.app.launcher
10-30 22:55:20.872  1417  7866 D GameManagerService: identifyGamePackage. com.sec.android.app.launcher
10-30 22:55:20.872  1417  7866 D GamePkgDataHelper: getGamePkgData(). com.sec.android.app.launcher
10-30 22:55:20.872  1417  7866 D GameManagerService: identifyGamePackage. com.sec.android.app.launcher
10-30 22:55:20.873  1417  7866 D GamePkgDataHelper: getGamePkgData(). com.sec.android.app.launcher
10-30 22:55:20.873  3089   501 D ForegroundUtils: could not check pending caller
10-30 22:55:20.874  1417  5327 D InputDispatcher: Focus entered window: 4296
10-30 22:55:20.876  4296  4296 V Surface : sf_framedrop debug : 0x4f4c, game : false, logging : 0
10-30 22:55:20.876  4296  4296 D ViewRootImpl@625a3ec[LauncherActivity]: Relayout returned: old=[0,0][1080,1920] new=[0,0][1080,1920] result=0x7 surface={valid=true 500213682176} changed=true
10-30 22:55:20.878  1417  1845 D WindowManager: set systemUiVisibility : systemUiFlags= 0x708 fullscreenStackSysUiFlags= 0x0
10-30 22:55:20.879  1417  1886 W Settings: Setting tether_dun_required has moved from android.provider.Settings.Secure to android.provider.Settings.Global
10-30 22:55:20.881  3089 26883 D NfcService: call the applyRouting
10-30 22:55:20.884   772   772 D Layer   : applyEffect ## com.sec.android.app.launcher/com.sec.android.app.launcher.activities.LauncherActivity#0
10-30 22:55:20.884   772   772 D Layer   : applyEffect ## animMode=3, target=2, pixType=1
10-30 22:55:20.885   772   772 D Layer   : applyEffect ## pixAnim anim=13, timeMs=0, value=0.00, interp=0
10-30 22:55:20.885   772   772 D Layer   : applyEffect ## pixAnim anim=13, timeMs=444, value=132.00, interp=3
10-30 22:55:20.885   772   772 D Layer   : applyEffect ## pixAnim anim=14, timeMs=0, value=0.00, interp=0
10-30 22:55:20.885   772   772 D Layer   : applyEffect ## pixAnim anim=14, timeMs=444, value=-7.00, interp=3
10-30 22:55:20.887  4296  4677 D OpenGLRenderer: eglCreateWindowSurface = 0x747ad036c0
10-30 22:55:20.889  1042  1457 V APM_AudioPolicyManager: getAudioPolicyConfig: audioParam;outDevice
10-30 22:55:20.889  1042  1457 V APM_AudioPolicyManager: getNewOutputDevice() selected device 0
10-30 22:55:20.889  1042  1457 V APM_AudioPolicyManager: ### curdevice : 2
10-30 22:55:20.890  4296  4296 D AppsAdapter: notifyUpdate start : com.android.launcher3.Launcher@2f7db54
10-30 22:55:20.890  4296  4296 D AppsCustomAdapter: no change items
10-30 22:55:20.890  4296  4296 D AppsAdapter: notifyUpdate end : com.android.launcher3.Launcher@2f7db54
10-30 22:55:20.890  4296  4296 D ViewRootImpl@625a3ec[LauncherActivity]: MSG_RESIZED_REPORT: frame=Rect(0, 0 - 1080, 1920) ci=Rect(0, 0 - 0, 0) vi=Rect(0, 0 - 0, 0) or=1
10-30 22:55:20.890  4296  4296 D ViewRootImpl@625a3ec[LauncherActivity]: MSG_WINDOW_FOCUS_CHANGED 1
10-30 22:55:20.892  1042  1457 V APM_AudioPolicyManager: getAudioPolicyConfig: audioParam;outDevice
10-30 22:55:20.892  1042  1457 V APM_AudioPolicyManager: getNewOutputDevice() selected device 0
10-30 22:55:20.892  1042  1457 V APM_AudioPolicyManager: ### curdevice : 2
10-30 22:55:20.893  2781  3154 I ApplicationPackageManager: load=com.TeamNA.GiftGame, bg=144-144, dr=144-144, forDefault=false, density=0
10-30 22:55:20.893  2781  3154 I ApplicationPackageManager: scaled rate=0.59999996, size=144, alpha=0, hold=0
10-30 22:55:20.893  2781  3154 I ApplicationPackageManager: load=com.TeamNA.GiftGame-theme2, bg=144-144, dr=144-144, tarScale=0.59999996, relScale=0.59999996, mask=false
10-30 22:55:20.896  1042  1457 V APM_AudioPolicyManager: getAudioPolicyConfig: audioParam;outDevice
10-30 22:55:20.896  1042  1457 V APM_AudioPolicyManager: getNewOutputDevice() selected device 0
10-30 22:55:20.896  1042  1457 V APM_AudioPolicyManager: ### curdevice : 2
10-30 22:55:20.899  2781  2932 D NetworkController.MobileSignalController(0/1): callState:0, callStateByPhone:false voLTECall:false voiceNetTpe:13 dataNetType:13, ine911:false, emergencyCallbackMode:false
10-30 22:55:20.901  4296  4296 V InputMethodManager: Starting input: tba=android.view.inputmethod.EditorInfo@5d9b944 nm : com.sec.android.app.launcher ic=null
10-30 22:55:20.901  4296  4296 I InputMethodManager: startInputInner - mService.startInputOrWindowGainedFocus
10-30 22:55:20.901  1417  2856 D InputMethodManagerService: startInputOrWindowGainedFocus : windowGainedFocus 
10-30 22:55:20.902  1417  2856 D InputMethodManagerService: windowGainedFocus: destinationUserId (getCallingUid) = 0
10-30 22:55:20.902  1417  2856 D InputMethodManagerService: windowGainedFocus: currentUserId=0
10-30 22:55:20.902  1417  2856 D InputMethodManagerService: windowGainedFocus: mCurrentFocusedUserId=0
10-30 22:55:20.902  1417  2856 D InputMethodManagerService: windowGainedFocus : lock - currentUserId = 0 destinationUserId = 0
10-30 22:55:20.902  1417  2856 D InputMethodManagerService: windowGainedFocus : mCurrentFocusedUserId - 0 and mSecureKeypadEnabled - false, userSwitched - false
10-30 22:55:20.902  1417  2856 V InputMethodManagerService: windowGainedFocus : reason=WINDOW_FOCUS_GAIN client=android.os.BinderProxy@9da8a7c inputContext=null missingMethods= attribute=android.view.inputmethod.EditorInfo@5d6f2aa nm = com.sec.android.app.launcher controlFlags=#104 softInputMode=#30 windowFlags=#81910d02
10-30 22:55:20.903  1417  2856 V InputMethodManagerService: hideCurrentInputLocked : shouldHideSoftInput is false
10-30 22:55:20.903  1417  2856 D InputMethodManagerService: setCurrentInputInfo - inputContext : null eidtorInfo : android.view.inputmethod.EditorInfo@5d6f2aa missingMethods : 0
10-30 22:55:20.904  2750  2750 I InputMethodWrapper:  call dispatchStartInputWithToken
10-30 22:55:20.904  2750  2750 I InputMethodService: dispatchStartInputWithToken
10-30 22:55:20.906  1417  2856 V WindowManager: Relayout Window{a844b67 u0 com.sec.android.app.launcher/com.sec.android.app.launcher.activities.LauncherActivity}: viewVisibility=0 req=1080x1920 WM.LayoutParams{(0,0)(fillxfill) sim=#130 ty=1 fl=#81910d02 pfl=0x20000 fmt=-2 wanim=0x10302ea vsysui=0x700 needsMenuKey=2 colorMode=0 dimDuration=444 naviIconColor=0 sfl=0x40}
10-30 22:55:20.908  2750  2750 I SKBD    : SamsungKeypad [IMI] onStartInput - caller pid : 27008, caller uid : 10535
10-30 22:55:20.909  1042  1457 V APM_AudioPolicyManager: getAudioPolicyConfig: audioParam;activeStream
10-30 22:55:20.909  1042  1457 V APM_AudioPolicyManager: ### active stream : 0
10-30 22:55:20.909  1417  7866 D AudioService: active stream is 0x0
10-30 22:55:20.910  4296  4296 D ViewRootImpl@625a3ec[LauncherActivity]: Relayout returned: old=[0,0][1080,1920] new=[0,0][1080,1920] result=0x3 surface={valid=true 500213682176} changed=false
10-30 22:55:20.911  1417  7866 D GameManagerService: identifyGamePackage. com.sec.android.app.launcher
10-30 22:55:20.912  4296  4677 D OpenGLRenderer: eglDestroySurface = 0x747ad036c0
10-30 22:55:20.912  1417  7866 D GamePkgDataHelper: getGamePkgData(). com.sec.android.app.launcher
10-30 22:55:20.912  4296  4677 D OpenGLRenderer: eglCreateWindowSurface = 0x747ad036c0
10-30 22:55:20.913  4296  4296 D DragLayer: DragLayer dispatchDraw, mIsNaviBarPositionChanged = false, mWillOrientationChange = false
10-30 22:55:20.913  4296  4296 D AppsDragController: needDeferToBind : true , false
10-30 22:55:20.913  1417  7866 D GameManagerService: identifyGamePackage. com.sec.android.app.launcher
10-30 22:55:20.913  1417  7866 D GamePkgDataHelper: getGamePkgData(). com.sec.android.app.launcher
10-30 22:55:20.936  1417  5405 V WindowManager: finishDrawingLocked: mDrawState=COMMIT_DRAW_PENDING Window{a844b67 u0 com.sec.android.app.launcher/com.sec.android.app.launcher.activities.LauncherActivity} in Surface(name=com.sec.android.app.launcher/com.sec.android.app.launcher.activities.LauncherActivity)
10-30 22:55:20.938  2781  2781 D ViewRootImpl@d421df0[DockedStackDivider]: setView = com.android.systemui.stackdivider.DividerView{1e60f69 I.E...... ......I. 0,0-0,0} TM=true MM=false
10-30 22:55:20.943  2781  3154 D WallpaperService: dispatchAppVisibility onVisibilityChanged(): true
10-30 22:55:20.950  2781  2781 D ViewRootImpl@293fb6c[DividerButtonsGroup]: dispatchDetachedFromWindow
10-30 22:55:20.950  2781  2781 D InputEventReceiver: channel 'd5c8e1 DividerButtonsGroup (client)' ~ Disposing input event receiver.
10-30 22:55:20.950  2781  2781 D InputEventReceiver: channel 'd5c8e1 DividerButtonsGroup (client)' ~NativeInputEventReceiver.
10-30 22:55:20.950  1417  2856 W AppOps  : Finishing op nesting under-run: uid 10063 pkg com.android.systemui code 70 time=0 duration=0 nesting=0
10-30 22:55:20.963  2781  2781 D ViewRootImpl@2e7bb08[DividerButtonsGroup]: setView = com.android.systemui.stackdivider.DividerButtonsGroup{7d742a1 I.E...... ......I. 0,0-0,0} TM=true MM=false
10-30 22:55:20.963  2781  2781 D ImageWallpaper: engine visible:false
10-30 22:55:20.964  2781  2781 D ViewRootImpl@8a8aace[StatusBar]: MSG_RESIZED_REPORT: frame=Rect(0, 0 - 1080, 72) ci=Rect(0, 0 - 0, 0) vi=Rect(0, 0 - 0, 0) or=1
10-30 22:55:20.965  2781  2781 D MetadataParser: onConfigurationChanged()
10-30 22:55:20.966  1417  2856 D SecContentProvider: query(), uri = 17 selection = isSettingsChangesAllowed
10-30 22:55:20.967  1417  2856 D SecContentProvider: called from android.uid.systemui:10063
10-30 22:55:20.970  1417  2856 D SecContentProvider: query(), uri = 17 selection = isSettingsChangesAllowed
10-30 22:55:20.972  1417  2856 I chatty  : uid=1000(system) Binder:1417_5 identical 1 line
10-30 22:55:20.973   772   772 I SurfaceFlinger: Display 0 HWC layers:
10-30 22:55:20.973   772   772 I SurfaceFlinger:     type    |    handle    | flag |  format   |   source crop (l,t,r,b)    |         frame       | name 
10-30 22:55:20.973   772   772 I SurfaceFlinger: ------------+--------------+------+-----------+----------------------------+---------------------+------
10-30 22:55:20.973   772   772 I SurfaceFlinger:      Client | 0x7dd9432700 | 0000 | RGBA_8888 |   0.0    0.0 1080.0 1920.0 |    0    0 1080 1920 | com.sec.android.app.launcher/com.sec[...]uncher.activities.LauncherActivity#0
10-30 22:55:20.973   772   772 I SurfaceFlinger:      Device | 0x7dd9432280 | 0000 | RGBA_8888 |   0.0    0.0 1080.0 1920.0 |    0    0 1080 1920 | ScreenshotSurface#0
10-30 22:55:20.973   772   772 I SurfaceFlinger: 
10-30 22:55:20.977  1417  2856 D SecContentProvider: query(), uri = 17 selection = isSettingsChangesAllowed
10-30 22:55:20.977  1417  2856 D SecContentProvider: called from android.uid.systemui:10063
10-30 22:55:20.986  2781  2781 I NotificationShelf: show backgroud: :false
10-30 22:55:20.987  2781  2781 D KeyguardUpdateMonitor: received broadcast android.intent.action.CONFIGURATION_CHANGED
10-30 22:55:20.989  1417  2497 D MdnieScenarioControlService:  packageName : com.sec.android.app.launcher    className : com.sec.android.app.launcher.activities.LauncherActivity
10-30 22:55:20.989  1417  2497 V MdnieScenarioControlService: setUIMode from UI function(3)
10-30 22:55:20.998  2781  2781 D ViewRootImpl@293d96b[AssistPreviewPanel]: dispatchDetachedFromWindow
10-30 22:55:20.998  2781  2781 D InputEventReceiver: channel '6147f2e AssistPreviewPanel (client)' ~ Disposing input event receiver.
10-30 22:55:20.998  2781  2781 D InputEventReceiver: channel '6147f2e AssistPreviewPanel (client)' ~NativeInputEventReceiver.
10-30 22:55:20.999  1417  5405 W AppOps  : Finishing op nesting under-run: uid 10063 pkg com.android.systemui code 70 time=0 duration=0 nesting=0
10-30 22:55:21.003  2781  2781 D ViewRootImpl@b75b8b5[AssistPreviewPanel]: dispatchAttachedToWindow
10-30 22:55:21.004  1417  2856 V WindowManager: Relayout Window{25a3d4c u0 AssistPreviewPanel}: viewVisibility=8 req=1080x750 WM.LayoutParams{(0,0)(fillx750) gr=#800053 sim=#31 ty=2033 fl=#1000118 fmt=-3 vsysui=0x700 colorMode=0 naviIconColor=0}
10-30 22:55:21.008  2781  2781 D ViewRootImpl@b75b8b5[AssistPreviewPanel]: Relayout returned: old=[0,0][0,0] new=[0,1920][1080,1920] result=0x1 surface={valid=false 0} changed=false
10-30 22:55:21.017  2781  2781 W StaticLayout: maxLineHeight should not be -1.  maxLines:1 lineCount:1
10-30 22:55:21.018  2781  2781 I chatty  : uid=10063(u0_a63) com.android.systemui identical 3 lines
10-30 22:55:21.018  2781  2781 W StaticLayout: maxLineHeight should not be -1.  maxLines:1 lineCount:1
10-30 22:55:21.025  1417  2856 V WindowManager: Relayout Window{e0f52e6 u0 StatusBar}: viewVisibility=0 req=1080x72 WM.LayoutParams{(0,0)(fillx72) gr=#30 sim=#10 ty=2000 fl=#81840048 fmt=-3 vsysui=0x600 colorMode=0 naviIconColor=0}
10-30 22:55:21.042  2781  2781 D ViewRootImpl@8a8aace[StatusBar]: Relayout returned: old=[0,0][1080,72] new=[0,0][1080,72] result=0x23 surface={valid=true 500369395712} changed=false
10-30 22:55:21.044  2781  2958 D OpenGLRenderer: eglDestroySurface = 0x747c7b5890
10-30 22:55:21.045  2781  2781 D ScrollView:  onsize change changed 
10-30 22:55:21.046  2781  2958 D OpenGLRenderer: eglCreateWindowSurface = 0x747c7b5890
10-30 22:55:21.050  2781  2781 W View    : requestLayout() improperly called by android.widget.TextView{4b6bf65 V.ED..... ......ID 0,-18-1920,72 #7f0a03a2 app:id/notification_panel_carrier_label} during layout: running second layout pass
10-30 22:55:21.050  2781  2781 I ViewRootImpl@8a8aace[StatusBar]: requestLayout is already in process
10-30 22:55:21.059  1417  2856 V WindowManager: finishDrawingLocked: mDrawState=COMMIT_DRAW_PENDING Window{e0f52e6 u0 StatusBar} in Surface(name=StatusBar)
10-30 22:55:21.059  2781  2781 D ViewRootImpl@d421df0[DockedStackDivider]: dispatchAttachedToWindow
10-30 22:55:21.062  1417  2856 V WindowManager: Relayout Window{8098f76 u0 DockedStackDivider}: viewVisibility=4 req=1080x144 WM.LayoutParams{(0,0)(fillx144) sim=#20 ty=2034 fl=#21840028 pfl=0x40 fmt=-3 vsysui=0x700 colorMode=0 naviIconColor=0}
10-30 22:55:21.067  2781  2781 D ViewRootImpl@d421df0[DockedStackDivider]: Relayout returned: old=[0,0][0,0] new=[0,0][0,0] result=0x1 surface={valid=false 0} changed=false
10-30 22:55:21.073  2781  2781 D ViewRootImpl@2e7bb08[DividerButtonsGroup]: dispatchAttachedToWindow
10-30 22:55:21.076  1417  1469 V WindowManager: Relayout Window{4c0e9e4 u0 DividerButtonsGroup}: viewVisibility=4 req=525x150 WM.LayoutParams{(0,0)(525x150) sim=#20 ty=2302 fl=#1040020 fmt=-3 vsysui=0x700 surfaceInsets=Rect(36, 36 - 36, 36) colorMode=0 naviIconColor=0}
10-30 22:55:21.079  2781  2781 D ViewRootImpl@2e7bb08[DividerButtonsGroup]: Relayout returned: old=[0,0][0,0] new=[0,0][0,0] result=0x1 surface={valid=false 0} changed=false
10-30 22:55:21.080  2781  2781 D BarTransitions.PhoneStatusBarView: MODE_OPAQUE -> MODE_TRANSPARENT animate=false
10-30 22:55:21.080  1417  1469 D WindowManager: adjustSystemUiVisibilityLw : vis= 0x708
10-30 22:55:21.080  2781  2781 D ViewRootImpl@ab51d09[DockedStackDivider]: dispatchDetachedFromWindow
10-30 22:55:21.081  2781  2781 D InputEventReceiver: channel '7ed603a DockedStackDivider (client)' ~ Disposing input event receiver.
10-30 22:55:21.081  2781  2781 D InputEventReceiver: channel '7ed603a DockedStackDivider (client)' ~NativeInputEventReceiver.
10-30 22:55:21.081  1417  5405 W AppOps  : Finishing op nesting under-run: uid 10063 pkg com.android.systemui code 70 time=0 duration=0 nesting=0
10-30 22:55:21.085  2781  2781 D ImageWallpaper: onOffsetsChanged: xOffset=0.0, yOffset=0.0, xOffsetStep=0.0, yOffsetStep=0.0, xPixels=0, yPixels=0
10-30 22:55:21.086  2781  2781 D ImageWallpaper: newRotation : 0,mLastRotation : 1
10-30 22:55:21.086  2781  2781 W SemDesktopModeManager: Desktop Mode feature not available or SemDesktopModeManager not instantiated. Please check Configuration.semDesktopModeEnabled instead.
10-30 22:55:21.086  2781  2781 D ImageWallpaper: redraw is not needed, because rotation
10-30 22:55:21.086  2781  2781 D WallpaperService: updateSurface forceRelayout=false redrawNeeded=false myWidth=1081 myHeight=1920 fixedSize=true x = 0 y = 0 mWidth=1081 mHeight=1920 mIsSleepMode=false
10-30 22:55:21.086  2781  2781 D ImageWallpaper: onVisibilityChanged: mVisible, visible=false, true
10-30 22:55:21.086  2781  2781 D ImageWallpaper: Visibility changed to visible=true
10-30 22:55:21.086  2781  2781 D ImageWallpaper: newRotation : 0,mLastRotation : 0
10-30 22:55:21.086  2781  2781 W SemDesktopModeManager: Desktop Mode feature not available or SemDesktopModeManager not instantiated. Please check Configuration.semDesktopModeEnabled instead.
10-30 22:55:21.086  2781  2781 D ImageWallpaper: drawFrame:[frame.width()]1081[frame.height()]1920
10-30 22:55:21.086  2781  2781 D ImageWallpaper: surfaceDimensionsChanged=false mDisplayWidth=1080 mDisplayHeight=1920
10-30 22:55:21.086  2781  2781 D ImageWallpaper: mNewKeyboard : 0 mLastKeyboard : 0 mForceDraw = false
10-30 22:55:21.086  2781  2781 D ImageWallpaper: redrawNeeded = false, mOffsetsChanged = false
10-30 22:55:21.086  2781  2781 D ImageWallpaper: Suppressed drawFrame since redraw is not needed and offsets have not changed.
10-30 22:55:21.086  2781  2781 D WallpaperService: reportVisibility onVisibilityChanged visible: true
10-30 22:55:21.086  2781  2781 D WallpaperService: updateSurface forceRelayout=true redrawNeeded=true myWidth=1081 myHeight=1920 fixedSize=true x = 0 y = 0 mWidth=1081 mHeight=1920 mIsSleepMode=false
10-30 22:55:21.087  1417  2856 V WindowManager: Relayout Window{7e99adf u0 com.android.systemui.ImageWallpaper}: viewVisibility=0 req=1081x1920 WM.LayoutParams{(0,0)(1081x1920) gr=#800033 ty=2013 fl=#10318 fmt=2 wanim=0x103030e colorMode=0 naviIconColor=0 sfl=0x8}
10-30 22:55:21.089   772   772 I SurfaceFlinger: Display 0 HWC layers:
10-30 22:55:21.089   772   772 I SurfaceFlinger:     type    |    handle    | flag |  format   |   source crop (l,t,r,b)    |         frame       | name 
10-30 22:55:21.089   772   772 I SurfaceFlinger: ------------+--------------+------+-----------+----------------------------+---------------------+------
10-30 22:55:21.089   772   772 I SurfaceFlinger:      Client | 0x7dd9432700 | 0000 | RGBA_8888 |   0.0    0.0 1080.0 1920.0 |    0    0 1080 1920 | com.sec.android.app.launcher/com.sec[...]uncher.activities.LauncherActivity#0
10-30 22:55:21.089   772   772 I SurfaceFlinger:      Device | 0x7dd4376280 | 0000 | RGBA_8888 |   0.0    0.0 1080.0   72.0 |    0    0 1080   72 | StatusBar#0
10-30 22:55:21.089   772   772 I SurfaceFlinger:      Device | 0x7dd9432280 | 0000 | RGBA_8888 |   0.0    0.0 1080.0 1920.0 |    0    0 1080 1920 | ScreenshotSurface#0
10-30 22:55:21.089   772   772 I SurfaceFlinger: 
10-30 22:55:21.091  2781  2781 D ImageWallpaper: onSurfaceRedrawNeeded
10-30 22:55:21.091  2781  2781 D ImageWallpaper: newRotation : 0,mLastRotation : 0
10-30 22:55:21.091  2781  2781 W SemDesktopModeManager: Desktop Mode feature not available or SemDesktopModeManager not instantiated. Please check Configuration.semDesktopModeEnabled instead.
10-30 22:55:21.091  2781  2781 D ImageWallpaper: drawFrame:[frame.width()]1081[frame.height()]1920
10-30 22:55:21.092  2781  2781 D ImageWallpaper: surfaceDimensionsChanged=false mDisplayWidth=1080 mDisplayHeight=1920
10-30 22:55:21.092  2781  2781 D ImageWallpaper: mNewKeyboard : 0 mLastKeyboard : 0 mForceDraw = false
10-30 22:55:21.092  2781  2781 D ImageWallpaper: redrawNeeded = false, mOffsetsChanged = false
10-30 22:55:21.092  2781  2781 D ImageWallpaper: Suppressed drawFrame since redraw is not needed and offsets have not changed.
10-30 22:55:21.092  2781  2781 D WallpaperService: updateSurface : finish redrawing
