11-09 10:23:30.695 30862 30980 D AudioTrack: stop() called with 1770 frames delivered
11-09 10:23:30.700 30862 30980 D         : PlayerBase::PlayerBase()
11-09 10:23:30.700 30862 30980 D         : TrackPlayerBase::TrackPlayerBase()
11-09 10:23:30.700 30862 30980 I libOpenSLES: Emulating old channel mask behavior (ignoring positional mask 0x3, using default mask 0x3 based on channel count of 2)
11-09 10:23:30.701   681 16578 D AudioFlinger: Client defaulted notificationFrames to 590 for frameCount 1772
11-09 10:23:30.703 30862 30980 W AudioTrack: AUDIO_OUTPUT_FLAG_FAST denied by server; frameCount 0 -> 1772
11-09 10:23:30.707   640   640 W AshmemAllocator: ashmem_create_region(7680) returning hidl_memory(0x74f522c100, 7680)
11-09 10:23:30.709   640   640 W AshmemAllocator: ashmem_create_region(7680) returning hidl_memory(0x74f522c100, 7680)
11-09 10:23:30.861 30862 30980 D         : PlayerBase::stop() from IPlayer
11-09 10:23:30.861 30862 30980 D AudioTrack: stop() called with 8828 frames delivered
11-09 10:23:30.867 30862 30980 D         : PlayerBase::PlayerBase()
11-09 10:23:30.868 30862 30980 D         : TrackPlayerBase::TrackPlayerBase()
11-09 10:23:30.868 30862 30980 I libOpenSLES: Emulating old channel mask behavior (ignoring positional mask 0x3, using default mask 0x3 based on channel count of 2)
11-09 10:23:30.869   681  2082 D AudioFlinger: Client defaulted notificationFrames to 590 for frameCount 1772
11-09 10:23:30.870 30862 30980 W AudioTrack: AUDIO_OUTPUT_FLAG_FAST denied by server; frameCount 0 -> 1772
11-09 10:23:30.875   640   640 W AshmemAllocator: ashmem_create_region(7680) returning hidl_memory(0x74f522c100, 7680)
11-09 10:23:30.876   640   640 W AshmemAllocator: ashmem_create_region(7680) returning hidl_memory(0x74f522c100, 7680)
11-09 10:23:30.879 30862 30980 D         : PlayerBase::stop() from IPlayer
11-09 10:23:30.879 30862 30980 D AudioTrack: stop() called with 1770 frames delivered
11-09 10:23:30.884 30862 30980 D         : PlayerBase::PlayerBase()
11-09 10:23:30.885 30862 30980 D         : TrackPlayerBase::TrackPlayerBase()
11-09 10:23:30.885 30862 30980 I libOpenSLES: Emulating old channel mask behavior (ignoring positional mask 0x3, using default mask 0x3 based on channel count of 2)
11-09 10:23:30.886   681 30440 D AudioFlinger: Client defaulted notificationFrames to 590 for frameCount 1772
11-09 10:23:30.887 30862 30980 W AudioTrack: AUDIO_OUTPUT_FLAG_FAST denied by server; frameCount 0 -> 1772
11-09 10:23:30.891   640   640 W AshmemAllocator: ashmem_create_region(7680) returning hidl_memory(0x74f522c100, 7680)
11-09 10:23:30.893   640   640 W AshmemAllocator: ashmem_create_region(7680) returning hidl_memory(0x74f522c100, 7680)
11-09 10:23:30.897 30862 30980 D         : PlayerBase::stop() from IPlayer
11-09 10:23:30.897 30862 30980 D AudioTrack: stop() called with 1770 frames delivered
11-09 10:23:30.903 30862 30980 D         : PlayerBase::PlayerBase()
11-09 10:23:30.903 30862 30980 D         : TrackPlayerBase::TrackPlayerBase()
11-09 10:23:30.903 30862 30980 I libOpenSLES: Emulating old channel mask behavior (ignoring positional mask 0x3, using default mask 0x3 based on channel count of 2)
11-09 10:23:30.904   681 16578 D AudioFlinger: Client defaulted notificationFrames to 590 for frameCount 1772
11-09 10:23:30.905 30862 30980 W AudioTrack: AUDIO_OUTPUT_FLAG_FAST denied by server; frameCount 0 -> 1772
11-09 10:23:30.910   640   640 W AshmemAllocator: ashmem_create_region(7680) returning hidl_memory(0x74f522c100, 7680)
11-09 10:23:30.912   640   640 W AshmemAllocator: ashmem_create_region(7680) returning hidl_memory(0x74f522c100, 7680)
11-09 10:23:30.914 30862 30980 D         : PlayerBase::stop() from IPlayer
11-09 10:23:30.914 30862 30980 D AudioTrack: stop() called with 1770 frames delivered
11-09 10:23:30.921 30862 30980 D         : PlayerBase::PlayerBase()
11-09 10:23:30.922 30862 30980 D         : TrackPlayerBase::TrackPlayerBase()
11-09 10:23:30.922 30862 30980 I libOpenSLES: Emulating old channel mask behavior (ignoring positional mask 0x3, using default mask 0x3 based on channel count of 2)
11-09 10:23:30.922   681 30440 D AudioFlinger: Client defaulted notificationFrames to 590 for frameCount 1772
11-09 10:23:30.923 30862 30980 W AudioTrack: AUDIO_OUTPUT_FLAG_FAST denied by server; frameCount 0 -> 1772
11-09 10:23:30.928   640   640 W AshmemAllocator: ashmem_create_region(7680) returning hidl_memory(0x74f522c100, 7680)
11-09 10:23:30.930   640   640 W AshmemAllocator: ashmem_create_region(7680) returning hidl_memory(0x74f522c100, 7680)
11-09 10:23:30.933 30862 30980 D         : PlayerBase::stop() from IPlayer
11-09 10:23:30.933 30862 30980 D AudioTrack: stop() called with 1770 frames delivered
11-09 10:23:30.937   643   643 E volume_listener: check_and_set_gain_dep_cal: Failed to set gain dep cal level
11-09 10:23:30.940 30862 30980 D         : PlayerBase::PlayerBase()
11-09 10:23:30.940 30862 30980 D         : TrackPlayerBase::TrackPlayerBase()
11-09 10:23:30.940 30862 30980 I libOpenSLES: Emulating old channel mask behavior (ignoring positional mask 0x3, using default mask 0x3 based on channel count of 2)
11-09 10:23:30.941   681 16578 D AudioFlinger: Client defaulted notificationFrames to 590 for frameCount 1772
11-09 10:23:30.942 30862 30980 W AudioTrack: AUDIO_OUTPUT_FLAG_FAST denied by server; frameCount 0 -> 1772
11-09 10:23:30.947   640   640 W AshmemAllocator: ashmem_create_region(7680) returning hidl_memory(0x74f522c100, 7680)
11-09 10:23:30.949   640   640 W AshmemAllocator: ashmem_create_region(7680) returning hidl_memory(0x74f522c100, 7680)
11-09 10:23:30.954   643   643 E volume_listener: check_and_set_gain_dep_cal: Failed to set gain dep cal level
11-09 10:23:30.972   643 20299 E volume_listener: check_and_set_gain_dep_cal: Failed to set gain dep cal level
11-09 10:23:31.014   643 20299 E volume_listener: check_and_set_gain_dep_cal: Failed to set gain dep cal level
11-09 10:23:31.053   898   898 V SettingsProvider: Notifying for 0: content://settings/system/screen_brightness
11-09 10:23:31.447 30862 30886 V threaded_app: New input event: type=2
11-09 10:23:31.539 30862 30886 I chatty  : uid=10344(com.TeamNA.GiftGame) identical 5 lines
11-09 10:23:31.540 30862 30886 V threaded_app: New input event: type=2
11-09 10:23:31.794 30862 31284 D         : PlayerBase::stop() from IPlayer
11-09 10:23:31.794 30862 31284 D AudioTrack: stop() called with 39065 frames delivered
11-09 10:23:31.796 30862 30980 D         : PlayerBase::stop() from IPlayer
11-09 10:23:31.895 30862 30980 D         : PlayerBase::PlayerBase()
11-09 10:23:31.895 30862 30980 D         : TrackPlayerBase::TrackPlayerBase()
11-09 10:23:31.895 30862 30980 I libOpenSLES: Emulating old channel mask behavior (ignoring positional mask 0x3, using default mask 0x3 based on channel count of 2)
11-09 10:23:31.896   681  2082 D AudioFlinger: Client defaulted notificationFrames to 590 for frameCount 1772
11-09 10:23:31.898 30862 30980 W AudioTrack: AUDIO_OUTPUT_FLAG_FAST denied by server; frameCount 0 -> 1772
11-09 10:23:31.904   640   640 W AshmemAllocator: ashmem_create_region(7680) returning hidl_memory(0x74f522c100, 7680)
11-09 10:23:31.908   640   640 W AshmemAllocator: ashmem_create_region(7680) returning hidl_memory(0x74f522c100, 7680)
11-09 10:23:31.911 30862 30980 D         : PlayerBase::stop() from IPlayer
11-09 10:23:31.911 30862 30980 D AudioTrack: stop() called with 1770 frames delivered
11-09 10:23:31.915 30862 30980 D         : PlayerBase::PlayerBase()
11-09 10:23:31.916 30862 30980 D         : TrackPlayerBase::TrackPlayerBase()
11-09 10:23:31.916 30862 30980 I libOpenSLES: Emulating old channel mask behavior (ignoring positional mask 0x3, using default mask 0x3 based on channel count of 2)
11-09 10:23:31.917   681 30440 D AudioFlinger: Client defaulted notificationFrames to 590 for frameCount 1772
11-09 10:23:31.918 30862 30980 W AudioTrack: AUDIO_OUTPUT_FLAG_FAST denied by server; frameCount 0 -> 1772
11-09 10:23:31.923   640   640 W AshmemAllocator: ashmem_create_region(7680) returning hidl_memory(0x74f522c100, 7680)
11-09 10:23:31.925   640   640 W AshmemAllocator: ashmem_create_region(7680) returning hidl_memory(0x74f522c100, 7680)
11-09 10:23:31.928 30862 30980 D         : PlayerBase::stop() from IPlayer
11-09 10:23:31.928 30862 30980 D AudioTrack: stop() called with 1770 frames delivered
11-09 10:23:31.932 30862 30980 D         : PlayerBase::PlayerBase()
11-09 10:23:31.933 30862 30980 D         : TrackPlayerBase::TrackPlayerBase()
11-09 10:23:31.933 30862 30980 I libOpenSLES: Emulating old channel mask behavior (ignoring positional mask 0x3, using default mask 0x3 based on channel count of 2)
11-09 10:23:31.934   681   681 D AudioFlinger: Client defaulted notificationFrames to 590 for frameCount 1772
11-09 10:23:31.937 30862 30980 W AudioTrack: AUDIO_OUTPUT_FLAG_FAST denied by server; frameCount 0 -> 1772
11-09 10:23:31.941   640   640 W AshmemAllocator: ashmem_create_region(7680) returning hidl_memory(0x74f522c100, 7680)
11-09 10:23:31.943   640   640 W AshmemAllocator: ashmem_create_region(7680) returning hidl_memory(0x74f522c100, 7680)
11-09 10:23:31.945 30862 30980 D         : PlayerBase::stop() from IPlayer
11-09 10:23:31.945 30862 30980 D AudioTrack: stop() called with 1770 frames delivered
11-09 10:23:31.951 30862 30980 D         : PlayerBase::PlayerBase()
11-09 10:23:31.951 30862 30980 D         : TrackPlayerBase::TrackPlayerBase()
11-09 10:23:31.952 30862 30980 I libOpenSLES: Emulating old channel mask behavior (ignoring positional mask 0x3, using default mask 0x3 based on channel count of 2)
11-09 10:23:31.953   681   681 D AudioFlinger: Client defaulted notificationFrames to 590 for frameCount 1772
11-09 10:23:31.953 30862 30980 W AudioTrack: AUDIO_OUTPUT_FLAG_FAST denied by server; frameCount 0 -> 1772
11-09 10:23:31.958   640   640 W AshmemAllocator: ashmem_create_region(7680) returning hidl_memory(0x74f522c100, 7680)
11-09 10:23:31.960   640   640 W AshmemAllocator: ashmem_create_region(7680) returning hidl_memory(0x74f522c100, 7680)
11-09 10:23:32.009   676   676 E VibratorService: Setting amplitude  to: 3596
11-09 10:23:32.093 30862 30980 D         : PlayerBase::stop() from IPlayer
11-09 10:23:32.093 30862 30980 D AudioTrack: stop() called with 7064 frames delivered
11-09 10:23:32.098 30862 30980 D         : PlayerBase::PlayerBase()
11-09 10:23:32.098 30862 30980 D         : TrackPlayerBase::TrackPlayerBase()
11-09 10:23:32.098 30862 30980 I libOpenSLES: Emulating old channel mask behavior (ignoring positional mask 0x3, using default mask 0x3 based on channel count of 2)
11-09 10:23:32.099   681 30440 D AudioFlinger: Client defaulted notificationFrames to 590 for frameCount 1772
11-09 10:23:32.100 30862 30980 W AudioTrack: AUDIO_OUTPUT_FLAG_FAST denied by server; frameCount 0 -> 1772
11-09 10:23:32.105   640   640 W AshmemAllocator: ashmem_create_region(7680) returning hidl_memory(0x74f522c100, 7680)
11-09 10:23:32.109   640   640 W AshmemAllocator: ashmem_create_region(7680) returning hidl_memory(0x74f522c100, 7680)
11-09 10:23:32.112 30862 30980 D         : PlayerBase::stop() from IPlayer
11-09 10:23:32.112 30862 30980 D AudioTrack: stop() called with 1770 frames delivered
11-09 10:23:32.119 30862 30980 D         : PlayerBase::PlayerBase()
11-09 10:23:32.119 30862 30980 D         : TrackPlayerBase::TrackPlayerBase()
11-09 10:23:32.119 30862 30980 I libOpenSLES: Emulating old channel mask behavior (ignoring positional mask 0x3, using default mask 0x3 based on channel count of 2)
11-09 10:23:32.120   681  2082 D AudioFlinger: Client defaulted notificationFrames to 590 for frameCount 1772
11-09 10:23:32.121 30862 30980 W AudioTrack: AUDIO_OUTPUT_FLAG_FAST denied by server; frameCount 0 -> 1772
11-09 10:23:32.126   640   640 W AshmemAllocator: ashmem_create_region(7680) returning hidl_memory(0x74f522c100, 7680)
11-09 10:23:32.129   640   640 W AshmemAllocator: ashmem_create_region(7680) returning hidl_memory(0x74f522c100, 7680)
11-09 10:23:32.132 30862 30980 D         : PlayerBase::stop() from IPlayer
11-09 10:23:32.132 30862 30980 D AudioTrack: stop() called with 1770 frames delivered
11-09 10:23:32.139 30862 30980 D         : PlayerBase::PlayerBase()
11-09 10:23:32.139 30862 30980 D         : TrackPlayerBase::TrackPlayerBase()
11-09 10:23:32.139 30862 30980 I libOpenSLES: Emulating old channel mask behavior (ignoring positional mask 0x3, using default mask 0x3 based on channel count of 2)
11-09 10:23:32.140   681 30440 D AudioFlinger: Client defaulted notificationFrames to 590 for frameCount 1772
11-09 10:23:32.141 30862 30980 W AudioTrack: AUDIO_OUTPUT_FLAG_FAST denied by server; frameCount 0 -> 1772
11-09 10:23:32.145   640   640 W AshmemAllocator: ashmem_create_region(7680) returning hidl_memory(0x74f522c100, 7680)
11-09 10:23:32.148   640   640 W AshmemAllocator: ashmem_create_region(7680) returning hidl_memory(0x74f522c100, 7680)
11-09 10:23:32.150 30862 30980 D         : PlayerBase::stop() from IPlayer
11-09 10:23:32.150 30862 30980 D AudioTrack: stop() called with 1770 frames delivered
11-09 10:23:32.154 30862 30980 D         : PlayerBase::PlayerBase()
11-09 10:23:32.155 30862 30980 D         : TrackPlayerBase::TrackPlayerBase()
11-09 10:23:32.155 30862 30980 I libOpenSLES: Emulating old channel mask behavior (ignoring positional mask 0x3, using default mask 0x3 based on channel count of 2)
11-09 10:23:32.156   681  2082 D AudioFlinger: Client defaulted notificationFrames to 590 for frameCount 1772
11-09 10:23:32.157 30862 30980 W AudioTrack: AUDIO_OUTPUT_FLAG_FAST denied by server; frameCount 0 -> 1772
11-09 10:23:32.162   640   640 W AshmemAllocator: ashmem_create_region(7680) returning hidl_memory(0x74f522c100, 7680)
11-09 10:23:32.163   640   640 W AshmemAllocator: ashmem_create_region(7680) returning hidl_memory(0x74f522c100, 7680)
11-09 10:23:32.166 30862 30980 D         : PlayerBase::stop() from IPlayer
11-09 10:23:32.166 30862 30980 D AudioTrack: stop() called with 1770 frames delivered
11-09 10:23:32.171 30862 30980 D         : PlayerBase::PlayerBase()
11-09 10:23:32.172 30862 30980 D         : TrackPlayerBase::TrackPlayerBase()
11-09 10:23:32.172 30862 30980 I libOpenSLES: Emulating old channel mask behavior (ignoring positional mask 0x3, using default mask 0x3 based on channel count of 2)
11-09 10:23:32.173   681  2082 D AudioFlinger: Client defaulted notificationFrames to 590 for frameCount 1772
11-09 10:23:32.174 30862 30980 W AudioTrack: AUDIO_OUTPUT_FLAG_FAST denied by server; frameCount 0 -> 1772
11-09 10:23:32.181   640   640 W AshmemAllocator: ashmem_create_region(7680) returning hidl_memory(0x74f522c100, 7680)
11-09 10:23:32.183   640   640 W AshmemAllocator: ashmem_create_region(7680) returning hidl_memory(0x74f522c100, 7680)
11-09 10:23:32.292 30862 30980 D         : PlayerBase::stop() from IPlayer
11-09 10:23:32.292 30862 30980 D AudioTrack: stop() called with 6182 frames delivered
11-09 10:23:32.297 30862 30980 D         : PlayerBase::PlayerBase()
11-09 10:23:32.298 30862 30980 D         : TrackPlayerBase::TrackPlayerBase()
11-09 10:23:32.298 30862 30980 I libOpenSLES: Emulating old channel mask behavior (ignoring positional mask 0x3, using default mask 0x3 based on channel count of 2)
11-09 10:23:32.299   681  2082 D AudioFlinger: Client defaulted notificationFrames to 590 for frameCount 1772
11-09 10:23:32.300 30862 30980 W AudioTrack: AUDIO_OUTPUT_FLAG_FAST denied by server; frameCount 0 -> 1772
11-09 10:23:32.304   640   640 W AshmemAllocator: ashmem_create_region(7680) returning hidl_memory(0x74f522c100, 7680)
11-09 10:23:32.306   640   640 W AshmemAllocator: ashmem_create_region(7680) returning hidl_memory(0x74f522c100, 7680)
11-09 10:23:32.310 30862 30980 D         : PlayerBase::stop() from IPlayer
11-09 10:23:32.310 30862 30980 D AudioTrack: stop() called with 1770 frames delivered
11-09 10:23:32.314 30862 30980 D         : PlayerBase::PlayerBase()
11-09 10:23:32.314 30862 30980 D         : TrackPlayerBase::TrackPlayerBase()
11-09 10:23:32.314 30862 30980 I libOpenSLES: Emulating old channel mask behavior (ignoring positional mask 0x3, using default mask 0x3 based on channel count of 2)
11-09 10:23:32.315   681   681 D AudioFlinger: Client defaulted notificationFrames to 590 for frameCount 1772
11-09 10:23:32.317 30862 30980 W AudioTrack: AUDIO_OUTPUT_FLAG_FAST denied by server; frameCount 0 -> 1772
11-09 10:23:32.322   640   640 W AshmemAllocator: ashmem_create_region(7680) returning hidl_memory(0x74f522c100, 7680)
11-09 10:23:32.324   640   640 W AshmemAllocator: ashmem_create_region(7680) returning hidl_memory(0x74f522c100, 7680)
11-09 10:23:32.326 30862 30980 D         : PlayerBase::stop() from IPlayer
11-09 10:23:32.326 30862 30980 D AudioTrack: stop() called with 1770 frames delivered
11-09 10:23:32.331 30862 30980 D         : PlayerBase::PlayerBase()
11-09 10:23:32.332 30862 30980 D         : TrackPlayerBase::TrackPlayerBase()
11-09 10:23:32.332 30862 30980 I libOpenSLES: Emulating old channel mask behavior (ignoring positional mask 0x3, using default mask 0x3 based on channel count of 2)
11-09 10:23:32.332   681 30440 D AudioFlinger: Client defaulted notificationFrames to 590 for frameCount 1772
11-09 10:23:32.333 30862 30980 W AudioTrack: AUDIO_OUTPUT_FLAG_FAST denied by server; frameCount 0 -> 1772
11-09 10:23:32.339   640   640 W AshmemAllocator: ashmem_create_region(7680) returning hidl_memory(0x74f522c100, 7680)
11-09 10:23:32.340   640   640 W AshmemAllocator: ashmem_create_region(7680) returning hidl_memory(0x74f522c100, 7680)
11-09 10:23:32.342 30862 30980 D         : PlayerBase::stop() from IPlayer
11-09 10:23:32.342 30862 30980 D AudioTrack: stop() called with 1770 frames delivered
11-09 10:23:32.346 30862 30980 D         : PlayerBase::PlayerBase()
11-09 10:23:32.346 30862 30980 D         : TrackPlayerBase::TrackPlayerBase()
11-09 10:23:32.346 30862 30980 I libOpenSLES: Emulating old channel mask behavior (ignoring positional mask 0x3, using default mask 0x3 based on channel count of 2)
11-09 10:23:32.347   681 16163 D AudioFlinger: Client defaulted notificationFrames to 590 for frameCount 1772
11-09 10:23:32.348 30862 30980 W AudioTrack: AUDIO_OUTPUT_FLAG_FAST denied by server; frameCount 0 -> 1772
11-09 10:23:32.352   640   640 W AshmemAllocator: ashmem_create_region(7680) returning hidl_memory(0x74f522c100, 7680)
11-09 10:23:32.354   640   640 W AshmemAllocator: ashmem_create_region(7680) returning hidl_memory(0x74f522c100, 7680)
11-09 10:23:32.594 30862 31154 D         : PlayerBase::stop() from IPlayer
11-09 10:23:32.594 30862 31154 D AudioTrack: stop() called with 1302528 frames delivered
11-09 10:23:32.595 30862 31154 D         : PlayerBase::stop() from IPlayer
11-09 10:23:32.613 30862 30980 D         : PlayerBase::PlayerBase()
11-09 10:23:32.614 30862 30980 D         : TrackPlayerBase::TrackPlayerBase()
11-09 10:23:32.614 30862 30980 I libOpenSLES: Emulating old channel mask behavior (ignoring positional mask 0x3, using default mask 0x3 based on channel count of 2)
11-09 10:23:32.615   681 30440 D AudioFlinger: Client defaulted notificationFrames to 590 for frameCount 1772
11-09 10:23:32.616 30862 30980 W AudioTrack: AUDIO_OUTPUT_FLAG_FAST denied by server; frameCount 0 -> 1772
11-09 10:23:32.623   640   640 W AshmemAllocator: ashmem_create_region(7680) returning hidl_memory(0x74f522c100, 7680)
11-09 10:23:32.625   640   640 W AshmemAllocator: ashmem_create_region(7680) returning hidl_memory(0x74f522c100, 7680)
11-09 10:23:32.636 30862 30886 V threaded_app: New input event: type=2
11-09 10:23:32.653   643   924 E volume_listener: check_and_set_gain_dep_cal: Failed to set gain dep cal level
11-09 10:23:32.663 30862 30886 V threaded_app: New input event: type=2
11-09 10:23:32.680 30862 30886 V threaded_app: New input event: type=2
11-09 10:23:32.695   643   924 E volume_listener: check_and_set_gain_dep_cal: Failed to set gain dep cal level
11-09 10:23:32.697 30862 30886 V threaded_app: New input event: type=2
11-09 10:23:32.703 30862 30886 I chatty  : uid=10344(com.TeamNA.GiftGame) identical 1 line
11-09 10:23:32.704 30862 30886 V threaded_app: New input event: type=2
11-09 10:23:33.096 28287 29712 I BugleNetwork: Received onNext in BindHandlerV2: PONG
11-09 10:23:33.097 28287 29712 I BugleNetwork: handlePong()
11-09 10:23:33.198 30862 31300 D         : PlayerBase::stop() from IPlayer
11-09 10:23:33.198 30862 31300 D AudioTrack: stop() called with 38746 frames delivered
11-09 10:23:33.209 30862 30980 D         : PlayerBase::stop() from IPlayer
11-09 10:23:33.303 30862 30886 V threaded_app: New input event: type=2
11-09 10:23:33.396 30862 30886 I chatty  : uid=10344(com.TeamNA.GiftGame) identical 5 lines
11-09 10:23:33.397 30862 30886 V threaded_app: New input event: type=2
11-09 10:23:33.674 30862 30980 D         : PlayerBase::PlayerBase()
11-09 10:23:33.674 30862 30980 D         : TrackPlayerBase::TrackPlayerBase()
11-09 10:23:33.674 30862 30980 I libOpenSLES: Emulating old channel mask behavior (ignoring positional mask 0x3, using default mask 0x3 based on channel count of 2)
11-09 10:23:33.675   681  2082 D AudioFlinger: Client defaulted notificationFrames to 590 for frameCount 1772
11-09 10:23:33.676 30862 30980 W AudioTrack: AUDIO_OUTPUT_FLAG_FAST denied by server; frameCount 0 -> 1772
11-09 10:23:33.681   640   640 W AshmemAllocator: ashmem_create_region(7680) returning hidl_memory(0x74f522c100, 7680)
11-09 10:23:33.683   640   640 W AshmemAllocator: ashmem_create_region(7680) returning hidl_memory(0x74f522c100, 7680)
11-09 10:23:33.690 30862 30980 D         : PlayerBase::stop() from IPlayer
11-09 10:23:33.690 30862 30980 D AudioTrack: stop() called with 1770 frames delivered
11-09 10:23:33.694 30862 30980 D         : PlayerBase::PlayerBase()
11-09 10:23:33.694 30862 30980 D         : TrackPlayerBase::TrackPlayerBase()
11-09 10:23:33.694 30862 30980 I libOpenSLES: Emulating old channel mask behavior (ignoring positional mask 0x3, using default mask 0x3 based on channel count of 2)
11-09 10:23:33.695   681   681 D AudioFlinger: Client defaulted notificationFrames to 590 for frameCount 1772
11-09 10:23:33.696 30862 30980 W AudioTrack: AUDIO_OUTPUT_FLAG_FAST denied by server; frameCount 0 -> 1772
11-09 10:23:33.701   640   640 W AshmemAllocator: ashmem_create_region(7680) returning hidl_memory(0x74f522c100, 7680)
11-09 10:23:33.703   640   640 W AshmemAllocator: ashmem_create_region(7680) returning hidl_memory(0x74f522c100, 7680)
11-09 10:23:33.708 30862 30980 D         : PlayerBase::stop() from IPlayer
11-09 10:23:33.708 30862 30980 D AudioTrack: stop() called with 1770 frames delivered
11-09 10:23:33.713 30862 30980 D         : PlayerBase::PlayerBase()
11-09 10:23:33.714 30862 30980 D         : TrackPlayerBase::TrackPlayerBase()
11-09 10:23:33.714 30862 30980 I libOpenSLES: Emulating old channel mask behavior (ignoring positional mask 0x3, using default mask 0x3 based on channel count of 2)
11-09 10:23:33.714   681 30440 D AudioFlinger: Client defaulted notificationFrames to 590 for frameCount 1772
11-09 10:23:33.716 30862 30980 W AudioTrack: AUDIO_OUTPUT_FLAG_FAST denied by server; frameCount 0 -> 1772
11-09 10:23:33.721   640   640 W AshmemAllocator: ashmem_create_region(7680) returning hidl_memory(0x74f522c100, 7680)
11-09 10:23:33.723   640   640 W AshmemAllocator: ashmem_create_region(7680) returning hidl_memory(0x74f522c100, 7680)
11-09 10:23:33.725 30862 30980 D         : PlayerBase::stop() from IPlayer
11-09 10:23:33.725 30862 30980 D AudioTrack: stop() called with 1770 frames delivered
11-09 10:23:33.729 30862 30980 D         : PlayerBase::PlayerBase()
11-09 10:23:33.729 30862 30980 D         : TrackPlayerBase::TrackPlayerBase()
11-09 10:23:33.729 30862 30980 I libOpenSLES: Emulating old channel mask behavior (ignoring positional mask 0x3, using default mask 0x3 based on channel count of 2)
11-09 10:23:33.730   681   681 D AudioFlinger: Client defaulted notificationFrames to 590 for frameCount 1772
11-09 10:23:33.731 30862 30980 W AudioTrack: AUDIO_OUTPUT_FLAG_FAST denied by server; frameCount 0 -> 1772
11-09 10:23:33.738   640   640 W AshmemAllocator: ashmem_create_region(7680) returning hidl_memory(0x74f522c100, 7680)
11-09 10:23:33.739   640   640 W AshmemAllocator: ashmem_create_region(7680) returning hidl_memory(0x74f522c100, 7680)
11-09 10:23:33.742 30862 30980 D         : PlayerBase::stop() from IPlayer
11-09 10:23:33.742 30862 30980 D AudioTrack: stop() called with 1770 frames delivered
11-09 10:23:33.746 30862 30980 D         : PlayerBase::PlayerBase()
11-09 10:23:33.747 30862 30980 D         : TrackPlayerBase::TrackPlayerBase()
11-09 10:23:33.747 30862 30980 I libOpenSLES: Emulating old channel mask behavior (ignoring positional mask 0x3, using default mask 0x3 based on channel count of 2)
11-09 10:23:33.748   681  2082 D AudioFlinger: Client defaulted notificationFrames to 590 for frameCount 1772
11-09 10:23:33.749 30862 30980 W AudioTrack: AUDIO_OUTPUT_FLAG_FAST denied by server; frameCount 0 -> 1772
11-09 10:23:33.754   640   640 W AshmemAllocator: ashmem_create_region(7680) returning hidl_memory(0x74f522c100, 7680)
11-09 10:23:33.755   640   640 W AshmemAllocator: ashmem_create_region(7680) returning hidl_memory(0x74f522c100, 7680)
11-09 10:23:33.790   676   676 E VibratorService: Setting amplitude  to: 3596
11-09 10:23:33.875 30862 30980 D         : PlayerBase::stop() from IPlayer
11-09 10:23:33.875 30862 30980 D AudioTrack: stop() called with 7064 frames delivered
11-09 10:23:33.879 30862 30980 D         : PlayerBase::PlayerBase()
11-09 10:23:33.879 30862 30980 D         : TrackPlayerBase::TrackPlayerBase()
11-09 10:23:33.879 30862 30980 I libOpenSLES: Emulating old channel mask behavior (ignoring positional mask 0x3, using default mask 0x3 based on channel count of 2)
11-09 10:23:33.880   681 16163 D AudioFlinger: Client defaulted notificationFrames to 590 for frameCount 1772
11-09 10:23:33.881 30862 30980 W AudioTrack: AUDIO_OUTPUT_FLAG_FAST denied by server; frameCount 0 -> 1772
11-09 10:23:33.886   640   640 W AshmemAllocator: ashmem_create_region(7680) returning hidl_memory(0x74f522c100, 7680)
11-09 10:23:33.890   640   640 W AshmemAllocator: ashmem_create_region(7680) returning hidl_memory(0x74f522c100, 7680)
11-09 10:23:33.893 30862 30980 D         : PlayerBase::stop() from IPlayer
11-09 10:23:33.893 30862 30980 D AudioTrack: stop() called with 1770 frames delivered
11-09 10:23:33.899 30862 30980 D         : PlayerBase::PlayerBase()
11-09 10:23:33.900 30862 30980 D         : TrackPlayerBase::TrackPlayerBase()
11-09 10:23:33.900 30862 30980 I libOpenSLES: Emulating old channel mask behavior (ignoring positional mask 0x3, using default mask 0x3 based on channel count of 2)
11-09 10:23:33.901   681  2082 D AudioFlinger: Client defaulted notificationFrames to 590 for frameCount 1772
11-09 10:23:33.901 30862 30980 W AudioTrack: AUDIO_OUTPUT_FLAG_FAST denied by server; frameCount 0 -> 1772
11-09 10:23:33.904   640   640 W AshmemAllocator: ashmem_create_region(7680) returning hidl_memory(0x74f522c100, 7680)
11-09 10:23:33.906   640   640 W AshmemAllocator: ashmem_create_region(7680) returning hidl_memory(0x74f522c100, 7680)
11-09 10:23:33.907 30862 30980 D         : PlayerBase::stop() from IPlayer
11-09 10:23:33.907 30862 30980 D AudioTrack: stop() called with 1770 frames delivered
11-09 10:23:33.911 30862 30980 D         : PlayerBase::PlayerBase()
11-09 10:23:33.911 30862 30980 D         : TrackPlayerBase::TrackPlayerBase()
11-09 10:23:33.911 30862 30980 I libOpenSLES: Emulating old channel mask behavior (ignoring positional mask 0x3, using default mask 0x3 based on channel count of 2)
11-09 10:23:33.912   681 20335 D AudioFlinger: Client defaulted notificationFrames to 590 for frameCount 1772
11-09 10:23:33.912 30862 30980 W AudioTrack: AUDIO_OUTPUT_FLAG_FAST denied by server; frameCount 0 -> 1772
11-09 10:23:33.917   640   640 W AshmemAllocator: ashmem_create_region(7680) returning hidl_memory(0x74f522c100, 7680)
11-09 10:23:33.918   640   640 W AshmemAllocator: ashmem_create_region(7680) returning hidl_memory(0x74f522c100, 7680)
11-09 10:23:33.924 30862 30980 D         : PlayerBase::stop() from IPlayer
11-09 10:23:33.924 30862 30980 D AudioTrack: stop() called with 1770 frames delivered
11-09 10:23:33.927 30862 30980 D         : PlayerBase::PlayerBase()
11-09 10:23:33.927 30862 30980 D         : TrackPlayerBase::TrackPlayerBase()
11-09 10:23:33.927 30862 30980 I libOpenSLES: Emulating old channel mask behavior (ignoring positional mask 0x3, using default mask 0x3 based on channel count of 2)
11-09 10:23:33.928   681 16163 D AudioFlinger: Client defaulted notificationFrames to 590 for frameCount 1772
11-09 10:23:33.928 30862 30980 W AudioTrack: AUDIO_OUTPUT_FLAG_FAST denied by server; frameCount 0 -> 1772
11-09 10:23:33.931   640   640 W AshmemAllocator: ashmem_create_region(7680) returning hidl_memory(0x74f522c100, 7680)
11-09 10:23:33.932   640   640 W AshmemAllocator: ashmem_create_region(7680) returning hidl_memory(0x74f522c100, 7680)
11-09 10:23:33.940 30862 30980 D         : PlayerBase::stop() from IPlayer
11-09 10:23:33.940 30862 30980 D AudioTrack: stop() called with 1770 frames delivered
11-09 10:23:33.944 30862 30980 D         : PlayerBase::PlayerBase()
11-09 10:23:33.944 30862 30980 D         : TrackPlayerBase::TrackPlayerBase()
11-09 10:23:33.944 30862 30980 I libOpenSLES: Emulating old channel mask behavior (ignoring positional mask 0x3, using default mask 0x3 based on channel count of 2)
11-09 10:23:33.945   681   681 D AudioFlinger: Client defaulted notificationFrames to 590 for frameCount 1772
11-09 10:23:33.946 30862 30980 W AudioTrack: AUDIO_OUTPUT_FLAG_FAST denied by server; frameCount 0 -> 1772
11-09 10:23:33.953   640   640 W AshmemAllocator: ashmem_create_region(7680) returning hidl_memory(0x74f522c100, 7680)
11-09 10:23:33.954   640   640 W AshmemAllocator: ashmem_create_region(7680) returning hidl_memory(0x74f522c100, 7680)
11-09 10:23:33.976   643 14552 E volume_listener: check_and_set_gain_dep_cal: Failed to set gain dep cal level
11-09 10:23:33.976   643 20103 E volume_listener: check_and_set_gain_dep_cal: Failed to set gain dep cal level
11-09 10:23:34.107 30862 30980 D         : PlayerBase::stop() from IPlayer
11-09 10:23:34.107 30862 30980 D AudioTrack: stop() called with 7946 frames delivered
11-09 10:23:34.113 30862 30980 D         : PlayerBase::PlayerBase()
11-09 10:23:34.113 30862 30980 D         : TrackPlayerBase::TrackPlayerBase()
11-09 10:23:34.113 30862 30980 I libOpenSLES: Emulating old channel mask behavior (ignoring positional mask 0x3, using default mask 0x3 based on channel count of 2)
11-09 10:23:34.114   681 20335 D AudioFlinger: Client defaulted notificationFrames to 590 for frameCount 1772
11-09 10:23:34.115 30862 30980 W AudioTrack: AUDIO_OUTPUT_FLAG_FAST denied by server; frameCount 0 -> 1772
11-09 10:23:34.123   640   640 W AshmemAllocator: ashmem_create_region(7680) returning hidl_memory(0x74f522c100, 7680)
11-09 10:23:34.125   640   640 W AshmemAllocator: ashmem_create_region(7680) returning hidl_memory(0x74f522c100, 7680)
11-09 10:23:34.127 30862 30980 D         : PlayerBase::stop() from IPlayer
11-09 10:23:34.127 30862 30980 D AudioTrack: stop() called with 1770 frames delivered
11-09 10:23:34.132 30862 30980 D         : PlayerBase::PlayerBase()
11-09 10:23:34.133 30862 30980 D         : TrackPlayerBase::TrackPlayerBase()
11-09 10:23:34.133 30862 30980 I libOpenSLES: Emulating old channel mask behavior (ignoring positional mask 0x3, using default mask 0x3 based on channel count of 2)
11-09 10:23:34.134   681 20335 D AudioFlinger: Client defaulted notificationFrames to 590 for frameCount 1772
11-09 10:23:34.135 30862 30980 W AudioTrack: AUDIO_OUTPUT_FLAG_FAST denied by server; frameCount 0 -> 1772
11-09 10:23:34.139   640   640 W AshmemAllocator: ashmem_create_region(7680) returning hidl_memory(0x74f522c100, 7680)
11-09 10:23:34.141   640   640 W AshmemAllocator: ashmem_create_region(7680) returning hidl_memory(0x74f522c100, 7680)
11-09 10:23:34.577 30862 30886 V threaded_app: New input event: type=2
11-09 10:23:34.612 30862 30886 I chatty  : uid=10344(com.TeamNA.GiftGame) identical 1 line
11-09 10:23:34.619 30862 30886 V threaded_app: New input event: type=2
11-09 10:23:34.634 30862 31325 D         : PlayerBase::stop() from IPlayer
11-09 10:23:34.634 30862 31325 D AudioTrack: stop() called with 22977 frames delivered
11-09 10:23:34.637 30862 30980 D         : PlayerBase::stop() from IPlayer
11-09 10:23:35.342 30862 30886 V threaded_app: New input event: type=2
11-09 10:23:35.417 30862 30886 I chatty  : uid=10344(com.TeamNA.GiftGame) identical 4 lines
11-09 10:23:35.418 30862 30886 V threaded_app: New input event: type=2
11-09 10:23:35.842 30862 30980 D         : PlayerBase::PlayerBase()
11-09 10:23:35.843 30862 30980 D         : TrackPlayerBase::TrackPlayerBase()
11-09 10:23:35.843 30862 30980 I libOpenSLES: Emulating old channel mask behavior (ignoring positional mask 0x3, using default mask 0x3 based on channel count of 2)
11-09 10:23:35.844   681   681 D AudioFlinger: Client defaulted notificationFrames to 590 for frameCount 1772
11-09 10:23:35.845 30862 30980 W AudioTrack: AUDIO_OUTPUT_FLAG_FAST denied by server; frameCount 0 -> 1772
11-09 10:23:35.852   640   640 W AshmemAllocator: ashmem_create_region(7680) returning hidl_memory(0x74f522c100, 7680)
11-09 10:23:35.855   640   640 W AshmemAllocator: ashmem_create_region(7680) returning hidl_memory(0x74f522c100, 7680)
11-09 10:23:35.858 30862 30980 D         : PlayerBase::stop() from IPlayer
11-09 10:23:35.858 30862 30980 D AudioTrack: stop() called with 1770 frames delivered
11-09 10:23:35.862 30862 30980 D         : PlayerBase::PlayerBase()
11-09 10:23:35.862 30862 30980 D         : TrackPlayerBase::TrackPlayerBase()
11-09 10:23:35.862 30862 30980 I libOpenSLES: Emulating old channel mask behavior (ignoring positional mask 0x3, using default mask 0x3 based on channel count of 2)
11-09 10:23:35.863   681 20335 D AudioFlinger: Client defaulted notificationFrames to 590 for frameCount 1772
11-09 10:23:35.864 30862 30980 W AudioTrack: AUDIO_OUTPUT_FLAG_FAST denied by server; frameCount 0 -> 1772
11-09 10:23:35.868   640   640 W AshmemAllocator: ashmem_create_region(7680) returning hidl_memory(0x74f522c100, 7680)
11-09 10:23:35.870   640   640 W AshmemAllocator: ashmem_create_region(7680) returning hidl_memory(0x74f522c100, 7680)
11-09 10:23:35.873 30862 30980 D         : PlayerBase::stop() from IPlayer
11-09 10:23:35.873 30862 30980 D AudioTrack: stop() called with 1770 frames delivered
11-09 10:23:35.878 30862 30980 D         : PlayerBase::PlayerBase()
11-09 10:23:35.879 30862 30980 D         : TrackPlayerBase::TrackPlayerBase()
11-09 10:23:35.879 30862 30980 I libOpenSLES: Emulating old channel mask behavior (ignoring positional mask 0x3, using default mask 0x3 based on channel count of 2)
11-09 10:23:35.879   681   681 D AudioFlinger: Client defaulted notificationFrames to 590 for frameCount 1772
11-09 10:23:35.880 30862 30980 W AudioTrack: AUDIO_OUTPUT_FLAG_FAST denied by server; frameCount 0 -> 1772
11-09 10:23:35.884   640   640 W AshmemAllocator: ashmem_create_region(7680) returning hidl_memory(0x74f522c100, 7680)
11-09 10:23:35.886   640   640 W AshmemAllocator: ashmem_create_region(7680) returning hidl_memory(0x74f522c100, 7680)
11-09 10:23:35.890 30862 30980 D         : PlayerBase::stop() from IPlayer
11-09 10:23:35.890 30862 30980 D AudioTrack: stop() called with 1770 frames delivered
11-09 10:23:35.894 30862 30980 D         : PlayerBase::PlayerBase()
11-09 10:23:35.895 30862 30980 D         : TrackPlayerBase::TrackPlayerBase()
11-09 10:23:35.895 30862 30980 I libOpenSLES: Emulating old channel mask behavior (ignoring positional mask 0x3, using default mask 0x3 based on channel count of 2)
11-09 10:23:35.896   681   681 D AudioFlinger: Client defaulted notificationFrames to 590 for frameCount 1772
11-09 10:23:35.897 30862 30980 W AudioTrack: AUDIO_OUTPUT_FLAG_FAST denied by server; frameCount 0 -> 1772
11-09 10:23:35.901   640   640 W AshmemAllocator: ashmem_create_region(7680) returning hidl_memory(0x74f522c100, 7680)
11-09 10:23:35.903   640   640 W AshmemAllocator: ashmem_create_region(7680) returning hidl_memory(0x74f522c100, 7680)
11-09 10:23:35.956   676   676 E VibratorService: Setting amplitude  to: 3596
11-09 10:23:36.039 30862 30980 D         : PlayerBase::stop() from IPlayer
11-09 10:23:36.039 30862 30980 D AudioTrack: stop() called with 7670 frames delivered
11-09 10:23:36.043 30862 30980 D         : PlayerBase::PlayerBase()
11-09 10:23:36.044 30862 30980 D         : TrackPlayerBase::TrackPlayerBase()
11-09 10:23:36.044 30862 30980 I libOpenSLES: Emulating old channel mask behavior (ignoring positional mask 0x3, using default mask 0x3 based on channel count of 2)
11-09 10:23:36.045   681 20335 D AudioFlinger: Client defaulted notificationFrames to 590 for frameCount 1772
11-09 10:23:36.046 30862 30980 W AudioTrack: AUDIO_OUTPUT_FLAG_FAST denied by server; frameCount 0 -> 1772
11-09 10:23:36.051   640   640 W AshmemAllocator: ashmem_create_region(7680) returning hidl_memory(0x74f522c100, 7680)
11-09 10:23:36.053   640   640 W AshmemAllocator: ashmem_create_region(7680) returning hidl_memory(0x74f522c100, 7680)
11-09 10:23:36.055 30862 30980 D         : PlayerBase::stop() from IPlayer
11-09 10:23:36.055 30862 30980 D AudioTrack: stop() called with 1770 frames delivered
11-09 10:23:36.059   898   965 I ActivityManager: Killing 29725:com.google.android.apps.maps/u0a78 (adj 906): empty #17
11-09 10:23:36.060 30862 30980 D         : PlayerBase::PlayerBase()
11-09 10:23:36.061 30862 30980 D         : TrackPlayerBase::TrackPlayerBase()
11-09 10:23:36.061 30862 30980 I libOpenSLES: Emulating old channel mask behavior (ignoring positional mask 0x3, using default mask 0x3 based on channel count of 2)
11-09 10:23:36.062   681   681 D AudioFlinger: Client defaulted notificationFrames to 590 for frameCount 1772
11-09 10:23:36.062   898   970 W libprocessgroup: kill(-29725, 9) failed: No such process
11-09 10:23:36.063 30862 30980 W AudioTrack: AUDIO_OUTPUT_FLAG_FAST denied by server; frameCount 0 -> 1772
11-09 10:23:36.070   640   640 W AshmemAllocator: ashmem_create_region(7680) returning hidl_memory(0x74f522c100, 7680)
11-09 10:23:36.072   640   640 W AshmemAllocator: ashmem_create_region(7680) returning hidl_memory(0x74f522c100, 7680)
11-09 10:23:36.075 30862 30980 D         : PlayerBase::stop() from IPlayer
11-09 10:23:36.075 30862 30980 D AudioTrack: stop() called with 0 frames delivered
11-09 10:23:36.081 30862 30980 D         : PlayerBase::PlayerBase()
11-09 10:23:36.082 30862 30980 D         : TrackPlayerBase::TrackPlayerBase()
11-09 10:23:36.082 30862 30980 I libOpenSLES: Emulating old channel mask behavior (ignoring positional mask 0x3, using default mask 0x3 based on channel count of 2)
11-09 10:23:36.083   681 16163 D AudioFlinger: Client defaulted notificationFrames to 590 for frameCount 1772
11-09 10:23:36.083 30862 30980 W AudioTrack: AUDIO_OUTPUT_FLAG_FAST denied by server; frameCount 0 -> 1772
11-09 10:23:36.088   640   640 W AshmemAllocator: ashmem_create_region(7680) returning hidl_memory(0x74f522c100, 7680)
11-09 10:23:36.090   898  2442 D ConnectivityService: ConnectivityService NetworkRequestInfo binderDied(NetworkRequest [ LISTEN id=4946, [ Capabilities: INTERNET&NOT_RESTRICTED&TRUSTED Unwanted:  Uid: 10078] ], android.os.BinderProxy@bc629d6)
11-09 10:23:36.091   640   640 W AshmemAllocator: ashmem_create_region(7680) returning hidl_memory(0x74f522c100, 7680)
11-09 10:23:36.092   633   633 I Zygote  : Process 29725 exited due to signal (9)
11-09 10:23:36.095 30862 30980 D         : PlayerBase::stop() from IPlayer
11-09 10:23:36.095 30862 30980 D AudioTrack: stop() called with 0 frames delivered
11-09 10:23:36.100 30862 30980 D         : PlayerBase::PlayerBase()
11-09 10:23:36.101 30862 30980 D         : TrackPlayerBase::TrackPlayerBase()
11-09 10:23:36.101 30862 30980 I libOpenSLES: Emulating old channel mask behavior (ignoring positional mask 0x3, using default mask 0x3 based on channel count of 2)
11-09 10:23:36.102   681 20335 D AudioFlinger: Client defaulted notificationFrames to 590 for frameCount 1772
11-09 10:23:36.102 30862 30980 W AudioTrack: AUDIO_OUTPUT_FLAG_FAST denied by server; frameCount 0 -> 1772
11-09 10:23:36.106   898   970 W libprocessgroup: kill(-29725, 9) failed: No such process
11-09 10:23:36.106   898   970 I libprocessgroup: Successfully killed process cgroup uid 10078 pid 29725 in 44ms
11-09 10:23:36.106   640   640 W AshmemAllocator: ashmem_create_region(7680) returning hidl_memory(0x74f522c100, 7680)
11-09 10:23:36.108   640   640 W AshmemAllocator: ashmem_create_region(7680) returning hidl_memory(0x74f522c100, 7680)
11-09 10:23:36.238 30862 30980 D         : PlayerBase::stop() from IPlayer
11-09 10:23:36.238 30862 30980 D AudioTrack: stop() called with 7670 frames delivered
11-09 10:23:36.242 30862 30980 D         : PlayerBase::PlayerBase()
11-09 10:23:36.242 30862 30980 D         : TrackPlayerBase::TrackPlayerBase()
11-09 10:23:36.242 30862 30980 I libOpenSLES: Emulating old channel mask behavior (ignoring positional mask 0x3, using default mask 0x3 based on channel count of 2)
11-09 10:23:36.243   681 16163 D AudioFlinger: Client defaulted notificationFrames to 590 for frameCount 1772
11-09 10:23:36.244 30862 30980 W AudioTrack: AUDIO_OUTPUT_FLAG_FAST denied by server; frameCount 0 -> 1772
11-09 10:23:36.249   640   640 W AshmemAllocator: ashmem_create_region(7680) returning hidl_memory(0x74f522c100, 7680)
11-09 10:23:36.251   640   640 W AshmemAllocator: ashmem_create_region(7680) returning hidl_memory(0x74f522c100, 7680)
11-09 10:23:36.256 30862 30980 D         : PlayerBase::stop() from IPlayer
11-09 10:23:36.256 30862 30980 D AudioTrack: stop() called with 1770 frames delivered
11-09 10:23:36.261 30862 30980 D         : PlayerBase::PlayerBase()
11-09 10:23:36.261 30862 30980 D         : TrackPlayerBase::TrackPlayerBase()
11-09 10:23:36.261 30862 30980 I libOpenSLES: Emulating old channel mask behavior (ignoring positional mask 0x3, using default mask 0x3 based on channel count of 2)
11-09 10:23:36.262   681 20335 D AudioFlinger: Client defaulted notificationFrames to 590 for frameCount 1772
11-09 10:23:36.263 30862 30980 W AudioTrack: AUDIO_OUTPUT_FLAG_FAST denied by server; frameCount 0 -> 1772
11-09 10:23:36.267   640   640 W AshmemAllocator: ashmem_create_region(7680) returning hidl_memory(0x74f522c100, 7680)
11-09 10:23:36.268   640   640 W AshmemAllocator: ashmem_create_region(7680) returning hidl_memory(0x74f522c100, 7680)
11-09 10:23:36.273 30862 30980 D         : PlayerBase::stop() from IPlayer
11-09 10:23:36.273 30862 30980 D AudioTrack: stop() called with 1770 frames delivered
11-09 10:23:36.276   643   924 E volume_listener: check_and_set_gain_dep_cal: Failed to set gain dep cal level
11-09 10:23:36.279 30862 30980 D         : PlayerBase::PlayerBase()
11-09 10:23:36.279 30862 30980 D         : TrackPlayerBase::TrackPlayerBase()
11-09 10:23:36.279 30862 30980 I libOpenSLES: Emulating old channel mask behavior (ignoring positional mask 0x3, using default mask 0x3 based on channel count of 2)
11-09 10:23:36.280   681 20335 D AudioFlinger: Client defaulted notificationFrames to 590 for frameCount 1772
11-09 10:23:36.282 30862 30980 W AudioTrack: AUDIO_OUTPUT_FLAG_FAST denied by server; frameCount 0 -> 1772
11-09 10:23:36.287   640   640 W AshmemAllocator: ashmem_create_region(7680) returning hidl_memory(0x74f522c100, 7680)
11-09 10:23:36.288   640   640 W AshmemAllocator: ashmem_create_region(7680) returning hidl_memory(0x74f522c100, 7680)
11-09 10:23:36.355   643 14552 E volume_listener: check_and_set_gain_dep_cal: Failed to set gain dep cal level
11-09 10:23:36.513 30862 30886 V threaded_app: New input event: type=2
11-09 10:23:37.060 30862 30886 I chatty  : uid=10344(com.TeamNA.GiftGame) identical 8 lines
11-09 10:23:37.061 30862 30886 V threaded_app: New input event: type=2
11-09 10:23:37.117 30862 31338 D         : PlayerBase::stop() from IPlayer
11-09 10:23:37.117 30862 31338 D AudioTrack: stop() called with 38746 frames delivered
11-09 10:23:37.121 30862 30980 D         : PlayerBase::stop() from IPlayer
11-09 10:23:37.424 30862 30980 D         : PlayerBase::PlayerBase()
11-09 10:23:37.425 30862 30980 D         : TrackPlayerBase::TrackPlayerBase()
11-09 10:23:37.425 30862 30980 I libOpenSLES: Emulating old channel mask behavior (ignoring positional mask 0x3, using default mask 0x3 based on channel count of 2)
11-09 10:23:37.426   681 16163 D AudioFlinger: Client defaulted notificationFrames to 590 for frameCount 1772
11-09 10:23:37.427 30862 30980 W AudioTrack: AUDIO_OUTPUT_FLAG_FAST denied by server; frameCount 0 -> 1772
11-09 10:23:37.434   640   640 W AshmemAllocator: ashmem_create_region(7680) returning hidl_memory(0x74f522c100, 7680)
11-09 10:23:37.436   640   640 W AshmemAllocator: ashmem_create_region(7680) returning hidl_memory(0x74f522c100, 7680)
11-09 10:23:37.439 30862 30980 D         : PlayerBase::stop() from IPlayer
11-09 10:23:37.439 30862 30980 D AudioTrack: stop() called with 1770 frames delivered
11-09 10:23:37.443 30862 30980 D         : PlayerBase::PlayerBase()
11-09 10:23:37.444 30862 30980 D         : TrackPlayerBase::TrackPlayerBase()
11-09 10:23:37.444 30862 30980 I libOpenSLES: Emulating old channel mask behavior (ignoring positional mask 0x3, using default mask 0x3 based on channel count of 2)
11-09 10:23:37.444   681  2082 D AudioFlinger: Client defaulted notificationFrames to 590 for frameCount 1772
11-09 10:23:37.445 30862 30980 W AudioTrack: AUDIO_OUTPUT_FLAG_FAST denied by server; frameCount 0 -> 1772
11-09 10:23:37.450   640   640 W AshmemAllocator: ashmem_create_region(7680) returning hidl_memory(0x74f522c100, 7680)
11-09 10:23:37.453   640   640 W AshmemAllocator: ashmem_create_region(7680) returning hidl_memory(0x74f522c100, 7680)
11-09 10:23:37.455 30862 30980 D         : PlayerBase::stop() from IPlayer
11-09 10:23:37.455 30862 30980 D AudioTrack: stop() called with 1770 frames delivered
11-09 10:23:37.460 30862 30980 D         : PlayerBase::PlayerBase()
11-09 10:23:37.461 30862 30980 D         : TrackPlayerBase::TrackPlayerBase()
11-09 10:23:37.461 30862 30980 I libOpenSLES: Emulating old channel mask behavior (ignoring positional mask 0x3, using default mask 0x3 based on channel count of 2)
11-09 10:23:37.461   681 16578 D AudioFlinger: Client defaulted notificationFrames to 590 for frameCount 1772
11-09 10:23:37.462 30862 30980 W AudioTrack: AUDIO_OUTPUT_FLAG_FAST denied by server; frameCount 0 -> 1772
11-09 10:23:37.466   640   640 W AshmemAllocator: ashmem_create_region(7680) returning hidl_memory(0x74f522c100, 7680)
11-09 10:23:37.467   640   640 W AshmemAllocator: ashmem_create_region(7680) returning hidl_memory(0x74f522c100, 7680)
11-09 10:23:37.472 30862 30980 D         : PlayerBase::stop() from IPlayer
11-09 10:23:37.472 30862 30980 D AudioTrack: stop() called with 1770 frames delivered
11-09 10:23:37.477 30862 30980 D         : PlayerBase::PlayerBase()
11-09 10:23:37.477 30862 30980 D         : TrackPlayerBase::TrackPlayerBase()
11-09 10:23:37.478 30862 30980 I libOpenSLES: Emulating old channel mask behavior (ignoring positional mask 0x3, using default mask 0x3 based on channel count of 2)
11-09 10:23:37.478   681 20335 D AudioFlinger: Client defaulted notificationFrames to 590 for frameCount 1772
11-09 10:23:37.479 30862 30980 W AudioTrack: AUDIO_OUTPUT_FLAG_FAST denied by server; frameCount 0 -> 1772
11-09 10:23:37.483   640   640 W AshmemAllocator: ashmem_create_region(7680) returning hidl_memory(0x74f522c100, 7680)
11-09 10:23:37.484   640   640 W AshmemAllocator: ashmem_create_region(7680) returning hidl_memory(0x74f522c100, 7680)
11-09 10:23:37.539   676   676 E VibratorService: Setting amplitude  to: 3596
11-09 10:23:37.622 30862 30980 D         : PlayerBase::stop() from IPlayer
11-09 10:23:37.623 30862 30980 D AudioTrack: stop() called with 7670 frames delivered
11-09 10:23:37.628 30862 30980 D         : PlayerBase::PlayerBase()
11-09 10:23:37.629 30862 30980 D         : TrackPlayerBase::TrackPlayerBase()
11-09 10:23:37.629 30862 30980 I libOpenSLES: Emulating old channel mask behavior (ignoring positional mask 0x3, using default mask 0x3 based on channel count of 2)
11-09 10:23:37.630   681 16578 D AudioFlinger: Client defaulted notificationFrames to 590 for frameCount 1772
11-09 10:23:37.631 30862 30980 W AudioTrack: AUDIO_OUTPUT_FLAG_FAST denied by server; frameCount 0 -> 1772
11-09 10:23:37.636   640   640 W AshmemAllocator: ashmem_create_region(7680) returning hidl_memory(0x74f522c100, 7680)
11-09 10:23:37.638   640   640 W AshmemAllocator: ashmem_create_region(7680) returning hidl_memory(0x74f522c100, 7680)
11-09 10:23:37.641 30862 30980 D         : PlayerBase::stop() from IPlayer
11-09 10:23:37.641 30862 30980 D AudioTrack: stop() called with 1770 frames delivered
11-09 10:23:37.645 30862 30980 D         : PlayerBase::PlayerBase()
11-09 10:23:37.646 30862 30980 D         : TrackPlayerBase::TrackPlayerBase()
11-09 10:23:37.646 30862 30980 I libOpenSLES: Emulating old channel mask behavior (ignoring positional mask 0x3, using default mask 0x3 based on channel count of 2)
11-09 10:23:37.647   681 16578 D AudioFlinger: Client defaulted notificationFrames to 590 for frameCount 1772
11-09 10:23:37.648 30862 30980 W AudioTrack: AUDIO_OUTPUT_FLAG_FAST denied by server; frameCount 0 -> 1772
11-09 10:23:37.653   640   640 W AshmemAllocator: ashmem_create_region(7680) returning hidl_memory(0x74f522c100, 7680)
11-09 10:23:37.655   640   640 W AshmemAllocator: ashmem_create_region(7680) returning hidl_memory(0x74f522c100, 7680)
11-09 10:23:37.660 30862 30980 D         : PlayerBase::stop() from IPlayer
11-09 10:23:37.660 30862 30980 D AudioTrack: stop() called with 1770 frames delivered
11-09 10:23:37.665 30862 30980 D         : PlayerBase::PlayerBase()
