--------- beginning of main
11-09 20:50:58.867  5556  5556 E propClient: PropClient failed to load
11-09 20:50:58.950  2920  2920 E adbd    : recv: OPEN 000007f4 00000000 0009:74 63 70 3A 36 36 36 36 00 
11-09 20:50:58.950  2920  2920 E adbd    : service_to_fd: tcp:6666
11-09 20:50:58.951  1075  1362 D DnsProxyListener: DNSDBG::dns addrinfo af 2
11-09 20:50:58.954  2920  2920 E adbd    : failed to connect to socket 'tcp:6666': Connection refused
11-09 20:50:59.027  2920  2920 E adbd    : recv: OPEN 000007f8 00000000 004a:73 68 65 6C 6C 2C 76 32 3A 61 6D 20 73 74 61 72 74 20 2D 6E 20 63 6F 6D 2E 54 65 61 6D 4E 41 2E 47 69 66 74 47 61 6D 65 2F 63 6F 6D 2E 65 70 69 63 67 61 6D 65 73 2E 75 65 34 2E 53 70 6C 61 73 68 41 63 74 69 76 69 74 79 00 
11-09 20:50:59.027  2920  2920 E adbd    : service_to_fd: shell,v2:am start -n com.TeamNA.GiftGame/com.epicgames.ue4.SplashActivity
11-09 20:50:59.054  5560  5560 E propClient: PropClient failed to load
11-09 20:50:59.068  5560  5560 E propClient: PropClient failed to load
11-09 20:50:59.089  5562  5562 E propClient: PropClient failed to load
--------- beginning of system
11-09 20:50:59.100  1936  4728 I ActivityManager: START u0 {act=null typ=null flg=0x10000000 cmp=ComponentInfo{com.TeamNA.GiftGame/com.epicgames.ue4.SplashActivity}} from uid 2000
11-09 20:50:59.106   737   773 E ANDR-PERF-MPCTL: Invalid profile no. 0, total profiles 0 only
11-09 20:50:59.106  1936  4728 D CustomFrequencyManagerService: acquireDVFSLockLocked : type : DVFS_MIN_LIMIT  frequency : 1555200  uid : 1000  pid : 1936  pkgName : AMS_APP_SWITCH@CPU_MIN@80
11-09 20:50:59.107  1936  4728 D ActivityManagerPerformance: AMP_acquire() APP_SWITCH
11-09 20:50:59.108  1936  4728 E ANDR-PERF-JNI: com_qualcomm_qtiperformance_native_perf_io_prefetch_start
11-09 20:50:59.108  1936  4728 E ANDR-PERF-JNI: gIOPHAl initialized
11-09 20:50:59.108  1936  3529 D ActivityManagerPerformance: Received MSG_CFMS_HINT_AMS_SWITCH pkgName: com.TeamNA.GiftGame
11-09 20:50:59.110  1936 11112 D TelephonyManager: getAllCellInfo : Caller (PID / UID / TID): 1936 / 1000 / 11112
11-09 20:50:59.120  3900  3900 V Launcher: Launcher.onPause()
11-09 20:50:59.128  1936  1936 D MdnieScenarioControlService: Listener Real Multi Window State : false
11-09 20:50:59.129  1936  1936 D CodecSolution: MultiWindowEventListener::onMultiWindowFocusChanged(1)
11-09 20:50:59.129  1936  1936 D CS_HdrController: MultiWindowEventListener::onFocusStackChanged(1)
11-09 20:50:59.129  1936  1936 D CS_HdrController: updateMultiWindowState : 0
11-09 20:50:59.132  1936  5540 D ActivityManager: isScaleDownAnimationEnabled() : false
11-09 20:50:59.132  1936  2389 D ViewRootImpl@1bba6e4[GiftGame]: setView = DecorView@80b202[GiftGame] TM=true MM=false
11-09 20:50:59.133  1936  5540 D StorageManagerService: getExternalStorageMountMode : 3
11-09 20:50:59.133  1936  5540 D StorageManagerService: getExternalStorageMountMode : 3
11-09 20:50:59.133  1936  5540 D StorageManagerService: getExternalStorageMountMode : final mountMode=3, uid : 10536, packageName : com.TeamNA.GiftGame
11-09 20:50:59.134  1936  5540 I ApplicationPolicy: isApplicationExternalStorageWhitelisted:com.TeamNA.GiftGame user:0
11-09 20:50:59.134  1936  5540 D ApplicationPolicy: isApplicationExternalStorageWhitelisted: DO is not enabled on user 0. Allowed.
11-09 20:50:59.134  1936  5540 D ActivityManager: package  com.TeamNA.GiftGame, user - 0 is SDcard whitelisted
11-09 20:50:59.134  1936  5540 I ApplicationPolicy: isApplicationExternalStorageBlacklisted:com.TeamNA.GiftGame user:0
11-09 20:50:59.134  1936  5540 D ApplicationPolicy: isApplicationExternalStorageBlacklisted: DO is not enabled on user 0. Allowed.
11-09 20:50:59.140  1062  1338 V APM_AudioPolicyManager: getAudioPolicyConfig: audioParam;outDevice
11-09 20:50:59.141  1062  1338 V APM_AudioPolicyManager: getNewOutputDevice() selected device 0
11-09 20:50:59.141  1062  1338 V APM_AudioPolicyManager: ### curdevice : 2
11-09 20:50:59.141  1062  1338 V APM_AudioPolicyManager: getAudioPolicyConfig: audioParam;outDevice
11-09 20:50:59.141  1062  1338 V APM_AudioPolicyManager: getNewOutputDevice() selected device 0
11-09 20:50:59.141  1062  1338 V APM_AudioPolicyManager: ### curdevice : 2
11-09 20:50:59.142  1062  1338 V APM_AudioPolicyManager: getAudioPolicyConfig: audioParam;outDevice
11-09 20:50:59.142  1062  1338 V APM_AudioPolicyManager: getNewOutputDevice() selected device 0
11-09 20:50:59.142  1062  1338 V APM_AudioPolicyManager: ### curdevice : 2
11-09 20:50:59.145  1936  2389 D ViewRootImpl@1bba6e4[GiftGame]: dispatchAttachedToWindow
11-09 20:50:59.145  1936  2389 V WindowManager: Relayout Window{217b74d u0 Splash Screen com.TeamNA.GiftGame}: viewVisibility=0 req=1080x1848 WM.LayoutParams{(0,0)(fillxfill) sim=#20 ty=3 fl=#1830518 pfl=0x11 wanim=0x1030001 needsMenuKey=2 colorMode=0 naviIconColor=0}
11-09 20:50:59.150  1062  1338 V APM_AudioPolicyManager: getAudioPolicyConfig: audioParam;activeStream
11-09 20:50:59.150  1062  1338 V APM_AudioPolicyManager: ### active stream : 0
11-09 20:50:59.150   769   769 I SurfaceFlinger: id=4632 createSurf (1080x1920),1 flag=404, Splash Screen com.TeamNA.GiftGame#0
11-09 20:50:59.150  1936 11112 D AudioService: active stream is 0x0
11-09 20:50:59.151  1936  2389 V Surface : sf_framedrop debug : 0x4f4c, game : false, logging : 0
11-09 20:50:59.154  5567  5567 E Zygote  : isWhitelistProcess - Process is Whitelisted
11-09 20:50:59.155  1936  2389 D ViewRootImpl@1bba6e4[GiftGame]: Relayout returned: old=[0,0][0,0] new=[0,0][1080,1920] result=0x7 surface={valid=true 511786323968} changed=true
11-09 20:50:59.155  5567  5567 E libpersona: scanKnoxPersonas
11-09 20:50:59.155  5567  5567 E libpersona: Couldn't open the File - /data/system/users/0/personalist.xml - No such file or directory
11-09 20:50:59.159  5567  5567 W SELinux : SELinux selinux_android_compute_policy_index : Policy Index[2],  Con:u:r:zygote:s0 RAM:SEPF_SM-G930V_8.0.0_0016, [-1 -1 -1 -1 0 1]
11-09 20:50:59.159  1936  5540 I ActivityManager: Start proc 5567:com.TeamNA.GiftGame/u0a536 for activity com.TeamNA.GiftGame/com.epicgames.ue4.SplashActivity
11-09 20:50:59.160  5567  5567 I SELinux : SELinux: seapp_context_lookup: seinfo=untrusted, level=s0:c512,c768, pkgname=com.TeamNA.GiftGame 
11-09 20:50:59.170  5567  5567 I zygote  : Late-enabling -Xcheck:jni
11-09 20:50:59.177  1936  2389 V WindowManager: finishDrawingLocked: mDrawState=COMMIT_DRAW_PENDING Window{217b74d u0 Splash Screen com.TeamNA.GiftGame} in Surface(name=Splash Screen com.TeamNA.GiftGame)
11-09 20:50:59.186  2905  2905 D WallpaperService: updateSurface forceRelayout=true redrawNeeded=false myWidth=1081 myHeight=1920 fixedSize=true x = 0 y = 0 mWidth=1081 mHeight=1920 mIsSleepMode=false
11-09 20:50:59.188  1936  5540 V WindowManager: Relayout Window{9db7e1a u0 com.android.systemui.ImageWallpaper}: viewVisibility=0 req=1081x1920 WM.LayoutParams{(0,0)(1081x1920) gr=#800033 ty=2013 fl=#10318 fmt=2 wanim=0x103030e colorMode=0 naviIconColor=0 sfl=0x8}
11-09 20:50:59.188  1936  5540 V WindowManager: rotationForOrientationLw(orient=0, last=0); user=0 USER_ROTATION_LOCKED sensorRotation=-1 mLidState=-1 mDockMode=0 mHdmiPlugged=false
11-09 20:50:59.188  1936  5540 D SamsungPhoneWindowManager: setRotationLw() : rotation=1
11-09 20:50:59.188  1936  5540 D SamsungPhoneWindowManager: semDvfsWakeupBooster.acquire()
11-09 20:50:59.189  1936  5540 D CustomFrequencyManagerService: acquireDVFSLockLocked : type : DVFS_MIN_LIMIT  frequency : 2150400  uid : 1000  pid : 1936  pkgName : PWM_ROTATION@CPU_MIN@96
11-09 20:50:59.190  1936  5540 D InputDispatcher: setInputDispatchMode: enabled=1, frozen=1
11-09 20:50:59.191   769   769 I SurfaceFlinger: id=4633 createSurf (1080x1920),2 flag=4, ScreenshotSurface#0
11-09 20:50:59.192  1936  5540 V Surface : sf_framedrop debug : 0x4f4c, game : false, logging : 0
11-09 20:50:59.192   769   769 V Surface : sf_framedrop debug : 0x4f4c, game : false, logging : 0
11-09 20:50:59.203  5567  5567 W zygote  : Using default instruction set features for ARM CPU variant (cortex-a9) using conservative defaults
11-09 20:50:59.205  1936  1936 D GameManagerService: onDisplayChanged. displyId: 0, state: 2
11-09 20:50:59.205  1936  1936 D GameManagerService: dpi: 480, longPixel: 1920, shortPixel: 1080
11-09 20:50:59.206  1936  1936 I CAE     : handleMessage(CaPowerManager.java:173) - AP_WAKEUP_Already_Delivered
11-09 20:50:59.212   769   769 D DisplayDevice: [MultiResolution] Input Value : o = 1, v = (1920x1080), f = (2560x1440), pre-mScaledDisplay = (1080x1920), mDisplay = (1440x2560)
11-09 20:50:59.212   769   769 I SurfaceFlinger: Disp[0] Orientation 0=>1
11-09 20:50:59.221   769   769 I SurfaceFlinger: Display 0 HWC layers:
11-09 20:50:59.221   769   769 I SurfaceFlinger:     type    |    handle    | flag |  format   |   source crop (l,t,r,b)    |         frame       | name 
11-09 20:50:59.221   769   769 I SurfaceFlinger: ------------+--------------+------+-----------+----------------------------+---------------------+------
11-09 20:50:59.221   769   769 I SurfaceFlinger:      Device | 0x771afa5280 | 0002 | RGBx_8888 |   1.0    0.0 1081.0 1920.0 |    0    0 1080 1920 | com.android.systemui.ImageWallpaper#0
11-09 20:50:59.221   769   769 I SurfaceFlinger:      Client | 0x771ae33680 | 0000 | RGBA_8888 |   0.0    0.0 1080.0 1080.0 |    0    0 1080 1080 | com.sec.android.app.launcher/com.sec[...]uncher.activities.LauncherActivity#0
11-09 20:50:59.221   769   769 I SurfaceFlinger:      Client | 0x771af54880 | 0000 | RGBA_8888 |   0.0    0.0 1080.0   72.0 | 1008    0 1080 1080 | StatusBar#0
11-09 20:50:59.221   769   769 I SurfaceFlinger:      Client | 0x771ae33100 | 0000 | RGBA_8888 |   0.0    0.0 1080.0 1920.0 |    0    0 1080 1920 | ScreenshotSurface#0
11-09 20:50:59.221   769   769 I SurfaceFlinger: 
11-09 20:50:59.221  2920  2920 E adbd    : recv: OPEN 000007fc 00000000 000c:73 68 65 6C 6C 2C 76 32 3A 70 73 00 
11-09 20:50:59.222  2920  2920 E adbd    : service_to_fd: shell,v2:ps
11-09 20:50:59.222  2905  3297 D WallpaperService: dispatchAppVisibility onVisibilityChanged(): false
11-09 20:50:59.225  1936  2461 I InputReader: Reconfiguring input devices.  changes=0x00000004
11-09 20:50:59.225  1936  2461 I InputReader: Device reconfigured: id=6, name='sec_touchscreen', size 1080x1920, orientation 1, mode 1, display id 0
11-09 20:50:59.225  1936  2461 D InputReader: Wrote command set_rotation_status,1
11-09 20:50:59.226  1936  5540 I ActivityManager: Config changes=480 {0 1.0 themeSeq = 0 showBtnBg = 0 311mcc480mnc [en_US] ldltr sw360dp w640dp h336dp 480dpi nrml long land finger -keyb/v/h -nav/h appBounds=Rect(0, 0 - 1920, 1080) s.56 mkbd/h}
11-09 20:50:59.232  3170  3170 D NfcService: PROXIMITY SCREEN ON
11-09 20:50:59.234   769   769 I SurfaceFlinger: Display 0 HWC layers:
11-09 20:50:59.234   769   769 I SurfaceFlinger:     type    |    handle    | flag |  format   |   source crop (l,t,r,b)    |         frame       | name 
11-09 20:50:59.234   769   769 I SurfaceFlinger: ------------+--------------+------+-----------+----------------------------+---------------------+------
11-09 20:50:59.234   769   769 I SurfaceFlinger:      Device | 0x771af54880 | 0000 | RGBA_8888 |   0.0    0.0 1080.0   72.0 | 1008    0 1080 1080 | StatusBar#0
11-09 20:50:59.234   769   769 I SurfaceFlinger:      Device | 0x771ae33100 | 0000 | RGBA_8888 |   0.0    0.0 1080.0 1920.0 |    0    0 1080 1920 | ScreenshotSurface#0
11-09 20:50:59.234   769   769 I SurfaceFlinger: 
11-09 20:50:59.236  5579  5579 E propClient: PropClient failed to load
11-09 20:50:59.236  3170  5582 D NfcService: call the applyRouting
11-09 20:50:59.242  3900  3900 V Configuration:  needToUpdateOverlays
11-09 20:50:59.243  3900  3900 I chatty  : uid=10066(u0_a66) com.sec.android.app.launcher identical 1 line
11-09 20:50:59.244  3900  3900 V Configuration:  needToUpdateOverlays
11-09 20:50:59.249 25522 25522 V Configuration:  needToUpdateOverlays
11-09 20:50:59.251  2886  2886 V Configuration:  needToUpdateOverlays
11-09 20:50:59.253  2886  2886 I chatty  : uid=10152(u0_a152) com.sec.android.inputmethod identical 41 lines
11-09 20:50:59.253  2886  2886 V Configuration:  needToUpdateOverlays
11-09 20:50:59.253  2886  2886 I SKBD    : SamsungKeypad onConfigurationChanged2
11-09 20:50:59.275  3900  3900 V Configuration:  needToUpdateOverlays
11-09 20:50:59.283  3900  3900 I chatty  : uid=10066(u0_a66) com.sec.android.app.launcher identical 14 lines
11-09 20:50:59.284  3900  3900 V Configuration:  needToUpdateOverlays
11-09 20:50:59.286  5579  5579 E propClient: PropClient failed to load
11-09 20:50:59.297  1457  1457 V Configuration:  needToUpdateOverlays
11-09 20:50:59.297  1457  1457 D AOD_CONFIG@AODConfigurationController: updateMonitor MONITOR_CONFIGURATION
11-09 20:50:59.304 32750 32750 V Configuration:  needToUpdateOverlays
11-09 20:50:59.310  1846  1846 D Mms/MmsApp: [start]    onConfigurationChanged(), newConfig = {0 1.0 themeSeq = 0 showBtnBg = 0 311mcc480mnc [en_US] ldltr sw360dp w640dp h336dp 480dpi nrml long land finger -keyb/v/h -nav/h appBounds=Rect(0, 0 - 1920, 1080) s.56 mkbd/h} consume time = 326048.894146
11-09 20:50:59.311  3306  3306 D io_stats: !@   8,0 r 6718789 268191196 w 2569954 52422420 d 199642 25534896 f 1770312 1770689 iot 6041640 3252034 th 51200 0 0 pt 0 inp 0 0 276558.164
11-09 20:50:59.320  1936  1936 D TelecomService: onConfigurationChanged {0 1.0 themeSeq = 0 showBtnBg = 0 311mcc480mnc [en_US] ldltr sw360dp w640dp h336dp 480dpi nrml long land finger -keyb/v/h -nav/h appBounds=Rect(0, 0 - 1920, 1080) as.3 s.56 mkbd/h}
11-09 20:50:59.321  1936  5540 I ActivityManager: Override config changes=480 {0 1.0 themeSeq = 0 showBtnBg = 0 311mcc480mnc [en_US] ldltr sw360dp w640dp h336dp 480dpi nrml long land finger -keyb/v/h -nav/h appBounds=Rect(0, 0 - 1920, 1080) s.56 mkbd/h} for displayId=0
11-09 20:50:59.323  3782  3782 D SecUISvc: onConfigurationChanged, old dpi=480, new dpi=480
11-09 20:50:59.325  1936  5540 I SamsungPhoneWindowManager: setInitialDisplaySize() width=1080, height=1920, density=480, initWidth=1440, initHeight=2560, initDensity=640
11-09 20:50:59.329  2978  2978 D ThemeManagerService: onConfigChanged - {0 1.0 themeSeq = 0 showBtnBg = 0 311mcc480mnc [en_US] ldltr sw360dp w640dp h336dp 480dpi nrml long land finger -keyb/v/h -nav/h appBounds=Rect(0, 0 - 1920, 1080) s.56 mkbd/h}
11-09 20:50:59.331  1846  1846 D Mms/MmsApp: [end]    onConfigurationChanged(), newConfig = {0 1.0 themeSeq = 0 showBtnBg = 0 311mcc480mnc [en_US] ldltr sw360dp w640dp h336dp 480dpi nrml long land finger -keyb/v/h -nav/h appBounds=Rect(0, 0 - 1920, 1080) s.56 mkbd/h} consume time = 20.461875
11-09 20:50:59.333 21322 21322 V Configuration:  needToUpdateOverlays
11-09 20:50:59.333 21322 21322 V Configuration:  needToUpdateOverlays
11-09 20:50:59.334  3170  3170 V Configuration:  needToUpdateOverlays
11-09 20:50:59.335  2886  2886 I SKBD    : SamsungKeypad [IMI] onStartInput - caller pid : 3900, caller uid : 10066
11-09 20:50:59.338 21322 21322 V Configuration:  needToUpdateOverlays
11-09 20:50:59.338 21322 21322 I chatty  : uid=10413(u0_a413) com.piriform.ccleaner identical 3 lines
11-09 20:50:59.338 21322 21322 V Configuration:  needToUpdateOverlays
11-09 20:50:59.343  1936  5540 I SamsungPhoneWindowManager: setInitialDisplaySize() width=1080, height=1920, density=480, initWidth=1440, initHeight=2560, initDensity=640
11-09 20:50:59.349  1936  2078 D WindowManager: set systemUiVisibility : systemUiFlags= 0x2708 fullscreenStackSysUiFlags= 0x0
11-09 20:50:59.353  1936  5540 D InputDispatcher: Focus left window: 3900
11-09 20:50:59.354  1936  2389 D ViewRootImpl@1bba6e4[GiftGame]: MSG_RESIZED_REPORT: frame=Rect(0, 0 - 1920, 1080) ci=Rect(0, 0 - 0, 0) vi=Rect(0, 72 - 0, 0) or=2
11-09 20:50:59.362  1936  2133 D TetheringConfiguration: NAP is enabled by CSCfeature
11-09 20:50:59.364  3183  3183 D DeviceLocale: onReceive
11-09 20:50:59.366  3900  3900 I Launcher: onWindowVisibilityChanged : false
11-09 20:50:59.366  2905  3250 D vol.VolumeDialogControl: onReceive ACTION_CONFIGURATION_CHANGED
11-09 20:50:59.367  3183  3719 D EucModule: onLocaleChanged, languageCode=en
11-09 20:50:59.367  1936  2742 V WindowManager: Relayout Window{f47a97 u0 InputMethod}: viewVisibility=8 req=1920x0 WM.LayoutParams{(0,0)(fillxwrap) gr=#50 sim=#20 ty=2011 fl=#800108 fmt=-2 wanim=0x7f0e00e1 vsysui=0x300 needsMenuKey=2 colorMode=0 naviIconColor=0 sfl=0x800}
11-09 20:50:59.369  3170  3170 I NfcP2pEventManager: changeConfiguration() in NfcService
11-09 20:50:59.371  2905 27376 D vol.VolumeDialogControl.VC: setLayoutDirection
11-09 20:50:59.373  2905  2905 D ImageWallpaper: onOffsetsChanged: xOffset=0.0, yOffset=0.0, xOffsetStep=0.0, yOffsetStep=0.0, xPixels=0, yPixels=0
11-09 20:50:59.379  2905  2905 D ImageWallpaper: newRotation : 1,mLastRotation : 0
11-09 20:50:59.379  2905  2905 W SemDesktopModeManager: Desktop Mode feature not available or SemDesktopModeManager not instantiated. Please check Configuration.semDesktopModeEnabled instead.
11-09 20:50:59.379  2905  2905 D ImageWallpaper: redraw is not needed, because rotation
11-09 20:50:59.382  2905  2905 D ImageWallpaper: onVisibilityChanged: mVisible, visible=true, false
11-09 20:50:59.382  2905  2905 D ImageWallpaper: Visibility changed to visible=false
11-09 20:50:59.382  2905  2905 D WallpaperService: reportVisibility onVisibilityChanged visible: false
11-09 20:50:59.383  1936  2389 V WindowManager: Relayout Window{217b74d u0 Splash Screen com.TeamNA.GiftGame}: viewVisibility=0 req=1920x1080 WM.LayoutParams{(0,0)(fillxfill) sim=#20 ty=3 fl=#1830518 pfl=0x11 wanim=0x1030001 needsMenuKey=2 colorMode=0 naviIconColor=0}
11-09 20:50:59.384  2886  2886 D ViewRootImpl@5bf2553[InputMethod]: Relayout returned: old=[0,516][1080,1920] new=[0,516][1080,1920] result=0x1 surface={valid=false 0} changed=false
11-09 20:50:59.385  2886  2886 I SKBDC   : TymeCore cASl
11-09 20:50:59.385  2886  2886 I SKBDC   : ?? 50
11-09 20:50:59.385  2886  2886 I SKBDC   : TymeCore sCL 0
11-09 20:50:59.385  2886  2886 I SKBDC   : TymeCore sSf
11-09 20:50:59.389  2905  2905 V Configuration:  needToUpdateOverlays
11-09 20:50:59.389  5287  5287 V Configuration:  needToUpdateOverlays
11-09 20:50:59.392  2905  2905 V Configuration:  needToUpdateOverlays
11-09 20:50:59.392  2905  2905 I chatty  : uid=10063(u0_a63) com.android.systemui identical 3 lines
11-09 20:50:59.392  2905  2905 V Configuration:  needToUpdateOverlays
11-09 20:50:59.401  1936  2389 D ViewRootImpl@1bba6e4[GiftGame]: Relayout returned: old=[0,0][1920,1080] new=[0,0][1920,1080] result=0x23 surface={valid=true 511786323968} changed=false
11-09 20:50:59.406  3196  3658 D TelephonyProvider: query: match = 1
11-09 20:50:59.406  3196  3658 D TelephonyProvider: URL_TELEPHONY uid = 1000, pid= 1936
11-09 20:50:59.416  2905  3297 D skia    : approximate: numPoints=5, lengths[0]=0.000000, totalLength=1.459097, segmentPoints[0]=[0.000000,1.000000]
11-09 20:50:59.416  2905  3297 D skia    : approximate: approximation[0]=0.000000, approximation[1]=0.000000, approximation[2]=1.000000
11-09 20:50:59.416  2905  3297 D skia    : approximate: numPoints=5, lengths[4]=1.459097, totalLength=1.459097, segmentPoints[4]=[1.000000,0.000000]
11-09 20:50:59.416  2905  3297 D skia    : approximate: approximation[12]=1.000000, approximation[13]=1.000000, approximation[14]=0.000000
11-09 20:50:59.416  2905  3297 D skia    : approximate: numPoints=4, lengths[0]=0.000000, totalLength=1.508798, segmentPoints[0]=[0.000000,1.000000]
11-09 20:50:59.416  2905  3297 D skia    : approximate: approximation[0]=0.000000, approximation[1]=0.000000, approximation[2]=1.000000
11-09 20:50:59.416  2905  3297 D skia    : approximate: numPoints=4, lengths[3]=1.508798, totalLength=1.508798, segmentPoints[3]=[1.000000,0.000000]
11-09 20:50:59.416  2905  3297 D skia    : approximate: approximation[9]=1.000000, approximation[10]=1.000000, approximation[11]=0.000000
11-09 20:50:59.416  2905  3297 D skia    : approximate: numPoints=19, lengths[0]=0.000000, totalLength=1.116304, segmentPoints[0]=[0.000000,0.250000]
11-09 20:50:59.416  2905  3297 D skia    : approximate: approximation[0]=0.000000, approximation[1]=0.000000, approximation[2]=0.250000
11-09 20:50:59.416  2905  3297 D skia    : approximate: numPoints=19, lengths[18]=1.116304, totalLength=1.116304, segmentPoints[18]=[1.000000,0.150000]
11-09 20:50:59.416  2905  3297 D skia    : approximate: approximation[54]=1.000000, approximation[55]=1.000000, approximation[56]=0.150000
11-09 20:50:59.416  2905  3297 D skia    : approximate: numPoints=4, lengths[0]=0.000000, totalLength=1.162570, segmentPoints[0]=[0.000000,0.250000]
11-09 20:50:59.416  2905  3297 D skia    : approximate: approximation[0]=0.000000, approximation[1]=0.000000, approximation[2]=0.250000
11-09 20:50:59.416  2905  3297 D skia    : approximate: numPoints=4, lengths[3]=1.162570, totalLength=1.162570, segmentPoints[3]=[1.000000,0.250000]
11-09 20:50:59.416  2905  3297 D skia    : approximate: approximation[9]=1.000000, approximation[10]=1.000000, approximation[11]=0.250000
11-09 20:50:59.418  5567  5567 D TimaKeyStoreProvider: TimaKeyStore is not enabled: cannot add TimaSignature Service and generateKeyPair Service
11-09 20:50:59.418  5567  5567 D ActivityThread: Added TimaKeyStore provider
11-09 20:50:59.424  3900  4272 D OpenGLRenderer: eglDestroySurface = 0x7715d38990
11-09 20:50:59.424  1936  4728 I ActivityManager: DSS on for com.TeamNA.GiftGame and scale is 1.0
11-09 20:50:59.425  1936  2742 V WindowManager: Relayout Window{b47c748 u0 com.sec.android.app.launcher/com.sec.android.app.launcher.activities.LauncherActivity}: viewVisibility=8 req=1080x1920 WM.LayoutParams{(0,0)(fillxfill) sim=#30 ty=1 fl=#81910d00 pfl=0x20000 fmt=-2 wanim=0x10302ea vsysui=0x2700 needsMenuKey=2 colorMode=0 dimDuration=200 naviIconColor=0}
11-09 20:50:59.425  1936  2742 I WindowManager: Destroying surface Surface(name=com.sec.android.app.launcher/com.sec.android.app.launcher.activities.LauncherActivity) called by com.android.server.wm.WindowStateAnimator.destroySurface:2501 com.android.server.wm.WindowStateAnimator.destroySurfaceLocked:985 com.android.server.wm.WindowState.destroyOrSaveSurfaceUnchecked:3680 com.android.server.wm.WindowState.destroySurface:3628 com.android.server.wm.WindowManagerService.tryStartExitingAnimation:2677 com.android.server.wm.WindowManagerService.relayoutWindow:2461 com.android.server.wm.Session.relayout:253 android.view.IWindowSession$Stub.onTransact:288 
11-09 20:50:59.426  2905  2905 V Configuration:  needToUpdateOverlays
11-09 20:50:59.431  2905  2905 I chatty  : uid=10063(u0_a63) com.android.systemui identical 77 lines
11-09 20:50:59.432  2905  2905 V Configuration:  needToUpdateOverlays
11-09 20:50:59.433   769  4725 I SurfaceFlinger: id=4631 Removed com.sec.android.app.launcher/com.sec.android.app.launcher.activities.LauncherActivity#0 (1/5)
11-09 20:50:59.434   769   825 I SurfaceFlinger: id=4631 Removed com.sec.android.app.launcher/com.sec.android.app.launcher.activities.LauncherActivity#0 (-2/5)
11-09 20:50:59.440  3900  3900 D ViewRootImpl@cbdb0a5[LauncherActivity]: Relayout returned: old=[0,0][1080,1920] new=[0,0][1080,1920] result=0x5 surface={valid=false 0} changed=true
11-09 20:50:59.440  3900  3900 D ViewRootImpl@cbdb0a5[LauncherActivity]: MSG_WINDOW_FOCUS_CHANGED 0
11-09 20:50:59.441  1936  2389 V WindowManager: finishDrawingLocked: mDrawState=COMMIT_DRAW_PENDING Window{217b74d u0 Splash Screen com.TeamNA.GiftGame} in Surface(name=Splash Screen com.TeamNA.GiftGame)
11-09 20:50:59.442  2886  2886 I SKBD    : ajd [PF_KL][SIIC] getSelectedText done 56
11-09 20:50:59.442  2886  2886 E SKBD    : axv [USICM][getSelectedText] updated, but null is returned
11-09 20:50:59.443  1936  2389 D ViewRootImpl@1bba6e4[GiftGame]: MSG_RESIZED_REPORT: frame=Rect(0, 0 - 1920, 1080) ci=Rect(0, 0 - 0, 0) vi=Rect(0, 72 - 0, 0) or=1
11-09 20:50:59.445   769   769 I Layer   : id=4631 onRemoved com.sec.android.app.launcher/com.sec.android.app.launcher.activities.LauncherActivity#0 
11-09 20:50:59.453  2886  2886 I SKBD    : ajd [PF_KL][SIIC] getTextBeforeCursor[127] done 10
11-09 20:50:59.462  2886  2886 I SKBD    : ajd [PF_KL][SIIC] getTextAfterCursor[127] done  9
11-09 20:50:59.462  2886  2886 I SKBDC   : TymeCore cASl
11-09 20:50:59.463  2886  2886 I SKBDC   : ?? 50
11-09 20:50:59.463  2886  2886 I SKBDC   : TymeCore cASl
11-09 20:50:59.463  2886  2886 I SKBDC   : ?? 50
11-09 20:50:59.463  2886  2886 I SKBDC   : TymeCore sCL 0
11-09 20:50:59.463  2886  2886 I SKBDC   : TymeCore sSf
11-09 20:50:59.463  2886  2886 I SKBDC   : TymeCore sCL 0
11-09 20:50:59.463  2886  2886 I SKBDC   : TymeCore sSf
11-09 20:50:59.471  2905  2905 D ViewRootImpl@471361d[AssistPreviewPanel]: setView = com.android.systemui.assist.AssistOrbContainer{a1f1092 G.E...... ......I. 0,0-0,0} TM=true MM=false
11-09 20:50:59.472  1936  4728 D PersonaManagerService: Current focused persona service handled id set to : 0
11-09 20:50:59.473  2905  3151 D NetworkController.MobileSignalController(0/1): getMobileIconGroup(): 13
11-09 20:50:59.473  2905  3151 D NetworkController.MobileSignalController(0/1): updateVZWMobileIconGroup(): 13
11-09 20:50:59.478  1936  4728 D InputDispatcher: Focused application set to: xxxx
11-09 20:50:59.481  1936  4728 D MARsPolicyManager: onPackageResumedFG pkgName = com.TeamNA.GiftGame, userId = 0
11-09 20:50:59.481  1936  2781 D GameManagerService: handleForegroundChange(). pkgName: com.TeamNA.GiftGame, clsName: com.epicgames.ue4.SplashActivity,FgActivityName:com.TeamNA.GiftGame/com.epicgames.ue4.SplashActivity
11-09 20:50:59.481  1936  2781 D GameManagerService: sem_perfomance_mode: 0
11-09 20:50:59.481  1936  2781 D GameManagerService: notifyResumePause(). pkg: com.TeamNA.GiftGame, type: 4, isMinimized: false, isTunableApp: false
11-09 20:50:59.481  1936  2781 D GameManagerService:   notifyResumePause(). do nothing. mKillNotiCount: 3
11-09 20:50:59.483   769   769 I SurfaceFlinger: Display 0 HWC layers:
11-09 20:50:59.483   769   769 I SurfaceFlinger:     type    |    handle    | flag |  format   |   source crop (l,t,r,b)    |         frame       | name 
11-09 20:50:59.483   769   769 I SurfaceFlinger: ------------+--------------+------+-----------+----------------------------+---------------------+------
11-09 20:50:59.483   769   769 I SurfaceFlinger:      Device | 0x771fe2f280 | 0002 | RGBA_8888 |   0.0    0.0 1920.0 1080.0 |    0    0 1080 1920 | Splash Screen com.TeamNA.GiftGame#0
11-09 20:50:59.483   769   769 I SurfaceFlinger:      Client | 0x771af54880 | 0001 | RGBA_8888 |   0.0    0.0 1080.0   72.0 | 1008    0 1080 1080 | StatusBar#0
11-09 20:50:59.483   769   769 I SurfaceFlinger:      Client | 0x771ae33100 | 0000 | RGBA_8888 |   0.0    0.0 1080.0 1920.0 |    0    0 1080 1920 | ScreenshotSurface#0
11-09 20:50:59.483   769   769 I SurfaceFlinger: 
11-09 20:50:59.484  1936  4728 W ActivityManager: Slow operation: 61ms so far, now at attachApplicationLocked: after mServices.attachApplicationLocked
11-09 20:50:59.485  1936  3526 D Dex2oatAdjuster: Before bg size = 4
11-09 20:50:59.485  1936  3526 W Process : Unable to open /proc/4977/status
11-09 20:50:59.486  1936  3526 W Process : Unable to open /proc/4946/status
11-09 20:50:59.486  1936  3526 W Process : Unable to open /proc/4832/status
11-09 20:50:59.486  1936  3526 W Process : Unable to open /proc/4824/status
11-09 20:50:59.486  1936  3526 D Dex2oatAdjuster: After bg size = 0 fg size = 0
11-09 20:50:59.488  1936 11112 D GamePkgDataHelper: getGamePkgDataIncServer(). com.TeamNA.GiftGame
11-09 20:50:59.490  3170  3218 D ForegroundUtils: could not check pending caller
11-09 20:50:59.492  1075  1369 D CommandListener: bwctrlcmd: argc=3 bandwidth addniceapps ...
11-09 20:50:59.492  1075  1369 E IptablesRestoreController: [iptables debug]iptables-restore execute *filter
11-09 20:50:59.492  1075  1369 E IptablesRestoreController: -I bw_happy_box -m owner --uid-owner 10536 --jump RETURN
11-09 20:50:59.492  1075  1369 E IptablesRestoreController: COMMIT
11-09 20:50:59.498  1936 11112 D GameManagerService: identifyGamePackage. com.TeamNA.GiftGame
11-09 20:50:59.498  1936 11112 D GamePkgDataHelper: getGamePkgData(). com.TeamNA.GiftGame
11-09 20:50:59.499  1936  2133 W Settings: Setting tether_dun_required has moved from android.provider.Settings.Secure to android.provider.Settings.Global
11-09 20:50:59.503  1936 11112 D GameManagerService: identifyGamePackage. com.TeamNA.GiftGame
11-09 20:50:59.503  1936 11112 D GamePkgDataHelper: getGamePkgData(). com.TeamNA.GiftGame
11-09 20:50:59.504  1936  2467 D MdnieScenarioControlService:  packageName : com.TeamNA.GiftGame    className : com.epicgames.ue4.SplashActivity
11-09 20:50:59.504  1936  2467 V MdnieScenarioControlService: setUIMode from UI function(3)
11-09 20:50:59.505  1936 11112 D GameManagerService: identifyGamePackage. com.TeamNA.GiftGame
11-09 20:50:59.505  1936 11112 D GamePkgDataHelper: getGamePkgData(). com.TeamNA.GiftGame
11-09 20:50:59.505  1936  2078 D WindowManager: set systemUiVisibility : systemUiFlags= 0x0 fullscreenStackSysUiFlags= 0x0
11-09 20:50:59.508  1075  1369 E IptablesRestoreController: [iptables debug]iptables-restore execute done *filter
11-09 20:50:59.508  1075  1369 E IptablesRestoreController: -I bw_happy_box -m owner --uid-owner 10536 --jump RETURN
11-09 20:50:59.508  1075  1369 E IptablesRestoreController: COMMIT
11-09 20:50:59.508  1075  1369 E IptablesRestoreController: , res : 0
11-09 20:50:59.508  5567  5567 I zygote  : no shared libraies, dex_files: 1
11-09 20:50:59.510  1936 11112 D GameManagerService: identifyGamePackage. com.TeamNA.GiftGame
11-09 20:50:59.510  1936 11112 D GamePkgDataHelper: getGamePkgData(). com.TeamNA.GiftGame
11-09 20:50:59.513  2905  3151 D NetworkController.MobileSignalController(0/1): callState:0, callStateByPhone:false voLTECall:false voiceNetTpe:13 dataNetType:13, ine911:false, emergencyCallbackMode:false
11-09 20:50:59.528   769   769 I SurfaceFlinger: Display 0 HWC layers:
11-09 20:50:59.528   769   769 I SurfaceFlinger:     type    |    handle    | flag |  format   |   source crop (l,t,r,b)    |         frame       | name 
11-09 20:50:59.528   769   769 I SurfaceFlinger: ------------+--------------+------+-----------+----------------------------+---------------------+------
11-09 20:50:59.528   769   769 I SurfaceFlinger:      Device | 0x771fe2f280 | 0002 | RGBA_8888 |   0.0    0.0 1920.0 1080.0 |    0    0 1080 1920 | Splash Screen com.TeamNA.GiftGame#0
11-09 20:50:59.528   769   769 I SurfaceFlinger:      Device | 0x771ae33100 | 0000 | RGBA_8888 |   0.0    0.0 1080.0 1920.0 |    0    0 1080 1920 | ScreenshotSurface#0
11-09 20:50:59.528   769   769 I SurfaceFlinger: 
11-09 20:50:59.534  1936 11112 D GameManagerService: identifyGamePackage. com.TeamNA.GiftGame
11-09 20:50:59.534  1936 11112 D GamePkgDataHelper: getGamePkgData(). com.TeamNA.GiftGame
11-09 20:50:59.570  2905  2905 D ViewRootImpl@52268cb[DockedStackDivider]: setView = com.android.systemui.stackdivider.DividerView{396a8a8 I.E...... ......I. 0,0-0,0} TM=true MM=false
11-09 20:50:59.572  2905  2905 D ViewRootImpl@89f59eb[DividerButtonsGroup]: dispatchDetachedFromWindow
11-09 20:50:59.572  2905  2905 D InputEventReceiver: channel 'de16429 DividerButtonsGroup (client)' ~ Disposing input event receiver.
11-09 20:50:59.572  2905  2905 D InputEventReceiver: channel 'de16429 DividerButtonsGroup (client)' ~NativeInputEventReceiver.
11-09 20:50:59.573  1936  4728 W AppOps  : Finishing op nesting under-run: uid 10063 pkg com.android.systemui code 70 time=0 duration=0 nesting=0
11-09 20:50:59.593  2905  2905 D ViewRootImpl@f266216[DividerButtonsGroup]: setView = com.android.systemui.stackdivider.DividerButtonsGroup{83ea797 I.E...... ......I. 0,0-0,0} TM=true MM=false
11-09 20:50:59.594  2905  2905 D ImageWallpaper: engine visible:false
11-09 20:50:59.596  2905  2905 D ViewRootImpl@6feec0a[StatusBar]: MSG_RESIZED_REPORT: frame=Rect(0, 0 - 1920, 72) ci=Rect(0, 0 - 0, 0) vi=Rect(0, 0 - 0, 0) or=2
11-09 20:50:59.600  2905  2905 D MetadataParser: onConfigurationChanged()
11-09 20:50:59.601  2905  2905 I MetadataParser: updateMetadataInfo() key = com.sec.android.daemonapp, bInfo = MetadataInfo[pkgName=com.sec.android.daemonapp, dbKey=add_info_com_sec_android_daemonapp, titleRes = 2131100116, title=null], mInfo = MetadataInfo[pkgName=com.sec.android.daemonapp, dbKey=add_info_com_sec_android_daemonapp, titleRes = 2131100116, title=null]
11-09 20:50:59.604  1936  5540 D SecContentProvider: query(), uri = 17 selection = isSettingsChangesAllowed
11-09 20:50:59.605  1936  5540 D SecContentProvider: called from android.uid.systemui:10063
11-09 20:50:59.606  1936  5540 I chatty  : uid=1000(system) Binder:1936_19 identical 1 line
11-09 20:50:59.607  1936  5540 I chatty  : uid=1000(system) Binder:1936_19 identical 1 line
11-09 20:50:59.618  1936  5540 D SecContentProvider: query(), uri = 17 selection = isSettingsChangesAllowed
11-09 20:50:59.619  1936  5540 D SecContentProvider: called from android.uid.systemui:10063
11-09 20:50:59.623  1936  2467 D MdnieScenarioControlService:  packageName : com.TeamNA.GiftGame    className : com.epicgames.ue4.SplashActivity
11-09 20:50:59.623  1936  2467 V MdnieScenarioControlService: setUIMode from UI function(3)
11-09 20:50:59.627  2905  2905 I NotificationShelf: show backgroud: :false
11-09 20:50:59.628  2905  2905 D KeyguardUpdateMonitor: received broadcast android.intent.action.CONFIGURATION_CHANGED
11-09 20:50:59.667  1936  2742 V WindowManager: Relayout Window{e0a38a6 u0 StatusBar}: viewVisibility=0 req=1920x72 WM.LayoutParams{(0,0)(fillx72) gr=#30 sim=#10 ty=2000 fl=#81840048 fmt=-3 vsysui=0x600 colorMode=0 naviIconColor=0}
11-09 20:50:59.687  2905  2905 D ViewRootImpl@6feec0a[StatusBar]: Relayout returned: old=[0,0][1920,72] new=[0,0][1920,72] result=0x23 surface={valid=true 511885938688} changed=false
11-09 20:50:59.698  2905  3298 D OpenGLRenderer: eglDestroySurface = 0x772efaae40
11-09 20:50:59.702  2905  2905 D ScrollView:  onsize change changed 
11-09 20:50:59.709  2905  3298 D OpenGLRenderer: eglCreateWindowSurface = 0x772efaae40
11-09 20:50:59.727  1936  2742 V WindowManager: finishDrawingLocked: mDrawState=COMMIT_DRAW_PENDING Window{e0a38a6 u0 StatusBar} in Surface(name=StatusBar)
11-09 20:50:59.728  2905  2905 D ViewRootImpl@471361d[AssistPreviewPanel]: dispatchAttachedToWindow
11-09 20:50:59.736  1936  2742 V WindowManager: Relayout Window{27e7f5a u0 AssistPreviewPanel}: viewVisibility=8 req=1920x750 WM.LayoutParams{(0,0)(fillx750) gr=#800053 sim=#31 ty=2033 fl=#1000118 fmt=-3 vsysui=0x700 colorMode=0 naviIconColor=0}
11-09 20:50:59.744  2905  2905 D ViewRootImpl@471361d[AssistPreviewPanel]: Relayout returned: old=[0,0][0,0] new=[0,1080][1920,1080] result=0x1 surface={valid=false 0} changed=false
11-09 20:50:59.750  2905  2905 D ViewRootImpl@52268cb[DockedStackDivider]: dispatchAttachedToWindow
11-09 20:50:59.751  1936  2742 V WindowManager: Relayout Window{a153726 u0 DockedStackDivider}: viewVisibility=4 req=144x1008 WM.LayoutParams{(0,0)(144xfill) sim=#20 ty=2034 fl=#21840028 pfl=0x40 fmt=-3 vsysui=0x700 colorMode=0 naviIconColor=0}
11-09 20:50:59.759  2905  2905 D ViewRootImpl@52268cb[DockedStackDivider]: Relayout returned: old=[0,0][0,0] new=[0,0][0,0] result=0x1 surface={valid=false 0} changed=false
11-09 20:50:59.775  2905  2905 D ViewRootImpl@f266216[DividerButtonsGroup]: dispatchAttachedToWindow
11-09 20:50:59.776  1936  2742 V WindowManager: Relayout Window{a120dbd u0 DividerButtonsGroup}: viewVisibility=4 req=150x525 WM.LayoutParams{(0,0)(150x525) sim=#20 ty=2302 fl=#1040020 fmt=-3 vsysui=0x700 surfaceInsets=Rect(36, 36 - 36, 36) colorMode=0 naviIconColor=0}
11-09 20:50:59.789  2905  2905 D ViewRootImpl@f266216[DividerButtonsGroup]: Relayout returned: old=[0,0][0,0] new=[0,0][0,0] result=0x1 surface={valid=false 0} changed=false
11-09 20:50:59.791  2905  2905 D ViewRootImpl@5fc7418[AssistPreviewPanel]: dispatchDetachedFromWindow
11-09 20:50:59.791  2905  2905 D InputEventReceiver: channel '88ae144 AssistPreviewPanel (client)' ~ Disposing input event receiver.
11-09 20:50:59.791  2905  2905 D InputEventReceiver: channel '88ae144 AssistPreviewPanel (client)' ~NativeInputEventReceiver.
11-09 20:50:59.792  1936  5540 W AppOps  : Finishing op nesting under-run: uid 10063 pkg com.android.systemui code 70 time=0 duration=0 nesting=0
11-09 20:50:59.805  2905  2905 D BarTransitions.PhoneStatusBarView: MODE_TRANSPARENT -> MODE_OPAQUE animate=true
11-09 20:50:59.806  1936  5540 D WindowManager: adjustSystemUiVisibilityLw : vis= 0x0
11-09 20:50:59.808  2905  2905 D ViewRootImpl@7376f73[DockedStackDivider]: dispatchDetachedFromWindow
11-09 20:50:59.808  2905  2905 D InputEventReceiver: channel 'cd75cf3 DockedStackDivider (client)' ~ Disposing input event receiver.
11-09 20:50:59.809  2905  2905 D InputEventReceiver: channel 'cd75cf3 DockedStackDivider (client)' ~NativeInputEventReceiver.
11-09 20:50:59.809  1936  5540 W AppOps  : Finishing op nesting under-run: uid 10063 pkg com.android.systemui code 70 time=0 duration=0 nesting=0
11-09 20:50:59.825  1936  2742 D BatteryService: !@BatteryListener : batteryPropertiesChanged!
11-09 20:50:59.825  1936  2742 D BatteryService: level:100, scale:100, status:5, health:2, present:true, voltage: 4262, temperature: 247, technology: Li-ion, AC powered:false, USB powered:true, POGO powered:false, Wireless powered:false, icon:17303851, invalid charger:0, maxChargingCurrent:0, maxChargingVoltage:0, chargeCounter:0
11-09 20:50:59.825  1936  2742 D BatteryService: online:6, current avg:133, charge type:1, power sharing:false, high voltage charger:false, capacity:280000, batterySWSelfDischarging:false, misc_event:0, current_event:0, current_now:-118
11-09 20:50:59.825  1936  1936 D BatteryService: Sending ACTION_BATTERY_CHANGED.
11-09 20:50:59.828  1936  1936 I MotionRecognitionService: Plugged
11-09 20:50:59.828  1936  1936 D MotionRecognitionService:   mCableConnection= 1
11-09 20:50:59.828  1936  1936 D MotionRecognitionService: setPowerConnected : mGripEnabled = false
11-09 20:50:59.828  1936  1936 D SamsungPhoneWindowManager: ACTION_BATTERY_CHANGED - Level :: 100, battStatus :: 5
11-09 20:50:59.832  1936  2132 D UsbDeviceManager: handleMessage -> MSG_UPDATE_CHARGING_STATE = 1
11-09 20:50:59.838  3196  3196 D PhoneApp: PhoneAppBroadcastReceiver onReceive android.intent.action.BATTERY_CHANGED
11-09 20:50:59.838  3196  3196 D TelephonyExtensionManager: lowBatterySound - isLowBatterySoundScheduled: false
11-09 20:50:59.838  3196  3196 D TelephonyExtensionManager: lowBatterySound - isPlayNow: false
11-09 20:50:59.839  3225  3666 D EPDG -- SIM0 [EpdgSubScription]: android.intent.action.BATTERY_CHANGED intent received.
11-09 20:50:59.841  3196  3196 D TelephonyExtensionManager: isSpeakerON - false
11-09 20:50:59.850  3196  3196 D TelephonyExtensionManager: lowBatterySound - batteryStatus: 5
11-09 20:50:59.850  3196  3196 D TelephonyExtensionManager: lowBatterySound - batteryLevel: 100
11-09 20:50:59.850  3196  3196 D TelephonyExtensionManager: lowBatterySound - cancel
11-09 20:50:59.851  1936  5540 D SamsungAlarmManager: Cancel Alarm calling from uid:1001 pid :3196 / op:PendingIntent{70d9fb2: PendingIntentRecord{7e4f8d1 com.android.phone broadcastIntent}}
11-09 20:50:59.851 21322 21322 D charging_screen: Naive charging time: 0 s
11-09 20:50:59.851  3196  3196 D TelephonyExtension: Not stopping low battery tone
11-09 20:50:59.861  2905  3151 D Tile.WifiTile: handleUpdateState enabledChanging
11-09 20:50:59.862  1936  2971 I ActivityManager: START u0 {act=null typ=null flg=0x10000 cmp=ComponentInfo{com.TeamNA.GiftGame/com.epicgames.ue4.GameActivity}} from uid 10536
11-09 20:50:59.862  2905  3664 V SystemUIAnalytics: SAPreference : 1104 / 1
11-09 20:50:59.867  2905  2905 D KeyguardUpdateMonitor: handleConfigurationChanged
11-09 20:50:59.884  2905  3664 V SystemUIAnalytics: SAPreference : 1105 / 1
11-09 20:50:59.886  2905  3151 D Tile.RotationLockTile:  handleUpdateState: false orientation = true
11-09 20:50:59.886  2905  3151 D Tile.BluetoothTile: handleUpdateState enabled = false connected = false bluetoothState = 10
11-09 20:50:59.886  2905  2905 D ViewRootImpl@6feec0a[StatusBar]: MSG_RESIZED_REPORT: frame=Rect(0, 0 - 1920, 72) ci=Rect(0, 0 - 0, 0) vi=Rect(0, 0 - 0, 0) or=2
11-09 20:50:59.887  2905  3664 V SystemUIAnalytics: SAPreference : 1107 / 1
11-09 20:50:59.887  1936  5540 D ActivityManager: isScaleDownAnimationEnabled() : false
11-09 20:50:59.887  2905  3664 V SystemUIAnalytics: SAPreference : 1106 / 0
11-09 20:50:59.889  2905  3151 D Tile.AirplaneModeTile: # of NON-poweroff( in servicestate) : 1
11-09 20:50:59.889  2905  3151 D Tile.AirplaneModeTile:  handleUpdateState:  value false  state.dim false
11-09 20:50:59.890  1936  5540 D PersonaManagerService: Current focused persona service handled id set to : 0
11-09 20:50:59.890  1936  5540 D InputDispatcher: Focused application set to: xxxx
11-09 20:50:59.892  2905  2905 D KeyguardUpdateMonitor: received broadcast android.intent.action.BATTERY_CHANGED
11-09 20:50:59.892  1936  5540 D MARsPolicyManager: onPackageResumedFG pkgName = com.TeamNA.GiftGame, userId = 0
11-09 20:50:59.892  2905  2905 D BatteryController: onReceive-ACTION_BATTERY_CHANGED : mLevel=100, mBatteryStatus=5
11-09 20:50:59.893  1936  2781 D GameManagerService: handleForegroundChange(). pkgName: com.TeamNA.GiftGame, clsName: com.epicgames.ue4.GameActivity,FgActivityName:com.TeamNA.GiftGame/com.epicgames.ue4.GameActivity
11-09 20:50:59.893  1936  2781 D GameManagerService:   handleForegroundChange(). same package with Prev KILL_YOURSELF. ignore
11-09 20:50:59.893  2905  3664 V SystemUIAnalytics: SAPreference : 2014 / 0
11-09 20:50:59.895  2905  2905 D PowerUI : priorPlugType = 2 mPlugType =  2
11-09 20:50:59.900   769   769 I SurfaceFlinger: Display 0 HWC layers:
11-09 20:50:59.900   769   769 I SurfaceFlinger:     type    |    handle    | flag |  format   |   source crop (l,t,r,b)    |         frame       | name 
11-09 20:50:59.900   769   769 I SurfaceFlinger: ------------+--------------+------+-----------+----------------------------+---------------------+------
11-09 20:50:59.900   769   769 I SurfaceFlinger:      Device | 0x771ae33100 | 0000 | RGBA_8888 |   0.0    0.0 1080.0 1920.0 |    0    0 1080 1920 | ScreenshotSurface#0
11-09 20:50:59.900   769   769 I SurfaceFlinger: 
11-09 20:50:59.903  1936  2389 D ViewRootImpl@1bba6e4[GiftGame]: MSG_RESIZED_REPORT: frame=Rect(0, 0 - 1920, 1080) ci=Rect(0, 0 - 0, 0) vi=Rect(0, 0 - 0, 0) or=1
11-09 20:50:59.904  1936  2421 D SamsungAlarmManager: Expired : 8
11-09 20:50:59.904  1936  2421 I SamsungAlarmManager: setLocked to kernel - T:3 / 20181109T205100, SetElapsed=745067937, nowELAPSED=745067841
11-09 20:50:59.905  1936  2421 V SamsungAlarmManager: Sending to uid : 10068 action=null alarm=Alarm{5c5b45f type 3 when 745067841 com.asurion.android.verizon.vms}
11-09 20:50:59.909  2905  3151 D Tile.HotspotTile: handleUpdateState :  = false
11-09 20:50:59.910  2905  3664 V SystemUIAnalytics: SAPreference : 2020 / 0
11-09 20:50:59.913  1936  2389 V WindowManager: finishDrawingLocked: mDrawState=COMMIT_DRAW_PENDING Window{217b74d u0 Splash Screen com.TeamNA.GiftGame} in Surface(name=Splash Screen com.TeamNA.GiftGame)
11-09 20:50:59.918  1936  2389 I WindowManager: Screen frozen for +729ms due to Window{217b74d u0 Splash Screen com.TeamNA.GiftGame}
11-09 20:50:59.919  2905  3664 V SystemUIAnalytics: SAPreference : 2041 / 0
11-09 20:50:59.920   769   769 I SurfaceFlinger: id=4634 createSurf (2160x1920),-1 flag=20004, BlackSurface#0
11-09 20:50:59.923   769   769 I SurfaceFlinger: id=4635 createSurf (1080x3840),-1 flag=20004, BlackSurface#0
11-09 20:50:59.924   769   769 I SurfaceFlinger: id=4636 createSurf (2160x1920),-1 flag=20004, BlackSurface#0
11-09 20:50:59.925  5567  5567 W linker  : /data/app/com.TeamNA.GiftGame-ZV83kcqcRBX2nz9jDTBiMA==/lib/arm/libOVRPlugin.so: is missing DT_SONAME will use basename as a replacement: "libOVRPlugin.so"
11-09 20:50:59.926   769   769 I SurfaceFlinger: id=4637 createSurf (1080x3840),-1 flag=20004, BlackSurface#0
11-09 20:50:59.927  5567  5567 D OVRPlugin: JNI_OnLoad
11-09 20:50:59.928  1936  2389 D InputDispatcher: setInputDispatchMode: enabled=1, frozen=0
11-09 20:50:59.937   718  1217 D audio_hw_primary: adev_set_parameters: enter: display_rotation=1
11-09 20:50:59.937  1936  2971 D SamsungAlarmManager: setExact Intent (T:3/F:5/AC:false) 20181109T205104 - CU:10068/CP:24848
11-09 20:50:59.937   718  1217 V msm8974_platform: platform_set_parameters: enter: display_rotation=1
11-09 20:50:59.937   718  1217 V msm8974_platform: platform_set_parameters: exit with code(0)
11-09 20:50:59.937   718  1217 V audio_hw_sec: factory_set_parameters: enter: display_rotation=1
11-09 20:50:59.937   718  1217 E soundtrigger: audio_extn_sound_trigger_set_parameters: str_params NULL
11-09 20:50:59.939  1062  1338 V MultiRecordManager: setParameters(): io 0, keyvalue display_rotation=1, calling pid 1936
11-09 20:50:59.967   769   769 I SurfaceFlinger: Display 0 HWC layers:
11-09 20:50:59.967   769   769 I SurfaceFlinger:     type    |    handle    | flag |  format   |   source crop (l,t,r,b)    |         frame       | name 
11-09 20:50:59.967   769   769 I SurfaceFlinger: ------------+--------------+------+-----------+----------------------------+---------------------+------
11-09 20:50:59.967   769   769 I SurfaceFlinger:      Client | 0x771ae33100 | 0000 | RGBA_8888 |   0.0    0.0 1080.0 1920.0 |    0    0 1080 1920 | ScreenshotSurface#0
11-09 20:50:59.967   769   769 I SurfaceFlinger:      Client |              | 0000 |  Unknown  |  -0.4   -0.9   -0.9   -1.0 |    0    0 1080  291 | BlackSurface#0
11-09 20:50:59.967   769   769 I SurfaceFlinger:      Client |              | 0000 |  Unknown  |  -0.9   -0.0   -1.0   -0.6 |    0    0  201 1920 | BlackSurface#0
11-09 20:50:59.967   769   769 I SurfaceFlinger:      Client |              | 0000 |  Unknown  |  -0.1    0.0   -0.6   -0.1 |    0 1629 1080 1920 | BlackSurface#0
11-09 20:50:59.967   769   769 I SurfaceFlinger:      Client |              | 0000 |  Unknown  |   0.0   -0.4   -0.1   -1.0 |  879    0 1080 1920 | BlackSurface#0
11-09 20:50:59.967   769   769 I SurfaceFlinger: 
11-09 20:50:59.984  5567  5567 D UE4     : Used memory before allocating anything was 175.73MB
11-09 20:51:00.000  1936  2421 D SamsungAlarmManager: Expired : 8
11-09 20:51:00.000  1936  2421 I SamsungAlarmManager: setLocked to kernel - T:3 / 20181109T205100, SetElapsed=745068315, nowELAPSED=745067937
11-09 20:51:00.000  1936  2421 V SamsungAlarmManager: Sending to uid : 1000 action=android.intent.action.TIME_TICK alarm=Alarm{e5bd5f1 type 3 when 745067937 android}
11-09 20:51:00.003  1936  1936 D SamsungAlarmManager: setExact Intent (T:3/F:1/AC:false) 20181109T205200 - CU:1000/CP:1936
11-09 20:51:00.004  2905  3047 D KeyguardUpdateMonitor: received broadcast android.intent.action.TIME_TICK
11-09 20:51:00.008  2905 27376 D SystemServicesProxy: updateOverviewLastStackActiveTimeAsync: newTime=1541818259891
11-09 20:51:00.009  1936  5540 D SecContentProvider: query(), uri = 17 selection = isSettingsChangesAllowed
11-09 20:51:00.009  1936  5540 D SecContentProvider: called from android.uid.systemui:10063
11-09 20:51:00.010  2905  3060 D SystemServicesProxy: updateOverviewLastStackActiveTimeAsync: done.
11-09 20:51:00.018  2905 27376 D skia    : approximate: numPoints=3, lengths[0]=0.000000, totalLength=1.542925, segmentPoints[0]=[0.000000,1.000000]
11-09 20:51:00.019  2905 27376 D skia    : approximate: approximation[0]=0.000000, approximation[1]=0.000000, approximation[2]=1.000000
11-09 20:51:00.019  2905 27376 D skia    : approximate: numPoints=3, lengths[2]=1.542925, totalLength=1.542925, segmentPoints[2]=[1.000000,0.000000]
11-09 20:51:00.019  2905 27376 D skia    : approximate: approximation[6]=1.000000, approximation[7]=1.000000, approximation[8]=0.000000
11-09 20:51:00.019  2905 27376 D skia    : approximate: numPoints=4, lengths[0]=0.000000, totalLength=1.529557, segmentPoints[0]=[0.000000,1.000000]
11-09 20:51:00.019  2905 27376 D skia    : approximate: approximation[0]=0.000000, approximation[1]=0.000000, approximation[2]=1.000000
11-09 20:51:00.019  2905 27376 D skia    : approximate: numPoints=4, lengths[3]=1.529557, totalLength=1.529557, segmentPoints[3]=[1.000000,0.000000]
11-09 20:51:00.019  2905 27376 D skia    : approximate: approximation[9]=1.000000, approximation[10]=1.000000, approximation[11]=0.000000
11-09 20:51:00.019  2905 27376 D skia    : approximate: numPoints=19, lengths[0]=0.000000, totalLength=1.115446, segmentPoints[0]=[0.000000,0.250000]
11-09 20:51:00.019  2905 27376 D skia    : approximate: approximation[0]=0.000000, approximation[1]=0.000000, approximation[2]=0.250000
11-09 20:51:00.019  2905 27376 D skia    : approximate: numPoints=19, lengths[18]=1.115446, totalLength=1.115446, segmentPoints[18]=[1.000000,0.150000]
11-09 20:51:00.019  2905 27376 D skia    : approximate: approximation[54]=1.000000, approximation[55]=1.000000, approximation[56]=0.150000
11-09 20:51:00.019  2905 27376 D skia    : approximate: numPoints=4, lengths[0]=0.000000, totalLength=1.162570, segmentPoints[0]=[0.000000,0.250000]
11-09 20:51:00.019  2905 27376 D skia    : approximate: approximation[0]=0.000000, approximation[1]=0.000000, approximation[2]=0.250000
11-09 20:51:00.019  2905 27376 D skia    : approximate: numPoints=4, lengths[3]=1.162570, totalLength=1.162570, segmentPoints[3]=[1.000000,0.250000]
11-09 20:51:00.019  2905 27376 D skia    : approximate: approximation[9]=1.000000, approximation[10]=1.000000, approximation[11]=0.250000
11-09 20:51:00.019  2905  2905 D KeyguardServiceBoxContainer: refreshTime() 1
11-09 20:51:00.257  5567  5567 D UE4     : In the JNI_OnLoad function
11-09 20:51:00.258  5567  5567 D UE4     : [JNI] - Failed to determine if app purchasing is enabled!
