10-30 22:55:12.719 27008 27039 D UE4     : Entering event processing thread engine entry point
10-30 22:55:12.719 27008 27039 D UE4     : Prepared looper for event thread
10-30 22:55:12.719 27008 27039 D UE4     : Passed callback initialization
10-30 22:55:12.719 27008 27039 D UE4     : Passed sensor initialization
10-30 22:55:12.721 27008 27038 D UE4     : Controller interface supported
10-30 22:55:12.761 27008 27040 D OpenGLRenderer: HWUI GL Pipeline
10-30 22:55:12.771 27008 27008 D ViewRootImpl@6d19ca8[GameActivity]: setView = DecorView@6eb13c1[] TM=true MM=false
10-30 22:55:12.774 27008 27008 D PermissionFragment: Creating PlayGamesFragment
10-30 22:55:12.778   772   772 I SurfaceFlinger: Display 0 HWC layers:
10-30 22:55:12.778   772   772 I SurfaceFlinger:     type    |    handle    | flag |  format   |   source crop (l,t,r,b)    |         frame       | name 
10-30 22:55:12.778   772   772 I SurfaceFlinger: ------------+--------------+------+-----------+----------------------------+---------------------+------
10-30 22:55:12.778   772   772 I SurfaceFlinger:      Client | 0x7dd43c3680 | 0000 | RGBA_8888 |   0.0    0.0 1080.0 1920.0 |    0    0 1080 1920 | ScreenshotSurface#0
10-30 22:55:12.778   772   772 I SurfaceFlinger: 
10-30 22:55:12.783  1417  6647 I ActivityManager: START u0 {act=android.content.pm.action.REQUEST_PERMISSIONS typ=null flg=0x0 cmp=ComponentInfo{com.google.android.packageinstaller/com.android.packageinstaller.permission.ui.GrantPermissionsActivity}} from uid 10535
10-30 22:55:12.783  1417  6647 W ActivityManager: REQUEST_PERMISSIONS Action.
10-30 22:55:12.787   733   760 E ANDR-PERF-MPCTL: Invalid profile no. 0, total profiles 0 only
10-30 22:55:12.787  1417  6647 D CustomFrequencyManagerService: releaseDVFSLockLocked : Getting Lock type frm List : DVFS_MIN_LIMIT  frequency : 1555200  uid : 1000  pid : 1417  tag : AMS_APP_SWITCH@CPU_MIN@65
10-30 22:55:12.787  1417  6647 D CustomFrequencyManagerService: acquireDVFSLockLocked : type : DVFS_MIN_LIMIT  frequency : 1555200  uid : 1000  pid : 1417  pkgName : AMS_APP_SWITCH@CPU_MIN@65
10-30 22:55:12.787  1417  6647 D ActivityManagerPerformance: AMP_acquire() APP_SWITCH
10-30 22:55:12.787  1417  3898 D ActivityManagerPerformance: Received MSG_CFMS_HINT_AMS_SWITCH pkgName: com.google.android.packageinstaller
10-30 22:55:12.799 27008 27008 D UE4     : Vulkan version: 1.0.3
10-30 22:55:12.799 27008 27008 D UE4     : Vulkan level: 0
10-30 22:55:12.802 27008 27008 D UE4     : Found DepthBufferPreference = 0
10-30 22:55:12.802 27008 27008 D UE4     : Found bPackageDataInsideApk = 0
10-30 22:55:12.802 27008 27008 D UE4     : Found ProjectName = GiftGame
10-30 22:55:12.802 27008 27008 D UE4     : Found AppType = 
10-30 22:55:12.802 27008 27008 D UE4     : Found bHasOBBFiles = 0
10-30 22:55:12.802 27008 27008 D UE4     : Found bVerifyOBBOnStartUp = false
10-30 22:55:12.802 27008 27008 D UE4     : UI hiding set to true
10-30 22:55:12.802 27008 27008 D UE4     : BuildConfiguration set to Development
10-30 22:55:12.802 27008 27008 D UE4     : UseExternalFilesDir set to false
10-30 22:55:12.803 27008 27008 D UE4     : AllowIMU set to true
10-30 22:55:12.803 27008 27008 D UE4     : No GearVR mode detected.
10-30 22:55:12.803 27008 27008 D UE4     : APK path: /data/app/com.TeamNA.GiftGame-iJEZkrWUwRgkfM2IpwYwRA==/base.apk
10-30 22:55:12.803 27008 27008 D UE4     : OBB in APK: false
10-30 22:55:12.805  1417  5327 W StorageManager: getStorageLowBytes lowPercent : 5, lowBytes : 1225677414, maxLowBytes : 524288000
10-30 22:55:12.806 27008 27008 D UE4     : InternalFilePath found as '/data/user/0/com.TeamNA.GiftGame/files'
10-30 22:55:12.806 27008 27008 D UE4     : ExternalFilePath found as '/storage/emulated/0/Android/data/com.TeamNA.GiftGame/files'
10-30 22:55:12.806 27008 27008 D UE4     : App is running in Landscape
10-30 22:55:12.807 27008 27008 D UE4     : Android version is 8.0.0
10-30 22:55:12.807 27008 27008 D UE4     : Android manufacturer is samsung
10-30 22:55:12.807 27008 27008 D UE4     : Android model is SM-G930V
10-30 22:55:12.807 27008 27008 D UE4     : OS language is set to en_US
10-30 22:55:12.807 27008 27008 D UE4     : Debugger attached is false
10-30 22:55:12.841   772   842 I SurfaceFlinger: id=12498 Removed ScreenshotSurface#0 (4/8)
10-30 22:55:12.842   772  3147 I SurfaceFlinger: id=12499 Removed BlackSurface#0 (4/7)
10-30 22:55:12.842   772   842 I SurfaceFlinger: id=12498 Removed ScreenshotSurface#0 (-2/7)
10-30 22:55:12.842   772   772 D SurfaceFlinger: postFramebuffer : visible layers are empty!!
10-30 22:55:12.843   772   842 I SurfaceFlinger: id=12499 Removed BlackSurface#0 (-2/7)
10-30 22:55:12.843   772   840 I SurfaceFlinger: id=12500 Removed BlackSurface#0 (4/6)
10-30 22:55:12.843   772  3147 I SurfaceFlinger: id=12500 Removed BlackSurface#0 (-2/6)
10-30 22:55:12.843   772   842 I SurfaceFlinger: id=12501 Removed BlackSurface#0 (4/5)
10-30 22:55:12.844   772   842 I SurfaceFlinger: id=12501 Removed BlackSurface#0 (-2/5)
10-30 22:55:12.844   772  3147 I SurfaceFlinger: id=12502 Removed BlackSurface#0 (4/4)
10-30 22:55:12.845   772  3147 I SurfaceFlinger: id=12502 Removed BlackSurface#0 (-2/4)
10-30 22:55:12.848  1417  2412 V WindowManager: rotationForOrientationLw(orient=0, last=1); user=0 USER_ROTATION_LOCKED sensorRotation=-1 mLidState=-1 mDockMode=0 mHdmiPlugged=false
10-30 22:55:12.858   772   772 I Layer   : id=12501 onRemoved BlackSurface#0 
10-30 22:55:12.858   772   772 I Layer   : id=12498 onRemoved ScreenshotSurface#0 
10-30 22:55:12.858   772   772 I Layer   : id=12499 onRemoved BlackSurface#0 
10-30 22:55:12.858   772   772 I Layer   : id=12500 onRemoved BlackSurface#0 
10-30 22:55:12.858   772   772 I Layer   : id=12502 onRemoved BlackSurface#0 
10-30 22:55:12.861   772   772 D SurfaceFlinger: postFramebuffer : visible layers are empty!!
10-30 22:55:12.864 27008 27008 W PopupManager: You have not specified a View to use as content view for popups. Falling back to the Activity content view. Note that this may not work as expected in multi-screen environments
10-30 22:55:12.877 27008 27008 D UE4     : ==============> GameActive.onCreate complete!
10-30 22:55:12.878 27008 27008 V threaded_app: Start: 0xd812ba80
10-30 22:55:12.878 27008 27039 V threaded_app: activityState=10
10-30 22:55:12.878 27008 27008 D UE4     : Creating console command broadcast listener
10-30 22:55:12.878 27008 27039 D UE4     : LogAndroidEvents: EnqueueAppEvent : 9, 0, tid = 27039
10-30 22:55:12.880 27008 27008 D UE4     : ==================================> Inside onStart function in GameActivity
10-30 22:55:12.884 27008 27008 V threaded_app: Resume: 0xd812ba80
10-30 22:55:12.884 27008 27039 V threaded_app: activityState=11
10-30 22:55:12.884 27008 27039 D UE4     : Case APP_CMD_RESUME
10-30 22:55:12.884 27008 27008 D UE4     : Registering sensor listeners
10-30 22:55:12.884 27008 27039 D UE4     : LogAndroidEvents: EnqueueAppEvent : 7, 0, tid = 27039
10-30 22:55:12.885  1417  5327 I SensorService: createSensorEventConnection package name com.epicgames.ue4.GameActivity
10-30 22:55:12.886  1417  5327 D SensorService: Calling batch handle==1 flags=0 rate=20000000 timeout== 0
10-30 22:55:12.886   726  2415 I qti_sensors_hal: batch:sensor(android.sensor.accelerometer) handle:1 flags:0x0 period_ns 20000000
10-30 22:55:12.886   726  2415 I qti_sensors_hal: batch: current sample rate, report rate & buffering are equal to requested (50.000000,0.000000,0)
10-30 22:55:12.887   726  2415 I qti_sensors_hal: SMGRReportAdd:sensor(android.sensor.accelerometer) handle=1, sample_rate=50.000000 report_rate=0 buffer=0
10-30 22:55:12.889 27008 27008 D SensorManager: registerListener :: 1, K6DS3TR Accelerometer, 20000, 0,  
10-30 22:55:12.890  1417  5327 D SensorService: Calling batch handle==3 flags=0 rate=20000000 timeout== 0
10-30 22:55:12.890   726  2415 I qti_sensors_hal: batch:sensor(android.sensor.magnetic_field) handle:11 flags:0x0 period_ns 20000000
10-30 22:55:12.890   726  2415 I qti_sensors_hal: batch: current sample rate, report rate & buffering are equal to requested (50.000000,0.000000,0)
10-30 22:55:12.891   726  2415 I qti_sensors_hal: SMGRReportAdd:sensor(android.sensor.magnetic_field) handle=11, sample_rate=50.000000 report_rate=0 buffer=0
10-30 22:55:12.892 27008 27008 D SensorManager: registerListener :: 3, AK09911C Magnetometer, 20000, 0,  
10-30 22:55:12.893  1417  5327 D SensorService: Calling batch handle==5 flags=0 rate=20000000 timeout== 0
10-30 22:55:12.893   726  2415 I qti_sensors_hal: batch:sensor(android.sensor.gyroscope) handle:3 flags:0x0 period_ns 20000000
10-30 22:55:12.893   726  2415 I qti_sensors_hal: batch: current sample rate, report rate & buffering are equal to requested (50.000000,0.000000,0)
10-30 22:55:12.894   726  2415 I qti_sensors_hal: SMGRReportAdd:sensor(android.sensor.gyroscope) handle=3, sample_rate=50.000000 report_rate=0 buffer=0
10-30 22:55:12.896 27008 27008 D SensorManager: registerListener :: 5, K6DS3TR Gyroscope, 20000, 0,  
10-30 22:55:12.896 27008 27008 D UE4     : App is running in Landscape
10-30 22:55:12.896 27008 27008 D UE4     : === Restoring Transparent Bars ===
10-30 22:55:12.896 27008 27008 D UE4     : ==============> Resuming main init
10-30 22:55:12.897   726   878 I qti_sensors_hal: processReportInd: Accel - X: 2.240 Y: 0.385 Z: 9.423
10-30 22:55:12.898  2749  2749 E adbd    : recv: OPEN 000085d1 00000000 0009:74 63 70 3A 36 36 36 36 00 
10-30 22:55:12.898  2749  2749 E adbd    : service_to_fd: tcp:6666
10-30 22:55:12.899  1146  1555 D DnsProxyListener: DNSDBG::dns addrinfo af 2
10-30 22:55:12.901  2749  2749 E adbd    : failed to connect to socket 'tcp:6666': Connection refused
10-30 22:55:12.905   726   878 I qti_sensors_hal: processReportInd: Cal Mag Filter, 0, 0, 0.000000, 0.000000, 0.000000, 0.000000, 0.000000, 0.000000, -8.740234, -19.169617, -39.489746
10-30 22:55:12.906 27008 27038 D UE4     : APK Commandline: ../../../GiftGame/GiftGame.uproject  /Game/Maps/MainGame -Messaging -SessionId=AD099EB34C5D0BAA6482A18EE64DDB32 -SessionOwner="DSU" -SessionName="Launch On Device" -iterative
10-30 22:55:12.907 27008 27038 D UE4     : Override Commandline: ../../../GiftGame/GiftGame.uproject  /Game/Maps/MainGame -Messaging -SessionId=AD099EB34C5D0BAA6482A18EE64DDB32 -SessionOwner="DSU" -SessionName="Launch On Device" -iterative
10-30 22:55:12.907 27008 27038 D UE4     : Final commandline: ../../../GiftGame/GiftGame.uproject  /Game/Maps/MainGame -Messaging -SessionId=AD099EB34C5D0BAA6482A18EE64DDB32 -SessionOwner="DSU" -SessionName="Launch On Device" -iterative
10-30 22:55:12.907 27008 27038 D UE4     : Created sync event
10-30 22:55:12.907 27008 27008 D UE4     : ==============> GameActive.onResume complete!
10-30 22:55:12.917 27008 27008 V threaded_app: InputQueueCreated: 0xd812ba80 -- 0xd812c0c0
10-30 22:55:12.917 27008 27039 V threaded_app: APP_CMD_INPUT_CHANGED
10-30 22:55:12.917 27008 27039 V threaded_app: Attaching input queue to looper
10-30 22:55:12.918 27008 27008 D ViewRootImpl@ba0b995[GameActivity]: setView = DecorView@a389aaa[GameActivity] TM=true MM=false
10-30 22:55:12.922  1417  6647 D ActivityManager: post active user change for 0 fullscreen true isHomeActivity() false
10-30 22:55:12.926 27008 27008 D ViewRootImpl@6d19ca8[GameActivity]: dispatchAttachedToWindow
10-30 22:55:12.928  1417  6647 V WindowManager: Relayout Window{dac9489 u0 com.TeamNA.GiftGame/com.epicgames.ue4.GameActivity}: viewVisibility=0 req=1920x1008 WM.LayoutParams{(0,0)(fillxfill) gr=#11 sim=#120 ty=2 fl=#1810508 wanim=0x1030001 vsysui=0xf06 needsMenuKey=2 colorMode=0 naviIconColor=0}
10-30 22:55:12.929   772   772 I SurfaceFlinger: id=12503 createSurf (1920x1080),1 flag=404, com.TeamNA.GiftGame/com.epicgames.ue4.GameActivity#0
10-30 22:55:12.929  1417  6647 V Surface : sf_framedrop debug : 0x4f4c, game : false, logging : 0
10-30 22:55:12.934   726   878 I qti_sensors_hal: processReportInd: Gyro - X: -0.008 Y: 0.038 Z: 0.015 status: 3
10-30 22:55:12.935 27008 27008 V Surface : sf_framedrop debug : 0x4f4c, game : false, logging : 0
10-30 22:55:12.936 27008 27008 D ViewRootImpl@6d19ca8[GameActivity]: Relayout returned: old=[0,0][0,0] new=[0,0][1920,1080] result=0x7 surface={valid=true 3391086592} changed=true
10-30 22:55:12.937 27008 27040 I Adreno  : QUALCOMM build                   : 1b7798b, I8a9bdcf8d3
10-30 22:55:12.937 27008 27040 I Adreno  : Build Date                       : 03/15/18
10-30 22:55:12.937 27008 27040 I Adreno  : OpenGL ES Shader Compiler Version: EV031.22.00.01
10-30 22:55:12.937 27008 27040 I Adreno  : Local Branch                     : 
10-30 22:55:12.937 27008 27040 I Adreno  : Remote Branch                    : refs/tags/AU_LINUX_ANDROID_LA.UM.6.5.R1.08.00.00.312.043
10-30 22:55:12.937 27008 27040 I Adreno  : Remote Branch                    : NONE
10-30 22:55:12.937 27008 27040 I Adreno  : Reconstruct Branch               : NOTHING
10-30 22:55:12.938 27008 27040 I vndksupport: sphal namespace is not configured for this process. Loading /vendor/lib/hw/gralloc.msm8996.so from the current namespace instead.
10-30 22:55:12.942   772   772 D SurfaceFlinger: postFramebuffer : visible layers are empty!!
10-30 22:55:12.945 27008 27040 I Adreno  : PFP: 0x005ff087, ME: 0x005ff063
10-30 22:55:12.953 27008 27040 I OpenGLRenderer: Initialized EGL, version 1.4
10-30 22:55:12.953 27008 27040 D OpenGLRenderer: Swap behavior 2
10-30 22:55:12.957 27008 27008 V InputMethodManager: Not IME target window, ignoring
10-30 22:55:12.958 27008 27040 D libGLESv1: STS_GLApi : DTS, ODTC are not allowed for Package : com.TeamNA.GiftGame
10-30 22:55:12.959   772   772 D SurfaceFlinger: postFramebuffer : visible layers are empty!!
10-30 22:55:12.960 27008 27040 D OpenGLRenderer: eglCreateWindowSurface = 0xdcfea510
10-30 22:55:12.968 27008 27008 D ViewRootImpl@ba0b995[GameActivity]: dispatchAttachedToWindow
10-30 22:55:12.970  1417  5327 V WindowManager: Relayout Window{a91b4a8 u0 com.TeamNA.GiftGame/com.epicgames.ue4.GameActivity}: viewVisibility=0 req=1920x1008 WM.LayoutParams{(0,0)(fillxfill) sim=#10 ty=1 fl=#1810500 fmt=1 wanim=0x1030001 vsysui=0x1706 sysuil=true needsMenuKey=2 colorMode=0 naviIconColor=0}
10-30 22:55:12.971   772   772 D SurfaceFlinger: duplicate layer name: changing com.TeamNA.GiftGame/com.epicgames.ue4.GameActivity to com.TeamNA.GiftGame/com.epicgames.ue4.GameActivity#1
10-30 22:55:12.972   772   772 I SurfaceFlinger: id=12504 createSurf (1920x1080),1 flag=4, com.TeamNA.GiftGame/com.epicgames.ue4.GameActivity#1
10-30 22:55:12.973  1417  5327 V Surface : sf_framedrop debug : 0x4f4c, game : false, logging : 0
10-30 22:55:12.974  1417  1845 D WindowManager: set systemUiVisibility : systemUiFlags= 0x170e fullscreenStackSysUiFlags= 0x0
10-30 22:55:12.975  2781  2781 D BarTransitions.PhoneStatusBarView: MODE_OPAQUE -> MODE_TRANSPARENT animate=false
10-30 22:55:12.976   772   772 D SurfaceFlinger: postFramebuffer : visible layers are empty!!
10-30 22:55:12.978  1417  5327 D InputDispatcher: Focus entered window: 27008
10-30 22:55:12.979  1417  6647 D WindowManager: adjustSystemUiVisibilityLw : vis= 0x170e
10-30 22:55:12.982 27008 27008 V Surface : sf_framedrop debug : 0x4f4c, game : false, logging : 0
10-30 22:55:12.983 27008 27008 D ViewRootImpl@ba0b995[GameActivity]: Relayout returned: old=[0,0][0,0] new=[0,0][1920,1080] result=0x7 surface={valid=true 3360946176} changed=true
10-30 22:55:12.992   772   772 D SurfaceFlinger: postFramebuffer : visible layers are empty!!
10-30 22:55:12.994 27008 27040 D OpenGLRenderer: eglCreateWindowSurface = 0xdcfea538
10-30 22:55:13.005   772   772 I SurfaceFlinger: id=12505 createSurf (1920x1080),4 flag=404, SurfaceView - com.TeamNA.GiftGame/com.epicgames.ue4.GameActivity@2b5d69b@0#0
10-30 22:55:13.006   772   772 I SurfaceFlinger: id=12506 createSurf (1920x1080),-1 flag=20404, Background for - SurfaceView - com.TeamNA.GiftGame/com.epicgames.ue4.GameActivity@2b5d69b@0#0
10-30 22:55:13.007 27008 27008 D SurfaceView: BG show() Surface(name=Background for - SurfaceView - com.TeamNA.GiftGame/com.epicgames.ue4.GameActivity@2b5d69b@0) android.view.SurfaceView{2b5d69b V.E...... ......ID 0,0-1920,1080}
10-30 22:55:13.008 27008 27008 V Surface : sf_framedrop debug : 0x4f4c, game : false, logging : 0
10-30 22:55:13.008 27008 27008 V Surface : sf_framedrop debug : 0x4f4c, game : false, logging : 0
10-30 22:55:13.009   772   772 D SurfaceFlinger: postFramebuffer : visible layers are empty!!
10-30 22:55:13.009 27008 27008 D SurfaceView: surfaceCreated 1 android.view.SurfaceView{2b5d69b V.E...... ......ID 0,0-1920,1080}
10-30 22:55:13.009 27008 27008 V threaded_app: NativeWindowCreated: 0xd812ba80 -- 0xc83b5808
10-30 22:55:13.009 27008 27039 V threaded_app: APP_CMD_INIT_WINDOW
10-30 22:55:13.009 27008 27039 D UE4     : Case APP_CMD_INIT_WINDOW
10-30 22:55:13.009 27008 27008 D SurfaceView: surfaceChanged (1920,1080) 1 android.view.SurfaceView{2b5d69b V.E...... ......ID 0,0-1920,1080}
10-30 22:55:13.009 27008 27039 D UE4     : LogAndroidEvents: EnqueueAppEvent : 0, 3359332360, tid = 27039
10-30 22:55:13.016 27008 27008 V threaded_app: Pause: 0xd812ba80
10-30 22:55:13.016 27008 27039 V threaded_app: activityState=13
10-30 22:55:13.016 27008 27039 D UE4     : Case APP_CMD_PAUSE
10-30 22:55:13.016 27008 27008 D UE4     : Unregistering sensor listeners
10-30 22:55:13.016 27008 27039 D UE4     : LogAndroidEvents: EnqueueAppEvent : 6, 0, tid = 27039
10-30 22:55:13.017  1417  6647 D SensorService: Calling activate off 1
10-30 22:55:13.019  1417  5327 D SensorService: Calling activate off 3
10-30 22:55:13.024  1417  5327 D SensorService: Calling activate off 5
10-30 22:55:13.027 27008 27008 D SensorManager: unregisterListener ::   
10-30 22:55:13.027 27008 27008 D UE4     : ==============> GameActive.onPause complete!
10-30 22:55:13.028  1417  6647 D ActivityManager: isScaleDownAnimationEnabled() : false
10-30 22:55:13.033  1417  6647 D PersonaManagerService: Current focused persona service handled id set to : 0
10-30 22:55:13.033  1417  6647 D InputDispatcher: Focused application set to: xxxx
10-30 22:55:13.034  1417  6647 D InputDispatcher: Focus left window: 27008
10-30 22:55:13.036  1417  6647 D MARsPolicyManager: onPackageResumedFG pkgName = com.google.android.packageinstaller, userId = 0
10-30 22:55:13.036  1417  2642 D GameManagerService: handleForegroundChange(). pkgName: com.google.android.packageinstaller, clsName: com.android.packageinstaller.permission.ui.GrantPermissionsActivity,FgActivityName:com.google.android.packageinstaller/com.android.packageinstaller.permission.ui.GrantPermissionsActivity
10-30 22:55:13.036  1417  2642 D GameManagerService: sem_perfomance_mode: 0
10-30 22:55:13.037  1417  2642 D GameManagerService: notifyResumePause(). pkg: com.google.android.packageinstaller, type: 4, isMinimized: false, isTunableApp: false
10-30 22:55:13.037  1417  2642 D GameManagerService:   notifyResumePause(). do nothing. mKillNotiCount: 3
10-30 22:55:13.042 27008 27008 D ViewRootImpl@6d19ca8[GameActivity]: MSG_RESIZED_REPORT: frame=Rect(0, 0 - 1920, 1080) ci=Rect(0, 0 - 0, 0) vi=Rect(0, 0 - 0, 0) or=2
10-30 22:55:13.043  3089   501 D ForegroundUtils: could not check pending caller
10-30 22:55:13.045  1417  7866 D GamePkgDataHelper: getGamePkgDataIncServer(). com.google.android.packageinstaller
10-30 22:55:13.046  1417  3896 D Dex2oatAdjuster: Before bg size = 0
10-30 22:55:13.046  1417  3896 D Dex2oatAdjuster: After bg size = 0 fg size = 0
10-30 22:55:13.047  1417  7866 D GameManagerService: identifyGamePackage. com.google.android.packageinstaller
10-30 22:55:13.047  1417  7866 D GamePkgDataHelper: getGamePkgData(). com.google.android.packageinstaller
10-30 22:55:13.054  1417  7866 D GameManagerService: identifyGamePackage. com.google.android.packageinstaller
10-30 22:55:13.054  1417  7866 D GamePkgDataHelper: getGamePkgData(). com.google.android.packageinstaller
10-30 22:55:13.059  1042  1457 V APM_AudioPolicyManager: getAudioPolicyConfig: audioParam;outDevice
10-30 22:55:13.059  1042  1457 V APM_AudioPolicyManager: getNewOutputDevice() selected device 0
10-30 22:55:13.059  1042  1457 V APM_AudioPolicyManager: ### curdevice : 2
10-30 22:55:13.060  1042  1457 V APM_AudioPolicyManager: getAudioPolicyConfig: audioParam;outDevice
10-30 22:55:13.060  1042  1457 V APM_AudioPolicyManager: getNewOutputDevice() selected device 0
10-30 22:55:13.060  1042  1457 V APM_AudioPolicyManager: ### curdevice : 2
10-30 22:55:13.060  1042  1457 V APM_AudioPolicyManager: getAudioPolicyConfig: audioParam;outDevice
10-30 22:55:13.060  1042  1457 V APM_AudioPolicyManager: getNewOutputDevice() selected device 0
10-30 22:55:13.060  1042  1457 V APM_AudioPolicyManager: ### curdevice : 2
10-30 22:55:13.069   733   760 E ANDR-PERF-MPCTL: Invalid profile no. 0, total profiles 0 only
10-30 22:55:13.069  1417  6647 D CustomFrequencyManagerService: releaseDVFSLockLocked : Getting Lock type frm List : DVFS_MIN_LIMIT  frequency : 1555200  uid : 1000  pid : 1417  tag : AMS_APP_SWITCH@CPU_MIN@65
10-30 22:55:13.069  1417  6647 D CustomFrequencyManagerService: acquireDVFSLockLocked : type : DVFS_MIN_LIMIT  frequency : 1555200  uid : 1000  pid : 1417  pkgName : AMS_APP_SWITCH@CPU_MIN@65
10-30 22:55:13.069  1417  6647 D ActivityManagerPerformance: AMP_acquire() APP_SWITCH
10-30 22:55:13.069  1417  3898 D ActivityManagerPerformance: Received MSG_CFMS_HINT_AMS_SWITCH pkgName: com.TeamNA.GiftGame
10-30 22:55:13.070  1417  6647 D ActivityManager: isScaleDownAnimationEnabled() : false
10-30 22:55:13.070  1417  6647 D PersonaManagerService: Current focused persona service handled id set to : 0
10-30 22:55:13.070  1417  6647 D InputDispatcher: Focused application set to: xxxx
10-30 22:55:13.071  1417  6647 D InputDispatcher: Focus entered window: 27008
10-30 22:55:13.075   772   772 D SurfaceFlinger: postFramebuffer : visible layers are empty!!
10-30 22:55:13.076  1042  1457 V APM_AudioPolicyManager: getAudioPolicyConfig: audioParam;activeStream
10-30 22:55:13.076  1042  1457 V APM_AudioPolicyManager: ### active stream : 0
10-30 22:55:13.076  1417  7866 D AudioService: active stream is 0x0
10-30 22:55:13.078   813   848 E Sensors : sns_reg.c(279):invalid data len: -978312876 (126)
10-30 22:55:13.079  1417  7866 D GameManagerService: identifyGamePackage. com.google.android.packageinstaller
10-30 22:55:13.079  1417  7866 D GamePkgDataHelper: getGamePkgData(). com.google.android.packageinstaller
10-30 22:55:13.080  1417  7866 D GameManagerService: identifyGamePackage. com.google.android.packageinstaller
10-30 22:55:13.081  1417  7866 D GamePkgDataHelper: getGamePkgData(). com.google.android.packageinstaller
10-30 22:55:13.081  1417  6647 D MARsPolicyManager: onPackageResumedFG pkgName = com.TeamNA.GiftGame, userId = 0
10-30 22:55:13.081  1417  2642 D GameManagerService: handleForegroundChange(). pkgName: com.TeamNA.GiftGame, clsName: com.epicgames.ue4.GameActivity,FgActivityName:com.TeamNA.GiftGame/com.epicgames.ue4.GameActivity
10-30 22:55:13.081  1417  2642 D GameManagerService: sem_perfomance_mode: 0
10-30 22:55:13.081  1417  2642 D GameManagerService: notifyResumePause(). pkg: com.TeamNA.GiftGame, type: 4, isMinimized: false, isTunableApp: false
10-30 22:55:13.081  1417  2642 D GameManagerService:   notifyResumePause(). do nothing. mKillNotiCount: 3
10-30 22:55:13.084 27008 27040 I vndksupport: sphal namespace is not configured for this process. Loading /vendor/lib/hw/gralloc.msm8996.so from the current namespace instead.
10-30 22:55:13.096  1417  6647 V WindowManager: finishDrawingLocked: mDrawState=COMMIT_DRAW_PENDING Window{dac9489 u0 com.TeamNA.GiftGame/com.epicgames.ue4.GameActivity} in Surface(name=com.TeamNA.GiftGame/com.epicgames.ue4.GameActivity)
10-30 22:55:13.101  1417  6647 V WindowManager: Relayout Window{a91b4a8 u0 com.TeamNA.GiftGame/com.epicgames.ue4.GameActivity}: viewVisibility=0 req=1920x1080 WM.LayoutParams{(0,0)(fillxfill) sim=#10 ty=1 fl=#1810500 fmt=1 wanim=0x1030001 vsysui=0x1706 sysuil=true needsMenuKey=2 colorMode=0 naviIconColor=0}
10-30 22:55:13.107 27008 27008 D ViewRootImpl@ba0b995[GameActivity]: Relayout returned: old=[0,0][1920,1080] new=[0,0][1920,1080] result=0x3 surface={valid=true 3360946176} changed=false
10-30 22:55:13.109   772   772 D SurfaceFlinger: postFramebuffer : visible layers are empty!!
10-30 22:55:13.123  1417  6647 V WindowManager: finishDrawingLocked: mDrawState=COMMIT_DRAW_PENDING Window{a91b4a8 u0 com.TeamNA.GiftGame/com.epicgames.ue4.GameActivity} in Surface(name=com.TeamNA.GiftGame/com.epicgames.ue4.GameActivity)
10-30 22:55:13.125 27008 27008 D ViewRootImpl@ba0b995[GameActivity]: MSG_RESIZED_REPORT: frame=Rect(0, 0 - 1920, 1080) ci=Rect(0, 0 - 0, 0) vi=Rect(0, 0 - 0, 0) or=2
10-30 22:55:13.125 27008 27008 D ViewRootImpl@ba0b995[GameActivity]: MSG_WINDOW_FOCUS_CHANGED 1
10-30 22:55:13.126   772   772 D SurfaceFlinger: postFramebuffer : visible layers are empty!!
10-30 22:55:13.135 27008 27008 V threaded_app: WindowFocusChanged: 0xd812ba80 -- 1
10-30 22:55:13.135 27008 27039 D UE4     : LogAndroidEvents: EnqueueAppEvent : 11, 0, tid = 27039
10-30 22:55:13.138   733   760 E ANDR-PERF-MPCTL: Invalid profile no. 0, total profiles 0 only
10-30 22:55:13.138  1417  1887 D CustomFrequencyManagerService: acquireDVFSLockLocked : type : DVFS_MIN_LIMIT  frequency : 1555200  uid : 1000  pid : 1417  pkgName : AMS_RESUME_TAIL@CPU_MIN@71
10-30 22:55:13.138  1417  1887 D ActivityManagerPerformance: AMP_acquire() TAIL
10-30 22:55:13.139  1417  1887 D CustomFrequencyManagerService: releaseDVFSLockLocked : Getting Lock type frm List : DVFS_MIN_LIMIT  frequency : 1555200  uid : 1000  pid : 1417  tag : AMS_APP_SWITCH@CPU_MIN@65
10-30 22:55:13.139  1417  1887 D ActivityManagerPerformance: AMP_release() APP_SWITCH
10-30 22:55:13.143  1417  1845 D WindowManager: set systemUiVisibility : systemUiFlags= 0x1706 fullscreenStackSysUiFlags= 0x0
10-30 22:55:13.144   772   772 I SurfaceFlinger: Display 0 HWC layers:
10-30 22:55:13.144   772   772 I SurfaceFlinger:     type    |    handle    | flag |  format   |   source crop (l,t,r,b)    |         frame       | name 
10-30 22:55:13.144   772   772 I SurfaceFlinger: ------------+--------------+------+-----------+----------------------------+---------------------+------
10-30 22:55:13.144   772   772 I SurfaceFlinger:      Device | 0x7dd40e3900 | 0002 | RGBA_8888 |   0.0    0.0 1080.0 1920.0 |    0    0 1080 1920 | com.TeamNA.GiftGame/com.epicgames.ue4.GameActivity#0
10-30 22:55:13.144   772   772 I SurfaceFlinger: 
10-30 22:55:13.145  2781  2781 D BarTransitions.PhoneStatusBarView: MODE_TRANSPARENT -> MODE_OPAQUE animate=false
10-30 22:55:13.149  1417  6647 D WindowManager: adjustSystemUiVisibilityLw : vis= 0x1706
10-30 22:55:13.153 27008 27008 V InputMethodManager: Starting input: tba=android.view.inputmethod.EditorInfo@13dc580 nm : com.TeamNA.GiftGame ic=null
10-30 22:55:13.153 27008 27008 I InputMethodManager: startInputInner - mService.startInputOrWindowGainedFocus
10-30 22:55:13.153  1417  5327 D InputMethodManagerService: startInputOrWindowGainedFocus : windowGainedFocus 
10-30 22:55:13.154  1417  5327 D InputMethodManagerService: windowGainedFocus: destinationUserId (getCallingUid) = 0
10-30 22:55:13.154  1417  5327 D InputMethodManagerService: windowGainedFocus: currentUserId=0
10-30 22:55:13.154  1417  5327 D InputMethodManagerService: windowGainedFocus: mCurrentFocusedUserId=0
10-30 22:55:13.154  1417  5327 D InputMethodManagerService: windowGainedFocus : lock - currentUserId = 0 destinationUserId = 0
10-30 22:55:13.154  1417  5327 D InputMethodManagerService: windowGainedFocus : mCurrentFocusedUserId - 0 and mSecureKeypadEnabled - false, userSwitched - false
10-30 22:55:13.154  1417  5327 V InputMethodManagerService: windowGainedFocus : reason=WINDOW_FOCUS_GAIN client=android.os.BinderProxy@bbb3e53 inputContext=null missingMethods= attribute=android.view.inputmethod.EditorInfo@fe06243 nm = com.TeamNA.GiftGame controlFlags=#105 softInputMode=#10 windowFlags=#1810500
10-30 22:55:13.154  1417  5327 V InputMethodManagerService: hideCurrentInputLocked : shouldHideSoftInput is false
10-30 22:55:13.154  1417  5327 D InputMethodManagerService: isImeSwitcherDisabledPackage : false
10-30 22:55:13.154  1417  5327 V InputMethodManagerService: Creating new session for client ClientState{34c70c0 uid 10535 pid 27008}
10-30 22:55:13.156 27008 27008 D UE4     : === Restoring Transparent Bars due to Visibility Change ===
10-30 22:55:13.156 27008 27008 D UE4     : === Restoring Transparent Bars ===
10-30 22:55:13.156 27008 27008 D ViewRootImpl@ba0b995[GameActivity]: MSG_WINDOW_FOCUS_CHANGED 0
10-30 22:55:13.156 27008 27008 V threaded_app: WindowFocusChanged: 0xd812ba80 -- 0
10-30 22:55:13.157 27008 27039 D UE4     : LogAndroidEvents: EnqueueAppEvent : 10, 0, tid = 27039
10-30 22:55:13.158  1417  5327 D InputMethodManagerService: setCurrentInputInfo - inputContext : null eidtorInfo : android.view.inputmethod.EditorInfo@fe06243 missingMethods : 0
10-30 22:55:13.162 27008 27008 D ViewRootImpl@ba0b995[GameActivity]: MSG_WINDOW_FOCUS_CHANGED 1
10-30 22:55:13.164 27008 27008 V threaded_app: WindowFocusChanged: 0xd812ba80 -- 1
10-30 22:55:13.164 27008 27039 D UE4     : LogAndroidEvents: EnqueueAppEvent : 11, 0, tid = 27039
10-30 22:55:13.164  2750  2750 I InputMethodWrapper:  call dispatchStartInputWithToken
10-30 22:55:13.164  2750  2750 I InputMethodService: dispatchStartInputWithToken
10-30 22:55:13.164  2750  2750 I SKBD    : SamsungKeypad [IMI] onStartInput - caller pid : 27008, caller uid : 10535
10-30 22:55:13.164  2750  2750 I SKBD    : SamsungKeypad  CACHEDIC onStartInput  isCachedICEnabled:  false
10-30 22:55:13.164  2750  2750 I SKBD    : atl getDefaultInputRange : UNKNOWN
10-30 22:55:13.164  2750  2750 I SKBD    : awo resetBinderManager()
10-30 22:55:13.164  2750  2750 I SKBD_SYNC: SamsungKeypad onStartInput: import DLM
10-30 22:55:13.164  2750  2750 I SKBD    : atl setPrivateImeOptionsToTable privateImeOptions ( null )
10-30 22:55:13.164  2750  2750 I SKBD    : atl imeOptions is null
10-30 22:55:13.165  2750  2750 I SKBD    : SamsungKeypad setExtractTextView  : true
10-30 22:55:13.165  2750  2750 I SKBD    : SamsungKeypad [PF_OP][onStartInput] 976146
10-30 22:55:13.166  2781 19857 D SystemServicesProxy: updateOverviewLastStackActiveTimeAsync: newTime=1540958113074
10-30 22:55:13.166  1417  2418 D InputMethodManagerService: startInputOrWindowGainedFocus : windowGainedFocus 
10-30 22:55:13.166  1417  2418 D InputMethodManagerService: windowGainedFocus: destinationUserId (getCallingUid) = 0
10-30 22:55:13.166  1417  2418 D InputMethodManagerService: windowGainedFocus: currentUserId=0
10-30 22:55:13.166  1417  2418 D InputMethodManagerService: windowGainedFocus: mCurrentFocusedUserId=0
10-30 22:55:13.166  1417  2418 D InputMethodManagerService: windowGainedFocus : lock - currentUserId = 0 destinationUserId = 0
10-30 22:55:13.166  1417  2418 D InputMethodManagerService: windowGainedFocus : mCurrentFocusedUserId - 0 and mSecureKeypadEnabled - false, userSwitched - false
10-30 22:55:13.166  1417  6647 D SecContentProvider: query(), uri = 17 selection = isSettingsChangesAllowed
10-30 22:55:13.166  1417  2418 W InputMethodManagerService: Window already focused, ignoring focus gain of: com.android.internal.view.IInputMethodClient$Stub$Proxy@389d53e attribute=null, token = android.os.BinderProxy@63224cb
10-30 22:55:13.168  1417  6647 D SecContentProvider: called from android.uid.systemui:10063
10-30 22:55:13.168  2781  2896 D SystemServicesProxy: updateOverviewLastStackActiveTimeAsync: done.
10-30 22:55:13.169 27008 27008 V threaded_app: Resume: 0xd812ba80
10-30 22:55:13.169 27008 27039 V threaded_app: activityState=11
10-30 22:55:13.169 27008 27039 D UE4     : Case APP_CMD_RESUME
10-30 22:55:13.169 27008 27039 D UE4     : LogAndroidEvents: EnqueueAppEvent : 7, 0, tid = 27039
10-30 22:55:13.169 27008 27008 D UE4     : Registering sensor listeners
10-30 22:55:13.170  1417  1470 I SensorService: createSensorEventConnection package name com.epicgames.ue4.GameActivity
10-30 22:55:13.172  1417  1470 D SensorService: Calling batch handle==1 flags=0 rate=20000000 timeout== 0
10-30 22:55:13.172   726   726 I qti_sensors_hal: batch:sensor(android.sensor.accelerometer) handle:1 flags:0x0 period_ns 20000000
10-30 22:55:13.172   726   726 I qti_sensors_hal: batch: current sample rate, report rate & buffering are equal to requested (50.000000,0.000000,0)
10-30 22:55:13.174  1417  2497 D MdnieScenarioControlService:  packageName : com.TeamNA.GiftGame    className : com.epicgames.ue4.GameActivity
10-30 22:55:13.174  1417  2497 V MdnieScenarioControlService: setUIMode from UI function(3)
10-30 22:55:13.175   726   726 I qti_sensors_hal: SMGRReportAdd:sensor(android.sensor.accelerometer) handle=1, sample_rate=50.000000 report_rate=0 buffer=0
10-30 22:55:13.177  1417  6647 V WindowManager: Relayout Window{6ed3e1e u0 InputMethod}: viewVisibility=8 req=1920x0 WM.LayoutParams{(0,0)(fillxwrap) gr=#50 sim=#20 ty=2011 fl=#800108 fmt=-2 wanim=0x7f0e00e1 vsysui=0x300 needsMenuKey=2 colorMode=0 naviIconColor=0 sfl=0x800}
10-30 22:55:13.179 27008 27008 D SensorManager: registerListener :: 1, K6DS3TR Accelerometer, 20000, 0,  
10-30 22:55:13.180  1417  1470 D SensorService: Calling batch handle==3 flags=0 rate=20000000 timeout== 0
10-30 22:55:13.180   726   726 I qti_sensors_hal: batch:sensor(android.sensor.magnetic_field) handle:11 flags:0x0 period_ns 20000000
10-30 22:55:13.180   726   726 I qti_sensors_hal: batch: current sample rate, report rate & buffering are equal to requested (50.000000,0.000000,0)
10-30 22:55:13.182   726   726 I qti_sensors_hal: SMGRReportAdd:sensor(android.sensor.magnetic_field) handle=11, sample_rate=50.000000 report_rate=0 buffer=0
10-30 22:55:13.183  2750  2750 D ViewRootImpl@aa24d99[InputMethod]: Relayout returned: old=[0,516][1080,1920] new=[0,516][1080,1920] result=0x1 surface={valid=false 0} changed=false
10-30 22:55:13.183  2750  2750 I SKBD    : putCacheDrawable inputModule=0 key =ICON_SETTING
10-30 22:55:13.186 27008 27008 D SensorManager: registerListener :: 3, AK09911C Magnetometer, 20000, 0,  
10-30 22:55:13.186  1417  6647 D SensorService: Calling batch handle==5 flags=0 rate=20000000 timeout== 0
10-30 22:55:13.187   726   726 I qti_sensors_hal: batch:sensor(android.sensor.gyroscope) handle:3 flags:0x0 period_ns 20000000
10-30 22:55:13.187   726   726 I qti_sensors_hal: batch: current sample rate, report rate & buffering are equal to requested (50.000000,0.000000,0)
10-30 22:55:13.188   726   726 I qti_sensors_hal: SMGRReportAdd:sensor(android.sensor.gyroscope) handle=3, sample_rate=50.000000 report_rate=0 buffer=0
10-30 22:55:13.190 27008 27038 D UE4     : LogICUInternationalization: Display: ICU TimeZone Detection - Raw Offset: -6:00, Platform Override: ''
10-30 22:55:13.190 27008 27038 D UE4     : 
10-30 22:55:13.190 27008 27008 D SensorManager: registerListener :: 5, K6DS3TR Gyroscope, 20000, 0,  
10-30 22:55:13.190 27008 27008 D UE4     : App is running in Landscape
10-30 22:55:13.190 27008 27008 D UE4     : === Restoring Transparent Bars ===
10-30 22:55:13.191 27008 27008 D UE4     : ==============> Resuming main init
10-30 22:55:13.191 27008 27008 D UE4     : ==============> GameActive.onResume complete!
10-30 22:55:13.191   726   878 I qti_sensors_hal: processReportInd: Accel - X: 2.240 Y: 0.385 Z: 9.421
10-30 22:55:13.193  1417  6647 D ActivityManager: post active user change for 0 fullscreen true isHomeActivity() false
10-30 22:55:13.194 27008 27038 D UE4     : EGL Extensions: 
10-30 22:55:13.194 27008 27038 D UE4     : EGL_KHR_get_all_proc_addresses EGL_ANDROID_presentation_time EGL_KHR_swap_buffers_with_damage EGL_ANDROID_get_native_client_buffer EGL_ANDROID_front_buffer_auto_refresh EGL_ANDROID_get_frame_timestamps EGL_KHR_image EGL_KHR_image_base EGL_KHR_lock_surface EGL_KHR_gl_colorspace EGL_KHR_gl_texture_2D_image EGL_KHR_gl_texture_3D_image EGL_KHR_gl_texture_cubemap_image EGL_KHR_gl_renderbuffer_image EGL_KHR_reusable_sync EGL_KHR_fence_sync EGL_KHR_create_context EGL_KHR_surfaceless_context EGL_EXT_create_context_robustness EGL_ANDROID_image_native_buffer EGL_KHR_wait_sync EGL_ANDROID_recordable EGL_KHR_partial_update EGL_EXT_pixel_format_float EGL_KHR_create_context_no_error EGL_KHR_mutable_render_buffer EGL_EXT_yuv_surface EGL_EXT_protected_content EGL_IMG_context_priority EGL_KHR_no_config_context 
10-30 22:55:13.198  1417  6647 V WindowManager: Relayout Window{a91b4a8 u0 com.TeamNA.GiftGame/com.epicgames.ue4.GameActivity}: viewVisibility=0 req=1920x1080 WM.LayoutParams{(0,0)(fillxfill) sim=#110 ty=1 fl=#1810500 fmt=1 wanim=0x1030001 vsysui=0x1706 sysuil=true needsMenuKey=2 colorMode=0 naviIconColor=0}
10-30 22:55:13.199 27008 27038 D UE4     : FAndroidGPUInfo
10-30 22:55:13.199 27008 27038 D UE4     : AndroidEGL::InitSurface 1, 1
10-30 22:55:13.200 27008 27038 D UE4     : AndroidEGL::CreateEGLSurface() 0xbe719730
10-30 22:55:13.200 27008 27038 D UE4     : AndroidEGL::CreateEGLSurface(1), auxSurface = eglCreatePbufferSurface(), 8x8
10-30 22:55:13.201 27008 27038 D UE4     : Vulkan library detected, checking for available driver
10-30 22:55:13.202 27008 27038 I vndksupport: sphal namespace is not configured for this process. Loading /vendor/lib/hw/vulkan.msm8996.so from the current namespace instead.
10-30 22:55:13.204 27008 27008 D ViewRootImpl@ba0b995[GameActivity]: Relayout returned: old=[0,0][1920,1080] new=[0,0][1920,1080] result=0x1 surface={valid=true 3360946176} changed=false
10-30 22:55:13.218 27008 27008 V InputMethodManager: Starting input: tba=android.view.inputmethod.EditorInfo@a7a47b9 nm : com.TeamNA.GiftGame ic=null
10-30 22:55:13.221 27008 27038 D vulkan  : searching for layers in '/data/app/com.TeamNA.GiftGame-iJEZkrWUwRgkfM2IpwYwRA==/lib/arm'
10-30 22:55:13.221 27008 27038 D vulkan  : searching for layers in '/system/fake-libs'
10-30 22:55:13.221 27008 27038 D vulkan  : searching for layers in '/data/app/com.TeamNA.GiftGame-iJEZkrWUwRgkfM2IpwYwRA==/base.apk!/lib/armeabi-v7a'
10-30 22:55:13.222 27008 27038 D vulkan  : vulkan api version_1_0 1.0.0
10-30 22:55:13.222 27008 27038 D vulkan  : vulkan header version 46
10-30 22:55:13.222 27008 27038 I Adreno  : QUALCOMM build          : 1b7798b, I8a9bdcf8d3
10-30 22:55:13.222 27008 27038 I Adreno  : Build Date              : 03/15/18
10-30 22:55:13.222 27008 27038 I Adreno  : Shader Compiler Version : EV031.22.00.01
10-30 22:55:13.222 27008 27038 I Adreno  : Local Branch            : 
10-30 22:55:13.222 27008 27038 I Adreno  : Remote Branch           : refs/tags/AU_LINUX_ANDROID_LA.UM.6.5.R1.08.00.00.312.043
10-30 22:55:13.222 27008 27038 I Adreno  : Remote Branch           : NONE
10-30 22:55:13.222 27008 27038 I Adreno  : Reconstruct Branch      : NOTHING
10-30 22:55:13.223 27008 27038 I vndksupport: sphal namespace is not configured for this process. Loading /vendor/lib/hw/gralloc.msm8996.so from the current namespace instead.
10-30 22:55:13.224  1417  3896 D Dex2oatAdjuster: Before fg size = 0
10-30 22:55:13.224  1417  3896 D Dex2oatAdjuster: After bg size = 0 fg size = 0
10-30 22:55:13.225 27008 27038 D UE4     : VulkanRHI is available, Vulkan capable device detected.
10-30 22:55:13.225   726   878 I qti_sensors_hal: processReportInd: Cal Mag Filter, 0, 0, 0.000000, 0.000000, 0.000000, 0.000000, 0.000000, 0.000000, -6.689453, -19.120789, -40.202332
10-30 22:55:13.226  1417  6647 I WindowManager: Destroying surface Surface(name=Splash Screen com.TeamNA.GiftGame) called by com.android.server.wm.WindowStateAnimator.destroySurface:2501 com.android.server.wm.WindowStateAnimator.destroySurfaceLocked:985 com.android.server.wm.WindowState.removeImmediately:2403 com.android.server.wm.WindowState.removeIfPossible:2611 com.android.server.wm.WindowState.removeIfPossible:2441 com.android.server.wm.WindowToken.removeAllWindowsIfPossible:143 com.android.server.wm.AppWindowToken.removeIfPossible:606 com.android.server.wm.AppWindowToken.onRemovedFromDisplay:674 
10-30 22:55:13.227  1417  2412 D ViewRootImpl@7e51318[GiftGame]: dispatchDetachedFromWindow
10-30 22:55:13.227  1417  2412 D InputEventReceiver: channel '4eaa171 Splash Screen com.TeamNA.GiftGame (client)' ~ Disposing input event receiver.
10-30 22:55:13.227  1417  2412 D InputEventReceiver: channel '4eaa171 Splash Screen com.TeamNA.GiftGame (client)' ~NativeInputEventReceiver.
10-30 22:55:13.227   772   840 I SurfaceFlinger: id=12497 Removed Splash Screen com.TeamNA.GiftGame#0 (1/5)
10-30 22:55:13.228   726   878 I qti_sensors_hal: processReportInd: Gyro - X: -0.002 Y: 0.006 Z: 0.017 status: 3
10-30 22:55:13.228  4296  4296 D StageManager: saved stages : inStack [1, 2] , outStack[3]
10-30 22:55:13.229   772   840 I SurfaceFlinger: id=12497 Removed Splash Screen com.TeamNA.GiftGame#0 (-2/5)
10-30 22:55:13.235  1417  2412 W WindowManager: Failed looking up window callers=com.android.server.wm.WindowManagerService.windowForClientLocked:6654 com.android.server.wm.WindowManagerService.removeWindow:2015 com.android.server.wm.Session.remove:237 
10-30 22:55:13.240  3089   501 D ForegroundUtils: could not check pending caller
10-30 22:55:13.241   772   772 I Layer   : id=12497 onRemoved Splash Screen com.TeamNA.GiftGame#0 
10-30 22:55:13.246  1417  3896 D Dex2oatAdjuster: Before fg size = 0
10-30 22:55:13.246  1417  3896 D Dex2oatAdjuster: After bg size = 0 fg size = 0
10-30 22:55:13.246  3089   501 D ForegroundUtils: could not check pending caller
10-30 22:55:13.377  1417  2497 D MdnieScenarioControlService:  packageName : com.TeamNA.GiftGame    className : com.epicgames.ue4.GameActivity
10-30 22:55:13.377  1417  2497 V MdnieScenarioControlService: setUIMode from UI function(3)
10-30 22:55:13.415  2749  2749 E adbd    : recv: OPEN 000085d5 00000000 000c:73 68 65 6C 6C 2C 76 32 3A 70 73 00 
10-30 22:55:13.416  2749  2749 E adbd    : service_to_fd: shell,v2:ps
10-30 22:55:13.424 27066 27066 E propClient: PropClient failed to load
10-30 22:55:13.436 27066 27066 E propClient: PropClient failed to load
10-30 22:55:13.441  1417  1417 D CustomFrequencyManagerService: releaseDVFSLockLocked : Getting Lock type frm List : DVFS_MIN_LIMIT  frequency : 1555200  uid : 1000  pid : 1417  tag : AMS_RESUME_TAIL@CPU_MIN@71
10-30 22:55:13.475  3651  3651 D io_stats: !@   8,0 r 8479425 331021536 w 3294737 64912984 d 251171 28428740 f 1555144 1555404 iot 6360820 3889237 th 51200 0 0 pt 0 inp 0 0 296822.974
10-30 22:55:13.549  1417  7866 D GamePkgDataHelper: getGamePkgDataIncServer(). com.TeamNA.GiftGame
10-30 22:55:13.553  1417  7866 D GameManagerService: identifyGamePackage. com.TeamNA.GiftGame
10-30 22:55:13.553  1417  7866 D GamePkgDataHelper: getGamePkgData(). com.TeamNA.GiftGame
10-30 22:55:13.554  1417  7866 D GameManagerService: identifyGamePackage. com.TeamNA.GiftGame
10-30 22:55:13.555  1417  7866 D GamePkgDataHelper: getGamePkgData(). com.TeamNA.GiftGame
10-30 22:55:13.556  1417  7866 D GameManagerService: identifyGamePackage. com.TeamNA.GiftGame
10-30 22:55:13.556  1417  7866 D GamePkgDataHelper: getGamePkgData(). com.TeamNA.GiftGame
10-30 22:55:13.559  1417  7866 D GameManagerService: identifyGamePackage. com.TeamNA.GiftGame
10-30 22:55:13.559  1417  7866 D GamePkgDataHelper: getGamePkgData(). com.TeamNA.GiftGame
10-30 22:55:13.560  1417  7866 D GameManagerService: identifyGamePackage. com.TeamNA.GiftGame
10-30 22:55:13.560  1417  7866 D GamePkgDataHelper: getGamePkgData(). com.TeamNA.GiftGame
10-30 22:55:13.564 27008 27038 D UE4     : LogStreaming: Display: Took  0.142s to configure plugins.
10-30 22:55:13.564 27008 27038 D UE4     : 
10-30 22:55:13.574 27008 27038 D UE4     : LogOnline: Display: OnlineSubsystemGooglePlayModule::StartupModule()
10-30 22:55:13.574 27008 27038 D UE4     : 
10-30 22:55:13.574 27008 27038 D UE4     : LogOnline: Warning: FOnlineSubsystemGooglePlayModule was disabled
10-30 22:55:13.574 27008 27038 D UE4     : 
10-30 22:55:13.576 27008 27038 D UE4     : LogOnline: Warning: FOnlineSubsystemGooglePlayModule was disabled
10-30 22:55:13.576 27008 27038 D UE4     : 
10-30 22:55:13.581 27008 27038 D UE4     : LogStreaming: Display: Took  0.003s to delete old logs.
10-30 22:55:13.581 27008 27038 D UE4     : 
10-30 22:55:13.613 27008 27038 D UE4     : LogStreaming: Display: Async Loading initialized: Event Driven Loader: true, Async Loading Thread: false, Async Post Load: true
10-30 22:55:13.613 27008 27038 D UE4     : 
10-30 22:55:13.654 27008 27038 D UE4     : ***** RequestedContentScaleFactor different 1.000000 != -1.000000, not using res cache
10-30 22:55:13.654 27008 27038 D UE4     : ***** Window different, not using res cache
10-30 22:55:13.654 27008 27038 D UE4     : ***** WindowWidth is -1, not using res cache
10-30 22:55:13.658 27008 27038 D UE4     : Vulkan not available as project packaged without bSupportsVulkan or bSupportsVulkanSM5.
10-30 22:55:13.730 27008 27038 D UE4     : LogHAL: Display: Platform has ~ 4 GB [3903102976 / 4294967296 / 4], which maps to Default [LargestMinGB=8, LargerMinGB=6, DefaultMinGB=4, SmallerMinGB=3, SmallestMinGB=0)
10-30 22:55:13.730 27008 27038 D UE4     : 
10-30 22:55:13.843  1417  2448 D SamsungAlarmManager: Expired : 8
10-30 22:55:13.844  1417  2448 I SamsungAlarmManager: setLocked to kernel - T:3 / 20181030T225516, SetElapsed=870065241, nowELAPSED=870062829
10-30 22:55:13.844  1417  2448 V SamsungAlarmManager: Sending to uid : 10068 action=null alarm=Alarm{c9cdf9f type 3 when 870062829 com.asurion.android.verizon.vms}
10-30 22:55:13.853 27008 27038 D UE4     : LogStreaming: Display: Took  0.117s to InitEngineTextLocalization.
10-30 22:55:13.853 27008 27038 D UE4     : 
10-30 22:55:13.855  1417  6647 D SamsungAlarmManager: setExact Intent (T:3/F:5/AC:false) 20181030T225518 - CU:10068/CP:4257
10-30 22:55:13.874 27008 27038 D UE4     : VulkanRHI will NOT be used:
10-30 22:55:13.874 27008 27038 D UE4     :  ** Vulkan support is not available (Driver, RHI or shaders are missing, or disabled by cmdline)
10-30 22:55:13.875 27008 27038 D UE4     : OpenGL ES will be used.
10-30 22:55:13.875 27008 27038 D UE4     : FPlatformOpenGLDevice:Init
10-30 22:55:13.875 27008 27038 D UE4     : AndroidEGL::InitSurface 0, 1
10-30 22:55:13.875 27008 27038 D UE4     : [JAVA] - SetDesiredViewSize width=1280 and height=720
10-30 22:55:13.875 27008 27038 D UE4     : AndroidEGL::CreateEGLSurface() Already initialized: 0xbe719730
10-30 22:55:13.885 27008 27038 D libGLESv2: STS_GLApi : DTS, ODTC are not allowed for Package : com.TeamNA.GiftGame
10-30 22:55:13.895 27008 27038 D UE4     : LogRHI: Display: Testing for shader compiler compatibility
10-30 22:55:13.895 27008 27038 D UE4     : 
10-30 22:55:13.895 27008 27038 D UE4     : LogRHI: Display: Shaders compile fine no need to enable hacks
10-30 22:55:13.895 27008 27038 D UE4     : 
10-30 22:55:13.895 27008 27038 D UE4     : LogRHI: Display: Testing for round() function availability
10-30 22:55:13.895 27008 27038 D UE4     : 
10-30 22:55:13.896 27008 27038 D UE4     : LogRHI: Warning: Disabling the need for the round() function hack
10-30 22:55:13.896 27008 27038 D UE4     : 
10-30 22:55:13.896 27008 27038 D UE4     : LogShaderLibrary: Display: Failed to load Shared Shader Library: Global and no native library supported.
10-30 22:55:13.896 27008 27038 D UE4     : 
10-30 22:55:13.896 27008 27038 D UE4     : LogShaderLibrary: Display: Failed to load Shared Shader Library: Global_SC and no native library supported.
10-30 22:55:13.896 27008 27038 D UE4     : 
10-30 22:55:13.896 27008 27038 D UE4     : LogShaderLibrary: Display: Failed to load Shared Shader Library: Paper2D and no native library supported.
10-30 22:55:13.896 27008 27038 D UE4     : 
10-30 22:55:13.897 27008 27038 D UE4     : LogShaderLibrary: Display: Failed to load Shared Shader Library: Paper2D_SC and no native library supported.
10-30 22:55:13.897 27008 27038 D UE4     : 
10-30 22:55:13.897 27008 27038 D UE4     : LogShaderLibrary: Display: Failed to load Shared Shader Library: Paper2D and no native library supported.
10-30 22:55:13.897 27008 27038 D UE4     : 
10-30 22:55:13.897 27008 27038 D UE4     : LogShaderLibrary: Display: Failed to load Shared Shader Library: Paper2D_SC and no native library supported.
10-30 22:55:13.897 27008 27038 D UE4     : 
10-30 22:55:13.897 27008 27038 D UE4     : LogShaderLibrary: Display: Failed to load Shared Shader Library: CryptoKeys and no native library supported.
10-30 22:55:13.897 27008 27038 D UE4     : 
10-30 22:55:13.897 27008 27038 D UE4     : LogShaderLibrary: Display: Failed to load Shared Shader Library: CryptoKeys_SC and no native library supported.
10-30 22:55:13.897 27008 27038 D UE4     : 
10-30 22:55:13.898 27008 27038 D UE4     : LogShaderLibrary: Display: Failed to load Shared Shader Library: CryptoKeys and no native library supported.
10-30 22:55:13.898 27008 27038 D UE4     : 
10-30 22:55:13.898 27008 27038 D UE4     : LogShaderLibrary: Display: Failed to load Shared Shader Library: CryptoKeys_SC and no native library supported.
10-30 22:55:13.898 27008 27038 D UE4     : 
10-30 22:55:13.898 27008 27038 D UE4     : LogShaderLibrary: Display: Failed to load Shared Shader Library: MeshEditor and no native library supported.
10-30 22:55:13.898 27008 27038 D UE4     : 
10-30 22:55:13.898 27008 27038 D UE4     : LogShaderLibrary: Display: Failed to load Shared Shader Library: MeshEditor_SC and no native library supported.
10-30 22:55:13.898 27008 27038 D UE4     : 
10-30 22:55:13.899 27008 27038 D UE4     : LogShaderLibrary: Display: Failed to load Shared Shader Library: MeshEditor and no native library supported.
10-30 22:55:13.899 27008 27038 D UE4     : 
10-30 22:55:13.899 27008 27038 D UE4     : LogShaderLibrary: Display: Failed to load Shared Shader Library: MeshEditor_SC and no native library supported.
10-30 22:55:13.899 27008 27038 D UE4     : 
10-30 22:55:13.899 27008 27038 D UE4     : LogShaderLibrary: Display: Failed to load Shared Shader Library: DatasmithContent and no native library supported.
10-30 22:55:13.899 27008 27038 D UE4     : 
