11-08 22:29:32.702 31466 31492 D UE4     : [2018.11.09-04.29.32:702][  0]LogRHI:   GL_VERSION: OpenGL ES 3.2 V@313.0 (GIT@984b9a6, Ibe1bf21abc) (Date:06/04/18)
11-08 22:29:32.702 31466 31492 D UE4     : [2018.11.09-04.29.32:702][  0]LogRHI:   GL_SHADING_LANGUAGE_VERSION: OpenGL ES GLSL ES 3.20
11-08 22:29:32.702 31466 31492 D UE4     : [2018.11.09-04.29.32:702][  0]LogRHI: OpenGL Extensions:
11-08 22:29:32.702 31466 31492 D UE4     : [2018.11.09-04.29.32:702][  0]LogRHI:   GL_OES_EGL_image
11-08 22:29:32.702 31466 31492 D UE4     : [2018.11.09-04.29.32:702][  0]LogRHI:   GL_OES_EGL_image_external
11-08 22:29:32.702 31466 31492 D UE4     : [2018.11.09-04.29.32:702][  0]LogRHI:   GL_OES_EGL_sync
11-08 22:29:32.702 31466 31492 D UE4     : [2018.11.09-04.29.32:702][  0]LogRHI:   GL_OES_vertex_half_float
11-08 22:29:32.702 31466 31492 D UE4     : [2018.11.09-04.29.32:702][  0]LogRHI:   GL_OES_framebuffer_object
11-08 22:29:32.703 31466 31492 D UE4     : [2018.11.09-04.29.32:702][  0]LogRHI:   GL_OES_rgb8_rgba8
11-08 22:29:32.703 31466 31492 D UE4     : [2018.11.09-04.29.32:703][  0]LogRHI:   GL_OES_compressed_ETC1_RGB8_texture
11-08 22:29:32.703 31466 31492 D UE4     : [2018.11.09-04.29.32:703][  0]LogRHI:   GL_AMD_compressed_ATC_texture
11-08 22:29:32.703 31466 31492 D UE4     : [2018.11.09-04.29.32:703][  0]LogRHI:   GL_KHR_texture_compression_astc_ldr
11-08 22:29:32.703 31466 31492 D UE4     : [2018.11.09-04.29.32:703][  0]LogRHI:   GL_KHR_texture_compression_astc_hdr
11-08 22:29:32.703 31466 31492 D UE4     : [2018.11.09-04.29.32:703][  0]LogRHI:   GL_OES_texture_compression_astc
11-08 22:29:32.703 31466 31492 D UE4     : [2018.11.09-04.29.32:703][  0]LogRHI:   GL_OES_texture_npot
11-08 22:29:32.703 31466 31492 D UE4     : [2018.11.09-04.29.32:703][  0]LogRHI:   GL_EXT_texture_filter_anisotropic
11-08 22:29:32.703 31466 31492 D UE4     : [2018.11.09-04.29.32:703][  0]LogRHI:   GL_EXT_texture_format_BGRA8888
11-08 22:29:32.703 31466 31492 D UE4     : [2018.11.09-04.29.32:703][  0]LogRHI:   GL_OES_texture_3D
11-08 22:29:32.703 31466 31492 D UE4     : [2018.11.09-04.29.32:703][  0]LogRHI:   GL_EXT_color_buffer_float
11-08 22:29:32.703 31466 31492 D UE4     : [2018.11.09-04.29.32:703][  0]LogRHI:   GL_EXT_color_buffer_half_float
11-08 22:29:32.703 31466 31492 D UE4     : [2018.11.09-04.29.32:703][  0]LogRHI:   GL_QCOM_alpha_test
11-08 22:29:32.704 31466 31492 D UE4     : [2018.11.09-04.29.32:704][  0]LogRHI:   GL_OES_depth24
11-08 22:29:32.704 31466 31492 D UE4     : [2018.11.09-04.29.32:704][  0]LogRHI:   GL_OES_packed_depth_stencil
11-08 22:29:32.704 31466 31492 D UE4     : [2018.11.09-04.29.32:704][  0]LogRHI:   GL_OES_depth_texture
11-08 22:29:32.704 31466 31492 D UE4     : [2018.11.09-04.29.32:704][  0]LogRHI:   GL_OES_depth_texture_cube_map
11-08 22:29:32.704 31466 31492 D UE4     : [2018.11.09-04.29.32:704][  0]LogRHI:   GL_EXT_sRGB
11-08 22:29:32.704 31466 31492 D UE4     : [2018.11.09-04.29.32:704][  0]LogRHI:   GL_OES_texture_float
11-08 22:29:32.704 31466 31492 D UE4     : [2018.11.09-04.29.32:704][  0]LogRHI:   GL_OES_texture_float_linear
11-08 22:29:32.704 31466 31492 D UE4     : [2018.11.09-04.29.32:704][  0]LogRHI:   GL_OES_texture_half_float
11-08 22:29:32.704 31466 31492 D UE4     : [2018.11.09-04.29.32:704][  0]LogRHI:   GL_OES_texture_half_float_linear
11-08 22:29:32.704 31466 31492 D UE4     : [2018.11.09-04.29.32:704][  0]LogRHI:   GL_EXT_texture_type_2_10_10_10_REV
11-08 22:29:32.704 31466 31492 D UE4     : [2018.11.09-04.29.32:704][  0]LogRHI:   GL_EXT_texture_sRGB_decode
11-08 22:29:32.704 31466 31492 D UE4     : [2018.11.09-04.29.32:704][  0]LogRHI:   GL_EXT_texture_format_sRGB_override
11-08 22:29:32.705 31466 31492 D UE4     : [2018.11.09-04.29.32:705][  0]LogRHI:   GL_OES_element_index_uint
11-08 22:29:32.705 31466 31492 D UE4     : [2018.11.09-04.29.32:705][  0]LogRHI:   GL_EXT_copy_image
11-08 22:29:32.705 31466 31492 D UE4     : [2018.11.09-04.29.32:705][  0]LogRHI:   GL_EXT_geometry_shader
11-08 22:29:32.705 31466 31492 D UE4     : [2018.11.09-04.29.32:705][  0]LogRHI:   GL_EXT_tessellation_shader
11-08 22:29:32.705 31466 31492 D UE4     : [2018.11.09-04.29.32:705][  0]LogRHI:   GL_OES_texture_stencil8
11-08 22:29:32.705 31466 31492 D UE4     : [2018.11.09-04.29.32:705][  0]LogRHI:   GL_EXT_shader_io_blocks
11-08 22:29:32.705 31466 31492 D UE4     : [2018.11.09-04.29.32:705][  0]LogRHI:   GL_OES_shader_image_atomic
11-08 22:29:32.705 31466 31492 D UE4     : [2018.11.09-04.29.32:705][  0]LogRHI:   GL_OES_sample_variables
11-08 22:29:32.706 31466 31492 D UE4     : [2018.11.09-04.29.32:705][  0]LogRHI:   GL_EXT_texture_border_clamp
11-08 22:29:32.706 31466 31492 D UE4     : [2018.11.09-04.29.32:706][  0]LogRHI:   GL_EXT_multisampled_render_to_texture
11-08 22:29:32.706 31466 31492 D UE4     : [2018.11.09-04.29.32:706][  0]LogRHI:   GL_EXT_multisampled_render_to_texture2
11-08 22:29:32.706 31466 31492 D UE4     : [2018.11.09-04.29.32:706][  0]LogRHI:   GL_OES_shader_multisample_interpolation
11-08 22:29:32.706 31466 31492 D UE4     : [2018.11.09-04.29.32:706][  0]LogRHI:   GL_EXT_texture_cube_map_array
11-08 22:29:32.706 31466 31492 D UE4     : [2018.11.09-04.29.32:706][  0]LogRHI:   GL_EXT_draw_buffers_indexed
11-08 22:29:32.706 31466 31492 D UE4     : [2018.11.09-04.29.32:706][  0]LogRHI:   GL_EXT_gpu_shader5
11-08 22:29:32.706 31466 31492 D UE4     : [2018.11.09-04.29.32:706][  0]LogRHI:   GL_EXT_robustness
11-08 22:29:32.706 31466 31492 D UE4     : [2018.11.09-04.29.32:706][  0]LogRHI:   GL_EXT_texture_buffer
11-08 22:29:32.706 31466 31492 D UE4     : [2018.11.09-04.29.32:706][  0]LogRHI:   GL_EXT_shader_framebuffer_fetch
11-08 22:29:32.706 31466 31492 D UE4     : [2018.11.09-04.29.32:706][  0]LogRHI:   GL_ARM_shader_framebuffer_fetch_depth_stencil
11-08 22:29:32.706 31466 31492 D UE4     : [2018.11.09-04.29.32:706][  0]LogRHI:   GL_OES_texture_storage_multisample_2d_array
11-08 22:29:32.707 31466 31492 D UE4     : [2018.11.09-04.29.32:706][  0]LogRHI:   GL_OES_sample_shading
11-08 22:29:32.707 31466 31492 D UE4     : [2018.11.09-04.29.32:707][  0]LogRHI:   GL_OES_get_program_binary
11-08 22:29:32.707 31466 31492 D UE4     : [2018.11.09-04.29.32:707][  0]LogRHI:   GL_EXT_debug_label
11-08 22:29:32.707 31466 31492 D UE4     : [2018.11.09-04.29.32:707][  0]LogRHI:   GL_KHR_blend_equation_advanced
11-08 22:29:32.707 31466 31492 D UE4     : [2018.11.09-04.29.32:707][  0]LogRHI:   GL_KHR_blend_equation_advanced_coherent
11-08 22:29:32.707 31466 31492 D UE4     : [2018.11.09-04.29.32:707][  0]LogRHI:   GL_QCOM_tiled_rendering
11-08 22:29:32.707 31466 31492 D UE4     : [2018.11.09-04.29.32:707][  0]LogRHI:   GL_ANDROID_extension_pack_es31a
11-08 22:29:32.707 31466 31492 D UE4     : [2018.11.09-04.29.32:707][  0]LogRHI:   GL_EXT_primitive_bounding_box
11-08 22:29:32.707 31466 31492 D UE4     : [2018.11.09-04.29.32:707][  0]LogRHI:   GL_OES_standard_derivatives
11-08 22:29:32.707 31466 31492 D UE4     : [2018.11.09-04.29.32:707][  0]LogRHI:   GL_OES_vertex_array_object
11-08 22:29:32.707 31466 31492 D UE4     : [2018.11.09-04.29.32:707][  0]LogRHI:   GL_EXT_disjoint_timer_query
11-08 22:29:32.707 31466 31492 D UE4     : [2018.11.09-04.29.32:707][  0]LogRHI:   GL_KHR_debug
11-08 22:29:32.708 31466 31492 D UE4     : [2018.11.09-04.29.32:707][  0]LogRHI:   GL_EXT_YUV_target
11-08 22:29:32.708 31466 31492 D UE4     : [2018.11.09-04.29.32:708][  0]LogRHI:   GL_EXT_sRGB_write_control
11-08 22:29:32.708 31466 31492 D UE4     : [2018.11.09-04.29.32:708][  0]LogRHI:   GL_EXT_texture_norm16
11-08 22:29:32.708 31466 31492 D UE4     : [2018.11.09-04.29.32:708][  0]LogRHI:   GL_EXT_discard_framebuffer
11-08 22:29:32.708 31466 31492 D UE4     : [2018.11.09-04.29.32:708][  0]LogRHI:   GL_OES_surfaceless_context
11-08 22:29:32.708 31466 31492 D UE4     : [2018.11.09-04.29.32:708][  0]LogRHI:   GL_OVR_multiview
11-08 22:29:32.708 31466 31492 D UE4     : [2018.11.09-04.29.32:708][  0]LogRHI:   GL_OVR_multiview2
11-08 22:29:32.708 31466 31492 D UE4     : [2018.11.09-04.29.32:708][  0]LogRHI:   GL_EXT_texture_sRGB_R8
11-08 22:29:32.708 31466 31492 D UE4     : [2018.11.09-04.29.32:708][  0]LogRHI:   GL_KHR_no_error
11-08 22:29:32.708 31466 31492 D UE4     : [2018.11.09-04.29.32:708][  0]LogRHI:   GL_EXT_debug_marker
11-08 22:29:32.708 31466 31492 D UE4     : [2018.11.09-04.29.32:708][  0]LogRHI:   GL_OES_EGL_image_external_essl3
11-08 22:29:32.708 31466 31492 D UE4     : [2018.11.09-04.29.32:708][  0]LogRHI:   GL_OVR_multiview_multisampled_render_to_texture
11-08 22:29:32.708 31466 31492 D UE4     : [2018.11.09-04.29.32:708][  0]LogRHI:   GL_EXT_buffer_storage
11-08 22:29:32.709 31466 31492 D UE4     : [2018.11.09-04.29.32:709][  0]LogRHI:   GL_EXT_external_buffer
11-08 22:29:32.709 31466 31492 D UE4     : [2018.11.09-04.29.32:709][  0]LogRHI:   GL_EXT_blit_framebuffer_params
11-08 22:29:32.709 31466 31492 D UE4     : [2018.11.09-04.29.32:709][  0]LogRHI:   GL_EXT_clip_cull_distance
11-08 22:29:32.709 31466 31492 D UE4     : [2018.11.09-04.29.32:709][  0]LogRHI:   GL_EXT_protected_textures
11-08 22:29:32.709 31466 31492 D UE4     : [2018.11.09-04.29.32:709][  0]LogRHI:   GL_EXT_shader_non_constant_global_initializers
11-08 22:29:32.709 31466 31492 D UE4     : [2018.11.09-04.29.32:709][  0]LogRHI:   GL_QCOM_texture_foveated
11-08 22:29:32.709 31466 31492 D UE4     : [2018.11.09-04.29.32:709][  0]LogRHI:   GL_QCOM_shader_framebuffer_fetch_noncoherent
11-08 22:29:32.709 31466 31492 D UE4     : [2018.11.09-04.29.32:709][  0]LogRHI:   GL_EXT_memory_object
11-08 22:29:32.709 31466 31492 D UE4     : [2018.11.09-04.29.32:709][  0]LogRHI:   GL_EXT_memory_object_fd
11-08 22:29:32.709 31466 31492 D UE4     : [2018.11.09-04.29.32:709][  0]LogRHI:   GL_EXT_EGL_image_array
11-08 22:29:32.709 31466 31492 D UE4     : [2018.11.09-04.29.32:709][  0]LogRHI:   GL_NV_shader_noperspective_interpolation
11-08 22:29:32.710 31466 31492 D UE4     : [2018.11.09-04.29.32:709][  0]LogRHI:   GL_KHR_robust_buffer_access_behavior
11-08 22:29:32.710 31466 31492 D UE4     : [2018.11.09-04.29.32:710][  0]LogRHI:   GL_EXT_EGL_image_storage
11-08 22:29:32.710 31466 31492 D UE4     : [2018.11.09-04.29.32:710][  0]LogRHI:   GL_EXT_clip_control
11-08 22:29:32.710 31466 31492 D UE4     : [2018.11.09-04.29.32:710][  0]LogRHI:   GL_MAX_VERTEX_ATTRIBS: 32
11-08 22:29:32.710 31466 31492 D UE4     : [2018.11.09-04.29.32:710][  0]LogRHI:   GL_MAX_VARYING_VECTORS: 31
11-08 22:29:32.710 31466 31492 D UE4     : [2018.11.09-04.29.32:710][  0]LogRHI:   GL_MAX_VERTEX_UNIFORM_VECTORS: 256
11-08 22:29:32.710 31466 31492 D UE4     : [2018.11.09-04.29.32:710][  0]LogRHI:   GL_MAX_FRAGMENT_UNIFORM_VECTORS: 256
11-08 22:29:32.710 31466 31492 D UE4     : [2018.11.09-04.29.32:710][  0]LogRHI: Fragment shader lowp precision: 10
11-08 22:29:32.710 31466 31492 D UE4     : [2018.11.09-04.29.32:710][  0]LogRHI: Fragment shader mediump precision: 10
11-08 22:29:32.710 31466 31492 D UE4     : [2018.11.09-04.29.32:710][  0]LogRHI: Fragment shader highp precision: 23
11-08 22:29:32.710 31466 31492 D UE4     : [2018.11.09-04.29.32:710][  0]LogRHI: Support for 4x MSAA detected
11-08 22:29:32.710 31466 31492 D UE4     : [2018.11.09-04.29.32:710][  0]LogRHI: Image external enabled: ImageExternalESSL300
11-08 22:29:32.710 31466 31492 D UE4     : [2018.11.09-04.29.32:710][  0]LogRHI: Device supports mobile multi-view.
11-08 22:29:32.711 31466 31492 D UE4     : [2018.11.09-04.29.32:711][  0]LogRHI:   GL_MAX_TEXTURE_SIZE: 16384
11-08 22:29:32.711 31466 31492 D UE4     : [2018.11.09-04.29.32:711][  0]LogRHI:   GL_MAX_CUBE_MAP_TEXTURE_SIZE: 16384
11-08 22:29:32.711 31466 31492 D UE4     : [2018.11.09-04.29.32:711][  0]LogRHI:   GL_MAX_ARRAY_TEXTURE_LAYERS: 2048
11-08 22:29:32.711 31466 31492 D UE4     : [2018.11.09-04.29.32:711][  0]LogRHI:   GL_MAX_RENDERBUFFER_SIZE: 16384
11-08 22:29:32.711 31466 31492 D UE4     : [2018.11.09-04.29.32:711][  0]LogRHI:   GL_MAX_TEXTURE_IMAGE_UNITS: 16
11-08 22:29:32.711 31466 31492 D UE4     : [2018.11.09-04.29.32:711][  0]LogRHI:   GL_MAX_DRAW_BUFFERS: 8
11-08 22:29:32.711 31466 31492 D UE4     : [2018.11.09-04.29.32:711][  0]LogRHI:   GL_MAX_COLOR_ATTACHMENTS: 1
11-08 22:29:32.711 31466 31492 D UE4     : [2018.11.09-04.29.32:711][  0]LogRHI:   GL_MAX_SAMPLES: 1
11-08 22:29:32.711 31466 31492 D UE4     : [2018.11.09-04.29.32:711][  0]LogRHI:   GL_MAX_COLOR_TEXTURE_SAMPLES: 1
11-08 22:29:32.711 31466 31492 D UE4     : [2018.11.09-04.29.32:711][  0]LogRHI:   GL_MAX_DEPTH_TEXTURE_SAMPLES: 1
11-08 22:29:32.711 31466 31492 D UE4     : [2018.11.09-04.29.32:711][  0]LogRHI:   GL_MAX_INTEGER_SAMPLES: 1
11-08 22:29:32.711 31466 31492 D UE4     : [2018.11.09-04.29.32:711][  0]LogRHI:   GL_MAX_COMBINED_TEXTURE_IMAGE_UNITS: 96
11-08 22:29:32.712 31466 31492 D UE4     : [2018.11.09-04.29.32:712][  0]LogRHI:   GL_MAX_VERTEX_ATTRIBS: 32
11-08 22:29:32.712 31466 31492 D UE4     : [2018.11.09-04.29.32:712][  0]LogRHI:   GL_MAX_TEXTURE_MAX_ANISOTROPY_EXT: 16
11-08 22:29:32.712 31466 31492 D UE4     : [2018.11.09-04.29.32:712][  0]LogRHI: OpenGL MajorVersion = 2, MinorVersion = 0, ShaderPlatform = GLSL_ES2, FeatureLevel = ES2
11-08 22:29:32.712 31466 31492 D UE4     : [2018.11.09-04.29.32:712][  0]LogRHI: PLATFORM_ANDROID
11-08 22:29:32.712 31466 31492 D UE4     : [2018.11.09-04.29.32:712][  0]LogRHI: Texture pool is 1000 MB (of 0 MB total graphics mem)
11-08 22:29:32.712 31466 31492 D UE4     : [2018.11.09-04.29.32:712][  0]LogRHI: Display: Testing for shader compiler compatibility
11-08 22:29:32.712 31466 31492 D UE4     : [2018.11.09-04.29.32:712][  0]LogRHI: Display: Shaders compile fine no need to enable hacks
11-08 22:29:32.712 31466 31492 D UE4     : [2018.11.09-04.29.32:712][  0]LogRHI: Display: Testing for round() function availability
11-08 22:29:32.712 31466 31492 D UE4     : [2018.11.09-04.29.32:712][  0]LogRHI: Warning: Disabling the need for the round() function hack
11-08 22:29:32.712 31466 31492 D UE4     : [2018.11.09-04.29.32:712][  0]LogShaderLibrary: Display: Failed to load Shared Shader Library: Global and no native library supported.
11-08 22:29:32.712 31466 31492 D UE4     : [2018.11.09-04.29.32:712][  0]LogShaderLibrary: Display: Failed to load Shared Shader Library: Global_SC and no native library supported.
11-08 22:29:32.712 31466 31492 D UE4     : [2018.11.09-04.29.32:712][  0]LogShaderLibrary: Display: Failed to load Shared Shader Library: Paper2D and no native library supported.
11-08 22:29:32.713 31466 31492 D UE4     : [2018.11.09-04.29.32:713][  0]LogShaderLibrary: Display: Failed to load Shared Shader Library: Paper2D_SC and no native library supported.
11-08 22:29:32.713 31466 31492 D UE4     : [2018.11.09-04.29.32:713][  0]LogShaderLibrary: Display: Failed to load Shared Shader Library: Paper2D and no native library supported.
11-08 22:29:32.713 31466 31492 D UE4     : [2018.11.09-04.29.32:713][  0]LogShaderLibrary: Display: Failed to load Shared Shader Library: Paper2D_SC and no native library supported.
11-08 22:29:32.713 31466 31492 D UE4     : [2018.11.09-04.29.32:713][  0]LogShaderLibrary: Display: Failed to load Shared Shader Library: CryptoKeys and no native library supported.
11-08 22:29:32.713 31466 31492 D UE4     : [2018.11.09-04.29.32:713][  0]LogShaderLibrary: Display: Failed to load Shared Shader Library: CryptoKeys_SC and no native library supported.
11-08 22:29:32.713 31466 31492 D UE4     : [2018.11.09-04.29.32:713][  0]LogShaderLibrary: Display: Failed to load Shared Shader Library: CryptoKeys and no native library supported.
11-08 22:29:32.713 31466 31492 D UE4     : [2018.11.09-04.29.32:713][  0]LogShaderLibrary: Display: Failed to load Shared Shader Library: CryptoKeys_SC and no native library supported.
11-08 22:29:32.713 31466 31492 D UE4     : [2018.11.09-04.29.32:713][  0]LogShaderLibrary: Display: Failed to load Shared Shader Library: MeshEditor and no native library supported.
11-08 22:29:32.713 31466 31492 D UE4     : [2018.11.09-04.29.32:713][  0]LogShaderLibrary: Display: Failed to load Shared Shader Library: MeshEditor_SC and no native library supported.
11-08 22:29:32.713 31466 31492 D UE4     : [2018.11.09-04.29.32:713][  0]LogShaderLibrary: Display: Failed to load Shared Shader Library: MeshEditor and no native library supported.
11-08 22:29:32.713 31466 31492 D UE4     : [2018.11.09-04.29.32:713][  0]LogShaderLibrary: Display: Failed to load Shared Shader Library: MeshEditor_SC and no native library supported.
11-08 22:29:32.713 31466 31492 D UE4     : [2018.11.09-04.29.32:713][  0]LogShaderLibrary: Display: Failed to load Shared Shader Library: DatasmithContent and no native library supported.
11-08 22:29:32.714 31466 31492 D UE4     : [2018.11.09-04.29.32:714][  0]LogShaderLibrary: Display: Failed to load Shared Shader Library: DatasmithContent_SC and no native library supported.
11-08 22:29:32.714 31466 31492 D UE4     : [2018.11.09-04.29.32:714][  0]LogShaderLibrary: Display: Failed to load Shared Shader Library: DatasmithContent and no native library supported.
11-08 22:29:32.714 31466 31492 D UE4     : [2018.11.09-04.29.32:714][  0]LogShaderLibrary: Display: Failed to load Shared Shader Library: DatasmithContent_SC and no native library supported.
11-08 22:29:32.714 31466 31492 D UE4     : [2018.11.09-04.29.32:714][  0]LogShaderLibrary: Display: Failed to load Shared Shader Library: MediaCompositing and no native library supported.
11-08 22:29:32.714 31466 31492 D UE4     : [2018.11.09-04.29.32:714][  0]LogShaderLibrary: Display: Failed to load Shared Shader Library: MediaCompositing_SC and no native library supported.
11-08 22:29:32.714 31466 31492 D UE4     : [2018.11.09-04.29.32:714][  0]LogShaderLibrary: Display: Failed to load Shared Shader Library: MediaCompositing and no native library supported.
11-08 22:29:32.714 31466 31492 D UE4     : [2018.11.09-04.29.32:714][  0]LogShaderLibrary: Display: Failed to load Shared Shader Library: MediaCompositing_SC and no native library supported.
11-08 22:29:32.714 31466 31492 D UE4     : [2018.11.09-04.29.32:714][  0]LogShaderLibrary: Display: Failed to load Shared Shader Library: OculusVR and no native library supported.
11-08 22:29:32.714 31466 31492 D UE4     : [2018.11.09-04.29.32:714][  0]LogShaderLibrary: Display: Failed to load Shared Shader Library: OculusVR_SC and no native library supported.
11-08 22:29:32.714 31466 31492 D UE4     : [2018.11.09-04.29.32:714][  0]LogShaderLibrary: Display: Failed to load Shared Shader Library: OculusVR and no native library supported.
11-08 22:29:32.714 31466 31492 D UE4     : [2018.11.09-04.29.32:714][  0]LogShaderLibrary: Display: Failed to load Shared Shader Library: OculusVR_SC and no native library supported.
11-08 22:29:32.714 31466 31492 D UE4     : [2018.11.09-04.29.32:714][  0]LogShaderLibrary: Display: Failed to load Shared Shader Library: SteamVR and no native library supported.
11-08 22:29:32.715 31466 31492 D UE4     : [2018.11.09-04.29.32:715][  0]LogShaderLibrary: Display: Failed to load Shared Shader Library: SteamVR_SC and no native library supported.
11-08 22:29:32.715 31466 31492 D UE4     : [2018.11.09-04.29.32:715][  0]LogShaderLibrary: Display: Failed to load Shared Shader Library: SteamVR and no native library supported.
11-08 22:29:32.715 31466 31492 D UE4     : [2018.11.09-04.29.32:715][  0]LogShaderLibrary: Display: Failed to load Shared Shader Library: SteamVR_SC and no native library supported.
11-08 22:29:32.715 31466 31492 D UE4     : [2018.11.09-04.29.32:715][  0]LogRHI: Display: Failed to open default shader pipeline cache for GiftGame using shader platform 8.
11-08 22:29:32.715 31466 31492 D UE4     : [2018.11.09-04.29.32:715][  0]LogMaterial: Verifying Global Shaders for GLSL_ES2
11-08 22:29:32.715 31466 31492 D UE4     : [2018.11.09-04.29.32:715][  0]LogSlate: Using FreeType 2.4.12
11-08 22:29:32.715 31466 31492 D UE4     : [2018.11.09-04.29.32:715][  0]LogSlate: SlateFontServices - WITH_FREETYPE: 1, WITH_HARFBUZZ: 1
11-08 22:29:32.715 31466 31492 D UE4     : [2018.11.09-04.29.32:715][  0]LogShaderLibrary: Display: Failed to load Shared Shader Library: GiftGame and no native library supported.
11-08 22:29:32.715 31466 31492 D UE4     : [2018.11.09-04.29.32:715][  0]LogShaderLibrary: Display: Failed to load Shared Shader Library: GiftGame_SC and no native library supported.
11-08 22:29:32.715 31466 31492 D UE4     : [2018.11.09-04.29.32:715][  0]LogRHI: Display: Failed to open default shader pipeline cache for GiftGame using shader platform 8.
11-08 22:29:32.715 31466 31492 D UE4     : [2018.11.09-04.29.32:715][  0]LogShaderLibrary: Display: Failed to load Shared Shader Library: GiftGame and no native library supported.
11-08 22:29:32.716 31466 31492 D UE4     : [2018.11.09-04.29.32:715][  0]LogShaderLibrary: Display: Failed to load Shared Shader Library: GiftGame_SC and no native library supported.
11-08 22:29:32.716 31466 31492 D UE4     : [2018.11.09-04.29.32:716][  0]LogRHI: Display: Failed to open default shader pipeline cache for GiftGame using shader platform 8.
11-08 22:29:32.716 31466 31492 D UE4     : [2018.11.09-04.29.32:716][  0]LogInit: Using OS detected language (en-US).
11-08 22:29:32.716 31466 31492 D UE4     : [2018.11.09-04.29.32:716][  0]LogInit: Using OS detected locale (en-US).
11-08 22:29:32.716 31466 31492 D UE4     : [2018.11.09-04.29.32:716][  0]LogTextLocalizationManager: No localization for 'en-US' exists, so 'en' will be used for the language.
11-08 22:29:32.716 31466 31492 D UE4     : [2018.11.09-04.29.32:716][  0]LogTextLocalizationManager: No localization for 'en-US' exists, so 'en' will be used for the locale.
11-08 22:29:32.716 31466 31492 D UE4     : [2018.11.09-04.29.32:716][  0]LogStreaming: Display: Took  0.085s to InitGameTextLocalization.
11-08 22:29:32.716 31466 31492 D UE4     : [2018.11.09-04.29.32:716][  0]LogAssetRegistry: FAssetRegistry took 0.0864 seconds to start up
11-08 22:29:32.716 31466 31492 D UE4     : [2018.11.09-04.29.32:716][  0]LogStreaming: Display: Flushing async loaders.
11-08 22:29:32.716 31466 31492 D UE4     : [2018.11.09-04.29.32:716][  0]LogPackageLocalizationCache: Processed 9 localized package path(s) for 1 prioritized culture(s) in 0.045743 seconds
11-08 22:29:32.716 31466 31492 D UE4     : [2018.11.09-04.29.32:716][  0]LogNetVersion: GiftGame 1.0.0, NetCL: 4212847, EngineNetVer: 5, GameNetVer: 0 (Checksum: 3731779599)
11-08 22:29:32.716 31466 31492 D UE4     : [2018.11.09-04.29.32:716][  0]LogMoviePlayer: Initializing movie player
11-08 22:29:32.805 12885 12907 I Finsky  : [2660] com.google.android.finsky.bn.an.run(6): Stats for Executor: bgExecutor com.google.android.finsky.bn.ao@732274e[Running, pool size = 4, active threads = 0, queued tasks = 0, completed tasks = 66]
11-08 22:29:32.829 31466 31492 D UE4     : LogAndroid: Display: Passed PreInit()
11-08 22:29:32.829 31466 31492 D UE4     : 
11-08 22:29:32.829 31466 31492 D UE4     : [2018.11.09-04.29.32:829][  0]LogTcpMessaging: Initializing TcpMessaging bridge, listening on 127.0.0.1:6666
11-08 22:29:32.829 31466 31492 D UE4     : [2018.11.09-04.29.32:829][  0]LogUdpMessaging: Initializing bridge on interface 0.0.0.0:0 to multicast group 230.0.0.1:6666.
11-08 22:29:32.829 31466 31492 D UE4     : [2018.11.09-04.29.32:829][  0]LogAndroidPermission: UAndroidPermissionCallbackProxy::GetInstance
11-08 22:29:32.829 31466 31492 D UE4     : [2018.11.09-04.29.32:829][  0]LogOcInput: OculusInput pre-init called
11-08 22:29:32.829 31466 31492 D UE4     : [2018.11.09-04.29.32:829][  0]LogUObjectArray: 33963 objects as part of root set at end of initial load.
11-08 22:29:32.829 31466 31492 D UE4     : [2018.11.09-04.29.32:829][  0]LogUObjectAllocator: 3763080 out of 0 bytes used by permanent object pool.
11-08 22:29:32.829 31466 31492 D UE4     : [2018.11.09-04.29.32:829][  0]LogUObjectArray: CloseDisregardForGC: 0/0 objects in disregard for GC pool
11-08 22:29:32.829 31466 31492 D UE4     : [2018.11.09-04.29.32:829][  0]LogAndroid: Display: Passed PreInit()
11-08 22:29:32.830 31466 31492 D UE4     : [2018.11.09-04.29.32:830][  0]LogEngine: Initializing Engine...
11-08 22:29:32.837 31466 31492 D UE4     : [2018.11.09-04.29.32:837][  0]LogStats: UGameplayTagsManager::ConstructGameplayTagTree: ImportINI prefixes -  0.000 s
11-08 22:29:32.837 31466 31492 D UE4     : [2018.11.09-04.29.32:837][  0]LogStats: UGameplayTagsManager::ConstructGameplayTagTree: Construct from data asset -  0.000 s
11-08 22:29:32.838 31466 31492 D UE4     : [2018.11.09-04.29.32:838][  0]LogStats: UGameplayTagsManager::ConstructGameplayTagTree: ImportINI -  0.000 s
11-08 22:29:32.838 31466 31492 D UE4     : [2018.11.09-04.29.32:838][  0]LogStats: UGameplayTagsManager::ConstructGameplayTagTree: GameplayTagTreeChangedEvent.Broadcast -  0.000 s
11-08 22:29:32.927 31466 31492 D UE4     : [2018.11.09-04.29.32:927][  0]LogInit: Initializing FReadOnlyCVARCache
11-08 22:29:32.928 31466 31492 D UE4     : LogAndroidAudio: Warning: SL Entered Init HW
11-08 22:29:32.928 31466 31492 D UE4     : 
11-08 22:29:32.928 31466 31492 D UE4     : [2018.11.09-04.29.32:928][  0]LogAndroidAudio: Warning: SL Entered Init HW
11-08 22:29:32.928 31466 31492 D UE4     : LogAndroidAudio: Warning: OpenSLES Initializing HW
11-08 22:29:32.928 31466 31492 D UE4     : 
11-08 22:29:32.928 31466 31492 D UE4     : [2018.11.09-04.29.32:928][  0]LogAndroidAudio: Warning: OpenSLES Initializing HW
11-08 22:29:32.934 31466 31492 D UE4     : LogAndroidAudio: Warning: OpenSLES Initialized
11-08 22:29:32.934 31466 31492 D UE4     : 
11-08 22:29:32.934 31466 31492 D UE4     : [2018.11.09-04.29.32:934][  0]LogAndroidAudio: Warning: OpenSLES Initialized
11-08 22:29:32.934 31466 31492 D UE4     : LogAndroidAudio: Warning: OpenSLAudioDevice: Allocated 12 sources
11-08 22:29:32.934 31466 31492 D UE4     : 
11-08 22:29:32.934 31466 31492 D UE4     : [2018.11.09-04.29.32:934][  0]LogAndroidAudio: Warning: OpenSLAudioDevice: Allocated 12 sources
11-08 22:29:32.934 31466 31492 D UE4     : [2018.11.09-04.29.32:934][  0]LogInit: FAudioDevice initialized.
11-08 22:29:32.935 31466 31492 D UE4     : LogAudio: Warning: Can't increase channels past starting number!
11-08 22:29:32.935 31466 31492 D UE4     : 
11-08 22:29:32.935 31466 31492 D UE4     : [2018.11.09-04.29.32:935][  0]LogAudio: Warning: Can't increase channels past starting number!
11-08 22:29:32.937 31466 31492 D UE4     : [2018.11.09-04.29.32:937][  0]LogNetVersion: Set ProjectVersion to 1.0.0.0. Version Checksum will be recalculated on next use.
11-08 22:29:32.937 31466 31492 D UE4     : [2018.11.09-04.29.32:937][  0]LogInit: Texture streaming: Enabled
11-08 22:29:33.015 12885 12907 I Finsky  : [2660] com.google.android.finsky.bn.an.run(6): Stats for Executor: StorageAwareDownloadServiceManagerSpaceChecker com.google.android.finsky.bn.ao@ca8b06f[Running, pool size = 0, active threads = 0, queued tasks = 0, completed tasks = 0]
11-08 22:29:33.035 31466 31492 D UE4     : LogAudio: Warning: Can't increase channels past starting number!
11-08 22:29:33.035 31466 31492 D UE4     : 
11-08 22:29:33.036 31466 31492 D UE4     : [2018.11.09-04.29.33:035][  0]LogAudio: Warning: Can't increase channels past starting number!
11-08 22:29:33.046 31466 31492 D UE4     : [2018.11.09-04.29.33:046][  0]LogSlate: Updating window title bar state: overlay mode, drag disabled, window buttons hidden, title bar hidden
11-08 22:29:33.047 31466 31492 D UE4     : LogInit: Display: Game Engine Initialized.
11-08 22:29:33.047 31466 31492 D UE4     : 
11-08 22:29:33.047 31466 31492 D UE4     : [2018.11.09-04.29.33:047][  0]LogInit: Display: Game Engine Initialized.
11-08 22:29:33.047 31466 31492 D UE4     : LogGameplayTags: Display: UGameplayTagsManager::DoneAddingNativeTags. DelegateIsBound: 0
11-08 22:29:33.047 31466 31492 D UE4     : 
11-08 22:29:33.047 31466 31492 D UE4     : [2018.11.09-04.29.33:047][  0]LogGameplayTags: Display: UGameplayTagsManager::DoneAddingNativeTags. DelegateIsBound: 0
11-08 22:29:33.047 31466 31492 D UE4     : [2018.11.09-04.29.33:047][  0]LogStats: UGameplayTagsManager::ConstructGameplayTagTree: ImportINI prefixes -  0.000 s
11-08 22:29:33.047 31466 31492 D UE4     : [2018.11.09-04.29.33:047][  0]LogStats: UGameplayTagsManager::ConstructGameplayTagTree: Construct from data asset -  0.000 s
11-08 22:29:33.048 31466 31492 D UE4     : [2018.11.09-04.29.33:048][  0]LogStats: UGameplayTagsManager::ConstructGameplayTagTree: ImportINI -  0.000 s
11-08 22:29:33.048 31466 31492 D UE4     : [2018.11.09-04.29.33:048][  0]LogStats: UGameplayTagsManager::ConstructGameplayTagTree: GameplayTagTreeChangedEvent.Broadcast -  0.000 s
11-08 22:29:33.123 31466 31492 D UE4     : LogInit: Display: Starting Game.
11-08 22:29:33.123 31466 31492 D UE4     : 
11-08 22:29:33.123 31466 31492 D UE4     : [2018.11.09-04.29.33:123][  0]LogInit: Display: Starting Game.
11-08 22:29:33.123 31466 31492 D UE4     : [2018.11.09-04.29.33:123][  0]LogNet: Browse: /Game/Maps/MainGame?Name=Player
11-08 22:29:33.124 31466 31492 D UE4     : [2018.11.09-04.29.33:124][  0]LogLoad: LoadMap: /Game/Maps/MainGame?Name=Player
11-08 22:29:33.505 31466 31492 D UE4     : [2018.11.09-04.29.33:505][  0]LogAIModule: Creating AISystem for world MainGame
11-08 22:29:33.506 31466 31492 D UE4     : [2018.11.09-04.29.33:506][  0]LogLoad: Game class is 'MenuGameMode_C'
11-08 22:29:33.511 31466 31492 D UE4     : [2018.11.09-04.29.33:511][  0]LogWorld: Bringing World /Game/Maps/MainGame.MainGame up for play (max tick rate 0) at 2018.11.08-22.29.33
11-08 22:29:33.512 31466 31492 D UE4     : [2018.11.09-04.29.33:512][  0]LogWorld: Bringing up level for play took: 0.004245
11-08 22:29:33.513 31466 31492 D UE4     : LogOnline: Warning: FOnlineSubsystemGooglePlayModule was disabled
11-08 22:29:33.513 31466 31492 D UE4     : 
11-08 22:29:33.513 31466 31492 D UE4     : [2018.11.09-04.29.33:513][  0]LogOnline: Warning: FOnlineSubsystemGooglePlayModule was disabled
11-08 22:29:33.515 31466 31492 D UE4     : [2018.11.09-04.29.33:515][  0]LogGameMode: FindPlayerStart: PATHS NOT DEFINED or NO PLAYERSTART with positive rating
11-08 22:29:33.518 31466 31492 D UE4     : LogUMG: Display: Widget Class MainMenuWidget_C - Loaded Fast Template.
11-08 22:29:33.518 31466 31492 D UE4     : 
11-08 22:29:33.518 31466 31492 D UE4     : [2018.11.09-04.29.33:518][  0]LogUMG: Display: Widget Class MainMenuWidget_C - Loaded Fast Template.
11-08 22:29:33.528 31466 31492 D UE4     : [2018.11.09-04.29.33:528][  0]LogSlate: Took 0.000476 seconds to synchronously load lazily loaded font '../../../Engine/Content/Slate/Fonts/Roboto-Regular.ttf' (155K)
11-08 22:29:33.533 31466 31492 D UE4     : [2018.11.09-04.29.33:533][  0]LogLoad: Took 0.408380 seconds to LoadMap(/Game/Maps/MainGame)
11-08 22:29:33.535 31466 31492 D UE4     : [2018.11.09-04.29.33:535][  0]LogSlate: Took 0.000574 seconds to synchronously load lazily loaded font '../../../Engine/Content/EngineFonts/Faces/RobotoBold.ufont' (160K)
11-08 22:29:33.547 31466 31554 D UE4     : *** JavaEnvDestructor: 31554
11-08 22:29:33.587 24720 24720 V BugleNetwork: Ditto lock already released.
11-08 22:29:33.587 24720 24720 D BugleServices: Destroying DittoForegroundService...
11-08 22:29:33.591   898   915 I ActivityManager: Killing 27293:com.google.android.contacts/u0a20 (adj 906): empty #17
11-08 22:29:33.593   898   970 W libprocessgroup: kill(-27293, 9) failed: No such process
11-08 22:29:33.606 31466 31552 D UE4     : AndroidEGL::ResetDisplay()
11-08 22:29:33.608 31466 31552 D UE4     : *** JavaEnvDestructor: 31552
11-08 22:29:33.615 31466 31492 D UE4     : [2018.11.09-04.29.33:615][  0]LogAndroid: Passed GEngineLoop.Init()
11-08 22:29:33.617 31466 31492 D UE4     : LogModuleManager: Warning: ModuleManager: Module 'FunctionalTesting' not found - its StaticallyLinkedModuleInitializers function is null.
11-08 22:29:33.617 31466 31492 D UE4     : 
11-08 22:29:33.617 31466 31492 D UE4     : [2018.11.09-04.29.33:617][  0]LogModuleManager: Warning: ModuleManager: Module 'FunctionalTesting' not found - its StaticallyLinkedModuleInitializers function is null.
11-08 22:29:33.620 31466 31492 D UE4     : LogAndroidEvents: Display: DequeueAppEvent : 9, 0
11-08 22:29:33.620 31466 31492 D UE4     : 
11-08 22:29:33.620 31466 31492 D UE4     : [2018.11.09-04.29.33:620][  0]LogAndroidEvents: Display: DequeueAppEvent : 9, 0
11-08 22:29:33.620 31466 31492 D UE4     : LogAndroidEvents: Display: DequeueAppEvent : 7, 0
11-08 22:29:33.620 31466 31492 D UE4     : 
11-08 22:29:33.620 31466 31492 D UE4     : [2018.11.09-04.29.33:620][  0]LogAndroidEvents: Display: DequeueAppEvent : 7, 0
11-08 22:29:33.620 31466 31492 D UE4     : LogAndroidEvents: Display: DequeueAppEvent : 0, 3564247048
11-08 22:29:33.620 31466 31492 D UE4     : 
11-08 22:29:33.620 31466 31492 D UE4     : [2018.11.09-04.29.33:620][  0]LogAndroidEvents: Display: DequeueAppEvent : 0, 3564247048
11-08 22:29:33.620 31466 31492 D UE4     : APP_EVENT_STATE_WINDOW_CREATED, 0, 0, 1
11-08 22:29:33.620 31466 31492 D UE4     : LogAndroidEvents: Display: ExecWindowCreated
11-08 22:29:33.620 31466 31492 D UE4     : 
11-08 22:29:33.620 31466 31492 D UE4     : [2018.11.09-04.29.33:620][  0]LogAndroidEvents: Display: ExecWindowCreated
11-08 22:29:33.620 31466 31492 D UE4     : AndroidEGL::ReInitWindow()
11-08 22:29:33.620 31466 31492 D UE4     : AndroidEGL::ReInit()
11-08 22:29:33.620 31466 31492 D UE4     : AndroidEGL::ResetDisplay()
11-08 22:29:33.620 31466 31492 D UE4     : AndroidEGL::InitSurface 0, 1
11-08 22:29:33.620 31466 31492 D UE4     : AndroidEGL::CreateEGLSurface() Already initialized: 0xd492dc80
11-08 22:29:33.620 31466 31492 D UE4     : ExecWindowCreated, 0, 1, 1
11-08 22:29:33.620 31466 31492 D UE4     : [2018.11.09-04.29.33:620][  0]LogTemp: Android resume audio
11-08 22:29:33.622 31466 31492 D UE4     : Registering volume receiver
11-08 22:29:33.626 31466 31492 D UE4     : startVolumeReceiver: 8
11-08 22:29:33.626 31466 31492 D UE4     : nativeVolumeEvent(8)
11-08 22:29:33.626 31466 31492 D UE4     : Registering battery receiver
11-08 22:29:33.627 31466 31492 D UE4     : Registering headset receiver
11-08 22:29:33.629 31466 31492 D UE4     : startHeadsetReceiver: 0
11-08 22:29:33.629 31466 31492 D UE4     : nativeHeadsetEvent(0)
11-08 22:29:33.633 31466 31466 D UE4     : Battery: status = 5, rawlevel = 100, scale = 100
11-08 22:29:33.634 31466 31466 D UE4     : nativeBatteryEvent(stat = 5, lvl = 100  temp = 28.70 C)
11-08 22:29:33.638   898   970 W libprocessgroup: kill(-27293, 9) failed: No such process
11-08 22:29:33.639 31466 31560 D UE4     : *** JavaEnvDestructor: 31560
11-08 22:29:33.652   633   633 I Zygote  : Process 27293 exited due to signal (9)
11-08 22:29:33.683   898   970 W libprocessgroup: kill(-27293, 9) failed: No such process
11-08 22:29:33.684   898   970 I libprocessgroup: Successfully killed process cgroup uid 10020 pid 27293 in 91ms
11-08 22:29:33.768 31466 31558 D UE4     : *** JavaEnvDestructor: 31558
11-08 22:29:33.768 31466 31559 D UE4     : *** JavaEnvDestructor: 31559
11-08 22:29:33.769 31466 31557 D UE4     : *** JavaEnvDestructor: 31557
11-08 22:29:33.870 31466 31492 D UE4     : [2018.11.09-04.29.33:870][  0]LogRenderer: Reallocating scene render targets to support 1280x720 Format 2 NumSamples 1 (Frame:1).
11-08 22:29:33.870 31466 31492 D UE4     : [2018.11.09-04.29.33:870][  0]LogUdpMessaging: Initializing bridge on interface 0.0.0.0:0 to multicast group 230.0.0.1:6666.
11-08 22:29:34.720 31466 31555 D UE4     : *** JavaEnvDestructor: 31555
11-08 22:29:34.724 31466 31556 D UE4     : *** JavaEnvDestructor: 31556
11-08 22:29:34.830 31466 31492 D UE4     : [2018.11.09-04.29.34:829][  0]LogTcpMessaging: Initializing TcpMessaging bridge, listening on 127.0.0.1:6666
11-08 22:29:34.837 31466 31492 D UE4     : Execution has been resumed!
11-08 22:29:34.837 31466 31492 D UE4     : LogAndroidEvents: Display: DequeueAppEvent : 6, 0
11-08 22:29:34.837 31466 31492 D UE4     : 
11-08 22:29:34.838 31466 31492 D UE4     : [2018.11.09-04.29.34:837][  0]LogAndroidEvents: Display: DequeueAppEvent : 6, 0
11-08 22:29:34.873 31466 31579 D UE4     : *** JavaEnvDestructor: 31579
11-08 22:29:34.878 24720 31027 I BugleNetwork: Received onNext in BindHandlerV2: PONG
11-08 22:29:34.878 24720 31027 I BugleNetwork: handlePong()
11-08 22:29:35.133   898   898 V SettingsProvider: Notifying for 0: content://settings/system/screen_brightness
11-08 22:29:35.464   898  9076 D OpenGLRenderer: endAllActiveAnimators on 0x7ce33c9c00 (RippleDrawable) with handle 0x7ceb77d600
11-08 22:29:35.495 31466 31466 V threaded_app: WindowFocusChanged: 0xed39dc00 -- 1
11-08 22:29:35.495 31466 31493 D UE4     : LogAndroidEvents: EnqueueAppEvent : 11, 0, tid = 31493
11-08 22:29:35.503 31466 31466 D UE4     : === Restoring Transparent Bars due to Visibility Change ===
11-08 22:29:35.503 31466 31466 D UE4     : === Restoring Transparent Bars ===
11-08 22:29:35.661   493  1014 W SurfaceFlinger: Attempting to set client state on removed layer: Dim Layer for - mAboveAppWindowsContainers#1
11-08 22:29:35.666   493  1014 W SurfaceFlinger: Attempting to destroy on removed layer: 9974d48 DeprecatedTargetSdkVersionDialog#0
11-08 22:29:35.881 31466 31577 D UE4     : *** JavaEnvDestructor: 31577
11-08 22:29:35.881 31466 31578 D UE4     : *** JavaEnvDestructor: 31578
11-08 22:29:35.882 31466 31576 D UE4     : *** JavaEnvDestructor: 31576
11-08 22:29:36.800   674   853 I nanohub : osLog: [AR_CHRE] still: 28
11-08 22:29:36.834 31466 31580 D UE4     : *** JavaEnvDestructor: 31580
11-08 22:29:36.840 31466 31581 D UE4     : *** JavaEnvDestructor: 31581
11-08 22:29:36.940 31466 31492 D UE4     : Unregistering volume receiver
11-08 22:29:36.942 31466 31492 D UE4     : Unregistering battery receiver
11-08 22:29:36.943 31466 31492 D UE4     : Unregistering headset receiver
11-08 22:29:36.948 31466 31573 D UE4     : *** JavaEnvDestructor: 31573
11-08 22:29:36.949 31466 31492 D UE4     : [2018.11.09-04.29.36:949][  0]LogAndroid: Case APP_CMD_GAINED_FOCUS
11-08 22:29:36.958 31466 31572 D UE4     : AndroidEGL::ResetDisplay()
11-08 22:29:36.959 31466 31572 D UE4     : *** JavaEnvDestructor: 31572
11-08 22:29:36.959 31466 31492 D UE4     : [2018.11.09-04.29.36:959][  0]LogTemp: Android pause audio
11-08 22:29:36.963 31466 31492 D UE4     : Execution has been paused...
11-08 22:29:36.963 31466 31492 D UE4     : LogAndroidEvents: Display: DequeueAppEvent : 7, 0
11-08 22:29:36.963 31466 31492 D UE4     : 
11-08 22:29:36.963 31466 31492 D UE4     : [2018.11.09-04.29.36:963][  0]LogAndroidEvents: Display: DequeueAppEvent : 7, 0
11-08 22:29:36.993 31466 31492 D UE4     : [2018.11.09-04.29.36:993][  0]LogTemp: Android resume audio
11-08 22:29:36.993 31466 31492 D UE4     : Registering volume receiver
11-08 22:29:36.996 31466 31492 D UE4     : startVolumeReceiver: 8
11-08 22:29:36.996 31466 31492 D UE4     : nativeVolumeEvent(8)
11-08 22:29:36.996 31466 31492 D UE4     : Registering battery receiver
11-08 22:29:36.998 31466 31492 D UE4     : Registering headset receiver
11-08 22:29:37.000 31466 31492 D UE4     : startHeadsetReceiver: 0
11-08 22:29:37.000 31466 31492 D UE4     : nativeHeadsetEvent(0)
11-08 22:29:37.000 31466 31492 D UE4     : [2018.11.09-04.29.37:000][  0]LogUdpMessaging: Initializing bridge on interface 0.0.0.0:0 to multicast group 230.0.0.1:6666.
11-08 22:29:37.008 31466 31492 D UE4     : [2018.11.09-04.29.37:008][  0]LogTcpMessaging: Initializing TcpMessaging bridge, listening on 127.0.0.1:6666
11-08 22:29:37.011 31466 31492 D UE4     : Execution has been resumed!
11-08 22:29:37.011 31466 31492 D UE4     : LogAndroidEvents: Display: DequeueAppEvent : 11, 0
11-08 22:29:37.011 31466 31492 D UE4     : 
11-08 22:29:37.011 31466 31492 D UE4     : [2018.11.09-04.29.37:011][  0]LogAndroidEvents: Display: DequeueAppEvent : 11, 0
11-08 22:29:37.052 31466 31571 D         : PlayerBase::PlayerBase()
11-08 22:29:37.053 31466 31571 D         : TrackPlayerBase::TrackPlayerBase()
11-08 22:29:37.053 31466 31571 I libOpenSLES: Emulating old channel mask behavior (ignoring positional mask 0x3, using default mask 0x3 based on channel count of 2)
11-08 22:29:37.062   681   681 D AudioFlinger: Client defaulted notificationFrames to 590 for frameCount 1772
11-08 22:29:37.065 31466 31571 W AudioTrack: AUDIO_OUTPUT_FLAG_FAST denied by server; frameCount 0 -> 1772
11-08 22:29:37.081   640   640 W AshmemAllocator: ashmem_create_region(7680) returning hidl_memory(0x74f522c100, 7680)
11-08 22:29:37.084   640   640 W AshmemAllocator: ashmem_create_region(7680) returning hidl_memory(0x74f522c100, 7680)
11-08 22:29:37.109   643 14552 E volume_listener: check_and_set_gain_dep_cal: Failed to set gain dep cal level
11-08 22:29:37.112  1871  1873 E ANDR-PERF-OPTSHANDLER: Warning: Resource [2, 0] not supported for core 1. Instead use resource for core 0
11-08 22:29:37.113  1871  1873 E ANDR-PERF-RESOURCEQS: Failed to apply optimization [2, 2, 0]
11-08 22:29:37.115   643 15880 I ACDB-LOADER: ACDB AFE returned = -19
11-08 22:29:37.115   643 15880 D hardware_info: hw_info_append_hw_type : device_name = speaker
11-08 22:29:37.116   643 15880 D audio_hw_primary: enable_snd_device: snd_device(2: speaker)
11-08 22:29:37.116   643 15880 D audio_route: Apply path: speaker
11-08 22:29:37.116   643 15880 D audio_hw_primary: enable_audio_route: usecase(5) apply and update mixer path: audio-ull-playback speaker
11-08 22:29:37.116   643 15880 D audio_route: Apply path: audio-ull-playback speaker
11-08 22:29:37.134   643 15880 D audio_hw_primary: out_write: retry previous failed cal level set
11-08 22:29:37.156   643 14552 E volume_listener: check_and_set_gain_dep_cal: Failed to set gain dep cal level
11-08 22:29:37.425 31466 31492 D UE4     : [2018.11.09-04.29.37:425][  0]LogRHI: AndroidEGL:SwapBuffers Min=0, Max=1, Request=1, SetDriver=1
11-08 22:29:37.426 31466 31492 D UE4     : [2018.11.09-04.29.37:426][  0]LogSlate: Slate font cache was flushed
11-08 22:29:37.439 31466 31492 D UE4     : [2018.11.09-04.29.37:439][  1]LogSlate: Took 0.000493 seconds to synchronously load lazily loaded font '../../../Engine/Content/Slate/Fonts/Roboto-Regular.ttf' (155K)
11-08 22:29:37.521   898   898 I chatty  : uid=1000 system_server identical 1 line
11-08 22:29:38.645 31466 31493 V threaded_app: New input event: type=2
11-08 22:29:38.696 31466 31493 I chatty  : uid=10342(com.TeamNA.GiftGame) identical 4 lines
11-08 22:29:39.158 31466 31493 V threaded_app: New input event: type=2
11-08 22:29:39.166 31466 31492 D UE4     : [2018.11.09-04.29.39:166][106]LogSlate: FSceneViewport::OnFocusLost() reason 0
11-08 22:29:39.190 31466 31493 V threaded_app: New input event: type=2
11-08 22:29:39.216 31466 31493 I chatty  : uid=10342(com.TeamNA.GiftGame) identical 2 lines
11-08 22:29:39.216 31466 31493 V threaded_app: New input event: type=2
11-08 22:29:39.237 31466 31492 D UE4     : [2018.11.09-04.29.39:237][110]LogSlate: Took 0.000523 seconds to synchronously load lazily loaded font '../../../Engine/Content/EngineFonts/Faces/RobotoBold.ufont' (160K)
11-08 22:29:39.704   898   898 V SettingsProvider: Notifying for 0: content://settings/system/screen_brightness
11-08 22:29:39.818 31466 31493 V threaded_app: New input event: type=2
11-08 22:29:39.839 31466 31493 I chatty  : uid=10342(com.TeamNA.GiftGame) identical 1 line
11-08 22:29:39.858 31466 31493 V threaded_app: New input event: type=2
11-08 22:29:39.868 31466 31492 D UE4     : LogUMG: Display: Widget Class MainGameWidget_C - Loaded Fast Template.
11-08 22:29:39.868 31466 31492 D UE4     : 
11-08 22:29:39.868 31466 31492 D UE4     : [2018.11.09-04.29.39:868][148]LogUMG: Display: Widget Class MainGameWidget_C - Loaded Fast Template.
11-08 22:29:40.730 31291 31306 W CrashLoopRemedyLog: unable to delete remedy log, instaCrash: true
11-08 22:29:40.992 31466 31493 V threaded_app: New input event: type=1
11-08 22:29:40.999 31466 31493 V threaded_app: New input event: type=1
11-08 22:29:40.999 31466 31493 D UE4     : Received keycode: 24, softkey: 0
11-08 22:29:40.999 31466 31493 D UE4     : Received key event: 24
11-08 22:29:40.999 31466 31466 D UE4     : === Restoring Transparent Bars due to KeyCode ===
11-08 22:29:40.999 31466 31466 D UE4     : === Restoring Transparent Bars ===
11-08 22:29:41.002   898  2257 D MediaSessionService: dispatchVolumeKeyEvent, pkg=com.TeamNA.GiftGame, pid=31466, uid=10342, asSystem=true, event=KeyEvent { action=ACTION_DOWN, keyCode=KEYCODE_VOLUME_UP, scanCode=115, metaState=0, flags=0x8, repeatCount=0, eventTime=147198355, downTime=147198355, deviceId=9, source=0x101 }
11-08 22:29:41.003   898  2257 D MediaSessionService: Adjusting null by 1. flags=4113, suggestedStream=3, preferSuggestedStream=true
11-08 22:29:41.011  1400  1686 I vol.Events: writeEvent active_stream_changed STREAM_MUSIC
11-08 22:29:41.017  1400  1686 I vol.Events: writeEvent key STREAM_MUSIC 8
11-08 22:29:41.041  1400  1400 I vol.Events: writeEvent show_dialog volume_changed keyguard=false
11-08 22:29:41.103   898  1162 E system_server: No package ID ff found for ID 0xffffffff.
11-08 22:29:41.343 31466 31493 V threaded_app: New input event: type=1
11-08 22:29:41.345 31466 31493 V threaded_app: New input event: type=1
11-08 22:29:41.345 31466 31493 D UE4     : Received keycode: 24, softkey: 0
11-08 22:29:41.345 31466 31493 D UE4     : Received key event: 24
11-08 22:29:41.345 31466 31466 D UE4     : === Restoring Transparent Bars due to KeyCode ===
11-08 22:29:41.346 31466 31466 D UE4     : === Restoring Transparent Bars ===
11-08 22:29:41.347   898  2257 D MediaSessionService: dispatchVolumeKeyEvent, pkg=com.TeamNA.GiftGame, pid=31466, uid=10342, asSystem=true, event=KeyEvent { action=ACTION_DOWN, keyCode=KEYCODE_VOLUME_UP, scanCode=115, metaState=0, flags=0x88, repeatCount=1, eventTime=147198856, downTime=147198355, deviceId=9, source=0x101 }
11-08 22:29:41.347   898  2257 D MediaSessionService: Adjusting null by 1. flags=4113, suggestedStream=3, preferSuggestedStream=true
11-08 22:29:41.355  1400  1400 I vol.Events: writeEvent show_dialog volume_changed keyguard=false
11-08 22:29:41.392 31466 31493 V threaded_app: New input event: type=1
11-08 22:29:41.393 31466 31493 V threaded_app: New input event: type=1
11-08 22:29:41.393 31466 31493 D UE4     : Received keycode: 24, softkey: 0
11-08 22:29:41.393 31466 31493 D UE4     : Received key event: 24
11-08 22:29:41.394 31466 31466 D UE4     : === Restoring Transparent Bars due to KeyCode ===
11-08 22:29:41.394 31466 31466 D UE4     : === Restoring Transparent Bars ===
11-08 22:29:41.394   898  2136 D MediaSessionService: dispatchVolumeKeyEvent, pkg=com.TeamNA.GiftGame, pid=31466, uid=10342, asSystem=true, event=KeyEvent { action=ACTION_DOWN, keyCode=KEYCODE_VOLUME_UP, scanCode=115, metaState=0, flags=0x8, repeatCount=2, eventTime=147198906, downTime=147198355, deviceId=9, source=0x101 }
11-08 22:29:41.395   898  2136 D MediaSessionService: Adjusting null by 1. flags=4113, suggestedStream=3, preferSuggestedStream=true
11-08 22:29:41.405  1400  1400 I vol.Events: writeEvent show_dialog volume_changed keyguard=false
11-08 22:29:41.444 31466 31493 V threaded_app: New input event: type=1
11-08 22:29:41.445 31466 31493 V threaded_app: New input event: type=1
11-08 22:29:41.445 31466 31493 D UE4     : Received keycode: 24, softkey: 0
11-08 22:29:41.445 31466 31493 D UE4     : Received key event: 24
11-08 22:29:41.446 31466 31466 D UE4     : === Restoring Transparent Bars due to KeyCode ===
11-08 22:29:41.446 31466 31466 D UE4     : === Restoring Transparent Bars ===
11-08 22:29:41.447   898  2257 D MediaSessionService: dispatchVolumeKeyEvent, pkg=com.TeamNA.GiftGame, pid=31466, uid=10342, asSystem=true, event=KeyEvent { action=ACTION_DOWN, keyCode=KEYCODE_VOLUME_UP, scanCode=115, metaState=0, flags=0x8, repeatCount=3, eventTime=147198957, downTime=147198355, deviceId=9, source=0x101 }
11-08 22:29:41.448   898  2257 D MediaSessionService: Adjusting null by 1. flags=4113, suggestedStream=3, preferSuggestedStream=true
11-08 22:29:41.457 31466 31466 D UE4     : OnReceive VOLUME_CHANGED_ACTION
11-08 22:29:41.457 31466 31466 D UE4     : skipping volume change from stream 10
11-08 22:29:41.462 31466 31466 D UE4     : OnReceive VOLUME_CHANGED_ACTION
11-08 22:29:41.462 31466 31466 D UE4     : skipping volume change from stream 9
11-08 22:29:41.462 31466 31466 D UE4     : OnReceive VOLUME_CHANGED_ACTION
11-08 22:29:41.462 31466 31466 D UE4     : nativeVolumeEvent(9)
11-08 22:29:41.468  1400  1686 I vol.Events: writeEvent level_changed STREAM_MUSIC 9
11-08 22:29:41.468  1400  1686 I vol.Events: writeEvent key STREAM_MUSIC 9
11-08 22:29:41.479   643 20163 E volume_listener: check_and_set_gain_dep_cal: Failed to set gain dep cal level
11-08 22:29:41.483  1400  1400 I vol.Events: writeEvent show_dialog volume_changed keyguard=false
11-08 22:29:41.495 31466 31493 V threaded_app: New input event: type=1
11-08 22:29:41.496 31466 31493 V threaded_app: New input event: type=1
11-08 22:29:41.496 31466 31493 D UE4     : Received keycode: 24, softkey: 0
11-08 22:29:41.496 31466 31493 D UE4     : Received key event: 24
11-08 22:29:41.497 31466 31466 D UE4     : === Restoring Transparent Bars due to KeyCode ===
11-08 22:29:41.497 31466 31466 D UE4     : === Restoring Transparent Bars ===
11-08 22:29:41.498   898  2257 D MediaSessionService: dispatchVolumeKeyEvent, pkg=com.TeamNA.GiftGame, pid=31466, uid=10342, asSystem=true, event=KeyEvent { action=ACTION_DOWN, keyCode=KEYCODE_VOLUME_UP, scanCode=115, metaState=0, flags=0x8, repeatCount=4, eventTime=147199007, downTime=147198355, deviceId=9, source=0x101 }
11-08 22:29:41.499   898  2257 D MediaSessionService: Adjusting null by 1. flags=4113, suggestedStream=3, preferSuggestedStream=true
11-08 22:29:41.506 31466 31466 D UE4     : === Restoring Transparent Bars ===
11-08 22:29:41.514  1400  1686 I vol.Events: writeEvent level_changed STREAM_MUSIC 10
11-08 22:29:41.515  1400  1686 I vol.Events: writeEvent key STREAM_MUSIC 10
