11-09 20:51:18.263  2886  2886 I SKBD    : SamsungKeypad [HWKeyboard] This input is not processed by SKBD.
11-09 20:51:18.264  1062  1342 V APM_AudioPolicyManager: getAudioPolicyConfig: audioParam;isFMRadioRecording
11-09 20:51:18.264  1062  1342 V APM_AudioPolicyManager: FM radio recording off
11-09 20:51:18.265  2886  2886 I SKBDC   : TymeCore cASl
11-09 20:51:18.265  2886  2886 I SKBDC   : ?? 50
11-09 20:51:18.265  2886  2886 I SKBDC   : TymeCore sCL 0
11-09 20:51:18.265  2886  2886 I SKBDC   : TymeCore sSf
11-09 20:51:18.265  2886  2886 D InputMethodService: onKeyDown not B key
11-09 20:51:18.266  1936  4730 D AudioService: getStreamVolume 5 index 0
11-09 20:51:18.266  5567  5595 V threaded_app: New input event: type=1
11-09 20:51:18.266  5567  5595 D UE4     : Received keycode: 24, softkey: 0
11-09 20:51:18.266  5567  5595 D UE4     : Received key event: 24
11-09 20:51:18.268  5567  5567 D ViewRootImpl@916ac0b[GameActivity]: ViewPostIme key 0
11-09 20:51:18.269  5567  5567 D UE4     : === Restoring Transparent Bars due to KeyCode ===
11-09 20:51:18.269  5567  5567 D UE4     : === Restoring Transparent Bars ===
11-09 20:51:18.270  2905  2928 D vol.VolumeDialogControl.VC: volumeChanged STREAM_MUSIC SHOW_UI,VIBRATE,FROM_KEY
11-09 20:51:18.270  1936  2971 D MediaSessionService: dispatchVolumeKeyEvent, pid=5567, uid=10536, event=KeyEvent { action=ACTION_DOWN, keyCode=KEYCODE_VOLUME_UP, scanCode=115, metaState=0, flags=0x8, repeatCount=6, eventTime=276577114, downTime=276576360, deviceId=7, displayId=0, source=0x101 }
11-09 20:51:18.272  2905  2905 D vol.SecVolumeDialogImpl: updateWindowWidth lp.width=1248, mCurrentWindowWidth = 1248
11-09 20:51:18.272  1936  1936 I FMRadioService: *** mVolumeEventReceiver: ACTION  - android.media.VOLUME_CHANGED_ACTION
11-09 20:51:18.272  1936  1936 I FMRadioService: Stream: 3  and volume: 15
11-09 20:51:18.273  2905  2905 D vol.SecVolumeDialogImpl: onStateChangedH animating=false
11-09 20:51:18.275  1936  1936 I FMRadioService: *** mVolumeEventReceiver: ACTION  - android.media.VOLUME_CHANGED_ACTION
11-09 20:51:18.275  1936  1936 I FMRadioService: Stream: 3  and volume: 15
11-09 20:51:18.277  1936  2971 D MediaSessionService: Adjusting null by 1. flags=4113, suggestedStream=3, preferSuggestedStream=true
11-09 20:51:18.285  1936  4730 D AudioService: getStreamVolume 1 index 0
11-09 20:51:18.286  1936  4728 D AudioService: getStreamVolume 3 index 150
11-09 20:51:18.287  2905  3250 D vol.VolumeDialogControl: onVolumeChangedW stream = 3, flags = 4113, lastAudibleStreamVolume = 1500
11-09 20:51:18.287  1936  4730 D AudioService: getStreamVolume 6 index 70
11-09 20:51:18.288  2905  2905 D vol.SecVolumeDialogImpl: updateVolumeRowH s=2, ss.level : 0, row.lastAudibleLevel : 1, row.ss.muted : true
11-09 20:51:18.289  2905  2905 D vol.SecVolumeDialogImpl: updateVolumeRowH s=3, ss.level : 1500, row.lastAudibleLevel : 1400, row.ss.muted : false
11-09 20:51:18.289  2905  2905 D vol.SecVolumeDialogImpl: updateVolumeRowH s=5, ss.level : 0, row.lastAudibleLevel : 1, row.ss.muted : true
11-09 20:51:18.290  2905  2905 D vol.SecVolumeDialogImpl: updateVolumeRowH s=1, ss.level : 0, row.lastAudibleLevel : 1, row.ss.muted : true
11-09 20:51:18.290  2905  2905 D vol.SecVolumeDialogImpl: updateVolumeRowH s=4, ss.level : 11, row.lastAudibleLevel : 11, row.ss.muted : false
11-09 20:51:18.292  2905  2905 D vol.SecVolumeDialogImpl: updateVolumeRowH s=0, ss.level : 4, row.lastAudibleLevel : 4, row.ss.muted : false
11-09 20:51:18.292  2905  2905 D vol.SecVolumeDialogImpl: updateVolumeRowH s=6, ss.level : 7, row.lastAudibleLevel : 7, row.ss.muted : false
11-09 20:51:18.292  2905  2905 D vol.SecVolumeDialogImpl: updateVolumeRowH s=10, ss.level : 0, row.lastAudibleLevel : 7, row.ss.muted : false
11-09 20:51:18.294  2905  2905 D vol.SecVolumeDialogImpl: updateVolumeRowH s=14, ss.level : 7, row.lastAudibleLevel : 7, row.ss.muted : false
11-09 20:51:18.294  2905  2905 D vol.SecVolumeDialogImpl: updateVolumeRowH s=11, ss.level : 0, row.lastAudibleLevel : 1, row.ss.muted : false
11-09 20:51:18.294  5567  5567 D UE4     : OnReceive VOLUME_CHANGED_ACTION
11-09 20:51:18.294  2905  2905 D vol.SecVolumeDialogImpl: updateVolumeRowH s=12, ss.level : 820, row.lastAudibleLevel : 820, row.ss.muted : false
11-09 20:51:18.294  2905  2905 D vol.SecVolumeDialogImpl: showH r=volume_changed, mShowing : true
11-09 20:51:18.294  5567  5567 D UE4     : nativeVolumeEvent(15)
11-09 20:51:18.295  2905  2905 D vol.SecVolumeDialogImpl: rescheduleTimeout 1500 com.android.systemui.volume.SecVolumeDialogImpl.showH:1273
11-09 20:51:18.295  2905  2928 D vol.VolumeDialogControl.VC: isSafeVolumeDialogShowing : false
11-09 20:51:18.295  1936  4728 D AudioService: getStreamVolume 4 index 110
11-09 20:51:18.297  1936  1936 D AudioService: isEnabled
11-09 20:51:18.297  1936  4730 D AudioService: GetAppDevice, uid=1000
11-09 20:51:18.297  2905  2928 D vol.VolumeDialogControl.VC: isSafeVolumeDialogShowing : false
11-09 20:51:18.298  1936  4730 D AudioService: getStreamVolume 3 index 150
11-09 20:51:18.298  1936  4730 D PowerManagerService: [api] [s] userActivity : event: 0 flags: 0 (uid: 10063 pid: 2905) eventTime = 276577149
11-09 20:51:18.299  1062  1342 V APM_AudioPolicyManager: getAudioPolicyConfig: audioParam;isFMRadioRecording
11-09 20:51:18.299  1062  1342 V APM_AudioPolicyManager: FM radio recording off
11-09 20:51:18.299  3764  3764 V UniSet-Utils: notifySettingsChange: volume_music_speaker
11-09 20:51:18.300  3764  3764 W ContextImpl: Calling a method in the system process without a qualified user: android.app.ContextImpl.sendBroadcast:971 android.content.ContextWrapper.sendBroadcast:447 com.samsung.unifiedsettingservice.Utils.notifySettingsChange:144 com.samsung.unifiedsettingservice.settings.OtherSettings.checkKeyIfDirty:583 com.samsung.unifiedsettingservice.settings.OtherSettings.-wrap0:0 
11-09 20:51:18.303  2905  2928 D vol.VolumeDialogControl.VC: volumeChanged STREAM_MUSIC SHOW_UI,VIBRATE,FROM_KEY
11-09 20:51:18.304  1936  4728 D AudioService: getStreamVolume 3 index 150
11-09 20:51:18.304  2905  3250 D vol.VolumeDialogControl: onVolumeChangedW stream = 3, flags = 4113, lastAudibleStreamVolume = 1500
11-09 20:51:18.305  2905  2905 D vol.SecVolumeDialogImpl: showH r=volume_changed, mShowing : true
11-09 20:51:18.308  1936  1936 I FMRadioService: *** mVolumeEventReceiver: ACTION  - android.media.VOLUME_CHANGED_ACTION
11-09 20:51:18.308  1936  1936 I FMRadioService: Stream: 3  and volume: 15
11-09 20:51:18.309  1936  4730 D AudioService: getStreamVolume 5 index 0
11-09 20:51:18.310  5567  5567 D UE4     : OnReceive VOLUME_CHANGED_ACTION
11-09 20:51:18.310  1936  4730 D AudioService: getStreamVolume 1 index 0
11-09 20:51:18.311  5567  5567 D UE4     : nativeVolumeEvent(15)
11-09 20:51:18.312  2905  2905 D vol.SecVolumeDialogImpl: rescheduleTimeout 1500 com.android.systemui.volume.SecVolumeDialogImpl.showH:1273
11-09 20:51:18.312  2905  2905 D vol.SecVolumeDialogImpl: showH r=volume_changed, mShowing : true
11-09 20:51:18.313  2905  2905 D vol.SecVolumeDialogImpl: rescheduleTimeout 1500 com.android.systemui.volume.SecVolumeDialogImpl.showH:1273
11-09 20:51:18.313  2905  2905 D vol.SecVolumeDialogImpl: STREAM_MUSIC onProgressChanged 1415 fromUser=false
11-09 20:51:18.313  1936  4728 D PowerManagerService: [api] [s] userActivity : event: 0 flags: 0 (uid: 10063 pid: 2905) eventTime = 276577166
11-09 20:51:18.317  1936  2460 I InputDispatcher: Delivering key to (5567): action: 0x0 (7)
11-09 20:51:18.318  5567  5595 V threaded_app: New input event: type=1
11-09 20:51:18.319  1936  2971 D AudioService: getStreamVolume 6 index 70
11-09 20:51:18.319  2886  2886 I SKBD    : SamsungKeypad [HWKeyboard] This input is not processed by SKBD.
11-09 20:51:18.319  2886  2886 I SKBDC   : TymeCore cASl
11-09 20:51:18.320  2886  2886 I SKBDC   : ?? 50
11-09 20:51:18.320  2886  2886 I SKBDC   : TymeCore sCL 0
11-09 20:51:18.320  2886  2886 I SKBDC   : TymeCore sSf
11-09 20:51:18.320  2886  2886 D InputMethodService: onKeyDown not B key
11-09 20:51:18.322  1936  5540 W BroadcastQueue: Background execution not allowed: receiving Intent { act=android.media.VOLUME_CHANGED_ACTION flg=0x14000010 (has extras) } to com.samsung.android.game.gamehome/.receiver.VolumeControlReceiver
11-09 20:51:18.322  2905  2905 D vol.SecVolumeDialogImpl: STREAM_MUSIC onProgressChanged 1454 fromUser=false
11-09 20:51:18.323  5567  5595 V threaded_app: New input event: type=1
11-09 20:51:18.323  5567  5595 D UE4     : Received keycode: 24, softkey: 0
11-09 20:51:18.323  5567  5595 D UE4     : Received key event: 24
11-09 20:51:18.324  5567  5567 D ViewRootImpl@916ac0b[GameActivity]: ViewPostIme key 0
11-09 20:51:18.324  5567  5567 D UE4     : === Restoring Transparent Bars due to KeyCode ===
11-09 20:51:18.325  5567  5567 D UE4     : === Restoring Transparent Bars ===
11-09 20:51:18.326  1936  4728 D AudioService: getStreamVolume 4 index 110
11-09 20:51:18.327  1936  4728 D AudioService: GetAppDevice, uid=1000
11-09 20:51:18.328  1936  4730 D MediaSessionService: dispatchVolumeKeyEvent, pid=5567, uid=10536, event=KeyEvent { action=ACTION_DOWN, keyCode=KEYCODE_VOLUME_UP, scanCode=115, metaState=0, flags=0x8, repeatCount=7, eventTime=276577164, downTime=276576360, deviceId=7, displayId=0, source=0x101 }
11-09 20:51:18.328  1936  4728 D AudioService: getStreamVolume 3 index 150
11-09 20:51:18.330  1936  4728 D AudioService: getStreamVolume 5 index 0
11-09 20:51:18.334  1936  5540 D AudioService: getStreamVolume 1 index 0
11-09 20:51:18.334  1936  4730 D MediaSessionService: Adjusting null by 1. flags=4113, suggestedStream=3, preferSuggestedStream=true
11-09 20:51:18.338  2905  2905 D vol.SecVolumeDialogImpl: STREAM_MUSIC onProgressChanged 1480 fromUser=false
11-09 20:51:18.348  1936  2742 D AudioService: getStreamVolume 6 index 70
11-09 20:51:18.350  2905  2928 D vol.VolumeDialogControl.VC: isSafeVolumeDialogShowing : false
11-09 20:51:18.350  1936  2742 D AudioService: getStreamVolume 4 index 110
11-09 20:51:18.352  1936  2742 D AudioService: GetAppDevice, uid=1000
11-09 20:51:18.352  1936  2742 D AudioService: getStreamVolume 3 index 150
11-09 20:51:18.353  1936  1936 D AudioService: isEnabled
11-09 20:51:18.353  2905  2928 D vol.VolumeDialogControl.VC: isSafeVolumeDialogShowing : false
11-09 20:51:18.354  1936  5540 D AudioService: getStreamVolume 5 index 0
11-09 20:51:18.355  2905  2905 D vol.SecVolumeDialogImpl: STREAM_MUSIC onProgressChanged 1496 fromUser=false
11-09 20:51:18.357  1936  5540 D AudioService: getStreamVolume 1 index 0
11-09 20:51:18.358  1062  1342 V APM_AudioPolicyManager: getAudioPolicyConfig: audioParam;isFMRadioRecording
11-09 20:51:18.358  1062  1342 V APM_AudioPolicyManager: FM radio recording off
11-09 20:51:18.360  1936  5540 D AudioService: getStreamVolume 6 index 70
11-09 20:51:18.363  2905  2928 D vol.VolumeDialogControl.VC: volumeChanged STREAM_MUSIC SHOW_UI,VIBRATE,FROM_KEY
11-09 20:51:18.363  1936  2460 I InputDispatcher: Delivering key to (5567): action: 0x0 (8)
11-09 20:51:18.363  1936  1936 I FMRadioService: *** mVolumeEventReceiver: ACTION  - android.media.VOLUME_CHANGED_ACTION
11-09 20:51:18.363  1936  1936 I FMRadioService: Stream: 3  and volume: 15
11-09 20:51:18.365  5567  5595 V threaded_app: New input event: type=1
11-09 20:51:18.366  2886  2886 I SKBD    : SamsungKeypad [HWKeyboard] This input is not processed by SKBD.
11-09 20:51:18.366  5567  5567 D UE4     : OnReceive VOLUME_CHANGED_ACTION
11-09 20:51:18.366  2886  2886 I SKBDC   : TymeCore cASl
11-09 20:51:18.367  2886  2886 I SKBDC   : ?? 50
11-09 20:51:18.367  2886  2886 I SKBDC   : TymeCore sCL 0
11-09 20:51:18.367  2886  2886 I SKBDC   : TymeCore sSf
11-09 20:51:18.367  2886  2886 D InputMethodService: onKeyDown not B key
11-09 20:51:18.367  5567  5567 D UE4     : nativeVolumeEvent(15)
11-09 20:51:18.367  1936  2742 D AudioService: getStreamVolume 3 index 150
11-09 20:51:18.367  2905  3250 D vol.VolumeDialogControl: onVolumeChangedW stream = 3, flags = 4113, lastAudibleStreamVolume = 1500
11-09 20:51:18.367  2905  2905 D vol.SecVolumeDialogImpl: showH r=volume_changed, mShowing : true
11-09 20:51:18.368  1936  4730 D AudioService: getStreamVolume 4 index 110
11-09 20:51:18.368  2905  2905 D vol.SecVolumeDialogImpl: rescheduleTimeout 1500 com.android.systemui.volume.SecVolumeDialogImpl.showH:1273
11-09 20:51:18.368  1936  4728 D PowerManagerService: [api] [s] userActivity : event: 0 flags: 0 (uid: 10063 pid: 2905) eventTime = 276577221
11-09 20:51:18.368  5567  5595 V threaded_app: New input event: type=1
11-09 20:51:18.369  5567  5595 D UE4     : Received keycode: 24, softkey: 0
11-09 20:51:18.369  5567  5595 D UE4     : Received key event: 24
11-09 20:51:18.370  1936  4730 W BroadcastQueue: Background execution not allowed: receiving Intent { act=android.media.VOLUME_CHANGED_ACTION flg=0x14000010 (has extras) } to com.samsung.android.game.gamehome/.receiver.VolumeControlReceiver
11-09 20:51:18.370  5567  5567 D ViewRootImpl@916ac0b[GameActivity]: ViewPostIme key 0
11-09 20:51:18.370  5567  5567 D UE4     : === Restoring Transparent Bars due to KeyCode ===
11-09 20:51:18.370  5567  5567 D UE4     : === Restoring Transparent Bars ===
11-09 20:51:18.370  1936  2742 D AudioService: GetAppDevice, uid=1000
11-09 20:51:18.371  2905  2905 D vol.SecVolumeDialogImpl: STREAM_MUSIC onProgressChanged 1500 fromUser=false
11-09 20:51:18.373  1936  5540 D MediaSessionService: dispatchVolumeKeyEvent, pid=5567, uid=10536, event=KeyEvent { action=ACTION_DOWN, keyCode=KEYCODE_VOLUME_UP, scanCode=115, metaState=0, flags=0x8, repeatCount=8, eventTime=276577215, downTime=276576360, deviceId=7, displayId=0, source=0x101 }
11-09 20:51:18.376  1936  5540 D MediaSessionService: Adjusting null by 1. flags=4113, suggestedStream=3, preferSuggestedStream=true
11-09 20:51:18.377  1936  2742 D AudioService: getStreamVolume 3 index 150
11-09 20:51:18.382  1936  2742 D AudioService: getStreamVolume 5 index 0
11-09 20:51:18.384  1936  2742 D AudioService: getStreamVolume 1 index 0
11-09 20:51:18.384  1936  2077 W BroadcastQueue: Background execution not allowed: receiving Intent { act=android.media.VOLUME_CHANGED_ACTION flg=0x14000010 (has extras) } to com.samsung.android.game.gamehome/.receiver.VolumeControlReceiver
11-09 20:51:18.385  2905  2928 D vol.VolumeDialogControl.VC: isSafeVolumeDialogShowing : false
11-09 20:51:18.387  1936  1936 D AudioService: isEnabled
11-09 20:51:18.392  2905  2928 D vol.VolumeDialogControl.VC: isSafeVolumeDialogShowing : false
11-09 20:51:18.393  1062  1338 V APM_AudioPolicyManager: getAudioPolicyConfig: audioParam;isFMRadioRecording
11-09 20:51:18.393  1062  1338 V APM_AudioPolicyManager: FM radio recording off
11-09 20:51:18.398  1936  5540 D AudioService: getStreamVolume 6 index 70
11-09 20:51:18.399  2905  2928 D vol.VolumeDialogControl.VC: volumeChanged STREAM_MUSIC SHOW_UI,VIBRATE,FROM_KEY
11-09 20:51:18.400  1936  1936 I FMRadioService: *** mVolumeEventReceiver: ACTION  - android.media.VOLUME_CHANGED_ACTION
11-09 20:51:18.401  1936  1936 I FMRadioService: Stream: 3  and volume: 15
11-09 20:51:18.401  1936  2077 W BroadcastQueue: Background execution not allowed: receiving Intent { act=android.media.VOLUME_CHANGED_ACTION flg=0x14000010 (has extras) } to com.samsung.android.game.gamehome/.receiver.VolumeControlReceiver
11-09 20:51:18.402  5567  5567 D UE4     : OnReceive VOLUME_CHANGED_ACTION
11-09 20:51:18.403  5567  5567 D UE4     : nativeVolumeEvent(15)
11-09 20:51:18.403  1936  5540 D AudioService: getStreamVolume 3 index 150
11-09 20:51:18.403  2905  3250 D vol.VolumeDialogControl: onVolumeChangedW stream = 3, flags = 4113, lastAudibleStreamVolume = 1500
11-09 20:51:18.403  2905  2905 D vol.SecVolumeDialogImpl: showH r=volume_changed, mShowing : true
11-09 20:51:18.407  2905  2905 D vol.SecVolumeDialogImpl: rescheduleTimeout 1500 com.android.systemui.volume.SecVolumeDialogImpl.showH:1273
11-09 20:51:18.408  1936  4730 D PowerManagerService: [api] [s] userActivity : event: 0 flags: 0 (uid: 10063 pid: 2905) eventTime = 276577261
11-09 20:51:18.411  1936  4730 D AudioService: getStreamVolume 4 index 110
11-09 20:51:18.412  1936  4730 D AudioService: GetAppDevice, uid=1000
11-09 20:51:18.413  1936  4730 D AudioService: getStreamVolume 3 index 150
11-09 20:51:18.415  1936  4730 D AudioService: getStreamVolume 5 index 0
11-09 20:51:18.415  1936  2460 I InputDispatcher: Delivering key to (5567): action: 0x0 (9)
11-09 20:51:18.415  5567  5595 V threaded_app: New input event: type=1
11-09 20:51:18.416  2886  2886 I SKBD    : SamsungKeypad [HWKeyboard] This input is not processed by SKBD.
11-09 20:51:18.419  1936  4730 D AudioService: getStreamVolume 1 index 0
11-09 20:51:18.420  2886  2886 I SKBDC   : TymeCore cASl
11-09 20:51:18.420  2886  2886 I SKBDC   : ?? 50
11-09 20:51:18.420  2886  2886 I SKBDC   : TymeCore sCL 0
11-09 20:51:18.420  2886  2886 I SKBDC   : TymeCore sSf
11-09 20:51:18.420  2886  2886 D InputMethodService: onKeyDown not B key
11-09 20:51:18.421  5567  5595 V threaded_app: New input event: type=1
11-09 20:51:18.421  5567  5595 D UE4     : Received keycode: 24, softkey: 0
11-09 20:51:18.421  5567  5595 D UE4     : Received key event: 24
11-09 20:51:18.422  5567  5567 D ViewRootImpl@916ac0b[GameActivity]: ViewPostIme key 0
11-09 20:51:18.422  5567  5567 D UE4     : === Restoring Transparent Bars due to KeyCode ===
11-09 20:51:18.422  5567  5567 D UE4     : === Restoring Transparent Bars ===
11-09 20:51:18.423  1936  2742 D AudioService: getStreamVolume 6 index 70
11-09 20:51:18.425  1936  2742 D MediaSessionService: dispatchVolumeKeyEvent, pid=5567, uid=10536, event=KeyEvent { action=ACTION_DOWN, keyCode=KEYCODE_VOLUME_UP, scanCode=115, metaState=0, flags=0x8, repeatCount=9, eventTime=276577266, downTime=276576360, deviceId=7, displayId=0, source=0x101 }
11-09 20:51:18.426  1936  2742 D MediaSessionService: Adjusting null by 1. flags=4113, suggestedStream=3, preferSuggestedStream=true
11-09 20:51:18.434  2905  2928 D vol.VolumeDialogControl.VC: isSafeVolumeDialogShowing : false
11-09 20:51:18.434  1936  1936 D AudioService: isEnabled
11-09 20:51:18.435  2905  2928 D vol.VolumeDialogControl.VC: isSafeVolumeDialogShowing : false
11-09 20:51:18.435  1062  1338 V APM_AudioPolicyManager: getAudioPolicyConfig: audioParam;isFMRadioRecording
11-09 20:51:18.436  1062  1338 V APM_AudioPolicyManager: FM radio recording off
11-09 20:51:18.441  2905  2928 D vol.VolumeDialogControl.VC: volumeChanged STREAM_MUSIC SHOW_UI,VIBRATE,FROM_KEY
11-09 20:51:18.442  1016  1016 E audit   : type=1400 audit(1541818278.426:41790): avc:  denied  { read } for  pid=5567 comm="Thread-2" name="stat" dev="proc" ino=4026532368 scontext=u:r:untrusted_app_25:s0:c512,c768 tcontext=u:object_r:proc_stat:s0 tclass=file permissive=0 SEPF_SM-G930V_8.0.0_0016 audit_filtered
11-09 20:51:18.442  1016  1016 E audit   : type=1300 audit(1541818278.426:41790): arch=40000028 syscall=322 per=8 success=no exit=-13 a0=ffffff9c a1=cb47cce8 a2=20000 a3=0 items=0 ppid=1058 pid=5567 auid=4294967295 uid=10536 gid=10536 euid=10536 suid=10536 fsuid=10536 egid=10536 sgid=10536 fsgid=10536 tty=(none) ses=4294967295 comm="Thread-2" exe="/system/bin/app_process32" subj=u:r:untrusted_app_25:s0:c512,c768 key=(null)
11-09 20:51:18.442  1016  1016 E audit   : type=1327 audit(1541818278.426:41790): proctitle="com.TeamNA.GiftGame"
11-09 20:51:18.442  1936  1936 I FMRadioService: *** mVolumeEventReceiver: ACTION  - android.media.VOLUME_CHANGED_ACTION
11-09 20:51:18.442  1936  1936 I FMRadioService: Stream: 3  and volume: 15
11-09 20:51:18.443  1936  2077 W BroadcastQueue: Background execution not allowed: receiving Intent { act=android.media.VOLUME_CHANGED_ACTION flg=0x14000010 (has extras) } to com.samsung.android.game.gamehome/.receiver.VolumeControlReceiver
11-09 20:51:18.446  5567  5567 D UE4     : OnReceive VOLUME_CHANGED_ACTION
11-09 20:51:18.446  5567  5567 D UE4     : nativeVolumeEvent(15)
11-09 20:51:18.448  1936  2742 D AudioService: getStreamVolume 4 index 110
11-09 20:51:18.449  1936  4730 D AudioService: getStreamVolume 3 index 150
11-09 20:51:18.449  1936  4730 D AudioService: GetAppDevice, uid=1000
11-09 20:51:18.449  1936  4730 D AudioService: getStreamVolume 3 index 150
11-09 20:51:18.450  2905  3250 D vol.VolumeDialogControl: onVolumeChangedW stream = 3, flags = 4113, lastAudibleStreamVolume = 1500
11-09 20:51:18.450  2905  2905 D vol.SecVolumeDialogImpl: showH r=volume_changed, mShowing : true
11-09 20:51:18.450  2905  2905 D vol.SecVolumeDialogImpl: rescheduleTimeout 1500 com.android.systemui.volume.SecVolumeDialogImpl.showH:1273
11-09 20:51:18.451  1936  2742 D PowerManagerService: [api] [s] userActivity : event: 0 flags: 0 (uid: 10063 pid: 2905) eventTime = 276577304
11-09 20:51:18.453  1936  4730 D AudioService: getStreamVolume 5 index 0
11-09 20:51:18.454  1936  4730 D AudioService: getStreamVolume 1 index 0
11-09 20:51:18.458  1936  2742 D AudioService: getStreamVolume 6 index 70
11-09 20:51:18.465  1936  2460 I InputDispatcher: Delivering key to (5567): action: 0x0 (10)
11-09 20:51:18.467  5567  5595 V threaded_app: New input event: type=1
11-09 20:51:18.467  2886  2886 I SKBD    : SamsungKeypad [HWKeyboard] This input is not processed by SKBD.
11-09 20:51:18.470  2886  2886 I SKBDC   : TymeCore cASl
11-09 20:51:18.470  2886  2886 I SKBDC   : ?? 50
11-09 20:51:18.470  2886  2886 I SKBDC   : TymeCore sCL 0
11-09 20:51:18.470  2886  2886 I SKBDC   : TymeCore sSf
11-09 20:51:18.470  2886  2886 D InputMethodService: onKeyDown not B key
11-09 20:51:18.471  5567  5595 V threaded_app: New input event: type=1
11-09 20:51:18.471  5567  5595 D UE4     : Received keycode: 24, softkey: 0
11-09 20:51:18.471  5567  5595 D UE4     : Received key event: 24
11-09 20:51:18.471  5567  5567 D ViewRootImpl@916ac0b[GameActivity]: ViewPostIme key 0
11-09 20:51:18.471  5567  5567 D UE4     : === Restoring Transparent Bars due to KeyCode ===
11-09 20:51:18.471  5567  5567 D UE4     : === Restoring Transparent Bars ===
11-09 20:51:18.472  1936  4730 D MediaSessionService: dispatchVolumeKeyEvent, pid=5567, uid=10536, event=KeyEvent { action=ACTION_DOWN, keyCode=KEYCODE_VOLUME_UP, scanCode=115, metaState=0, flags=0x8, repeatCount=10, eventTime=276577316, downTime=276576360, deviceId=7, displayId=0, source=0x101 }
11-09 20:51:18.474  1936  4730 D MediaSessionService: Adjusting null by 1. flags=4113, suggestedStream=3, preferSuggestedStream=true
11-09 20:51:18.483  2905  2928 D vol.VolumeDialogControl.VC: isSafeVolumeDialogShowing : false
11-09 20:51:18.484  1936  1936 D AudioService: isEnabled
11-09 20:51:18.485  2905  2928 D vol.VolumeDialogControl.VC: isSafeVolumeDialogShowing : false
11-09 20:51:18.485  1062  1342 V APM_AudioPolicyManager: getAudioPolicyConfig: audioParam;isFMRadioRecording
11-09 20:51:18.485  1062  1342 V APM_AudioPolicyManager: FM radio recording off
11-09 20:51:18.490  2905  2928 D vol.VolumeDialogControl.VC: volumeChanged STREAM_MUSIC SHOW_UI,VIBRATE,FROM_KEY
11-09 20:51:18.491  1936  1936 I FMRadioService: *** mVolumeEventReceiver: ACTION  - android.media.VOLUME_CHANGED_ACTION
11-09 20:51:18.491  1936  1936 I FMRadioService: Stream: 3  and volume: 15
11-09 20:51:18.492  1936  2077 W BroadcastQueue: Background execution not allowed: receiving Intent { act=android.media.VOLUME_CHANGED_ACTION flg=0x14000010 (has extras) } to com.samsung.android.game.gamehome/.receiver.VolumeControlReceiver
11-09 20:51:18.494  1936  4730 D AudioService: getStreamVolume 4 index 110
11-09 20:51:18.494  5567  5567 D UE4     : OnReceive VOLUME_CHANGED_ACTION
11-09 20:51:18.495  5567  5567 D UE4     : nativeVolumeEvent(15)
11-09 20:51:18.495  1936  4730 D AudioService: GetAppDevice, uid=1000
11-09 20:51:18.496  1936  4730 D AudioService: getStreamVolume 3 index 150
11-09 20:51:18.496  1936  2742 D AudioService: getStreamVolume 3 index 150
11-09 20:51:18.498  2905  3250 D vol.VolumeDialogControl: onVolumeChangedW stream = 3, flags = 4113, lastAudibleStreamVolume = 1500
11-09 20:51:18.498  2905  2905 D vol.SecVolumeDialogImpl: showH r=volume_changed, mShowing : true
11-09 20:51:18.498  2905  2905 D vol.SecVolumeDialogImpl: rescheduleTimeout 1500 com.android.systemui.volume.SecVolumeDialogImpl.showH:1273
11-09 20:51:18.499  1936  4728 D PowerManagerService: [api] [s] userActivity : event: 0 flags: 0 (uid: 10063 pid: 2905) eventTime = 276577352
11-09 20:51:18.501  1936  5540 D AudioService: getStreamVolume 5 index 0
11-09 20:51:18.501  1936  5540 D AudioService: getStreamVolume 1 index 0
11-09 20:51:18.503  1936  5540 D AudioService: getStreamVolume 6 index 70
11-09 20:51:18.515  1936  2460 D PowerManagerService: [api] userActivityFromNative : 80 (event: 1 flags: 0) eventTime = 276577368
11-09 20:51:18.517  1936  2460 I InputDispatcher: Delivering key to (5567): action: 0x0 (11)
11-09 20:51:18.517  5567  5567 D UE4     : === Restoring Transparent Bars ===
11-09 20:51:18.518  5567  5595 V threaded_app: New input event: type=1
11-09 20:51:18.519  2886  2886 I SKBD    : SamsungKeypad [HWKeyboard] This input is not processed by SKBD.
11-09 20:51:18.519  2886  2886 I SKBDC   : TymeCore cASl
11-09 20:51:18.519  2886  2886 I SKBDC   : ?? 50
11-09 20:51:18.519  2886  2886 I SKBDC   : TymeCore sCL 0
11-09 20:51:18.519  2886  2886 I SKBDC   : TymeCore sSf
11-09 20:51:18.519  2886  2886 D InputMethodService: onKeyDown not B key
11-09 20:51:18.520  5567  5595 V threaded_app: New input event: type=1
11-09 20:51:18.520  5567  5595 D UE4     : Received keycode: 24, softkey: 0
11-09 20:51:18.520  5567  5595 D UE4     : Received key event: 24
11-09 20:51:18.521  5567  5567 D ViewRootImpl@916ac0b[GameActivity]: ViewPostIme key 0
11-09 20:51:18.523  5567  5567 D UE4     : === Restoring Transparent Bars due to KeyCode ===
11-09 20:51:18.523  5567  5567 D UE4     : === Restoring Transparent Bars ===
11-09 20:51:18.525  1936  4728 D MediaSessionService: dispatchVolumeKeyEvent, pid=5567, uid=10536, event=KeyEvent { action=ACTION_DOWN, keyCode=KEYCODE_VOLUME_UP, scanCode=115, metaState=0, flags=0x8, repeatCount=11, eventTime=276577368, downTime=276576360, deviceId=7, displayId=0, source=0x101 }
11-09 20:51:18.527  1936  4728 D MediaSessionService: Adjusting null by 1. flags=4113, suggestedStream=3, preferSuggestedStream=true
11-09 20:51:18.534  2905  2928 D vol.VolumeDialogControl.VC: isSafeVolumeDialogShowing : false
11-09 20:51:18.534  1936  1936 D AudioService: isEnabled
11-09 20:51:18.535  2905  2928 D vol.VolumeDialogControl.VC: isSafeVolumeDialogShowing : false
11-09 20:51:18.537  1062  1342 V APM_AudioPolicyManager: getAudioPolicyConfig: audioParam;isFMRadioRecording
11-09 20:51:18.537  1062  1342 V APM_AudioPolicyManager: FM radio recording off
11-09 20:51:18.544  2905  2928 D vol.VolumeDialogControl.VC: volumeChanged STREAM_MUSIC SHOW_UI,VIBRATE,FROM_KEY
11-09 20:51:18.545  1936  1936 I FMRadioService: *** mVolumeEventReceiver: ACTION  - android.media.VOLUME_CHANGED_ACTION
11-09 20:51:18.545  1936  1936 I FMRadioService: Stream: 3  and volume: 15
11-09 20:51:18.547  1936  2077 W BroadcastQueue: Background execution not allowed: receiving Intent { act=android.media.VOLUME_CHANGED_ACTION flg=0x14000010 (has extras) } to com.samsung.android.game.gamehome/.receiver.VolumeControlReceiver
11-09 20:51:18.551  5567  5567 D UE4     : OnReceive VOLUME_CHANGED_ACTION
11-09 20:51:18.551  5567  5567 D UE4     : nativeVolumeEvent(15)
11-09 20:51:18.551  1016  1016 E audit   : type=1400 audit(1541818278.536:41791): avc:  denied  { read } for  pid=5567 comm="Thread-2" name="stat" dev="proc" ino=4026532368 scontext=u:r:untrusted_app_25:s0:c512,c768 tcontext=u:object_r:proc_stat:s0 tclass=file permissive=0 SEPF_SM-G930V_8.0.0_0016 audit_filtered
11-09 20:51:18.551  1016  1016 E audit   : type=1300 audit(1541818278.536:41791): arch=40000028 syscall=322 per=8 success=no exit=-13 a0=ffffff9c a1=cb47cce8 a2=20000 a3=0 items=0 ppid=1058 pid=5567 auid=4294967295 uid=10536 gid=10536 euid=10536 suid=10536 fsuid=10536 egid=10536 sgid=10536 fsgid=10536 tty=(none) ses=4294967295 comm="Thread-2" exe="/system/bin/app_process32" subj=u:r:untrusted_app_25:s0:c512,c768 key=(null)
11-09 20:51:18.551  1016  1016 E audit   : type=1327 audit(1541818278.536:41791): proctitle="com.TeamNA.GiftGame"
11-09 20:51:18.552  1936  5540 D AudioService: getStreamVolume 4 index 110
11-09 20:51:18.554  1936  2742 D AudioService: getStreamVolume 3 index 150
11-09 20:51:18.555  2905  3250 D vol.VolumeDialogControl: onVolumeChangedW stream = 3, flags = 4113, lastAudibleStreamVolume = 1500
11-09 20:51:18.556  1936  5540 D AudioService: GetAppDevice, uid=1000
11-09 20:51:18.557  1936  5540 D AudioService: getStreamVolume 3 index 150
11-09 20:51:18.559  1936  4728 D AudioService: getStreamVolume 5 index 0
11-09 20:51:18.564  1936  4728 D AudioService: getStreamVolume 1 index 0
11-09 20:51:18.565  5567  5567 D UE4     : === Restoring Transparent Bars ===
11-09 20:51:18.566  1936  2460 I InputDispatcher: Delivering key to (5567): action: 0x0 (12)
11-09 20:51:18.567  5567  5595 V threaded_app: New input event: type=1
11-09 20:51:18.567  2905  2905 D vol.SecVolumeDialogImpl: showH r=volume_changed, mShowing : true
11-09 20:51:18.567  2905  2905 D vol.SecVolumeDialogImpl: rescheduleTimeout 1500 com.android.systemui.volume.SecVolumeDialogImpl.showH:1273
11-09 20:51:18.568  2886  2886 I SKBD    : SamsungKeypad [HWKeyboard] This input is not processed by SKBD.
11-09 20:51:18.569  2886  2886 I SKBDC   : TymeCore cASl
11-09 20:51:18.569  2886  2886 I SKBDC   : ?? 50
11-09 20:51:18.569  2886  2886 I SKBDC   : TymeCore sCL 0
11-09 20:51:18.569  2886  2886 I SKBDC   : TymeCore sSf
11-09 20:51:18.569  2886  2886 D InputMethodService: onKeyDown not B key
11-09 20:51:18.570  5567  5595 V threaded_app: New input event: type=1
11-09 20:51:18.570  5567  5595 D UE4     : Received keycode: 24, softkey: 0
11-09 20:51:18.570  5567  5595 D UE4     : Received key event: 24
11-09 20:51:18.570  5567  5567 D ViewRootImpl@916ac0b[GameActivity]: ViewPostIme key 0
11-09 20:51:18.571  5567  5567 D UE4     : === Restoring Transparent Bars due to KeyCode ===
11-09 20:51:18.571  5567  5567 D UE4     : === Restoring Transparent Bars ===
11-09 20:51:18.572  1936  5540 D MediaSessionService: dispatchVolumeKeyEvent, pid=5567, uid=10536, event=KeyEvent { action=ACTION_DOWN, keyCode=KEYCODE_VOLUME_UP, scanCode=115, metaState=0, flags=0x8, repeatCount=12, eventTime=276577418, downTime=276576360, deviceId=7, displayId=0, source=0x101 }
11-09 20:51:18.572  2905  2905 D vol.SecVolumeDialogImpl: rescheduleTimeout 1500 com.android.systemui.volume.SecVolumeDialogImpl$Accessibility.onRequestSendAccessibilityEvent:2908
11-09 20:51:18.574  1936  2742 D PowerManagerService: [api] [s] userActivity : event: 0 flags: 0 (uid: 10063 pid: 2905) eventTime = 276577423
11-09 20:51:18.575  1936  5540 D MediaSessionService: Adjusting null by 1. flags=4113, suggestedStream=3, preferSuggestedStream=true
11-09 20:51:18.578  1936  2742 D PowerManagerService: [api] [s] userActivity : event: 0 flags: 0 (uid: 10063 pid: 2905) eventTime = 276577431
11-09 20:51:18.580  2905  2928 D vol.VolumeDialogControl.VC: isSafeVolumeDialogShowing : false
11-09 20:51:18.581  1936  1936 D AudioService: isEnabled
11-09 20:51:18.581  2905  2928 D vol.VolumeDialogControl.VC: isSafeVolumeDialogShowing : false
11-09 20:51:18.582  1062  1338 V APM_AudioPolicyManager: getAudioPolicyConfig: audioParam;isFMRadioRecording
11-09 20:51:18.582  1062  1338 V APM_AudioPolicyManager: FM radio recording off
11-09 20:51:18.586  2905  2928 D vol.VolumeDialogControl.VC: volumeChanged STREAM_MUSIC SHOW_UI,VIBRATE,FROM_KEY
11-09 20:51:18.587  1936  5540 D AudioService: getStreamVolume 6 index 70
11-09 20:51:18.592  1936  2077 W BroadcastQueue: Background execution not allowed: receiving Intent { act=android.media.VOLUME_CHANGED_ACTION flg=0x14000010 (has extras) } to com.samsung.android.game.gamehome/.receiver.VolumeControlReceiver
11-09 20:51:18.593  1936  2742 D AudioService: getStreamVolume 3 index 150
11-09 20:51:18.593  2905  3250 D vol.VolumeDialogControl: onVolumeChangedW stream = 3, flags = 4113, lastAudibleStreamVolume = 1500
11-09 20:51:18.594  2905  2905 D vol.SecVolumeDialogImpl: showH r=volume_changed, mShowing : true
11-09 20:51:18.594  2905  2905 D vol.SecVolumeDialogImpl: rescheduleTimeout 1500 com.android.systemui.volume.SecVolumeDialogImpl.showH:1273
11-09 20:51:18.594  1936  1936 I FMRadioService: *** mVolumeEventReceiver: ACTION  - android.media.VOLUME_CHANGED_ACTION
11-09 20:51:18.595  1936  1936 I FMRadioService: Stream: 3  and volume: 15
11-09 20:51:18.595  5567  5567 D UE4     : OnReceive VOLUME_CHANGED_ACTION
11-09 20:51:18.595  5567  5567 D UE4     : nativeVolumeEvent(15)
11-09 20:51:18.596  1936  2742 D AudioService: getStreamVolume 4 index 110
11-09 20:51:18.596  1936  5540 D PowerManagerService: [api] [s] userActivity : event: 0 flags: 0 (uid: 10063 pid: 2905) eventTime = 276577447
11-09 20:51:18.597  1936  2461 D InputReader: Input event(7): value=0 when=276577450556000
11-09 20:51:18.599  1936  2461 D WindowManager: interceptKeyTq s_result=1
11-09 20:51:18.602  1936  2742 D AudioService: GetAppDevice, uid=1000
11-09 20:51:18.603  1936  2742 D AudioService: getStreamVolume 3 index 150
11-09 20:51:18.604  1936  2460 I InputDispatcher: Delivering key to (5567): action: 0x1 (0)
11-09 20:51:18.604  5567  5595 V threaded_app: New input event: type=1
11-09 20:51:18.605  1936  2742 D AudioService: getStreamVolume 5 index 0
11-09 20:51:18.608  2886  2886 D InputMethodService: onKeyUp not B key
11-09 20:51:18.609  1936  2742 D AudioService: getStreamVolume 1 index 0
11-09 20:51:18.609  5567  5595 V threaded_app: New input event: type=1
11-09 20:51:18.609  5567  5595 D UE4     : Received keycode: 24, softkey: 0
11-09 20:51:18.609  5567  5595 D UE4     : Received key event: 24
11-09 20:51:18.610  5567  5567 D ViewRootImpl@916ac0b[GameActivity]: ViewPostIme key 1
11-09 20:51:18.612  1936  4728 D MediaSessionService: dispatchVolumeKeyEvent, pid=5567, uid=10536, event=KeyEvent { action=ACTION_UP, keyCode=KEYCODE_VOLUME_UP, scanCode=115, metaState=0, flags=0x8, repeatCount=0, eventTime=276577450, downTime=276576360, deviceId=7, displayId=0, source=0x101 }
11-09 20:51:18.612  1936  2742 D AudioService: getStreamVolume 6 index 70
11-09 20:51:18.617  1062  1342 V APM_AudioPolicyManager: getAudioPolicyConfig: audioParam;activeStream
11-09 20:51:18.617  1062  1342 V APM_AudioPolicyManager: ### active stream : 8
11-09 20:51:18.618  1936  4728 D AudioService: active stream is 0x8
11-09 20:51:18.618  1936  4728 D MediaSessionService: Adjusting null by 0. flags=4116, suggestedStream=3, preferSuggestedStream=true
11-09 20:51:18.623  2905  2928 D vol.VolumeDialogControl.VC: isSafeVolumeDialogShowing : false
11-09 20:51:18.624  5567  5567 D UE4     : === Restoring Transparent Bars ===
11-09 20:51:18.625  1936  1936 D AudioService: isEnabled
11-09 20:51:18.626  2905  2928 D vol.VolumeDialogControl.VC: isSafeVolumeDialogShowing : false
11-09 20:51:18.626  1062  1338 V APM_AudioPolicyManager: getAudioPolicyConfig: audioParam;isFMRadioRecording
11-09 20:51:18.627  1062  1338 V APM_AudioPolicyManager: FM radio recording off
11-09 20:51:18.632  2905  2928 D vol.VolumeDialogControl.VC: volumeChanged STREAM_MUSIC VIBRATE,FROM_KEY
11-09 20:51:18.633  1936  1936 I FMRadioService: *** mVolumeEventReceiver: ACTION  - android.media.VOLUME_CHANGED_ACTION
11-09 20:51:18.633  1936  1936 I FMRadioService: Stream: 3  and volume: 15
11-09 20:51:18.633  1936  4728 D AudioService: getStreamVolume 3 index 150
11-09 20:51:18.633  2905  3250 D vol.VolumeDialogControl: onVolumeChangedW stream = 3, flags = 4112, lastAudibleStreamVolume = 1500
11-09 20:51:18.634  1936  2077 W BroadcastQueue: Background execution not allowed: receiving Intent { act=android.media.VOLUME_CHANGED_ACTION flg=0x14000010 (has extras) } to com.samsung.android.game.gamehome/.receiver.VolumeControlReceiver
11-09 20:51:18.635  1936  4728 D AudioService: getStreamVolume 4 index 110
11-09 20:51:18.636  1936  4728 D AudioService: GetAppDevice, uid=1000
11-09 20:51:18.636  1936  4728 D AudioService: getStreamVolume 3 index 150
11-09 20:51:18.637  1936  4728 D AudioService: getStreamVolume 5 index 0
11-09 20:51:18.638  1936  4728 D AudioService: getStreamVolume 1 index 0
11-09 20:51:18.641  1936  2742 D AudioService: getStreamVolume 6 index 70
11-09 20:51:18.644  5567  5567 D UE4     : OnReceive VOLUME_CHANGED_ACTION
11-09 20:51:18.645  5567  5567 D UE4     : nativeVolumeEvent(15)
11-09 20:51:18.662  1016  1016 E audit   : type=1400 audit(1541818278.646:41792): avc:  denied  { read } for  pid=5567 comm="Thread-2" name="stat" dev="proc" ino=4026532368 scontext=u:r:untrusted_app_25:s0:c512,c768 tcontext=u:object_r:proc_stat:s0 tclass=file permissive=0 SEPF_SM-G930V_8.0.0_0016 audit_filtered
11-09 20:51:18.662  1016  1016 E audit   : type=1300 audit(1541818278.646:41792): arch=40000028 syscall=322 per=8 success=no exit=-13 a0=ffffff9c a1=cb47cce8 a2=20000 a3=0 items=0 ppid=1058 pid=5567 auid=4294967295 uid=10536 gid=10536 euid=10536 suid=10536 fsuid=10536 egid=10536 sgid=10536 fsgid=10536 tty=(none) ses=4294967295 comm="Thread-2" exe="/system/bin/app_process32" subj=u:r:untrusted_app_25:s0:c512,c768 key=(null)
11-09 20:51:18.662  1016  1016 E audit   : type=1327 audit(1541818278.646:41792): proctitle="com.TeamNA.GiftGame"
11-09 20:51:18.668  5567  5567 D UE4     : === Restoring Transparent Bars ===
11-09 20:51:18.717  5567  5567 I chatty  : uid=10536(u0_a536) identical 1 line
11-09 20:51:18.770  5567  5567 D UE4     : === Restoring Transparent Bars ===
11-09 20:51:18.777  1016  1016 E audit   : type=1400 audit(1541818278.756:41793): avc:  denied  { read } for  pid=5567 comm="Thread-2" name="stat" dev="proc" ino=4026532368 scontext=u:r:untrusted_app_25:s0:c512,c768 tcontext=u:object_r:proc_stat:s0 tclass=file permissive=0 SEPF_SM-G930V_8.0.0_0016 audit_filtered
11-09 20:51:18.778  1016  1016 E audit   : type=1300 audit(1541818278.756:41793): arch=40000028 syscall=322 per=8 success=no exit=-13 a0=ffffff9c a1=cb47cce8 a2=20000 a3=0 items=0 ppid=1058 pid=5567 auid=4294967295 uid=10536 gid=10536 euid=10536 suid=10536 fsuid=10536 egid=10536 sgid=10536 fsgid=10536 tty=(none) ses=4294967295 comm="Thread-2" exe="/system/bin/app_process32" subj=u:r:untrusted_app_25:s0:c512,c768 key=(null)
11-09 20:51:18.778  1016  1016 E audit   : type=1327 audit(1541818278.756:41793): proctitle="com.TeamNA.GiftGame"
11-09 20:51:18.794  2920  2920 E adbd    : recv: OPEN 0000083e 00000000 000c:73 68 65 6C 6C 2C 76 32 3A 70 73 00 
11-09 20:51:18.794  2920  2920 E adbd    : service_to_fd: shell,v2:ps
11-09 20:51:18.812  5741  5741 E propClient: PropClient failed to load
11-09 20:51:18.825  5567  5567 D UE4     : === Restoring Transparent Bars ===
11-09 20:51:18.828  5741  5741 E propClient: PropClient failed to load
11-09 20:51:18.871  5567  5567 D UE4     : === Restoring Transparent Bars ===
11-09 20:51:18.877  1016  1016 E audit   : type=1400 audit(1541818278.866:41794): avc:  denied  { read } for  pid=5567 comm="Thread-2" name="stat" dev="proc" ino=4026532368 scontext=u:r:untrusted_app_25:s0:c512,c768 tcontext=u:object_r:proc_stat:s0 tclass=file permissive=0 SEPF_SM-G930V_8.0.0_0016 audit_filtered
11-09 20:51:18.877  1016  1016 E audit   : type=1300 audit(1541818278.866:41794): arch=40000028 syscall=322 per=8 success=no exit=-13 a0=ffffff9c a1=cb47cce8 a2=20000 a3=0 items=0 ppid=1058 pid=5567 auid=4294967295 uid=10536 gid=10536 euid=10536 suid=10536 fsuid=10536 egid=10536 sgid=10536 fsgid=10536 tty=(none) ses=4294967295 comm="Thread-2" exe="/system/bin/app_process32" subj=u:r:untrusted_app_25:s0:c512,c768 key=(null)
11-09 20:51:18.877  1016  1016 E audit   : type=1327 audit(1541818278.866:41794): proctitle="com.TeamNA.GiftGame"
11-09 20:51:18.924  5567  5567 D UE4     : === Restoring Transparent Bars ===
11-09 20:51:19.025  5567  5567 I chatty  : uid=10536(u0_a536) identical 2 lines
11-09 20:51:19.071  5567  5567 D UE4     : === Restoring Transparent Bars ===
11-09 20:51:19.319  3306  3306 D io_stats: !@   8,0 r 6719135 268204768 w 2570318 52450164 d 199666 25535476 f 1770446 1770823 iot 6042520 3252412 th 51200 0 0 pt 0 inp 0 0 276578.172
11-09 20:51:19.447  1016  1016 E audit   : type=1400 audit(1541818279.436:41799): avc:  denied  { read } for  pid=5567 comm="Thread-2" name="stat" dev="proc" ino=4026532368 scontext=u:r:untrusted_app_25:s0:c512,c768 tcontext=u:object_r:proc_stat:s0 tclass=file permissive=0 SEPF_SM-G930V_8.0.0_0016 audit_filtered
11-09 20:51:19.448  1016  1016 E audit   : type=1300 audit(1541818279.436:41799): arch=40000028 syscall=322 per=8 success=no exit=-13 a0=ffffff9c a1=cb47cce8 a2=20000 a3=0 items=0 ppid=1058 pid=5567 auid=4294967295 uid=10536 gid=10536 euid=10536 suid=10536 fsuid=10536 egid=10536 sgid=10536 fsgid=10536 tty=(none) ses=4294967295 comm="Thread-2" exe="/system/bin/app_process32" subj=u:r:untrusted_app_25:s0:c512,c768 key=(null)
11-09 20:51:19.448  1016  1016 E audit   : type=1327 audit(1541818279.436:41799): proctitle="com.TeamNA.GiftGame"
11-09 20:51:19.553  1016  1016 E audit   : type=1400 audit(1541818279.536:41800): avc:  denied  { read } for  pid=5567 comm="Thread-2" name="stat" dev="proc" ino=4026532368 scontext=u:r:untrusted_app_25:s0:c512,c768 tcontext=u:object_r:proc_stat:s0 tclass=file permissive=0 SEPF_SM-G930V_8.0.0_0016 audit_filtered
11-09 20:51:19.553  1016  1016 E audit   : type=1300 audit(1541818279.536:41800): arch=40000028 syscall=322 per=8 success=no exit=-13 a0=ffffff9c a1=cb47cce8 a2=20000 a3=0 items=0 ppid=1058 pid=5567 auid=4294967295 uid=10536 gid=10536 euid=10536 suid=10536 fsuid=10536 egid=10536 sgid=10536 fsgid=10536 tty=(none) ses=4294967295 comm="Thread-2" exe="/system/bin/app_process32" subj=u:r:untrusted_app_25:s0:c512,c768 key=(null)
11-09 20:51:19.553  1016  1016 E audit   : type=1327 audit(1541818279.536:41800): proctitle="com.TeamNA.GiftGame"
11-09 20:51:19.667  1016  1016 E audit   : type=1400 audit(1541818279.646:41801): avc:  denied  { read } for  pid=5567 comm="Thread-2" name="stat" dev="proc" ino=4026532368 scontext=u:r:untrusted_app_25:s0:c512,c768 tcontext=u:object_r:proc_stat:s0 tclass=file permissive=0 SEPF_SM-G930V_8.0.0_0016 audit_filtered
11-09 20:51:19.667  1016  1016 E audit   : type=1300 audit(1541818279.646:41801): arch=40000028 syscall=322 per=8 success=no exit=-13 a0=ffffff9c a1=cb47cce8 a2=20000 a3=0 items=0 ppid=1058 pid=5567 auid=4294967295 uid=10536 gid=10536 euid=10536 suid=10536 fsuid=10536 egid=10536 sgid=10536 fsgid=10536 tty=(none) ses=4294967295 comm="Thread-2" exe="/system/bin/app_process32" subj=u:r:untrusted_app_25:s0:c512,c768 key=(null)
11-09 20:51:19.667  1016  1016 E audit   : type=1327 audit(1541818279.646:41801): proctitle="com.TeamNA.GiftGame"
11-09 20:51:19.783  1016  1016 E audit   : type=1400 audit(1541818279.766:41802): avc:  denied  { read } for  pid=5567 comm="Thread-2" name="stat" dev="proc" ino=4026532368 scontext=u:r:untrusted_app_25:s0:c512,c768 tcontext=u:object_r:proc_stat:s0 tclass=file permissive=0 SEPF_SM-G930V_8.0.0_0016 audit_filtered
11-09 20:51:19.783  1016  1016 E audit   : type=1300 audit(1541818279.766:41802): arch=40000028 syscall=322 per=8 success=no exit=-13 a0=ffffff9c a1=cb47cce8 a2=20000 a3=0 items=0 ppid=1058 pid=5567 auid=4294967295 uid=10536 gid=10536 euid=10536 suid=10536 fsuid=10536 egid=10536 sgid=10536 fsgid=10536 tty=(none) ses=4294967295 comm="Thread-2" exe="/system/bin/app_process32" subj=u:r:untrusted_app_25:s0:c512,c768 key=(null)
11-09 20:51:19.783  1016  1016 E audit   : type=1327 audit(1541818279.766:41802): proctitle="com.TeamNA.GiftGame"
11-09 20:51:19.898  1016  1016 E audit   : type=1400 audit(1541818279.886:41803): avc:  denied  { read } for  pid=5567 comm="Thread-2" name="stat" dev="proc" ino=4026532368 scontext=u:r:untrusted_app_25:s0:c512,c768 tcontext=u:object_r:proc_stat:s0 tclass=file permissive=0 SEPF_SM-G930V_8.0.0_0016 audit_filtered
11-09 20:51:19.898  1016  1016 E audit   : type=1300 audit(1541818279.886:41803): arch=40000028 syscall=322 per=8 success=no exit=-13 a0=ffffff9c a1=cb47cce8 a2=20000 a3=0 items=0 ppid=1058 pid=5567 auid=4294967295 uid=10536 gid=10536 euid=10536 suid=10536 fsuid=10536 egid=10536 sgid=10536 fsgid=10536 tty=(none) ses=4294967295 comm="Thread-2" exe="/system/bin/app_process32" subj=u:r:untrusted_app_25:s0:c512,c768 key=(null)
11-09 20:51:19.898  1016  1016 E audit   : type=1327 audit(1541818279.886:41803): proctitle="com.TeamNA.GiftGame"
11-09 20:51:20.002  1936  2421 D SamsungAlarmManager: Expired : 8
11-09 20:51:20.002  1936  2421 V SamsungAlarmManager: Sending to uid : 10068 action=null alarm=Alarm{1916ea3 type 3 when 745087939 com.asurion.android.verizon.vms}
11-09 20:51:20.019  1936  5540 D SamsungAlarmManager: setExact Intent (T:3/F:5/AC:false) 20181109T205125 - CU:10068/CP:24848
11-09 20:51:20.019  1936  5540 I SamsungAlarmManager: setLocked to kernel - T:3 / 20181109T205125, SetElapsed=745092953, nowELAPSED=745087956
11-09 20:51:20.072  2920  2920 E adbd    : recv: OPEN 00000842 00000000 000c:73 68 65 6C 6C 2C 76 32 3A 70 73 00 
11-09 20:51:20.072  2920  2920 E adbd    : service_to_fd: shell,v2:ps
11-09 20:51:20.087  5744  5744 E propClient: PropClient failed to load
11-09 20:51:20.095  2905  2905 D vol.SecVolumeDialogImpl: dismissH reason: 3
11-09 20:51:20.095  2905  2905 D vol.SecVolumeDialogImpl: Set KeyguardStatubar Visibility : TRUE
11-09 20:51:20.095  2905  2905 D vol.SecVolumeDialogImpl: mLockScreenDialog is dismissing
11-09 20:51:20.095  2905  2905 D vol.VolumeDialogMotion: startDismiss
11-09 20:51:20.095  2905  2905 D vol.VolumeDialogMotion: mDismissing = true
11-09 20:51:20.095  2905  2905 D vol.VolumeDialogMotion: mAnimating = true
11-09 20:51:20.099  2905  2905 I vol.Events: writeEvent dismiss_dialog timeout
11-09 20:51:20.105  2905  3250 I vol.Events: writeEvent active_stream_changed UNKNOWN_STREAM_-1
11-09 20:51:20.105  2905  3250 D vol.VolumeDialogControl: updateActiveStreamW -1
11-09 20:51:20.105  2905  3250 D vol.VolumeDialogControl: forceVolumeControlStream -1
11-09 20:51:20.106  5744  5744 E propClient: PropClient failed to load
11-09 20:51:20.118  2905  2905 D vol.SecVolumeDialogImpl: updateWindowWidth lp.width=1248, mCurrentWindowWidth = 1248
11-09 20:51:20.119  2905  2905 D vol.SecVolumeDialogImpl: onStateChangedH animating=true
11-09 20:51:20.264  1936  1936 D TelephonyManager: getCellLocation : Caller (PID / UID / TID): 1936 / 1000 / 1936
11-09 20:51:20.266  2905  3151 D NetworkController.MobileSignalController(0/1): onSignalStrengthsChanged signalStrength=SignalStrength: 99 99 -120 -160 -120 -1 -1 23 -95 -10 118 2147483647 0 2147483647 0x4000 P gsm|lte level=4
11-09 20:51:20.273  3225  3666 D EPDG -- SIM0 [SMARTWIFI]: onSignalStrengthsChanged: Received signal strength change, phone type is: 2
11-09 20:51:20.274  3225  5381 D EPDG -- SIM0 [SMARTWIFI]: lastLteRSRP is -90currentLteRSRP is -95
11-09 20:51:20.274  3225  5381 D EPDG -- SIM0 [SMARTWIFI]: lastLteRSRQ is -10currentLteRSRQ is -10
11-09 20:51:20.274  3225  5381 D EPDG -- SIM0 [SMARTWIFI]: lastCdmaDb is -16currentCdmaDb is -16
11-09 20:51:20.274  3225  5381 V EPDG -- SIM0 [SMARTWIFI]: Radio oldest entry removed
11-09 20:51:20.274  3225  5381 V EPDG -- SIM0 [SMARTWIFI]: New entry : (SignalStrength: 99 99 -120 -160 -120 -1 -1 23 -95 -10 118 2147483647 0 2147483647 0x4000 P gsm|lte : 0 )
11-09 20:51:20.274  3225  5381 V EPDG -- SIM0 [SMARTWIFI]: Radio entry added
11-09 20:51:20.303  2905  3151 D NetworkController.MobileSignalController(0/1): getMobileIconGroup(): 13
11-09 20:51:20.303  2905  3151 D NetworkController.MobileSignalController(0/1): updateVZWMobileIconGroup(): 13
11-09 20:51:20.320  2905  3151 D NetworkController.MobileSignalController(0/1): callState:0, callStateByPhone:false voLTECall:false voiceNetTpe:13 dataNetType:13, ine911:false, emergencyCallbackMode:false
11-09 20:51:20.358  2905  2905 D vol.VolumeDialogMotion: dismiss.onAnimationEnd
11-09 20:51:20.372  1936 11112 D SSRM:j  : SIOP:: AP = 370, PST = 300 (W:6), BAT = 248, CHG = 279
11-09 20:51:20.408  2905  2905 D vol.VolumeDialogMotion: mDialog.dismiss()
11-09 20:51:20.412  2905  2905 D vol.SecVolumeDialogImpl: onViewDetachedFromWindow
11-09 20:51:20.419  2905  3298 D OpenGLRenderer: eglDestroySurface = 0x772b707f10
11-09 20:51:20.420  2905  2905 D ViewRootImpl@1bede27[SecVolumeDialogImpl]: dispatchDetachedFromWindow
11-09 20:51:20.420  2905  2905 D InputEventReceiver: channel '283822 SecVolumeDialogImpl (client)' ~ Disposing input event receiver.
11-09 20:51:20.420  2905  2905 D InputEventReceiver: channel '283822 SecVolumeDialogImpl (client)' ~NativeInputEventReceiver.
11-09 20:51:20.422  1936  4728 I WindowManager: Destroying surface Surface(name=SecVolumeDialogImpl) called by com.android.server.wm.WindowStateAnimator.destroySurface:2501 com.android.server.wm.WindowStateAnimator.destroySurfaceLocked:985 com.android.server.wm.WindowState.removeImmediately:2404 com.android.server.wm.WindowState.removeIfPossible:2612 com.android.server.wm.WindowState.removeIfPossible:2442 com.android.server.wm.WindowManagerService.removeWindow:2019 com.android.server.wm.Session.remove:237 android.view.IWindowSession$Stub.onTransact:242 
11-09 20:51:20.422   769   825 I SurfaceFlinger: id=4642 Removed SecVolumeDialogImpl#0 (4/4)
11-09 20:51:20.423  1936  4728 W AppOps  : Finishing op nesting under-run: uid 10063 pkg com.android.systemui code 70 time=0 duration=0 nesting=0
11-09 20:51:20.424   769   769 I Layer   : id=4642 onRemoved SecVolumeDialogImpl#0 
11-09 20:51:20.427   769   825 I SurfaceFlinger: id=4642 Removed SecVolumeDialogImpl#0 (-2/4)
11-09 20:51:20.428   769   769 I SurfaceFlinger: Display 0 HWC layers:
11-09 20:51:20.428   769   769 I SurfaceFlinger:     type    |    handle    | flag |  format   |   source crop (l,t,r,b)    |         frame       | name 
