11-08 22:29:41.519   643 14552 E volume_listener: check_and_set_gain_dep_cal: Failed to set gain dep cal level
11-08 22:29:41.523 31466 31466 D UE4     : OnReceive VOLUME_CHANGED_ACTION
11-08 22:29:41.524 31466 31466 D UE4     : skipping volume change from stream 10
11-08 22:29:41.524 31466 31466 D UE4     : OnReceive VOLUME_CHANGED_ACTION
11-08 22:29:41.525 31466 31466 D UE4     : skipping volume change from stream 9
11-08 22:29:41.525 31466 31466 D UE4     : OnReceive VOLUME_CHANGED_ACTION
11-08 22:29:41.526 31466 31466 D UE4     : nativeVolumeEvent(10)
11-08 22:29:41.528  1400  1400 I vol.Events: writeEvent show_dialog volume_changed keyguard=false
11-08 22:29:41.545 31466 31493 V threaded_app: New input event: type=1
11-08 22:29:41.546 31466 31493 V threaded_app: New input event: type=1
11-08 22:29:41.546 31466 31493 D UE4     : Received keycode: 24, softkey: 0
11-08 22:29:41.546 31466 31493 D UE4     : Received key event: 24
11-08 22:29:41.546 31466 31466 D UE4     : === Restoring Transparent Bars due to KeyCode ===
11-08 22:29:41.546 31466 31466 D UE4     : === Restoring Transparent Bars ===
11-08 22:29:41.547   898  2136 D MediaSessionService: dispatchVolumeKeyEvent, pkg=com.TeamNA.GiftGame, pid=31466, uid=10342, asSystem=true, event=KeyEvent { action=ACTION_DOWN, keyCode=KEYCODE_VOLUME_UP, scanCode=115, metaState=0, flags=0x8, repeatCount=5, eventTime=147199057, downTime=147198355, deviceId=9, source=0x101 }
11-08 22:29:41.547   898  2136 D MediaSessionService: Adjusting null by 1. flags=4113, suggestedStream=3, preferSuggestedStream=true
11-08 22:29:41.556 31466 31466 D UE4     : OnReceive VOLUME_CHANGED_ACTION
11-08 22:29:41.556 31466 31466 D UE4     : skipping volume change from stream 10
11-08 22:29:41.559   643 20163 E volume_listener: check_and_set_gain_dep_cal: Failed to set gain dep cal level
11-08 22:29:41.560 31466 31466 D UE4     : OnReceive VOLUME_CHANGED_ACTION
11-08 22:29:41.560 31466 31466 D UE4     : skipping volume change from stream 9
11-08 22:29:41.562  1400  1686 I vol.Events: writeEvent level_changed STREAM_MUSIC 11
11-08 22:29:41.562 31466 31466 D UE4     : OnReceive VOLUME_CHANGED_ACTION
11-08 22:29:41.562 31466 31466 D UE4     : nativeVolumeEvent(11)
11-08 22:29:41.578  1400  1400 I vol.Events: writeEvent show_dialog volume_changed keyguard=false
11-08 22:29:41.595 31466 31493 V threaded_app: New input event: type=1
11-08 22:29:41.596 31466 31493 V threaded_app: New input event: type=1
11-08 22:29:41.596 31466 31493 D UE4     : Received keycode: 24, softkey: 0
11-08 22:29:41.596 31466 31493 D UE4     : Received key event: 24
11-08 22:29:41.596 31466 31466 D UE4     : === Restoring Transparent Bars due to KeyCode ===
11-08 22:29:41.596 31466 31466 D UE4     : === Restoring Transparent Bars ===
11-08 22:29:41.597   898  2136 D MediaSessionService: dispatchVolumeKeyEvent, pkg=com.TeamNA.GiftGame, pid=31466, uid=10342, asSystem=true, event=KeyEvent { action=ACTION_DOWN, keyCode=KEYCODE_VOLUME_UP, scanCode=115, metaState=0, flags=0x8, repeatCount=6, eventTime=147199108, downTime=147198355, deviceId=9, source=0x101 }
11-08 22:29:41.597   898  2136 D MediaSessionService: Adjusting null by 1. flags=4113, suggestedStream=3, preferSuggestedStream=true
11-08 22:29:41.606  1400  1686 I vol.Events: writeEvent level_changed STREAM_MUSIC 12
11-08 22:29:41.606 31466 31466 D UE4     : OnReceive VOLUME_CHANGED_ACTION
11-08 22:29:41.606  1400  1686 I vol.Events: writeEvent key STREAM_MUSIC 12
11-08 22:29:41.606 31466 31466 D UE4     : skipping volume change from stream 10
11-08 22:29:41.606 31466 31466 D UE4     : OnReceive VOLUME_CHANGED_ACTION
11-08 22:29:41.607 31466 31466 D UE4     : skipping volume change from stream 9
11-08 22:29:41.607 31466 31466 D UE4     : OnReceive VOLUME_CHANGED_ACTION
11-08 22:29:41.608 31466 31466 D UE4     : nativeVolumeEvent(12)
11-08 22:29:41.614  1400  1400 I vol.Events: writeEvent show_dialog volume_changed keyguard=false
11-08 22:29:41.619   643 20163 E volume_listener: check_and_set_gain_dep_cal: Failed to set gain dep cal level
11-08 22:29:41.647 31466 31493 V threaded_app: New input event: type=1
11-08 22:29:41.648 31466 31493 V threaded_app: New input event: type=1
11-08 22:29:41.648 31466 31493 D UE4     : Received keycode: 24, softkey: 0
11-08 22:29:41.648 31466 31493 D UE4     : Received key event: 24
11-08 22:29:41.648 31466 31466 D UE4     : === Restoring Transparent Bars due to KeyCode ===
11-08 22:29:41.648 31466 31466 D UE4     : === Restoring Transparent Bars ===
11-08 22:29:41.649   898  2257 D MediaSessionService: dispatchVolumeKeyEvent, pkg=com.TeamNA.GiftGame, pid=31466, uid=10342, asSystem=true, event=KeyEvent { action=ACTION_DOWN, keyCode=KEYCODE_VOLUME_UP, scanCode=115, metaState=0, flags=0x8, repeatCount=7, eventTime=147199159, downTime=147198355, deviceId=9, source=0x101 }
11-08 22:29:41.649   898  2257 D MediaSessionService: Adjusting null by 1. flags=4113, suggestedStream=3, preferSuggestedStream=true
11-08 22:29:41.658 31466 31466 D UE4     : OnReceive VOLUME_CHANGED_ACTION
11-08 22:29:41.658 31466 31466 D UE4     : skipping volume change from stream 10
11-08 22:29:41.659 31466 31466 D UE4     : OnReceive VOLUME_CHANGED_ACTION
11-08 22:29:41.659 31466 31466 D UE4     : skipping volume change from stream 9
11-08 22:29:41.661  1400  1686 I vol.Events: writeEvent level_changed STREAM_MUSIC 13
11-08 22:29:41.661 31466 31466 D UE4     : OnReceive VOLUME_CHANGED_ACTION
11-08 22:29:41.662 31466 31466 D UE4     : nativeVolumeEvent(13)
11-08 22:29:41.674  1400  1400 I vol.Events: writeEvent show_dialog volume_changed keyguard=false
11-08 22:29:41.679   643 20163 E volume_listener: check_and_set_gain_dep_cal: Failed to set gain dep cal level
11-08 22:29:41.697 31466 31493 V threaded_app: New input event: type=1
11-08 22:29:41.698 31466 31493 V threaded_app: New input event: type=1
11-08 22:29:41.698 31466 31493 D UE4     : Received keycode: 24, softkey: 0
11-08 22:29:41.698 31466 31493 D UE4     : Received key event: 24
11-08 22:29:41.699 31466 31466 D UE4     : === Restoring Transparent Bars due to KeyCode ===
11-08 22:29:41.699 31466 31466 D UE4     : === Restoring Transparent Bars ===
11-08 22:29:41.699   898  2136 D MediaSessionService: dispatchVolumeKeyEvent, pkg=com.TeamNA.GiftGame, pid=31466, uid=10342, asSystem=true, event=KeyEvent { action=ACTION_DOWN, keyCode=KEYCODE_VOLUME_UP, scanCode=115, metaState=0, flags=0x8, repeatCount=8, eventTime=147199210, downTime=147198355, deviceId=9, source=0x101 }
11-08 22:29:41.700   898  2136 D MediaSessionService: Adjusting null by 1. flags=4113, suggestedStream=3, preferSuggestedStream=true
11-08 22:29:41.712 31466 31466 D UE4     : OnReceive VOLUME_CHANGED_ACTION
11-08 22:29:41.712 31466 31466 D UE4     : skipping volume change from stream 10
11-08 22:29:41.715  1400  1686 I vol.Events: writeEvent level_changed STREAM_MUSIC 14
11-08 22:29:41.716  1400  1686 I vol.Events: writeEvent key STREAM_MUSIC 14
11-08 22:29:41.718 31466 31466 D UE4     : OnReceive VOLUME_CHANGED_ACTION
11-08 22:29:41.718 31466 31466 D UE4     : skipping volume change from stream 9
11-08 22:29:41.719   643 14552 E volume_listener: check_and_set_gain_dep_cal: Failed to set gain dep cal level
11-08 22:29:41.720 31466 31466 D UE4     : OnReceive VOLUME_CHANGED_ACTION
11-08 22:29:41.720 31466 31466 D UE4     : nativeVolumeEvent(14)
11-08 22:29:41.728  1400  1400 I vol.Events: writeEvent show_dialog volume_changed keyguard=false
11-08 22:29:41.748 31466 31493 V threaded_app: New input event: type=1
11-08 22:29:41.749 31466 31493 V threaded_app: New input event: type=1
11-08 22:29:41.750 31466 31493 D UE4     : Received keycode: 24, softkey: 0
11-08 22:29:41.750 31466 31493 D UE4     : Received key event: 24
11-08 22:29:41.751 31466 31466 D UE4     : === Restoring Transparent Bars due to KeyCode ===
11-08 22:29:41.751 31466 31466 D UE4     : === Restoring Transparent Bars ===
11-08 22:29:41.752   898  2257 D MediaSessionService: dispatchVolumeKeyEvent, pkg=com.TeamNA.GiftGame, pid=31466, uid=10342, asSystem=true, event=KeyEvent { action=ACTION_DOWN, keyCode=KEYCODE_VOLUME_UP, scanCode=115, metaState=0, flags=0x8, repeatCount=9, eventTime=147199261, downTime=147198355, deviceId=9, source=0x101 }
11-08 22:29:41.753   898  2257 D MediaSessionService: Adjusting null by 1. flags=4113, suggestedStream=3, preferSuggestedStream=true
11-08 22:29:41.764 31466 31466 D UE4     : OnReceive VOLUME_CHANGED_ACTION
11-08 22:29:41.764 31466 31466 D UE4     : skipping volume change from stream 10
11-08 22:29:41.765 31466 31466 D UE4     : OnReceive VOLUME_CHANGED_ACTION
11-08 22:29:41.766 31466 31466 D UE4     : skipping volume change from stream 9
11-08 22:29:41.768  1400  1686 I vol.Events: writeEvent level_changed STREAM_MUSIC 15
11-08 22:29:41.768 31466 31466 D UE4     : OnReceive VOLUME_CHANGED_ACTION
11-08 22:29:41.770 31466 31466 D UE4     : nativeVolumeEvent(15)
11-08 22:29:41.779   643 14552 E volume_listener: check_and_set_gain_dep_cal: Failed to set gain dep cal level
11-08 22:29:41.783  1400  1400 I vol.Events: writeEvent show_dialog volume_changed keyguard=false
11-08 22:29:41.798 31466 31493 V threaded_app: New input event: type=1
11-08 22:29:41.799 31466 31493 V threaded_app: New input event: type=1
11-08 22:29:41.799 31466 31493 D UE4     : Received keycode: 24, softkey: 0
11-08 22:29:41.800 31466 31493 D UE4     : Received key event: 24
11-08 22:29:41.800 31466 31466 D UE4     : === Restoring Transparent Bars due to KeyCode ===
11-08 22:29:41.800 31466 31466 D UE4     : === Restoring Transparent Bars ===
11-08 22:29:41.801   898  2257 D MediaSessionService: dispatchVolumeKeyEvent, pkg=com.TeamNA.GiftGame, pid=31466, uid=10342, asSystem=true, event=KeyEvent { action=ACTION_DOWN, keyCode=KEYCODE_VOLUME_UP, scanCode=115, metaState=0, flags=0x8, repeatCount=10, eventTime=147199311, downTime=147198355, deviceId=9, source=0x101 }
11-08 22:29:41.802   898  2257 D MediaSessionService: Adjusting null by 1. flags=4113, suggestedStream=3, preferSuggestedStream=true
11-08 22:29:41.814  1400  1400 I vol.Events: writeEvent show_dialog volume_changed keyguard=false
11-08 22:29:41.846 31466 31466 D UE4     : === Restoring Transparent Bars ===
11-08 22:29:41.849 31466 31493 V threaded_app: New input event: type=1
11-08 22:29:41.851 31466 31493 V threaded_app: New input event: type=1
11-08 22:29:41.851 31466 31493 D UE4     : Received keycode: 24, softkey: 0
11-08 22:29:41.851 31466 31493 D UE4     : Received key event: 24
11-08 22:29:41.852 31466 31466 D UE4     : === Restoring Transparent Bars due to KeyCode ===
11-08 22:29:41.852 31466 31466 D UE4     : === Restoring Transparent Bars ===
11-08 22:29:41.853   898  2136 D MediaSessionService: dispatchVolumeKeyEvent, pkg=com.TeamNA.GiftGame, pid=31466, uid=10342, asSystem=true, event=KeyEvent { action=ACTION_DOWN, keyCode=KEYCODE_VOLUME_UP, scanCode=115, metaState=0, flags=0x8, repeatCount=11, eventTime=147199362, downTime=147198355, deviceId=9, source=0x101 }
11-08 22:29:41.853   898  2136 D MediaSessionService: Adjusting null by 1. flags=4113, suggestedStream=3, preferSuggestedStream=true
11-08 22:29:41.863  1400  1400 I vol.Events: writeEvent show_dialog volume_changed keyguard=false
11-08 22:29:41.894 31466 31466 D UE4     : === Restoring Transparent Bars ===
11-08 22:29:41.899 31466 31493 V threaded_app: New input event: type=1
11-08 22:29:41.900 31466 31493 V threaded_app: New input event: type=1
11-08 22:29:41.901 31466 31493 D UE4     : Received keycode: 24, softkey: 0
11-08 22:29:41.901 31466 31493 D UE4     : Received key event: 24
11-08 22:29:41.901 31466 31466 D UE4     : === Restoring Transparent Bars due to KeyCode ===
11-08 22:29:41.901 31466 31466 D UE4     : === Restoring Transparent Bars ===
11-08 22:29:41.902   898  2257 D MediaSessionService: dispatchVolumeKeyEvent, pkg=com.TeamNA.GiftGame, pid=31466, uid=10342, asSystem=true, event=KeyEvent { action=ACTION_DOWN, keyCode=KEYCODE_VOLUME_UP, scanCode=115, metaState=0, flags=0x8, repeatCount=12, eventTime=147199413, downTime=147198355, deviceId=9, source=0x101 }
11-08 22:29:41.902   898  2257 D MediaSessionService: Adjusting null by 1. flags=4113, suggestedStream=3, preferSuggestedStream=true
11-08 22:29:41.912  1400  1400 I vol.Events: writeEvent show_dialog volume_changed keyguard=false
11-08 22:29:41.946 31466 31466 D UE4     : === Restoring Transparent Bars ===
11-08 22:29:41.951 31466 31493 V threaded_app: New input event: type=1
11-08 22:29:41.953 31466 31493 V threaded_app: New input event: type=1
11-08 22:29:41.953 31466 31493 D UE4     : Received keycode: 24, softkey: 0
11-08 22:29:41.953 31466 31493 D UE4     : Received key event: 24
11-08 22:29:41.953 31466 31466 D UE4     : === Restoring Transparent Bars due to KeyCode ===
11-08 22:29:41.953 31466 31466 D UE4     : === Restoring Transparent Bars ===
11-08 22:29:41.954   898  2257 D MediaSessionService: dispatchVolumeKeyEvent, pkg=com.TeamNA.GiftGame, pid=31466, uid=10342, asSystem=true, event=KeyEvent { action=ACTION_DOWN, keyCode=KEYCODE_VOLUME_UP, scanCode=115, metaState=0, flags=0x8, repeatCount=13, eventTime=147199463, downTime=147198355, deviceId=9, source=0x101 }
11-08 22:29:41.954   898  2257 D MediaSessionService: Adjusting null by 1. flags=4113, suggestedStream=3, preferSuggestedStream=true
11-08 22:29:41.964  1400  1400 I vol.Events: writeEvent show_dialog volume_changed keyguard=false
11-08 22:29:41.968   898   898 V SettingsProvider: Notifying for 0: content://settings/system/volume_music_speaker
11-08 22:29:41.998 31466 31466 D UE4     : === Restoring Transparent Bars ===
11-08 22:29:42.001 31466 31493 V threaded_app: New input event: type=1
11-08 22:29:42.002 31466 31493 V threaded_app: New input event: type=1
11-08 22:29:42.002 31466 31493 D UE4     : Received keycode: 24, softkey: 0
11-08 22:29:42.002 31466 31493 D UE4     : Received key event: 24
11-08 22:29:42.002 31466 31466 D UE4     : === Restoring Transparent Bars due to KeyCode ===
11-08 22:29:42.002 31466 31466 D UE4     : === Restoring Transparent Bars ===
11-08 22:29:42.003   898  2257 D MediaSessionService: dispatchVolumeKeyEvent, pkg=com.TeamNA.GiftGame, pid=31466, uid=10342, asSystem=true, event=KeyEvent { action=ACTION_DOWN, keyCode=KEYCODE_VOLUME_UP, scanCode=115, metaState=0, flags=0x8, repeatCount=14, eventTime=147199514, downTime=147198355, deviceId=9, source=0x101 }
11-08 22:29:42.003   898  2257 D MediaSessionService: Adjusting null by 1. flags=4113, suggestedStream=3, preferSuggestedStream=true
11-08 22:29:42.012  1400  1400 I vol.Events: writeEvent show_dialog volume_changed keyguard=false
11-08 22:29:42.046 31466 31466 D UE4     : === Restoring Transparent Bars ===
11-08 22:29:42.052 31466 31493 V threaded_app: New input event: type=1
11-08 22:29:42.054 31466 31493 V threaded_app: New input event: type=1
11-08 22:29:42.054 31466 31493 D UE4     : Received keycode: 24, softkey: 0
11-08 22:29:42.054 31466 31493 D UE4     : Received key event: 24
11-08 22:29:42.054 31466 31466 D UE4     : === Restoring Transparent Bars due to KeyCode ===
11-08 22:29:42.054 31466 31466 D UE4     : === Restoring Transparent Bars ===
11-08 22:29:42.055   898  2136 D MediaSessionService: dispatchVolumeKeyEvent, pkg=com.TeamNA.GiftGame, pid=31466, uid=10342, asSystem=true, event=KeyEvent { action=ACTION_DOWN, keyCode=KEYCODE_VOLUME_UP, scanCode=115, metaState=0, flags=0x8, repeatCount=15, eventTime=147199565, downTime=147198355, deviceId=9, source=0x101 }
11-08 22:29:42.055   898  2136 D MediaSessionService: Adjusting null by 1. flags=4113, suggestedStream=3, preferSuggestedStream=true
11-08 22:29:42.067  1400  1400 I vol.Events: writeEvent show_dialog volume_changed keyguard=false
11-08 22:29:42.096 31466 31466 D UE4     : === Restoring Transparent Bars ===
11-08 22:29:42.103 31466 31493 V threaded_app: New input event: type=1
11-08 22:29:42.104 31466 31493 V threaded_app: New input event: type=1
11-08 22:29:42.104 31466 31493 D UE4     : Received keycode: 24, softkey: 0
11-08 22:29:42.104 31466 31493 D UE4     : Received key event: 24
11-08 22:29:42.104 31466 31466 D UE4     : === Restoring Transparent Bars due to KeyCode ===
11-08 22:29:42.104 31466 31466 D UE4     : === Restoring Transparent Bars ===
11-08 22:29:42.105   898  2136 D MediaSessionService: dispatchVolumeKeyEvent, pkg=com.TeamNA.GiftGame, pid=31466, uid=10342, asSystem=true, event=KeyEvent { action=ACTION_DOWN, keyCode=KEYCODE_VOLUME_UP, scanCode=115, metaState=0, flags=0x8, repeatCount=16, eventTime=147199616, downTime=147198355, deviceId=9, source=0x101 }
11-08 22:29:42.106   898  2136 D MediaSessionService: Adjusting null by 1. flags=4113, suggestedStream=3, preferSuggestedStream=true
11-08 22:29:42.115  1400  1400 I vol.Events: writeEvent show_dialog volume_changed keyguard=false
11-08 22:29:42.148 31466 31466 D UE4     : === Restoring Transparent Bars ===
11-08 22:29:42.153 31466 31493 V threaded_app: New input event: type=1
11-08 22:29:42.154 31466 31493 V threaded_app: New input event: type=1
11-08 22:29:42.154 31466 31493 D UE4     : Received keycode: 24, softkey: 0
11-08 22:29:42.154 31466 31493 D UE4     : Received key event: 24
11-08 22:29:42.154 31466 31466 D UE4     : === Restoring Transparent Bars due to KeyCode ===
11-08 22:29:42.154 31466 31466 D UE4     : === Restoring Transparent Bars ===
11-08 22:29:42.155   898  2136 D MediaSessionService: dispatchVolumeKeyEvent, pkg=com.TeamNA.GiftGame, pid=31466, uid=10342, asSystem=true, event=KeyEvent { action=ACTION_DOWN, keyCode=KEYCODE_VOLUME_UP, scanCode=115, metaState=0, flags=0x8, repeatCount=17, eventTime=147199667, downTime=147198355, deviceId=9, source=0x101 }
11-08 22:29:42.156   898  2136 D MediaSessionService: Adjusting null by 1. flags=4113, suggestedStream=3, preferSuggestedStream=true
11-08 22:29:42.163  1400  1400 I vol.Events: writeEvent show_dialog volume_changed keyguard=false
11-08 22:29:42.199 31466 31466 D UE4     : === Restoring Transparent Bars ===
11-08 22:29:42.204 31466 31493 V threaded_app: New input event: type=1
11-08 22:29:42.205 31466 31493 V threaded_app: New input event: type=1
11-08 22:29:42.205 31466 31493 D UE4     : Received keycode: 24, softkey: 0
11-08 22:29:42.205 31466 31493 D UE4     : Received key event: 24
11-08 22:29:42.205 31466 31466 D UE4     : === Restoring Transparent Bars due to KeyCode ===
11-08 22:29:42.205 31466 31466 D UE4     : === Restoring Transparent Bars ===
11-08 22:29:42.206   898  2136 D MediaSessionService: dispatchVolumeKeyEvent, pkg=com.TeamNA.GiftGame, pid=31466, uid=10342, asSystem=true, event=KeyEvent { action=ACTION_DOWN, keyCode=KEYCODE_VOLUME_UP, scanCode=115, metaState=0, flags=0x8, repeatCount=18, eventTime=147199718, downTime=147198355, deviceId=9, source=0x101 }
11-08 22:29:42.206   898  2136 D MediaSessionService: Adjusting null by 1. flags=4113, suggestedStream=3, preferSuggestedStream=true
11-08 22:29:42.217  1400  1400 I vol.Events: writeEvent show_dialog volume_changed keyguard=false
11-08 22:29:42.218 31466 31493 V threaded_app: New input event: type=1
11-08 22:29:42.219 31466 31493 V threaded_app: New input event: type=1
11-08 22:29:42.219 31466 31493 D UE4     : Received keycode: 24, softkey: 0
11-08 22:29:42.219 31466 31493 D UE4     : Received key event: 24
11-08 22:29:42.220   898  2136 D MediaSessionService: dispatchVolumeKeyEvent, pkg=com.TeamNA.GiftGame, pid=31466, uid=10342, asSystem=true, event=KeyEvent { action=ACTION_UP, keyCode=KEYCODE_VOLUME_UP, scanCode=115, metaState=0, flags=0x8, repeatCount=0, eventTime=147199732, downTime=147198355, deviceId=9, source=0x101 }
11-08 22:29:42.220   898  2136 D MediaSessionService: Adjusting null by 0. flags=4116, suggestedStream=3, preferSuggestedStream=true
11-08 22:29:42.251 31466 31466 D UE4     : === Restoring Transparent Bars ===
11-08 22:29:42.654 31466 31466 I chatty  : uid=10342(com.TeamNA.GiftGame) identical 8 lines
11-08 22:29:42.705 31466 31466 D UE4     : === Restoring Transparent Bars ===
11-08 22:29:42.872 31466 31571 D         : PlayerBase::PlayerBase()
11-08 22:29:42.873 31466 31571 D         : TrackPlayerBase::TrackPlayerBase()
11-08 22:29:42.873 31466 31571 I libOpenSLES: Emulating old channel mask behavior (ignoring positional mask 0x3, using default mask 0x3 based on channel count of 2)
11-08 22:29:42.881   681 16163 D AudioFlinger: Client defaulted notificationFrames to 590 for frameCount 1772
11-08 22:29:42.883 31466 31571 W AudioTrack: AUDIO_OUTPUT_FLAG_FAST denied by server; frameCount 0 -> 1772
11-08 22:29:42.888   640   640 W AshmemAllocator: ashmem_create_region(7680) returning hidl_memory(0x74f522c100, 7680)
11-08 22:29:42.890   640   640 W AshmemAllocator: ashmem_create_region(7680) returning hidl_memory(0x74f522c100, 7680)
11-08 22:29:42.893 31466 31571 D         : PlayerBase::stop() from IPlayer
11-08 22:29:42.894 31466 31571 D AudioTrack: stop() called with 1770 frames delivered
11-08 22:29:42.903 31466 31571 D         : PlayerBase::PlayerBase()
11-08 22:29:42.904 31466 31571 D         : TrackPlayerBase::TrackPlayerBase()
11-08 22:29:42.904 31466 31571 I libOpenSLES: Emulating old channel mask behavior (ignoring positional mask 0x3, using default mask 0x3 based on channel count of 2)
11-08 22:29:42.904   681   681 D AudioFlinger: Client defaulted notificationFrames to 590 for frameCount 1772
11-08 22:29:42.905 31466 31571 W AudioTrack: AUDIO_OUTPUT_FLAG_FAST denied by server; frameCount 0 -> 1772
11-08 22:29:42.911   640   640 W AshmemAllocator: ashmem_create_region(7680) returning hidl_memory(0x74f522c100, 7680)
11-08 22:29:42.914   640   640 W AshmemAllocator: ashmem_create_region(7680) returning hidl_memory(0x74f522c100, 7680)
11-08 22:29:42.915 31466 31571 D         : PlayerBase::stop() from IPlayer
11-08 22:29:42.915 31466 31571 D AudioTrack: stop() called with 1770 frames delivered
11-08 22:29:42.919 31466 31571 D         : PlayerBase::PlayerBase()
11-08 22:29:42.919 31466 31571 D         : TrackPlayerBase::TrackPlayerBase()
11-08 22:29:42.919 31466 31571 I libOpenSLES: Emulating old channel mask behavior (ignoring positional mask 0x3, using default mask 0x3 based on channel count of 2)
11-08 22:29:42.920   681 16163 D AudioFlinger: Client defaulted notificationFrames to 590 for frameCount 1772
11-08 22:29:42.921 31466 31571 W AudioTrack: AUDIO_OUTPUT_FLAG_FAST denied by server; frameCount 0 -> 1772
11-08 22:29:42.925   640   640 W AshmemAllocator: ashmem_create_region(7680) returning hidl_memory(0x74f522c100, 7680)
11-08 22:29:42.927   640   640 W AshmemAllocator: ashmem_create_region(7680) returning hidl_memory(0x74f522c100, 7680)
11-08 22:29:42.930 31466 31571 D         : PlayerBase::stop() from IPlayer
11-08 22:29:42.930 31466 31571 D AudioTrack: stop() called with 1770 frames delivered
11-08 22:29:42.934 31466 31571 D         : PlayerBase::PlayerBase()
11-08 22:29:42.934 31466 31571 D         : TrackPlayerBase::TrackPlayerBase()
11-08 22:29:42.935 31466 31571 I libOpenSLES: Emulating old channel mask behavior (ignoring positional mask 0x3, using default mask 0x3 based on channel count of 2)
11-08 22:29:42.935   681 16163 D AudioFlinger: Client defaulted notificationFrames to 590 for frameCount 1772
11-08 22:29:42.936 31466 31571 W AudioTrack: AUDIO_OUTPUT_FLAG_FAST denied by server; frameCount 0 -> 1772
11-08 22:29:42.942   640   640 W AshmemAllocator: ashmem_create_region(7680) returning hidl_memory(0x74f522c100, 7680)
11-08 22:29:42.944   640   640 W AshmemAllocator: ashmem_create_region(7680) returning hidl_memory(0x74f522c100, 7680)
11-08 22:29:42.946 31466 31571 D         : PlayerBase::stop() from IPlayer
11-08 22:29:42.946 31466 31571 D AudioTrack: stop() called with 1770 frames delivered
11-08 22:29:42.949 31466 31571 D         : PlayerBase::PlayerBase()
11-08 22:29:42.950 31466 31571 D         : TrackPlayerBase::TrackPlayerBase()
11-08 22:29:42.950 31466 31571 I libOpenSLES: Emulating old channel mask behavior (ignoring positional mask 0x3, using default mask 0x3 based on channel count of 2)
11-08 22:29:42.951   681  2082 D AudioFlinger: Client defaulted notificationFrames to 590 for frameCount 1772
11-08 22:29:42.953 31466 31571 W AudioTrack: AUDIO_OUTPUT_FLAG_FAST denied by server; frameCount 0 -> 1772
11-08 22:29:42.956   640   640 W AshmemAllocator: ashmem_create_region(7680) returning hidl_memory(0x74f522c100, 7680)
11-08 22:29:42.958   640   640 W AshmemAllocator: ashmem_create_region(7680) returning hidl_memory(0x74f522c100, 7680)
11-08 22:29:42.962 31466 31571 D         : PlayerBase::stop() from IPlayer
11-08 22:29:42.963 31466 31571 D AudioTrack: stop() called with 1770 frames delivered
11-08 22:29:42.967 31466 31571 D         : PlayerBase::PlayerBase()
11-08 22:29:42.968 31466 31571 D         : TrackPlayerBase::TrackPlayerBase()
11-08 22:29:42.968 31466 31571 I libOpenSLES: Emulating old channel mask behavior (ignoring positional mask 0x3, using default mask 0x3 based on channel count of 2)
11-08 22:29:42.968   681 20335 D AudioFlinger: Client defaulted notificationFrames to 590 for frameCount 1772
11-08 22:29:42.970 31466 31571 W AudioTrack: AUDIO_OUTPUT_FLAG_FAST denied by server; frameCount 0 -> 1772
11-08 22:29:42.975   640   640 W AshmemAllocator: ashmem_create_region(7680) returning hidl_memory(0x74f522c100, 7680)
11-08 22:29:42.977   640   640 W AshmemAllocator: ashmem_create_region(7680) returning hidl_memory(0x74f522c100, 7680)
11-08 22:29:42.987   676   676 E VibratorService: Setting amplitude  to: 3596
11-08 22:29:43.119 31466 31571 D         : PlayerBase::stop() from IPlayer
11-08 22:29:43.120 31466 31571 D AudioTrack: stop() called with 7670 frames delivered
11-08 22:29:43.125 31466 31571 D         : PlayerBase::PlayerBase()
11-08 22:29:43.125 31466 31571 D         : TrackPlayerBase::TrackPlayerBase()
11-08 22:29:43.125 31466 31571 I libOpenSLES: Emulating old channel mask behavior (ignoring positional mask 0x3, using default mask 0x3 based on channel count of 2)
11-08 22:29:43.127   681   896 D AudioFlinger: Client defaulted notificationFrames to 590 for frameCount 1772
11-08 22:29:43.128 31466 31571 W AudioTrack: AUDIO_OUTPUT_FLAG_FAST denied by server; frameCount 0 -> 1772
11-08 22:29:43.135   640   640 W AshmemAllocator: ashmem_create_region(7680) returning hidl_memory(0x74f522c100, 7680)
11-08 22:29:43.137   640   640 W AshmemAllocator: ashmem_create_region(7680) returning hidl_memory(0x74f522c100, 7680)
11-08 22:29:43.139 31466 31571 D         : PlayerBase::stop() from IPlayer
11-08 22:29:43.139 31466 31571 D AudioTrack: stop() called with 1770 frames delivered
11-08 22:29:43.144 31466 31571 D         : PlayerBase::PlayerBase()
11-08 22:29:43.144 31466 31571 D         : TrackPlayerBase::TrackPlayerBase()
11-08 22:29:43.144 31466 31571 I libOpenSLES: Emulating old channel mask behavior (ignoring positional mask 0x3, using default mask 0x3 based on channel count of 2)
11-08 22:29:43.145   681   896 D AudioFlinger: Client defaulted notificationFrames to 590 for frameCount 1772
11-08 22:29:43.146 31466 31571 W AudioTrack: AUDIO_OUTPUT_FLAG_FAST denied by server; frameCount 0 -> 1772
11-08 22:29:43.149   640   640 W AshmemAllocator: ashmem_create_region(7680) returning hidl_memory(0x74f522c100, 7680)
11-08 22:29:43.152   640   640 W AshmemAllocator: ashmem_create_region(7680) returning hidl_memory(0x74f522c100, 7680)
11-08 22:29:43.154 31466 31571 D         : PlayerBase::stop() from IPlayer
11-08 22:29:43.154 31466 31571 D AudioTrack: stop() called with 1770 frames delivered
11-08 22:29:43.158 31466 31571 D         : PlayerBase::PlayerBase()
11-08 22:29:43.159 31466 31571 D         : TrackPlayerBase::TrackPlayerBase()
11-08 22:29:43.159 31466 31571 I libOpenSLES: Emulating old channel mask behavior (ignoring positional mask 0x3, using default mask 0x3 based on channel count of 2)
11-08 22:29:43.160   681   896 D AudioFlinger: Client defaulted notificationFrames to 590 for frameCount 1772
11-08 22:29:43.161 31466 31571 W AudioTrack: AUDIO_OUTPUT_FLAG_FAST denied by server; frameCount 0 -> 1772
11-08 22:29:43.165   640   640 W AshmemAllocator: ashmem_create_region(7680) returning hidl_memory(0x74f522c100, 7680)
11-08 22:29:43.167   640   640 W AshmemAllocator: ashmem_create_region(7680) returning hidl_memory(0x74f522c100, 7680)
11-08 22:29:43.169 31466 31571 D         : PlayerBase::stop() from IPlayer
11-08 22:29:43.170 31466 31571 D AudioTrack: stop() called with 1770 frames delivered
11-08 22:29:43.175 31466 31571 D         : PlayerBase::PlayerBase()
11-08 22:29:43.176 31466 31571 D         : TrackPlayerBase::TrackPlayerBase()
11-08 22:29:43.176 31466 31571 I libOpenSLES: Emulating old channel mask behavior (ignoring positional mask 0x3, using default mask 0x3 based on channel count of 2)
11-08 22:29:43.178   681   896 D AudioFlinger: Client defaulted notificationFrames to 590 for frameCount 1772
11-08 22:29:43.178 31466 31571 W AudioTrack: AUDIO_OUTPUT_FLAG_FAST denied by server; frameCount 0 -> 1772
11-08 22:29:43.183   640   640 W AshmemAllocator: ashmem_create_region(7680) returning hidl_memory(0x74f522c100, 7680)
11-08 22:29:43.185   640   640 W AshmemAllocator: ashmem_create_region(7680) returning hidl_memory(0x74f522c100, 7680)
11-08 22:29:43.187 31466 31571 D         : PlayerBase::stop() from IPlayer
11-08 22:29:43.187 31466 31571 D AudioTrack: stop() called with 1180 frames delivered
11-08 22:29:43.191 31466 31571 D         : PlayerBase::PlayerBase()
11-08 22:29:43.191 31466 31571 D         : TrackPlayerBase::TrackPlayerBase()
11-08 22:29:43.191 31466 31571 I libOpenSLES: Emulating old channel mask behavior (ignoring positional mask 0x3, using default mask 0x3 based on channel count of 2)
11-08 22:29:43.192   681   896 D AudioFlinger: Client defaulted notificationFrames to 590 for frameCount 1772
11-08 22:29:43.194 31466 31571 W AudioTrack: AUDIO_OUTPUT_FLAG_FAST denied by server; frameCount 0 -> 1772
11-08 22:29:43.197   640   640 W AshmemAllocator: ashmem_create_region(7680) returning hidl_memory(0x74f522c100, 7680)
11-08 22:29:43.199   640   640 W AshmemAllocator: ashmem_create_region(7680) returning hidl_memory(0x74f522c100, 7680)
11-08 22:29:44.046 31466 31635 D         : PlayerBase::stop() from IPlayer
11-08 22:29:44.046 31466 31635 D AudioTrack: stop() called with 38746 frames delivered
11-08 22:29:44.053 31466 31571 D         : PlayerBase::stop() from IPlayer
11-08 22:29:44.199 31466 31493 V threaded_app: New input event: type=2
11-08 22:29:44.200  1400  1400 I vol.Events: writeEvent dismiss_dialog touch_outside
11-08 22:29:44.216  1400  1686 I vol.Events: writeEvent active_stream_changed UNKNOWN_STREAM_-1
11-08 22:29:44.223 31466 31493 V threaded_app: New input event: type=2
11-08 22:29:44.240 31466 31493 I chatty  : uid=10342(com.TeamNA.GiftGame) identical 1 line
11-08 22:29:44.262 31466 31493 V threaded_app: New input event: type=2
11-08 22:29:44.522   493  2049 W SurfaceFlinger: Attempting to destroy on removed layer: bab0a4e VolumeDialogImpl#0
11-08 22:29:44.884 24720 31027 I BugleNetwork: Received onNext in BindHandlerV2: PONG
11-08 22:29:44.885 24720 31027 I BugleNetwork: handlePong()
11-08 22:29:46.460   898   898 V SettingsProvider: Notifying for 0: content://settings/system/screen_brightness
11-08 22:29:46.572 31466 31493 V threaded_app: New input event: type=2
11-08 22:29:46.663 31466 31493 I chatty  : uid=10342(com.TeamNA.GiftGame) identical 4 lines
11-08 22:29:46.663 31466 31493 V threaded_app: New input event: type=2
11-08 22:29:47.222  1400  1400 I vol.Events: writeEvent dismiss_dialog timeout
11-08 22:29:47.772 31466 31571 D         : PlayerBase::PlayerBase()
11-08 22:29:47.773 31466 31571 D         : TrackPlayerBase::TrackPlayerBase()
11-08 22:29:47.773 31466 31571 I libOpenSLES: Emulating old channel mask behavior (ignoring positional mask 0x3, using default mask 0x3 based on channel count of 2)
11-08 22:29:47.775   681 20335 D AudioFlinger: Client defaulted notificationFrames to 590 for frameCount 1772
11-08 22:29:47.777 31466 31571 W AudioTrack: AUDIO_OUTPUT_FLAG_FAST denied by server; frameCount 0 -> 1772
11-08 22:29:47.783   640   640 W AshmemAllocator: ashmem_create_region(7680) returning hidl_memory(0x74f522c100, 7680)
11-08 22:29:47.786   640   640 W AshmemAllocator: ashmem_create_region(7680) returning hidl_memory(0x74f522c100, 7680)
11-08 22:29:47.788 31466 31571 D         : PlayerBase::stop() from IPlayer
11-08 22:29:47.788 31466 31571 D AudioTrack: stop() called with 1770 frames delivered
11-08 22:29:47.792 31466 31571 D         : PlayerBase::PlayerBase()
11-08 22:29:47.792 31466 31571 D         : TrackPlayerBase::TrackPlayerBase()
11-08 22:29:47.792 31466 31571 I libOpenSLES: Emulating old channel mask behavior (ignoring positional mask 0x3, using default mask 0x3 based on channel count of 2)
11-08 22:29:47.793   681 16163 D AudioFlinger: Client defaulted notificationFrames to 590 for frameCount 1772
11-08 22:29:47.794 31466 31571 W AudioTrack: AUDIO_OUTPUT_FLAG_FAST denied by server; frameCount 0 -> 1772
11-08 22:29:47.799   640   640 W AshmemAllocator: ashmem_create_region(7680) returning hidl_memory(0x74f522c100, 7680)
11-08 22:29:47.800   640   640 W AshmemAllocator: ashmem_create_region(7680) returning hidl_memory(0x74f522c100, 7680)
11-08 22:29:47.804 31466 31571 D         : PlayerBase::stop() from IPlayer
11-08 22:29:47.804 31466 31571 D AudioTrack: stop() called with 1770 frames delivered
11-08 22:29:47.808 31466 31571 D         : PlayerBase::PlayerBase()
11-08 22:29:47.808 31466 31571 D         : TrackPlayerBase::TrackPlayerBase()
11-08 22:29:47.808 31466 31571 I libOpenSLES: Emulating old channel mask behavior (ignoring positional mask 0x3, using default mask 0x3 based on channel count of 2)
11-08 22:29:47.809   681 16163 D AudioFlinger: Client defaulted notificationFrames to 590 for frameCount 1772
11-08 22:29:47.810 31466 31571 W AudioTrack: AUDIO_OUTPUT_FLAG_FAST denied by server; frameCount 0 -> 1772
11-08 22:29:47.815   640   640 W AshmemAllocator: ashmem_create_region(7680) returning hidl_memory(0x74f522c100, 7680)
11-08 22:29:47.819   640   640 W AshmemAllocator: ashmem_create_region(7680) returning hidl_memory(0x74f522c100, 7680)
11-08 22:29:47.821 31466 31571 D         : PlayerBase::stop() from IPlayer
11-08 22:29:47.821 31466 31571 D AudioTrack: stop() called with 1770 frames delivered
11-08 22:29:47.825 31466 31571 D         : PlayerBase::PlayerBase()
11-08 22:29:47.825 31466 31571 D         : TrackPlayerBase::TrackPlayerBase()
11-08 22:29:47.825 31466 31571 I libOpenSLES: Emulating old channel mask behavior (ignoring positional mask 0x3, using default mask 0x3 based on channel count of 2)
11-08 22:29:47.826   681 11719 D AudioFlinger: Client defaulted notificationFrames to 590 for frameCount 1772
11-08 22:29:47.827 31466 31571 W AudioTrack: AUDIO_OUTPUT_FLAG_FAST denied by server; frameCount 0 -> 1772
11-08 22:29:47.832   640   640 W AshmemAllocator: ashmem_create_region(7680) returning hidl_memory(0x74f522c100, 7680)
11-08 22:29:47.835   640   640 W AshmemAllocator: ashmem_create_region(7680) returning hidl_memory(0x74f522c100, 7680)
11-08 22:29:47.837 31466 31571 D         : PlayerBase::stop() from IPlayer
11-08 22:29:47.837 31466 31571 D AudioTrack: stop() called with 1770 frames delivered
11-08 22:29:47.842 31466 31571 D         : PlayerBase::PlayerBase()
11-08 22:29:47.842 31466 31571 D         : TrackPlayerBase::TrackPlayerBase()
11-08 22:29:47.842 31466 31571 I libOpenSLES: Emulating old channel mask behavior (ignoring positional mask 0x3, using default mask 0x3 based on channel count of 2)
11-08 22:29:47.843   681 16163 D AudioFlinger: Client defaulted notificationFrames to 590 for frameCount 1772
11-08 22:29:47.844 31466 31571 W AudioTrack: AUDIO_OUTPUT_FLAG_FAST denied by server; frameCount 0 -> 1772
11-08 22:29:47.848   640   640 W AshmemAllocator: ashmem_create_region(7680) returning hidl_memory(0x74f522c100, 7680)
11-08 22:29:47.850   640   640 W AshmemAllocator: ashmem_create_region(7680) returning hidl_memory(0x74f522c100, 7680)
11-08 22:29:47.853 31466 31571 D         : PlayerBase::stop() from IPlayer
11-08 22:29:47.853 31466 31571 D AudioTrack: stop() called with 1770 frames delivered
11-08 22:29:47.858 31466 31571 D         : PlayerBase::PlayerBase()
11-08 22:29:47.858 31466 31571 D         : TrackPlayerBase::TrackPlayerBase()
11-08 22:29:47.858 31466 31571 I libOpenSLES: Emulating old channel mask behavior (ignoring positional mask 0x3, using default mask 0x3 based on channel count of 2)
11-08 22:29:47.859   681   681 D AudioFlinger: Client defaulted notificationFrames to 590 for frameCount 1772
11-08 22:29:47.861 31466 31571 W AudioTrack: AUDIO_OUTPUT_FLAG_FAST denied by server; frameCount 0 -> 1772
11-08 22:29:47.865   640   640 W AshmemAllocator: ashmem_create_region(7680) returning hidl_memory(0x74f522c100, 7680)
11-08 22:29:47.867   640   640 W AshmemAllocator: ashmem_create_region(7680) returning hidl_memory(0x74f522c100, 7680)
11-08 22:29:47.886   676   676 E VibratorService: Setting amplitude  to: 3596
11-08 22:29:48.003 31466 31571 D         : PlayerBase::stop() from IPlayer
11-08 22:29:48.004 31466 31571 D AudioTrack: stop() called with 7670 frames delivered
11-08 22:29:48.008 31466 31571 D         : PlayerBase::PlayerBase()
11-08 22:29:48.009 31466 31571 D         : TrackPlayerBase::TrackPlayerBase()
11-08 22:29:48.009 31466 31571 I libOpenSLES: Emulating old channel mask behavior (ignoring positional mask 0x3, using default mask 0x3 based on channel count of 2)
11-08 22:29:48.010   681   681 D AudioFlinger: Client defaulted notificationFrames to 590 for frameCount 1772
11-08 22:29:48.011 31466 31571 W AudioTrack: AUDIO_OUTPUT_FLAG_FAST denied by server; frameCount 0 -> 1772
11-08 22:29:48.017   640   640 W AshmemAllocator: ashmem_create_region(7680) returning hidl_memory(0x74f522c100, 7680)
11-08 22:29:48.019   640   640 W AshmemAllocator: ashmem_create_region(7680) returning hidl_memory(0x74f522c100, 7680)
11-08 22:29:48.021 31466 31571 D         : PlayerBase::stop() from IPlayer
11-08 22:29:48.022 31466 31571 D AudioTrack: stop() called with 1770 frames delivered
11-08 22:29:48.025 31466 31571 D         : PlayerBase::PlayerBase()
11-08 22:29:48.026 31466 31571 D         : TrackPlayerBase::TrackPlayerBase()
11-08 22:29:48.026 31466 31571 I libOpenSLES: Emulating old channel mask behavior (ignoring positional mask 0x3, using default mask 0x3 based on channel count of 2)
11-08 22:29:48.026   681   896 D AudioFlinger: Client defaulted notificationFrames to 590 for frameCount 1772
11-08 22:29:48.027 31466 31571 W AudioTrack: AUDIO_OUTPUT_FLAG_FAST denied by server; frameCount 0 -> 1772
11-08 22:29:48.032   640   640 W AshmemAllocator: ashmem_create_region(7680) returning hidl_memory(0x74f522c100, 7680)
11-08 22:29:48.033   640   640 W AshmemAllocator: ashmem_create_region(7680) returning hidl_memory(0x74f522c100, 7680)
11-08 22:29:48.038 31466 31571 D         : PlayerBase::stop() from IPlayer
11-08 22:29:48.038 31466 31571 D AudioTrack: stop() called with 1770 frames delivered
11-08 22:29:48.042 31466 31571 D         : PlayerBase::PlayerBase()
11-08 22:29:48.042 31466 31571 D         : TrackPlayerBase::TrackPlayerBase()
11-08 22:29:48.042 31466 31571 I libOpenSLES: Emulating old channel mask behavior (ignoring positional mask 0x3, using default mask 0x3 based on channel count of 2)
11-08 22:29:48.043   681   681 D AudioFlinger: Client defaulted notificationFrames to 590 for frameCount 1772
11-08 22:29:48.044 31466 31571 W AudioTrack: AUDIO_OUTPUT_FLAG_FAST denied by server; frameCount 0 -> 1772
11-08 22:29:48.048   640   640 W AshmemAllocator: ashmem_create_region(7680) returning hidl_memory(0x74f522c100, 7680)
11-08 22:29:48.050   640   640 W AshmemAllocator: ashmem_create_region(7680) returning hidl_memory(0x74f522c100, 7680)
11-08 22:29:48.053 31466 31571 D         : PlayerBase::stop() from IPlayer
11-08 22:29:48.053 31466 31571 D AudioTrack: stop() called with 1770 frames delivered
11-08 22:29:48.058 31466 31571 D         : PlayerBase::PlayerBase()
11-08 22:29:48.058 31466 31571 D         : TrackPlayerBase::TrackPlayerBase()
11-08 22:29:48.058 31466 31571 I libOpenSLES: Emulating old channel mask behavior (ignoring positional mask 0x3, using default mask 0x3 based on channel count of 2)
11-08 22:29:48.059   681 20335 D AudioFlinger: Client defaulted notificationFrames to 590 for frameCount 1772
11-08 22:29:48.061 31466 31571 W AudioTrack: AUDIO_OUTPUT_FLAG_FAST denied by server; frameCount 0 -> 1772
11-08 22:29:48.064   640   640 W AshmemAllocator: ashmem_create_region(7680) returning hidl_memory(0x74f522c100, 7680)
11-08 22:29:48.066   640   640 W AshmemAllocator: ashmem_create_region(7680) returning hidl_memory(0x74f522c100, 7680)
11-08 22:29:48.812 31466 31493 V threaded_app: New input event: type=2
11-08 22:29:48.872 31466 31493 I chatty  : uid=10342(com.TeamNA.GiftGame) identical 3 lines
11-08 22:29:48.872 31466 31493 V threaded_app: New input event: type=2
11-08 22:29:48.901 31466 31656 D         : PlayerBase::stop() from IPlayer
11-08 22:29:48.902 31466 31656 D AudioTrack: stop() called with 38746 frames delivered
11-08 22:29:48.905 31466 31571 D         : PlayerBase::stop() from IPlayer
11-08 22:29:49.883 31466 31493 V threaded_app: New input event: type=2
11-08 22:29:49.950 31466 31493 I chatty  : uid=10342(com.TeamNA.GiftGame) identical 4 lines
11-08 22:29:49.950 31466 31493 V threaded_app: New input event: type=2
11-08 22:29:50.472 31466 31571 D         : PlayerBase::PlayerBase()
11-08 22:29:50.473 31466 31571 D         : TrackPlayerBase::TrackPlayerBase()
11-08 22:29:50.473 31466 31571 I libOpenSLES: Emulating old channel mask behavior (ignoring positional mask 0x3, using default mask 0x3 based on channel count of 2)
11-08 22:29:50.474   681 20335 D AudioFlinger: Client defaulted notificationFrames to 590 for frameCount 1772
11-08 22:29:50.475 31466 31571 W AudioTrack: AUDIO_OUTPUT_FLAG_FAST denied by server; frameCount 0 -> 1772
11-08 22:29:50.482   640   640 W AshmemAllocator: ashmem_create_region(7680) returning hidl_memory(0x74f522c100, 7680)
11-08 22:29:50.484   640   640 W AshmemAllocator: ashmem_create_region(7680) returning hidl_memory(0x74f522c100, 7680)
11-08 22:29:50.488 31466 31571 D         : PlayerBase::stop() from IPlayer
11-08 22:29:50.488 31466 31571 D AudioTrack: stop() called with 1770 frames delivered
11-08 22:29:50.492 31466 31571 D         : PlayerBase::PlayerBase()
11-08 22:29:50.493 31466 31571 D         : TrackPlayerBase::TrackPlayerBase()
11-08 22:29:50.493 31466 31571 I libOpenSLES: Emulating old channel mask behavior (ignoring positional mask 0x3, using default mask 0x3 based on channel count of 2)
11-08 22:29:50.493   681  2082 D AudioFlinger: Client defaulted notificationFrames to 590 for frameCount 1772
11-08 22:29:50.494 31466 31571 W AudioTrack: AUDIO_OUTPUT_FLAG_FAST denied by server; frameCount 0 -> 1772
11-08 22:29:50.500   640   640 W AshmemAllocator: ashmem_create_region(7680) returning hidl_memory(0x74f522c100, 7680)
11-08 22:29:50.502   640   640 W AshmemAllocator: ashmem_create_region(7680) returning hidl_memory(0x74f522c100, 7680)
11-08 22:29:50.505 31466 31571 D         : PlayerBase::stop() from IPlayer
11-08 22:29:50.505 31466 31571 D AudioTrack: stop() called with 1770 frames delivered
11-08 22:29:50.509 31466 31571 D         : PlayerBase::PlayerBase()
11-08 22:29:50.510 31466 31571 D         : TrackPlayerBase::TrackPlayerBase()
11-08 22:29:50.510 31466 31571 I libOpenSLES: Emulating old channel mask behavior (ignoring positional mask 0x3, using default mask 0x3 based on channel count of 2)
11-08 22:29:50.510   681 16163 D AudioFlinger: Client defaulted notificationFrames to 590 for frameCount 1772
11-08 22:29:50.511 31466 31571 W AudioTrack: AUDIO_OUTPUT_FLAG_FAST denied by server; frameCount 0 -> 1772
11-08 22:29:50.516   640   640 W AshmemAllocator: ashmem_create_region(7680) returning hidl_memory(0x74f522c100, 7680)
11-08 22:29:50.519   640   640 W AshmemAllocator: ashmem_create_region(7680) returning hidl_memory(0x74f522c100, 7680)
11-08 22:29:50.523 31466 31571 D         : PlayerBase::stop() from IPlayer
11-08 22:29:50.523 31466 31571 D AudioTrack: stop() called with 1770 frames delivered
11-08 22:29:50.528 31466 31571 D         : PlayerBase::PlayerBase()
11-08 22:29:50.528 31466 31571 D         : TrackPlayerBase::TrackPlayerBase()
11-08 22:29:50.528 31466 31571 I libOpenSLES: Emulating old channel mask behavior (ignoring positional mask 0x3, using default mask 0x3 based on channel count of 2)
11-08 22:29:50.529   681  2082 D AudioFlinger: Client defaulted notificationFrames to 590 for frameCount 1772
11-08 22:29:50.530 31466 31571 W AudioTrack: AUDIO_OUTPUT_FLAG_FAST denied by server; frameCount 0 -> 1772
11-08 22:29:50.534   640   640 W AshmemAllocator: ashmem_create_region(7680) returning hidl_memory(0x74f522c100, 7680)
11-08 22:29:50.535   640   640 W AshmemAllocator: ashmem_create_region(7680) returning hidl_memory(0x74f522c100, 7680)
11-08 22:29:50.538 31466 31571 D         : PlayerBase::stop() from IPlayer
11-08 22:29:50.538 31466 31571 D AudioTrack: stop() called with 1770 frames delivered
11-08 22:29:50.546 31466 31571 D         : PlayerBase::PlayerBase()
11-08 22:29:50.546 31466 31571 D         : TrackPlayerBase::TrackPlayerBase()
11-08 22:29:50.546 31466 31571 I libOpenSLES: Emulating old channel mask behavior (ignoring positional mask 0x3, using default mask 0x3 based on channel count of 2)
11-08 22:29:50.547   681  2082 D AudioFlinger: Client defaulted notificationFrames to 590 for frameCount 1772
11-08 22:29:50.548 31466 31571 W AudioTrack: AUDIO_OUTPUT_FLAG_FAST denied by server; frameCount 0 -> 1772
11-08 22:29:50.552   640   640 W AshmemAllocator: ashmem_create_region(7680) returning hidl_memory(0x74f522c100, 7680)
11-08 22:29:50.554   640   640 W AshmemAllocator: ashmem_create_region(7680) returning hidl_memory(0x74f522c100, 7680)
11-08 22:29:50.556 31466 31571 D         : PlayerBase::stop() from IPlayer
11-08 22:29:50.556 31466 31571 D AudioTrack: stop() called with 1770 frames delivered
11-08 22:29:50.562 31466 31571 D         : PlayerBase::PlayerBase()
11-08 22:29:50.564 31466 31571 D         : TrackPlayerBase::TrackPlayerBase()
11-08 22:29:50.564 31466 31571 I libOpenSLES: Emulating old channel mask behavior (ignoring positional mask 0x3, using default mask 0x3 based on channel count of 2)
11-08 22:29:50.564   681 20335 D AudioFlinger: Client defaulted notificationFrames to 590 for frameCount 1772
11-08 22:29:50.565 31466 31571 W AudioTrack: AUDIO_OUTPUT_FLAG_FAST denied by server; frameCount 0 -> 1772
11-08 22:29:50.569   640   640 W AshmemAllocator: ashmem_create_region(7680) returning hidl_memory(0x74f522c100, 7680)
11-08 22:29:50.571   640   640 W AshmemAllocator: ashmem_create_region(7680) returning hidl_memory(0x74f522c100, 7680)
11-08 22:29:50.586   676   676 E VibratorService: Setting amplitude  to: 3596
11-08 22:29:50.725 31466 31571 D         : PlayerBase::stop() from IPlayer
11-08 22:29:50.725 31466 31571 D AudioTrack: stop() called with 8828 frames delivered
11-08 22:29:50.730 31466 31571 D         : PlayerBase::PlayerBase()
11-08 22:29:50.731 31466 31571 D         : TrackPlayerBase::TrackPlayerBase()
11-08 22:29:50.731 31466 31571 I libOpenSLES: Emulating old channel mask behavior (ignoring positional mask 0x3, using default mask 0x3 based on channel count of 2)
11-08 22:29:50.732   681 20335 D AudioFlinger: Client defaulted notificationFrames to 590 for frameCount 1772
11-08 22:29:50.733 31466 31571 W AudioTrack: AUDIO_OUTPUT_FLAG_FAST denied by server; frameCount 0 -> 1772
11-08 22:29:50.738   640   640 W AshmemAllocator: ashmem_create_region(7680) returning hidl_memory(0x74f522c100, 7680)
11-08 22:29:50.741   640   640 W AshmemAllocator: ashmem_create_region(7680) returning hidl_memory(0x74f522c100, 7680)
11-08 22:29:50.744 31466 31571 D         : PlayerBase::stop() from IPlayer
11-08 22:29:50.744 31466 31571 D AudioTrack: stop() called with 1770 frames delivered
11-08 22:29:50.749 31466 31571 D         : PlayerBase::PlayerBase()
11-08 22:29:50.750 31466 31571 D         : TrackPlayerBase::TrackPlayerBase()
11-08 22:29:50.750 31466 31571 I libOpenSLES: Emulating old channel mask behavior (ignoring positional mask 0x3, using default mask 0x3 based on channel count of 2)
11-08 22:29:50.751   681 20335 D AudioFlinger: Client defaulted notificationFrames to 590 for frameCount 1772
11-08 22:29:50.751 31466 31571 W AudioTrack: AUDIO_OUTPUT_FLAG_FAST denied by server; frameCount 0 -> 1772
11-08 22:29:50.756   640   640 W AshmemAllocator: ashmem_create_region(7680) returning hidl_memory(0x74f522c100, 7680)
11-08 22:29:50.758   640   640 W AshmemAllocator: ashmem_create_region(7680) returning hidl_memory(0x74f522c100, 7680)
11-08 22:29:50.762 31466 31571 D         : PlayerBase::stop() from IPlayer
11-08 22:29:50.762 31466 31571 D AudioTrack: stop() called with 1770 frames delivered
11-08 22:29:50.767 31466 31571 D         : PlayerBase::PlayerBase()
11-08 22:29:50.767 31466 31571 D         : TrackPlayerBase::TrackPlayerBase()
11-08 22:29:50.767 31466 31571 I libOpenSLES: Emulating old channel mask behavior (ignoring positional mask 0x3, using default mask 0x3 based on channel count of 2)
11-08 22:29:50.768   681 11719 D AudioFlinger: Client defaulted notificationFrames to 590 for frameCount 1772
11-08 22:29:50.769 31466 31571 W AudioTrack: AUDIO_OUTPUT_FLAG_FAST denied by server; frameCount 0 -> 1772
11-08 22:29:50.772   640   640 W AshmemAllocator: ashmem_create_region(7680) returning hidl_memory(0x74f522c100, 7680)
11-08 22:29:50.774   640   640 W AshmemAllocator: ashmem_create_region(7680) returning hidl_memory(0x74f522c100, 7680)
11-08 22:29:50.776 31466 31571 D         : PlayerBase::stop() from IPlayer
11-08 22:29:50.777 31466 31571 D AudioTrack: stop() called with 1770 frames delivered
11-08 22:29:50.783 31466 31571 D         : PlayerBase::PlayerBase()
11-08 22:29:50.783 31466 31571 D         : TrackPlayerBase::TrackPlayerBase()
