10-10 17:31:26.236  1515  2014 D GameManagerService: handleForegroundChange(). pkgName: com.YourCompany.GiftGame, clsName: com.epicgames.ue4.GameActivity,FgActivityName:com.YourCompany.GiftGame/com.epicgames.ue4.GameActivity
10-10 17:31:26.236  1515  2014 D GameManagerService:   handleForegroundChange(). same package with Prev KILL_YOURSELF. ignore
10-10 17:31:26.236  1515  3446 D MARsPolicyManager: onPackageResumedFG pkgName = com.YourCompany.GiftGame, userId = 0
10-10 17:31:26.243  1515  2597 D RestrictionPolicy: isSettingsChangesAllowedAsUser, userId 0 : true
10-10 17:31:26.246  2747  2747 I SemPersonaManager: SecureFolder personaId = 150
10-10 17:31:26.251  1515  3446 D SecContentProvider: query(), uri = 17 selection = isSettingsChangesAllowed
10-10 17:31:26.252  1515  3446 D SecContentProvider: called from android.uid.systemui:10006
10-10 17:31:26.252  1515  3446 D RestrictionPolicy: isSettingsChangesAllowedAsUser, userId 0 : true
10-10 17:31:26.261  2254  2254 D ViewRootImpl@4edaa1a[NavigationBar]: MSG_RESIZED_REPORT: frame=Rect(2076, 0 - 2220, 1080) ci=Rect(0, 0 - 0, 0) vi=Rect(0, 0 - 0, 0) or=2
10-10 17:31:26.267  2254  2254 D KeyguardUpdateMonitor: received broadcast android.intent.action.CONFIGURATION_CHANGED
10-10 17:31:26.273  1515  3446 V WindowManager: Relayout Window{faf65af u0 NavigationBar}: viewVisibility=0 req=144x1080 WM.LayoutParams{(0,0)(fillxfill) sim=#20 ty=2019 fl=#21840068 fmt=-3 colorMode=0 naviIconColor=0}
10-10 17:31:26.285 18875 18875 W linker  : /data/app/com.YourCompany.GiftGame-RzHLgTM4YaKNZdhKkDQPSw==/lib/arm/libOVRPlugin.so: is missing DT_SONAME will use basename as a replacement: "libOVRPlugin.so"
10-10 17:31:26.290  2254  2254 D ViewRootImpl@4edaa1a[NavigationBar]: Relayout returned: old=[2076,0][2220,1080] new=[2076,0][2220,1080] result=0x23 surface={valid=true 486653964288} changed=false
10-10 17:31:26.291 18875 18875 D OVRPlugin: JNI_OnLoad
10-10 17:31:26.291  2254  2254 D SecNavigationBarView: setNavigationIconHints showImeButton : false
10-10 17:31:26.292  2254  2254 D SecNavigationBarView: updateImmersivePinIcon() isImmersiveMode=true
10-10 17:31:26.292  2254  2685 D OpenGLRenderer: eglDestroySurface = 0x71606a68a0
10-10 17:31:26.293  2254  2685 D OpenGLRenderer: eglCreateWindowSurface = 0x71606a68a0
10-10 17:31:26.300  1515  3446 V WindowManager: finishDrawingLocked: mDrawState=COMMIT_DRAW_PENDING Window{faf65af u0 NavigationBar} in Surface(name=NavigationBar)
10-10 17:31:26.304  1515  3446 V WindowManager: Relayout Window{8ea4853 u0 NavBarTouchConsumer}: viewVisibility=0 req=17x17 WM.LayoutParams{(0,0)(17xfill) gr=#5 sim=#20 ty=2273 fl=#1080108 fmt=-3 alpha=0.0 colorMode=0 naviIconColor=0 sfl=0x20000}
10-10 17:31:26.325  2254  2254 D ViewRootImpl@630bd2d[NavBarTouchConsumer]: Relayout returned: old=[0,1063][2220,1080] new=[2203,0][2220,1080] result=0x23 surface={valid=true 487083569152} changed=false
10-10 17:31:26.326  2254  2685 D OpenGLRenderer: eglDestroySurface = 0x715fc20010
10-10 17:31:26.326  2254  2685 D OpenGLRenderer: eglCreateWindowSurface = 0x715fc20010
10-10 17:31:26.330  1515  2597 V WindowManager: finishDrawingLocked: mDrawState=COMMIT_DRAW_PENDING Window{8ea4853 u0 NavBarTouchConsumer} in Surface(name=NavBarTouchConsumer)
10-10 17:31:26.330  2254  2254 D ViewRootImpl@cb49485[AssistPreviewPanel]: dispatchAttachedToWindow
10-10 17:31:26.333  1515  2597 V WindowManager: Relayout Window{dc14967 u0 AssistPreviewPanel}: viewVisibility=8 req=2076x750 WM.LayoutParams{(0,0)(fillx750) gr=#800053 sim=#31 ty=2033 fl=#1000118 fmt=-3 vsysui=0x700 colorMode=0 naviIconColor=0}
10-10 17:31:26.336  2254  2254 D ViewRootImpl@cb49485[AssistPreviewPanel]: Relayout returned: old=[0,0][0,0] new=[0,1080][2220,1080] result=0x1 surface={valid=false 0} changed=false
10-10 17:31:26.343  1515  1920 I WifiTrafficPoller: mCpuCoreBooster Lock
10-10 17:31:26.346  2254 12614 D SystemServicesProxy: updateOverviewLastStackActiveTimeAsync: newTime=1539210686235
10-10 17:31:26.347  2747  2747 D KNOXCORE::LockSecureFolderTask: started: 150
10-10 17:31:26.347  2747  2747 D KNOXCORE::LockSecureFolderTask: ResumedActivity userId0[com.YourCompany.GiftGame/com.epicgames.ue4.GameActivity]
10-10 17:31:26.347  1515  2597 D SecContentProvider: query(), uri = 17 selection = isSettingsChangesAllowed
10-10 17:31:26.347  1515  2597 D SecContentProvider: called from android.uid.systemui:10006
10-10 17:31:26.347  1515  2597 D RestrictionPolicy: isSettingsChangesAllowedAsUser, userId 0 : true
10-10 17:31:26.348  2254  2498 D SystemServicesProxy: updateOverviewLastStackActiveTimeAsync: done.
10-10 17:31:26.358  1515  2597 V WindowManager: Relayout Window{84a75 u0 StatusBar}: viewVisibility=0 req=2220x72 WM.LayoutParams{(0,0)(fillx72) gr=#30 sim=#10 ty=2000 fl=#81840048 fmt=-3 vsysui=0x600 colorMode=0 naviIconColor=0}
10-10 17:31:26.375  2254  2254 D ViewRootImpl@9cba9ce[StatusBar]: Relayout returned: old=[0,0][2220,72] new=[0,0][2220,72] result=0x23 surface={valid=true 487045689344} changed=false
10-10 17:31:26.377  2254  2685 D OpenGLRenderer: eglDestroySurface = 0x716237ab10
10-10 17:31:26.377  2254  2685 D OpenGLRenderer: eglCreateWindowSurface = 0x716237ab10
10-10 17:31:26.390  2254  2254 D ScrollView:  onsize change changed 
10-10 17:31:26.402  1515  2597 V WindowManager: finishDrawingLocked: mDrawState=COMMIT_DRAW_PENDING Window{84a75 u0 StatusBar} in Surface(name=StatusBar)
10-10 17:31:26.403  2254  2254 D ViewRootImpl@daab965[DockedStackDivider]: dispatchAttachedToWindow
10-10 17:31:26.406  1515  2597 V WindowManager: Relayout Window{9dfb1b2 u0 DockedStackDivider}: viewVisibility=4 req=144x1008 WM.LayoutParams{(0,0)(144xfill) sim=#20 ty=2034 fl=#21840028 pfl=0x40 fmt=-3 vsysui=0x700 colorMode=0 naviIconColor=0}
10-10 17:31:26.409  2254  2254 D ViewRootImpl@daab965[DockedStackDivider]: Relayout returned: old=[0,0][0,0] new=[0,542][1080,686] result=0x1 surface={valid=false 0} changed=false
10-10 17:31:26.412  1515  1805 I WindowManager: Screen frozen for +962ms due to Window{84a75 u0 StatusBar}
10-10 17:31:26.414   658   658 I SurfaceFlinger: id=5454 createSurf (2160x2220),-1 flag=20004, BlackSurface#0
10-10 17:31:26.416   658   658 I SurfaceFlinger: id=5455 createSurf (1080x4440),-1 flag=20004, BlackSurface#0
10-10 17:31:26.416   658   658 I SurfaceFlinger: id=5456 createSurf (2160x2220),-1 flag=20004, BlackSurface#0
10-10 17:31:26.418   658   658 I SurfaceFlinger: id=5457 createSurf (1080x4440),-1 flag=20004, BlackSurface#0
10-10 17:31:26.418  1515  1805 D InputDispatcher: setInputDispatchMode: enabled=1, frozen=0
10-10 17:31:26.424  2254  2254 D ViewRootImpl@5f27378[DividerButtonsGroup]: dispatchAttachedToWindow
10-10 17:31:26.425  1515  3446 V WindowManager: Relayout Window{8250c80 u0 DividerButtonsGroup}: viewVisibility=4 req=150x525 WM.LayoutParams{(0,0)(150x525) sim=#20 ty=2302 fl=#1040020 fmt=-3 vsysui=0x700 surfaceInsets=Rect(36, 36 - 36, 36) colorMode=0 naviIconColor=0}
10-10 17:31:26.430  2254  2254 D ViewRootImpl@5f27378[DividerButtonsGroup]: Relayout returned: old=[0,0][0,0] new=[199,539][881,689] result=0x1 surface={valid=false 0} changed=false
10-10 17:31:26.432  2254  2254 D BarTransitions.PhoneStatusBarView: MODE_TRANSPARENT -> MODE_OPAQUE animate=false
10-10 17:31:26.432  2254  2254 D BarTransitions.SecNavigationBarView: MODE_TRANSPARENT -> MODE_OPAQUE animate=false
10-10 17:31:26.432  1515  3446 D WindowManager: adjustSystemUiVisibilityLw : vis= 0x1212
10-10 17:31:26.433  2254  2254 D ViewRootImpl@630bd2d[NavBarTouchConsumer]: MSG_RESIZED_REPORT: frame=Rect(0, 1063 - 2220, 1080) ci=Rect(0, 0 - 0, 0) vi=Rect(0, 0 - 0, 0) or=2
10-10 17:31:26.433   621  2786 D audio_hw_primary: adev_set_parameters: enter: display_rotation=1
10-10 17:31:26.433  2254  2254 V Bar.QuickConnectBar: intent receive
10-10 17:31:26.434  2254  2254 D Bar.QuickConnectBar: collapsed =android.widget.RemoteViews@b36e531,  expanded =null
10-10 17:31:26.434  2254  2254 D ViewRootImpl@69ec41e[AssistPreviewPanel]: dispatchDetachedFromWindow
10-10 17:31:26.434  2254  2254 D InputEventReceiver: channel 'c314610 AssistPreviewPanel (client)' ~ Disposing input event receiver.
10-10 17:31:26.434  2254  2254 D InputEventReceiver: channel 'c314610 AssistPreviewPanel (client)' ~NativeInputEventReceiver.
10-10 17:31:26.435  1515  3446 W AppOps  : Finishing op nesting under-run: uid 10006 pkg com.android.systemui code 70 time=0 duration=0 nesting=0
10-10 17:31:26.435   621  2786 V msm8974_platform: platform_set_parameters: enter: display_rotation=1
10-10 17:31:26.435   621  2786 V audio_hw_sec: factory_set_parameters: enter: display_rotation=1
10-10 17:31:26.438   959 23804 W bt_a2dp_hw: adev_set_parameters: state 5
10-10 17:31:26.438   959 23804 W bt_a2dp_hw: out_set_parameters: state 5 kvpairs display_rotation=1
10-10 17:31:26.441  2254  2254 D SecNavigationBarView: setNavigationIconHints showImeButton : false
10-10 17:31:26.441  2254  2254 D SecNavigationBarView: updateImmersivePinIcon() isImmersiveMode=true
10-10 17:31:26.443  2254  2254 D ViewRootImpl@d92f191[DockedStackDivider]: dispatchDetachedFromWindow
10-10 17:31:26.443  2254  2254 D InputEventReceiver: channel '7355727 DockedStackDivider (client)' ~ Disposing input event receiver.
10-10 17:31:26.443  2254  2254 D InputEventReceiver: channel '7355727 DockedStackDivider (client)' ~NativeInputEventReceiver.
10-10 17:31:26.444  1515  3446 W AppOps  : Finishing op nesting under-run: uid 10006 pkg com.android.systemui code 70 time=0 duration=0 nesting=0
10-10 17:31:26.452   959 23804 V MultiRecordManager: setParameters(): io 0, keyvalue display_rotation=1, calling pid 1515
10-10 17:31:26.460   658   658 I SurfaceFlinger: Display 0 HWC layers:
10-10 17:31:26.460   658   658 I SurfaceFlinger:     type    |    handle    | flag |  format   |   source crop (l,t,r,b)    |         frame       | name 
10-10 17:31:26.460   658   658 I SurfaceFlinger: ------------+--------------+------+-----------+----------------------------+---------------------+------
10-10 17:31:26.460   658   658 I SurfaceFlinger:      Client | 0x7979f84200 | 0000 | RGBA_8888 |   0.0    0.0 1080.0 2220.0 |    0    0 1080 2220 | ScreenshotSurface#0
10-10 17:31:26.460   658   658 I SurfaceFlinger:      Client |              | 0000 |  Unknown  |  -0.4   -0.9   -0.9   -1.0 |    0    0 1080  332 | BlackSurface#0
10-10 17:31:26.460   658   658 I SurfaceFlinger:      Client |              | 0000 |  Unknown  |  -0.9   -0.0   -1.0   -0.6 |    0    0  209 2220 | BlackSurface#0
10-10 17:31:26.460   658   658 I SurfaceFlinger:      Client |              | 0000 |  Unknown  |  -0.1    0.0   -0.6   -0.1 |    0 1888 1080 2220 | BlackSurface#0
10-10 17:31:26.460   658   658 I SurfaceFlinger:      Client |              | 0000 |  Unknown  |   0.0   -0.4   -0.1   -1.0 |  871    0 1080 2220 | BlackSurface#0
10-10 17:31:26.460   658   658 I SurfaceFlinger: 
10-10 17:31:26.461  2254  2657 D Tile.WifiTile: handleUpdateState enabledChanging
10-10 17:31:26.465  2254  2254 D KeyguardUpdateMonitor: handleConfigurationChanged
10-10 17:31:26.465  2254  2775 V SystemUIAnalytics: SAPreference : 1104 / 1
10-10 17:31:26.465  2254  2775 V SystemUIAnalytics: SAPreference : 1105 / 1
10-10 17:31:26.467  2254  2254 D ViewRootImpl@4edaa1a[NavigationBar]: MSG_RESIZED_REPORT: frame=Rect(2076, 0 - 2220, 1080) ci=Rect(0, 0 - 0, 0) vi=Rect(0, 0 - 0, 0) or=2
10-10 17:31:26.468  2254  2657 D Tile.MobileDataTile: handleUpdateState : state true
10-10 17:31:26.468  1515  2597 V WindowManager: Relayout Window{faf65af u0 NavigationBar}: viewVisibility=0 req=144x1080 WM.LayoutParams{(0,0)(fillxfill) sim=#20 ty=2019 fl=#21840068 fmt=-3 colorMode=0 naviIconColor=0}
10-10 17:31:26.469  2254  2657 D Tile.BluetoothTile: handleUpdateState enabled = true connected = true bluetoothState = 12
10-10 17:31:26.473  2254  2254 D ViewRootImpl@4edaa1a[NavigationBar]: Relayout returned: old=[2076,0][2220,1080] new=[2076,0][2220,1080] result=0x3 surface={valid=true 486653964288} changed=false
10-10 17:31:26.477  2254  2657 D FlashlightController: updateTorchCallback for mCameraId 0
10-10 17:31:26.477  2254  2775 V SystemUIAnalytics: SAPreference : 1108 / 0
10-10 17:31:26.481  2254  2775 V SystemUIAnalytics: SAPreference : 2016 / 0
10-10 17:31:26.484  2254  2775 V SystemUIAnalytics: SAPreference : 2018 / 0
10-10 17:31:26.484  2254  2657 D Tile.RotationLockTile:  handleUpdateState: true orientation = true
10-10 17:31:26.491  1515  2597 V WindowManager: Relayout Window{8ea4853 u0 NavBarTouchConsumer}: viewVisibility=0 req=17x17 WM.LayoutParams{(0,0)(17xfill) gr=#5 sim=#20 ty=2273 fl=#1080108 fmt=-3 alpha=0.0 colorMode=0 naviIconColor=0 sfl=0x20000}
10-10 17:31:26.495  2254  2254 D ViewRootImpl@630bd2d[NavBarTouchConsumer]: Relayout returned: old=[0,1063][2220,1080] new=[2203,0][2220,1080] result=0x1 surface={valid=true 487083569152} changed=false
10-10 17:31:26.499  2254  2254 D ViewRootImpl@630bd2d[NavBarTouchConsumer]: MSG_RESIZED_REPORT: frame=Rect(2203, 0 - 2220, 1080) ci=Rect(0, 0 - 0, 0) vi=Rect(0, 0 - 0, 0) or=2
10-10 17:31:26.499  2254  2254 D ViewRootImpl@9cba9ce[StatusBar]: MSG_RESIZED_REPORT: frame=Rect(0, 0 - 2220, 72) ci=Rect(0, 0 - 144, 0) vi=Rect(0, 0 - 144, 0) or=2
10-10 17:31:26.500  2254  2254 D KeyguardUpdateMonitor: handleStatusBarState( false )
10-10 17:31:26.541 18875 18875 D UE4     : Used memory before allocating anything was 103.68MB
10-10 17:31:26.548  2254  2254 D KeyguardUpdateMonitor: handleStatusBarState( false )
10-10 17:31:26.549  2254  2254 I chatty  : uid=10006(u0_a6) com.android.systemui identical 3 lines
10-10 17:31:26.556  2254  2254 D KeyguardUpdateMonitor: handleStatusBarState( false )
10-10 17:31:26.689  2184  2184 E adbd    : recv: OPEN 00000ea3 00000000 004d:73 68 65 6C 6C 3A 65 78 70 6F 72 74 20 41 4E 44 52 4F 49 44 5F 4C 4F 47 5F 54 41 47 53 3D 22 27 27 22 3B 20 65 78 65 63 20 6C 6F 67 63 61 74 20 27 2D 64 27 20 27 2D 73 27 20 27 55 45 34 27 20 27 2D 73 27 20 27 44 65 62 75 67 27 00 
10-10 17:31:26.690  2184  2184 E adbd    : service_to_fd: shell:export ANDROID_LOG_TAGS="''"; exec logcat '-d' '-s' 'UE4' '-s' 'Debug'
10-10 17:31:26.708 18918 18918 E propClient: PropClient failed to load
10-10 17:31:26.722 18918 18918 E propClient: PropClient failed to load
10-10 17:31:26.776   658   658 I SurfaceFlinger: Display 0 HWC layers:
10-10 17:31:26.776   658   658 I SurfaceFlinger:     type    |    handle    | flag |  format   |   source crop (l,t,r,b)    |         frame       | name 
10-10 17:31:26.776   658   658 I SurfaceFlinger: ------------+--------------+------+-----------+----------------------------+---------------------+------
10-10 17:31:26.776   658   658 I SurfaceFlinger:      Device | 0x7979f84200 | 0000 | RGBA_8888 |   0.0    0.0 1080.0 2220.0 |    0    0 1080 2220 | ScreenshotSurface#0
10-10 17:31:26.776   658   658 I SurfaceFlinger: 
10-10 17:31:26.782  2184  2184 E adbd    : recv: OPEN 00000ea5 00000000 0035:73 68 65 6C 6C 3A 65 78 70 6F 72 74 20 41 4E 44 52 4F 49 44 5F 4C 4F 47 5F 54 41 47 53 3D 22 27 27 22 3B 20 65 78 65 63 20 6C 6F 67 63 61 74 20 27 2D 64 27 00 
10-10 17:31:26.782  2184  2184 E adbd    : service_to_fd: shell:export ANDROID_LOG_TAGS="''"; exec logcat '-d'
10-10 17:31:26.796 18924 18924 E propClient: PropClient failed to load
