10-28 20:09:14.803  2781  2781 D ViewRootImpl@8a8aace[StatusBar]: Relayout returned: old=[0,0][1080,72] new=[0,0][1080,72] result=0x23 surface={valid=true 500369395712} changed=false
10-28 20:09:14.805  2781  2958 D OpenGLRenderer: eglDestroySurface = 0x747c7b5890
10-28 20:09:14.807  2781  2958 D OpenGLRenderer: eglCreateWindowSurface = 0x747c7b5890
10-28 20:09:14.808  2781  2781 D ScrollView:  onsize change changed 
10-28 20:09:14.815   772   772 I SurfaceFlinger: Display 0 HWC layers:
10-28 20:09:14.815   772   772 I SurfaceFlinger:     type    |    handle    | flag |  format   |   source crop (l,t,r,b)    |         frame       | name 
10-28 20:09:14.815   772   772 I SurfaceFlinger: ------------+--------------+------+-----------+----------------------------+---------------------+------
10-28 20:09:14.815   772   772 I SurfaceFlinger:      Device | 0x7dd942c080 | 0000 | RGBA_8888 |   0.0    0.0 1080.0 1920.0 |    0    0 1080 1920 | com.android.systemui/com.android.systemui.recents.RecentsActivity#0
10-28 20:09:14.815   772   772 I SurfaceFlinger:      Device | 0x7dd4270300 | 0000 | RGBA_8888 |   0.0    0.0 1080.0 1920.0 |    0    0 1080 1920 | ScreenshotSurface#0
10-28 20:09:14.815   772   772 I SurfaceFlinger: 
10-28 20:09:14.818  2781  2781 W View    : requestLayout() improperly called by android.widget.TextView{4b6bf65 V.ED..... ......ID 0,-18-1920,72 #7f0a03a2 app:id/notification_panel_carrier_label} during layout: running second layout pass
10-28 20:09:14.818  2781  2781 I ViewRootImpl@8a8aace[StatusBar]: requestLayout is already in process
10-28 20:09:14.829  1417  5404 V WindowManager: finishDrawingLocked: mDrawState=COMMIT_DRAW_PENDING Window{e0f52e6 u0 StatusBar} in Surface(name=StatusBar)
10-28 20:09:14.839  2781  2932 D TileLifecycleManager: onStopListening
10-28 20:09:14.841  2781  2932 D TileLifecycleManager: onStopListening
10-28 20:09:14.843  2781  2781 D KeyguardUpdateMonitor: handleConfigurationChanged
10-28 20:09:14.844  2781  2932 D Tile.WifiTile: handleUpdateState enabledChanging
10-28 20:09:14.846  2781  2979 V SystemUIAnalytics: SAPreference : 1104 / 1
10-28 20:09:14.863  2781  2979 V SystemUIAnalytics: SAPreference : 1105 / 0
10-28 20:09:14.867  2781  2781 D ImageWallpaper: onOffsetsChanged: xOffset=0.0, yOffset=0.0, xOffsetStep=0.0, yOffsetStep=0.0, xPixels=0, yPixels=0
10-28 20:09:14.868  2781  2913 I ApplicationPackageManager: load=com.YourCompany.GiftGame, bg=144-144, dr=144-144, forDefault=false, density=0
10-28 20:09:14.869  2781  2913 I ApplicationPackageManager: scaled rate=0.59999996, size=144, alpha=0, hold=0
10-28 20:09:14.869  2781  2913 I ApplicationPackageManager: load=com.YourCompany.GiftGame-theme2, bg=144-144, dr=144-144, tarScale=0.59999996, relScale=0.59999996, mask=false
10-28 20:09:14.870  2781  2781 D ImageWallpaper: newRotation : 0,mLastRotation : 1
10-28 20:09:14.870  2781  2781 W SemDesktopModeManager: Desktop Mode feature not available or SemDesktopModeManager not instantiated. Please check Configuration.semDesktopModeEnabled instead.
10-28 20:09:14.870  2781  2781 D ImageWallpaper: redraw is not needed, because rotation
10-28 20:09:14.870  2781  2781 D WallpaperService: updateSurface forceRelayout=false redrawNeeded=false myWidth=1080 myHeight=1920 fixedSize=true x = 0 y = 0 mWidth=1080 mHeight=1920 mIsSleepMode=false
10-28 20:09:14.870  2781  2781 D ImageWallpaper: onVisibilityChanged: mVisible, visible=false, true
10-28 20:09:14.870  2781  2781 D ImageWallpaper: Visibility changed to visible=true
10-28 20:09:14.871  2781  2932 D Tile.RotationLockTile:  handleUpdateState: false orientation = true
10-28 20:09:14.872  2781  2979 V SystemUIAnalytics: SAPreference : 1107 / 1
10-28 20:09:14.872  2781  2781 D ImageWallpaper: newRotation : 0,mLastRotation : 0
10-28 20:09:14.872  2781  2781 W SemDesktopModeManager: Desktop Mode feature not available or SemDesktopModeManager not instantiated. Please check Configuration.semDesktopModeEnabled instead.
10-28 20:09:14.872  2781  2781 D ImageWallpaper: drawFrame:[frame.width()]1080[frame.height()]1920
10-28 20:09:14.872  2781  2781 D ImageWallpaper: surfaceDimensionsChanged=false mDisplayWidth=1080 mDisplayHeight=1920
10-28 20:09:14.872  2781  2781 D ImageWallpaper: mNewKeyboard : 0 mLastKeyboard : 0 mForceDraw = false
10-28 20:09:14.872  2781  2781 D ImageWallpaper: redrawNeeded = false, mOffsetsChanged = false
10-28 20:09:14.872  2781  2781 D ImageWallpaper: Suppressed drawFrame since redraw is not needed and offsets have not changed.
10-28 20:09:14.872  2781  2781 D WallpaperService: reportVisibility onVisibilityChanged visible: true
10-28 20:09:14.872  2781  2781 D WallpaperService: updateSurface forceRelayout=true redrawNeeded=true myWidth=1080 myHeight=1920 fixedSize=true x = 0 y = 0 mWidth=1080 mHeight=1920 mIsSleepMode=false
10-28 20:09:14.874  2781  2932 D Tile.BluetoothTile: handleUpdateState enabled = false connected = false bluetoothState = 10
10-28 20:09:14.875  2781  2979 V SystemUIAnalytics: SAPreference : 1106 / 0
10-28 20:09:14.875  1417  5404 V WindowManager: Relayout Window{279a4c3 u0 com.android.systemui.ImageWallpaper}: viewVisibility=0 req=1080x1920 WM.LayoutParams{(0,0)(1080x1920) gr=#800033 ty=2013 fl=#10318 fmt=2 wanim=0x103030e colorMode=0 naviIconColor=0 sfl=0x8}
10-28 20:09:14.878  2781  2932 D Tile.AirplaneModeTile: # of NON-poweroff( in servicestate) : 1
10-28 20:09:14.878  2781  2932 D Tile.AirplaneModeTile:  handleUpdateState:  value false  state.dim false
10-28 20:09:14.881  2781  2932 D Tile.RotationLockTile:  handleUpdateState: false orientation = true
10-28 20:09:14.882  2781  2979 V SystemUIAnalytics: SAPreference : 2014 / 0
10-28 20:09:14.884  2781  2781 D ImageWallpaper: onSurfaceRedrawNeeded
10-28 20:09:14.885  2781  2781 D ImageWallpaper: newRotation : 0,mLastRotation : 0
10-28 20:09:14.885  2781  2781 W SemDesktopModeManager: Desktop Mode feature not available or SemDesktopModeManager not instantiated. Please check Configuration.semDesktopModeEnabled instead.
10-28 20:09:14.885  2781  2781 D ImageWallpaper: drawFrame:[frame.width()]1080[frame.height()]1920
10-28 20:09:14.885  2781  2781 D ImageWallpaper: surfaceDimensionsChanged=false mDisplayWidth=1080 mDisplayHeight=1920
10-28 20:09:14.885  2781  2781 D ImageWallpaper: mNewKeyboard : 0 mLastKeyboard : 0 mForceDraw = false
10-28 20:09:14.885  2781  2781 D ImageWallpaper: redrawNeeded = false, mOffsetsChanged = false
10-28 20:09:14.885  2781  2781 D ImageWallpaper: Suppressed drawFrame since redraw is not needed and offsets have not changed.
10-28 20:09:14.885  2781  2781 D WallpaperService: updateSurface : finish redrawing
10-28 20:09:14.886  1417  5404 V WindowManager: finishDrawingLocked: mDrawState=COMMIT_DRAW_PENDING Window{279a4c3 u0 com.android.systemui.ImageWallpaper} in Surface(name=com.android.systemui.ImageWallpaper)
10-28 20:09:14.886  2781  2781 D ImageWallpaper: onOffsetsChanged: xOffset=0.0, yOffset=0.0, xOffsetStep=0.0, yOffsetStep=0.0, xPixels=0, yPixels=0
10-28 20:09:14.886  2781  2781 D ImageWallpaper: newRotation : 0,mLastRotation : 0
10-28 20:09:14.886  2781  2781 W SemDesktopModeManager: Desktop Mode feature not available or SemDesktopModeManager not instantiated. Please check Configuration.semDesktopModeEnabled instead.
10-28 20:09:14.886  2781  2781 D ImageWallpaper: drawFrame:[frame.width()]1080[frame.height()]1920
10-28 20:09:14.887  2781  2781 D ImageWallpaper: surfaceDimensionsChanged=false mDisplayWidth=1080 mDisplayHeight=1920
10-28 20:09:14.887  2781  2781 D ImageWallpaper: mNewKeyboard : 0 mLastKeyboard : 0 mForceDraw = false
10-28 20:09:14.887  2781  2781 D ImageWallpaper: redrawNeeded = false, mOffsetsChanged = false
10-28 20:09:14.887  2781  2781 D ImageWallpaper: Suppressed drawFrame since redraw is not needed and offsets have not changed.
10-28 20:09:14.887  2781  2781 D ViewRootImpl@8a8aace[StatusBar]: MSG_RESIZED_REPORT: frame=Rect(0, 0 - 1080, 72) ci=Rect(0, 0 - 0, 0) vi=Rect(0, 0 - 0, 0) or=1
10-28 20:09:14.898  1417  2412 I WindowManager: Screen frozen for +661ms due to Window{279a4c3 u0 com.android.systemui.ImageWallpaper}
10-28 20:09:14.902   772   772 I SurfaceFlinger: id=10623 createSurf (3840x1080),-1 flag=20004, BlackSurface#0
10-28 20:09:14.904   772   772 I SurfaceFlinger: id=10624 createSurf (1920x2160),-1 flag=20004, BlackSurface#0
10-28 20:09:14.905   772   772 I SurfaceFlinger: id=10625 createSurf (3840x1080),-1 flag=20004, BlackSurface#0
10-28 20:09:14.906   772   772 I SurfaceFlinger: id=10626 createSurf (1920x2160),-1 flag=20004, BlackSurface#0
10-28 20:09:14.907  1417  2412 D InputDispatcher: setInputDispatchMode: enabled=1, frozen=0
10-28 20:09:14.908   714  1323 D audio_hw_primary: adev_set_parameters: enter: display_rotation=0
10-28 20:09:14.909   714  1323 V msm8974_platform: platform_set_parameters: enter: display_rotation=0
10-28 20:09:14.909   714  1323 V msm8974_platform: platform_set_parameters: exit with code(0)
10-28 20:09:14.909   714  1323 V audio_hw_sec: factory_set_parameters: enter: display_rotation=0
10-28 20:09:14.909   714  1323 E soundtrigger: audio_extn_sound_trigger_set_parameters: str_params NULL
10-28 20:09:14.909  1042 23894 V MultiRecordManager: setParameters(): io 0, keyvalue display_rotation=0, calling pid 1417
10-28 20:09:14.915   772   772 I SurfaceFlinger: Display 0 HWC layers:
10-28 20:09:14.915   772   772 I SurfaceFlinger:     type    |    handle    | flag |  format   |   source crop (l,t,r,b)    |         frame       | name 
10-28 20:09:14.915   772   772 I SurfaceFlinger: ------------+--------------+------+-----------+----------------------------+---------------------+------
10-28 20:09:14.915   772   772 I SurfaceFlinger:      Device | 0x7dd4270400 | 0002 | RGBx_8888 |   0.0    0.0 1080.0 1920.0 |    0    0 1080 1920 | com.android.systemui.ImageWallpaper#0
10-28 20:09:14.915   772   772 I SurfaceFlinger:      Device | 0x7dd942c080 | 0000 | RGBA_8888 |   0.0    0.0 1080.0 1920.0 |    0    0 1080 1920 | com.android.systemui/com.android.systemui.recents.RecentsActivity#0
10-28 20:09:14.915   772   772 I SurfaceFlinger:      Device | 0x7dd4270300 | 0000 | RGBA_8888 |   0.0    0.0 1080.0 1920.0 |    0    0 1080 1920 | ScreenshotSurface#0
10-28 20:09:14.915   772   772 I SurfaceFlinger: 
10-28 20:09:14.928 30689 30866 D UE4     : *** JavaEnvDestructor: 30866
10-28 20:09:14.928 30689 30867 D UE4     : *** JavaEnvDestructor: 30867
10-28 20:09:14.930 30689 30865 D UE4     : *** JavaEnvDestructor: 30865
10-28 20:09:14.950   772   772 I SurfaceFlinger: Display 0 HWC layers:
10-28 20:09:14.950   772   772 I SurfaceFlinger:     type    |    handle    | flag |  format   |   source crop (l,t,r,b)    |         frame       | name 
10-28 20:09:14.950   772   772 I SurfaceFlinger: ------------+--------------+------+-----------+----------------------------+---------------------+------
10-28 20:09:14.950   772   772 I SurfaceFlinger:      Device | 0x7dd4270400 | 0002 | RGBx_8888 |   0.0    0.0 1080.0 1920.0 |    0    0 1080 1920 | com.android.systemui.ImageWallpaper#0
10-28 20:09:14.950   772   772 I SurfaceFlinger:      Client | 0x7dd942c700 | 0000 | RGBA_8888 |   0.0  203.0 1080.0 1717.0 |    0  215 1080 1705 | com.android.systemui/com.android.systemui.recents.RecentsActivity#0
10-28 20:09:14.950   772   772 I SurfaceFlinger:      Client | 0x7dd4270300 | 0000 | RGBA_8888 |   0.0    0.0 1080.0 1920.0 |    0    0 1080 1920 | ScreenshotSurface#0
10-28 20:09:14.950   772   772 I SurfaceFlinger:      Client |              | 0000 |  Unknown  |  -0.5   -0.9   -1.0   -1.0 |  338    0 1080 1609 | BlackSurface#0
10-28 20:09:14.950   772   772 I SurfaceFlinger:      Client |              | 0000 |  Unknown  |  -0.9   -0.0   -1.0   -0.4 |    0    0  868  686 | BlackSurface#0
10-28 20:09:14.950   772   772 I SurfaceFlinger:      Client |              | 0000 |  Unknown  |  -0.0    0.0   -0.5   -0.1 |    0  311  742 1920 | BlackSurface#0
10-28 20:09:14.950   772   772 I SurfaceFlinger:      Client |             
10-28 20:09:14.950   772   772 I SurfaceFlinger:  | 0000 |  Unknown  |   0.0   -0.6   -0.1   -1.0 |  212 1234 1080 1920 | BlackSurface#0
10-28 20:09:14.950   772   772 I SurfaceFlinger: 
10-28 20:09:15.032 30689 30869 D UE4     : *** JavaEnvDestructor: 30869
10-28 20:09:15.091  1417  1417 D CustomFrequencyManagerService: releaseDVFSLockLocked : Getting Lock type frm List : DVFS_MIN_LIMIT  frequency : 1555200  uid : 1000  pid : 1417  tag : AMS_RESUME_TAIL@CPU_MIN@71
10-28 20:09:15.251   772   772 I SurfaceFlinger: Display 0 HWC layers:
10-28 20:09:15.251   772   772 I SurfaceFlinger:     type    |    handle    | flag |  format   |   source crop (l,t,r,b)    |         frame       | name 
10-28 20:09:15.251   772   772 I SurfaceFlinger: ------------+--------------+------+-----------+----------------------------+---------------------+------
10-28 20:09:15.251   772   772 I SurfaceFlinger:      Device | 0x7dd4270400 | 0002 | RGBx_8888 |   0.0    0.0 1080.0 1920.0 |    0    0 1080 1920 | com.android.systemui.ImageWallpaper#0
10-28 20:09:15.251   772   772 I SurfaceFlinger:      Client | 0x7dd4376100 | 0000 | RGBA_8888 |   0.0    0.0 1079.0 1919.0 |    0    0 1080 1920 | com.android.systemui/com.android.systemui.recents.RecentsActivity#0
10-28 20:09:15.251   772   772 I SurfaceFlinger:      Client | 0x7dd4270300 | 0000 | RGBA_8888 |   0.0    0.0 1080.0 1920.0 |    0    0 1080 1920 | ScreenshotSurface#0
10-28 20:09:15.251   772   772 I SurfaceFlinger: 
10-28 20:09:15.330   772  3176 I SurfaceFlinger: id=10621 Removed ScreenshotSurface#0 (5/9)
10-28 20:09:15.330   772  3176 I SurfaceFlinger: id=10621 Removed ScreenshotSurface#0 (-2/9)
10-28 20:09:15.330   772   840 I SurfaceFlinger: id=10623 Removed BlackSurface#0 (5/8)
10-28 20:09:15.330   772   840 I SurfaceFlinger: id=10623 Removed BlackSurface#0 (-2/8)
10-28 20:09:15.330   772  3176 I SurfaceFlinger: id=10624 Removed BlackSurface#0 (5/7)
10-28 20:09:15.330   772  3147 I SurfaceFlinger: id=10624 Removed BlackSurface#0 (-2/7)
10-28 20:09:15.331   772   996 I SurfaceFlinger: id=10625 Removed BlackSurface#0 (5/6)
10-28 20:09:15.331   772  3176 I SurfaceFlinger: id=10626 Removed BlackSurface#0 (5/5)
10-28 20:09:15.331   772   996 I SurfaceFlinger: id=10625 Removed BlackSurface#0 (-2/5)
10-28 20:09:15.331   772  3176 I SurfaceFlinger: id=10626 Removed BlackSurface#0 (-2/5)
10-28 20:09:15.345   772   772 I Layer   : id=10623 onRemoved BlackSurface#0 
10-28 20:09:15.345   772   772 I Layer   : id=10624 onRemoved BlackSurface#0 
10-28 20:09:15.345   772   772 I Layer   : id=10625 onRemoved BlackSurface#0 
10-28 20:09:15.345   772   772 I Layer   : id=10626 onRemoved BlackSurface#0 
10-28 20:09:15.345   772   772 I Layer   : id=10621 onRemoved ScreenshotSurface#0 
10-28 20:09:15.349  1417  2412 V WindowManager: rotationForOrientationLw(orient=-1, last=0); user=0 USER_ROTATION_LOCKED sensorRotation=-1 mLidState=-1 mDockMode=0 mHdmiPlugged=false
10-28 20:09:15.350   772   772 I SurfaceFlinger: Display 0 HWC layers:
10-28 20:09:15.350   772   772 I SurfaceFlinger:     type    |    handle    | flag |  format   |   source crop (l,t,r,b)    |         frame       | name 
10-28 20:09:15.350   772   772 I SurfaceFlinger: ------------+--------------+------+-----------+----------------------------+---------------------+------
10-28 20:09:15.350   772   772 I SurfaceFlinger:      Device | 0x7dd4270400 | 0002 | RGBx_8888 |   0.0    0.0 1080.0 1920.0 |    0    0 1080 1920 | com.android.systemui.ImageWallpaper#0
10-28 20:09:15.350   772   772 I SurfaceFlinger:      Device | 0x7dd4376100 | 0000 | RGBA_8888 |   1.0    1.0 1079.0 1919.0 |    0    0 1080 1920 | com.android.systemui/com.android.systemui.recents.RecentsActivity#0
10-28 20:09:15.350   772   772 I SurfaceFlinger: 
10-28 20:09:15.498  1417  2490 D InputReader: Input event(6): value=1 when=210818023061000
10-28 20:09:15.498  1417  2490 D InputReader: Input event(6): value=1 when=210818023061000
10-28 20:09:15.498  1417  2490 I InputReader: Touch event's action is 0x0 (deviceType=0) [pCnt=1, s=0.42093 ] when=210818023061000
10-28 20:09:15.499  1417  2489 I InputDispatcher: Delivering touch to (2781): action: 0x0, toolType: 1
10-28 20:09:15.499  1417  2489 I InputDispatcher: Delivering touch to (2781): action: 0x0, toolType: 1
10-28 20:09:15.499  2781  2781 D ViewRootImpl@a630088[RecentsActivity]: ViewPostIme pointer 0
10-28 20:09:15.500  1417  2489 D PowerManagerService: [api] userActivityFromNative : 20 (event: 2 flags: 0) eventTime = 210818023
10-28 20:09:15.598  1417  2490 D InputReader: Input event(6): value=0 when=210818122485000
10-28 20:09:15.598  1417  2490 D InputReader: Input event(6): value=0 when=210818122485000
10-28 20:09:15.598  1417  2490 I InputReader: Touch event's action is 0x1 (deviceType=0) [pCnt=1, s=] when=210818122485000
10-28 20:09:15.599  1417  2489 I InputDispatcher: Delivering touch to (2781): action: 0x1, toolType: 1
10-28 20:09:15.599  2781  2781 D ViewRootImpl@a630088[RecentsActivity]: ViewPostIme pointer 1
10-28 20:09:15.599  1417  2489 I InputDispatcher: Delivering touch to (2781): action: 0x1, toolType: 1
10-28 20:09:15.600  2781  2781 D RecentsView: onClick(CloseAllButton) :: mBlockTwiceTouchOnCloseAllButton=false
10-28 20:09:15.601  2781  2781 D SystemUIAnalytics: sendEventLog 500, 5105, 1
10-28 20:09:15.601  2781  2781 D SamsungAnalytics: user do not agree
10-28 20:09:15.712  2749  2749 E adbd    : recv: OPEN 00006fd4 00000000 000c:73 68 65 6C 6C 2C 76 32 3A 70 73 00 
10-28 20:09:15.713  2749  2749 E adbd    : service_to_fd: shell,v2:ps
10-28 20:09:15.727 30924 30924 E propClient: PropClient failed to load
10-28 20:09:15.740 30924 30924 E propClient: PropClient failed to load
10-28 20:09:15.741 30689 30870 D UE4     : *** JavaEnvDestructor: 30870
10-28 20:09:15.814  2781  2781 D SystemServicesProxy: removeTask: tid=625
10-28 20:09:15.815  2781  2781 D SystemServicesProxy: sendCloseSystemWindows: reason=homekey
10-28 20:09:15.824  1417  5404 I ActivityManager: START u0 {act=android.intent.action.MAIN typ=null flg=0x10200000 cmp=ComponentInfo{com.sec.android.app.launcher/com.sec.android.app.launcher.activities.LauncherActivity}} from uid 10063
10-28 20:09:15.837  1417  5404 D CustomFrequencyManagerService: acquireDVFSLockLocked : type : DVFS_MIN_LIMIT  frequency : 2150400  uid : 1000  pid : 1417  pkgName : AMS_APP_HOME@CPU_MIN@19
10-28 20:09:15.837  1417  5404 D ActivityManagerPerformance: AMP_acquire() HOME
10-28 20:09:15.840  1417  1417 D CodecSolution: MultiWindowEventListener::onMultiWindowFocusChanged(0)
10-28 20:09:15.840  1417  1417 D MdnieScenarioControlService: Listener Real Multi Window State : true
10-28 20:09:15.840  1417  1417 D CS_HdrController: MultiWindowEventListener::onFocusStackChanged(0)
10-28 20:09:15.842  1417  5404 D ActivityManager: isScaleDownAnimationEnabled() : false
10-28 20:09:15.844  1417  5404 D PersonaManagerService: Current focused persona service handled id set to : 0
10-28 20:09:15.844  1417  5404 D InputDispatcher: Focused application set to: xxxx
10-28 20:09:15.845  1417  5404 D InputDispatcher: Focus left window: 2781
10-28 20:09:15.848  4296  4296 I Launcher: onWindowVisibilityChanged : false
10-28 20:09:15.850  1417  9835 V WindowManager: Relayout Window{a844b67 u0 com.sec.android.app.launcher/com.sec.android.app.launcher.activities.LauncherActivity}: viewVisibility=4 req=1080x1920 WM.LayoutParams{(0,0)(fillxfill) sim=#30 ty=1 fl=#81910d00 pfl=0x20000 fmt=-2 wanim=0x10302ea vsysui=0x700 needsMenuKey=2 colorMode=0 dimDuration=444 naviIconColor=0}
10-28 20:09:15.851  1417  9835 V WindowManager: rotationForOrientationLw(orient=5, last=0); user=0 USER_ROTATION_LOCKED sensorRotation=-1 mLidState=-1 mDockMode=0 mHdmiPlugged=false
10-28 20:09:15.862  4296  4296 D ViewRootImpl@625a3ec[LauncherActivity]: Relayout returned: old=[0,0][1080,1920] new=[0,0][1080,1920] result=0x1 surface={valid=false 0} changed=false
10-28 20:09:15.865  4296  4296 D Launcher: onNewIntent
10-28 20:09:15.866  4296  4296 D InputMethodManager: HSIFW - flag : 0 Pid : 4296
10-28 20:09:15.866  1417  9835 W InputMethodManagerService: hideSoftInput : Ignoring, uid 10066: com.android.internal.view.IInputMethodClient$Stub$Proxy@142069
10-28 20:09:15.868  4296  4296 D HomeContainer: setAlpha : 1.0
10-28 20:09:15.868  1417  5404 D MARsPolicyManager: onPackageResumedFG pkgName = com.sec.android.app.launcher, userId = 0
10-28 20:09:15.868  1417  2642 D GameManagerService: handleForegroundChange(). pkgName: com.sec.android.app.launcher, clsName: com.android.launcher3.Launcher,FgActivityName:com.sec.android.app.launcher/com.android.launcher3.Launcher
10-28 20:09:15.869  1417  2642 D GameManagerService: sem_perfomance_mode: 0
10-28 20:09:15.869  1417  2642 D GameManagerService: notifyResumePause(). pkg: com.sec.android.app.launcher, type: 4, isMinimized: false, isTunableApp: false
10-28 20:09:15.869  1417  2642 D GameManagerService:   notifyResumePause(). do nothing. mKillNotiCount: 3
10-28 20:09:15.883  1417  2907 I MARsPolicyManager: AR not enabled
10-28 20:09:15.883  1417  2907 I ActivityManager: Killing 30689:com.YourCompany.GiftGame/u0a530 (adj 200): remove task
10-28 20:09:15.885  1417  1417 D CS_HdrController: updateMultiWindowState : 0
10-28 20:09:15.886  2781  2896 D SystemServicesProxy: removeTask: done.
10-28 20:09:15.893  2781  2896 D SystemServicesProxy: sendCloseSystemWindows: done.
10-28 20:09:15.895  1417  1417 D InputMethodManagerService: isImeSwitcherDisabledPackage : false
10-28 20:09:15.897  2781  2942 D vol.VolumeDialogControl: onReceive ACTION_CLOSE_SYSTEM_DIALOGS
10-28 20:09:15.898  2781  2932 D LocationControllerImpl: onReceive() = android.intent.action.CLOSE_SYSTEM_DIALOGS
10-28 20:09:15.900  4296  4296 V Launcher: Launcher.onResume()
10-28 20:09:15.901  1417  7866 D GamePkgDataHelper: getGamePkgDataIncServer(). com.sec.android.app.launcher
10-28 20:09:15.901  3089  3137 D ForegroundUtils: could not check pending caller
10-28 20:09:15.903  1417  3896 D Dex2oatAdjuster: Before bg size = 0
10-28 20:09:15.903  1417  3896 D Dex2oatAdjuster: After bg size = 0 fg size = 0
10-28 20:09:15.903  2781  2781 D ViewRootImpl@a630088[RecentsActivity]: MSG_WINDOW_FOCUS_CHANGED 0
10-28 20:09:15.911  1417  9835 W ActivityManager: Unable to start service Intent { act=com.android.launcher3.WINDOW_OVERLAY dat=app://com.sec.android.app.launcher:10066?v=0 pkg=com.google.android.googlequicksearchbox } U=0: not found
10-28 20:09:15.912  4296  4296 D ExternalMethodQueue: Getting and clearing EXTERNAL_METHOD_LIST: null
10-28 20:09:15.912  4296  4296 D Launcher.HomeController: onResume HomeContainer current alpha = 1.0
10-28 20:09:15.912  4296  4296 D AppsCustomAdapter: notifyUpdate : com.android.launcher3.Launcher@2f7db54
10-28 20:09:15.912  4296  4296 D AppsDragController: needDeferToBind : true , false
10-28 20:09:15.912  4296  4296 D Launcher: setupWallpaperScroller
10-28 20:09:15.913  4296  4359 I LauncherAppWidgetInfo: reinflateWidgetsIfNecessary, Not required: AppWidget(id=6)
10-28 20:09:15.913  4296  4359 I LauncherAppWidgetInfo: reinflateWidgetsIfNecessary, Not required: AppWidget(id=8)
10-28 20:09:15.913  4296  4359 I LauncherAppWidgetInfo: reinflateWidgetsIfNecessary, Not required: AppWidget(id=12)
10-28 20:09:15.913  4296  4359 I LauncherAppWidgetInfo: reinflateWidgetsIfNecessary, Not required: AppWidget(id=14)
10-28 20:09:15.913  4296  4359 I LauncherAppWidgetInfo: reinflateWidgetsIfNecessary, Not required: AppWidget(id=15)
10-28 20:09:15.913  4296  4359 I LauncherAppWidgetInfo: reinflateWidgetsIfNecessary, Not required: AppWidget(id=17)
10-28 20:09:15.913  4296  4359 I LauncherAppWidgetInfo: reinflateWidgetsIfNecessary, Not required: AppWidget(id=21)
10-28 20:09:15.913  4296  4359 I LauncherAppWidgetInfo: reinflateWidgetsIfNecessary, Not required: AppWidget(id=23)
10-28 20:09:15.913  4296  4359 I LauncherAppWidgetInfo: reinflateWidgetsIfNecessary, Not required: AppWidget(id=27)
10-28 20:09:15.913  1417  7866 D GameManagerService: identifyGamePackage. com.sec.android.app.launcher
10-28 20:09:15.913  1417  7866 D GamePkgDataHelper: getGamePkgData(). com.sec.android.app.launcher
10-28 20:09:15.914  2781  2781 D vol.SecVolumeDialogImpl: dismissH reason: 2
10-28 20:09:15.915  2781  2781 D Tile.AirplaneModeTile: onReceive: android.intent.action.CLOSE_SYSTEM_DIALOGS mSimCount 1
10-28 20:09:15.915  2781  2781 D Tile.MobileDataTile: action:android.intent.action.CLOSE_SYSTEM_DIALOGS
10-28 20:09:15.915  2781  2781 D PopupUI : PopupUIReceiver.onReceive() action : android.intent.action.CLOSE_SYSTEM_DIALOGS
10-28 20:09:15.915  2781  2781 D PopupUI.PopupUINotifications: dismissAlertDialogs()
10-28 20:09:15.915  2781  2781 D BrightnessMirror: hideMirror cancelled since it's not visible
10-28 20:09:15.919  2781  2958 D OpenGLRenderer: eglDestroySurface = 0x74780c8ff0
10-28 20:09:15.922  1417  9835 V WindowManager: Relayout Window{61c4983 u0 com.android.systemui/com.android.systemui.recents.RecentsActivity}: viewVisibility=4 req=1080x1920 WM.LayoutParams{(0,0)(fillxfill) sim=#20 ty=1 fl=#89910500 pfl=0x24040 fmt=-3 vsysui=0x700 needsMenuKey=2 colorMode=0 naviIconColor=0}
10-28 20:09:15.922  1417  4076 D Notification: allPendingIntents
10-28 20:09:15.925  1417  4076 I chatty  : uid=1000(system) Binder:1417_E identical 7 lines
10-28 20:09:15.925  1417  4076 D Notification: allPendingIntents
10-28 20:09:15.930  1417  7866 D GameManagerService: identifyGamePackage. com.sec.android.app.launcher
10-28 20:09:15.930  4296  4296 D Notification.Badge: [filtered] shouldBeFilteredOut().isGroupHeader[false], missingTitleAndText[true], [sbn : StatusBarNotification(pkg=com.sec.android.daemonapp user=UserHandle{0} id=4906 tag=null key=0|com.sec.android.daemonapp|4906|null|10178: Notification(channel=weather.notification.normal pri=0 contentView=com.sec.android.daemonapp/0x7f040037 vibrate=null sound=default tick defaults=0x1 flags=0x10 color=0x00000000 category=status number=0 vis=PRIVATE semFlags=0x0 semPriority=0 semMissedCount=0))]
10-28 20:09:15.930  2781  2781 D ViewRootImpl@a630088[RecentsActivity]: Relayout returned: old=[0,0][1080,1920] new=[0,0][1080,1920] result=0x5 surface={valid=false 0} changed=true
10-28 20:09:15.931  4296  4296 D Notification.Badge: [filtered] shouldBeFilteredOut().isGroupHeader[false], missingTitleAndText[true], [sbn : StatusBarNotification(pkg=com.piriform.ccleaner user=UserHandle{0} id=11117 tag=null key=0|com.piriform.ccleaner|11117|null|10413: Notification(channel=photos pri=0 contentView=com.piriform.ccleaner/0x7f0d01a9 vibrate=null sound=null tick defaults=0x0 flags=0x10 color=0x00000000 number=0 vis=PRIVATE semFlags=0x0 semPriority=0 semMissedCount=0))]
10-28 20:09:15.931  4296  4296 D Notification.Badge: [filtered] shouldBeFilteredOut().Notification.FLAG_ONGOING_EVENT [sbn : StatusBarNotification(pkg=org.malwarebytes.antimalware user=UserHandle{0} id=1 tag=null key=0|org.malwarebytes.antimalware|1|null|10317: Notification(channel=null pri=0 contentView=null vibrate=null sound=null defaults=0x0 flags=0x22 color=0x00000000 number=0 vis=PRIVATE semFlags=0x0 semPriority=0 semMissedCount=0))]
10-28 20:09:15.931  1417  7866 D GamePkgDataHelper: getGamePkgData(). com.sec.android.app.launcher
10-28 20:09:15.931  4296  4296 D Notification.Badge: [filtered] shouldBeFilteredOut().mTempRanking.canShowBadge[false], [sbn : StatusBarNotification(pkg=com.android.systemui user=UserHandle{-1} id=2131362726 tag=full_battery key=-1|com.android.systemui|2131362726|full_battery|10063: Notification(channel=FBT pri=-2 contentView=null vibrate=null sound=null tick defaults=0x0 flags=0xa color=0xff17c433 category=sys number=0 vis=PUBLIC semFlags=0x0 semPriority=0 semMissedCount=0))]
10-28 20:09:15.932  4296  4296 D Notification.Badge: [filtered] shouldBeFilteredOut().mTempRanking.canShowBadge[false], [sbn : StatusBarNotification(pkg=android user=UserHandle{-1} id=27 tag=null key=-1|android|27|null|1000: Notification(channel=USB pri=0 contentView=null vibrate=null sound=null tick defaults=0x0 flags=0x2 color=0xff607d8b number=0 vis=PUBLIC semFlags=0x0 semPriority=0 semMissedCount=0))]
10-28 20:09:15.932  4296  4359 D Notification.Badge: LauncherModel:onNotificationFullRefresh() : [4], IconType : [0]
10-28 20:09:15.932  4296  4359 D Notification.Badge: notificationKey : 0|com.asurion.android.verizon.vms|40600|null|10068, count : 0, this.count : 1
10-28 20:09:15.932  4296  4359 D Notification.Badge: notificationKey : 0|com.asurion.android.verizon.vms|40600|null|10068, count : 1, mTotalCount : 1
10-28 20:09:15.932  4296  4359 D Notification.Badge: notificationKey : 0|com.estrongs.android.pop|668255690|null|10528, count : 0, this.count : 1
10-28 20:09:15.932  4296  4359 D Notification.Badge: notificationKey : 0|com.estrongs.android.pop|668255690|null|10528, count : 1, mTotalCount : 1
10-28 20:09:15.932  4296  4359 D Notification.Badge: notificationKey : 0|android|40|null|1000, count : 0, this.count : 1
10-28 20:09:15.932  4296  4359 D Notification.Badge: notificationKey : 0|android|40|null|1000, count : 1, mTotalCount : 1
10-28 20:09:15.932  4296  4359 D Notification.Badge: notificationKey : 0|com.google.android.apps.freighter|1|null|10426, count : 0, this.count : 1
10-28 20:09:15.932  4296  4359 D Notification.Badge: notificationKey : 0|com.google.android.apps.freighter|1|null|10426, count : 1, mTotalCount : 1
10-28 20:09:15.933  4296  4359 D Notification.Badge: LauncherModel:onNotificationFullRefresh() not need to update, updatedBadges.remove[com.google.android.apps.freighter], count : [1]
10-28 20:09:15.933  4296  4359 D Notification.Badge: LauncherModel:onNotificationFullRefresh() not need to update, updatedBadges.remove[com.asurion.android.verizon.vms], count : [1]
10-28 20:09:15.933  4296  4359 D Notification.Badge: LauncherModel:onNotificationFullRefresh() not need to update, updatedBadges.remove[com.estrongs.android.pop], count : [1]
10-28 20:09:15.933  4296  4359 D Notification.Badge: LauncherModel:onNotificationFullRefresh() not need to update, updatedBadges.remove[android], count : [1]
10-28 20:09:15.936  1417  2907 D ActivityManager: post active user change for 0 fullscreen true isHomeActivity() true
10-28 20:09:15.937  1417  2907 I WallpaperManagerService: switchPersonaWallpaper is called for personaId-0
10-28 20:09:15.937  1417  1417 D WallpaperManagerService:  force update = false; persona id = 0; current user =0; current persona = 0
10-28 20:09:15.937  4296  4296 I Launcher: onWindowVisibilityChanged : true
10-28 20:09:15.939  1417  4076 V WindowManager: Relayout Window{a844b67 u0 com.sec.android.app.launcher/com.sec.android.app.launcher.activities.LauncherActivity}: viewVisibility=0 req=1080x1920 WM.LayoutParams{(0,0)(fillxfill) sim=#130 ty=1 fl=#81910d00 pfl=0x20000 fmt=-2 wanim=0x10302ea vsysui=0x700 needsMenuKey=2 colorMode=0 dimDuration=444 naviIconColor=0}
10-28 20:09:15.940   772   772 I SurfaceFlinger: id=10627 createSurf (1080x1920),1 flag=4, com.sec.android.app.launcher/com.sec.android.app.launcher.activities.LauncherActivity#0
10-28 20:09:15.940  1417  7866 D TelephonyManager: getAllCellInfo : Caller (PID / UID / TID): 1417 / 1000 / 7866
10-28 20:09:15.941  1417  4076 V Surface : sf_framedrop debug : 0x4f4c, game : false, logging : 0
10-28 20:09:15.942  1417  1845 D WindowManager: set systemUiVisibility : systemUiFlags= 0x708 fullscreenStackSysUiFlags= 0x0
10-28 20:09:15.947  1417  4076 D InputDispatcher: Focus entered window: 4296
10-28 20:09:15.949  4296  4296 V Surface : sf_framedrop debug : 0x4f4c, game : false, logging : 0
10-28 20:09:15.950  4296  4296 D ViewRootImpl@625a3ec[LauncherActivity]: Relayout returned: old=[0,0][1080,1920] new=[0,0][1080,1920] result=0x7 surface={valid=true 500433915904} changed=true
10-28 20:09:15.956  1417  2489 W InputDispatcher: channel ~ Consumer closed input channel or an error occurred.  events=0x9
10-28 20:09:15.956  1417  2489 E InputDispatcher: channel ~ Channel is unrecoverably broken and will be disposed!
10-28 20:09:15.957  2750  2750 D InputEventReceiver: channel 'ClientState{2b9cd00 uid 10530 pid 30689} (client)' ~ Disposing input event receiver.
10-28 20:09:15.957  2750  2750 D InputEventReceiver: channel 'ClientState{2b9cd00 uid 10530 pid 30689} (client)' ~NativeInputEventReceiver.
10-28 20:09:15.958  1417  5404 I WindowManager: WIN DEATH: Window{b0e72ce u0 com.YourCompany.GiftGame/com.epicgames.ue4.GameActivity}
10-28 20:09:15.958  1417  5404 W InputDispatcher: Attempted to unregister already unregistered input channel
10-28 20:09:15.958  1417  5404 I WindowManager: Destroying surface Surface(name=com.YourCompany.GiftGame/com.epicgames.ue4.GameActivity) called by com.android.server.wm.WindowStateAnimator.destroySurface:2501 com.android.server.wm.WindowStateAnimator.destroySurfaceLocked:985 com.android.server.wm.WindowState.removeImmediately:2403 com.android.server.wm.WindowState.removeIfPossible:2611 com.android.server.wm.WindowState.-wrap1:0 com.android.server.wm.WindowState$DeathRecipient.binderDied:3150 android.os.BinderProxy.sendDeathNotice:841 <bottom of call stack> 
10-28 20:09:15.959   772   842 I SurfaceFlinger: id=10616 Removed com.YourCompany.GiftGame/com.epicgames.ue4.GameActivity#1 (2/5)
10-28 20:09:15.961  3089  3137 D ForegroundUtils: could not check pending caller
10-28 20:09:15.962   772   842 I SurfaceFlinger: id=10616 Removed com.YourCompany.GiftGame/com.epicgames.ue4.GameActivity#1 (-2/5)
10-28 20:09:15.963   772   772 I Layer   : id=10616 onRemoved com.YourCompany.GiftGame/com.epicgames.ue4.GameActivity#1 
10-28 20:09:15.963   772   772 I Layer   : id=10618 onRemoved Background for - SurfaceView - com.YourCompany.GiftGame/com.epicgames.ue4.GameActivity@2b5d69b@0#0 
10-28 20:09:15.963   772   772 I Layer   : id=10617 onRemoved SurfaceView - com.YourCompany.GiftGame/com.epicgames.ue4.GameActivity@2b5d69b@0#0 
10-28 20:09:15.989  1042  2120 V APM_AudioPolicyManager: getAudioPolicyConfig: audioParam;outDevice
10-28 20:09:15.990  1042  2120 V APM_AudioPolicyManager: getNewOutputDevice() selected device 0
10-28 20:09:15.990  1042  2120 V APM_AudioPolicyManager: ### curdevice : 2
10-28 20:09:15.990  1042  2120 V APM_AudioPolicyManager: getAudioPolicyConfig: audioParam;outDevice
10-28 20:09:15.990  1042  2120 V APM_AudioPolicyManager: getNewOutputDevice() selected device 0
10-28 20:09:15.990  1042  2120 V APM_AudioPolicyManager: ### curdevice : 2
10-28 20:09:15.991  1042  2120 V APM_AudioPolicyManager: getAudioPolicyConfig: audioParam;outDevice
10-28 20:09:15.991  1042  2120 V APM_AudioPolicyManager: getNewOutputDevice() selected device 0
10-28 20:09:15.991  1042  2120 V APM_AudioPolicyManager: ### curdevice : 2
10-28 20:09:15.997  1417  1887 W ActivityManager: setHasOverlayUi called on unknown pid: 30689
10-28 20:09:16.001  1042  2120 V APM_AudioPolicyManager: getAudioPolicyConfig: audioParam;activeStream
10-28 20:09:16.001  1042  2120 V APM_AudioPolicyManager: ### active stream : 8
10-28 20:09:16.001  1417  7866 D AudioService: active stream is 0x8
10-28 20:09:16.009  1042  2120 V APM_AudioPolicyManager: getAudioPolicyConfig: audioParam;activeStream
10-28 20:09:16.009  1042  2120 V APM_AudioPolicyManager: ### active stream : 8
10-28 20:09:16.009  1417  7866 D AudioService: active stream is 0x8
10-28 20:09:16.009  1417  7866 D AudioService: GetAppDevice, uid=1000
10-28 20:09:16.010  1417  7866 D AudioService: getStreamVolume 3 index 130
10-28 20:09:16.012  1417  7866 D GameManagerService: identifyGamePackage. com.sec.android.app.launcher
10-28 20:09:16.012  1417  7866 D GamePkgDataHelper: getGamePkgData(). com.sec.android.app.launcher
10-28 20:09:16.015  1042  2087 I SoundAlive_Interface: [ -462403840 ][ 48000 ]FlushBuffers()
10-28 20:09:16.015  1042  2087 I SoundAlive_Core: [ -462403840 ][ 48000 ](interface-API)FlushBuffers()
10-28 20:09:16.015  1042  2087 D SoundAlive_Core: [ -462403840 ][ 48000 ](internal-API)ReOpen( ConfigMode : 1 )
10-28 20:09:16.015  1042  2087 I SoundAlive_Effect: [ -462403840 ][ 48000 ]Init() nch : 2  bitdepth : 0 
10-28 20:09:16.015  1042  2087 I SoundAlive_Effect: [ -462403840 ][ 48000 ]SamplingRateConfig() SamplingRate : 48000
10-28 20:09:16.015  1042  2087 I SoundAlive_Effect: [ -462403840 ][ 48000 ]OutDevConfig() OutDevConfig : 1
10-28 20:09:16.015  1042  2087 D SoundAlive_Core: [ -462403840 ][ 48000 ](internal-API)Set_Current_Effect_Configuration( ConfigMode : 1 )
10-28 20:09:16.015  1042  2087 I SoundAlive_Effect: [ -462403840 ][ 48000 ]Set_Preset() : 0
10-28 20:09:16.016  1042  2087 I SoundAlive_Effect: [ -462403840 ][ 48000 ]Set_User_BWE() 0
10-28 20:09:16.016  1042  2087 I SoundAlive_Effect: [ -462403840 ][ 48000 ]Set_User_CH() : 0
10-28 20:09:16.016  1042  2087 I SoundAlive_Effect: [ -462403840 ][ 48000 ]Set_SquareUI() : 4 , 4
10-28 20:09:16.016  1042  2087 I SoundAlive_Effect: [ -462403840 ][ 48000 ]Set_User_3D() : 0
10-28 20:09:16.016  1042  2087 I SoundAlive_Effect: [ -462403840 ][ 48000 ]Set_User_BE() : 0
10-28 20:09:16.021  1417  7866 D GameManagerService: identifyGamePackage. com.sec.android.app.launcher
10-28 20:09:16.021  1417  7866 D GamePkgDataHelper: getGamePkgData(). com.sec.android.app.launcher
10-28 20:09:16.021  4296  4677 D OpenGLRenderer: eglCreateWindowSurface = 0x747ad036c0
10-28 20:09:16.024  4296  4296 D AppsAdapter: notifyUpdate start : com.android.launcher3.Launcher@2f7db54
10-28 20:09:16.024  4296  4296 D AppsCustomAdapter: no change items
10-28 20:09:16.024  4296  4296 D AppsAdapter: notifyUpdate end : com.android.launcher3.Launcher@2f7db54
10-28 20:09:16.024  4296  4296 D ViewRootImpl@625a3ec[LauncherActivity]: MSG_RESIZED_REPORT: frame=Rect(0, 0 - 1080, 1920) ci=Rect(0, 0 - 0, 0) vi=Rect(0, 0 - 0, 0) or=1
10-28 20:09:16.024  4296  4296 D ViewRootImpl@625a3ec[LauncherActivity]: MSG_WINDOW_FOCUS_CHANGED 1
10-28 20:09:16.029  1042  1453 V APM_AudioPolicyManager: stopOutput() output 29, stream 3, session 25609
10-28 20:09:16.029  1042  1453 V APM_AudioPolicyManager: setBeaconMute(1) mBeaconMuteRefCount=0 mBeaconPlayingRefCount=0
10-28 20:09:16.029  1042  1453 V APM_AudioPolicyManager: getNewOutputDevice() selected device 0
10-28 20:09:16.029  1042  1453 V APM_AudioPolicyManager: setOutputDevice() device 0000 delayMs 96
10-28 20:09:16.029  1042  1453 V APM_AudioPolicyManager: setOutputDevice() prevDevice 0x0002
10-28 20:09:16.029  1042  1453 V APM_AudioPolicyManager: setOutputDevice() setting same device 0x0000 or null device
10-28 20:09:16.029  1042  1453 V APM_AudioPolicyManager: selectOutputForMusicEffects selected output 13
10-28 20:09:16.029  1042  1453 V APM_AudioPolicyManager: releaseOutput() 29
10-28 20:09:16.032  1417  2497 D MdnieScenarioControlService:  packageName : com.sec.android.app.launcher    className : com.sec.android.app.launcher.activities.LauncherActivity
10-28 20:09:16.032  1417  2497 V MdnieScenarioControlService: setUIMode from UI function(3)
10-28 20:09:16.038  4296  4296 V InputMethodManager: Starting input: tba=android.view.inputmethod.EditorInfo@687982c nm : com.sec.android.app.launcher ic=null
10-28 20:09:16.038  4296  4296 I InputMethodManager: startInputInner - mService.startInputOrWindowGainedFocus
10-28 20:09:16.039  1417  2856 D InputMethodManagerService: startInputOrWindowGainedFocus : windowGainedFocus 
10-28 20:09:16.039  1417  2856 D InputMethodManagerService: windowGainedFocus: destinationUserId (getCallingUid) = 0
10-28 20:09:16.039  1417  2856 D InputMethodManagerService: windowGainedFocus: currentUserId=0
10-28 20:09:16.039  1417  2856 D InputMethodManagerService: windowGainedFocus: mCurrentFocusedUserId=0
10-28 20:09:16.039  1417  2856 D InputMethodManagerService: windowGainedFocus : lock - currentUserId = 0 destinationUserId = 0
10-28 20:09:16.039  1417  2856 D InputMethodManagerService: windowGainedFocus : mCurrentFocusedUserId - 0 and mSecureKeypadEnabled - false, userSwitched - false
10-28 20:09:16.040  1417  2856 V InputMethodManagerService: windowGainedFocus : reason=WINDOW_FOCUS_GAIN client=android.os.BinderProxy@9da8a7c inputContext=null missingMethods= attribute=android.view.inputmethod.EditorInfo@4455a25 nm = com.sec.android.app.launcher controlFlags=#104 softInputMode=#130 windowFlags=#81910d00
10-28 20:09:16.040  1417  2856 V InputMethodManagerService: hideCurrentInputLocked : shouldHideSoftInput is false
10-28 20:09:16.041  1417  2856 D InputMethodManagerService: isImeSwitcherDisabledPackage : false
10-28 20:09:16.041  1417  2856 D InputMethodManagerService: setCurrentInputInfo - inputContext : null eidtorInfo : android.view.inputmethod.EditorInfo@4455a25 missingMethods : 0
10-28 20:09:16.047  1417  2856 V WindowManager: Relayout Window{a844b67 u0 com.sec.android.app.launcher/com.sec.android.app.launcher.activities.LauncherActivity}: viewVisibility=0 req=1080x1920 WM.LayoutParams{(0,0)(fillxfill) sim=#130 ty=1 fl=#81910d00 pfl=0x20000 fmt=-2 wanim=0x10302ea vsysui=0x700 needsMenuKey=2 colorMode=0 dimDuration=444 naviIconColor=0}
10-28 20:09:16.047  2750  2750 I InputMethodWrapper:  call dispatchStartInputWithToken
10-28 20:09:16.047  2750  2750 I InputMethodService: dispatchStartInputWithToken
10-28 20:09:16.048  2750  2750 I SKBD    : SamsungKeypad [IMI] onStartInput - caller pid : 4296, caller uid : 10066
10-28 20:09:16.054  4296  4296 D ViewRootImpl@625a3ec[LauncherActivity]: Relayout returned: old=[0,0][1080,1920] new=[0,0][1080,1920] result=0x3 surface={valid=true 500433915904} changed=false
10-28 20:09:16.055  4296  4677 D OpenGLRenderer: eglDestroySurface = 0x747ad036c0
10-28 20:09:16.057  4296  4677 D OpenGLRenderer: eglCreateWindowSurface = 0x747ad036c0
10-28 20:09:16.058  4296  4296 D DragLayer: DragLayer dispatchDraw, mIsNaviBarPositionChanged = false, mWillOrientationChange = false
10-28 20:09:16.089  1417  2856 V WindowManager: finishDrawingLocked: mDrawState=COMMIT_DRAW_PENDING Window{a844b67 u0 com.sec.android.app.launcher/com.sec.android.app.launcher.activities.LauncherActivity} in Surface(name=com.sec.android.app.launcher/com.sec.android.app.launcher.activities.LauncherActivity)
10-28 20:09:16.093 25723 25799 I RecursiveFileObserver: CLOSE_WRITE: /mnt/sdcard/UE4Game/GiftGame/GiftGame/Saved/Logs/GiftGame.log
10-28 20:09:16.104  2781 17919 I zygote64: Explicit concurrent copying GC freed 115163(6MB) AllocSpace objects, 2(168KB) LOS objects, 50% free, 10MB/21MB, paused 1.281ms total 184.753ms
10-28 20:09:16.133   772   772 I SurfaceFlinger: Display 0 HWC layers:
10-28 20:09:16.133   772   772 I SurfaceFlinger:     type    |    handle    | flag |  format   |   source crop (l,t,r,b)    |         frame       | name 
10-28 20:09:16.133   772   772 I SurfaceFlinger: ------------+--------------+------+-----------+----------------------------+---------------------+------
10-28 20:09:16.133   772   772 I SurfaceFlinger:      Device | 0x7dd4270400 | 0002 | RGBx_8888 |   0.0    0.0 1080.0 1920.0 |    0    0 1080 1920 | com.android.systemui.ImageWallpaper#0
10-28 20:09:16.133   772   772 I SurfaceFlinger:      Device | 0x7dd4021380 | 0000 | RGBA_8888 |  24.0   43.0 1055.0 1877.0 |    0    0 1080 1920 | com.sec.android.app.launcher/com.sec[...]uncher.activities.LauncherActivity#0
10-28 20:09:16.133   772   772 I SurfaceFlinger:      Device | 0x7dd942c080 | 0000 | RGBA_8888 |   0.0    0.0 1080.0 1920.0 |    0    0 1080 1920 | com.android.systemui/com.android.systemui.recents.RecentsActivity#0
10-28 20:09:16.133   772   772 I SurfaceFlinger: 
10-28 20:09:16.149   772   772 I SurfaceFlinger: Display 0 HWC layers:
10-28 20:09:16.149   772   772 I SurfaceFlinger:     type    |    handle    | flag |  format   |   source crop (l,t,r,b)    |         frame       | name 
10-28 20:09:16.149   772   772 I SurfaceFlinger: ------------+--------------+------+-----------+----------------------------+---------------------+------
10-28 20:09:16.149   772   772 I SurfaceFlinger:      Device | 0x7dd4270400 | 0002 | RGBx_8888 |   0.0    0.0 1080.0 1920.0 |    0    0 1080 1920 | com.android.systemui.ImageWallpaper#0
10-28 20:09:16.149   772   772 I SurfaceFlinger:      Device | 0x7dd4021380 | 0000 | RGBA_8888 |  17.0   31.0 1062.0 1888.0 |    0    0 1080 1920 | com.sec.android.app.launcher/com.sec[...]uncher.activities.LauncherActivity#0
10-28 20:09:16.149   772   772 I SurfaceFlinger:      Device | 0x7dd942c080 | 0000 | RGBA_8888 |   0.0    0.0 1080.0 1920.0 |    0    0 1080 1920 | com.android.systemui/com.android.systemui.recents.RecentsActivity#0
10-28 20:09:16.149   772   772 I SurfaceFlinger:      Device | 0x7dd942c780 | 0000 | RGBA_8888 |   0.0   58.0 1080.0   72.0 |    0    0 1080   14 | StatusBar#0
10-28 20:09:16.149   772   772 I SurfaceFlinger: 
10-28 20:09:16.222  1417  1417 D PreBindingService: handleMessage : 1
10-28 20:09:16.237  1417  1417 D CustomFrequencyManagerService: releaseDVFSLockLocked : Getting Lock type frm List : DVFS_MIN_LIMIT  frequency : 2150400  uid : 1000  pid : 1417  tag : PWM_ROTATION@CPU_MIN@78
10-28 20:09:16.269  1417  2412 I WindowManager: Destroying surface Surface(name=com.android.systemui/com.android.systemui.recents.RecentsActivity) called by com.android.server.wm.WindowStateAnimator.destroySurface:2501 com.android.server.wm.WindowStateAnimator.destroySurfaceLocked:985 com.android.server.wm.WindowState.destroyOrSaveSurfaceUnchecked:3679 com.android.server.wm.WindowState.destroySurface:3627 com.android.server.wm.AppWindowToken.destroySurfaces:722 com.android.server.wm.AppWindowToken.destroySurfaces:706 com.android.server.wm.WindowState.onExitAnimationDone:5326 com.android.server.wm.AppWindowAnimator.stepAnimationLocked:508 
10-28 20:09:16.269   772   840 I SurfaceFlinger: id=10622 Removed com.android.systemui/com.android.systemui.recents.RecentsActivity#0 (2/4)
10-28 20:09:16.269   772   772 I SurfaceFlinger: Display 0 HWC layers:
10-28 20:09:16.269   772   772 I SurfaceFlinger:     type    |    handle    | flag |  format   |   source crop (l,t,r,b)    |         frame       | name 
10-28 20:09:16.269   772   772 I SurfaceFlinger: ------------+--------------+------+-----------+----------------------------+---------------------+------
10-28 20:09:16.269   772   772 I SurfaceFlinger:      Device | 0x7dd4270400 | 0002 | RGBx_8888 |   0.0    0.0 1080.0 1920.0 |    0    0 1080 1920 | com.android.systemui.ImageWallpaper#0
10-28 20:09:16.269   772   772 I SurfaceFlinger:      Device | 0x7dd4021380 | 0000 | RGBA_8888 |   0.0    0.0 1080.0 1920.0 |    0    0 1080 1920 | com.sec.android.app.launcher/com.sec[...]uncher.activities.LauncherActivity#0
10-28 20:09:16.269   772   772 I SurfaceFlinger:      Device | 0x7dd942c780 | 0000 | RGBA_8888 |   0.0    7.0 1080.0   72.0 |    0    0 1080   65 | StatusBar#0
10-28 20:09:16.269   772   772 I SurfaceFlinger: 
10-28 20:09:16.273   772  3176 I SurfaceFlinger: id=10622 Removed com.android.systemui/com.android.systemui.recents.RecentsActivity#0 (-2/4)
10-28 20:09:16.280   772   772 I Layer   : id=10622 onRemoved com.android.systemui/com.android.systemui.recents.RecentsActivity#0 
10-28 20:09:16.338  1417  1417 D CustomFrequencyManagerService: releaseDVFSLockLocked : Getting Lock type frm List : DVFS_MIN_LIMIT  frequency : 2150400  uid : 1000  pid : 1417  tag : AMS_APP_HOME@CPU_MIN@19
10-28 20:09:16.597  4296  4677 W OpenGLRenderer: Incorrectly called buildLayer on View: WorkspaceCellLayoutChildren, destroying layer...
10-28 20:09:16.598  4296  4677 W OpenGLRenderer: Incorrectly called buildLayer on View: WorkspaceCellLayoutChildren, destroying layer...
10-28 20:09:17.006   723   723 D SEC LightsHAL: button : 0 +
10-28 20:09:17.036   723   723 D SEC LightsHAL: button : 0 -
10-28 20:09:17.054  2749  2749 E adbd    : recv: OPEN 00006fd6 00000000 004d:73 68 65 6C 6C 3A 65 78 70 6F 72 74 20 41 4E 44 52 4F 49 44 5F 4C 4F 47 5F 54 41 47 53 3D 22 27 27 22 3B 20 65 78 65 63 20 6C 6F 67 63 61 74 20 27 2D 64 27 20 27 2D 73 27 20 27 55 45 34 27 20 27 2D 73 27 20 27 44 65 62 75 67 27 00 
10-28 20:09:17.055  2749  2749 E adbd    : service_to_fd: shell:export ANDROID_LOG_TAGS="''"; exec logcat '-d' '-s' 'UE4' '-s' 'Debug'
10-28 20:09:17.070 30932 30932 E propClient: PropClient failed to load
10-28 20:09:17.083 30932 30932 E propClient: PropClient failed to load
10-28 20:09:17.306  2749  2749 E adbd    : recv: OPEN 00006fd8 00000000 0035:73 68 65 6C 6C 3A 65 78 70 6F 72 74 20 41 4E 44 52 4F 49 44 5F 4C 4F 47 5F 54 41 47 53 3D 22 27 27 22 3B 20 65 78 65 63 20 6C 6F 67 63 61 74 20 27 2D 64 27 00 
10-28 20:09:17.306  2749  2749 E adbd    : service_to_fd: shell:export ANDROID_LOG_TAGS="''"; exec logcat '-d'
10-28 20:09:17.316 30935 30935 E propClient: PropClient failed to load
