10-30 22:55:15.627  1417  1417 D MotionRecognitionService: setPowerConnected : mGripEnabled = false
10-30 22:55:15.627  1417  1417 D SamsungPhoneWindowManager: ACTION_BATTERY_CHANGED - Level :: 100, battStatus :: 5
10-30 22:55:15.629  2781  2781 D KeyguardUpdateMonitor: received broadcast android.intent.action.BATTERY_CHANGED
10-30 22:55:15.630  1417  1885 D UsbDeviceManager: handleMessage -> MSG_UPDATE_CHARGING_STATE = 1
10-30 22:55:15.630  2781  2781 D BatteryController: onReceive-ACTION_BATTERY_CHANGED : mLevel=100, mBatteryStatus=5
10-30 22:55:15.633  3107  3107 D PhoneApp: PhoneAppBroadcastReceiver onReceive android.intent.action.BATTERY_CHANGED
10-30 22:55:15.634  3107  3107 D TelephonyExtensionManager: lowBatterySound - isLowBatterySoundScheduled: false
10-30 22:55:15.634  3107  3107 D TelephonyExtensionManager: lowBatterySound - isPlayNow: false
10-30 22:55:15.634  3127  3272 D EPDG -- SIM0 [EpdgSubScription]: android.intent.action.BATTERY_CHANGED intent received.
10-30 22:55:15.634  3107  3107 D TelephonyExtensionManager: isSpeakerON - false
10-30 22:55:15.635  2781  2781 D PowerUI : priorPlugType = 2 mPlugType =  2
10-30 22:55:15.638 27008 27038 D UE4     : LogAndroid: Display: Passed PreInit()
10-30 22:55:15.638  3107  3107 D TelephonyExtensionManager: lowBatterySound - batteryStatus: 5
10-30 22:55:15.639 27008 27038 D UE4     : 
10-30 22:55:15.639  3107  3107 D TelephonyExtensionManager: lowBatterySound - batteryLevel: 100
10-30 22:55:15.639  3107  3107 D TelephonyExtensionManager: lowBatterySound - cancel
10-30 22:55:15.639 27008 27038 D UE4     : [2018.10.31-03.55.15:639][  0]LogTcpMessaging: Initializing TcpMessaging bridge, listening on 127.0.0.1:6666
10-30 22:55:15.639 27008 27038 D UE4     : [2018.10.31-03.55.15:639][  0]LogUdpMessaging: Initializing bridge on interface 0.0.0.0:0 to multicast group 230.0.0.1:6666.
10-30 22:55:15.639  1417  1470 D SamsungAlarmManager: Cancel Alarm calling from uid:1001 pid :3107 / op:PendingIntent{f79d6bb: PendingIntentRecord{ca7ce31 com.android.phone broadcastIntent}}
10-30 22:55:15.640 27008 27038 D UE4     : [2018.10.31-03.55.15:640][  0]LogAndroidPermission: UAndroidPermissionCallbackProxy::GetInstance
10-30 22:55:15.640 27008 27038 D UE4     : [2018.10.31-03.55.15:640][  0]LogOcInput: OculusInput pre-init called
10-30 22:55:15.640 27008 27038 D UE4     : [2018.10.31-03.55.15:640][  0]LogUObjectArray: 33963 objects as part of root set at end of initial load.
10-30 22:55:15.640 27008 27038 D UE4     : [2018.10.31-03.55.15:640][  0]LogUObjectAllocator: 3763088 out of 0 bytes used by permanent object pool.
10-30 22:55:15.640 27008 27038 D UE4     : [2018.10.31-03.55.15:640][  0]LogUObjectArray: CloseDisregardForGC: 0/0 objects in disregard for GC pool
10-30 22:55:15.640 27008 27038 D UE4     : [2018.10.31-03.55.15:640][  0]LogAndroid: Display: Passed PreInit()
10-30 22:55:15.641 12421 12421 D charging_screen: Naive charging time: 0 s
10-30 22:55:15.641 27008 27038 D UE4     : [2018.10.31-03.55.15:641][  0]LogEngine: Initializing Engine...
10-30 22:55:15.641  3107  3107 D TelephonyExtension: Not stopping low battery tone
10-30 22:55:15.648 27008 27038 D UE4     : [2018.10.31-03.55.15:648][  0]LogStats: UGameplayTagsManager::ConstructGameplayTagTree: ImportINI prefixes -  0.000 s
10-30 22:55:15.649 27008 27038 D UE4     : [2018.10.31-03.55.15:649][  0]LogStats: UGameplayTagsManager::ConstructGameplayTagTree: Construct from data asset -  0.000 s
10-30 22:55:15.650 27008 27038 D UE4     : [2018.10.31-03.55.15:649][  0]LogStats: UGameplayTagsManager::ConstructGameplayTagTree: ImportINI -  0.001 s
10-30 22:55:15.650 27008 27038 D UE4     : [2018.10.31-03.55.15:650][  0]LogStats: UGameplayTagsManager::ConstructGameplayTagTree: GameplayTagTreeChangedEvent.Broadcast -  0.000 s
10-30 22:55:15.765 27008 27038 D UE4     : [2018.10.31-03.55.15:765][  0]LogInit: Initializing FReadOnlyCVARCache
10-30 22:55:15.766 27008 27038 D UE4     : LogAndroidAudio: Warning: SL Entered Init HW
10-30 22:55:15.766 27008 27038 D UE4     : 
10-30 22:55:15.766 27008 27038 D UE4     : [2018.10.31-03.55.15:766][  0]LogAndroidAudio: Warning: SL Entered Init HW
10-30 22:55:15.766 27008 27038 D UE4     : LogAndroidAudio: Warning: OpenSLES Initializing HW
10-30 22:55:15.766 27008 27038 D UE4     : 
10-30 22:55:15.767 27008 27038 D UE4     : [2018.10.31-03.55.15:766][  0]LogAndroidAudio: Warning: OpenSLES Initializing HW
10-30 22:55:15.767 27008 27038 D UE4     : LogAndroidAudio: Warning: OpenSLES Initialized
10-30 22:55:15.767 27008 27038 D UE4     : 
10-30 22:55:15.768 27008 27038 D UE4     : [2018.10.31-03.55.15:767][  0]LogAndroidAudio: Warning: OpenSLES Initialized
10-30 22:55:15.768 27008 27038 D UE4     : LogAndroidAudio: Warning: OpenSLAudioDevice: Allocated 12 sources
10-30 22:55:15.768 27008 27038 D UE4     : 
10-30 22:55:15.768 27008 27038 D UE4     : [2018.10.31-03.55.15:768][  0]LogAndroidAudio: Warning: OpenSLAudioDevice: Allocated 12 sources
10-30 22:55:15.768 27008 27038 D UE4     : [2018.10.31-03.55.15:768][  0]LogInit: FAudioDevice initialized.
10-30 22:55:15.769 27008 27038 D UE4     : LogAudio: Warning: Can't increase channels past starting number!
10-30 22:55:15.769 27008 27038 D UE4     : 
10-30 22:55:15.770 27008 27038 D UE4     : [2018.10.31-03.55.15:769][  0]LogAudio: Warning: Can't increase channels past starting number!
10-30 22:55:15.772 27008 27038 D UE4     : [2018.10.31-03.55.15:772][  0]LogNetVersion: Set ProjectVersion to 1.0.0.0. Version Checksum will be recalculated on next use.
10-30 22:55:15.773 27008 27038 D UE4     : [2018.10.31-03.55.15:773][  0]LogInit: Texture streaming: Enabled
10-30 22:55:15.805 27008 27038 D UE4     : LogAudio: Warning: Can't increase channels past starting number!
10-30 22:55:15.806 27008 27038 D UE4     : 
10-30 22:55:15.806 27008 27038 D UE4     : [2018.10.31-03.55.15:806][  0]LogAudio: Warning: Can't increase channels past starting number!
10-30 22:55:15.820 27008 27038 D UE4     : [2018.10.31-03.55.15:820][  0]LogSlate: Updating window title bar state: overlay mode, drag disabled, window buttons hidden, title bar hidden
10-30 22:55:15.823 27008 27038 D UE4     : LogInit: Display: Game Engine Initialized.
10-30 22:55:15.823 27008 27038 D UE4     : 
10-30 22:55:15.823 27008 27038 D UE4     : [2018.10.31-03.55.15:823][  0]LogInit: Display: Game Engine Initialized.
10-30 22:55:15.823 27008 27038 D UE4     : LogGameplayTags: Display: UGameplayTagsManager::DoneAddingNativeTags. DelegateIsBound: 0
10-30 22:55:15.823 27008 27038 D UE4     : 
10-30 22:55:15.825 27008 27038 D UE4     : [2018.10.31-03.55.15:824][  0]LogGameplayTags: Display: UGameplayTagsManager::DoneAddingNativeTags. DelegateIsBound: 0
10-30 22:55:15.825 27008 27038 D UE4     : [2018.10.31-03.55.15:825][  0]LogStats: UGameplayTagsManager::ConstructGameplayTagTree: ImportINI prefixes -  0.000 s
10-30 22:55:15.825 27008 27038 D UE4     : [2018.10.31-03.55.15:825][  0]LogStats: UGameplayTagsManager::ConstructGameplayTagTree: Construct from data asset -  0.000 s
10-30 22:55:15.826 27008 27038 D UE4     : [2018.10.31-03.55.15:826][  0]LogStats: UGameplayTagsManager::ConstructGameplayTagTree: ImportINI -  0.001 s
10-30 22:55:15.827 27008 27038 D UE4     : [2018.10.31-03.55.15:826][  0]LogStats: UGameplayTagsManager::ConstructGameplayTagTree: GameplayTagTreeChangedEvent.Broadcast -  0.000 s
10-30 22:55:15.904 27008 27038 D UE4     : LogInit: Display: Starting Game.
10-30 22:55:15.904 27008 27038 D UE4     : 
10-30 22:55:15.904 27008 27038 D UE4     : [2018.10.31-03.55.15:904][  0]LogInit: Display: Starting Game.
10-30 22:55:15.905 27008 27038 D UE4     : [2018.10.31-03.55.15:905][  0]LogNet: Browse: /Game/Maps/MainGame?Name=Player
10-30 22:55:15.906 27008 27038 D UE4     : [2018.10.31-03.55.15:906][  0]LogLoad: LoadMap: /Game/Maps/MainGame?Name=Player
10-30 22:55:16.028  2749  2749 E adbd    : recv: OPEN 000085de 00000000 000c:73 68 65 6C 6C 2C 76 32 3A 70 73 00 
10-30 22:55:16.028  2749  2749 E adbd    : service_to_fd: shell,v2:ps
10-30 22:55:16.043 27101 27101 E propClient: PropClient failed to load
10-30 22:55:16.065 27101 27101 E propClient: PropClient failed to load
10-30 22:55:16.255  1417  2448 D SamsungAlarmManager: Expired : 8
10-30 22:55:16.255  1417  2448 V SamsungAlarmManager: Sending to uid : 10016 action=com.google.android.gms.auth.authzen.cryptauth.DEVICE_STATE_CHECK_DELAY_COMPLETE alarm=Alarm{5ef97d8 type 3 when 870065241 com.google.android.gms}
10-30 22:55:16.278  1417  1470 D ConnectivityService: filterNetworkStateForUid() uid: 10016 networkInfo: [type: WIFI[] - WIFI, state: CONNECTED/CONNECTED, reason: (unspecified), extra: "AsimovWasRight", failover: false, available: true, roaming: false, metered: false]
10-30 22:55:16.278  4077 27104 I Authzen : [DeviceStateSyncManager] The server is in sync with current state. Nothing to do
10-30 22:55:16.366 27008 27038 D UE4     : [2018.10.31-03.55.16:366][  0]LogAIModule: Creating AISystem for world MainGame
10-30 22:55:16.367 27008 27038 D UE4     : [2018.10.31-03.55.16:367][  0]LogLoad: Game class is 'MenuGameMode_C'
10-30 22:55:16.371 27008 27038 D UE4     : [2018.10.31-03.55.16:371][  0]LogWorld: Bringing World /Game/Maps/MainGame.MainGame up for play (max tick rate 0) at 2018.10.30-22.55.16
10-30 22:55:16.372 27008 27038 D UE4     : [2018.10.31-03.55.16:372][  0]LogWorld: Bringing up level for play took: 0.003303
10-30 22:55:16.373 27008 27038 D UE4     : LogOnline: Warning: FOnlineSubsystemGooglePlayModule was disabled
10-30 22:55:16.373 27008 27038 D UE4     : 
10-30 22:55:16.373 27008 27038 D UE4     : [2018.10.31-03.55.16:373][  0]LogOnline: Warning: FOnlineSubsystemGooglePlayModule was disabled
10-30 22:55:16.374 27008 27038 D UE4     : [2018.10.31-03.55.16:374][  0]LogGameMode: FindPlayerStart: PATHS NOT DEFINED or NO PLAYERSTART with positive rating
10-30 22:55:16.377 27008 27038 D UE4     : LogUMG: Display: Widget Class MainMenuWidget_C - Loaded Fast Template.
10-30 22:55:16.377 27008 27038 D UE4     : 
10-30 22:55:16.377 27008 27038 D UE4     : [2018.10.31-03.55.16:377][  0]LogUMG: Display: Widget Class MainMenuWidget_C - Loaded Fast Template.
10-30 22:55:16.385 27008 27038 D UE4     : [2018.10.31-03.55.16:385][  0]LogSlate: Took 0.000461 seconds to synchronously load lazily loaded font '../../../Engine/Content/Slate/Fonts/Roboto-Regular.ttf' (155K)
10-30 22:55:16.388 27008 27038 D UE4     : [2018.10.31-03.55.16:388][  0]LogLoad: Took 0.482284 seconds to LoadMap(/Game/Maps/MainGame)
10-30 22:55:16.389 27008 27038 D UE4     : [2018.10.31-03.55.16:389][  0]LogSlate: Took 0.000479 seconds to synchronously load lazily loaded font '../../../Engine/Content/EngineFonts/Faces/RobotoBold.ufont' (160K)
10-30 22:55:16.397 27008 27083 D UE4     : *** JavaEnvDestructor: 27083
10-30 22:55:16.399 27008 27081 D UE4     : AndroidEGL::ResetDisplay()
10-30 22:55:16.399 27008 27081 D UE4     : *** JavaEnvDestructor: 27081
10-30 22:55:16.407 27008 27038 D UE4     : [2018.10.31-03.55.16:407][  0]LogAndroid: Passed GEngineLoop.Init()
10-30 22:55:16.407 27008 27038 D UE4     : LogModuleManager: Warning: ModuleManager: Module 'FunctionalTesting' not found - its StaticallyLinkedModuleInitializers function is null.
10-30 22:55:16.407 27008 27038 D UE4     : 
10-30 22:55:16.407 27008 27038 D UE4     : [2018.10.31-03.55.16:407][  0]LogModuleManager: Warning: ModuleManager: Module 'FunctionalTesting' not found - its StaticallyLinkedModuleInitializers function is null.
10-30 22:55:16.410 27008 27038 D UE4     : LogAndroidEvents: Display: DequeueAppEvent : 9, 0
10-30 22:55:16.410 27008 27038 D UE4     : 
10-30 22:55:16.411 27008 27038 D UE4     : [2018.10.31-03.55.16:411][  0]LogAndroidEvents: Display: DequeueAppEvent : 9, 0
10-30 22:55:16.411 27008 27038 D UE4     : LogAndroidEvents: Display: DequeueAppEvent : 7, 0
10-30 22:55:16.411 27008 27038 D UE4     : 
10-30 22:55:16.411 27008 27038 D UE4     : [2018.10.31-03.55.16:411][  0]LogAndroidEvents: Display: DequeueAppEvent : 7, 0
10-30 22:55:16.411 27008 27038 D UE4     : LogAndroidEvents: Display: DequeueAppEvent : 0, 3359332360
10-30 22:55:16.411 27008 27038 D UE4     : 
10-30 22:55:16.411 27008 27038 D UE4     : [2018.10.31-03.55.16:411][  0]LogAndroidEvents: Display: DequeueAppEvent : 0, 3359332360
10-30 22:55:16.411 27008 27038 D UE4     : APP_EVENT_STATE_WINDOW_CREATED, 0, 0, 1
10-30 22:55:16.411 27008 27038 D UE4     : LogAndroidEvents: Display: ExecWindowCreated
10-30 22:55:16.411 27008 27038 D UE4     : 
10-30 22:55:16.411 27008 27038 D UE4     : [2018.10.31-03.55.16:411][  0]LogAndroidEvents: Display: ExecWindowCreated
10-30 22:55:16.411 27008 27038 D UE4     : AndroidEGL::ReInitWindow()
10-30 22:55:16.411 27008 27038 D UE4     : AndroidEGL::ReInit()
10-30 22:55:16.411 27008 27038 D UE4     : AndroidEGL::ResetDisplay()
10-30 22:55:16.411 27008 27038 D UE4     : AndroidEGL::InitSurface 0, 1
10-30 22:55:16.412 27008 27038 D UE4     : AndroidEGL::CreateEGLSurface() Already initialized: 0xbe719730
10-30 22:55:16.412 27008 27038 D UE4     : ExecWindowCreated, 0, 1, 1
10-30 22:55:16.412 27008 27038 D UE4     : [2018.10.31-03.55.16:412][  0]LogTemp: Android resume audio
10-30 22:55:16.413 27008 27038 D UE4     : Registering volume receiver
10-30 22:55:16.416  1417  1470 D AudioService: GetAppDevice, uid=10535
10-30 22:55:16.417  1417  1470 D AudioService: getStreamVolume 3 index 150
10-30 22:55:16.418 27008 27038 D UE4     : startVolumeReceiver: 15
10-30 22:55:16.418 27008 27038 D UE4     : nativeVolumeEvent(15)
10-30 22:55:16.418 27008 27038 D UE4     : Registering battery receiver
10-30 22:55:16.420 27008 27038 D UE4     : Registering headset receiver
10-30 22:55:16.422 27008 27040 D OpenGLRenderer: eglDestroySurface = 0xdcfea510
10-30 22:55:16.422 27008 27008 D ViewRootImpl@6d19ca8[GameActivity]: dispatchDetachedFromWindow
10-30 22:55:16.422 27008 27038 D UE4     : startHeadsetReceiver: 0
10-30 22:55:16.422 27008 27038 D UE4     : nativeHeadsetEvent(0)
10-30 22:55:16.422 27008 27008 D InputEventReceiver: channel 'dac9489 com.TeamNA.GiftGame/com.epicgames.ue4.GameActivity (client)' ~ Disposing input event receiver.
10-30 22:55:16.422 27008 27008 D InputEventReceiver: channel 'dac9489 com.TeamNA.GiftGame/com.epicgames.ue4.GameActivity (client)' ~NativeInputEventReceiver.
10-30 22:55:16.424  1417  1470 I WindowManager: Destroying surface Surface(name=com.TeamNA.GiftGame/com.epicgames.ue4.GameActivity) called by com.android.server.wm.WindowStateAnimator.destroySurface:2501 com.android.server.wm.WindowStateAnimator.destroySurfaceLocked:985 com.android.server.wm.WindowState.removeImmediately:2403 com.android.server.wm.WindowState.removeIfPossible:2611 com.android.server.wm.WindowState.removeIfPossible:2441 com.android.server.wm.WindowManagerService.removeWindow:2019 com.android.server.wm.Session.remove:237 android.view.IWindowSession$Stub.onTransact:242 
10-30 22:55:16.425   772   840 I SurfaceFlinger: id=12503 Removed com.TeamNA.GiftGame/com.epicgames.ue4.GameActivity#0 (2/4)
10-30 22:55:16.426   772   840 I SurfaceFlinger: id=12503 Removed com.TeamNA.GiftGame/com.epicgames.ue4.GameActivity#0 (-2/4)
10-30 22:55:16.429   772   772 I Layer   : id=12503 onRemoved com.TeamNA.GiftGame/com.epicgames.ue4.GameActivity#0 
10-30 22:55:16.433 27008 27008 D UE4     : Battery: status = 5, rawlevel = 100, scale = 100
10-30 22:55:16.433 27008 27008 D UE4     : nativeBatteryEvent(stat = 5, lvl = 100  temp = 26.50 C)
10-30 22:55:16.434   772   772 I SurfaceFlinger: Display 0 HWC layers:
10-30 22:55:16.434   772   772 I SurfaceFlinger:     type    |    handle    | flag |  format   |   source crop (l,t,r,b)    |         frame       | name 
10-30 22:55:16.434   772   772 I SurfaceFlinger: ------------+--------------+------+-----------+----------------------------+---------------------+------
10-30 22:55:16.434   772   772 I SurfaceFlinger:  SolidColor |              | 0002 |  Unknown  |   0.0    0.0   -1.0   -1.0 |    0    0 1080 1920 | Background for - SurfaceView - com.T[...]icgames.ue4.GameActivity@2b5d69b@0#0
10-30 22:55:16.434   772   772 I SurfaceFlinger:      Device | 0x7dd9432580 | 0000 | RGBA_8888 |   0.0    0.0 1080.0 1920.0 |    0    0 1080 1920 | com.TeamNA.GiftGame/com.epicgames.ue4.GameActivity#1
10-30 22:55:16.434   772   772 I SurfaceFlinger: 
10-30 22:55:16.436 27008 27008 D UE4     : headsetReceiver::onReceive
10-30 22:55:16.437 27008 27008 D UE4     : nativeHeadsetEvent(0)
10-30 22:55:16.458 27008 27089 D UE4     : *** JavaEnvDestructor: 27089
10-30 22:55:16.556 27008 27087 D UE4     : *** JavaEnvDestructor: 27087
10-30 22:55:16.558 27008 27088 D UE4     : *** JavaEnvDestructor: 27088
10-30 22:55:16.560 27008 27086 D UE4     : *** JavaEnvDestructor: 27086
10-30 22:55:16.664 27008 27038 D UE4     : [2018.10.31-03.55.16:664][  0]LogRenderer: Reallocating scene render targets to support 1280x720 Format 2 NumSamples 1 (Frame:1).
10-30 22:55:16.665 27008 27038 D UE4     : [2018.10.31-03.55.16:665][  0]LogUdpMessaging: Initializing bridge on interface 0.0.0.0:0 to multicast group 230.0.0.1:6666.
10-30 22:55:16.839  1146  1555 D DnsProxyListener: DNSDBG::dns addrinfo af 2
10-30 22:55:16.915  2749  2749 E adbd    : recv: OPEN 000085df 00000000 0009:74 63 70 3A 36 36 36 36 00 
10-30 22:55:16.915  2749  2749 E adbd    : service_to_fd: tcp:6666
10-30 22:55:16.918  1146  1555 D DnsProxyListener: DNSDBG::dns addrinfo af 2
10-30 22:55:16.926 27008 27085 D UE4     : *** JavaEnvDestructor: 27085
10-30 22:55:16.993  1146  1555 D DnsProxyListener: DNSDBG::dns addrinfo af 2
10-30 22:55:17.029 27008 27038 D UE4     : [2018.10.31-03.55.17:029][  0]LogTcpMessaging: Initializing TcpMessaging bridge, listening on 127.0.0.1:6666
10-30 22:55:17.045 27008 27038 D UE4     : Execution has been resumed!
10-30 22:55:17.045 27008 27038 D UE4     : LogAndroidEvents: Display: DequeueAppEvent : 6, 0
10-30 22:55:17.045 27008 27038 D UE4     : 
10-30 22:55:17.046 27008 27038 D UE4     : [2018.10.31-03.55.17:046][  0]LogAndroidEvents: Display: DequeueAppEvent : 6, 0
10-30 22:55:17.093 27008 27114 D UE4     : *** JavaEnvDestructor: 27114
10-30 22:55:17.105  1042  1457 V APM_AudioPolicyManager: getAudioPolicyConfig: audioParam;outDevice
10-30 22:55:17.107  1042  1457 V APM_AudioPolicyManager: getNewOutputDevice() selected device 0
10-30 22:55:17.107  1042  1457 V APM_AudioPolicyManager: ### curdevice : 2
10-30 22:55:17.108  1042  1457 V APM_AudioPolicyManager: getAudioPolicyConfig: audioParam;outDevice
10-30 22:55:17.108  1042  1457 V APM_AudioPolicyManager: getNewOutputDevice() selected device 0
10-30 22:55:17.109  1042  1457 V APM_AudioPolicyManager: ### curdevice : 2
10-30 22:55:17.110  1042  1457 V APM_AudioPolicyManager: getAudioPolicyConfig: audioParam;outDevice
10-30 22:55:17.110  1042  1457 V APM_AudioPolicyManager: getNewOutputDevice() selected device 0
10-30 22:55:17.111  1042  1457 V APM_AudioPolicyManager: ### curdevice : 2
10-30 22:55:17.129  1042  1457 V APM_AudioPolicyManager: getAudioPolicyConfig: audioParam;activeStream
10-30 22:55:17.129  1042  1457 V APM_AudioPolicyManager: ### active stream : 0
10-30 22:55:17.131  1417  7866 D AudioService: active stream is 0x0
10-30 22:55:17.348  2749  2749 E adbd    : recv: OPEN 000085e3 00000000 000c:73 68 65 6C 6C 2C 76 32 3A 70 73 00 
10-30 22:55:17.348  2749  2749 E adbd    : service_to_fd: shell,v2:ps
10-30 22:55:17.386 27121 27121 E propClient: PropClient failed to load
10-30 22:55:17.400 27121 27121 E propClient: PropClient failed to load
10-30 22:55:17.488  1417  2448 D SamsungAlarmManager: Expired : 4
10-30 22:55:17.489  1417  2448 I SamsungAlarmManager: setLocked to kernel - T:2 / 20181030T225600, SetElapsed=870108986, nowELAPSED=870066474
10-30 22:55:17.489  1417  2448 I SamsungAlarmManager: setLocked to kernel - T:3 / 20181030T225518, SetElapsed=870067839, nowELAPSED=870066474
10-30 22:55:17.496  1417  2448 V SamsungAlarmManager: Sending to uid : 10209 action=null alarm=Alarm{782ee8f type 2 when 870066474 com.verizon.mips.services}
10-30 22:55:17.528  1417  6647 D SamsungAlarmManager: setExact Intent (T:2/F:1/AC:false) 20181030T230517 - CU:10209/CP:25630
10-30 22:55:17.547 27008 27084 D UE4     : *** JavaEnvDestructor: 27084
10-30 22:55:17.684 27008 27112 D UE4     : *** JavaEnvDestructor: 27112
10-30 22:55:17.687 27008 27113 D UE4     : *** JavaEnvDestructor: 27113
10-30 22:55:17.690 27008 27111 D UE4     : *** JavaEnvDestructor: 27111
10-30 22:55:18.033 27008 27119 D UE4     : *** JavaEnvDestructor: 27119
10-30 22:55:18.036 27008 27120 D UE4     : *** JavaEnvDestructor: 27120
10-30 22:55:18.139 27008 27038 D UE4     : Unregistering volume receiver
10-30 22:55:18.146 27008 27038 D UE4     : Unregistering battery receiver
10-30 22:55:18.152 27008 27038 D UE4     : Unregistering headset receiver
10-30 22:55:18.159 27008 27110 D UE4     : *** JavaEnvDestructor: 27110
10-30 22:55:18.160  1417  7866 D GameManagerService: identifyGamePackage. com.TeamNA.GiftGame
10-30 22:55:18.165  1417  7866 D GamePkgDataHelper: getGamePkgData(). com.TeamNA.GiftGame
10-30 22:55:18.170 27008 27109 D UE4     : AndroidEGL::ResetDisplay()
10-30 22:55:18.172 27008 27109 D UE4     : *** JavaEnvDestructor: 27109
10-30 22:55:18.178 27008 27038 D UE4     : [2018.10.31-03.55.18:178][  0]LogTemp: Android pause audio
10-30 22:55:18.184 27008 27038 D UE4     : Execution has been paused...
10-30 22:55:18.184 27008 27038 D UE4     : LogAndroidEvents: Display: DequeueAppEvent : 11, 0
10-30 22:55:18.184 27008 27038 D UE4     : 
10-30 22:55:18.185 27008 27038 D UE4     : [2018.10.31-03.55.18:185][  0]LogAndroidEvents: Display: DequeueAppEvent : 11, 0
10-30 22:55:18.185 27008 27038 D UE4     : LogAndroidEvents: Display: DequeueAppEvent : 10, 0
10-30 22:55:18.185 27008 27038 D UE4     : 
10-30 22:55:18.185 27008 27038 D UE4     : [2018.10.31-03.55.18:185][  0]LogAndroidEvents: Display: DequeueAppEvent : 10, 0
10-30 22:55:18.186 27008 27038 D UE4     : LogAndroidEvents: Display: DequeueAppEvent : 11, 0
10-30 22:55:18.186 27008 27038 D UE4     : 
10-30 22:55:18.186 27008 27038 D UE4     : [2018.10.31-03.55.18:186][  0]LogAndroidEvents: Display: DequeueAppEvent : 11, 0
10-30 22:55:18.186 27008 27038 D UE4     : LogAndroidEvents: Display: DequeueAppEvent : 7, 0
10-30 22:55:18.186 27008 27038 D UE4     : 
10-30 22:55:18.186 27008 27038 D UE4     : [2018.10.31-03.55.18:186][  0]LogAndroidEvents: Display: DequeueAppEvent : 7, 0
10-30 22:55:18.220 27008 27038 D UE4     : [2018.10.31-03.55.18:220][  0]LogTemp: Android resume audio
10-30 22:55:18.225 27008 27038 D UE4     : Registering volume receiver
10-30 22:55:18.229  1417  1470 D AudioService: GetAppDevice, uid=10535
10-30 22:55:18.230  1417  1470 D AudioService: getStreamVolume 3 index 150
10-30 22:55:18.230 27008 27038 D UE4     : startVolumeReceiver: 15
10-30 22:55:18.231 27008 27038 D UE4     : nativeVolumeEvent(15)
10-30 22:55:18.231 27008 27038 D UE4     : Registering battery receiver
10-30 22:55:18.234 27008 27038 D UE4     : Registering headset receiver
10-30 22:55:18.237 27008 27038 D UE4     : startHeadsetReceiver: 0
10-30 22:55:18.237 27008 27008 D UE4     : headsetReceiver::onReceive
10-30 22:55:18.237 27008 27038 D UE4     : nativeHeadsetEvent(0)
10-30 22:55:18.237 27008 27008 D UE4     : nativeHeadsetEvent(0)
10-30 22:55:18.237 27008 27038 D UE4     : [2018.10.31-03.55.18:237][  0]LogUdpMessaging: Initializing bridge on interface 0.0.0.0:0 to multicast group 230.0.0.1:6666.
10-30 22:55:18.246 27008 27038 D UE4     : [2018.10.31-03.55.18:245][  0]LogTcpMessaging: Initializing TcpMessaging bridge, listening on 127.0.0.1:6666
10-30 22:55:18.248 27008 27038 D UE4     : Execution has been resumed!
10-30 22:55:18.294 27008 27100 D         : PlayerBase::PlayerBase()
10-30 22:55:18.296 27008 27100 D         : TrackPlayerBase::TrackPlayerBase()
10-30 22:55:18.296 27008 27100 I libOpenSLES: Emulating old channel mask behavior (ignoring positional mask 0x3, using default mask 0x3 based on channel count of 2)
10-30 22:55:18.300  1042  1457 V APM_AudioPolicyManager: getOutputForAttr() usage=1, content=2, tag= flags=00000000 session 51409 selectedDeviceId 0
10-30 22:55:18.301  1042  1457 D APM::SoundKitchen: getDevice, uid = 10535, device = 0
10-30 22:55:18.301  1042  1457 V APM_AudioPolicyManager: getOutputForAttr() device 0x2, samplingRate 44100, format 1, channelMask 3, flags 104
10-30 22:55:18.301  1042  1457 V APM_AudioPolicyManager: selectOutput() commonFlags for output 13, 0000
10-30 22:55:18.301  1042  1457 V APM_AudioPolicyManager: selectOutput() commonFlags for output 21, 0001
10-30 22:55:18.301  1042  1457 V APM_AudioPolicyManager: selectOutput() commonFlags for output 29, 0002
10-30 22:55:18.301  1042  1457 V APM_AudioPolicyManager:   getOutputForDevice() returns output 29
10-30 22:55:18.302 27008 27100 W AudioTrack: AUDIO_OUTPUT_FLAG_FAST denied by client; transfer 1, track 44100 Hz, output 48000 Hz
10-30 22:55:18.305  1042  1457 I AudioFlinger: add dynamic flag, can move to deep thread, session 51409
10-30 22:55:18.309 27008 27100 D AudioTrack: Client defaulted notificationFrames to 882 for frameCount 3544
10-30 22:55:18.315 27008 27100 I AudioTrack: updateAudioTranstionLength FadeIn[0] FadeOut[0] FadeInRing[0]
10-30 22:55:18.315  1042 23894 W AudioPolicyIntefaceImpl: Skipped to add effects on session 51409
10-30 22:55:18.315  1042 23894 V APM_AudioPolicyManager: startOutput() output 29, stream 3, session 51409
10-30 22:55:18.315  1042 23894 D APM::SoundKitchen: getDevice, uid = 10535, device = 0
10-30 22:55:18.315  1042 23894 D APM_AudioPolicyManager: newDevice=0
10-30 22:55:18.315  1042 23894 V APM_AudioPolicyManager: setBeaconMute(1) mBeaconMuteRefCount=1 mBeaconPlayingRefCount=0
10-30 22:55:18.315  1042 23894 V APM_AudioPolicyManager: selectOutputForMusicEffects activeOnly 1 outputs[2] flags 0x00000104
10-30 22:55:18.315  1042 23894 V APM_AudioPolicyManager: selectOutputForMusicEffects selected output 13
10-30 22:55:18.315  1042 23894 V APM_AudioPolicyManager: getNewOutputDevice() selected device 2
10-30 22:55:18.315  1042 23894 V APM_AudioPolicyManager: setOutputDevice() device 0002 delayMs 0
10-30 22:55:18.316  1042 23894 V APM_AudioPolicyManager: setOutputDevice() prevDevice 0x0002
10-30 22:55:18.316  1042 23894 V APM_AudioPolicyManager: setOutputDevice() setting same device 0x0002 or null device
10-30 22:55:18.316  1042 23894 I AudioEffectStage: getStageIndex low_output_sub1_normal
10-30 22:55:18.316  1042 23894 I AudioFlinger: updateStageIndex prev 0, new -2902
10-30 22:55:18.316  1417  1470 D AudioPlaybackMonitor: Found a new active media playback. ID:42599 -- type:OpenSL ES AudioPlayer (Buffer Queue) -- u/pid:10535/27008 -- state:started -- attr:AudioAttributes: usage=1 content=0 flags=0x0 tags= bundle=null
10-30 22:55:18.316  1042 23894 I AudioEffectStage: getSinkBuffer low_output_sub1_normal
10-30 22:55:18.316  1417  1470 D MediaSessionStack: updateMediaButtonSessionIfNeeded, callers=com.android.server.media.MediaSessionService$1.onAudioPlaybackStarted:189 com.android.server.media.AudioPlaybackMonitor.dispatchPlaybackConfigChange:127 
10-30 22:55:18.318   714  7602 D audio_hw_primary: start_output_stream: enter: stream(0xe9ae1000)usecase(12: audio-ull-playback) devices(0x2)
10-30 22:55:18.318   714  7602 D audio_hw_primary: select_devices for use case (audio-ull-playback)
10-30 22:55:18.318   714  7602 V msm8974_platform: platform_get_output_snd_device: enter: output devices(0x2)
10-30 22:55:18.318   714  7602 V msm8974_platform: platform_get_output_snd_device: exit: snd_device(speaker)
10-30 22:55:18.318   714  7602 D audio_hw_primary: select_devices: out_snd_device(2: speaker) in_snd_device(0: )
10-30 22:55:18.318   714  7602 V msm8974_platform: platform_get_backend_index:napb: backend port - 0 device - 2 
10-30 22:55:18.318   714  7602 I msm8974_platform: platform_check_and_set_codec_backend_cfg:becf: afe: bitwidth 16, samplerate 48000 channels 2, backend_idx 0 usecase = 12 device (speaker)
10-30 22:55:18.318   714  7602 D msm8974_platform: platform_split_snd_device: snd_device(2) num devices(1) new_snd_devices(0)
10-30 22:55:18.318   714  7602 I msm8974_platform: platform_check_and_set_codec_backend_cfg: new_snd_devices[0] is 2
10-30 22:55:18.318   714  7602 V msm8974_platform: platform_get_native_support:napb: ui Prop enabled(0) version(4)
10-30 22:55:18.318   714  7602 V msm8974_platform: platform_get_backend_index:napb: backend port - 0 device - 2 
10-30 22:55:18.318   714  7602 I msm8974_platform: platform_check_codec_backend_cfg:becf: afe: bitwidth 16, samplerate 48000 channels 2, backend_idx 0 usecase = 12 device (speaker)
10-30 22:55:18.318   714  7602 V msm8974_platform: platform_check_backends_match: snd_device1 = speaker, snd_device2 = speaker
10-30 22:55:18.318   714  7602 V msm8974_platform: platform_check_backends_match: be_itf1 = SLIMBUS_0_RX, be_itf2 = SLIMBUS_0_RX, match 1
10-30 22:55:18.318   714  7602 D msm8974_platform: platform_check_codec_backend_cfg:becf: afe: playback on codec device not supporting native playback set default Sample Rate(48k)
10-30 22:55:18.318   714  7602 I msm8974_platform: platform_check_codec_backend_cfg:becf: afe: Codec selected backend: 0 updated bit width: 16 and sample rate: 48000
10-30 22:55:18.318   714  7602 D audio_hw_primary: check_usecases_codec_backend:becf: force routing 0
10-30 22:55:18.318   714  7602 V msm8974_platform: platform_check_backends_match: snd_device1 = speaker, snd_device2 = 
10-30 22:55:18.318   714  7602 E msm8974_platform: platform_check_backends_match: Invalid snd_device = 
10-30 22:55:18.319   714  7602 D audio_hw_primary: check_usecases_codec_backend:becf: (63) check_usecases curr device: speaker, usecase device: backends match 0
10-30 22:55:18.319   714  7602 D audio_hw_primary: check_usecases_codec_backend:becf: check_usecases num.of Usecases to switch 0
10-30 22:55:18.319   714  7602 D hardware_info: hw_info_append_hw_type : device_name = speaker
10-30 22:55:18.319   714  7602 D audio_hw_primary: enable_snd_device: snd_device(2: speaker)
10-30 22:55:18.319   714  7602 D audio_hw_utils: audio_extn_utils_send_app_type_cfg: usecase->out_snd_device speaker
10-30 22:55:18.319   714  7602 D msm8974_platform: platform_split_snd_device: snd_device(2) num devices(0) new_snd_devices(0)
10-30 22:55:18.319   714  7602 I audio_hw_utils: ULL doesnt need sending app type cfg, returning
10-30 22:55:18.319   714  7602 D msm8974_platform: platform_split_snd_device: snd_device(2) num devices(1) new_snd_devices(0)
10-30 22:55:18.319   714  7602 V msm8974_platform: platform_send_audio_calibration: sending audio calibration for snd_device(2) acdb_id(15)
10-30 22:55:18.319   714  7602 D ACDB-LOADER: ACDB -> send_audio_cal, acdb_id = 15, path = 0, app id = 0x11131, sample rate = 48000
10-30 22:55:18.319   714  7602 D ACDB-LOADER: ACDB -> send_asm_topology
10-30 22:55:18.319   714  7602 D ACDB-LOADER: ACDB -> ACDB_CMD_GET_AUDPROC_STREAM_TOPOLOGY_ID
10-30 22:55:18.319   714  7602 D ACDB-LOADER: ACDB -> send_adm_topology
10-30 22:55:18.319   714  7602 D ACDB-LOADER: ACDB -> ACDB_CMD_GET_AUDPROC_COMMON_TOPOLOGY_ID
10-30 22:55:18.319   714  7602 D ACDB-LOADER: ACDB -> send_audtable
10-30 22:55:18.319   714  7602 D ACDB-LOADER: ACDB -> ACDB_CMD_GET_AUDPROC_COMMON_TABLE_SIZE
10-30 22:55:18.319   714  7602 D ACDB-LOADER: ACDB -> ACDB_CMD_GET_AUDPROC_COMMON_TABLE
10-30 22:55:18.319   714  7602 D ACDB-LOADER: ACDB -> AUDIO_SET_AUDPROC_CAL
10-30 22:55:18.319   714  7602 D ACDB-LOADER: ACDB -> send_audvoltable
10-30 22:55:18.319   714  7602 D ACDB-LOADER: ACDB -> ACDB_CMD_GET_AUDPROC_VOL_STEP_TABLE_SIZE
10-30 22:55:18.319   714  7602 D ACDB-LOADER: ACDB -> ACDB_CMD_GET_AUDPROC_GAIN_DEP_STEP_TABLE, vol index 0
10-30 22:55:18.319   714  7602 D ACDB-LOADER: ACDB -> AUDIO_SET_VOL_CAL cal type = 12
10-30 22:55:18.319   714  7602 D ACDB-LOADER: ACDB -> ACDB_CMD_GET_AUDPROC_STREAM_TABLE_SIZE
10-30 22:55:18.319   714  7602 D ACDB-LOADER: ACDB -> send_audstrmtable
10-30 22:55:18.319   714  7602 D ACDB-LOADER: ACDB -> ACDB_CMD_GET_AUDPROC_STREAM_TABLE_V2
10-30 22:55:18.319   714  7602 D ACDB-LOADER: ACDB -> audstrm_cal->cal_type.cal_data.cal_size = 4160
10-30 22:55:18.319   714  7602 D ACDB-LOADER: ACDB -> send_afe_topology
10-30 22:55:18.319   714  7602 D ACDB-LOADER: ACDB -> ACDB_CMD_GET_AFE_TOPOLOGY_ID
10-30 22:55:18.319   714  7602 D ACDB-LOADER: ACDB -> GET_AFE_TOPOLOGY_ID for adcd_id 15, Topology Id 10001061
10-30 22:55:18.319   714  7602 D ACDB-LOADER: ACDB -> send_afe_cal
10-30 22:55:18.319   714  7602 D ACDB-LOADER: ACDB -> ACDB_CMD_GET_AFE_COMMON_TABLE_SIZE
10-30 22:55:18.320   714  7602 D ACDB-LOADER: ACDB -> ACDB_CMD_GET_AFE_COMMON_TABLE
10-30 22:55:18.320   714  7602 D ACDB-LOADER: ACDB -> AUDIO_SET_AFE_CAL
10-30 22:55:18.320   714  7602 D ACDB-LOADER: ACDB -> send_hw_delay : acdb_id = 15 path = 0
10-30 22:55:18.320   714  7602 D ACDB-LOADER: ACDB -> ACDB_AVSYNC_INFO: ACDB_CMD_GET_DEVICE_PROPERTY
10-30 22:55:18.320   714  7602 D audio_hw_primary: enable_audio_route: apply mixer and update path: audio-ull-playback speaker
10-30 22:55:18.320   714  7602 D audio_route: Setting mixer control: PRI_MI2S_RX Audio Mixer MultiMedia3, value: 1
10-30 22:55:18.321   714  7602 V audio_hw_sec: [MAXIM] sec_dsm_spkr_prot_control_tx_topology() enable:1, dsm_is_enabled:0
10-30 22:55:18.321   714  7602 D hardware_info: hw_info_append_hw_type : device_name = vi-feedback
10-30 22:55:18.322   714  7602 D audio_hw_primary: enable_snd_device: snd_device(389: vi-feedback)
10-30 22:55:18.322   714  7602 D audio_hw_utils: audio_extn_utils_send_app_type_cfg: usecase->in_snd_device vi-feedback
10-30 22:55:18.322   714  7602 D msm8974_platform: platform_split_snd_device: snd_device(389) num devices(0) new_snd_devices(0)
10-30 22:55:18.322   714  7602 V msm8974_platform: platform_get_snd_device_backend_index: enter with device 389
10-30 22:55:18.322   714  7602 E msm8974_platform: platform_get_snd_device_backend_index: BE DAI Name Table is not present
10-30 22:55:18.322   714  7602 E audio_hw_utils: send_app_type_cfg_for_device: Couldn't get the backend index for snd device vi-feedback ret=-14
10-30 22:55:18.322   714  7602 I audio_hw_utils: send_app_type_cfg_for_device default app_type 69936, acdb_dev_id 102, sample_rate 48000, snd_device_be_idx -14
10-30 22:55:18.322   714  7602 E voice   : voice_is_in_call_rec_stream: input stream is NULL
10-30 22:55:18.323   714  7602 D msm8974_platform: platform_split_snd_device: snd_device(389) num devices(1) new_snd_devices(0)
10-30 22:55:18.323   714  7602 V msm8974_platform: platform_send_audio_calibration: sending audio calibration for snd_device(389) acdb_id(102)
10-30 22:55:18.323   714  7602 D ACDB-LOADER: ACDB -> send_audio_cal, acdb_id = 102, path = 1, app id = 0x11130, sample rate = 48000
10-30 22:55:18.323   714  7602 D ACDB-LOADER: ACDB -> send_asm_topology
10-30 22:55:18.323   714  7602 D ACDB-LOADER: ACDB -> ACDB_CMD_GET_AUDPROC_STREAM_TOPOLOGY_ID
10-30 22:55:18.323   714  7602 D ACDB-LOADER: ACDB -> send_adm_topology
10-30 22:55:18.323   714  7602 D ACDB-LOADER: ACDB -> ACDB_CMD_GET_AUDPROC_COMMON_TOPOLOGY_ID
10-30 22:55:18.323   714  7602 D ACDB-LOADER: ACDB -> send_audtable
10-30 22:55:18.323   714  7602 D ACDB-LOADER: ACDB -> ACDB_CMD_GET_AUDPROC_COMMON_TABLE_SIZE
10-30 22:55:18.323   714  7602 D ACDB-LOADER: ACDB -> ACDB_CMD_GET_AUDPROC_COMMON_TABLE
10-30 22:55:18.323   714  7602 D ACDB-LOADER: ACDB -> AUDIO_SET_AUDPROC_CAL
10-30 22:55:18.323   714  7602 D ACDB-LOADER: ACDB -> send_audvoltable
10-30 22:55:18.323   714  7602 D ACDB-LOADER: ACDB -> ACDB_CMD_GET_AUDPROC_VOL_STEP_TABLE_SIZE
10-30 22:55:18.323   714  7602 D ACDB-LOADER: ACDB -> ACDB_CMD_GET_AUDPROC_GAIN_DEP_STEP_TABLE, vol index 0
10-30 22:55:18.323   714  7602 D         : Failed to fetch the lookup information of the device 00000066 
10-30 22:55:18.323   714  7602 E ACDB-LOADER: Error: ACDB AudProc vol returned = -19
10-30 22:55:18.323   714  7602 D ACDB-LOADER: ACDB -> AUDIO_SET_VOL_CAL cal type = 12
10-30 22:55:18.323   714  7602 D ACDB-LOADER: ACDB -> ACDB_CMD_GET_AUDPROC_STREAM_TABLE_SIZE
10-30 22:55:18.323   714  7602 D ACDB-LOADER: ACDB -> send_audstrmtable
10-30 22:55:18.323   714  7602 D ACDB-LOADER: ACDB -> ACDB_CMD_GET_AUDPROC_STREAM_TABLE_V2
10-30 22:55:18.323   714  7602 D ACDB-LOADER: ACDB -> audstrm_cal->cal_type.cal_data.cal_size = 4160
10-30 22:55:18.323   714  7602 D ACDB-LOADER: ACDB -> send_afe_topology
10-30 22:55:18.323   714  7602 D ACDB-LOADER: ACDB -> ACDB_CMD_GET_AFE_TOPOLOGY_ID
10-30 22:55:18.323   714  7602 D ACDB-LOADER: ACDB -> GET_AFE_TOPOLOGY_ID for adcd_id 102, Topology Id 10001060
10-30 22:55:18.323   714  7602 D ACDB-LOADER: ACDB -> send_afe_cal
10-30 22:55:18.323   714  7602 D ACDB-LOADER: ACDB -> ACDB_CMD_GET_AFE_COMMON_TABLE_SIZE
10-30 22:55:18.324   714  7602 D ACDB-LOADER: ACDB -> ACDB_CMD_GET_AFE_COMMON_TABLE
10-30 22:55:18.324   714  7602 D ACDB-LOADER: ACDB -> AUDIO_SET_AFE_CAL
10-30 22:55:18.324   714  7602 D ACDB-LOADER: ACDB -> send_hw_delay : acdb_id = 102 path = 1
10-30 22:55:18.324   714  7602 D ACDB-LOADER: ACDB -> ACDB_AVSYNC_INFO: ACDB_CMD_GET_DEVICE_PROPERTY
10-30 22:55:18.324   714  7602 D audio_hw_primary: enable_audio_route: apply mixer and update path: spkr-vi-feedback
10-30 22:55:18.324   714  7602 D audio_route: Setting mixer control: MultiMedia2 Mixer PRI_MI2S_TX, value: 1
10-30 22:55:18.331 26422 26422 D SADVFSHelper: Either heavy-duty effect is Off or Music playback is not active
10-30 22:55:18.342  1146  1562 D CommandListener: bwctrlcmd: argc=3 bandwidth addniceapps ...
10-30 22:55:18.342  1146  1562 E IptablesRestoreController: [iptables debug]iptables-restore execute *filter
10-30 22:55:18.342  1146  1562 E IptablesRestoreController: -I bw_happy_box -m owner --uid-owner 10061 --jump RETURN
10-30 22:55:18.342  1146  1562 E IptablesRestoreController: COMMIT
10-30 22:55:18.350  1146  1562 E IptablesRestoreController: [iptables debug]iptables-restore execute done *filter
10-30 22:55:18.350  1146  1562 E IptablesRestoreController: -I bw_happy_box -m owner --uid-owner 10061 --jump RETURN
10-30 22:55:18.350  1146  1562 E IptablesRestoreController: COMMIT
10-30 22:55:18.350  1146  1562 E IptablesRestoreController: , res : 0
10-30 22:55:18.352  1146  1562 D CommandListener: bwctrlcmd: argc=3 bandwidth removeniceapps ...
10-30 22:55:18.352  1146  1562 E IptablesRestoreController: [iptables debug]iptables-restore execute *filter
10-30 22:55:18.352  1146  1562 E IptablesRestoreController: -D bw_happy_box -m owner --uid-owner 10061 --jump RETURN
10-30 22:55:18.352  1146  1562 E IptablesRestoreController: COMMIT
10-30 22:55:18.360   714  7602 V audio_hw_sec: [MAXIM] sec_dsm_spkr_prot_control_tx_topology() dsm enabled (c:0 d:1 m:0)
10-30 22:55:18.360   714  7602 D audio_hw_primary: select_devices: done
10-30 22:55:18.360  1146  1562 E IptablesRestoreController: [iptables debug]iptables-restore execute done *filter
10-30 22:55:18.360  1146  1562 E IptablesRestoreController: -D bw_happy_box -m owner --uid-owner 10061 --jump RETURN
10-30 22:55:18.360  1146  1562 E IptablesRestoreController: COMMIT
10-30 22:55:18.360  1146  1562 E IptablesRestoreController: , res : 0
10-30 22:55:18.376   714  7602 V msm8974_platform: platform_set_channel_map channel_count:2
10-30 22:55:18.376   714  7602 D msm8974_platform: platform_set_channel_map mixer_ctl_name:Playback Channel Map4
10-30 22:55:18.376   714  7602 D msm8974_platform: platform_set_channel_map: set mapping(1 2 0 0 0 0 0 0) for channel:2
10-30 22:55:18.378   733   760 E ANDR-PERF-MPCTL: Invalid profile no. 0, total profiles 0 only
10-30 22:55:18.378   714  7602 D audio_hw_primary: start_output_stream: exit
10-30 22:55:18.405  1042  2087 I AudioMixer: create resampler src 44100, 2, dst 48000, 2, q 8
10-30 22:55:18.405  1042  2087 D SoundAliveResampler: [SoundAliveResampler] Init+++
10-30 22:55:18.444 27008 27038 D UE4     : [2018.10.31-03.55.18:444][  0]LogRHI: AndroidEGL:SwapBuffers Min=0, Max=1, Request=1, SetDriver=1
10-30 22:55:18.446 27008 27038 D UE4     : [2018.10.31-03.55.18:446][  0]LogSlate: Slate font cache was flushed
10-30 22:55:18.451   772   772 I SurfaceFlinger: Display 0 HWC layers:
10-30 22:55:18.451   772   772 I SurfaceFlinger:     type    |    handle    | flag |  format   |   source crop (l,t,r,b)    |         frame       | name 
10-30 22:55:18.451   772   772 I SurfaceFlinger: ------------+--------------+------+-----------+----------------------------+---------------------+------
10-30 22:55:18.451   772   772 I SurfaceFlinger:      Device | 0x7dd9432280 | 0002 | RGBx_8888 |   0.0    0.0  720.0 1280.0 |    0    0 1080 1920 | SurfaceView - com.TeamNA.GiftGame/com.epicgames.ue4.GameActivity@2b5d69b@0#0
10-30 22:55:18.451   772   772 I SurfaceFlinger:      Device | 0x7dd9432580 | 0000 | RGBA_8888 |   0.0    0.0 1080.0 1920.0 |    0    0 1080 1920 | com.TeamNA.GiftGame/com.epicgames.ue4.GameActivity#1
10-30 22:55:18.451   772   772 I SurfaceFlinger: 
10-30 22:55:18.461 27008 27038 D UE4     : [2018.10.31-03.55.18:461][  1]LogSlate: Took 0.000662 seconds to synchronously load lazily loaded font '../../../Engine/Content/Slate/Fonts/Roboto-Regular.ttf' (155K)
10-30 22:55:18.477  3651  3651 D io_stats: !@   8,0 r 8479425 331021536 w 3294852 64915708 d 251187 28428908 f 1555177 1555437 iot 6360980 3889294 th 51200 0 0 pt 0 inp 0 0 296827.975
10-30 22:55:18.654  2749  2749 E adbd    : recv: OPEN 000085e7 00000000 000c:73 68 65 6C 6C 2C 76 32 3A 70 73 00 
10-30 22:55:18.654  2749  2749 E adbd    : service_to_fd: shell,v2:ps
10-30 22:55:18.672 27136 27136 E propClient: PropClient failed to load
10-30 22:55:18.690 27136 27136 E propClient: PropClient failed to load
10-30 22:55:18.853  1417  2448 D SamsungAlarmManager: Expired : 8
10-30 22:55:18.853  1417  2448 I SamsungAlarmManager: setLocked to kernel - T:3 / 20181030T225600, SetElapsed=870108986, nowELAPSED=870067839
10-30 22:55:18.854  1417  2448 V SamsungAlarmManager: Sending to uid : 10068 action=null alarm=Alarm{7294b52 type 3 when 870067839 com.asurion.android.verizon.vms}
10-30 22:55:18.863  1417  5327 D SamsungAlarmManager: setExact Intent (T:3/F:5/AC:false) 20181030T225523 - CU:10068/CP:4257
10-30 22:55:18.863  1417  5327 I SamsungAlarmManager: setLocked to kernel - T:3 / 20181030T225523, SetElapsed=870072846, nowELAPSED=870067848
10-30 22:55:18.930  2749  2749 E adbd    : recv: OPEN 000085e8 00000000 0009:74 63 70 3A 36 36 36 36 00 
10-30 22:55:18.930  2749  2749 E adbd    : service_to_fd: tcp:6666
10-30 22:55:18.932  1146  1555 D DnsProxyListener: DNSDBG::dns addrinfo af 2
10-30 22:55:19.078  1417  7866 D SSRM:n  : SIOP:: AP = 330, PST = 270 (W:6), BAT = 265, CHG = 284
10-30 22:55:19.333 26422 26422 D SADVFSHelper: Either heavy-duty effect is Off or Music playback is not active
10-30 22:55:19.357  1417  1417 D TelephonyManager: getCellLocation : Caller (PID / UID / TID): 1417 / 1000 / 1417
10-30 22:55:19.368  2781  2932 D NetworkController.MobileSignalController(0/1): onSignalStrengthsChanged signalStrength=SignalStrength: 99 99 -120 -160 -120 -1 -1 22 -99 -11 94 2147483647 0 2147483647 0x3000 P gsm|lte level=3
10-30 22:55:19.368  2781  2932 D NetworkController.MobileSignalController(0/1): getMobileIconGroup(): 13
10-30 22:55:19.368  2781  2932 D NetworkController.MobileSignalController(0/1): updateVZWMobileIconGroup(): 13
10-30 22:55:19.387  3127  3272 D EPDG -- SIM0 [SMARTWIFI]: onSignalStrengthsChanged: Received signal strength change, phone type is: 2
10-30 22:55:19.388  3127  5716 D EPDG -- SIM0 [SMARTWIFI]: lastLteRSRP is -97currentLteRSRP is -99
10-30 22:55:19.388  3127  5716 D EPDG -- SIM0 [SMARTWIFI]: lastLteRSRQ is -10currentLteRSRQ is -11
10-30 22:55:19.388  3127  5716 D EPDG -- SIM0 [SMARTWIFI]: lastCdmaDb is -16currentCdmaDb is -16
10-30 22:55:19.389  3127  5716 V EPDG -- SIM0 [SMARTWIFI]: Radio oldest entry removed
10-30 22:55:19.389  3127  5716 V EPDG -- SIM0 [SMARTWIFI]: New entry : (SignalStrength: 99 99 -120 -160 -120 -1 -1 22 -99 -11 94 2147483647 0 2147483647 0x3000 P gsm|lte : 0 )
10-30 22:55:19.389  3127  5716 V EPDG -- SIM0 [SMARTWIFI]: Radio entry added
10-30 22:55:19.394  2781  2932 D NetworkController.MobileSignalController(0/1): callState:0, callStateByPhone:false voLTECall:false voiceNetTpe:13 dataNetType:13, ine911:false, emergencyCallbackMode:false
10-30 22:55:19.556  1417  7866 D GameManagerService: identifyGamePackage. com.TeamNA.GiftGame
10-30 22:55:19.556  1417  7866 D GamePkgDataHelper: getGamePkgData(). com.TeamNA.GiftGame
10-30 22:55:19.934  2749  2749 E adbd    : recv: OPEN 000085ec 00000000 000c:73 68 65 6C 6C 2C 76 32 3A 70 73 00 
10-30 22:55:19.934  2749  2749 E adbd    : service_to_fd: shell,v2:ps
10-30 22:55:19.952 27144 27144 E propClient: PropClient failed to load
10-30 22:55:19.967 27144 27144 E propClient: PropClient failed to load
10-30 22:55:20.262  1417  2490 D InputReader: Input event(6): value=1 when=296829759077000
10-30 22:55:20.262  1417  2490 D InputReader: Input event(6): value=1 when=296829759077000
10-30 22:55:20.262  1417  2490 I InputReader: Touch event's action is 0x0 (deviceType=0) [pCnt=1, s=0.48190 ] when=296829759077000
10-30 22:55:20.263  1417  2489 I InputDispatcher: Delivering touch to (27008): action: 0x0, toolType: 1
10-30 22:55:20.266 27008 27039 V threaded_app: New input event: type=2
10-30 22:55:20.268 27008 27008 D ViewRootImpl@ba0b995[GameActivity]: ViewPostIme pointer 0
10-30 22:55:20.271   723   723 D SEC LightsHAL: button : 1 +
10-30 22:55:20.278 27008 27038 D UE4     : [2018.10.31-03.55.20:278][112]LogSlate: FSceneViewport::OnFocusLost() reason 0
10-30 22:55:20.287 27008 27039 V threaded_app: New input event: type=2
10-30 22:55:20.302 27008 27039 V threaded_app: New input event: type=2
10-30 22:55:20.304   723   723 D SEC LightsHAL: button : 1 -
10-30 22:55:20.318 27008 27039 V threaded_app: New input event: type=2
10-30 22:55:20.335 27008 27039 V threaded_app: New input event: type=2
10-30 22:55:20.336 26422 26422 D SADVFSHelper: Either heavy-duty effect is Off or Music playback is not active
10-30 22:55:20.352  1417  2490 D InputReader: Input event(6): value=0 when=296829850450000
10-30 22:55:20.352 27008 27039 V threaded_app: New input event: type=2
10-30 22:55:20.352  1417  2490 D InputReader: Input event(6): value=0 when=296829850450000
10-30 22:55:20.352  1417  2490 I InputReader: Touch event's action is 0x1 (deviceType=0) [pCnt=1, s=] when=296829850450000
10-30 22:55:20.352  1417  2489 I InputDispatcher: Delivering touch to (27008): action: 0x1, toolType: 1
10-30 22:55:20.354 27008 27039 V threaded_app: New input event: type=2
10-30 22:55:20.356 27008 27008 D ViewRootImpl@ba0b995[GameActivity]: ViewPostIme pointer 1
10-30 22:55:20.360 27008 27038 D UE4     : [2018.10.31-03.55.20:360][117]Closing by request
10-30 22:55:20.360 27008 27038 D UE4     : [2018.10.31-03.55.20:360][117]LogWindows: FAndroidMisc::RequestExit(0)
10-30 22:55:20.374 27008 27038 D UE4     : [2018.10.31-03.55.20:374][118]LogAndroid: Exiting
10-30 22:55:20.391 27008 27100 D UE4     : *** JavaEnvDestructor: 27100
10-30 22:55:20.391 27008 27038 D AudioTrack: stop() called with 90846 frames delivered
10-30 22:55:20.391 27008 27038 I AudioTrack: Skip ramp
10-30 22:55:20.392 27008 27038 D         : PlayerBase::stop() from IPlayer
10-30 22:55:20.409 27008 27038 D UE4     : [2018.10.31-03.55.20:409][118]LogSlate: Request Window 'GiftGame (32-bit Development GLSL_ES2) ' being destroyed
10-30 22:55:20.410 27008 27127 D UE4     : *** JavaEnvDestructor: 27127
10-30 22:55:20.411 27008 27126 D UE4     : AndroidEGL::ResetDisplay()
10-30 22:55:20.414 27008 27126 D UE4     : *** JavaEnvDestructor: 27126
10-30 22:55:20.418 27008 27038 D UE4     : [2018.10.31-03.55.20:418][118]LogSlate: Window 'GiftGame (32-bit Development GLSL_ES2) ' being destroyed
10-30 22:55:20.424 27008 27038 D UE4     : [2018.10.31-03.55.20:423][118]LogSlate: Slate User Destroyed.  User Index 0, Is Virtual User: 0
10-30 22:55:20.430 27008 27147 D UE4     : *** JavaEnvDestructor: 27147
10-30 22:55:20.431 27008 27146 D UE4     : AndroidEGL::ResetDisplay()
10-30 22:55:20.437 27008 27146 D UE4     : *** JavaEnvDestructor: 27146
10-30 22:55:20.452 27008 27038 D UE4     : AndroidEGL::ResetDisplay()
10-30 22:55:20.464  1042  2087 I SoundAlive_Interface: [ -462403840 ][ 48000 ]FlushBuffers()
10-30 22:55:20.464  1042  2087 I SoundAlive_Core: [ -462403840 ][ 48000 ](interface-API)FlushBuffers()
10-30 22:55:20.464  1042  2087 D SoundAlive_Core: [ -462403840 ][ 48000 ](internal-API)ReOpen( ConfigMode : 1 )
10-30 22:55:20.465  1042  2087 I SoundAlive_Effect: [ -462403840 ][ 48000 ]Init() nch : 2  bitdepth : 0 
10-30 22:55:20.465  1042  2087 I SoundAlive_Effect: [ -462403840 ][ 48000 ]SamplingRateConfig() SamplingRate : 48000
10-30 22:55:20.465  1042  2087 I SoundAlive_Effect: [ -462403840 ][ 48000 ]OutDevConfig() OutDevConfig : 1
10-30 22:55:20.465  1042  2087 D SoundAlive_Core: [ -462403840 ][ 48000 ](internal-API)Set_Current_Effect_Configuration( ConfigMode : 1 )
10-30 22:55:20.465  1042  2087 I SoundAlive_Effect: [ -462403840 ][ 48000 ]Set_Preset() : 0
10-30 22:55:20.465  1042  2087 I SoundAlive_Effect: [ -462403840 ][ 48000 ]Set_User_BWE() 0
10-30 22:55:20.465  1042  2087 I SoundAlive_Effect: [ -462403840 ][ 48000 ]Set_User_CH() : 0
10-30 22:55:20.465  1042  2087 I SoundAlive_Effect: [ -462403840 ][ 48000 ]Set_SquareUI() : 4 , 4
10-30 22:55:20.465  1042  2087 I SoundAlive_Effect: [ -462403840 ][ 48000 ]Set_User_3D() : 0
10-30 22:55:20.465  1042  2087 I SoundAlive_Effect: [ -462403840 ][ 48000 ]Set_User_BE() : 0
10-30 22:55:20.468 27008 27038 D UE4     : AndroidEGL::DestroySurface()
10-30 22:55:20.477  1042  1453 V APM_AudioPolicyManager: stopOutput() output 29, stream 3, session 51409
10-30 22:55:20.477  1042  1453 V APM_AudioPolicyManager: setBeaconMute(1) mBeaconMuteRefCount=0 mBeaconPlayingRefCount=0
10-30 22:55:20.477  1042  1453 V APM_AudioPolicyManager: getNewOutputDevice() selected device 0
10-30 22:55:20.477  1042  1453 V APM_AudioPolicyManager: setOutputDevice() device 0000 delayMs 96
