--------- beginning of main
11-08 22:29:26.849 31421 31421 I chatty  : uid=2000(shell) /system/bin/adbd expire 8 lines
11-08 22:29:26.862 31421 31421 W /system/bin/adbd: type=1400 audit(0.0:27792): avc: denied { search } for comm=73796E6320737663203230 name="oem" dev="dm-0" ino=2879 scontext=u:r:adbd:s0 tcontext=u:object_r:oemfs:s0 tclass=dir permissive=0
--------- beginning of system
11-08 22:29:28.460   898  2246 I ActivityManager: START u0 {flg=0x10000000 cmp=com.TeamNA.GiftGame/com.epicgames.ue4.SplashActivity} from uid 2000
11-08 22:29:28.484   673   673 D QCOM PowerHAL: LAUNCH HINT: ON
11-08 22:29:28.487   673   673 D QCOM PowerHAL: Activity launch hint handled
11-08 22:29:28.531   898   969 I ActivityManager: Start proc 31466:com.TeamNA.GiftGame/u0a342 for activity com.TeamNA.GiftGame/com.epicgames.ue4.SplashActivity
11-08 22:29:28.537 31466 31466 I TeamNA.GiftGam: Late-enabling -Xcheck:jni
11-08 22:29:28.537   898  1162 I ActivityManager: Config changes=20000480 {1.0 311mcc480mnc [en_US] ldltr sw411dp w683dp h387dp 420dpi nrml land night finger -keyb/v/h -nav/h winConfig={ mBounds=Rect(0, 0 - 1080, 1794) mAppBounds=Rect(0, 0 - 1794, 1080) mWindowingMode=fullscreen mActivityType=undefined} s.195}
11-08 22:29:28.549 18748 30897 I PBSessionCacheImpl: Deleted sessionId[82456117541723198] from persistence.
11-08 22:29:28.558 18748 18748 W SearchServiceCore: Abort, client detached.
11-08 22:29:28.749   898  1162 I ActivityManager: Override config changes=20000480 {1.0 311mcc480mnc [en_US] ldltr sw411dp w683dp h387dp 420dpi nrml land night finger -keyb/v/h -nav/h winConfig={ mBounds=Rect(0, 0 - 1080, 1794) mAppBounds=Rect(0, 0 - 1794, 1080) mWindowingMode=fullscreen mActivityType=undefined} s.195} for displayId=0
11-08 22:29:28.771   898  1217 I InputReader: Reconfiguring input devices.  changes=0x00000004
11-08 22:29:28.771   898  1217 I InputReader: Device reconfigured: id=8, name='synaptics_dsxv26', size 1080x1920, orientation 1, mode 1, display id 0
11-08 22:29:28.774   898  1217 I InputReader: Reconfiguring input devices.  changes=0x00000004
11-08 22:29:28.894   898   968 W ActivityManager: Showing SDK deprecation warning for package com.TeamNA.GiftGame
11-08 22:29:28.895   898  1217 I InputReader: Reconfiguring input devices.  changes=0x00000004
11-08 22:29:28.936 31466 31466 I TeamNA.GiftGam: The ClassLoaderContext is a special shared library.
11-08 22:29:29.037  1400  1400 D StatusBar: disable<e i a s b h r c s > disable2<q i n >
11-08 22:29:29.081 22709 22709 I EmojiSearchExtension: com.google.android.apps.inputmethod.libs.search.emoji.EmojiSearchExtension: onDeactivate()
11-08 22:29:29.082 22709 22709 E EmojiSearchExtension: com.google.android.apps.inputmethod.libs.search.emoji.EmojiSearchExtension: Cannot deactivate emoji search JNI; null locale
11-08 22:29:29.117   898   968 W Looper  : Slow dispatch took 170ms android.ui h=android.view.Choreographer$FrameHandler c=android.view.Choreographer$FrameDisplayEventReceiver@83f5ef m=0
11-08 22:29:29.194  1400  1400 D StatusBar: disable<e i a s b h r c s > disable2<q i n >
11-08 22:29:29.214   493  2049 W SurfaceFlinger: Attempting to destroy on removed layer: 2be9864 AssistPreviewPanel#0
11-08 22:29:29.422   898  2709 I ActivityManager: START u0 {flg=0x10000 cmp=com.TeamNA.GiftGame/com.epicgames.ue4.GameActivity (has extras)} from uid 10342
11-08 22:29:29.424   673   673 D QCOM PowerHAL: LAUNCH HINT: ON
11-08 22:29:29.444 22709 22728 I putmethod.lati: Waiting for a blocking GC ProfileSaver
11-08 22:29:29.453   898  2709 I WindowManager: Screen frozen for +937ms due to AppWindowToken{ead8f1f token=Token{8b992be ActivityRecord{6b0f579 u0 com.TeamNA.GiftGame/com.epicgames.ue4.SplashActivity t669}}}
11-08 22:29:29.469 31466 31466 W ActivityThread: handleWindowVisibility: no activity for token android.os.BinderProxy@45f8d88
11-08 22:29:29.500 31466 31466 W linker  : Warning: "/data/app/com.TeamNA.GiftGame-uY2IzzRZZk3yabXfWDbvvg==/lib/arm/libOVRPlugin.so" has no DT_SONAME (will use libOVRPlugin.so instead) and will not work when the app moves to API level 23 or later (https://android.googlesource.com/platform/bionic/+/master/missing-soname-enforced-for-api-level-23) (allowing for now because this app's target API level is still 14)
11-08 22:29:29.505 31466 31466 D OVRPlugin: JNI_OnLoad
11-08 22:29:29.506 31466 31466 E libsigchain: Warning: Unexpected sigaction action found 0xf0fb8765
11-08 22:29:29.527   898   968 W ActivityManager: Showing SDK deprecation warning for package com.TeamNA.GiftGame
11-08 22:29:29.554   493   493 D SurfaceFlinger: duplicate layer name: changing DeprecatedTargetSdkVersionDialog to DeprecatedTargetSdkVersionDialog#1
11-08 22:29:29.555 31466 31466 D UE4     : Used memory before allocating anything was 128.38MB
11-08 22:29:29.556   898  9076 I OpenGLRenderer: Initialized EGL, version 1.4
11-08 22:29:29.556   898  9076 D OpenGLRenderer: Swap behavior 1
11-08 22:29:29.642   493   493 D SurfaceFlinger: duplicate layer name: changing Dim Layer for - mAboveAppWindowsContainers to Dim Layer for - mAboveAppWindowsContainers#1
11-08 22:29:29.647 22709 22728 I putmethod.lati: WaitForGcToComplete blocked ProfileSaver on ProfileSaver for 202.655ms
11-08 22:29:29.670   493  1014 W SurfaceFlinger: Attempting to set client state on removed layer: Dim Layer for - mAboveAppWindowsContainers#0
11-08 22:29:29.670   493  1014 W SurfaceFlinger: Attempting to destroy on removed layer: Dim Layer for - mAboveAppWindowsContainers#0
11-08 22:29:29.801 31466 31466 D UE4     : In the JNI_OnLoad function
11-08 22:29:29.802 31466 31466 D UE4     : [JNI] - Failed to determine if app purchasing is enabled!
11-08 22:29:29.804 31466 31466 D UE4     : Path found as '/storage/emulated/0'
11-08 22:29:29.805 31466 31466 D UE4     : Font Path found as '/system/fonts/'
11-08 22:29:29.805 31466 31466 D UE4     : In the JNI_OnLoad function 5
11-08 22:29:29.848 31466 31466 V threaded_app: Creating: 0xed39dc00
11-08 22:29:29.848 31466 31492 V threaded_app: Config: mcc=311 mnc=480 lang=en cnt=US orien=2 touch=3 dens=420 keys=1 nav=1 keysHid=3 navHid=0 sdk=28 size=2 long=1 modetype=1 modenight=2
11-08 22:29:29.849 31466 31492 D UE4     : Entering native app glue main function
11-08 22:29:29.849 31466 31492 D UE4     : Created event thread
11-08 22:29:29.849 31466 31492 D UE4     : Entered AndroidMain()
11-08 22:29:29.850 31466 31492 D UE4     : Controller interface supported
11-08 22:29:29.851 31466 31493 D UE4     : Entering event processing thread engine entry point
11-08 22:29:29.851 31466 31493 D UE4     : Prepared looper for event thread
11-08 22:29:29.851 31466 31493 D UE4     : Passed callback initialization
11-08 22:29:29.851 31466 31493 D UE4     : Passed sensor initialization
11-08 22:29:29.863 31466 31466 D OpenGLRenderer: Skia GL Pipeline
11-08 22:29:29.891 31466 31466 D PermissionFragment: Creating PlayGamesFragment
11-08 22:29:29.895   898  2246 I ActivityManager: START u0 {act=android.content.pm.action.REQUEST_PERMISSIONS pkg=com.google.android.packageinstaller cmp=com.google.android.packageinstaller/com.android.packageinstaller.permission.ui.GrantPermissionsActivity (has extras)} from uid 10342
11-08 22:29:29.933   673   673 D QCOM PowerHAL: LAUNCH HINT: ON
11-08 22:29:29.945 31466 31466 D UE4     : Vulkan version: 1.1.0
11-08 22:29:29.945 31466 31466 D UE4     : Vulkan level: 0
11-08 22:29:29.947 31466 31466 D UE4     : Found DepthBufferPreference = 0
11-08 22:29:29.947 31466 31466 D UE4     : Found bPackageDataInsideApk = 0
11-08 22:29:29.948 31466 31466 D UE4     : Found ProjectName = GiftGame
11-08 22:29:29.948 31466 31466 D UE4     : Found AppType = 
11-08 22:29:29.948 31466 31466 D UE4     : Found bHasOBBFiles = 0
11-08 22:29:29.948 31466 31466 D UE4     : Found bVerifyOBBOnStartUp = false
11-08 22:29:29.948 31466 31466 D UE4     : UI hiding set to true
11-08 22:29:29.948 31466 31466 D UE4     : BuildConfiguration set to Development
11-08 22:29:29.948 31466 31466 D UE4     : UseExternalFilesDir set to false
11-08 22:29:29.948 31466 31466 D UE4     : AllowIMU set to true
11-08 22:29:29.948 31466 31466 D UE4     : No GearVR mode detected.
11-08 22:29:29.948 31466 31466 D UE4     : APK path: /data/app/com.TeamNA.GiftGame-uY2IzzRZZk3yabXfWDbvvg==/base.apk
11-08 22:29:29.948 31466 31466 D UE4     : OBB in APK: false
11-08 22:29:29.950 31466 31466 D UE4     : InternalFilePath found as '/data/user/0/com.TeamNA.GiftGame/files'
11-08 22:29:29.950 31466 31466 D UE4     : ExternalFilePath found as '/storage/emulated/0/Android/data/com.TeamNA.GiftGame/files'
11-08 22:29:29.950 31466 31466 D UE4     : App is running in Landscape
11-08 22:29:29.951 31466 31466 D UE4     : Android version is 9
11-08 22:29:29.951 31466 31466 D UE4     : Android manufacturer is Google
11-08 22:29:29.951 31466 31466 D UE4     : Android model is Pixel
11-08 22:29:29.951 31466 31466 D UE4     : OS language is set to en_US
11-08 22:29:29.951 31466 31466 D UE4     : Debugger attached is false
11-08 22:29:30.004 22709 22720 I putmethod.lati: ThreadFlipBegin blocked for 6.848ms
11-08 22:29:30.064 31466 31466 W PopupManager: You have not specified a View to use as content view for popups. Falling back to the Activity content view. Note that this may not work as expected in multi-screen environments
11-08 22:29:30.087 31466 31466 D UE4     : ==============> GameActive.onCreate complete!
11-08 22:29:30.093 31466 31466 V threaded_app: Start: 0xed39dc00
11-08 22:29:30.093 31466 31493 V threaded_app: activityState=10
11-08 22:29:30.093 31466 31493 D UE4     : LogAndroidEvents: EnqueueAppEvent : 9, 0, tid = 31493
11-08 22:29:30.093 31466 31466 D UE4     : Creating console command broadcast listener
11-08 22:29:30.095 31466 31466 D UE4     : ==================================> Inside onStart function in GameActivity
11-08 22:29:30.096 31466 31466 V threaded_app: Resume: 0xed39dc00
11-08 22:29:30.096 31466 31493 V threaded_app: activityState=11
11-08 22:29:30.096 31466 31493 D UE4     : Case APP_CMD_RESUME
11-08 22:29:30.096 31466 31493 D UE4     : LogAndroidEvents: EnqueueAppEvent : 7, 0, tid = 31493
11-08 22:29:30.096 31466 31466 D UE4     : Registering sensor listeners
11-08 22:29:30.111 31466 31466 D UE4     : App is running in Landscape
11-08 22:29:30.112 31466 31466 D UE4     : === Restoring Transparent Bars ===
11-08 22:29:30.112 31466 31466 D UE4     : ==============> Resuming main init
11-08 22:29:30.115 31466 31492 D UE4     : APK Commandline: ../../../GiftGame/GiftGame.uproject  /Game/Maps/MainGame -Messaging -SessionId=73C22E06481B1573A4B90A9457140BCB -SessionOwner="Phenrear" -SessionName="Launch On Device" -iterative
11-08 22:29:30.116 31466 31492 D UE4     : Override Commandline: ../../../GiftGame/GiftGame.uproject  /Game/Maps/MainGame -Messaging -SessionId=97AF75B548AD2427A76F608CDA2526A0 -SessionOwner="Phenrear" -SessionName="Launch On Device" -iterative
11-08 22:29:30.116 31466 31492 D UE4     : Final commandline: ../../../GiftGame/GiftGame.uproject  /Game/Maps/MainGame -Messaging -SessionId=97AF75B548AD2427A76F608CDA2526A0 -SessionOwner="Phenrear" -SessionName="Launch On Device" -iterative
11-08 22:29:30.116 31466 31492 D UE4     : Created sync event
11-08 22:29:30.125 31466 31466 D UE4     : ==============> GameActive.onResume complete!
11-08 22:29:30.133 31466 31466 V threaded_app: InputQueueCreated: 0xed39dc00 -- 0xed39e2e0
11-08 22:29:30.133 31466 31493 V threaded_app: APP_CMD_INPUT_CHANGED
11-08 22:29:30.133 31466 31493 V threaded_app: Attaching input queue to looper
11-08 22:29:30.150 31466 31494 I Adreno  : QUALCOMM build                   : 984b9a6, Ibe1bf21abc
11-08 22:29:30.150 31466 31494 I Adreno  : Build Date                       : 06/04/18
11-08 22:29:30.150 31466 31494 I Adreno  : OpenGL ES Shader Compiler Version: EV031.24.00.00
11-08 22:29:30.150 31466 31494 I Adreno  : Local Branch                     : googldrp
11-08 22:29:30.150 31466 31494 I Adreno  : Remote Branch                    : 
11-08 22:29:30.150 31466 31494 I Adreno  : Remote Branch                    : 
11-08 22:29:30.150 31466 31494 I Adreno  : Reconstruct Branch               : 
11-08 22:29:30.151 31466 31494 I Adreno  : Build Config                     : S L 4.0.10 AArch32
11-08 22:29:30.179 31466 31494 I Adreno  : PFP: 0x005ff110, ME: 0x005ff066
11-08 22:29:30.186  2212  2471 D SharedPreferencesImpl: Time required to fsync /data/user/0/com.teslacoilsw.launcher/shared_prefs/com.google.android.gms.measurement.prefs.xml: [<1: 0, <2: 0, <4: 47, <8: 183, <16: 254, <32: 96, <64: 25, <128: 5, <256: 1, <512: 0, <1024: 0, <2048: 1, <4096: 1, <8192: 1, <16384: 0, >=16384: 0]
11-08 22:29:30.229 31466 31494 I ConfigStore: android::hardware::configstore::V1_0::ISurfaceFlingerConfigs::hasWideColorDisplay retrieved: 0
11-08 22:29:30.229 31466 31494 I ConfigStore: android::hardware::configstore::V1_0::ISurfaceFlingerConfigs::hasHDRDisplay retrieved: 0
11-08 22:29:30.230 31466 31494 I OpenGLRenderer: Initialized EGL, version 1.4
11-08 22:29:30.230 31466 31494 D OpenGLRenderer: Swap behavior 1
11-08 22:29:30.254   493   493 D SurfaceFlinger: duplicate layer name: changing com.TeamNA.GiftGame/com.epicgames.ue4.GameActivity to com.TeamNA.GiftGame/com.epicgames.ue4.GameActivity#1
11-08 22:29:30.280 31466 31466 V threaded_app: NativeWindowCreated: 0xed39dc00 -- 0xd4721808
11-08 22:29:30.280 31466 31493 V threaded_app: APP_CMD_INIT_WINDOW
11-08 22:29:30.280 31466 31493 D UE4     : Case APP_CMD_INIT_WINDOW
11-08 22:29:30.281 31466 31493 D UE4     : LogAndroidEvents: EnqueueAppEvent : 0, 3564247048, tid = 31493
11-08 22:29:30.287 31466 31466 V threaded_app: Pause: 0xed39dc00
11-08 22:29:30.287 31466 31493 V threaded_app: activityState=13
11-08 22:29:30.287 31466 31493 D UE4     : Case APP_CMD_PAUSE
11-08 22:29:30.287 31466 31493 D UE4     : LogAndroidEvents: EnqueueAppEvent : 6, 0, tid = 31493
11-08 22:29:30.287 31466 31466 D UE4     : Unregistering sensor listeners
11-08 22:29:30.298 31466 31466 D UE4     : ==============> GameActive.onPause complete!
11-08 22:29:30.334   898   969 I ActivityManager: Start proc 31510:com.google.android.packageinstaller/u0a25 for activity com.google.android.packageinstaller/com.android.packageinstaller.permission.ui.GrantPermissionsActivity
11-08 22:29:30.339  5467 30594 E NetworkScheduler: Invalid component specified.
11-08 22:29:30.373 31510 31510 E ackageinstalle: Not starting debugger since process cannot load the jdwp agent.
11-08 22:29:30.438 31466 31492 D UE4     : LogICUInternationalization: Display: ICU TimeZone Detection - Raw Offset: -6:00, Platform Override: ''
11-08 22:29:30.438 31466 31492 D UE4     : 
11-08 22:29:30.442 31466 31492 D UE4     : EGL Extensions: 
11-08 22:29:30.442 31466 31492 D UE4     : EGL_KHR_get_all_proc_addresses EGL_ANDROID_presentation_time EGL_KHR_swap_buffers_with_damage EGL_ANDROID_get_native_client_buffer EGL_ANDROID_front_buffer_auto_refresh EGL_ANDROID_get_frame_timestamps EGL_EXT_surface_SMPTE2086_metadata EGL_EXT_surface_CTA861_3_metadata EGL_KHR_image EGL_KHR_image_base EGL_EXT_image_gl_colorspace EGL_KHR_lock_surface EGL_KHR_gl_colorspace EGL_KHR_gl_texture_2D_image EGL_KHR_gl_texture_3D_image EGL_KHR_gl_texture_cubemap_image EGL_KHR_gl_renderbuffer_image EGL_KHR_reusable_sync EGL_KHR_fence_sync EGL_KHR_create_context EGL_KHR_surfaceless_context EGL_EXT_create_context_robustness EGL_ANDROID_image_native_buffer EGL_KHR_wait_sync EGL_ANDROID_recordable EGL_KHR_partial_update EGL_EXT_pixel_format_float EGL_KHR_create_context_no_error EGL_KHR_mutable_render_buffer EGL_EXT_yuv_surface EGL_EXT_protected_content EGL_IMG_context_priority EGL_KHR_no_config_context 
11-08 22:29:30.445 31466 31492 D UE4     : FAndroidGPUInfo
11-08 22:29:30.445 31466 31492 D UE4     : AndroidEGL::InitSurface 1, 1
11-08 22:29:30.446 31466 31492 D UE4     : AndroidEGL::CreateEGLSurface() 0xd492dc80
11-08 22:29:30.446 31466 31492 D UE4     : AndroidEGL::CreateEGLSurface(1), auxSurface = eglCreatePbufferSurface(), 8x8
11-08 22:29:30.449 31466 31492 D UE4     : Vulkan library detected, checking for available driver
11-08 22:29:30.474 31466 31492 D vulkan  : searching for layers in '/data/app/com.TeamNA.GiftGame-uY2IzzRZZk3yabXfWDbvvg==/lib/arm'
11-08 22:29:30.474 31466 31492 D vulkan  : searching for layers in '/system/fake-libs'
11-08 22:29:30.475 31466 31492 D vulkan  : searching for layers in '/data/app/com.TeamNA.GiftGame-uY2IzzRZZk3yabXfWDbvvg==/base.apk!/lib/armeabi-v7a'
11-08 22:29:30.478 31466 31492 I Adreno  : QUALCOMM build          : 984b9a6, Ibe1bf21abc
11-08 22:29:30.478 31466 31492 I Adreno  : Build Date              : 06/04/18
11-08 22:29:30.478 31466 31492 I Adreno  : Shader Compiler Version : EV031.24.00.00
11-08 22:29:30.478 31466 31492 I Adreno  : Local Branch            : googldrp
11-08 22:29:30.478 31466 31492 I Adreno  : Remote Branch           : 
11-08 22:29:30.478 31466 31492 I Adreno  : Remote Branch           : 
11-08 22:29:30.478 31466 31492 I Adreno  : Reconstruct Branch      : 
11-08 22:29:30.478 31466 31492 I Adreno  : Build Config                     : S L 4.0.10 AArch32
11-08 22:29:30.479 31466 31492 D UE4     : VulkanRHI is available, Vulkan capable device detected.
11-08 22:29:30.546 31466 31466 V threaded_app: Resume: 0xed39dc00
11-08 22:29:30.547 31466 31493 V threaded_app: activityState=11
11-08 22:29:30.547 31466 31493 D UE4     : Case APP_CMD_RESUME
11-08 22:29:30.547 31466 31493 D UE4     : LogAndroidEvents: EnqueueAppEvent : 7, 0, tid = 31493
11-08 22:29:30.547 31466 31466 D UE4     : Registering sensor listeners
11-08 22:29:30.568 31466 31466 D UE4     : App is running in Landscape
11-08 22:29:30.568 31466 31466 D UE4     : === Restoring Transparent Bars ===
11-08 22:29:30.568 31466 31466 D UE4     : ==============> Resuming main init
11-08 22:29:30.568 31466 31466 D UE4     : ==============> GameActive.onResume complete!
11-08 22:29:30.609 31466 31466 D UE4     : === Restoring Transparent Bars due to Visibility Change ===
11-08 22:29:30.609 31466 31466 D UE4     : === Restoring Transparent Bars ===
11-08 22:29:30.629   673   673 D QCOM PowerHAL: LAUNCH HINT: OFF
11-08 22:29:30.734 31466 31492 D UE4     : LogStreaming: Display: Took  0.091s to configure plugins.
11-08 22:29:30.734 31466 31492 D UE4     : 
11-08 22:29:30.909 31466 31492 D UE4     : LogOnline: Display: OnlineSubsystemGooglePlayModule::StartupModule()
11-08 22:29:30.909 31466 31492 D UE4     : 
11-08 22:29:30.909 31466 31492 D UE4     : LogOnline: Warning: FOnlineSubsystemGooglePlayModule was disabled
11-08 22:29:30.909 31466 31492 D UE4     : 
11-08 22:29:30.911 31466 31492 D UE4     : LogOnline: Warning: FOnlineSubsystemGooglePlayModule was disabled
11-08 22:29:30.911 31466 31492 D UE4     : 
11-08 22:29:30.912 31466 31492 D UE4     : LogStreaming: Display: Took  0.000s to delete old logs.
11-08 22:29:30.912 31466 31492 D UE4     : 
11-08 22:29:30.945 31466 31492 D UE4     : LogStreaming: Display: Async Loading initialized: Event Driven Loader: true, Async Loading Thread: false, Async Post Load: true
11-08 22:29:30.945 31466 31492 D UE4     : 
11-08 22:29:30.989 31466 31492 D UE4     : ***** RequestedContentScaleFactor different 1.000000 != -1.000000, not using res cache
11-08 22:29:30.989 31466 31492 D UE4     : ***** Window different, not using res cache
11-08 22:29:30.989 31466 31492 D UE4     : ***** WindowWidth is -1, not using res cache
11-08 22:29:30.991 31466 31492 D UE4     : Vulkan not available as project packaged without bSupportsVulkan or bSupportsVulkanSM5.
11-08 22:29:31.074 31466 31492 D UE4     : LogHAL: Display: Platform has ~ 4 GB [3944181760 / 4294967296 / 4], which maps to Default [LargestMinGB=8, LargerMinGB=6, DefaultMinGB=4, SmallerMinGB=3, SmallestMinGB=0)
11-08 22:29:31.074 31466 31492 D UE4     : 
11-08 22:29:31.195 31466 31492 D UE4     : LogStreaming: Display: Took  0.114s to InitEngineTextLocalization.
11-08 22:29:31.195 31466 31492 D UE4     : 
11-08 22:29:31.215 31466 31492 D UE4     : VulkanRHI will NOT be used:
11-08 22:29:31.215 31466 31492 D UE4     :  ** Vulkan support is not available (Driver, RHI or shaders are missing, or disabled by cmdline)
11-08 22:29:31.215 31466 31492 D UE4     : OpenGL ES will be used.
11-08 22:29:31.216 31466 31492 D UE4     : FPlatformOpenGLDevice:Init
11-08 22:29:31.216 31466 31492 D UE4     : AndroidEGL::InitSurface 0, 1
11-08 22:29:31.216 31466 31492 D UE4     : [JAVA] - SetDesiredViewSize width=1280 and height=720
11-08 22:29:31.216 31466 31492 D UE4     : AndroidEGL::CreateEGLSurface() Already initialized: 0xd492dc80
11-08 22:29:31.232 31466 31492 D UE4     : LogRHI: Display: Testing for shader compiler compatibility
11-08 22:29:31.232 31466 31492 D UE4     : 
11-08 22:29:31.235 31466 31492 D UE4     : LogRHI: Display: Shaders compile fine no need to enable hacks
11-08 22:29:31.235 31466 31492 D UE4     : 
11-08 22:29:31.235 31466 31492 D UE4     : LogRHI: Display: Testing for round() function availability
11-08 22:29:31.235 31466 31492 D UE4     : 
11-08 22:29:31.237 31466 31492 D UE4     : LogRHI: Warning: Disabling the need for the round() function hack
11-08 22:29:31.237 31466 31492 D UE4     : 
11-08 22:29:31.237 31466 31492 D UE4     : LogShaderLibrary: Display: Failed to load Shared Shader Library: Global and no native library supported.
11-08 22:29:31.237 31466 31492 D UE4     : 
11-08 22:29:31.238 31466 31492 D UE4     : LogShaderLibrary: Display: Failed to load Shared Shader Library: Global_SC and no native library supported.
11-08 22:29:31.238 31466 31492 D UE4     : 
11-08 22:29:31.238 31466 31492 D UE4     : LogShaderLibrary: Display: Failed to load Shared Shader Library: Paper2D and no native library supported.
11-08 22:29:31.238 31466 31492 D UE4     : 
11-08 22:29:31.238 31466 31492 D UE4     : LogShaderLibrary: Display: Failed to load Shared Shader Library: Paper2D_SC and no native library supported.
11-08 22:29:31.238 31466 31492 D UE4     : 
11-08 22:29:31.238 31466 31492 D UE4     : LogShaderLibrary: Display: Failed to load Shared Shader Library: Paper2D and no native library supported.
11-08 22:29:31.238 31466 31492 D UE4     : 
11-08 22:29:31.238 31466 31492 D UE4     : LogShaderLibrary: Display: Failed to load Shared Shader Library: Paper2D_SC and no native library supported.
11-08 22:29:31.238 31466 31492 D UE4     : 
11-08 22:29:31.238 31466 31492 D UE4     : LogShaderLibrary: Display: Failed to load Shared Shader Library: CryptoKeys and no native library supported.
11-08 22:29:31.238 31466 31492 D UE4     : 
11-08 22:29:31.239 31466 31492 D UE4     : LogShaderLibrary: Display: Failed to load Shared Shader Library: CryptoKeys_SC and no native library supported.
11-08 22:29:31.239 31466 31492 D UE4     : 
11-08 22:29:31.239 31466 31492 D UE4     : LogShaderLibrary: Display: Failed to load Shared Shader Library: CryptoKeys and no native library supported.
11-08 22:29:31.239 31466 31492 D UE4     : 
11-08 22:29:31.239 31466 31492 D UE4     : LogShaderLibrary: Display: Failed to load Shared Shader Library: CryptoKeys_SC and no native library supported.
11-08 22:29:31.239 31466 31492 D UE4     : 
11-08 22:29:31.239 31466 31492 D UE4     : LogShaderLibrary: Display: Failed to load Shared Shader Library: MeshEditor and no native library supported.
11-08 22:29:31.239 31466 31492 D UE4     : 
11-08 22:29:31.239 31466 31492 D UE4     : LogShaderLibrary: Display: Failed to load Shared Shader Library: MeshEditor_SC and no native library supported.
11-08 22:29:31.239 31466 31492 D UE4     : 
11-08 22:29:31.239 31466 31492 D UE4     : LogShaderLibrary: Display: Failed to load Shared Shader Library: MeshEditor and no native library supported.
11-08 22:29:31.239 31466 31492 D UE4     : 
11-08 22:29:31.240 31466 31492 D UE4     : LogShaderLibrary: Display: Failed to load Shared Shader Library: MeshEditor_SC and no native library supported.
11-08 22:29:31.240 31466 31492 D UE4     : 
11-08 22:29:31.240 31466 31492 D UE4     : LogShaderLibrary: Display: Failed to load Shared Shader Library: DatasmithContent and no native library supported.
11-08 22:29:31.240 31466 31492 D UE4     : 
11-08 22:29:31.240 31466 31492 D UE4     : LogShaderLibrary: Display: Failed to load Shared Shader Library: DatasmithContent_SC and no native library supported.
11-08 22:29:31.240 31466 31492 D UE4     : 
11-08 22:29:31.240 31466 31492 D UE4     : LogShaderLibrary: Display: Failed to load Shared Shader Library: DatasmithContent and no native library supported.
11-08 22:29:31.240 31466 31492 D UE4     : 
11-08 22:29:31.240 31466 31492 D UE4     : LogShaderLibrary: Display: Failed to load Shared Shader Library: DatasmithContent_SC and no native library supported.
11-08 22:29:31.240 31466 31492 D UE4     : 
11-08 22:29:31.240 31466 31492 D UE4     : LogShaderLibrary: Display: Failed to load Shared Shader Library: MediaCompositing and no native library supported.
11-08 22:29:31.240 31466 31492 D UE4     : 
11-08 22:29:31.240 31466 31492 D UE4     : LogShaderLibrary: Display: Failed to load Shared Shader Library: MediaCompositing_SC and no native library supported.
11-08 22:29:31.240 31466 31492 D UE4     : 
11-08 22:29:31.241 31466 31492 D UE4     : LogShaderLibrary: Display: Failed to load Shared Shader Library: MediaCompositing and no native library supported.
11-08 22:29:31.241 31466 31492 D UE4     : 
11-08 22:29:31.241 31466 31492 D UE4     : LogShaderLibrary: Display: Failed to load Shared Shader Library: MediaCompositing_SC and no native library supported.
11-08 22:29:31.241 31466 31492 D UE4     : 
11-08 22:29:31.241 31466 31492 D UE4     : LogShaderLibrary: Display: Failed to load Shared Shader Library: OculusVR and no native library supported.
11-08 22:29:31.241 31466 31492 D UE4     : 
11-08 22:29:31.241 31466 31492 D UE4     : LogShaderLibrary: Display: Failed to load Shared Shader Library: OculusVR_SC and no native library supported.
11-08 22:29:31.241 31466 31492 D UE4     : 
11-08 22:29:31.241 31466 31492 D UE4     : LogShaderLibrary: Display: Failed to load Shared Shader Library: OculusVR and no native library supported.
11-08 22:29:31.241 31466 31492 D UE4     : 
11-08 22:29:31.241 31466 31492 D UE4     : LogShaderLibrary: Display: Failed to load Shared Shader Library: OculusVR_SC and no native library supported.
11-08 22:29:31.241 31466 31492 D UE4     : 
11-08 22:29:31.242 31466 31492 D UE4     : LogShaderLibrary: Display: Failed to load Shared Shader Library: SteamVR and no native library supported.
11-08 22:29:31.242 31466 31492 D UE4     : 
11-08 22:29:31.242 31466 31492 D UE4     : LogShaderLibrary: Display: Failed to load Shared Shader Library: SteamVR_SC and no native library supported.
11-08 22:29:31.242 31466 31492 D UE4     : 
11-08 22:29:31.242 31466 31492 D UE4     : LogShaderLibrary: Display: Failed to load Shared Shader Library: SteamVR and no native library supported.
11-08 22:29:31.242 31466 31492 D UE4     : 
11-08 22:29:31.242 31466 31492 D UE4     : LogShaderLibrary: Display: Failed to load Shared Shader Library: SteamVR_SC and no native library supported.
11-08 22:29:31.242 31466 31492 D UE4     : 
11-08 22:29:31.242 31466 31492 D UE4     : LogRHI: Display: Failed to open default shader pipeline cache for GiftGame using shader platform 8.
11-08 22:29:31.242 31466 31492 D UE4     : 
11-08 22:29:31.297   898   968 W Looper  : Slow dispatch took 121ms android.ui h=android.view.Choreographer$FrameHandler c=android.view.Choreographer$FrameDisplayEventReceiver@83f5ef m=0
11-08 22:29:31.398 31466 31492 D UE4     : LogShaderLibrary: Display: Failed to load Shared Shader Library: GiftGame and no native library supported.
11-08 22:29:31.398 31466 31492 D UE4     : 
11-08 22:29:31.399 31466 31492 D UE4     : LogShaderLibrary: Display: Failed to load Shared Shader Library: GiftGame_SC and no native library supported.
11-08 22:29:31.399 31466 31492 D UE4     : 
11-08 22:29:31.408 31466 31492 D UE4     : LogRHI: Display: Failed to open default shader pipeline cache for GiftGame using shader platform 8.
11-08 22:29:31.408 31466 31492 D UE4     : 
11-08 22:29:31.408 31466 31492 D UE4     : LogShaderLibrary: Display: Failed to load Shared Shader Library: GiftGame and no native library supported.
11-08 22:29:31.408 31466 31492 D UE4     : 
11-08 22:29:31.409 31466 31492 D UE4     : LogShaderLibrary: Display: Failed to load Shared Shader Library: GiftGame_SC and no native library supported.
11-08 22:29:31.409 31466 31492 D UE4     : 
11-08 22:29:31.409 31466 31492 D UE4     : LogRHI: Display: Failed to open default shader pipeline cache for GiftGame using shader platform 8.
11-08 22:29:31.409 31466 31492 D UE4     : 
11-08 22:29:31.494 31466 31492 D UE4     : LogStreaming: Display: Took  0.085s to InitGameTextLocalization.
11-08 22:29:31.494 31466 31492 D UE4     : 
11-08 22:29:32.012   898   990 I system_server: Explicit concurrent copying GC freed 115219(6MB) AllocSpace objects, 49(2MB) LOS objects, 42% free, 29MB/51MB, paused 217us total 552.038ms
11-08 22:29:32.087 31466 31492 D UE4     : LogStreaming: Display: Flushing async loaders.
11-08 22:29:32.087 31466 31492 D UE4     : 
11-08 22:29:32.674 12885 12907 I Finsky  : [2660] com.google.android.finsky.bn.an.run(6): Stats for Executor: BlockingExecutor com.google.android.finsky.bn.ao@37d5050[Running, pool size = 0, active threads = 0, queued tasks = 0, completed tasks = 7]
11-08 22:29:32.675 12885 12907 I Finsky  : [2660] com.google.android.finsky.bn.an.run(6): Stats for Executor: LightweightExecutor com.google.android.finsky.bn.ao@8b3c249[Running, pool size = 3, active threads = 0, queued tasks = 0, completed tasks = 42]
11-08 22:29:32.685 31466 31492 D UE4     : [2018.11.09-04.29.32:685][  0]LogAndroid: Display: Android Version Make Model Language: 9 Google Pixel en_US
11-08 22:29:32.685 31466 31492 D UE4     : [2018.11.09-04.29.32:685][  0]LogAndroid: Case APP_CMD_START
11-08 22:29:32.685 31466 31492 D UE4     : [2018.11.09-04.29.32:685][  0]LogAndroid: Case APP_CMD_RESUME
11-08 22:29:32.685 31466 31492 D UE4     : [2018.11.09-04.29.32:685][  0]LogAndroid: Case APP_CMD_INPUT_CHANGED
11-08 22:29:32.685 31466 31492 D UE4     : [2018.11.09-04.29.32:685][  0]LogAndroid: Case APP_CMD_INIT_WINDOW
11-08 22:29:32.685 31466 31492 D UE4     : [2018.11.09-04.29.32:685][  0]LogAndroid: Case APP_CMD_PAUSE
11-08 22:29:32.686 31466 31492 D UE4     : [2018.11.09-04.29.32:685][  0]LogInit: Display: Running engine for game: GiftGame
11-08 22:29:32.686 31466 31492 D UE4     : [2018.11.09-04.29.32:686][  0]LogTemp: 4 cores and 4 assignable cores
11-08 22:29:32.686 31466 31492 D UE4     : [2018.11.09-04.29.32:686][  0]LogTaskGraph: Started task graph with 5 named threads and 14 total threads with 3 sets of task threads.
11-08 22:29:32.686 31466 31492 D UE4     : [2018.11.09-04.29.32:686][  0]LogStats: Stats thread started at 0.725070
11-08 22:29:32.686 31466 31492 D UE4     : [2018.11.09-04.29.32:686][  0]LogICUInternationalization: Display: ICU TimeZone Detection - Raw Offset: -6:00, Platform Override: ''
11-08 22:29:32.686 31466 31492 D UE4     : [2018.11.09-04.29.32:686][  0]LogAndroid: Case APP_CMD_RESUME
11-08 22:29:32.687 31466 31492 D UE4     : [2018.11.09-04.29.32:687][  0]LogPluginManager: Mounting plugin Paper2D
11-08 22:29:32.687 31466 31492 D UE4     : [2018.11.09-04.29.32:687][  0]LogPluginManager: Mounting plugin AISupport
11-08 22:29:32.687 31466 31492 D UE4     : [2018.11.09-04.29.32:687][  0]LogPluginManager: Mounting plugin LightPropagationVolume
11-08 22:29:32.687 31466 31492 D UE4     : [2018.11.09-04.29.32:687][  0]LogPluginManager: Mounting plugin AssetManagerEditor
11-08 22:29:32.688 31466 31492 D UE4     : [2018.11.09-04.29.32:688][  0]LogPluginManager: Mounting plugin CryptoKeys
11-08 22:29:32.688 31466 31492 D UE4     : [2018.11.09-04.29.32:688][  0]LogPluginManager: Mounting plugin FacialAnimation
11-08 22:29:32.688 31466 31492 D UE4     : [2018.11.09-04.29.32:688][  0]LogPluginManager: Mounting plugin MeshEditor
11-08 22:29:32.688 31466 31492 D UE4     : [2018.11.09-04.29.32:688][  0]LogPluginManager: Mounting plugin DatasmithContent
11-08 22:29:32.688 31466 31492 D UE4     : [2018.11.09-04.29.32:688][  0]LogPluginManager: Mounting plugin AlembicImporter
11-08 22:29:32.689 31466 31492 D UE4     : [2018.11.09-04.29.32:689][  0]LogPluginManager: Mounting plugin AppleImageUtils
11-08 22:29:32.689 31466 31492 D UE4     : [2018.11.09-04.29.32:689][  0]LogPluginManager: Mounting plugin AppleVision
11-08 22:29:32.689 31466 31492 D UE4     : [2018.11.09-04.29.32:689][  0]LogPluginManager: Mounting plugin BackChannel
11-08 22:29:32.689 31466 31492 D UE4     : [2018.11.09-04.29.32:689][  0]LogPluginManager: Mounting plugin CharacterAI
11-08 22:29:32.689 31466 31492 D UE4     : [2018.11.09-04.29.32:689][  0]LogPluginManager: Mounting plugin GeometryCache
11-08 22:29:32.689 31466 31492 D UE4     : [2018.11.09-04.29.32:689][  0]LogPluginManager: Mounting plugin AndroidMedia
11-08 22:29:32.689 31466 31492 D UE4     : [2018.11.09-04.29.32:689][  0]LogPluginManager: Mounting plugin ImgMedia
11-08 22:29:32.689 31466 31492 D UE4     : [2018.11.09-04.29.32:689][  0]LogPluginManager: Mounting plugin LinearTimecode
11-08 22:29:32.690 31466 31492 D UE4     : [2018.11.09-04.29.32:690][  0]LogPluginManager: Mounting plugin MediaCompositing
11-08 22:29:32.690 31466 31492 D UE4     : [2018.11.09-04.29.32:690][  0]LogPluginManager: Mounting plugin TcpMessaging
11-08 22:29:32.690 31466 31492 D UE4     : [2018.11.09-04.29.32:690][  0]LogPluginManager: Mounting plugin UdpMessaging
11-08 22:29:32.690 31466 31492 D UE4     : [2018.11.09-04.29.32:690][  0]LogPluginManager: Mounting plugin ActorSequence
11-08 22:29:32.690 31466 31492 D UE4     : [2018.11.09-04.29.32:690][  0]LogPluginManager: Mounting plugin NetcodeUnitTest
11-08 22:29:32.690 31466 31492 D UE4     : [2018.11.09-04.29.32:690][  0]LogPluginManager: Mounting plugin NUTUnrealEngine4
11-08 22:29:32.690 31466 31492 D UE4     : [2018.11.09-04.29.32:690][  0]LogPluginManager: Mounting plugin OnlineSubsystemGooglePlay
11-08 22:29:32.691 31466 31492 D UE4     : [2018.11.09-04.29.32:691][  0]LogPluginManager: Mounting plugin OnlineSubsystem
11-08 22:29:32.691 31466 31492 D UE4     : [2018.11.09-04.29.32:691][  0]LogPluginManager: Mounting plugin OnlineSubsystemNull
11-08 22:29:32.691 31466 31492 D UE4     : [2018.11.09-04.29.32:691][  0]LogPluginManager: Mounting plugin OnlineSubsystemUtils
11-08 22:29:32.691 31466 31492 D UE4     : [2018.11.09-04.29.32:691][  0]LogPluginManager: Mounting plugin AndroidDeviceProfileSelector
11-08 22:29:32.691 31466 31492 D UE4     : [2018.11.09-04.29.32:691][  0]LogPluginManager: Mounting plugin AndroidMoviePlayer
11-08 22:29:32.691 31466 31492 D UE4     : [2018.11.09-04.29.32:691][  0]LogPluginManager: Mounting plugin AndroidPermission
11-08 22:29:32.691 31466 31492 D UE4     : [2018.11.09-04.29.32:691][  0]LogPluginManager: Mounting plugin ArchVisCharacter
11-08 22:29:32.691 31466 31492 D UE4     : [2018.11.09-04.29.32:691][  0]LogPluginManager: Mounting plugin CableComponent
11-08 22:29:32.692 31466 31492 D UE4     : [2018.11.09-04.29.32:691][  0]LogPluginManager: Mounting plugin CustomMeshComponent
11-08 22:29:32.692 31466 31492 D UE4     : [2018.11.09-04.29.32:692][  0]LogPluginManager: Mounting plugin EditableMesh
11-08 22:29:32.692 31466 31492 D UE4     : [2018.11.09-04.29.32:692][  0]LogPluginManager: Mounting plugin ExampleDeviceProfileSelector
11-08 22:29:32.692 31466 31492 D UE4     : [2018.11.09-04.29.32:692][  0]LogPluginManager: Mounting plugin GoogleCloudMessaging
11-08 22:29:32.692 31466 31492 D UE4     : [2018.11.09-04.29.32:692][  0]LogPluginManager: Mounting plugin ImmediatePhysics
11-08 22:29:32.692 31466 31492 D UE4     : [2018.11.09-04.29.32:692][  0]LogPluginManager: Mounting plugin LocationServicesBPLibrary
11-08 22:29:32.692 31466 31492 D UE4     : [2018.11.09-04.29.32:692][  0]LogPluginManager: Mounting plugin MobilePatchingUtils
11-08 22:29:32.692 31466 31492 D UE4     : [2018.11.09-04.29.32:692][  0]LogPluginManager: Mounting plugin OculusVR
11-08 22:29:32.692 31466 31492 D UE4     : [2018.11.09-04.29.32:692][  0]LogPluginManager: Mounting plugin PhysXVehicles
11-08 22:29:32.692 31466 31492 D UE4     : [2018.11.09-04.29.32:692][  0]LogPluginManager: Mounting plugin ProceduralMeshComponent
11-08 22:29:32.692 31466 31492 D UE4     : [2018.11.09-04.29.32:692][  0]LogPluginManager: Mounting plugin RuntimePhysXCooking
11-08 22:29:32.693 31466 31492 D UE4     : [2018.11.09-04.29.32:692][  0]LogPluginManager: Mounting plugin SteamVR
11-08 22:29:32.693 31466 31492 D UE4     : [2018.11.09-04.29.32:693][  0]LogStreaming: Display: Took  0.091s to configure plugins.
11-08 22:29:32.693 31466 31492 D UE4     : [2018.11.09-04.29.32:693][  0]LogInit: Using libcurl 7.46.0
11-08 22:29:32.693 31466 31492 D UE4     : [2018.11.09-04.29.32:693][  0]LogInit:  - built for arm-unknown-linux-androideabi
11-08 22:29:32.693 31466 31492 D UE4     : [2018.11.09-04.29.32:693][  0]LogInit:  - supports SSL with OpenSSL/1.0.1s
11-08 22:29:32.693 31466 31492 D UE4     : [2018.11.09-04.29.32:693][  0]LogInit:  - supports HTTP deflate (compression) using libz 1.2.11
11-08 22:29:32.693 31466 31492 D UE4     : [2018.11.09-04.29.32:693][  0]LogInit:  - other features:
11-08 22:29:32.693 31466 31492 D UE4     : [2018.11.09-04.29.32:693][  0]LogInit:      CURL_VERSION_SSL
11-08 22:29:32.693 31466 31492 D UE4     : [2018.11.09-04.29.32:693][  0]LogInit:      CURL_VERSION_LIBZ
11-08 22:29:32.693 31466 31492 D UE4     : [2018.11.09-04.29.32:693][  0]LogInit:      CURL_VERSION_IPV6
11-08 22:29:32.693 31466 31492 D UE4     : [2018.11.09-04.29.32:693][  0]LogInit:      CURL_VERSION_ASYNCHDNS
11-08 22:29:32.694 31466 31492 D UE4     : [2018.11.09-04.29.32:693][  0]LogInit:      CURL_VERSION_TLSAUTH_SRP
11-08 22:29:32.694 31466 31492 D UE4     : [2018.11.09-04.29.32:694][  0]LogInit:  Libcurl: using generated PEM file: '/storage/emulated/0/Android/data/com.TeamNA.GiftGame/files/ca-bundle.pem'
11-08 22:29:32.694 31466 31492 D UE4     : [2018.11.09-04.29.32:694][  0]LogInit:  CurlRequestOptions (configurable via config and command line):
11-08 22:29:32.694 31466 31492 D UE4     : [2018.11.09-04.29.32:694][  0]LogInit:  - bVerifyPeer = true  - Libcurl will verify peer certificate
11-08 22:29:32.694 31466 31492 D UE4     : [2018.11.09-04.29.32:694][  0]LogInit:  - bUseHttpProxy = false  - Libcurl will NOT use HTTP proxy
11-08 22:29:32.694 31466 31492 D UE4     : [2018.11.09-04.29.32:694][  0]LogInit:  - bDontReuseConnections = false  - Libcurl will reuse connections
11-08 22:29:32.694 31466 31492 D UE4     : [2018.11.09-04.29.32:694][  0]LogInit:  - CertBundlePath = /storage/emulated/0/Android/data/com.TeamNA.GiftGame/files/ca-bundle.pem  - Libcurl will set CURLOPT_CAINFO to it
11-08 22:29:32.694 31466 31492 D UE4     : [2018.11.09-04.29.32:694][  0]LogInit:  - MaxHostConnections = 16  - Libcurl will limit the number of connections to a host
11-08 22:29:32.694 31466 31492 D UE4     : [2018.11.09-04.29.32:694][  0]LogInit:  - LocalHostAddr = Default
11-08 22:29:32.694 31466 31492 D UE4     : [2018.11.09-04.29.32:694][  0]LogInit:  - BufferSize = 65536
11-08 22:29:32.695 31466 31492 D UE4     : [2018.11.09-04.29.32:694][  0]LogOnline: Display: OnlineSubsystemGooglePlayModule::StartupModule()
11-08 22:29:32.695 31466 31492 D UE4     : [2018.11.09-04.29.32:695][  0]LogOnline: Warning: FOnlineSubsystemGooglePlayModule was disabled
11-08 22:29:32.695 31466 31492 D UE4     : [2018.11.09-04.29.32:695][  0]LogOnline: Warning: FOnlineSubsystemGooglePlayModule was disabled
11-08 22:29:32.695 31466 31492 D UE4     : [2018.11.09-04.29.32:695][  0]LogHMD: App is not packaged for Gear VR
11-08 22:29:32.695 31466 31492 D UE4     : [2018.11.09-04.29.32:695][  0]LogInit: Build: ++UE4+Release-4.20-CL-4302132
11-08 22:29:32.695 31466 31492 D UE4     : [2018.11.09-04.29.32:695][  0]LogInit: Engine Version: 4.20.2-4302132+++UE4+Release-4.20
11-08 22:29:32.695 31466 31492 D UE4     : [2018.11.09-04.29.32:695][  0]LogInit: Compatible Engine Version: 4.20.0-4212847+++UE4+Release-4.20
11-08 22:29:32.695 31466 31492 D UE4     : [2018.11.09-04.29.32:695][  0]LogInit: Net CL: 4212847
11-08 22:29:32.695 31466 31492 D UE4     : [2018.11.09-04.29.32:695][  0]LogInit: OS: Android (9), CPU: Pixel, GPU: Adreno (TM) 530
11-08 22:29:32.696 31466 31492 D UE4     : [2018.11.09-04.29.32:695][  0]LogInit: Compiled (32-bit): Aug 21 2018 05:38:37
11-08 22:29:32.696 31466 31492 D UE4     : [2018.11.09-04.29.32:696][  0]LogInit: Compiled with Clang: 3.8.256229 
11-08 22:29:32.696 31466 31492 D UE4     : [2018.11.09-04.29.32:696][  0]LogInit: Build Configuration: Development
11-08 22:29:32.696 31466 31492 D UE4     : [2018.11.09-04.29.32:696][  0]LogInit: Branch Name: ++UE4+Release-4.20
11-08 22:29:32.696 31466 31492 D UE4     : [2018.11.09-04.29.32:696][  0]LogInit: Command Line:   /Game/Maps/MainGame -Messaging -SessionId=97AF75B548AD2427A76F608CDA2526A0 -SessionOwner="Phenrear" -SessionName="Launch On Device" -iterative
11-08 22:29:32.696 31466 31492 D UE4     : [2018.11.09-04.29.32:696][  0]LogInit: Base Directory: 
11-08 22:29:32.696 31466 31492 D UE4     : [2018.11.09-04.29.32:696][  0]LogInit: Installed Engine Build: 0
11-08 22:29:32.696 31466 31492 D UE4     : [2018.11.09-04.29.32:696][  0]LogDevObjectVersion: Number of dev versions registered: 20
11-08 22:29:32.696 31466 31492 D UE4     : [2018.11.09-04.29.32:696][  0]LogDevObjectVersion:   Dev-Blueprints (B0D832E4-1F89-4F0D-ACCF-7EB736FD4AA2): 10
11-08 22:29:32.696 31466 31492 D UE4     : [2018.11.09-04.29.32:696][  0]LogDevObjectVersion:   Dev-Build (E1C64328-A22C-4D53-A36C-8E866417BD8C): 0
11-08 22:29:32.696 31466 31492 D UE4     : [2018.11.09-04.29.32:696][  0]LogDevObjectVersion:   Dev-Core (375EC13C-06E4-48FB-B500-84F0262A717E): 2
11-08 22:29:32.697 31466 31492 D UE4     : [2018.11.09-04.29.32:697][  0]LogDevObjectVersion:   Dev-Editor (E4B068ED-F494-42E9-A231-DA0B2E46BB41): 24
11-08 22:29:32.697 31466 31492 D UE4     : [2018.11.09-04.29.32:697][  0]LogDevObjectVersion:   Dev-Framework (CFFC743F-43B0-4480-9391-14DF171D2073): 34
11-08 22:29:32.697 31466 31492 D UE4     : [2018.11.09-04.29.32:697][  0]LogDevObjectVersion:   Dev-Mobile (B02B49B5-BB20-44E9-A304-32B752E40360): 2
11-08 22:29:32.697 31466 31492 D UE4     : [2018.11.09-04.29.32:697][  0]LogDevObjectVersion:   Dev-Networking (A4E4105C-59A1-49B5-A7C5-40C4547EDFEE): 0
11-08 22:29:32.697 31466 31492 D UE4     : [2018.11.09-04.29.32:697][  0]LogDevObjectVersion:   Dev-Online (39C831C9-5AE6-47DC-9A44-9C173E1C8E7C): 0
11-08 22:29:32.697 31466 31492 D UE4     : [2018.11.09-04.29.32:697][  0]LogDevObjectVersion:   Dev-Physics (78F01B33-EBEA-4F98-B9B4-84EACCB95AA2): 0
11-08 22:29:32.697 31466 31492 D UE4     : [2018.11.09-04.29.32:697][  0]LogDevObjectVersion:   Dev-Platform (6631380F-2D4D-43E0-8009-CF276956A95A): 0
11-08 22:29:32.697 31466 31492 D UE4     : [2018.11.09-04.29.32:697][  0]LogDevObjectVersion:   Dev-Rendering (12F88B9F-8875-4AFC-A67C-D90C383ABD29): 26
11-08 22:29:32.697 31466 31492 D UE4     : [2018.11.09-04.29.32:697][  0]LogDevObjectVersion:   Dev-Sequencer (7B5AE74C-D270-4C10-A958-57980B212A5A): 9
11-08 22:29:32.697 31466 31492 D UE4     : [2018.11.09-04.29.32:697][  0]LogDevObjectVersion:   Dev-VR (D7296918-1DD6-4BDD-9DE2-64A83CC13884): 2
11-08 22:29:32.698 31466 31492 D UE4     : [2018.11.09-04.29.32:697][  0]LogDevObjectVersion:   Dev-LoadTimes (C2A15278-BFE7-4AFE-6C17-90FF531DF755): 1
11-08 22:29:32.698 31466 31492 D UE4     : [2018.11.09-04.29.32:698][  0]LogDevObjectVersion:   Private-Geometry (6EACA3D4-40EC-4CC1-B786-8BED09428FC5): 3
11-08 22:29:32.698 31466 31492 D UE4     : [2018.11.09-04.29.32:698][  0]LogDevObjectVersion:   Dev-AnimPhys (29E575DD-E0A3-4627-9D10-D276232CDCEA): 17
11-08 22:29:32.698 31466 31492 D UE4     : [2018.11.09-04.29.32:698][  0]LogDevObjectVersion:   Dev-ReflectionCapture (6B266CEC-1EC7-4B8F-A30B-E4D90942FC07): 1
11-08 22:29:32.698 31466 31492 D UE4     : [2018.11.09-04.29.32:698][  0]LogDevObjectVersion:   Dev-Automation (0DF73D61-A23F-47EA-B727-89E90C41499A): 1
11-08 22:29:32.698 31466 31492 D UE4     : [2018.11.09-04.29.32:698][  0]LogDevObjectVersion:   FortniteMain (601D1886-AC64-4F84-AA16-D3DE0DEAC7D6): 12
11-08 22:29:32.698 31466 31492 D UE4     : [2018.11.09-04.29.32:698][  0]LogDevObjectVersion:   Dev-Enterprise (9DFFBCD6-494F-0158-E221-12823C92A888): 1
11-08 22:29:32.698 31466 31492 D UE4     : [2018.11.09-04.29.32:698][  0]LogStreaming: Display: Took  0.000s to delete old logs.
11-08 22:29:32.698 31466 31492 D UE4     : [2018.11.09-04.29.32:698][  0]LogInit: Presizing for max 131072 objects, including 0 objects not considered by GC, pre-allocating 0 bytes for permanent pool.
11-08 22:29:32.698 31466 31492 D UE4     : [2018.11.09-04.29.32:698][  0]LogStreaming: Display: Async Loading initialized: Event Driven Loader: true, Async Loading Thread: false, Async Post Load: true
11-08 22:29:32.699 31466 31492 D UE4     : [2018.11.09-04.29.32:698][  0]LogInit: Object subsystem initialized
11-08 22:29:32.699 31466 31492 D UE4     : [2018.11.09-04.29.32:699][  0]LogAndroid: Mobile HDR: no
11-08 22:29:32.699 31466 31492 D UE4     : [2018.11.09-04.29.32:699][  0]LogAndroid: Setting Width=1280 and Height=720 (requested scale = 1.000000)
11-08 22:29:32.699 31466 31492 D UE4     : [2018.11.09-04.29.32:699][  0]LogAndroid: Checking 31 rules from DeviceProfile ini file.
11-08 22:29:32.699 31466 31492 D UE4     : [2018.11.09-04.29.32:699][  0]LogAndroid:   Default profile: Android_Default
11-08 22:29:32.699 31466 31492 D UE4     : [2018.11.09-04.29.32:699][  0]LogAndroid:   GpuFamily: Adreno (TM) 530
11-08 22:29:32.699 31466 31492 D UE4     : [2018.11.09-04.29.32:699][  0]LogAndroid:   GlVersion: OpenGL ES 3.2 V@313.0 (GIT@984b9a6, Ibe1bf21abc) (Date:06/04/18)
11-08 22:29:32.699 31466 31492 D UE4     : [2018.11.09-04.29.32:699][  0]LogAndroid:   VulkanAvailable: false
11-08 22:29:32.699 31466 31492 D UE4     : [2018.11.09-04.29.32:699][  0]LogAndroid:   VulkanVersion: 1.1.66
11-08 22:29:32.699 31466 31492 D UE4     : [2018.11.09-04.29.32:699][  0]LogAndroid:   AndroidVersion: 9
11-08 22:29:32.699 31466 31492 D UE4     : [2018.11.09-04.29.32:699][  0]LogAndroid:   DeviceMake: Google
11-08 22:29:32.700 31466 31492 D UE4     : [2018.11.09-04.29.32:699][  0]LogAndroid:   DeviceModel: Pixel
11-08 22:29:32.700 31466 31492 D UE4     : [2018.11.09-04.29.32:700][  0]LogAndroid:   UsingHoudini: false
11-08 22:29:32.700 31466 31492 D UE4     : [2018.11.09-04.29.32:700][  0]LogAndroid: Selected Device Profile: [Android_Adreno5xx]
11-08 22:29:32.700 31466 31492 D UE4     : [2018.11.09-04.29.32:700][  0]LogInit: Applying CVar settings loaded from the selected device profile: [Android_Adreno5xx]
11-08 22:29:32.700 31466 31492 D UE4     : [2018.11.09-04.29.32:700][  0]LogHAL: Display: Platform has ~ 4 GB [3944181760 / 4294967296 / 4], which maps to Default [LargestMinGB=8, LargerMinGB=6, DefaultMinGB=4, SmallerMinGB=3, SmallestMinGB=0)
11-08 22:29:32.700 31466 31492 D UE4     : [2018.11.09-04.29.32:700][  0]LogInit: Setting Device Profile CVar: [[r.DisjointTimerQueries:1]]
11-08 22:29:32.700 31466 31492 D UE4     : [2018.11.09-04.29.32:700][  0]LogInit: Going up to parent DeviceProfile [Android_High]
11-08 22:29:32.700 31466 31492 D UE4     : [2018.11.09-04.29.32:700][  0]LogInit: Setting Device Profile CVar: [[r.BloomQuality:1]]
11-08 22:29:32.700 31466 31492 D UE4     : [2018.11.09-04.29.32:700][  0]LogInit: Setting Device Profile CVar: [[r.DepthOfFieldQuality:1]]
11-08 22:29:32.700 31466 31492 D UE4     : [2018.11.09-04.29.32:700][  0]LogInit: Setting Device Profile CVar: [[r.LightShaftQuality:1]]
11-08 22:29:32.700 31466 31492 D UE4     : [2018.11.09-04.29.32:700][  0]LogInit: Setting Device Profile CVar: [[r.RefractionQuality:1]]
11-08 22:29:32.700 31466 31492 D UE4     : [2018.11.09-04.29.32:700][  0]LogInit: Setting Device Profile CVar: [[r.MobileContentScaleFactor:1.0]]
11-08 22:29:32.701 31466 31492 D UE4     : [2018.11.09-04.29.32:700][  0]LogInit: Going up to parent DeviceProfile [Android]
11-08 22:29:32.701 31466 31492 D UE4     : [2018.11.09-04.29.32:701][  0]LogInit: Setting Device Profile CVar: [[r.ShadowQuality:2]]
11-08 22:29:32.701 31466 31492 D UE4     : [2018.11.09-04.29.32:701][  0]LogInit: Setting Device Profile CVar: [[slate.AbsoluteIndices:1]]
11-08 22:29:32.701 31466 31492 D UE4     : [2018.11.09-04.29.32:701][  0]LogInit: Setting Device Profile CVar: [[r.Vulkan.DelayAcquireBackBuffer:0]]
11-08 22:29:32.701 31466 31492 D UE4     : [2018.11.09-04.29.32:701][  0]LogInit: Going up to parent DeviceProfile []
11-08 22:29:32.701 31466 31492 D UE4     : [2018.11.09-04.29.32:701][  0]LogInit: Memory total: Physical=3761.46MB (4GB approx) Available=1904.48MB PageSize=4.0KB
11-08 22:29:32.701 31466 31492 D UE4     : [2018.11.09-04.29.32:701][  0]LogInit: Using OS detected language (en-US).
11-08 22:29:32.701 31466 31492 D UE4     : [2018.11.09-04.29.32:701][  0]LogInit: Using OS detected locale (en-US).
11-08 22:29:32.701 31466 31492 D UE4     : [2018.11.09-04.29.32:701][  0]LogTextLocalizationManager: No specific localization for 'en-US' exists, so the 'en' localization will be used.
11-08 22:29:32.701 31466 31492 D UE4     : [2018.11.09-04.29.32:701][  0]LogStreaming: Display: Took  0.114s to InitEngineTextLocalization.
11-08 22:29:32.701 31466 31492 D UE4     : [2018.11.09-04.29.32:701][  0]LogSlate: New Slate User Created.  User Index 0, Is Virtual User: 0
11-08 22:29:32.701 31466 31492 D UE4     : [2018.11.09-04.29.32:701][  0]LogSlate: Slate User Registered.  User Index 0, Is Virtual User: 0
11-08 22:29:32.702 31466 31492 D UE4     : [2018.11.09-04.29.32:702][  0]LogRHI: Initializing OpenGL RHI
11-08 22:29:32.702 31466 31492 D UE4     : [2018.11.09-04.29.32:702][  0]LogRHI:   GL_VENDOR: Qualcomm
11-08 22:29:32.702 31466 31492 D UE4     : [2018.11.09-04.29.32:702][  0]LogRHI:   GL_RENDERER: Adreno (TM) 530
