--------- beginning of main
10-03 18:24:47.198 27516 27516 I chatty  : uid=2000(shell) /system/bin/adbd expire 8 lines
10-03 18:24:47.248 27516 27516 W /system/bin/adbd: type=1400 audit(0.0:33391): avc: denied { search } for comm=73796E6320737663203230 name="oem" dev="dm-0" ino=19 scontext=u:r:adbd:s0 tcontext=u:object_r:oemfs:s0 tclass=dir permissive=0
--------- beginning of system
10-03 18:24:48.244   926  1978 I ActivityManager: START u0 {flg=0x10000000 cmp=com.YourCompany.GiftGame/com.epicgames.ue4.SplashActivity} from uid 2000
10-03 18:24:48.279   666   666 D QCOM PowerHAL: LAUNCH HINT: ON
10-03 18:24:48.281   666   666 D QCOM PowerHAL: Activity launch hint handled
10-03 18:24:48.338   926  1018 I ActivityManager: Config changes=20000480 {1.0 311mcc480mnc [en_US] ldltr sw411dp w683dp h387dp 420dpi nrml land night finger -keyb/v/h -nav/h winConfig={ mBounds=Rect(0, 0 - 1794, 1080) mAppBounds=Rect(0, 0 - 1794, 1080) mWindowingMode=fullscreen mActivityType=undefined} s.135}
10-03 18:24:48.344 22390 22427 I PBSessionCacheImpl: Deleted sessionId[98473799976861757] from persistence.
10-03 18:24:48.354 22390 22390 W SearchServiceCore: Abort, client detached.
10-03 18:24:48.365 27620 27620 I ompany.GiftGam: Late-enabling -Xcheck:jni
10-03 18:24:48.378   926  1018 I ActivityManager: Override config changes=20000480 {1.0 311mcc480mnc [en_US] ldltr sw411dp w683dp h387dp 420dpi nrml land night finger -keyb/v/h -nav/h winConfig={ mBounds=Rect(0, 0 - 1794, 1080) mAppBounds=Rect(0, 0 - 1794, 1080) mWindowingMode=fullscreen mActivityType=undefined} s.135} for displayId=0
10-03 18:24:48.387   926   987 I ActivityManager: Start proc 27620:com.YourCompany.GiftGame/u0a290 for activity com.YourCompany.GiftGame/com.epicgames.ue4.SplashActivity
10-03 18:24:48.389   926  1294 I InputReader: Reconfiguring input devices.  changes=0x00000004
10-03 18:24:48.389   926  1294 I InputReader: Device reconfigured: id=6, name='synaptics_dsxv26', size 1080x1920, orientation 1, mode 1, display id 0
10-03 18:24:48.460   926  1978 W ActivityManager: Slow operation: 53ms so far, now at getContentProviderImpl: after updateOomAdj
10-03 18:24:48.460   926  1978 W ActivityManager: Slow operation: 53ms so far, now at getContentProviderImpl: done!
10-03 18:24:48.461   926  1294 I InputReader: Reconfiguring input devices.  changes=0x00000004
10-03 18:24:48.462   926  1294 I InputReader: Reconfiguring input devices.  changes=0x00000004
10-03 18:24:48.721 27552 27552 D MusicLifecycle: com.google.android.music.store.MusicContentProvider generated event: initializing
10-03 18:24:48.746  1462  1462 D StatusBar: disable<e i a s b h r c s > disable2<q i n >
10-03 18:24:48.876   926  1978 W ActivityManager: Request to remove task ignored for non-existent task 234
10-03 18:24:48.913 27620 27620 I ompany.GiftGam: The ClassLoaderContext is a special shared library.
10-03 18:24:48.969  1462  1462 D StatusBar: disable<e i a s b h r c s > disable2<q i n >
10-03 18:24:48.993 27552 27552 D MusicLifecycle: com.google.android.music.api.MusicPublicContentProvider generated event: initializing
10-03 18:24:49.009   492  1323 W SurfaceFlinger: Attempting to destroy on removed layer: fe0f9b5 AssistPreviewPanel#0
10-03 18:24:49.016   667   862 I nanohub : osLog: [AR_CHRE] still: 100
10-03 18:24:49.016   926  2840 I ActivityManager: START u0 {flg=0x10000 cmp=com.YourCompany.GiftGame/com.epicgames.ue4.GameActivity (has extras)} from uid 10290
10-03 18:24:49.018   666   666 D QCOM PowerHAL: LAUNCH HINT: ON
10-03 18:24:49.038   492   527 W SurfaceFlinger: Attempting to destroy on removed layer: 747c31 DockedStackDivider#0
10-03 18:24:49.115   926  2840 I WindowManager: Screen frozen for +804ms due to AppWindowToken{64b20c0 token=Token{9ebd243 ActivityRecord{cf01bf2 u0 com.YourCompany.GiftGame/com.epicgames.ue4.SplashActivity t235}}}
10-03 18:24:49.126 27620 27620 W ActivityThread: handleWindowVisibility: no activity for token android.os.BinderProxy@39c3c03
10-03 18:24:49.201 27620 27620 W linker  : Warning: "/data/app/com.YourCompany.GiftGame-5U56xa017hlQ86ipJJK9fQ==/lib/arm/libOVRPlugin.so" has no DT_SONAME (will use libOVRPlugin.so instead) and will not work when the app moves to API level 23 or later (https://android.googlesource.com/platform/bionic/+/master/missing-soname-enforced-for-api-level-23) (allowing for now because this app's target API level is still 14)
10-03 18:24:49.203 27620 27620 D OVRPlugin: JNI_OnLoad
10-03 18:24:49.210 27620 27620 E libsigchain: Warning: Unexpected sigaction action found 0xf36e0765
10-03 18:24:49.732 27620 27620 D UE4     : Used memory before allocating anything was 65.51MB
