10-24 23:13:22.502 10196 10223 D UE4     : [2018.10.25-04.13.22:502][  0]LogStreaming: Error: Couldn't find file for package /Game/Blueprints/MPGameInstance requested by async loading code. NameToLoad: /Game/Blueprints/MPGameInstance
10-24 23:13:22.502 10196 10223 D UE4     : LogStreaming: Error: Found 0 dependent packages...
10-24 23:13:22.502 10196 10223 D UE4     : 
10-24 23:13:22.502 10196 10223 D UE4     : [2018.10.25-04.13.22:502][  0]LogStreaming: Error: Found 0 dependent packages...
10-24 23:13:22.506 10196 10223 D UE4     : LogEngine: Error: Unable to load GameInstance Class '/Game/Blueprints/MPGameInstance.MPGameInstance_C'. Falling back to generic UGameInstance.
10-24 23:13:22.506 10196 10223 D UE4     : 
10-24 23:13:22.506 10196 10223 D UE4     : [2018.10.25-04.13.22:506][  0]LogEngine: Error: Unable to load GameInstance Class '/Game/Blueprints/MPGameInstance.MPGameInstance_C'. Falling back to generic UGameInstance.
10-24 23:13:22.510 10284 10284 E propClient: PropClient failed to load
10-24 23:13:22.523 10196 10223 D UE4     : [2018.10.25-04.13.22:523][  0]LogSlate: Updating window title bar state: overlay mode, drag disabled, window buttons hidden, title bar hidden
10-24 23:13:22.524 10196 10223 D UE4     : LogInit: Display: Game Engine Initialized.
10-24 23:13:22.524 10196 10223 D UE4     : 
10-24 23:13:22.524 10196 10223 D UE4     : [2018.10.25-04.13.22:524][  0]LogInit: Display: Game Engine Initialized.
10-24 23:13:22.524 10196 10223 D UE4     : LogGameplayTags: Display: UGameplayTagsManager::DoneAddingNativeTags. DelegateIsBound: 0
10-24 23:13:22.524 10196 10223 D UE4     : 
10-24 23:13:22.524 10196 10223 D UE4     : [2018.10.25-04.13.22:524][  0]LogGameplayTags: Display: UGameplayTagsManager::DoneAddingNativeTags. DelegateIsBound: 0
10-24 23:13:22.525 10196 10223 D UE4     : [2018.10.25-04.13.22:525][  0]LogStats: UGameplayTagsManager::ConstructGameplayTagTree: ImportINI prefixes -  0.000 s
10-24 23:13:22.525 10196 10223 D UE4     : [2018.10.25-04.13.22:525][  0]LogStats: UGameplayTagsManager::ConstructGameplayTagTree: Construct from data asset -  0.000 s
10-24 23:13:22.525 10196 10223 D UE4     : [2018.10.25-04.13.22:525][  0]LogStats: UGameplayTagsManager::ConstructGameplayTagTree: ImportINI -  0.000 s
10-24 23:13:22.525 10196 10223 D UE4     : [2018.10.25-04.13.22:525][  0]LogStats: UGameplayTagsManager::ConstructGameplayTagTree: GameplayTagTreeChangedEvent.Broadcast -  0.000 s
10-24 23:13:22.598 10196 10223 D UE4     : LogInit: Display: Starting Game.
10-24 23:13:22.598 10196 10223 D UE4     : 
10-24 23:13:22.598 10196 10223 D UE4     : [2018.10.25-04.13.22:598][  0]LogInit: Display: Starting Game.
10-24 23:13:22.598 10196 10223 D UE4     : [2018.10.25-04.13.22:598][  0]LogNet: Browse: /Game/Levels/MainMenu/MainMenu?Name=Player
10-24 23:13:22.599 10196 10223 D UE4     : [2018.10.25-04.13.22:599][  0]LogLoad: LoadMap: /Game/Levels/MainMenu/MainMenu?Name=Player
10-24 23:13:22.832 10196 10223 D UE4     : [2018.10.25-04.13.22:832][  0]LogAIModule: Creating AISystem for world MainMenu
10-24 23:13:22.833 10196 10223 D UE4     : [2018.10.25-04.13.22:833][  0]LogLoad: Game class is 'MenuGameMode_C'
10-24 23:13:22.843 10196 10223 D UE4     : [2018.10.25-04.13.22:843][  0]LogWorld: Bringing World /Game/Levels/MainMenu/MainMenu.MainMenu up for play (max tick rate 0) at 2018.10.24-23.13.22
10-24 23:13:22.844 10196 10223 D UE4     : [2018.10.25-04.13.22:844][  0]LogWorld: Bringing up level for play took: 0.001662
10-24 23:13:22.845 10196 10223 D UE4     : LogOnline: Warning: FOnlineSubsystemGooglePlayModule was disabled
10-24 23:13:22.845 10196 10223 D UE4     : 
10-24 23:13:22.845 10196 10223 D UE4     : [2018.10.25-04.13.22:845][  0]LogOnline: Warning: FOnlineSubsystemGooglePlayModule was disabled
10-24 23:13:22.846 10196 10223 D UE4     : [2018.10.25-04.13.22:846][  0]LogGameMode: FindPlayerStart: PATHS NOT DEFINED or NO PLAYERSTART with positive rating
10-24 23:13:22.850 10196 10223 D UE4     : LogUMG: Display: Widget Class MainMenuWidget_C - Loaded Fast Template.
10-24 23:13:22.850 10196 10223 D UE4     : 
10-24 23:13:22.850 10196 10223 D UE4     : [2018.10.25-04.13.22:850][  0]LogUMG: Display: Widget Class MainMenuWidget_C - Loaded Fast Template.
10-24 23:13:22.858 10196 10223 D UE4     : [2018.10.25-04.13.22:858][  0]LogSlate: Took 0.000429 seconds to synchronously load lazily loaded font '../../../Engine/Content/Slate/Fonts/Roboto-Regular.ttf' (155K)
10-24 23:13:22.862 10196 10223 D UE4     : [2018.10.25-04.13.22:862][  0]LogLoad: Took 0.262707 seconds to LoadMap(/Game/Levels/MainMenu/MainMenu)
10-24 23:13:22.863 10196 10223 D UE4     : [2018.10.25-04.13.22:863][  0]LogSlate: Took 0.000463 seconds to synchronously load lazily loaded font '../../../Engine/Content/EngineFonts/Faces/RobotoBold.ufont' (160K)
10-24 23:13:22.872 10196 10265 D UE4     : *** JavaEnvDestructor: 10265
10-24 23:13:22.874 10196 10263 D UE4     : AndroidEGL::ResetDisplay()
10-24 23:13:22.874 10196 10263 D UE4     : *** JavaEnvDestructor: 10263
10-24 23:13:22.889 10196 10223 D UE4     : [2018.10.25-04.13.22:889][  0]LogAndroid: Passed GEngineLoop.Init()
10-24 23:13:22.889 10196 10223 D UE4     : LogModuleManager: Warning: ModuleManager: Module 'FunctionalTesting' not found - its StaticallyLinkedModuleInitializers function is null.
10-24 23:13:22.890 10196 10223 D UE4     : 
10-24 23:13:22.890 10196 10223 D UE4     : [2018.10.25-04.13.22:890][  0]LogModuleManager: Warning: ModuleManager: Module 'FunctionalTesting' not found - its StaticallyLinkedModuleInitializers function is null.
10-24 23:13:22.896  2749  2749 E adbd    : recv: OPEN 00001f16 00000000 0009:74 63 70 3A 36 36 36 36 00 
10-24 23:13:22.896  2749  2749 E adbd    : service_to_fd: tcp:6666
10-24 23:13:22.898  1146  1555 D DnsProxyListener: DNSDBG::dns addrinfo af 2
10-24 23:13:22.899 10196 10223 D UE4     : LogAndroidEvents: Display: DequeueAppEvent : 9, 0
10-24 23:13:22.899 10196 10223 D UE4     : 
10-24 23:13:22.899 10196 10223 D UE4     : [2018.10.25-04.13.22:899][  0]LogRenderer: Reallocating scene render targets to support 1280x720 Format 10 NumSamples 1 (Frame:1).
10-24 23:13:22.899 10196 10223 D UE4     : [2018.10.25-04.13.22:899][  0]LogAndroidEvents: Display: DequeueAppEvent : 9, 0
10-24 23:13:22.899 10196 10223 D UE4     : LogAndroidEvents: Display: DequeueAppEvent : 7, 0
10-24 23:13:22.899 10196 10223 D UE4     : 
10-24 23:13:22.899 10196 10223 D UE4     : [2018.10.25-04.13.22:899][  0]LogAndroidEvents: Display: DequeueAppEvent : 7, 0
10-24 23:13:22.899 10196 10223 D UE4     : LogAndroidEvents: Display: DequeueAppEvent : 0, 3358738440
10-24 23:13:22.899 10196 10223 D UE4     : 
10-24 23:13:22.899 10196 10223 D UE4     : [2018.10.25-04.13.22:899][  0]LogAndroidEvents: Display: DequeueAppEvent : 0, 3358738440
10-24 23:13:22.899 10196 10223 D UE4     : APP_EVENT_STATE_WINDOW_CREATED, 0, 0, 1
10-24 23:13:22.900 10196 10223 D UE4     : LogAndroidEvents: Display: ExecWindowCreated
10-24 23:13:22.900 10196 10223 D UE4     : 
10-24 23:13:22.900 10196 10223 D UE4     : [2018.10.25-04.13.22:900][  0]LogAndroidEvents: Display: ExecWindowCreated
10-24 23:13:22.900 10196 10223 D UE4     : AndroidEGL::ReInitWindow()
10-24 23:13:22.900 10196 10223 D UE4     : AndroidEGL::ReInit()
10-24 23:13:22.900 10196 10223 D UE4     : AndroidEGL::ResetDisplay()
10-24 23:13:22.900 10196 10223 D UE4     : AndroidEGL::InitSurface 0, 1
10-24 23:13:22.900 10196 10223 D UE4     : AndroidEGL::CreateEGLSurface() Already initialized: 0xbf083a50
10-24 23:13:22.900 10196 10223 D UE4     : ExecWindowCreated, 0, 1, 1
10-24 23:13:22.900 10196 10223 D UE4     : [2018.10.25-04.13.22:900][  0]LogTemp: Android resume audio
10-24 23:13:22.901 10196 10225 D OpenGLRenderer: eglDestroySurface = 0xdcfea470
10-24 23:13:22.902 10196 10196 D ViewRootImpl@6d19ca8[GameActivity]: dispatchDetachedFromWindow
10-24 23:13:22.903 10196 10196 D InputEventReceiver: channel '27b7ee2 com.YourCompany.GiftGame/com.epicgames.ue4.GameActivity (client)' ~ Disposing input event receiver.
10-24 23:13:22.903 10196 10196 D InputEventReceiver: channel '27b7ee2 com.YourCompany.GiftGame/com.epicgames.ue4.GameActivity (client)' ~NativeInputEventReceiver.
10-24 23:13:22.905 10196 10223 D UE4     : Registering volume receiver
10-24 23:13:22.905  1417  6647 I WindowManager: Destroying surface Surface(name=com.YourCompany.GiftGame/com.epicgames.ue4.GameActivity) called by com.android.server.wm.WindowStateAnimator.destroySurface:2501 com.android.server.wm.WindowStateAnimator.destroySurfaceLocked:985 com.android.server.wm.WindowState.removeImmediately:2403 com.android.server.wm.WindowState.removeIfPossible:2611 com.android.server.wm.WindowState.removeIfPossible:2441 com.android.server.wm.WindowManagerService.removeWindow:2019 com.android.server.wm.Session.remove:237 android.view.IWindowSession$Stub.onTransact:242 
10-24 23:13:22.906   772   842 I SurfaceFlinger: id=3443 Removed com.YourCompany.GiftGame/com.epicgames.ue4.GameActivity#0 (2/4)
10-24 23:13:22.907   772   842 I SurfaceFlinger: id=3443 Removed com.YourCompany.GiftGame/com.epicgames.ue4.GameActivity#0 (-2/4)
10-24 23:13:22.910  1417  6646 D AudioService: GetAppDevice, uid=10512
10-24 23:13:22.911  1417  6646 D AudioService: getStreamVolume 3 index 100
10-24 23:13:22.911 10196 10223 D UE4     : startVolumeReceiver: 10
10-24 23:13:22.911 10196 10223 D UE4     : nativeVolumeEvent(10)
10-24 23:13:22.912 10196 10223 D UE4     : Registering battery receiver
10-24 23:13:22.914 10196 10223 D UE4     : Registering headset receiver
10-24 23:13:22.914   772   772 I Layer   : id=3443 onRemoved com.YourCompany.GiftGame/com.epicgames.ue4.GameActivity#0 
10-24 23:13:22.920   772   772 I SurfaceFlinger: Display 0 HWC layers:
10-24 23:13:22.920   772   772 I SurfaceFlinger:     type    |    handle    | flag |  format   |   source crop (l,t,r,b)    |         frame       | name 
10-24 23:13:22.920   772   772 I SurfaceFlinger: ------------+--------------+------+-----------+----------------------------+---------------------+------
10-24 23:13:22.920   772   772 I SurfaceFlinger:  SolidColor |              | 0002 |  Unknown  |   0.0    0.0   -1.0   -1.0 |    0    0 1080 1920 | Background for - SurfaceView - com.Y[...]icgames.ue4.GameActivity@2b5d69b@0#0
10-24 23:13:22.920   772   772 I SurfaceFlinger:      Device | 0x7dd43c3580 | 0000 | RGBA_8888 |   0.0    0.0 1080.0 1920.0 |    0    0 1080 1920 | com.YourCompany.GiftGame/com.epicgames.ue4.GameActivity#1
10-24 23:13:22.920   772   772 I SurfaceFlinger: 
10-24 23:13:22.920 10196 10223 D UE4     : startHeadsetReceiver: 0
10-24 23:13:22.920 10196 10223 D UE4     : nativeHeadsetEvent(0)
10-24 23:13:22.921 10196 10196 D UE4     : Battery: status = 5, rawlevel = 100, scale = 100
10-24 23:13:22.922 10196 10196 D UE4     : nativeBatteryEvent(stat = 5, lvl = 100  temp = 32.60 C)
10-24 23:13:22.931 10196 10271 D UE4     : *** JavaEnvDestructor: 10271
10-24 23:13:23.228 10196 10269 D UE4     : *** JavaEnvDestructor: 10269
10-24 23:13:23.231 10196 10270 D UE4     : *** JavaEnvDestructor: 10270
10-24 23:13:23.234 10196 10268 D UE4     : *** JavaEnvDestructor: 10268
10-24 23:13:23.338 10196 10223 D UE4     : [2018.10.25-04.13.23:338][  0]LogUdpMessaging: Initializing bridge on interface 0.0.0.0:0 to multicast group 230.0.0.1:6666.
10-24 23:13:23.663  1042  3276 V APM_AudioPolicyManager: getAudioPolicyConfig: audioParam;outDevice
10-24 23:13:23.664  1042  3276 V APM_AudioPolicyManager: getNewOutputDevice() selected device 0
10-24 23:13:23.664  1042  3276 V APM_AudioPolicyManager: ### curdevice : 2
10-24 23:13:23.667  1042  3276 V APM_AudioPolicyManager: getAudioPolicyConfig: audioParam;outDevice
10-24 23:13:23.668  1042  3276 V APM_AudioPolicyManager: getNewOutputDevice() selected device 0
10-24 23:13:23.668  1042  3276 V APM_AudioPolicyManager: ### curdevice : 2
10-24 23:13:23.670  1042  3276 V APM_AudioPolicyManager: getAudioPolicyConfig: audioParam;outDevice
10-24 23:13:23.671  1042  3276 V APM_AudioPolicyManager: getNewOutputDevice() selected device 0
10-24 23:13:23.671  1042  3276 V APM_AudioPolicyManager: ### curdevice : 2
10-24 23:13:23.716  1042  3276 V APM_AudioPolicyManager: getAudioPolicyConfig: audioParam;activeStream
10-24 23:13:23.716  1042  3276 V APM_AudioPolicyManager: ### active stream : 0
10-24 23:13:23.717  1417  7866 D AudioService: active stream is 0x0
10-24 23:13:23.812  2749  2749 E adbd    : recv: OPEN 00001f1a 00000000 000c:73 68 65 6C 6C 2C 76 32 3A 70 73 00 
10-24 23:13:23.812  2749  2749 E adbd    : service_to_fd: shell,v2:ps
10-24 23:13:23.841 10294 10294 E propClient: PropClient failed to load
10-24 23:13:23.853 10294 10294 E propClient: PropClient failed to load
10-24 23:13:23.900  3651  3651 D io_stats: !@   8,0 r 2503423 97561136 w 1121645 19193948 d 79727 6526592 f 496532 496901 iot 2004770 1208372 th 51200 0 0 pt 0 inp 0 0 85874.865
10-24 23:13:23.914 10196 10267 D UE4     : *** JavaEnvDestructor: 10267
10-24 23:13:24.227 10196 10266 D UE4     : *** JavaEnvDestructor: 10266
10-24 23:13:24.232 10196 10289 D UE4     : *** JavaEnvDestructor: 10289
10-24 23:13:24.337 10196 10223 D UE4     : [2018.10.25-04.13.24:337][  0]LogTcpMessaging: Initializing TcpMessaging bridge, listening on 127.0.0.1:6666
10-24 23:13:24.353 10196 10223 D UE4     : Execution has been resumed!
10-24 23:13:24.354 10196 10223 D UE4     : LogAndroidEvents: Display: DequeueAppEvent : 6, 0
10-24 23:13:24.354 10196 10223 D UE4     : 
10-24 23:13:24.356 10196 10223 D UE4     : [2018.10.25-04.13.24:356][  0]LogAndroidEvents: Display: DequeueAppEvent : 6, 0
10-24 23:13:24.457 10196 10293 D UE4     : *** JavaEnvDestructor: 10293
10-24 23:13:24.670  1417  7866 D GameManagerService: identifyGamePackage. com.YourCompany.GiftGame
10-24 23:13:24.672  1417  2448 D SamsungAlarmManager: Expired : 8
10-24 23:13:24.673  1417  7866 D GamePkgDataHelper: getGamePkgData(). com.YourCompany.GiftGame
10-24 23:13:24.674  1417  2448 V SamsungAlarmManager: Sending to uid : 10068 action=null alarm=Alarm{fbd048d type 3 when 352752248 com.asurion.android.verizon.vms}
10-24 23:13:24.720  1417  6647 D SamsungAlarmManager: setExact Intent (T:3/F:5/AC:false) 20181024T231329 - CU:10068/CP:4257
10-24 23:13:25.071  2749  2749 E adbd    : recv: OPEN 00001f1e 00000000 000c:73 68 65 6C 6C 2C 76 32 3A 70 73 00 
10-24 23:13:25.072  2749  2749 E adbd    : service_to_fd: shell,v2:ps
10-24 23:13:25.102 10299 10299 E propClient: PropClient failed to load
10-24 23:13:25.114 10299 10299 E propClient: PropClient failed to load
10-24 23:13:25.358 10196 10291 D UE4     : *** JavaEnvDestructor: 10291
10-24 23:13:25.360 10196 10292 D UE4     : *** JavaEnvDestructor: 10292
10-24 23:13:25.362 10196 10290 D UE4     : *** JavaEnvDestructor: 10290
10-24 23:13:25.858 25965 26148 D kinfoc  : report thread running
10-24 23:13:25.859 25965 26148 D kinfoc  : reporting all files
10-24 23:13:25.863 25965 26148 D kinfoc  : no files to report
10-24 23:13:26.111  1417  7866 D GameManagerService: identifyGamePackage. com.YourCompany.GiftGame
10-24 23:13:26.111  1417  7866 D GamePkgDataHelper: getGamePkgData(). com.YourCompany.GiftGame
10-24 23:13:26.241  2749  2749 E adbd    : recv: OPEN 00001f1f 00000000 0009:74 63 70 3A 36 36 36 36 00 
10-24 23:13:26.241  2749  2749 E adbd    : service_to_fd: tcp:6666
10-24 23:13:26.244  1146  1555 D DnsProxyListener: DNSDBG::dns addrinfo af 2
10-24 23:13:26.254 10196 10297 D UE4     : *** JavaEnvDestructor: 10297
10-24 23:13:26.318  2749  2749 E adbd    : recv: OPEN 00001f23 00000000 000c:73 68 65 6C 6C 2C 76 32 3A 70 73 00 
10-24 23:13:26.318  2749  2749 E adbd    : service_to_fd: shell,v2:ps
10-24 23:13:26.327 10310 10310 E propClient: PropClient failed to load
10-24 23:13:26.343 10196 10296 D UE4     : *** JavaEnvDestructor: 10296
10-24 23:13:26.346 10310 10310 E propClient: PropClient failed to load
10-24 23:13:26.358 10196 10223 D UE4     : Unregistering volume receiver
10-24 23:13:26.361 10196 10223 D UE4     : Unregistering battery receiver
10-24 23:13:26.362 10196 10223 D UE4     : Unregistering headset receiver
10-24 23:13:26.366 10196 10287 D UE4     : *** JavaEnvDestructor: 10287
10-24 23:13:26.371 10196 10286 D UE4     : AndroidEGL::ResetDisplay()
10-24 23:13:26.372 10196 10286 D UE4     : *** JavaEnvDestructor: 10286
10-24 23:13:26.375 10196 10223 D UE4     : [2018.10.25-04.13.26:375][  0]LogTemp: Android pause audio
10-24 23:13:26.382 10196 10223 D UE4     : Execution has been paused...
10-24 23:13:26.383 10196 10223 D UE4     : LogAndroidEvents: Display: DequeueAppEvent : 11, 0
10-24 23:13:26.383 10196 10223 D UE4     : 
10-24 23:13:26.383 10196 10223 D UE4     : [2018.10.25-04.13.26:383][  0]LogAndroidEvents: Display: DequeueAppEvent : 11, 0
10-24 23:13:26.383 10196 10223 D UE4     : LogAndroidEvents: Display: DequeueAppEvent : 10, 0
10-24 23:13:26.383 10196 10223 D UE4     : 
10-24 23:13:26.383 10196 10223 D UE4     : [2018.10.25-04.13.26:383][  0]LogAndroidEvents: Display: DequeueAppEvent : 10, 0
10-24 23:13:26.383 10196 10223 D UE4     : LogAndroidEvents: Display: DequeueAppEvent : 11, 0
10-24 23:13:26.383 10196 10223 D UE4     : 
10-24 23:13:26.383 10196 10223 D UE4     : [2018.10.25-04.13.26:383][  0]LogAndroidEvents: Display: DequeueAppEvent : 11, 0
10-24 23:13:26.383 10196 10223 D UE4     : LogAndroidEvents: Display: DequeueAppEvent : 7, 0
10-24 23:13:26.383 10196 10223 D UE4     : 
10-24 23:13:26.383 10196 10223 D UE4     : [2018.10.25-04.13.26:383][  0]LogAndroidEvents: Display: DequeueAppEvent : 7, 0
10-24 23:13:26.392 10196 10223 D UE4     : [2018.10.25-04.13.26:392][  0]LogTemp: Android resume audio
10-24 23:13:26.393 10196 10223 D UE4     : Registering volume receiver
10-24 23:13:26.396  1417  6647 D AudioService: GetAppDevice, uid=10512
10-24 23:13:26.397  1417  6647 D AudioService: getStreamVolume 3 index 100
10-24 23:13:26.398 10196 10223 D UE4     : startVolumeReceiver: 10
10-24 23:13:26.398 10196 10223 D UE4     : nativeVolumeEvent(10)
10-24 23:13:26.398 10196 10223 D UE4     : Registering battery receiver
10-24 23:13:26.401 10196 10223 D UE4     : Registering headset receiver
10-24 23:13:26.405 10196 10223 D UE4     : startHeadsetReceiver: 0
10-24 23:13:26.405 10196 10223 D UE4     : nativeHeadsetEvent(0)
10-24 23:13:26.405 10196 10223 D UE4     : [2018.10.25-04.13.26:405][  0]LogUdpMessaging: Initializing bridge on interface 0.0.0.0:0 to multicast group 230.0.0.1:6666.
10-24 23:13:26.415 10196 10223 D UE4     : [2018.10.25-04.13.26:415][  0]LogTcpMessaging: Initializing TcpMessaging bridge, listening on 127.0.0.1:6666
10-24 23:13:26.420 10196 10223 D UE4     : Execution has been resumed!
10-24 23:13:26.455  1417  6647 D BatteryService: !@BatteryListener : batteryPropertiesChanged!
10-24 23:13:26.481 10196 10282 D         : PlayerBase::PlayerBase()
10-24 23:13:26.483 10196 10282 D         : TrackPlayerBase::TrackPlayerBase()
10-24 23:13:26.483 10196 10282 I libOpenSLES: Emulating old channel mask behavior (ignoring positional mask 0x3, using default mask 0x3 based on channel count of 2)
10-24 23:13:26.485  1042 17949 V APM_AudioPolicyManager: getOutputForAttr() usage=1, content=2, tag= flags=00000000 session 12145 selectedDeviceId 0
10-24 23:13:26.485  1042 17949 D APM::SoundKitchen: getDevice, uid = 10512, device = 0
10-24 23:13:26.485  1042 17949 V APM_AudioPolicyManager: getOutputForAttr() device 0x2, samplingRate 44100, format 1, channelMask 3, flags 104
10-24 23:13:26.485  1042 17949 V APM_AudioPolicyManager: selectOutput() commonFlags for output 13, 0000
10-24 23:13:26.485  1042 17949 V APM_AudioPolicyManager: selectOutput() commonFlags for output 21, 0001
10-24 23:13:26.485  1042 17949 V APM_AudioPolicyManager: selectOutput() commonFlags for output 29, 0002
10-24 23:13:26.485  1042 17949 V APM_AudioPolicyManager:   getOutputForDevice() returns output 29
10-24 23:13:26.486 10196 10282 W AudioTrack: AUDIO_OUTPUT_FLAG_FAST denied by client; transfer 1, track 44100 Hz, output 48000 Hz
10-24 23:13:26.486  1042 17949 I AudioFlinger: add dynamic flag, can move to deep thread, session 12145
10-24 23:13:26.489 10196 10282 D AudioTrack: Client defaulted notificationFrames to 590 for frameCount 1772
10-24 23:13:26.492 10196 10282 I AudioTrack: updateAudioTranstionLength FadeIn[0] FadeOut[0] FadeInRing[0]
10-24 23:13:26.492  1042 17949 W AudioPolicyIntefaceImpl: Skipped to add effects on session 12145
10-24 23:13:26.492  1042 17949 V APM_AudioPolicyManager: startOutput() output 29, stream 3, session 12145
10-24 23:13:26.492  1042 17949 D APM::SoundKitchen: getDevice, uid = 10512, device = 0
10-24 23:13:26.492  1042 17949 D APM_AudioPolicyManager: newDevice=0
10-24 23:13:26.492  1042 17949 V APM_AudioPolicyManager: setBeaconMute(1) mBeaconMuteRefCount=1 mBeaconPlayingRefCount=0
10-24 23:13:26.492  1042 17949 V APM_AudioPolicyManager: selectOutputForMusicEffects activeOnly 1 outputs[2] flags 0x00000104
10-24 23:13:26.492  1042 17949 V APM_AudioPolicyManager: selectOutputForMusicEffects selected output 13
10-24 23:13:26.492  1042 17949 V APM_AudioPolicyManager: getNewOutputDevice() selected device 2
10-24 23:13:26.492  1042 17949 V APM_AudioPolicyManager: setOutputDevice() device 0002 delayMs 0
10-24 23:13:26.492  1042 17949 V APM_AudioPolicyManager: setOutputDevice() prevDevice 0x0002
10-24 23:13:26.492  1042 17949 V APM_AudioPolicyManager: setOutputDevice() setting same device 0x0002 or null device
10-24 23:13:26.493  1042 17949 I AudioEffectStage: getStageIndex low_output_sub1_normal
10-24 23:13:26.493  1042 17949 I AudioFlinger: updateStageIndex prev 0, new -2902
10-24 23:13:26.493  1042 17949 I AudioEffectStage: getSinkBuffer low_output_sub1_normal
10-24 23:13:26.495   714  7602 D audio_hw_primary: start_output_stream: enter: stream(0xe9ae1000)usecase(12: audio-ull-playback) devices(0x2)
10-24 23:13:26.495   714  7602 D audio_hw_primary: select_devices for use case (audio-ull-playback)
10-24 23:13:26.495   714  7602 V msm8974_platform: platform_get_output_snd_device: enter: output devices(0x2)
10-24 23:13:26.495   714  7602 V msm8974_platform: platform_get_output_snd_device: exit: snd_device(speaker)
10-24 23:13:26.495   714  7602 D audio_hw_primary: select_devices: out_snd_device(2: speaker) in_snd_device(0: )
10-24 23:13:26.495   714  7602 V msm8974_platform: platform_get_backend_index:napb: backend port - 0 device - 2 
10-24 23:13:26.495   714  7602 I msm8974_platform: platform_check_and_set_codec_backend_cfg:becf: afe: bitwidth 16, samplerate 48000 channels 2, backend_idx 0 usecase = 12 device (speaker)
10-24 23:13:26.495   714  7602 D msm8974_platform: platform_split_snd_device: snd_device(2) num devices(1) new_snd_devices(0)
10-24 23:13:26.495   714  7602 I msm8974_platform: platform_check_and_set_codec_backend_cfg: new_snd_devices[0] is 2
10-24 23:13:26.495   714  7602 V msm8974_platform: platform_get_native_support:napb: ui Prop enabled(0) version(4)
10-24 23:13:26.495   714  7602 V msm8974_platform: platform_get_backend_index:napb: backend port - 0 device - 2 
10-24 23:13:26.495   714  7602 I msm8974_platform: platform_check_codec_backend_cfg:becf: afe: bitwidth 16, samplerate 48000 channels 2, backend_idx 0 usecase = 12 device (speaker)
10-24 23:13:26.495   714  7602 V msm8974_platform: platform_check_backends_match: snd_device1 = speaker, snd_device2 = speaker
10-24 23:13:26.495   714  7602 V msm8974_platform: platform_check_backends_match: be_itf1 = SLIMBUS_0_RX, be_itf2 = SLIMBUS_0_RX, match 1
10-24 23:13:26.495   714  7602 D msm8974_platform: platform_check_codec_backend_cfg:becf: afe: playback on codec device not supporting native playback set default Sample Rate(48k)
10-24 23:13:26.495   714  7602 I msm8974_platform: platform_check_codec_backend_cfg:becf: afe: Codec selected backend: 0 updated bit width: 16 and sample rate: 48000
10-24 23:13:26.495   714  7602 D audio_hw_primary: check_usecases_codec_backend:becf: force routing 0
10-24 23:13:26.495   714  7602 V msm8974_platform: platform_check_backends_match: snd_device1 = speaker, snd_device2 = 
10-24 23:13:26.495   714  7602 E msm8974_platform: platform_check_backends_match: Invalid snd_device = 
10-24 23:13:26.495   714  7602 D audio_hw_primary: check_usecases_codec_backend:becf: (63) check_usecases curr device: speaker, usecase device: backends match 0
10-24 23:13:26.496   714  7602 D audio_hw_primary: check_usecases_codec_backend:becf: check_usecases num.of Usecases to switch 0
10-24 23:13:26.496   714  7602 D hardware_info: hw_info_append_hw_type : device_name = speaker
10-24 23:13:26.496   714  7602 D audio_hw_primary: enable_snd_device: snd_device(2: speaker)
10-24 23:13:26.496   714  7602 D audio_hw_utils: audio_extn_utils_send_app_type_cfg: usecase->out_snd_device speaker
10-24 23:13:26.496   714  7602 D msm8974_platform: platform_split_snd_device: snd_device(2) num devices(0) new_snd_devices(0)
10-24 23:13:26.496   714  7602 I audio_hw_utils: ULL doesnt need sending app type cfg, returning
10-24 23:13:26.496   714  7602 D msm8974_platform: platform_split_snd_device: snd_device(2) num devices(1) new_snd_devices(0)
10-24 23:13:26.496   714  7602 V msm8974_platform: platform_send_audio_calibration: sending audio calibration for snd_device(2) acdb_id(15)
10-24 23:13:26.496   714  7602 D ACDB-LOADER: ACDB -> send_audio_cal, acdb_id = 15, path = 0, app id = 0x11131, sample rate = 48000
10-24 23:13:26.496   714  7602 D ACDB-LOADER: ACDB -> send_asm_topology
10-24 23:13:26.496   714  7602 D ACDB-LOADER: ACDB -> ACDB_CMD_GET_AUDPROC_STREAM_TOPOLOGY_ID
10-24 23:13:26.496   714  7602 D ACDB-LOADER: ACDB -> send_adm_topology
10-24 23:13:26.496   714  7602 D ACDB-LOADER: ACDB -> ACDB_CMD_GET_AUDPROC_COMMON_TOPOLOGY_ID
10-24 23:13:26.496   714  7602 D ACDB-LOADER: ACDB -> send_audtable
10-24 23:13:26.496   714  7602 D ACDB-LOADER: ACDB -> ACDB_CMD_GET_AUDPROC_COMMON_TABLE_SIZE
10-24 23:13:26.496   714  7602 D ACDB-LOADER: ACDB -> ACDB_CMD_GET_AUDPROC_COMMON_TABLE
10-24 23:13:26.496   714  7602 D ACDB-LOADER: ACDB -> AUDIO_SET_AUDPROC_CAL
10-24 23:13:26.496   714  7602 D ACDB-LOADER: ACDB -> send_audvoltable
10-24 23:13:26.496   714  7602 D ACDB-LOADER: ACDB -> ACDB_CMD_GET_AUDPROC_VOL_STEP_TABLE_SIZE
10-24 23:13:26.496   714  7602 D ACDB-LOADER: ACDB -> ACDB_CMD_GET_AUDPROC_GAIN_DEP_STEP_TABLE, vol index 0
10-24 23:13:26.496   714  7602 D ACDB-LOADER: ACDB -> AUDIO_SET_VOL_CAL cal type = 12
10-24 23:13:26.496   714  7602 D ACDB-LOADER: ACDB -> ACDB_CMD_GET_AUDPROC_STREAM_TABLE_SIZE
10-24 23:13:26.496   714  7602 D ACDB-LOADER: ACDB -> send_audstrmtable
10-24 23:13:26.496   714  7602 D ACDB-LOADER: ACDB -> ACDB_CMD_GET_AUDPROC_STREAM_TABLE_V2
10-24 23:13:26.496   714  7602 D ACDB-LOADER: ACDB -> audstrm_cal->cal_type.cal_data.cal_size = 4160
10-24 23:13:26.496   714  7602 D ACDB-LOADER: ACDB -> send_afe_topology
10-24 23:13:26.496   714  7602 D ACDB-LOADER: ACDB -> ACDB_CMD_GET_AFE_TOPOLOGY_ID
10-24 23:13:26.496   714  7602 D ACDB-LOADER: ACDB -> GET_AFE_TOPOLOGY_ID for adcd_id 15, Topology Id 10001061
10-24 23:13:26.497   714  7602 D ACDB-LOADER: ACDB -> send_afe_cal
10-24 23:13:26.497   714  7602 D ACDB-LOADER: ACDB -> ACDB_CMD_GET_AFE_COMMON_TABLE_SIZE
10-24 23:13:26.497   714  7602 D ACDB-LOADER: ACDB -> ACDB_CMD_GET_AFE_COMMON_TABLE
10-24 23:13:26.497   714  7602 D ACDB-LOADER: ACDB -> AUDIO_SET_AFE_CAL
10-24 23:13:26.497   714  7602 D ACDB-LOADER: ACDB -> send_hw_delay : acdb_id = 15 path = 0
10-24 23:13:26.497   714  7602 D ACDB-LOADER: ACDB -> ACDB_AVSYNC_INFO: ACDB_CMD_GET_DEVICE_PROPERTY
10-24 23:13:26.497   714  7602 D audio_hw_primary: enable_audio_route: apply mixer and update path: audio-ull-playback speaker
10-24 23:13:26.497   714  7602 D audio_route: Setting mixer control: PRI_MI2S_RX Audio Mixer MultiMedia3, value: 1
10-24 23:13:26.497  1417  3159 D AudioPlaybackMonitor: Found a new active media playback. ID:7455 -- type:OpenSL ES AudioPlayer (Buffer Queue) -- u/pid:10512/10196 -- state:started -- attr:AudioAttributes: usage=1 content=0 flags=0x0 tags= bundle=null
10-24 23:13:26.497  1417  3159 D MediaSessionStack: updateMediaButtonSessionIfNeeded, callers=com.android.server.media.MediaSessionService$1.onAudioPlaybackStarted:189 com.android.server.media.AudioPlaybackMonitor.dispatchPlaybackConfigChange:127 
10-24 23:13:26.502   714  7602 V audio_hw_sec: [MAXIM] sec_dsm_spkr_prot_control_tx_topology() enable:1, dsm_is_enabled:0
10-24 23:13:26.502   714  7602 D hardware_info: hw_info_append_hw_type : device_name = vi-feedback
10-24 23:13:26.502   714  7602 D audio_hw_primary: enable_snd_device: snd_device(389: vi-feedback)
10-24 23:13:26.502   714  7602 D audio_hw_utils: audio_extn_utils_send_app_type_cfg: usecase->in_snd_device vi-feedback
10-24 23:13:26.502   714  7602 D msm8974_platform: platform_split_snd_device: snd_device(389) num devices(0) new_snd_devices(0)
10-24 23:13:26.502   714  7602 V msm8974_platform: platform_get_snd_device_backend_index: enter with device 389
10-24 23:13:26.502   714  7602 E msm8974_platform: platform_get_snd_device_backend_index: BE DAI Name Table is not present
10-24 23:13:26.502   714  7602 E audio_hw_utils: send_app_type_cfg_for_device: Couldn't get the backend index for snd device vi-feedback ret=-14
10-24 23:13:26.502   714  7602 I audio_hw_utils: send_app_type_cfg_for_device default app_type 69936, acdb_dev_id 102, sample_rate 48000, snd_device_be_idx -14
10-24 23:13:26.503   714  7602 E voice   : voice_is_in_call_rec_stream: input stream is NULL
10-24 23:13:26.503   714  7602 D msm8974_platform: platform_split_snd_device: snd_device(389) num devices(1) new_snd_devices(0)
10-24 23:13:26.503   714  7602 V msm8974_platform: platform_send_audio_calibration: sending audio calibration for snd_device(389) acdb_id(102)
10-24 23:13:26.503   714  7602 D ACDB-LOADER: ACDB -> send_audio_cal, acdb_id = 102, path = 1, app id = 0x11130, sample rate = 48000
10-24 23:13:26.503   714  7602 D ACDB-LOADER: ACDB -> send_asm_topology
10-24 23:13:26.503   714  7602 D ACDB-LOADER: ACDB -> ACDB_CMD_GET_AUDPROC_STREAM_TOPOLOGY_ID
10-24 23:13:26.503   714  7602 D ACDB-LOADER: ACDB -> send_adm_topology
10-24 23:13:26.503   714  7602 D ACDB-LOADER: ACDB -> ACDB_CMD_GET_AUDPROC_COMMON_TOPOLOGY_ID
10-24 23:13:26.503   714  7602 D ACDB-LOADER: ACDB -> send_audtable
10-24 23:13:26.503   714  7602 D ACDB-LOADER: ACDB -> ACDB_CMD_GET_AUDPROC_COMMON_TABLE_SIZE
10-24 23:13:26.503   714  7602 D ACDB-LOADER: ACDB -> ACDB_CMD_GET_AUDPROC_COMMON_TABLE
10-24 23:13:26.503   714  7602 D ACDB-LOADER: ACDB -> AUDIO_SET_AUDPROC_CAL
10-24 23:13:26.503   714  7602 D ACDB-LOADER: ACDB -> send_audvoltable
10-24 23:13:26.503   714  7602 D ACDB-LOADER: ACDB -> ACDB_CMD_GET_AUDPROC_VOL_STEP_TABLE_SIZE
10-24 23:13:26.503   714  7602 D ACDB-LOADER: ACDB -> ACDB_CMD_GET_AUDPROC_GAIN_DEP_STEP_TABLE, vol index 0
10-24 23:13:26.503   714  7602 D         : Failed to fetch the lookup information of the device 00000066 
10-24 23:13:26.503   714  7602 E ACDB-LOADER: Error: ACDB AudProc vol returned = -19
10-24 23:13:26.503   714  7602 D ACDB-LOADER: ACDB -> AUDIO_SET_VOL_CAL cal type = 12
10-24 23:13:26.503   714  7602 D ACDB-LOADER: ACDB -> ACDB_CMD_GET_AUDPROC_STREAM_TABLE_SIZE
10-24 23:13:26.503   714  7602 D ACDB-LOADER: ACDB -> send_audstrmtable
10-24 23:13:26.503   714  7602 D ACDB-LOADER: ACDB -> ACDB_CMD_GET_AUDPROC_STREAM_TABLE_V2
10-24 23:13:26.503   714  7602 D ACDB-LOADER: ACDB -> audstrm_cal->cal_type.cal_data.cal_size = 4160
10-24 23:13:26.503   714  7602 D ACDB-LOADER: ACDB -> send_afe_topology
10-24 23:13:26.503   714  7602 D ACDB-LOADER: ACDB -> ACDB_CMD_GET_AFE_TOPOLOGY_ID
10-24 23:13:26.503   714  7602 D ACDB-LOADER: ACDB -> GET_AFE_TOPOLOGY_ID for adcd_id 102, Topology Id 10001060
10-24 23:13:26.503   714  7602 D ACDB-LOADER: ACDB -> send_afe_cal
10-24 23:13:26.503   714  7602 D ACDB-LOADER: ACDB -> ACDB_CMD_GET_AFE_COMMON_TABLE_SIZE
10-24 23:13:26.503   714  7602 D ACDB-LOADER: ACDB -> ACDB_CMD_GET_AFE_COMMON_TABLE
10-24 23:13:26.503   714  7602 D ACDB-LOADER: ACDB -> AUDIO_SET_AFE_CAL
10-24 23:13:26.503   714  7602 D ACDB-LOADER: ACDB -> send_hw_delay : acdb_id = 102 path = 1
10-24 23:13:26.503   714  7602 D ACDB-LOADER: ACDB -> ACDB_AVSYNC_INFO: ACDB_CMD_GET_DEVICE_PROPERTY
10-24 23:13:26.503   714  7602 D audio_hw_primary: enable_audio_route: apply mixer and update path: spkr-vi-feedback
10-24 23:13:26.504   714  7602 D audio_route: Setting mixer control: MultiMedia2 Mixer PRI_MI2S_TX, value: 1
10-24 23:13:26.509  7598  7598 D SADVFSHelper: Either heavy-duty effect is Off or Music playback is not active
10-24 23:13:26.511  1146  1562 D CommandListener: bwctrlcmd: argc=3 bandwidth addniceapps ...
10-24 23:13:26.511  1146  1562 E IptablesRestoreController: [iptables debug]iptables-restore execute *filter
10-24 23:13:26.511  1146  1562 E IptablesRestoreController: -I bw_happy_box -m owner --uid-owner 10061 --jump RETURN
10-24 23:13:26.511  1146  1562 E IptablesRestoreController: COMMIT
10-24 23:13:26.525  1146  1562 E IptablesRestoreController: [iptables debug]iptables-restore execute done *filter
10-24 23:13:26.525  1146  1562 E IptablesRestoreController: -I bw_happy_box -m owner --uid-owner 10061 --jump RETURN
10-24 23:13:26.525  1146  1562 E IptablesRestoreController: COMMIT
10-24 23:13:26.525  1146  1562 E IptablesRestoreController: , res : 0
10-24 23:13:26.530 10196 10223 D UE4     : [2018.10.25-04.13.26:530][  0]LogRHI: AndroidEGL:SwapBuffers Min=0, Max=1, Request=1, SetDriver=1
10-24 23:13:26.530  1146  1562 D CommandListener: bwctrlcmd: argc=3 bandwidth removeniceapps ...
10-24 23:13:26.532  1146  1562 E IptablesRestoreController: [iptables debug]iptables-restore execute *filter
10-24 23:13:26.532  1146  1562 E IptablesRestoreController: -D bw_happy_box -m owner --uid-owner 10061 --jump RETURN
10-24 23:13:26.532  1146  1562 E IptablesRestoreController: COMMIT
10-24 23:13:26.533 10196 10223 D UE4     : [2018.10.25-04.13.26:533][  0]LogSlate: Slate font cache was flushed
10-24 23:13:26.539   772   772 I SurfaceFlinger: Display 0 HWC layers:
10-24 23:13:26.539   772   772 I SurfaceFlinger:     type    |    handle    | flag |  format   |   source crop (l,t,r,b)    |         frame       | name 
10-24 23:13:26.539   772   772 I SurfaceFlinger: ------------+--------------+------+-----------+----------------------------+---------------------+------
10-24 23:13:26.539   772   772 I SurfaceFlinger:      Device | 0x7dd43c3b80 | 0002 | RGBx_8888 |   0.0    0.0  720.0 1280.0 |    0    0 1080 1920 | SurfaceView - com.YourCompany.GiftGa[...]icgames.ue4.GameActivity@2b5d69b@0#0
10-24 23:13:26.539   772   772 I SurfaceFlinger:      Device | 0x7dd43c3580 | 0000 | RGBA_8888 |   0.0    0.0 1080.0 1920.0 |    0    0 1080 1920 | com.YourCompany.GiftGame/com.epicgames.ue4.GameActivity#1
10-24 23:13:26.539   772   772 I SurfaceFlinger: 
10-24 23:13:26.541   714  7602 V audio_hw_sec: [MAXIM] sec_dsm_spkr_prot_control_tx_topology() dsm enabled (c:0 d:1 m:0)
10-24 23:13:26.541   714  7602 D audio_hw_primary: select_devices: done
10-24 23:13:26.547 10196 10223 D UE4     : [2018.10.25-04.13.26:547][  1]LogSlate: Took 0.000725 seconds to synchronously load lazily loaded font '../../../Engine/Content/Slate/Fonts/Roboto-Regular.ttf' (155K)
10-24 23:13:26.549  1146  1562 E IptablesRestoreController: [iptables debug]iptables-restore execute done *filter
10-24 23:13:26.549  1146  1562 E IptablesRestoreController: -D bw_happy_box -m owner --uid-owner 10061 --jump RETURN
10-24 23:13:26.549  1146  1562 E IptablesRestoreController: COMMIT
10-24 23:13:26.549  1146  1562 E IptablesRestoreController: , res : 0
10-24 23:13:26.558   714  7602 V msm8974_platform: platform_set_channel_map channel_count:2
10-24 23:13:26.558   714  7602 D msm8974_platform: platform_set_channel_map mixer_ctl_name:Playback Channel Map4
10-24 23:13:26.558   714  7602 D msm8974_platform: platform_set_channel_map: set mapping(1 2 0 0 0 0 0 0) for channel:2
10-24 23:13:26.560   733   760 E ANDR-PERF-MPCTL: Invalid profile no. 0, total profiles 0 only
10-24 23:13:26.560   714  7602 D audio_hw_primary: start_output_stream: exit
10-24 23:13:26.580  1042  2087 I AudioMixer: create resampler src 44100, 2, dst 48000, 2, q 8
10-24 23:13:26.580  1042  2087 D SoundAliveResampler: [SoundAliveResampler] Init+++
10-24 23:13:27.443  1417  2448 D SamsungAlarmManager: Expired : 4
10-24 23:13:27.444  1417  2448 I SamsungAlarmManager: setLocked to kernel - T:2 / 20181024T231423, SetElapsed=352810820, nowELAPSED=352755020
10-24 23:13:27.444  1417  2448 I SamsungAlarmManager: setLocked to kernel - T:3 / 20181024T231329, SetElapsed=352757289, nowELAPSED=352755020
10-24 23:13:27.444  1417  2448 V SamsungAlarmManager: Sending to uid : 10069 action=null alarm=Alarm{8969ca8 type 0 when 1540440807443 com.cmplay.tiles2}
10-24 23:13:27.449 25965 25965 D CF      : ALARM_SERVICE_START_TIME = 1540440807449
10-24 23:13:27.459  1417  3159 D SamsungAlarmManager: Cancel Alarm calling from uid:10069 pid :25965 / op:PendingIntent{dcc13c1: PendingIntentRecord{6da05db com.cmplay.tiles2 startService}}
10-24 23:13:27.467  1417  3159 D SamsungAlarmManager: setExact Intent (T:0/F:5/AC:false) 20181024T231337 - CU:10069/CP:25965
10-24 23:13:27.467  1417  3159 I SamsungAlarmManager: setLocked to kernel - T:2 / 20181024T231337, SetElapsed=352765037, nowELAPSED=352755044
10-24 23:13:27.511  7598  7598 D SADVFSHelper: Either heavy-duty effect is Off or Music playback is not active
10-24 23:13:27.627  2749  2749 E adbd    : recv: OPEN 00001f29 00000000 000c:73 68 65 6C 6C 2C 76 32 3A 70 73 00 
10-24 23:13:27.627  2749  2749 E adbd    : service_to_fd: shell,v2:ps
10-24 23:13:27.646 10323 10323 E propClient: PropClient failed to load
10-24 23:13:27.663 10323 10323 E propClient: PropClient failed to load
10-24 23:13:28.156  1417  2490 D InputReader: Input event(6): value=1 when=85879120765000
10-24 23:13:28.156  1417  2490 D InputReader: Input event(6): value=1 when=85879120765000
10-24 23:13:28.156  1417  2490 I InputReader: Touch event's action is 0x0 (deviceType=0) [pCnt=1, s=0.20898 ] when=85879120765000
10-24 23:13:28.156  1417  2489 I InputDispatcher: Delivering touch to (10196): action: 0x0, toolType: 1
10-24 23:13:28.161 10196 10224 V threaded_app: New input event: type=2
10-24 23:13:28.163   723   723 D SEC LightsHAL: button : 1 +
10-24 23:13:28.167 10196 10196 D ViewRootImpl@ba0b995[GameActivity]: ViewPostIme pointer 0
10-24 23:13:28.173 10196 10223 D UE4     : [2018.10.25-04.13.28:173][100]LogSlate: FSceneViewport::OnFocusLost() reason 0
10-24 23:13:28.190 10196 10224 V threaded_app: New input event: type=2
10-24 23:13:28.194   723   723 D SEC LightsHAL: button : 1 -
10-24 23:13:28.208 10196 10224 V threaded_app: New input event: type=2
10-24 23:13:28.214  1417  2490 D InputReader: Input event(6): value=0 when=85879178624000
10-24 23:13:28.214  1417  2490 D InputReader: Input event(6): value=0 when=85879178624000
10-24 23:13:28.214  1417  2490 I InputReader: Touch event's action is 0x1 (deviceType=0) [pCnt=1, s=] when=85879178624000
10-24 23:13:28.215  1417  2489 I InputDispatcher: Delivering touch to (10196): action: 0x1, toolType: 1
10-24 23:13:28.216 10196 10224 V threaded_app: New input event: type=2
10-24 23:13:28.217 10196 10196 D ViewRootImpl@ba0b995[GameActivity]: ViewPostIme pointer 1
10-24 23:13:28.228 10196 10223 D UE4     : [2018.10.25-04.13.28:228][103]LogSlate: Took 0.000755 seconds to synchronously load lazily loaded font '../../../Engine/Content/EngineFonts/Faces/RobotoBold.ufont' (160K)
10-24 23:13:28.263  2749  2749 E adbd    : recv: OPEN 00001f2a 00000000 0009:74 63 70 3A 36 36 36 36 00 
10-24 23:13:28.263  2749  2749 E adbd    : service_to_fd: tcp:6666
10-24 23:13:28.265  1146  1555 D DnsProxyListener: DNSDBG::dns addrinfo af 2
10-24 23:13:28.514  7598  7598 D SADVFSHelper: Either heavy-duty effect is Off or Music playback is not active
10-24 23:13:28.904  3651  3651 D io_stats: !@   8,0 r 2503423 97561136 w 1121694 19194524 d 79728 6526744 f 496559 496928 iot 2004920 1208394 th 51200 0 0 pt 0 inp 0 0 85879.869
10-24 23:13:28.921  2749  2749 E adbd    : recv: OPEN 00001f2e 00000000 000c:73 68 65 6C 6C 2C 76 32 3A 70 73 00 
10-24 23:13:28.922  2749  2749 E adbd    : service_to_fd: shell,v2:ps
10-24 23:13:28.938 10327 10327 E propClient: PropClient failed to load
10-24 23:13:28.953 10327 10327 E propClient: PropClient failed to load
10-24 23:13:29.014  1417  1417 D TelephonyManager: getCellLocation : Caller (PID / UID / TID): 1417 / 1000 / 1417
10-24 23:13:29.019  2781  2932 D NetworkController.MobileSignalController(0/1): onSignalStrengthsChanged signalStrength=SignalStrength: 99 99 -120 -160 -120 -1 -1 22 -96 -9 132 2147483647 0 2147483647 0x3000 P gsm|lte level=3
10-24 23:13:29.019  2781  2932 D NetworkController.MobileSignalController(0/1): getMobileIconGroup(): 13
10-24 23:13:29.019  2781  2932 D NetworkController.MobileSignalController(0/1): updateVZWMobileIconGroup(): 13
10-24 23:13:29.038  3127  3272 D EPDG -- SIM0 [SMARTWIFI]: onSignalStrengthsChanged: Received signal strength change, phone type is: 2
10-24 23:13:29.039  3127  5716 D EPDG -- SIM0 [SMARTWIFI]: lastLteRSRP is -96currentLteRSRP is -96
10-24 23:13:29.039  3127  5716 D EPDG -- SIM0 [SMARTWIFI]: lastLteRSRQ is -9currentLteRSRQ is -9
10-24 23:13:29.039  3127  5716 D EPDG -- SIM0 [SMARTWIFI]: lastCdmaDb is -16currentCdmaDb is -16
10-24 23:13:29.039  3127  5716 V EPDG -- SIM0 [SMARTWIFI]: Radio oldest entry removed
10-24 23:13:29.039  3127  5716 V EPDG -- SIM0 [SMARTWIFI]: New entry : (SignalStrength: 99 99 -120 -160 -120 -1 -1 22 -96 -9 132 2147483647 0 2147483647 0x3000 P gsm|lte : 0 )
10-24 23:13:29.039  3127  5716 V EPDG -- SIM0 [SMARTWIFI]: Radio entry added
10-24 23:13:29.047  2781  2932 D NetworkController.MobileSignalController(0/1): callState:0, callStateByPhone:false voLTECall:false voiceNetTpe:13 dataNetType:13, ine911:false, emergencyCallbackMode:false
10-24 23:13:29.659  1417  2490 D InputReader: Input event(6): value=1 when=85880622603000
10-24 23:13:29.659  1417  2490 D InputReader: Input event(6): value=1 when=85880622603000
10-24 23:13:29.659  1417  2490 I InputReader: Touch event's action is 0x0 (deviceType=0) [pCnt=1, s=0.20899 ] when=85880622603000
10-24 23:13:29.662  1417  2489 I InputDispatcher: Delivering touch to (10196): action: 0x0, toolType: 1
10-24 23:13:29.664   723   723 D SEC LightsHAL: button : 0 +
10-24 23:13:29.666 10196 10224 V threaded_app: New input event: type=2
10-24 23:13:29.670 10196 10196 D ViewRootImpl@ba0b995[GameActivity]: ViewPostIme pointer 0
10-24 23:13:29.679   726   878 I qti_sensors_hal: processReportInd: Accel - X: 6.698 Y: 7.236 Z: -1.204
10-24 23:13:29.682 10196 10224 V threaded_app: New input event: type=2
10-24 23:13:29.692 10196 10224 V threaded_app: New input event: type=2
10-24 23:13:29.695   723   723 D SEC LightsHAL: button : 0 -
10-24 23:13:29.696   723   723 D SEC LightsHAL: button : 1 +
10-24 23:13:29.699   726   878 I qti_sensors_hal: processReportInd: Gyro - X: -0.042 Y: 0.088 Z: 0.018 status: 3
10-24 23:13:29.707 10196 10224 V threaded_app: New input event: type=2
10-24 23:13:29.712  1417  2448 D SamsungAlarmManager: Expired : 8
10-24 23:13:29.712  1417  2448 V SamsungAlarmManager: Sending to uid : 10068 action=null alarm=Alarm{62f6766 type 3 when 352757289 com.asurion.android.verizon.vms}
10-24 23:13:29.723  1417  2490 D InputReader: Input event(6): value=0 when=85880688848000
10-24 23:13:29.724  1417  2490 D InputReader: Input event(6): value=0 when=85880688848000
10-24 23:13:29.724  1417  2490 I InputReader: Touch event's action is 0x1 (deviceType=0) [pCnt=1, s=] when=85880688848000
10-24 23:13:29.724  1417  2489 I InputDispatcher: Delivering touch to (10196): action: 0x1, toolType: 1
10-24 23:13:29.725   723   723 D SEC LightsHAL: button : 1 -
10-24 23:13:29.726 10196 10224 V threaded_app: New input event: type=2
10-24 23:13:29.727 10196 10224 V threaded_app: New input event: type=2
10-24 23:13:29.729 10196 10196 D ViewRootImpl@ba0b995[GameActivity]: ViewPostIme pointer 1
10-24 23:13:29.734  1417  5405 D SamsungAlarmManager: setExact Intent (T:3/F:5/AC:false) 20181024T231334 - CU:10068/CP:4257
10-24 23:13:29.734  1417  5405 I SamsungAlarmManager: setLocked to kernel - T:3 / 20181024T231334, SetElapsed=352762308, nowELAPSED=352757310
10-24 23:13:29.775   726   878 I qti_sensors_hal: processReportInd: Cal Mag Filter, 0, 0, 0.000000, 0.000000, 0.000000, 0.000000, 0.000000, 0.000000, -41.740417, -28.814697, 16.044617
10-24 23:13:29.826  3101  3263 D ResipSmsHandler: handleMessage: what 5
10-24 23:13:29.826  3101  3263 D ResipSmsHandler: onRpAckTimeout: callId ITCTmrl72cgoJT69dAZ07Q..@2600:1014:103a:5d92:967d:d5c6:7adc:3693
10-24 23:13:30.000 25965 26070 D kinfoc  : report sdk thread running
10-24 23:13:30.000 25965 26070 D kinfoc  : reporting all sdk files
10-24 23:13:30.002 25965 26070 D kinfoc  : no files to report
10-24 23:13:30.214  2749  2749 E adbd    : recv: OPEN 00001f32 00000000 000c:73 68 65 6C 6C 2C 76 32 3A 70 73 00 
10-24 23:13:30.214  2749  2749 E adbd    : service_to_fd: shell,v2:ps
10-24 23:13:30.227 10333 10333 E propClient: PropClient failed to load
10-24 23:13:30.244 10333 10333 E propClient: PropClient failed to load
10-24 23:13:30.302  1417  2727 D WifiConnectivityMonitor:  [|211]
10-24 23:13:30.344  1417  2490 D InputReader: Input event(6): value=1 when=85881309937000
10-24 23:13:30.344  1417  2490 D InputReader: Input event(6): value=1 when=85881309937000
10-24 23:13:30.345  1417  2490 I InputReader: Touch event's action is 0x0 (deviceType=0) [pCnt=1, s=0.20900 ] when=85881309937000
10-24 23:13:30.345  1417  2489 I InputDispatcher: Delivering touch to (10196): action: 0x0, toolType: 1
10-24 23:13:30.347 10196 10224 V threaded_app: New input event: type=2
10-24 23:13:30.350 10196 10196 D ViewRootImpl@ba0b995[GameActivity]: ViewPostIme pointer 0
10-24 23:13:30.377 10196 10224 V threaded_app: New input event: type=2
10-24 23:13:30.392 10196 10224 V threaded_app: New input event: type=2
10-24 23:13:30.411  1417  2490 D InputReader: Input event(6): value=0 when=85881376718000
10-24 23:13:30.411  1417  2490 D InputReader: Input event(6): value=0 when=85881376718000
10-24 23:13:30.411  1417  2490 I InputReader: Touch event's action is 0x1 (deviceType=0) [pCnt=1, s=] when=85881376718000
10-24 23:13:30.411  1417  2489 I InputDispatcher: Delivering touch to (10196): action: 0x1, toolType: 1
10-24 23:13:30.412 10196 10224 V threaded_app: New input event: type=2
10-24 23:13:30.418 10196 10224 V threaded_app: New input event: type=2
10-24 23:13:30.422 10196 10196 D ViewRootImpl@ba0b995[GameActivity]: ViewPostIme pointer 1
10-24 23:13:31.042  1417  7866 D SSRM:n  : SIOP:: AP = 400, PST = 346 (W:6), BAT = 326, CHG = 349
10-24 23:13:31.323  1417  2490 D InputReader: Input event(6): value=1 when=85882288471000
10-24 23:13:31.324  1417  2490 D InputReader: Input event(6): value=1 when=85882288471000
10-24 23:13:31.324  1417  2490 I InputReader: Touch event's action is 0x0 (deviceType=0) [pCnt=1, s=0.20901 ] when=85882288471000
10-24 23:13:31.324  1417  2489 I InputDispatcher: Delivering touch to (10196): action: 0x0, toolType: 1
10-24 23:13:31.326 10196 10224 V threaded_app: New input event: type=2
10-24 23:13:31.327 10196 10196 D ViewRootImpl@ba0b995[GameActivity]: ViewPostIme pointer 0
10-24 23:13:31.338  1417  2727 D IcmpEchoPeer:doPingPipeLine: res : -1, -1062731519 - 0 / 1 - 0 / 1472
10-24 23:13:31.343 10196 10224 V threaded_app: New input event: type=2
10-24 23:13:31.360 10196 10224 I chatty  : uid=10512(u0_a512) identical 1 line
10-24 23:13:31.376 10196 10224 V threaded_app: New input event: type=2
10-24 23:13:31.389  1417  2490 D InputReader: Input event(6): value=0 when=85882354293000
10-24 23:13:31.389  1417  2490 D InputReader: Input event(6): value=0 when=85882354293000
10-24 23:13:31.389  1417  2490 I InputReader: Touch event's action is 0x1 (deviceType=0) [pCnt=1, s=] when=85882354293000
10-24 23:13:31.389  1417  2489 I InputDispatcher: Delivering touch to (10196): action: 0x1, toolType: 1
10-24 23:13:31.390 10196 10224 V threaded_app: New input event: type=2
10-24 23:13:31.392 10196 10224 V threaded_app: New input event: type=2
10-24 23:13:31.394 10196 10196 D ViewRootImpl@ba0b995[GameActivity]: ViewPostIme pointer 1
10-24 23:13:31.405 10196 10223 D UE4     : [2018.10.25-04.13.31:405][294]LogNet: Browse: /Game/Levels/GiftGame/GiftGame?Name=Player
10-24 23:13:31.416 10196 10223 D UE4     : [2018.10.25-04.13.31:416][294]LogLoad: LoadMap: /Game/Levels/GiftGame/GiftGame?Name=Player
10-24 23:13:31.429 10196 10282 D AudioTrack: stop() called with 216528 frames delivered
10-24 23:13:31.429 10196 10282 I AudioTrack: Skip ramp
10-24 23:13:31.429 10196 10282 D         : PlayerBase::stop() from IPlayer
10-24 23:13:31.484 10196 10223 D UE4     : LogStreaming: Display: Flushing async loaders.
10-24 23:13:31.484 10196 10223 D UE4     : 
10-24 23:13:31.484 10196 10223 D UE4     : [2018.10.25-04.13.31:484][294]LogStreaming: Display: Flushing async loaders.
10-24 23:13:31.500  1042  2087 I SoundAlive_Interface: [ -462403840 ][ 48000 ]FlushBuffers()
10-24 23:13:31.501  1042  2087 I SoundAlive_Core: [ -462403840 ][ 48000 ](interface-API)FlushBuffers()
10-24 23:13:31.501  1042  2087 D SoundAlive_Core: [ -462403840 ][ 48000 ](internal-API)ReOpen( ConfigMode : 1 )
10-24 23:13:31.501  1042  2087 I SoundAlive_Effect: [ -462403840 ][ 48000 ]Init() nch : 2  bitdepth : 0 
10-24 23:13:31.501  1042  2087 I SoundAlive_Effect: [ -462403840 ][ 48000 ]SamplingRateConfig() SamplingRate : 48000
10-24 23:13:31.501  1042  2087 I SoundAlive_Effect: [ -462403840 ][ 48000 ]OutDevConfig() OutDevConfig : 1
10-24 23:13:31.501  1042  2087 D SoundAlive_Core: [ -462403840 ][ 48000 ](internal-API)Set_Current_Effect_Configuration( ConfigMode : 1 )
10-24 23:13:31.501  1042  2087 I SoundAlive_Effect: [ -462403840 ][ 48000 ]Set_Preset() : 0
10-24 23:13:31.501  1042  2087 I SoundAlive_Effect: [ -462403840 ][ 48000 ]Set_User_BWE() 0
10-24 23:13:31.501  1042  2087 I SoundAlive_Effect: [ -462403840 ][ 48000 ]Set_User_CH() : 0
