11-09 10:22:31.650 28287 29712 I BugleNetwork: Received onNext in BindHandlerV2: INBOX_MESSAGE
11-09 10:22:31.651 28287 29712 V BugleNetwork: Acquiring Ditto lock.
11-09 10:22:31.659 28287 30460 I BugleNetwork: Received result for RPC: n
11-09 10:22:31.731 28287 30148 I BugleNetwork: Handling DittoRequest: MESSAGE_READ [requestId=47cb80ba-6a96-4cfe-aec0-7368f0dd59d5, browserId=+1-K4YIx8H0Qwt6hYXpMQEev9]
11-09 10:22:31.737 28287 28287 D BugleDataModel: ActionExecutor Empty Service started
11-09 10:22:31.746 28287 30148 D BugleNetwork: Created InboxSendRequest, type: MESSAGE_READ
11-09 10:22:31.746 28287 30148 D BugleNetwork: starting tachyon registration
11-09 10:22:31.746 28287 30148 D BugleNetwork: using immediateFuture based on stored tachyon registration
11-09 10:22:31.753 28287 30148 I BugleNetwork: Executing RPC: m
11-09 10:22:31.801 28287 28287 V BugleNetwork: Acquiring Ditto lock.
11-09 10:22:31.809 28287 28287 V BugleNetwork: Acquiring Ditto lock.
11-09 10:22:31.817  1945 30042 I Icing   : Indexing com.google.android.apps.messaging-partsCorpus from com.google.android.apps.messaging
11-09 10:22:31.823  1945  4066 I Icing   : IndexChimeraService.getServiceInterface callingPackage=com.google.android.apps.messaging componentName=null serviceId=36
11-09 10:22:31.865  1945 30042 I Icing   : Indexing done com.google.android.apps.messaging-partsCorpus
11-09 10:22:31.879 28287 28344 V BugleNetwork: Acquiring Ditto lock.
11-09 10:22:31.881 28287 28344 I BugleNetwork: BugleFirebaseMessagingService: Handling firebase tickle, ID: 47cb80ba-6a96-4cfe-aec0-7368f0dd59d5
11-09 10:22:31.881 28287 28344 D BugleNetwork: beginning of startBindHandler
11-09 10:22:31.882 28287 28344 D BugleNetwork: starting tachyon registration
11-09 10:22:31.882 28287 28344 D BugleNetwork: using immediateFuture based on stored tachyon registration
11-09 10:22:31.883 28287 30148 D BugleNetwork: receiveMessages already running, checking if we should call pullMessages
11-09 10:22:31.883 28287 30148 I BugleNetwork: starting pullMessages call
11-09 10:22:31.913  1945  3839 I Icing   : IndexChimeraService.getServiceInterface callingPackage=com.google.android.apps.messaging componentName=null serviceId=36
11-09 10:22:31.955  1945 30042 I Icing   : Usage reports ok 0, Failed Usage reports 0, indexed 0, rejected 0, imm upload false
11-09 10:22:31.975 28287 30148 I BugleNetwork: BugleFirebaseMessagingService: Successfully handled tickle with ID: 47cb80ba-6a96-4cfe-aec0-7368f0dd59d5
11-09 10:22:31.989  1945 30042 I Icing   : Usage reports ok 0, Failed Usage reports 0, indexed 0, rejected 0, imm upload false
11-09 10:22:32.006  1945  4066 I Icing   : IndexChimeraService.getServiceInterface callingPackage=com.google.android.apps.messaging componentName=null serviceId=36
11-09 10:22:32.021  1945 30042 I Icing   : Indexing com.google.android.apps.messaging-participantsCorpus from com.google.android.apps.messaging
11-09 10:22:32.040 28287 28297 I .apps.messagin: Background concurrent copying GC freed 69838(3MB) AllocSpace objects, 31(1512KB) LOS objects, 49% free, 6MB/12MB, paused 3.102ms total 156.650ms
11-09 10:22:32.076  1945 30042 I Icing   : Indexing done com.google.android.apps.messaging-participantsCorpus
11-09 10:22:32.080 28287 30460 I BugleNetwork: Received result for RPC: n
11-09 10:22:32.081 28287 30460 I BugleNetwork: Sent ditto response for request: [requestId=47cb80ba-6a96-4cfe-aec0-7368f0dd59d5, browserId=+1-K4YIx8H0Qwt6hYXpMQEev9]
11-09 10:22:32.103 28287 28323 D BugleNetwork: Created InboxSendRequest, type: GET_UPDATES.CONVERSATION
11-09 10:22:32.105 28287 28323 D BugleNetwork: starting tachyon registration
11-09 10:22:32.106 28287 28323 D BugleNetwork: using immediateFuture based on stored tachyon registration
11-09 10:22:32.106 28287 28323 W BugleDataModel: Used 150ms for ProcessConversationUpdateAction:ProcessConversationUpdateAction:1541778249759173#executeAction
11-09 10:22:32.106 28287 28323 I BugleNotifications: RefreshStatefulNotificationsAction: Refreshing message notifications: for incoming messages = true , for failures = true , isSilent = false , isQuickReply = false , isSmartReplyUpdate = false , conversation{id:null}
11-09 10:22:32.109  1945 30042 I Icing   : Usage reports ok 0, Failed Usage reports 0, indexed 0, rejected 0, imm upload false
11-09 10:22:32.132 28287 30438 I BugleNetwork: Pull messages got 1 messages to process
11-09 10:22:32.133 28287 30438 V BugleNetwork: Acquiring Ditto lock.
11-09 10:22:32.133  1945 30042 I Icing   : Indexing com.google.android.apps.messaging-messagesCorpus from com.google.android.apps.messaging
11-09 10:22:32.137  1945  4066 I Icing   : IndexChimeraService.getServiceInterface callingPackage=com.google.android.apps.messaging componentName=null serviceId=36
11-09 10:22:32.155 28287 30147 I BugleNetwork: Executing RPC: m
11-09 10:22:32.161 28287 30438 I BugleNetwork: outstandingPullRequests has 1 requests, waiting...
11-09 10:22:32.175 28287 28323 V BugleNotifications: BugleNotificationFactory: no unseen incoming message notifications
11-09 10:22:32.188  5467 30556 E NetworkScheduler: Invalid component specified.
11-09 10:22:32.234  5467 30556 E NetworkScheduler: Invalid component specified.
11-09 10:22:32.296  1945  4066 I Icing   : IndexChimeraService.getServiceInterface callingPackage=com.google.android.apps.messaging componentName=null serviceId=36
11-09 10:22:32.328 28287 28323 W BugleDataModel: Used 222ms for RefreshStatefulNotificationsAction:RefreshStatefulNotificationsAction:1541778249759176#executeAction
11-09 10:22:32.336 30862 31003 D UE4     : *** JavaEnvDestructor: 31003
11-09 10:22:32.337 30862 31004 D UE4     : *** JavaEnvDestructor: 31004
11-09 10:22:32.337 30862 31002 D UE4     : *** JavaEnvDestructor: 31002
11-09 10:22:32.356 28287 28338 W BugleUsageStatistics: Unable to retrieve the RCS Config for getting the user's P-CSCF
11-09 10:22:32.357 28287 28338 W BugleUsageStatistics: org: Jibe SDK Service not available. Is the Jibe SDK service running? Did you call connect() and wait for the notification before calling an API function?
11-09 10:22:32.357 28287 28338 W BugleUsageStatistics: 	at orc.c(SourceFile:70)
11-09 10:22:32.357 28287 28338 W BugleUsageStatistics: 	at com.google.android.rcs.client.profile.RcsProfileService.getRcsConfig(SourceFile:54)
11-09 10:22:32.357 28287 28338 W BugleUsageStatistics: 	at ciu.f(SourceFile:1069)
11-09 10:22:32.357 28287 28338 W BugleUsageStatistics: 	at ciu.a(SourceFile:501)
11-09 10:22:32.357 28287 28338 W BugleUsageStatistics: 	at com.google.android.apps.messaging.shared.datamodel.action.MarkAsReadAction.doBackgroundWork(SourceFile:83)
11-09 10:22:32.357 28287 28338 W BugleUsageStatistics: 	at dav.a(SourceFile:6)
11-09 10:22:32.357 28287 28338 W BugleUsageStatistics: 	at daf.run(SourceFile:8)
11-09 10:22:32.357 28287 28338 W BugleUsageStatistics: 	at java.util.concurrent.ThreadPoolExecutor.runWorker(ThreadPoolExecutor.java:1167)
11-09 10:22:32.357 28287 28338 W BugleUsageStatistics: 	at java.util.concurrent.ThreadPoolExecutor$Worker.run(ThreadPoolExecutor.java:641)
11-09 10:22:32.357 28287 28338 W BugleUsageStatistics: 	at java.lang.Thread.run(Thread.java:764)
11-09 10:22:32.357 28287 28338 W BugleUsageStatistics: Unable to retrieve the user's P-CSCF
11-09 10:22:32.366 28287 30460 W BugleNetwork: pull message request complete, outstandingPullRequests now has 0 requests
11-09 10:22:32.367 28287 30438 I BugleNetwork: All pullMessage requests acked
11-09 10:22:32.372  1945  4066 I Icing   : IndexChimeraService.getServiceInterface callingPackage=com.google.android.apps.messaging componentName=null serviceId=36
11-09 10:22:32.404  5467 29988 E NetworkScheduler: Invalid component specified.
11-09 10:22:32.416  5467 29988 E NetworkScheduler: Invalid component specified.
11-09 10:22:32.437 28287 30460 I BugleNetwork: Received result for RPC: n
11-09 10:22:32.437 28287 30460 V BugleNetwork: Acquiring Ditto lock.
11-09 10:22:32.461 28287 28338 V BugleDataModel: RCS is not enabled. Cannot send delivery reports.
11-09 10:22:32.494  1945 30042 I Icing   : Usage reports ok 0, Failed Usage reports 0, indexed 0, rejected 0, imm upload false
11-09 10:22:32.539  1945 30042 I chatty  : uid=10018(com.google.android.gms) lowpool[776] identical 1 line
11-09 10:22:32.574  1945 30042 I Icing   : Usage reports ok 0, Failed Usage reports 0, indexed 0, rejected 0, imm upload false
11-09 10:22:32.579  1945  3839 E native  : contacts-annotator.cc:94 Contacts annotator params do not exist
11-09 10:22:32.579  1945  3839 E native  : installed-app-annotator.cc:94 Installed app annotator params do not exist
11-09 10:22:32.580  1945  3839 I Icing   : No annotation is returned.
11-09 10:22:32.622  1945 30042 I Icing   : Indexing done com.google.android.apps.messaging-messagesCorpus
11-09 10:22:32.623  1945 30042 I Icing   : Indexing com.google.android.apps.messaging-partsCorpus from com.google.android.apps.messaging
11-09 10:22:32.644  1945 30042 I Icing   : Indexing done com.google.android.apps.messaging-partsCorpus
11-09 10:22:32.646  1945 30042 I Icing   : Indexing com.google.android.apps.messaging-participantsCorpus from com.google.android.apps.messaging
11-09 10:22:32.691  1945 30042 I Icing   : Indexing done com.google.android.apps.messaging-participantsCorpus
11-09 10:22:32.863  1945  3839 E native  : contacts-annotator.cc:94 Contacts annotator params do not exist
11-09 10:22:32.863  1945  3839 E native  : installed-app-annotator.cc:94 Installed app annotator params do not exist
11-09 10:22:32.863  1945  3839 I Icing   : No annotation is returned.
11-09 10:22:32.902 28287 28287 D BugleDataModel: ActionExecutor Empty Service destroyed
11-09 10:22:33.013 28287 30460 I BugleNetwork: Received onNext in BindHandlerV2: PONG
11-09 10:22:33.013 28287 30460 I BugleNetwork: handlePong()
11-09 10:22:33.134  1945 30042 I Icing   : Indexing com.google.android.apps.messaging-messagesCorpus from com.google.android.apps.messaging
11-09 10:22:33.160   898  2444 I ActivityManager: Killing 29453:com.google.android.apps.turbo:aab/u0a125 (adj 906): empty #17
11-09 10:22:33.166   898   970 W libprocessgroup: kill(-29453, 9) failed: No such process
11-09 10:22:33.182  1945 30042 I Icing   : Indexing done com.google.android.apps.messaging-messagesCorpus
11-09 10:22:33.196   633   633 I Zygote  : Process 29453 exited due to signal (9)
11-09 10:22:33.211   898   970 W libprocessgroup: kill(-29453, 9) failed: No such process
11-09 10:22:33.211   898   970 I libprocessgroup: Successfully killed process cgroup uid 10125 pid 29453 in 50ms
11-09 10:22:33.259 30862 31017 D UE4     : *** JavaEnvDestructor: 31017
11-09 10:22:33.275 30862 31018 D UE4     : *** JavaEnvDestructor: 31018
11-09 10:22:33.376 30862 30885 D UE4     : Unregistering volume receiver
11-09 10:22:33.378 30862 30885 D UE4     : Unregistering battery receiver
11-09 10:22:33.380 30862 30885 D UE4     : Unregistering headset receiver
11-09 10:22:33.386 30862 30992 D UE4     : *** JavaEnvDestructor: 30992
11-09 10:22:33.402 30862 30991 D UE4     : AndroidEGL::ResetDisplay()
11-09 10:22:33.404 30862 30991 D UE4     : *** JavaEnvDestructor: 30991
11-09 10:22:33.405 30862 30885 D UE4     : [2018.11.09-16.22.33:405][  0]LogTemp: Android pause audio
11-09 10:22:33.407 30862 30885 D UE4     : Execution has been paused...
11-09 10:22:33.407 30862 30885 D UE4     : LogAndroidEvents: Display: DequeueAppEvent : 7, 0
11-09 10:22:33.407 30862 30885 D UE4     : 
11-09 10:22:33.407 30862 30885 D UE4     : [2018.11.09-16.22.33:407][  0]LogAndroidEvents: Display: DequeueAppEvent : 7, 0
11-09 10:22:33.446 30862 30885 D UE4     : [2018.11.09-16.22.33:446][  0]LogTemp: Android resume audio
11-09 10:22:33.446 30862 30885 D UE4     : Registering volume receiver
11-09 10:22:33.449 30862 30885 D UE4     : startVolumeReceiver: 10
11-09 10:22:33.449 30862 30885 D UE4     : nativeVolumeEvent(10)
11-09 10:22:33.449 30862 30885 D UE4     : Registering battery receiver
11-09 10:22:33.453 30862 30885 D UE4     : Registering headset receiver
11-09 10:22:33.456 30862 30885 D UE4     : startHeadsetReceiver: 0
11-09 10:22:33.456 30862 30885 D UE4     : nativeHeadsetEvent(0)
11-09 10:22:33.457 30862 30885 D UE4     : [2018.11.09-16.22.33:457][  0]LogUdpMessaging: Initializing bridge on interface 0.0.0.0:0 to multicast group 230.0.0.1:6666.
11-09 10:22:33.467 30862 30885 D UE4     : [2018.11.09-16.22.33:467][  0]LogTcpMessaging: Initializing TcpMessaging bridge, listening on 127.0.0.1:6666
11-09 10:22:33.471 30862 30885 D UE4     : Execution has been resumed!
11-09 10:22:33.520 30862 30980 D         : PlayerBase::PlayerBase()
11-09 10:22:33.520 30862 30980 D         : TrackPlayerBase::TrackPlayerBase()
11-09 10:22:33.521 30862 30980 I libOpenSLES: Emulating old channel mask behavior (ignoring positional mask 0x3, using default mask 0x3 based on channel count of 2)
11-09 10:22:33.522   681 16578 D AudioFlinger: Client defaulted notificationFrames to 590 for frameCount 1772
11-09 10:22:33.524 30862 30980 W AudioTrack: AUDIO_OUTPUT_FLAG_FAST denied by server; frameCount 0 -> 1772
11-09 10:22:33.541   640   640 W AshmemAllocator: ashmem_create_region(7680) returning hidl_memory(0x74f522c100, 7680)
11-09 10:22:33.543   640   640 W AshmemAllocator: ashmem_create_region(7680) returning hidl_memory(0x74f522c100, 7680)
11-09 10:22:33.546   643 20163 E volume_listener: check_and_set_gain_dep_cal: Failed to set gain dep cal level
11-09 10:22:33.548   643 15880 I ACDB-LOADER: ACDB AFE returned = -19
11-09 10:22:33.548   643 15880 D hardware_info: hw_info_append_hw_type : device_name = speaker
11-09 10:22:33.548   643 15880 D audio_hw_primary: enable_snd_device: snd_device(2: speaker)
11-09 10:22:33.548   643 15880 D audio_route: Apply path: speaker
11-09 10:22:33.548   643 15880 D audio_hw_primary: enable_audio_route: usecase(5) apply and update mixer path: audio-ull-playback speaker
11-09 10:22:33.548   643 15880 D audio_route: Apply path: audio-ull-playback speaker
11-09 10:22:33.549  1871  1873 E ANDR-PERF-OPTSHANDLER: Warning: Resource [2, 0] not supported for core 1. Instead use resource for core 0
11-09 10:22:33.550  1871  1873 E ANDR-PERF-RESOURCEQS: Failed to apply optimization [2, 2, 0]
11-09 10:22:33.570   643 15880 D audio_hw_primary: out_write: retry previous failed cal level set
11-09 10:22:33.591   643 20163 E volume_listener: check_and_set_gain_dep_cal: Failed to set gain dep cal level
11-09 10:22:33.702  1945 30042 I Icing   : Indexing com.google.android.apps.messaging-internal.3p:Message_no_gsa from com.google.android.apps.messaging
11-09 10:22:33.724  1945 30042 I Icing   : Indexing com.google.android.apps.messaging-internal.3p:Person_no_gsa from com.google.android.apps.messaging
11-09 10:22:33.749  1945 30042 I Icing   : Indexing done com.google.android.apps.messaging-internal.3p:Message_no_gsa
11-09 10:22:33.749  1945 30042 I Icing   : Indexing com.google.android.apps.messaging-internal.3p:Conversation_no_gsa from com.google.android.apps.messaging
11-09 10:22:33.772  1945 30042 I Icing   : Indexing done com.google.android.apps.messaging-internal.3p:Person_no_gsa
11-09 10:22:33.777  1945 30042 I Icing   : Indexing done com.google.android.apps.messaging-internal.3p:Conversation_no_gsa
11-09 10:22:33.782  1945 30042 I Icing   : Indexing com.google.android.apps.messaging-internal.3p:Conversation_no_gsa from com.google.android.apps.messaging
11-09 10:22:33.787  1945 30042 I Icing   : Indexing done com.google.android.apps.messaging-internal.3p:Conversation_no_gsa
11-09 10:22:33.795  1945 30042 I Icing   : Indexing com.google.android.apps.messaging-internal.3p:Person_no_gsa from com.google.android.apps.messaging
11-09 10:22:33.801  1945 30042 I Icing   : Indexing done com.google.android.apps.messaging-internal.3p:Person_no_gsa
11-09 10:22:33.804  1945 30042 I Icing   : Indexing com.google.android.apps.messaging-internal.3p:Message_no_gsa from com.google.android.apps.messaging
11-09 10:22:33.809  1945 30042 I Icing   : Indexing done com.google.android.apps.messaging-internal.3p:Message_no_gsa
11-09 10:22:33.852  1945 30042 I Icing   : Indexing com.google.android.apps.messaging-internal.3p:Message_no_gsa from com.google.android.apps.messaging
11-09 10:22:33.858  1945 30042 I Icing   : Indexing done com.google.android.apps.messaging-internal.3p:Message_no_gsa
11-09 10:22:33.862  1945 30042 I Icing   : Indexing com.google.android.apps.messaging-internal.3p:Person_no_gsa from com.google.android.apps.messaging
11-09 10:22:33.868  1945 30042 I Icing   : Indexing done com.google.android.apps.messaging-internal.3p:Person_no_gsa
11-09 10:22:33.870  1945 30042 I Icing   : Indexing com.google.android.apps.messaging-internal.3p:Conversation_no_gsa from com.google.android.apps.messaging
11-09 10:22:33.895  1945 30042 I Icing   : Indexing done com.google.android.apps.messaging-internal.3p:Conversation_no_gsa
11-09 10:22:33.903 30862 30885 D UE4     : [2018.11.09-16.22.33:903][  0]LogRHI: AndroidEGL:SwapBuffers Min=0, Max=1, Request=1, SetDriver=1
11-09 10:22:33.906 30862 30885 D UE4     : [2018.11.09-16.22.33:906][  0]LogSlate: Slate font cache was flushed
11-09 10:22:33.917 30862 30885 D UE4     : [2018.11.09-16.22.33:917][  1]LogSlate: Took 0.000448 seconds to synchronously load lazily loaded font '../../../Engine/Content/Slate/Fonts/Roboto-Regular.ttf' (155K)
11-09 10:22:36.327 28287 28287 D BugleDataModel: ActionExecutor Empty Service started
11-09 10:22:36.346 28287 28287 D BugleDataModel: ActionExecutor Empty Service destroyed
11-09 10:22:37.568  1945  3839 I Icing   : IndexChimeraService.getServiceInterface callingPackage=com.google.android.gms componentName=null serviceId=36
11-09 10:22:37.635  1945 30530 I Icing   : Usage reports ok 0, Failed Usage reports 0, indexed 0, rejected 0, imm upload false
11-09 10:22:38.476 28287 30460 I BugleNetwork: Received onNext in BindHandlerV2: INBOX_MESSAGE
11-09 10:22:38.477 28287 30460 V BugleNetwork: Acquiring Ditto lock.
11-09 10:22:38.567 28287 30438 I BugleNetwork: Handling DittoRequest: TYPING_UPDATES [requestId=15b65660-1546-4047-09c0-5e87a6f86b20, browserId=+1-K4YIx8H0Qwt6hYXpMQEev9]
11-09 10:22:38.590 28287 30438 V BugleNetwork: Acquiring Ditto lock.
11-09 10:22:38.668  1945 30530 I Icing   : Indexing com.google.android.gms-sms from com.google.android.gms
11-09 10:22:38.743  1945 30530 I Icing   : Indexing done com.google.android.gms-sms
11-09 10:22:38.918  1945  1957 I gle.android.gm: Background concurrent copying GC freed 472060(16MB) AllocSpace objects, 92(4MB) LOS objects, 50% free, 21MB/42MB, paused 191us total 232.581ms
11-09 10:22:39.046   898  2443 W ActivityManager: Unable to start service Intent { cmp=com.google.android.gm.exchange/com.android.exchange.service.EmailSyncAdapterService } U=0: not found
11-09 10:22:39.155 23777 31052 W Conscrypt: Could not set socket write timeout: java.net.SocketException: Socket closed
11-09 10:22:39.155 23777 31052 W Conscrypt: 	at com.google.android.gms.org.conscrypt.Platform.setSocketWriteTimeout(:com.google.android.gms@14367037@14.3.67 (100400-216465562):2)
11-09 10:22:39.156 23777 31052 W Conscrypt: 	at com.google.android.gms.org.conscrypt.ConscryptFileDescriptorSocket.setSoWriteTimeout(:com.google.android.gms@14367037@14.3.67 (100400-216465562):2)
11-09 10:22:39.164 23777 31052 W Conscrypt: Could not set socket write timeout: java.net.SocketException: Socket closed
11-09 10:22:39.164 23777 31052 W Conscrypt: 	at com.google.android.gms.org.conscrypt.Platform.setSocketWriteTimeout(:com.google.android.gms@14367037@14.3.67 (100400-216465562):2)
11-09 10:22:39.165 23777 31052 W Conscrypt: 	at com.google.android.gms.org.conscrypt.ConscryptFileDescriptorSocket.setSoWriteTimeout(:com.google.android.gms@14367037@14.3.67 (100400-216465562):2)
11-09 10:22:40.452   898   969 I ActivityManager: Start proc 31057:com.android.providers.calendar/u0a3 for content provider com.android.providers.calendar/.CalendarProvider2
11-09 10:22:40.464 31057 31057 E viders.calenda: Not starting debugger since process cannot load the jdwp agent.
11-09 10:22:40.511 31057 31057 I viders.calenda: The ClassLoaderContext is a special shared library.
11-09 10:22:40.545 31057 31057 I CalendarProvider2: Created com.android.providers.calendar.CalendarAlarmManager@73eb40(com.android.providers.calendar.CalendarProvider2@688da79)
11-09 10:22:40.981 23777 31052 E Gmail   : Exchange:Couldn't find default contact folder
11-09 10:22:42.123  1945  3839 I Icing   : IndexChimeraService.getServiceInterface callingPackage=com.google.android.gm componentName=null serviceId=36
11-09 10:22:42.128  1945  4066 I Icing   : IndexChimeraService.getServiceInterface callingPackage=com.google.android.gm componentName=null serviceId=32
11-09 10:22:42.199  1945 30042 I Icing   : Usage reports ok 0, Failed Usage reports 0, indexed 0, rejected 0, imm upload false
11-09 10:22:42.247  1945  4066 I Icing   : IndexChimeraService.getServiceInterface callingPackage=com.google.android.gm componentName=null serviceId=36
11-09 10:22:42.250  1945  3839 I Icing   : IndexChimeraService.getServiceInterface callingPackage=com.google.android.gm componentName=null serviceId=32
11-09 10:22:42.251  1945 30042 I Icing   : Usage reports ok 0, Failed Usage reports 0, indexed 0, rejected 0, imm upload false
11-09 10:22:42.301  1945 30042 I chatty  : uid=10018(com.google.android.gms) lowpool[776] identical 1 line
11-09 10:22:42.350  1945 30042 I Icing   : Usage reports ok 0, Failed Usage reports 0, indexed 0, rejected 0, imm upload false
11-09 10:22:42.400  5467 31080 E NetworkScheduler: Invalid component specified.
11-09 10:22:42.462 23777 31077 W Conscrypt: Could not set socket write timeout: java.net.SocketException: Socket closed
11-09 10:22:42.462 23777 31077 W Conscrypt: 	at com.google.android.gms.org.conscrypt.Platform.setSocketWriteTimeout(:com.google.android.gms@14367037@14.3.67 (100400-216465562):2)
11-09 10:22:42.462 23777 31077 W Conscrypt: 	at com.google.android.gms.org.conscrypt.ConscryptFileDescriptorSocket.setSoWriteTimeout(:com.google.android.gms@14367037@14.3.67 (100400-216465562):2)
11-09 10:22:42.473 23777 31077 W Conscrypt: Could not set socket write timeout: java.net.SocketException: Socket closed
11-09 10:22:42.473 23777 31077 W Conscrypt: 	at com.google.android.gms.org.conscrypt.Platform.setSocketWriteTimeout(:com.google.android.gms@14367037@14.3.67 (100400-216465562):2)
11-09 10:22:42.473 23777 31077 W Conscrypt: 	at com.google.android.gms.org.conscrypt.ConscryptFileDescriptorSocket.setSoWriteTimeout(:com.google.android.gms@14367037@14.3.67 (100400-216465562):2)
11-09 10:22:42.719 28287 30460 I BugleNetwork: Received onNext in BindHandlerV2: INBOX_MESSAGE
11-09 10:22:42.721 28287 30460 V BugleNetwork: Acquiring Ditto lock.
11-09 10:22:42.728 28287 30460 I BugleNetwork: Received onNext in BindHandlerV2: INBOX_MESSAGE
11-09 10:22:42.728 28287 30460 V BugleNetwork: Acquiring Ditto lock.
11-09 10:22:42.736 28287 30460 I BugleNetwork: Received onNext in BindHandlerV2: INBOX_MESSAGE
11-09 10:22:42.736 28287 30460 V BugleNetwork: Acquiring Ditto lock.
11-09 10:22:42.786 28287 28344 V BugleNetwork: Acquiring Ditto lock.
11-09 10:22:42.788 28287 28344 I BugleNetwork: BugleFirebaseMessagingService: Handling firebase tickle, ID: 55f49017-df7a-4b77-a78b-c6aba4f8c59e
11-09 10:22:42.788 28287 28344 D BugleNetwork: beginning of startBindHandler
11-09 10:22:42.788 28287 28344 D BugleNetwork: starting tachyon registration
11-09 10:22:42.788 28287 28344 D BugleNetwork: using immediateFuture based on stored tachyon registration
11-09 10:22:42.790 28287 30442 D BugleNetwork: receiveMessages already running, checking if we should call pullMessages
11-09 10:22:42.790 28287 30442 I BugleNetwork: starting pullMessages call
11-09 10:22:42.831 28287 30438 I BugleNetwork: Handling DittoRequest: MESSAGE_READ [requestId=55f49017-df7a-4b77-a78b-c6aba4f8c59e, browserId=+1-K4YIx8H0Qwt6hYXpMQEev9]
11-09 10:22:42.836 28287 28287 D BugleDataModel: ActionExecutor Empty Service started
11-09 10:22:42.841 28287 30442 I BugleNetwork: BugleFirebaseMessagingService: Successfully handled tickle with ID: 55f49017-df7a-4b77-a78b-c6aba4f8c59e
11-09 10:22:42.842 28287 30438 D BugleNetwork: Created InboxSendRequest, type: MESSAGE_READ
11-09 10:22:42.842 28287 30438 D BugleNetwork: starting tachyon registration
11-09 10:22:42.842 28287 30438 D BugleNetwork: using immediateFuture based on stored tachyon registration
11-09 10:22:42.849 28287 30438 I BugleNetwork: Executing RPC: m
11-09 10:22:42.871 28287 30147 I BugleNetwork: Handling DittoRequest: TYPING_UPDATES [requestId=c75eea34-8d0a-49f3-9052-dc1aba79f581, browserId=+1-K4YIx8H0Qwt6hYXpMQEev9]
11-09 10:22:42.912 28287 30148 I BugleNetwork: Handling DittoRequest: SEND_MESSAGE [requestId=1a12223d-382b-4553-0f8f-ef8578e4fe53, browserId=+1-K4YIx8H0Qwt6hYXpMQEev9]
11-09 10:22:42.915 28287 28323 I BugleNotifications: RefreshStatefulNotificationsAction: Refreshing message notifications: for incoming messages = true , for failures = true , isSilent = false , isQuickReply = false , isSmartReplyUpdate = false , conversation{id:null}
11-09 10:22:42.940 28287 28323 V BugleNotifications: BugleNotificationFactory: no unseen incoming message notifications
11-09 10:22:42.945 28287 28338 V BugleDataModel: RCS is not enabled. Cannot send delivery reports.
11-09 10:22:42.950 28287 30460 I BugleNetwork: Received onNext in BindHandlerV2: PONG
11-09 10:22:42.950 28287 30460 I BugleNetwork: handlePong()
11-09 10:22:42.954 28287 30147 I BugleNetwork: Pull messages got 2 messages to process
11-09 10:22:42.954 28287 30147 V BugleNetwork: Acquiring Ditto lock.
11-09 10:22:42.957 28287 30147 V BugleNetwork: Acquiring Ditto lock.
11-09 10:22:42.958 28287 30147 I BugleNetwork: outstandingPullRequests has 2 requests, waiting...
11-09 10:22:42.971 28287 28344 V BugleNetwork: Acquiring Ditto lock.
11-09 10:22:42.972 28287 28344 I BugleNetwork: BugleFirebaseMessagingService: Handling firebase tickle, ID: 1a12223d-382b-4553-0f8f-ef8578e4fe53
11-09 10:22:42.972 28287 28344 D BugleNetwork: beginning of startBindHandler
11-09 10:22:42.973 28287 28344 D BugleNetwork: starting tachyon registration
11-09 10:22:42.973 28287 28344 D BugleNetwork: using immediateFuture based on stored tachyon registration
11-09 10:22:42.975 28287 30442 D BugleNetwork: receiveMessages already running, checking if we should call pullMessages
11-09 10:22:42.975 28287 30442 I BugleNetwork: pullMessages currently running, setting processMoreMessages to true
11-09 10:22:42.975 28287 30442 I BugleNetwork: BugleFirebaseMessagingService: Successfully handled tickle with ID: 1a12223d-382b-4553-0f8f-ef8578e4fe53
11-09 10:22:42.987 28287 28287 D BugleDataModel: ActionExecutor Empty Service destroyed
11-09 10:22:43.009 28287 28287 D BugleDataModel: ActionExecutor Empty Service started
11-09 10:22:43.010 28287 28323 I BugleDataModel: InsertNewMessageAction: inserting new message
11-09 10:22:43.013 28287 30438 I BugleNetwork: Inserted new message Redacted-8 
11-09 10:22:43.017 28287 30148 D BugleNetwork: Created InboxSendRequest, type: SEND_MESSAGE
11-09 10:22:43.017 28287 30148 D BugleNetwork: starting tachyon registration
11-09 10:22:43.017 28287 30148 D BugleNetwork: using immediateFuture based on stored tachyon registration
11-09 10:22:43.022 28287 30148 I BugleNetwork: Executing RPC: m
11-09 10:22:43.103 28287 28323 W BugleUsageStatistics: Unable to retrieve the RCS Config for getting the user's P-CSCF
11-09 10:22:43.104 28287 28323 W BugleUsageStatistics: org: Jibe SDK Service not available. Is the Jibe SDK service running? Did you call connect() and wait for the notification before calling an API function?
11-09 10:22:43.104 28287 28323 W BugleUsageStatistics: 	at orc.c(SourceFile:70)
11-09 10:22:43.104 28287 28323 W BugleUsageStatistics: 	at com.google.android.rcs.client.profile.RcsProfileService.getRcsConfig(SourceFile:54)
11-09 10:22:43.104 28287 28323 W BugleUsageStatistics: 	at ciu.f(SourceFile:1069)
11-09 10:22:43.104 28287 28323 W BugleUsageStatistics: 	at ciu.a(SourceFile:97)
11-09 10:22:43.104 28287 28323 W BugleUsageStatistics: 	at com.google.android.apps.messaging.shared.datamodel.action.InsertNewMessageAction.a(SourceFile:437)
11-09 10:22:43.104 28287 28323 W BugleUsageStatistics: 	at crk.a(Unknown Source:18)
11-09 10:22:43.104 28287 28323 W BugleUsageStatistics: 	at cmz.a(SourceFile:278)
11-09 10:22:43.104 28287 28323 W BugleUsageStatistics: 	at cmz.a(SourceFile:276)
11-09 10:22:43.104 28287 28323 W BugleUsageStatistics: 	at com.google.android.apps.messaging.shared.datamodel.action.InsertNewMessageAction.a(SourceFile:281)
11-09 10:22:43.104 28287 28323 W BugleUsageStatistics: 	at com.google.android.apps.messaging.shared.datamodel.action.InsertNewMessageAction.executeAction(SourceFile:97)
11-09 10:22:43.104 28287 28323 W BugleUsageStatistics: 	at daw.a(SourceFile:6)
11-09 10:22:43.104 28287 28323 W BugleUsageStatistics: 	at daf.run(SourceFile:8)
11-09 10:22:43.104 28287 28323 W BugleUsageStatistics: 	at java.util.concurrent.ThreadPoolExecutor.runWorker(ThreadPoolExecutor.java:1167)
11-09 10:22:43.104 28287 28323 W BugleUsageStatistics: 	at java.util.concurrent.ThreadPoolExecutor$Worker.run(ThreadPoolExecutor.java:641)
11-09 10:22:43.104 28287 28323 W BugleUsageStatistics: 	at java.lang.Thread.run(Thread.java:764)
11-09 10:22:43.105 28287 28323 W BugleUsageStatistics: Unable to retrieve the user's P-CSCF
11-09 10:22:43.163  5467 30555 E NetworkScheduler: Invalid component specified.
11-09 10:22:43.200  5467 30555 E NetworkScheduler: Invalid component specified.
11-09 10:22:43.202 28287 28287 V BugleNetwork: Acquiring Ditto lock.
11-09 10:22:43.203 28287 28287 V BugleAction: Showing notification for processing message update.
11-09 10:22:43.203 28287 28287 V BugleNetwork: Acquiring Ditto lock.
11-09 10:22:43.205 28287 28287 V BugleNetwork: Acquiring Ditto lock.
11-09 10:22:43.207 28287 30460 I BugleNetwork: Received result for RPC: n
11-09 10:22:43.207 28287 30460 I BugleNetwork: Sent ditto response for request: [requestId=55f49017-df7a-4b77-a78b-c6aba4f8c59e, browserId=+1-K4YIx8H0Qwt6hYXpMQEev9]
11-09 10:22:43.209 28287 28287 V BugleAction: Showing notification for processing message update.
11-09 10:22:43.209 28287 28287 V BugleNetwork: Acquiring Ditto lock.
11-09 10:22:43.223  1945  3839 I Icing   : IndexChimeraService.getServiceInterface callingPackage=com.google.android.apps.messaging componentName=null serviceId=36
11-09 10:22:43.229 28287 28323 D BugleTimestamp: Message 13544 inserted.
11-09 10:22:43.284  1945 30042 I Icing   : Usage reports ok 0, Failed Usage reports 0, indexed 0, rejected 0, imm upload false
11-09 10:22:43.295  1945 30042 I Icing   : Indexing com.google.android.gm-messages/com.google.android.gm.exchange/gabe.landwehr%40trojans.dsu.edu from com.google.android.gm
11-09 10:22:43.367 28287 30460 I BugleNetwork: Received result for RPC: n
11-09 10:22:43.367 28287 30460 I BugleNetwork: Sent ditto response for request: [requestId=1a12223d-382b-4553-0f8f-ef8578e4fe53, browserId=+1-K4YIx8H0Qwt6hYXpMQEev9]
11-09 10:22:43.384 28287 28323 I BugleDataModel: ProcessPendingMessagesAction: cleared next retry time for channel sms_send including counter
11-09 10:22:43.391  5467 31080 E NetworkScheduler: Invalid component specified.
11-09 10:22:43.397  1945 30042 I Icing   : Indexing done com.google.android.gm-messages/com.google.android.gm.exchange/gabe.landwehr%40trojans.dsu.edu
11-09 10:22:43.417  1945  4066 I Icing   : IndexChimeraService.getServiceInterface callingPackage=com.google.android.apps.messaging componentName=null serviceId=36
11-09 10:22:43.419  1945 30042 I Icing   : Indexing com.google.android.gm-messages/com.google.android.gm.exchange/gabe.landwehr%40trojans.dsu.edu from com.google.android.gm
11-09 10:22:43.449  5467 31080 E NetworkScheduler: Invalid component specified.
11-09 10:22:43.496 28287 28323 I BugleDataModel: ProcessPendingMessagesAction: process from InsertNewMessageAction due to message inserted with queues: smsMessagesToSend{size:1}
11-09 10:22:43.498  1945 30042 I Icing   : Indexing done com.google.android.gm-messages/com.google.android.gm.exchange/gabe.landwehr%40trojans.dsu.edu
11-09 10:22:43.524 28287 30460 W BugleNetwork: pull message request complete, outstandingPullRequests now has 1 requests
11-09 10:22:43.536 28287 28323 W BugleUsageStatistics: Unable to retrieve the RCS Config for getting the user's P-CSCF
11-09 10:22:43.536 28287 28323 W BugleUsageStatistics: org: Jibe SDK Service not available. Is the Jibe SDK service running? Did you call connect() and wait for the notification before calling an API function?
11-09 10:22:43.536 28287 28323 W BugleUsageStatistics: 	at orc.c(SourceFile:70)
11-09 10:22:43.536 28287 28323 W BugleUsageStatistics: 	at com.google.android.rcs.client.profile.RcsProfileService.getRcsConfig(SourceFile:54)
11-09 10:22:43.536 28287 28323 W BugleUsageStatistics: 	at ciu.f(SourceFile:1069)
11-09 10:22:43.536 28287 28323 W BugleUsageStatistics: 	at ciu.a(SourceFile:1408)
11-09 10:22:43.536 28287 28323 W BugleUsageStatistics: 	at com.google.android.apps.messaging.shared.datamodel.action.SendMessageAction.queueForSendInBackground(SourceFile:17)
11-09 10:22:43.536 28287 28323 W BugleUsageStatistics: 	at com.google.android.apps.messaging.shared.datamodel.action.ProcessPendingMessagesAction$a.a(SourceFile:119)
11-09 10:22:43.536 28287 28323 W BugleUsageStatistics: 	at com.google.android.apps.messaging.shared.datamodel.action.ProcessPendingMessagesAction.processPendingMessagesFromAction(SourceFile:111)
11-09 10:22:43.536 28287 28323 W BugleUsageStatistics: 	at com.google.android.apps.messaging.shared.datamodel.action.InsertNewMessageAction.executeAction(SourceFile:107)
11-09 10:22:43.536 28287 28323 W BugleUsageStatistics: 	at daw.a(SourceFile:6)
11-09 10:22:43.536 28287 28323 W BugleUsageStatistics: 	at daf.run(SourceFile:8)
11-09 10:22:43.536 28287 28323 W BugleUsageStatistics: 	at java.util.concurrent.ThreadPoolExecutor.runWorker(ThreadPoolExecutor.java:1167)
11-09 10:22:43.536 28287 28323 W BugleUsageStatistics: 	at java.util.concurrent.ThreadPoolExecutor$Worker.run(ThreadPoolExecutor.java:641)
11-09 10:22:43.536 28287 28323 W BugleUsageStatistics: 	at java.lang.Thread.run(Thread.java:764)
11-09 10:22:43.537 28287 28323 W BugleUsageStatistics: Unable to retrieve the user's P-CSCF
11-09 10:22:43.597  1945 30042 I Icing   : Usage reports ok 0, Failed Usage reports 0, indexed 0, rejected 0, imm upload false
11-09 10:22:43.618  1945  3839 I Icing   : IndexChimeraService.getServiceInterface callingPackage=com.google.android.apps.messaging componentName=null serviceId=36
11-09 10:22:43.682  1945 30042 I Icing   : Usage reports ok 0, Failed Usage reports 0, indexed 0, rejected 0, imm upload false
11-09 10:22:43.740 28287 30460 W BugleNetwork: pull message request complete, outstandingPullRequests now has 0 requests
11-09 10:22:43.740 28287 30147 I BugleNetwork: All pullMessage requests acked
11-09 10:22:43.740 28287 30147 I BugleNetwork: starting pullMessages call
11-09 10:22:43.745  5467 30555 E NetworkScheduler: Invalid component specified.
11-09 10:22:43.751 28287 28287 V BugleNetwork: Acquiring Ditto lock.
11-09 10:22:43.753 28287 28287 V BugleAction: Showing notification for processing message update.
11-09 10:22:43.753 28287 28287 V BugleNetwork: Acquiring Ditto lock.
11-09 10:22:43.755  1945  3839 I Icing   : IndexChimeraService.getServiceInterface callingPackage=com.google.android.apps.messaging componentName=null serviceId=36
11-09 10:22:43.812  5467 29988 E NetworkScheduler: Invalid component specified.
11-09 10:22:43.816 28287 28323 I BugleDataModel: ProcessPendingMessagesAction: started message{id:13544}
11-09 10:22:43.829  1945 30530 I Icing   : Usage reports ok 0, Failed Usage reports 0, indexed 0, rejected 0, imm upload false
11-09 10:22:43.846  1945  3839 I Icing   : IndexChimeraService.getServiceInterface callingPackage=com.google.android.apps.messaging componentName=null serviceId=36
11-09 10:22:43.894 10181 10181 D SSME[11710] : ContactsObserver: observed change at uri=content://com.android.contacts; refreshing contact data
11-09 10:22:43.896 22709 22709 I ContactsDataManager: crh: onContentChanged()
11-09 10:22:43.896 22709 22709 I EmailDataManager: chw: onContentChanged()
11-09 10:22:43.904  1945 30530 I Icing   : Usage reports ok 0, Failed Usage reports 0, indexed 0, rejected 0, imm upload false
11-09 10:22:43.919 28287 28323 W BugleDataModel: Used 909ms for InsertNewMessageAction:InsertNewMessageAction:1541778249759189#executeAction
11-09 10:22:43.924  1945  3839 I Icing   : IndexChimeraService.getServiceInterface callingPackage=com.google.android.apps.messaging componentName=null serviceId=36
11-09 10:22:43.936 28287 28338 I BugleDataModel: SendMessageAction: Sending SMS message{id:13544} in conversation{id:15}
11-09 10:22:43.936 28287 28338 I Bugle   : SmsSender: sending message. dest: MSISDN{(d)xd-d}, message: messageBody{Redacted-8}, serviceCenter: null, requireDeliveryReport: true, messageUri: content://sms/10498, subId: 1
11-09 10:22:43.958 28287 30147 I BugleNetwork: Pull messages got 0 messages to process
11-09 10:22:43.958 28287 30147 I BugleNetwork: All pullMessage requests acked
11-09 10:22:43.992  5467 29988 E NetworkScheduler: Invalid component specified.
11-09 10:22:43.995  1945 30530 I Icing   : Usage reports ok 0, Failed Usage reports 0, indexed 0, rejected 0, imm upload false
11-09 10:22:44.059  5467 29988 E NetworkScheduler: Invalid component specified.
11-09 10:22:44.096  1945  4066 I Icing   : IndexChimeraService.getServiceInterface callingPackage=com.google.android.apps.messaging componentName=null serviceId=36
11-09 10:22:44.189  1945 30530 I Icing   : Usage reports ok 0, Failed Usage reports 0, indexed 0, rejected 0, imm upload false
11-09 10:22:44.209 28287 28287 V BugleNetwork: Acquiring Ditto lock.
11-09 10:22:44.210  1945  3839 I Icing   : IndexChimeraService.getServiceInterface callingPackage=com.google.android.apps.messaging componentName=null serviceId=36
11-09 10:22:44.222 28287 28323 W BugleDataModel: Used 298ms for UpdateConversationArchiveStatusAction:UpdateConversationArchiveStatusAction:1541778249759190#executeAction
11-09 10:22:44.301  5467 30555 E NetworkScheduler: Invalid component specified.
11-09 10:22:44.321  1945 30530 I Icing   : Usage reports ok 0, Failed Usage reports 0, indexed 0, rejected 0, imm upload false
11-09 10:22:44.371  1945  4066 I Icing   : IndexChimeraService.getServiceInterface callingPackage=com.google.android.apps.messaging componentName=null serviceId=36
11-09 10:22:44.373 28287 28323 W BugleDataModel: Used 150ms for CheckActiveDesktopIsAliveAction:CheckActiveDesktopIsAliveAction:1541778249759192#executeAction
11-09 10:22:44.403 28287 28323 D BugleNetwork: Created InboxSendRequest, type: GET_UPDATES.MESSAGE
11-09 10:22:44.404 28287 28323 D BugleNetwork: starting tachyon registration
11-09 10:22:44.404 28287 28323 D BugleNetwork: using immediateFuture based on stored tachyon registration
11-09 10:22:44.425  1945 30530 I Icing   : Usage reports ok 0, Failed Usage reports 0, indexed 0, rejected 0, imm upload false
11-09 10:22:44.434  1945 30530 I Icing   : Indexing com.google.android.apps.messaging-partsCorpus from com.google.android.apps.messaging
11-09 10:22:44.446 28287 30148 I BugleNetwork: Executing RPC: m
11-09 10:22:44.471  1572  1572 D MmsService: getAutoPersisting
11-09 10:22:44.511  5467 29988 E NetworkScheduler: Invalid component specified.
11-09 10:22:44.549 28287 28323 D BugleNetwork: Created InboxSendRequest, type: GET_UPDATES.MESSAGE
11-09 10:22:44.552 28287 28323 D BugleNetwork: starting tachyon registration
11-09 10:22:44.552 28287 28323 D BugleNetwork: using immediateFuture based on stored tachyon registration
11-09 10:22:44.562 28287 28323 W BugleDataModel: Used 109ms for ProcessMessageUpdateAction:ProcessMessageUpdateAction:1541778249759196#executeAction
11-09 10:22:44.574  5467 30555 E NetworkScheduler: Invalid component specified.
11-09 10:22:44.585  1945  4066 I Icing   : IndexChimeraService.getServiceInterface callingPackage=com.google.android.apps.messaging componentName=null serviceId=36
11-09 10:22:44.601 28287 30147 I BugleNetwork: Executing RPC: m
11-09 10:22:44.657  1945 30530 I Icing   : Indexing done com.google.android.apps.messaging-partsCorpus
11-09 10:22:44.666  1945  3839 I Icing   : IndexChimeraService.getServiceInterface callingPackage=com.google.android.apps.messaging componentName=null serviceId=36
11-09 10:22:44.670 28287 30460 I BugleNetwork: Received result for RPC: n
11-09 10:22:44.758  1945 30530 I Icing   : Usage reports ok 0, Failed Usage reports 0, indexed 0, rejected 0, imm upload false
11-09 10:22:44.767  5467 31080 E NetworkScheduler: Invalid component specified.
11-09 10:22:44.782 30664 30680 W CrashLoopRemedyLog: unable to delete remedy log, instaCrash: true
11-09 10:22:44.812  1945 30530 I Icing   : Usage reports ok 0, Failed Usage reports 0, indexed 0, rejected 0, imm upload false
11-09 10:22:44.833  1945 30530 I Icing   : Indexing com.google.android.apps.messaging-participantsCorpus from com.google.android.apps.messaging
11-09 10:22:44.848  5467 30555 E NetworkScheduler: Invalid component specified.
11-09 10:22:44.896 28287 28287 V BugleNetwork: Acquiring Ditto lock.
11-09 10:22:44.899 28287 28287 V BugleAction: Showing notification for processing message update.
11-09 10:22:44.899 28287 28287 V BugleNetwork: Acquiring Ditto lock.
11-09 10:22:44.954 28287 28323 I BugleDataModel: ProcessSentMessageAction: Done sending SMS message{id:13544} conversation{id:15}, status: SUCCEEDED
11-09 10:22:44.973  1945 30530 I Icing   : Indexing com.google.android.apps.messaging-messagesCorpus from com.google.android.apps.messaging
11-09 10:22:45.011 28287 28323 W BugleUsageStatistics: Unable to retrieve the RCS Config for getting the user's P-CSCF
11-09 10:22:45.013 28287 28323 W BugleUsageStatistics: org: Jibe SDK Service not available. Is the Jibe SDK service running? Did you call connect() and wait for the notification before calling an API function?
11-09 10:22:45.013 28287 28323 W BugleUsageStatistics: 	at orc.c(SourceFile:70)
11-09 10:22:45.013 28287 28323 W BugleUsageStatistics: 	at com.google.android.rcs.client.profile.RcsProfileService.getRcsConfig(SourceFile:54)
11-09 10:22:45.013 28287 28323 W BugleUsageStatistics: 	at ciu.f(SourceFile:1069)
11-09 10:22:45.013 28287 28323 W BugleUsageStatistics: 	at ciu.a(SourceFile:856)
11-09 10:22:45.013 28287 28323 W BugleUsageStatistics: 	at com.google.android.apps.messaging.shared.datamodel.action.ProcessSentMessageAction.a(SourceFile:238)
11-09 10:22:45.013 28287 28323 W BugleUsageStatistics: 	at com.google.android.apps.messaging.shared.datamodel.action.ProcessSentMessageAction.executeAction(SourceFile:99)
11-09 10:22:45.013 28287 28323 W BugleUsageStatistics: 	at daw.a(SourceFile:6)
11-09 10:22:45.013 28287 28323 W BugleUsageStatistics: 	at daf.run(SourceFile:8)
11-09 10:22:45.013 28287 28323 W BugleUsageStatistics: 	at java.util.concurrent.ThreadPoolExecutor.runWorker(ThreadPoolExecutor.java:1167)
11-09 10:22:45.013 28287 28323 W BugleUsageStatistics: 	at java.util.concurrent.ThreadPoolExecutor$Worker.run(ThreadPoolExecutor.java:641)
11-09 10:22:45.013 28287 28323 W BugleUsageStatistics: 	at java.lang.Thread.run(Thread.java:764)
11-09 10:22:45.013 28287 28323 W BugleUsageStatistics: Unable to retrieve the user's P-CSCF
11-09 10:22:45.024 28287 28323 D BugleUsageStatistics: messageSendClickToSentLatency : -1
11-09 10:22:45.025 28287 28323 D BugleUsageStatistics: messageConversationType : CONVERSATION_TYPE_ONE_ON_ONE
11-09 10:22:45.044 28287 28323 W BugleUsageStatistics: Unable to retrieve the RCS Config for getting the user's P-CSCF
11-09 10:22:45.044 28287 28323 W BugleUsageStatistics: org: Jibe SDK Service not available. Is the Jibe SDK service running? Did you call connect() and wait for the notification before calling an API function?
11-09 10:22:45.044 28287 28323 W BugleUsageStatistics: 	at orc.c(SourceFile:70)
11-09 10:22:45.044 28287 28323 W BugleUsageStatistics: 	at com.google.android.rcs.client.profile.RcsProfileService.getRcsConfig(SourceFile:54)
11-09 10:22:45.044 28287 28323 W BugleUsageStatistics: 	at ciu.f(SourceFile:1069)
11-09 10:22:45.044 28287 28323 W BugleUsageStatistics: 	at ciu.a(SourceFile:1408)
11-09 10:22:45.044 28287 28323 W BugleUsageStatistics: 	at ciu.a(SourceFile:919)
11-09 10:22:45.044 28287 28323 W BugleUsageStatistics: 	at com.google.android.apps.messaging.shared.datamodel.action.ProcessSentMessageAction.a(SourceFile:238)
11-09 10:22:45.044 28287 28323 W BugleUsageStatistics: 	at com.google.android.apps.messaging.shared.datamodel.action.ProcessSentMessageAction.executeAction(SourceFile:99)
11-09 10:22:45.044 28287 28323 W BugleUsageStatistics: 	at daw.a(SourceFile:6)
11-09 10:22:45.044 28287 28323 W BugleUsageStatistics: 	at daf.run(SourceFile:8)
11-09 10:22:45.044 28287 28323 W BugleUsageStatistics: 	at java.util.concurrent.ThreadPoolExecutor.runWorker(ThreadPoolExecutor.java:1167)
11-09 10:22:45.044 28287 28323 W BugleUsageStatistics: 	at java.util.concurrent.ThreadPoolExecutor$Worker.run(ThreadPoolExecutor.java:641)
11-09 10:22:45.044 28287 28323 W BugleUsageStatistics: 	at java.lang.Thread.run(Thread.java:764)
11-09 10:22:45.044 28287 28323 W BugleUsageStatistics: Unable to retrieve the user's P-CSCF
11-09 10:22:45.058 28287 28323 I BugleDataModel: ProcessPendingMessagesAction: process from ProcessSentMessageAction due to sms_send success with queues:
11-09 10:22:45.058 28287 28323 I BugleDataModel: ProcessPendingMessagesAction: cleared next retry time for channel sms_send including counter
11-09 10:22:45.058 28287 28323 W BugleDataModel: Used 496ms for ProcessSentMessageAction:ProcessSentMessageAction:1541778249759211#executeAction
11-09 10:22:45.071 28287 30460 I BugleNetwork: Received result for RPC: n
11-09 10:22:45.072 28287 30460 I BugleNetwork: Received onNext in BindHandlerV2: INBOX_MESSAGE
11-09 10:22:45.072 28287 30460 V BugleNetwork: Acquiring Ditto lock.
11-09 10:22:45.079  1945  3839 I Icing   : IndexChimeraService.getServiceInterface callingPackage=com.google.android.apps.messaging componentName=null serviceId=36
11-09 10:22:45.184 28287 30147 I BugleNetwork: Handling DittoRequest: MESSAGE_READ [requestId=5d3c06d7-c87d-46d7-980d-d3b4213b2a1d, browserId=+1-K4YIx8H0Qwt6hYXpMQEev9]
11-09 10:22:45.223 28287 30147 D BugleNetwork: Created InboxSendRequest, type: MESSAGE_READ
11-09 10:22:45.223 28287 30147 D BugleNetwork: starting tachyon registration
11-09 10:22:45.231 28287 30147 D BugleNetwork: using immediateFuture based on stored tachyon registration
11-09 10:22:45.260 28287 30147 I BugleNetwork: Executing RPC: m
11-09 10:22:45.272  1945  4066 I Icing   : IndexChimeraService.getServiceInterface callingPackage=com.google.android.apps.messaging componentName=null serviceId=36
11-09 10:22:45.276 28287 28323 W BugleDataModel: Used 214ms for CheckActiveDesktopIsAliveAction:CheckActiveDesktopIsAliveAction:1541778249759204#executeAction
11-09 10:22:45.283  1945 30530 I Icing   : Indexing done com.google.android.apps.messaging-participantsCorpus
11-09 10:22:45.382 28287 28323 W BugleUsageStatistics: Unable to retrieve the RCS Config for getting the user's P-CSCF
11-09 10:22:45.385 28287 28323 W BugleUsageStatistics: org: Jibe SDK Service not available. Is the Jibe SDK service running? Did you call connect() and wait for the notification before calling an API function?
11-09 10:22:45.385 28287 28323 W BugleUsageStatistics: 	at orc.c(SourceFile:70)
11-09 10:22:45.385 28287 28323 W BugleUsageStatistics: 	at com.google.android.rcs.client.profile.RcsProfileService.getRcsConfig(SourceFile:54)
11-09 10:22:45.385 28287 28323 W BugleUsageStatistics: 	at ciu.f(SourceFile:1069)
11-09 10:22:45.385 28287 28323 W BugleUsageStatistics: 	at ciu.a(SourceFile:501)
11-09 10:22:45.385 28287 28323 W BugleUsageStatistics: 	at ciu.a(SourceFile:484)
11-09 10:22:45.385 28287 28323 W BugleUsageStatistics: 	at com.google.android.apps.messaging.shared.datamodel.action.ProcessDeliveryReportAction.a(SourceFile:48)
11-09 10:22:45.385 28287 28323 W BugleUsageStatistics: 	at csq.a(Unknown Source:10)
11-09 10:22:45.385 28287 28323 W BugleUsageStatistics: 	at cmz.a(SourceFile:286)
11-09 10:22:45.385 28287 28323 W BugleUsageStatistics: 	at com.google.android.apps.messaging.shared.datamodel.action.ProcessDeliveryReportAction.executeAction(SourceFile:36)
11-09 10:22:45.385 28287 28323 W BugleUsageStatistics: 	at daw.a(SourceFile:6)
11-09 10:22:45.385 28287 28323 W BugleUsageStatistics: 	at daf.run(SourceFile:8)
11-09 10:22:45.385 28287 28323 W BugleUsageStatistics: 	at java.util.concurrent.ThreadPoolExecutor.runWorker(ThreadPoolExecutor.java:1167)
11-09 10:22:45.385 28287 28323 W BugleUsageStatistics: 	at java.util.concurrent.ThreadPoolExecutor$Worker.run(ThreadPoolExecutor.java:641)
11-09 10:22:45.385 28287 28323 W BugleUsageStatistics: 	at java.lang.Thread.run(Thread.java:764)
11-09 10:22:45.385 28287 28323 W BugleUsageStatistics: Unable to retrieve the user's P-CSCF
11-09 10:22:45.438  5467 30556 E NetworkScheduler: Invalid component specified.
11-09 10:22:45.454 28287 28287 V BugleNetwork: Acquiring Ditto lock.
11-09 10:22:45.456 28287 28287 V BugleAction: Showing notification for processing message update.
11-09 10:22:45.456 28287 28287 V BugleNetwork: Acquiring Ditto lock.
11-09 10:22:45.469  1945 30530 I Icing   : Indexing done com.google.android.apps.messaging-messagesCorpus
11-09 10:22:45.472  1945 30530 I Icing   : Indexing com.google.android.apps.messaging-partsCorpus from com.google.android.apps.messaging
11-09 10:22:45.512  5467 30556 E NetworkScheduler: Invalid component specified.
11-09 10:22:45.512 28287 28323 W BugleDataModel: Used 227ms for ProcessDeliveryReportAction:ProcessDeliveryReportAction:1541778249759222#executeAction
11-09 10:22:45.516 28287 28344 V BugleNetwork: Acquiring Ditto lock.
