10-24 23:13:31.501  1042  2087 I SoundAlive_Effect: [ -462403840 ][ 48000 ]Set_SquareUI() : 4 , 4
10-24 23:13:31.501  1042  2087 I SoundAlive_Effect: [ -462403840 ][ 48000 ]Set_User_3D() : 0
10-24 23:13:31.501  1042  2087 I SoundAlive_Effect: [ -462403840 ][ 48000 ]Set_User_BE() : 0
10-24 23:13:31.502  2749  2749 E adbd    : recv: OPEN 00001f36 00000000 000c:73 68 65 6C 6C 2C 76 32 3A 70 73 00 
10-24 23:13:31.502  2749  2749 E adbd    : service_to_fd: shell,v2:ps
10-24 23:13:31.513  1042  1453 V APM_AudioPolicyManager: stopOutput() output 29, stream 3, session 12145
10-24 23:13:31.513  1042  1453 V APM_AudioPolicyManager: setBeaconMute(1) mBeaconMuteRefCount=0 mBeaconPlayingRefCount=0
10-24 23:13:31.513  1042  1453 V APM_AudioPolicyManager: getNewOutputDevice() selected device 0
10-24 23:13:31.513  1042  1453 V APM_AudioPolicyManager: setOutputDevice() device 0000 delayMs 96
10-24 23:13:31.513  1042  1453 V APM_AudioPolicyManager: setOutputDevice() prevDevice 0x0002
10-24 23:13:31.513  1042  1453 V APM_AudioPolicyManager: setOutputDevice() setting same device 0x0000 or null device
10-24 23:13:31.514  1042  1453 V APM_AudioPolicyManager: selectOutputForMusicEffects selected output 13
10-24 23:13:31.514  1042  1453 V APM_AudioPolicyManager: releaseOutput() 29
10-24 23:13:31.518 10336 10336 E propClient: PropClient failed to load
10-24 23:13:31.541 10336 10336 E propClient: PropClient failed to load
10-24 23:13:31.612 10196 10223 D UE4     : [2018.10.25-04.13.31:612][294]LogAIModule: Creating AISystem for world GiftGame
10-24 23:13:31.613 10196 10223 D UE4     : [2018.10.25-04.13.31:613][294]LogLoad: Game class is 'GameModeBase'
10-24 23:13:31.622 10196 10223 D UE4     : [2018.10.25-04.13.31:622][294]LogWorld: Bringing World /Game/Levels/GiftGame/GiftGame.GiftGame up for play (max tick rate 0) at 2018.10.24-23.13.31
10-24 23:13:31.623 10196 10223 D UE4     : [2018.10.25-04.13.31:623][294]LogWorld: Bringing up level for play took: 0.004098
10-24 23:13:31.625 10196 10223 D UE4     : LogOnline: Warning: FOnlineSubsystemGooglePlayModule was disabled
10-24 23:13:31.625 10196 10223 D UE4     : 
10-24 23:13:31.625 10196 10223 D UE4     : [2018.10.25-04.13.31:625][294]LogOnline: Warning: FOnlineSubsystemGooglePlayModule was disabled
10-24 23:13:31.627 10196 10223 D UE4     : [2018.10.25-04.13.31:627][294]LogGameMode: FindPlayerStart: PATHS NOT DEFINED or NO PLAYERSTART with positive rating
10-24 23:13:31.635 10196 10223 D UE4     : [2018.10.25-04.13.31:635][294]LogLoad: Took 0.219114 seconds to LoadMap(/Game/Levels/GiftGame/GiftGame)
10-24 23:13:31.640 10196 10223 D UE4     : [2018.10.25-04.13.31:640][294]LogSlate: Took 0.000462 seconds to synchronously load lazily loaded font '../../../Engine/Content/EngineFonts/Faces/RobotoRegular.ufont' (155K)
10-24 23:13:31.786 10196 10282 D         : PlayerBase::PlayerBase()
10-24 23:13:31.788 10196 10282 D         : TrackPlayerBase::TrackPlayerBase()
10-24 23:13:31.788 10196 10282 I libOpenSLES: Emulating old channel mask behavior (ignoring positional mask 0x3, using default mask 0x3 based on channel count of 2)
10-24 23:13:31.789  1042  1458 V APM_AudioPolicyManager: getOutputForAttr() usage=1, content=2, tag= flags=00000000 session 12153 selectedDeviceId 0
10-24 23:13:31.789  1042  1458 D APM::SoundKitchen: getDevice, uid = 10512, device = 0
10-24 23:13:31.789  1042  1458 V APM_AudioPolicyManager: getOutputForAttr() device 0x2, samplingRate 44100, format 1, channelMask 3, flags 104
10-24 23:13:31.789  1042  1458 V APM_AudioPolicyManager: selectOutput() commonFlags for output 13, 0000
10-24 23:13:31.789  1042  1458 V APM_AudioPolicyManager: selectOutput() commonFlags for output 21, 0001
10-24 23:13:31.789  1042  1458 V APM_AudioPolicyManager: selectOutput() commonFlags for output 29, 0002
10-24 23:13:31.789  1042  1458 V APM_AudioPolicyManager:   getOutputForDevice() returns output 29
10-24 23:13:31.790 10196 10282 W AudioTrack: AUDIO_OUTPUT_FLAG_FAST denied by client; transfer 1, track 44100 Hz, output 48000 Hz
10-24 23:13:31.790  1042  1458 I AudioFlinger: add dynamic flag, can move to deep thread, session 12153
10-24 23:13:31.795 10196 10282 D AudioTrack: Client defaulted notificationFrames to 590 for frameCount 1772
10-24 23:13:31.800 10196 10282 I AudioTrack: This process already got info. FadeIn[0] FadeOut[0] FadeInRing[0]
10-24 23:13:31.800  1042 17949 W AudioPolicyIntefaceImpl: Skipped to add effects on session 12153
10-24 23:13:31.800  1042 17949 V APM_AudioPolicyManager: startOutput() output 29, stream 3, session 12153
10-24 23:13:31.800  1042 17949 D APM::SoundKitchen: getDevice, uid = 10512, device = 0
10-24 23:13:31.800  1042 17949 D APM_AudioPolicyManager: newDevice=0
10-24 23:13:31.800  1042 17949 V APM_AudioPolicyManager: setBeaconMute(1) mBeaconMuteRefCount=1 mBeaconPlayingRefCount=0
10-24 23:13:31.801  1042 17949 V APM_AudioPolicyManager: selectOutputForMusicEffects activeOnly 1 outputs[2] flags 0x00000104
10-24 23:13:31.801  1042 17949 V APM_AudioPolicyManager: selectOutputForMusicEffects selected output 13
10-24 23:13:31.801  1042 17949 V APM_AudioPolicyManager: getNewOutputDevice() selected device 2
10-24 23:13:31.801  1042 17949 V APM_AudioPolicyManager: setOutputDevice() device 0002 delayMs 0
10-24 23:13:31.801  1042 17949 V APM_AudioPolicyManager: setOutputDevice() prevDevice 0x0002
10-24 23:13:31.801  1042 17949 V APM_AudioPolicyManager: setOutputDevice() setting same device 0x0002 or null device
10-24 23:13:31.802  1042 17949 I AudioEffectStage: getStageIndex low_output_sub1_normal
10-24 23:13:31.802  1042 17949 I AudioFlinger: updateStageIndex prev 0, new -2902
10-24 23:13:31.802  1042 17949 I AudioEffectStage: getSinkBuffer low_output_sub1_normal
10-24 23:13:31.804  1417  6646 D AudioPlaybackMonitor: Found a new active media playback. ID:7463 -- type:OpenSL ES AudioPlayer (Buffer Queue) -- u/pid:10512/10196 -- state:started -- attr:AudioAttributes: usage=1 content=0 flags=0x0 tags= bundle=null
10-24 23:13:31.804  1417  6646 D MediaSessionStack: updateMediaButtonSessionIfNeeded, callers=com.android.server.media.MediaSessionService$1.onAudioPlaybackStarted:189 com.android.server.media.AudioPlaybackMonitor.dispatchPlaybackConfigChange:127 
10-24 23:13:31.804 10196 10282 D         : PlayerBase::PlayerBase()
10-24 23:13:31.805 10196 10282 D         : TrackPlayerBase::TrackPlayerBase()
10-24 23:13:31.805 10196 10282 I libOpenSLES: Emulating old channel mask behavior (ignoring positional mask 0x3, using default mask 0x3 based on channel count of 2)
10-24 23:13:31.807  1042 17949 V APM_AudioPolicyManager: getOutputForAttr() usage=1, content=2, tag= flags=00000000 session 12161 selectedDeviceId 0
10-24 23:13:31.807  7598  7598 D SADVFSHelper: Either heavy-duty effect is Off or Music playback is not active
10-24 23:13:31.808  1042 17949 D APM::SoundKitchen: getDevice, uid = 10512, device = 0
10-24 23:13:31.808  1042 17949 V APM_AudioPolicyManager: getOutputForAttr() device 0x2, samplingRate 44100, format 1, channelMask 3, flags 104
10-24 23:13:31.808  1042 17949 V APM_AudioPolicyManager: selectOutput() commonFlags for output 13, 0000
10-24 23:13:31.808  1042 17949 V APM_AudioPolicyManager: selectOutput() commonFlags for output 21, 0001
10-24 23:13:31.808  1042 17949 V APM_AudioPolicyManager: selectOutput() commonFlags for output 29, 0002
10-24 23:13:31.808  1042 17949 V APM_AudioPolicyManager:   getOutputForDevice() returns output 29
10-24 23:13:31.808 10196 10282 W AudioTrack: AUDIO_OUTPUT_FLAG_FAST denied by client; transfer 1, track 44100 Hz, output 48000 Hz
10-24 23:13:31.810  1042  1458 I AudioFlinger: add dynamic flag, can move to deep thread, session 12161
10-24 23:13:31.812 10196 10282 D AudioTrack: Client defaulted notificationFrames to 590 for frameCount 1772
10-24 23:13:31.815 10196 10282 I AudioTrack: This process already got info. FadeIn[0] FadeOut[0] FadeInRing[0]
10-24 23:13:31.815  1417  6646 D AudioPlaybackMonitor: Found a new active media playback. ID:7471 -- type:OpenSL ES AudioPlayer (Buffer Queue) -- u/pid:10512/10196 -- state:started -- attr:AudioAttributes: usage=1 content=0 flags=0x0 tags= bundle=null
10-24 23:13:31.815  1042  1458 W AudioPolicyIntefaceImpl: Skipped to add effects on session 12161
10-24 23:13:31.815  1042  1458 V APM_AudioPolicyManager: startOutput() output 29, stream 3, session 12161
10-24 23:13:31.815  1417  6646 D MediaSessionStack: updateMediaButtonSessionIfNeeded, callers=com.android.server.media.MediaSessionService$1.onAudioPlaybackStarted:189 com.android.server.media.AudioPlaybackMonitor.dispatchPlaybackConfigChange:127 
10-24 23:13:31.815  1042  1458 D APM::SoundKitchen: getDevice, uid = 10512, device = 0
10-24 23:13:31.815  1042  1458 D APM_AudioPolicyManager: newDevice=0
10-24 23:13:31.815  1042  1458 V APM_AudioPolicyManager: setBeaconMute(1) mBeaconMuteRefCount=2 mBeaconPlayingRefCount=0
10-24 23:13:31.815  1042  1458 V APM_AudioPolicyManager: selectOutputForMusicEffects activeOnly 1 outputs[2] flags 0x00000104
10-24 23:13:31.815  1042  1458 V APM_AudioPolicyManager: selectOutputForMusicEffects selected output 13
10-24 23:13:31.815  1042  1458 I AudioEffectStage: getStageIndex low_output_sub1_normal
10-24 23:13:31.815  1042  1458 I AudioFlinger: updateStageIndex prev 0, new -2902
10-24 23:13:31.815  1042  1458 I AudioEffectStage: getSinkBuffer low_output_sub1_normal
10-24 23:13:31.826  1417  1886 W StorageManager: getStorageFullBytes DEFAULT_FULL_THRESHOLD_BYTES : 20971520, threadhold : 20971520
10-24 23:13:31.826  1417  1886 W StorageManager: getStorageLowBytes lowPercent : 5, lowBytes : 1225677414, maxLowBytes : 524288000
10-24 23:13:31.828  1417  1886 W DeviceStorageMonitorService: updateBroadcasts(/data) oldLevel:0, newLevel:0, seq:1
10-24 23:13:31.829  1417  1886 W DeviceStorageMonitorService: updateBroadcasts_filenode(/data) fn_oldLevel:0, fn_newLevel:0, seq:1
10-24 23:13:31.835  1042  2087 I AudioMixer: create resampler src 44100, 2, dst 48000, 2, q 8
10-24 23:13:31.835  1042  2087 I AudioMixer: create resampler src 44100, 2, dst 48000, 2, q 8
10-24 23:13:31.835  1042  2087 D SoundAliveResampler: [SoundAliveResampler] Init+++
10-24 23:13:31.835  1042  2087 D SoundAliveResampler: [SoundAliveResampler] Init+++
10-24 23:13:32.663 29871 29926 I ReschedulableTimer: [#CMH#] ReschedulableTimer started 
10-24 23:13:32.806  2749  2749 E adbd    : recv: OPEN 00001f3a 00000000 000c:73 68 65 6C 6C 2C 76 32 3A 70 73 00 
10-24 23:13:32.807  2749  2749 E adbd    : service_to_fd: shell,v2:ps
10-24 23:13:32.809  7598  7598 D SADVFSHelper: Either heavy-duty effect is Off or Music playback is not active
10-24 23:13:32.828 10345 10345 E propClient: PropClient failed to load
10-24 23:13:32.837   723   723 D SEC LightsHAL: button : 0 +
10-24 23:13:32.847 10345 10345 E propClient: PropClient failed to load
10-24 23:13:32.864   723   723 D SEC LightsHAL: button : 0 -
10-24 23:13:33.036 10196 10338 D AudioTrack: stop() called with 55125 frames delivered
10-24 23:13:33.036 10196 10338 I AudioTrack: Skip ramp
10-24 23:13:33.037 10196 10338 D         : PlayerBase::stop() from IPlayer
10-24 23:13:33.038 10196 10282 D         : PlayerBase::stop() from IPlayer
10-24 23:13:33.135  1042  1453 V APM_AudioPolicyManager: stopOutput() output 29, stream 3, session 12153
10-24 23:13:33.135  1042  1453 V APM_AudioPolicyManager: setBeaconMute(1) mBeaconMuteRefCount=1 mBeaconPlayingRefCount=0
10-24 23:13:33.135  1042  1453 V APM_AudioPolicyManager: selectOutputForMusicEffects activeOnly 1 outputs[2] flags 0x00000104
10-24 23:13:33.135  1042  1453 V APM_AudioPolicyManager: selectOutputForMusicEffects selected output 13
10-24 23:13:33.135  1042  1453 V APM_AudioPolicyManager: releaseOutput() 29
10-24 23:13:33.812  7598  7598 D SADVFSHelper: Either heavy-duty effect is Off or Music playback is not active
10-24 23:13:33.910  3651  3651 D io_stats: !@   8,0 r 2503423 97561136 w 1121718 19194676 d 79728 6526744 f 496583 496952 iot 2005060 1208401 th 51200 0 0 pt 0 inp 0 0 85884.875
10-24 23:13:34.106  2749  2749 E adbd    : recv: OPEN 00001f3e 00000000 000c:73 68 65 6C 6C 2C 76 32 3A 70 73 00 
10-24 23:13:34.106  2749  2749 E adbd    : service_to_fd: shell,v2:ps
10-24 23:13:34.125 10348 10348 E propClient: PropClient failed to load
10-24 23:13:34.139 10348 10348 E propClient: PropClient failed to load
10-24 23:13:34.140  2781  2932 D NetworkController.MobileSignalController(0/1): onSignalStrengthsChanged signalStrength=SignalStrength: 99 99 -120 -160 -120 -1 -1 20 -100 -10 112 2147483647 0 2147483647 0x3000 P gsm|lte level=3
10-24 23:13:34.141  2781  2932 D NetworkController.MobileSignalController(0/1): getMobileIconGroup(): 13
10-24 23:13:34.142  2781  2932 D NetworkController.MobileSignalController(0/1): updateVZWMobileIconGroup(): 13
10-24 23:13:34.148  1417  1417 D TelephonyManager: getCellLocation : Caller (PID / UID / TID): 1417 / 1000 / 1417
10-24 23:13:34.165  3127  3272 D EPDG -- SIM0 [SMARTWIFI]: onSignalStrengthsChanged: Received signal strength change, phone type is: 2
10-24 23:13:34.166  3127  5716 D EPDG -- SIM0 [SMARTWIFI]: lastLteRSRP is -96currentLteRSRP is -100
10-24 23:13:34.166  3127  5716 D EPDG -- SIM0 [SMARTWIFI]: lastLteRSRQ is -9currentLteRSRQ is -10
10-24 23:13:34.166  3127  5716 D EPDG -- SIM0 [SMARTWIFI]: lastCdmaDb is -16currentCdmaDb is -16
10-24 23:13:34.166  3127  5716 V EPDG -- SIM0 [SMARTWIFI]: Radio oldest entry removed
10-24 23:13:34.166  3127  5716 V EPDG -- SIM0 [SMARTWIFI]: New entry : (SignalStrength: 99 99 -120 -160 -120 -1 -1 20 -100 -10 112 2147483647 0 2147483647 0x3000 P gsm|lte : 0 )
10-24 23:13:34.166  3127  5716 V EPDG -- SIM0 [SMARTWIFI]: Radio entry added
10-24 23:13:34.174  2781  2932 D NetworkController.MobileSignalController(0/1): callState:0, callStateByPhone:false voLTECall:false voiceNetTpe:13 dataNetType:13, ine911:false, emergencyCallbackMode:false
10-24 23:13:34.731  1417  2448 D SamsungAlarmManager: Expired : 8
10-24 23:13:34.732  1417  2448 V SamsungAlarmManager: Sending to uid : 10068 action=null alarm=Alarm{c0cdb54 type 3 when 352762308 com.asurion.android.verizon.vms}
10-24 23:13:34.751  1417  5405 D SamsungAlarmManager: setExact Intent (T:3/F:5/AC:false) 20181024T231339 - CU:10068/CP:4257
10-24 23:13:35.402  2749  2749 E adbd    : recv: OPEN 00001f42 00000000 000c:73 68 65 6C 6C 2C 76 32 3A 70 73 00 
10-24 23:13:35.402  2749  2749 E adbd    : service_to_fd: shell,v2:ps
10-24 23:13:35.418 10355 10355 E propClient: PropClient failed to load
10-24 23:13:35.432 10196 10282 D         : PlayerBase::PlayerBase()
10-24 23:13:35.435 10196 10282 D         : TrackPlayerBase::TrackPlayerBase()
10-24 23:13:35.435 10196 10282 I libOpenSLES: Emulating old channel mask behavior (ignoring positional mask 0x3, using default mask 0x3 based on channel count of 2)
10-24 23:13:35.436  1042 17949 V APM_AudioPolicyManager: getOutputForAttr() usage=1, content=2, tag= flags=00000000 session 12169 selectedDeviceId 0
10-24 23:13:35.436  1042 17949 D APM::SoundKitchen: getDevice, uid = 10512, device = 0
10-24 23:13:35.436  1042 17949 V APM_AudioPolicyManager: getOutputForAttr() device 0x2, samplingRate 44100, format 1, channelMask 3, flags 104
10-24 23:13:35.436  1042 17949 V APM_AudioPolicyManager: selectOutput() commonFlags for output 13, 0000
10-24 23:13:35.436  1042 17949 V APM_AudioPolicyManager: selectOutput() commonFlags for output 21, 0001
10-24 23:13:35.436  1042 17949 V APM_AudioPolicyManager: selectOutput() commonFlags for output 29, 0002
10-24 23:13:35.436  1042 17949 V APM_AudioPolicyManager:   getOutputForDevice() returns output 29
10-24 23:13:35.436 10196 10282 W AudioTrack: AUDIO_OUTPUT_FLAG_FAST denied by client; transfer 1, track 44100 Hz, output 48000 Hz
10-24 23:13:35.437  1042 25641 I AudioFlinger: add dynamic flag, can move to deep thread, session 12169
10-24 23:13:35.438 10196 10282 D AudioTrack: Client defaulted notificationFrames to 590 for frameCount 1772
10-24 23:13:35.440 10355 10355 E propClient: PropClient failed to load
10-24 23:13:35.440 10196 10282 I AudioTrack: This process already got info. FadeIn[0] FadeOut[0] FadeInRing[0]
10-24 23:13:35.440  1417  5405 D AudioPlaybackMonitor: Found a new active media playback. ID:7479 -- type:OpenSL ES AudioPlayer (Buffer Queue) -- u/pid:10512/10196 -- state:started -- attr:AudioAttributes: usage=1 content=0 flags=0x0 tags= bundle=null
10-24 23:13:35.441  1417  5405 D MediaSessionStack: updateMediaButtonSessionIfNeeded, callers=com.android.server.media.MediaSessionService$1.onAudioPlaybackStarted:189 com.android.server.media.AudioPlaybackMonitor.dispatchPlaybackConfigChange:127 
10-24 23:13:35.441  1042 25641 W AudioPolicyIntefaceImpl: Skipped to add effects on session 12169
10-24 23:13:35.441  1042 25641 V APM_AudioPolicyManager: startOutput() output 29, stream 3, session 12169
10-24 23:13:35.441  1042 25641 D APM::SoundKitchen: getDevice, uid = 10512, device = 0
10-24 23:13:35.441  1042 25641 D APM_AudioPolicyManager: newDevice=0
10-24 23:13:35.441  1042 25641 V APM_AudioPolicyManager: setBeaconMute(1) mBeaconMuteRefCount=2 mBeaconPlayingRefCount=0
10-24 23:13:35.441  1042 25641 V APM_AudioPolicyManager: selectOutputForMusicEffects activeOnly 1 outputs[2] flags 0x00000104
10-24 23:13:35.441  1042 25641 V APM_AudioPolicyManager: selectOutputForMusicEffects selected output 13
10-24 23:13:35.441  1042 25641 I AudioEffectStage: getStageIndex low_output_sub1_normal
10-24 23:13:35.441  1042 25641 I AudioFlinger: updateStageIndex prev 0, new -2902
10-24 23:13:35.441  1042 25641 I AudioEffectStage: getSinkBuffer low_output_sub1_normal
10-24 23:13:35.475  1042  2087 I AudioMixer: create resampler src 44100, 2, dst 48000, 2, q 8
10-24 23:13:35.475  1042  2087 D SoundAliveResampler: [SoundAliveResampler] Init+++
10-24 23:13:35.545 10196 10196 V Vibrator: Called vibrate(long) API!
10-24 23:13:35.546 10196 10196 V Vibrator: vibrate(long, AudioAttributes) API - PUID: 10512, PackageName: com.YourCompany.GiftGame, ms: 10000, AudioAttr: null
10-24 23:13:35.547 10196 10196 V Vibrator: Called vibrate(int, String, VibrationEffect, AudioAttributes) API - PUID: 10512, PackageName: com.YourCompany.GiftGame
10-24 23:13:35.548 10196 10196 V Vibrator: semVibrate - PUID: 10512, PackageName: com.YourCompany.GiftGame, token: android.os.Binder@e6ea675, effect: OneShot{mTiming=10000, mAmplitude=-1}, AudioAttr: null, Mag: -1, TYPE_EXTRA
10-24 23:13:35.550  1417  5405 V VibratorService: vibrateMagnitude - package: com.YourCompany.GiftGame, token: android.os.BinderProxy@43a93f2, effect: OneShot{mTiming=10000, mAmplitude=-1}, mag: 10000, TYPE_EXTRA
10-24 23:13:35.550  1417  5405 D VibratorService: Turning vibrator off
10-24 23:13:35.550   737   737 D SecVibrator-HAL: writeNode node:/sys/class/timed_output/vibrator/enable val:0
10-24 23:13:35.552  1417  5405 D VibratorService: vibratorOn() : 10000ms, amplitude :255, mag :10000, f : -1
10-24 23:13:35.552   737   737 D SecVibrator-HAL: writeNode node:/sys/class/timed_output/vibrator/intensity val:10000
10-24 23:13:35.555   737   737 D SecVibrator-HAL: writeNode node:/sys/class/timed_output/vibrator/enable val:10000
10-24 23:13:35.584 10196 10282 D AudioTrack: stop() called with 7632 frames delivered
10-24 23:13:35.584 10196 10282 I AudioTrack: Skip ramp
10-24 23:13:35.584 10196 10282 D         : PlayerBase::stop() from IPlayer
10-24 23:13:35.586 10196 10282 D         : PlayerBase::PlayerBase()
10-24 23:13:35.586 10196 10282 D         : TrackPlayerBase::TrackPlayerBase()
10-24 23:13:35.586 10196 10282 I libOpenSLES: Emulating old channel mask behavior (ignoring positional mask 0x3, using default mask 0x3 based on channel count of 2)
10-24 23:13:35.587  1042  1458 V APM_AudioPolicyManager: getOutputForAttr() usage=1, content=2, tag= flags=00000000 session 12177 selectedDeviceId 0
10-24 23:13:35.587  1042  1458 D APM::SoundKitchen: getDevice, uid = 10512, device = 0
10-24 23:13:35.587  1042  1458 V APM_AudioPolicyManager: getOutputForAttr() device 0x2, samplingRate 44100, format 1, channelMask 3, flags 104
10-24 23:13:35.587  1042  1458 V APM_AudioPolicyManager: selectOutput() commonFlags for output 13, 0000
10-24 23:13:35.587  1042  1458 V APM_AudioPolicyManager: selectOutput() commonFlags for output 21, 0001
10-24 23:13:35.588  1042  1458 V APM_AudioPolicyManager: selectOutput() commonFlags for output 29, 0002
10-24 23:13:35.588  1042  1458 V APM_AudioPolicyManager:   getOutputForDevice() returns output 29
10-24 23:13:35.588 10196 10282 W AudioTrack: AUDIO_OUTPUT_FLAG_FAST denied by client; transfer 1, track 44100 Hz, output 48000 Hz
10-24 23:13:35.588  1042  1458 I AudioFlinger: add dynamic flag, can move to deep thread, session 12177
10-24 23:13:35.589 10196 10282 D AudioTrack: Client defaulted notificationFrames to 590 for frameCount 1772
10-24 23:13:35.591 10196 10282 I AudioTrack: This process already got info. FadeIn[0] FadeOut[0] FadeInRing[0]
10-24 23:13:35.592  1042  1458 W AudioPolicyIntefaceImpl: Skipped to add effects on session 12177
10-24 23:13:35.592  1042  1458 V APM_AudioPolicyManager: startOutput() output 29, stream 3, session 12177
10-24 23:13:35.592  1042  1458 D APM::SoundKitchen: getDevice, uid = 10512, device = 0
10-24 23:13:35.592  1417  5405 D AudioPlaybackMonitor: Found a new active media playback. ID:7487 -- type:OpenSL ES AudioPlayer (Buffer Queue) -- u/pid:10512/10196 -- state:started -- attr:AudioAttributes: usage=1 content=0 flags=0x0 tags= bundle=null
10-24 23:13:35.592  1042  1458 D APM_AudioPolicyManager: newDevice=0
10-24 23:13:35.592  1042  1458 V APM_AudioPolicyManager: setBeaconMute(1) mBeaconMuteRefCount=3 mBeaconPlayingRefCount=0
10-24 23:13:35.592  1042  1458 V APM_AudioPolicyManager: selectOutputForMusicEffects activeOnly 1 outputs[2] flags 0x00000104
10-24 23:13:35.592  1042  1458 V APM_AudioPolicyManager: selectOutputForMusicEffects selected output 13
10-24 23:13:35.592  1042  1458 I AudioEffectStage: getStageIndex low_output_sub1_normal
10-24 23:13:35.592  1042  1458 I AudioFlinger: updateStageIndex prev 0, new -2902
10-24 23:13:35.592  1417  5405 D MediaSessionStack: updateMediaButtonSessionIfNeeded, callers=com.android.server.media.MediaSessionService$1.onAudioPlaybackStarted:189 com.android.server.media.AudioPlaybackMonitor.dispatchPlaybackConfigChange:127 
10-24 23:13:35.592  1042  1458 I AudioEffectStage: getSinkBuffer low_output_sub1_normal
10-24 23:13:35.602 10196 10282 D AudioTrack: stop() called with 1770 frames delivered
10-24 23:13:35.602 10196 10282 I AudioTrack: Skip ramp
10-24 23:13:35.602 10196 10282 D         : PlayerBase::stop() from IPlayer
10-24 23:13:35.603 10196 10282 D         : PlayerBase::PlayerBase()
10-24 23:13:35.604 10196 10282 D         : TrackPlayerBase::TrackPlayerBase()
10-24 23:13:35.604 10196 10282 I libOpenSLES: Emulating old channel mask behavior (ignoring positional mask 0x3, using default mask 0x3 based on channel count of 2)
10-24 23:13:35.605  1042 25641 V APM_AudioPolicyManager: getOutputForAttr() usage=1, content=2, tag= flags=00000000 session 12185 selectedDeviceId 0
10-24 23:13:35.606  1042 25641 D APM::SoundKitchen: getDevice, uid = 10512, device = 0
10-24 23:13:35.606  1042 25641 V APM_AudioPolicyManager: getOutputForAttr() device 0x2, samplingRate 44100, format 1, channelMask 3, flags 104
10-24 23:13:35.606  1042 25641 V APM_AudioPolicyManager: selectOutput() commonFlags for output 13, 0000
10-24 23:13:35.606  1042 25641 V APM_AudioPolicyManager: selectOutput() commonFlags for output 21, 0001
10-24 23:13:35.606  1042 25641 V APM_AudioPolicyManager: selectOutput() commonFlags for output 29, 0002
10-24 23:13:35.606  1042 25641 V APM_AudioPolicyManager:   getOutputForDevice() returns output 29
10-24 23:13:35.606 10196 10282 W AudioTrack: AUDIO_OUTPUT_FLAG_FAST denied by client; transfer 1, track 44100 Hz, output 48000 Hz
10-24 23:13:35.607  1042 25641 I AudioFlinger: add dynamic flag, can move to deep thread, session 12185
10-24 23:13:35.608 10196 10282 D AudioTrack: Client defaulted notificationFrames to 590 for frameCount 1772
10-24 23:13:35.610 10196 10282 I AudioTrack: This process already got info. FadeIn[0] FadeOut[0] FadeInRing[0]
10-24 23:13:35.611  1042 17949 W AudioPolicyIntefaceImpl: Skipped to add effects on session 12185
10-24 23:13:35.611  1417  5405 D AudioPlaybackMonitor: Found a new active media playback. ID:7495 -- type:OpenSL ES AudioPlayer (Buffer Queue) -- u/pid:10512/10196 -- state:started -- attr:AudioAttributes: usage=1 content=0 flags=0x0 tags= bundle=null
10-24 23:13:35.611  1042 17949 V APM_AudioPolicyManager: startOutput() output 29, stream 3, session 12185
10-24 23:13:35.611  1042 17949 D APM::SoundKitchen: getDevice, uid = 10512, device = 0
10-24 23:13:35.611  1042 17949 D APM_AudioPolicyManager: newDevice=0
10-24 23:13:35.611  1042 17949 V APM_AudioPolicyManager: setBeaconMute(1) mBeaconMuteRefCount=4 mBeaconPlayingRefCount=0
10-24 23:13:35.611  1042 17949 V APM_AudioPolicyManager: selectOutputForMusicEffects activeOnly 1 outputs[2] flags 0x00000104
10-24 23:13:35.611  1042 17949 V APM_AudioPolicyManager: selectOutputForMusicEffects selected output 13
10-24 23:13:35.611  1042 17949 I AudioEffectStage: getStageIndex low_output_sub1_normal
10-24 23:13:35.611  1042 17949 I AudioFlinger: updateStageIndex prev 0, new -2902
10-24 23:13:35.611  1042 17949 I AudioEffectStage: getSinkBuffer low_output_sub1_normal
10-24 23:13:35.611  1417  5405 D MediaSessionStack: updateMediaButtonSessionIfNeeded, callers=com.android.server.media.MediaSessionService$1.onAudioPlaybackStarted:189 com.android.server.media.AudioPlaybackMonitor.dispatchPlaybackConfigChange:127 
10-24 23:13:35.619 10196 10282 D AudioTrack: stop() called with 1770 frames delivered
10-24 23:13:35.619 10196 10282 I AudioTrack: Skip ramp
10-24 23:13:35.620 10196 10282 D         : PlayerBase::stop() from IPlayer
10-24 23:13:35.622 10196 10282 D         : PlayerBase::PlayerBase()
10-24 23:13:35.623 10196 10282 D         : TrackPlayerBase::TrackPlayerBase()
10-24 23:13:35.624 10196 10282 I libOpenSLES: Emulating old channel mask behavior (ignoring positional mask 0x3, using default mask 0x3 based on channel count of 2)
10-24 23:13:35.625  1042 17949 V APM_AudioPolicyManager: getOutputForAttr() usage=1, content=2, tag= flags=00000000 session 12193 selectedDeviceId 0
10-24 23:13:35.626  1042 17949 D APM::SoundKitchen: getDevice, uid = 10512, device = 0
10-24 23:13:35.626  1042 17949 V APM_AudioPolicyManager: getOutputForAttr() device 0x2, samplingRate 44100, format 1, channelMask 3, flags 104
10-24 23:13:35.626  1042 17949 V APM_AudioPolicyManager: selectOutput() commonFlags for output 13, 0000
10-24 23:13:35.626  1042 17949 V APM_AudioPolicyManager: selectOutput() commonFlags for output 21, 0001
10-24 23:13:35.626  1042 17949 V APM_AudioPolicyManager: selectOutput() commonFlags for output 29, 0002
10-24 23:13:35.626  1042 17949 V APM_AudioPolicyManager:   getOutputForDevice() returns output 29
10-24 23:13:35.626 10196 10282 W AudioTrack: AUDIO_OUTPUT_FLAG_FAST denied by client; transfer 1, track 44100 Hz, output 48000 Hz
10-24 23:13:35.626  1042 17949 I AudioFlinger: add dynamic flag, can move to deep thread, session 12193
10-24 23:13:35.627 10196 10282 D AudioTrack: Client defaulted notificationFrames to 590 for frameCount 1772
10-24 23:13:35.634 10196 10282 I AudioTrack: This process already got info. FadeIn[0] FadeOut[0] FadeInRing[0]
10-24 23:13:35.635  1417  6646 D AudioPlaybackMonitor: Found a new active media playback. ID:7503 -- type:OpenSL ES AudioPlayer (Buffer Queue) -- u/pid:10512/10196 -- state:started -- attr:AudioAttributes: usage=1 content=0 flags=0x0 tags= bundle=null
10-24 23:13:35.635  1417  6646 D MediaSessionStack: updateMediaButtonSessionIfNeeded, callers=com.android.server.media.MediaSessionService$1.onAudioPlaybackStarted:189 com.android.server.media.AudioPlaybackMonitor.dispatchPlaybackConfigChange:127 
10-24 23:13:35.636  1042 17949 W AudioPolicyIntefaceImpl: Skipped to add effects on session 12193
10-24 23:13:35.636  1042 17949 V APM_AudioPolicyManager: startOutput() output 29, stream 3, session 12193
10-24 23:13:35.636  1042 17949 D APM::SoundKitchen: getDevice, uid = 10512, device = 0
10-24 23:13:35.636  1042 17949 D APM_AudioPolicyManager: newDevice=0
10-24 23:13:35.636  1042 17949 V APM_AudioPolicyManager: setBeaconMute(1) mBeaconMuteRefCount=5 mBeaconPlayingRefCount=0
10-24 23:13:35.636  1042 17949 V APM_AudioPolicyManager: selectOutputForMusicEffects activeOnly 1 outputs[2] flags 0x00000104
10-24 23:13:35.636  1042 17949 V APM_AudioPolicyManager: selectOutputForMusicEffects selected output 13
10-24 23:13:35.636  1042 17949 I AudioEffectStage: getStageIndex low_output_sub1_normal
10-24 23:13:35.636  1042 17949 I AudioFlinger: updateStageIndex prev 0, new -2902
10-24 23:13:35.636  1042 17949 I AudioEffectStage: getSinkBuffer low_output_sub1_normal
10-24 23:13:35.638 10196 10282 D AudioTrack: stop() called with 0 frames delivered
10-24 23:13:35.638 10196 10282 I AudioTrack: Skip ramp
10-24 23:13:35.638 10196 10282 D         : PlayerBase::stop() from IPlayer
10-24 23:13:35.642 10196 10282 D         : PlayerBase::PlayerBase()
10-24 23:13:35.642 10196 10282 D         : TrackPlayerBase::TrackPlayerBase()
10-24 23:13:35.642 10196 10282 I libOpenSLES: Emulating old channel mask behavior (ignoring positional mask 0x3, using default mask 0x3 based on channel count of 2)
10-24 23:13:35.643  1042  1458 V APM_AudioPolicyManager: getOutputForAttr() usage=1, content=2, tag= flags=00000000 session 12201 selectedDeviceId 0
10-24 23:13:35.643  1042  1458 D APM::SoundKitchen: getDevice, uid = 10512, device = 0
10-24 23:13:35.643  1042  1458 V APM_AudioPolicyManager: getOutputForAttr() device 0x2, samplingRate 44100, format 1, channelMask 3, flags 104
10-24 23:13:35.643  1042  1458 V APM_AudioPolicyManager: selectOutput() commonFlags for output 13, 0000
10-24 23:13:35.643  1042  1458 V APM_AudioPolicyManager: selectOutput() commonFlags for output 21, 0001
10-24 23:13:35.643  1042  1458 V APM_AudioPolicyManager: selectOutput() commonFlags for output 29, 0002
10-24 23:13:35.643  1042  1458 V APM_AudioPolicyManager:   getOutputForDevice() returns output 29
10-24 23:13:35.643 10196 10282 W AudioTrack: AUDIO_OUTPUT_FLAG_FAST denied by client; transfer 1, track 44100 Hz, output 48000 Hz
10-24 23:13:35.644  1042  1458 I AudioFlinger: add dynamic flag, can move to deep thread, session 12201
10-24 23:13:35.644 10196 10282 D AudioTrack: Client defaulted notificationFrames to 590 for frameCount 1772
10-24 23:13:35.646 10196 10282 I AudioTrack: This process already got info. FadeIn[0] FadeOut[0] FadeInRing[0]
10-24 23:13:35.646  1042  1458 W AudioPolicyIntefaceImpl: Skipped to add effects on session 12201
10-24 23:13:35.647  1042  1458 V APM_AudioPolicyManager: startOutput() output 29, stream 3, session 12201
10-24 23:13:35.647  1042  1458 D APM::SoundKitchen: getDevice, uid = 10512, device = 0
10-24 23:13:35.647  1042  1458 D APM_AudioPolicyManager: newDevice=0
10-24 23:13:35.647  1042  1458 V APM_AudioPolicyManager: setBeaconMute(1) mBeaconMuteRefCount=6 mBeaconPlayingRefCount=0
10-24 23:13:35.647  1417  5405 D AudioPlaybackMonitor: Found a new active media playback. ID:7511 -- type:OpenSL ES AudioPlayer (Buffer Queue) -- u/pid:10512/10196 -- state:started -- attr:AudioAttributes: usage=1 content=0 flags=0x0 tags= bundle=null
10-24 23:13:35.647  1042  1458 V APM_AudioPolicyManager: selectOutputForMusicEffects activeOnly 1 outputs[2] flags 0x00000104
10-24 23:13:35.647  1042  1458 V APM_AudioPolicyManager: selectOutputForMusicEffects selected output 13
10-24 23:13:35.647  1042  1458 I AudioEffectStage: getStageIndex low_output_sub1_normal
10-24 23:13:35.647  1042  1458 I AudioFlinger: updateStageIndex prev 0, new -2902
10-24 23:13:35.647  1042  1458 I AudioEffectStage: getSinkBuffer low_output_sub1_normal
10-24 23:13:35.648  1417  5405 D MediaSessionStack: updateMediaButtonSessionIfNeeded, callers=com.android.server.media.MediaSessionService$1.onAudioPlaybackStarted:189 com.android.server.media.AudioPlaybackMonitor.dispatchPlaybackConfigChange:127 
10-24 23:13:35.675  1042  1453 V APM_AudioPolicyManager: stopOutput() output 29, stream 3, session 12169
10-24 23:13:35.675  1042  1453 V APM_AudioPolicyManager: setBeaconMute(1) mBeaconMuteRefCount=5 mBeaconPlayingRefCount=0
10-24 23:13:35.675  1042  1453 V APM_AudioPolicyManager: selectOutputForMusicEffects activeOnly 1 outputs[2] flags 0x00000104
10-24 23:13:35.675  1042  1453 V APM_AudioPolicyManager: selectOutputForMusicEffects selected output 13
10-24 23:13:35.675  1042  1453 V APM_AudioPolicyManager: releaseOutput() 29
10-24 23:13:35.675  1042  2087 I AudioMixer: create resampler src 44100, 2, dst 48000, 2, q 8
10-24 23:13:35.676  1042  2087 D SoundAliveResampler: [SoundAliveResampler] Init+++
10-24 23:13:35.695  1042  1453 V APM_AudioPolicyManager: stopOutput() output 29, stream 3, session 12177
10-24 23:13:35.695  1042  1453 V APM_AudioPolicyManager: setBeaconMute(1) mBeaconMuteRefCount=4 mBeaconPlayingRefCount=0
10-24 23:13:35.695  1042  1453 V APM_AudioPolicyManager: selectOutputForMusicEffects activeOnly 1 outputs[2] flags 0x00000104
10-24 23:13:35.695  1042  1453 V APM_AudioPolicyManager: selectOutputForMusicEffects selected output 13
10-24 23:13:35.695  1042  1453 V APM_AudioPolicyManager: releaseOutput() 29
10-24 23:13:35.715  1042  1453 V APM_AudioPolicyManager: stopOutput() output 29, stream 3, session 12185
10-24 23:13:35.715  1042  1453 V APM_AudioPolicyManager: setBeaconMute(1) mBeaconMuteRefCount=3 mBeaconPlayingRefCount=0
10-24 23:13:35.715  1042  1453 V APM_AudioPolicyManager: selectOutputForMusicEffects activeOnly 1 outputs[2] flags 0x00000104
10-24 23:13:35.715  1042  1453 V APM_AudioPolicyManager: selectOutputForMusicEffects selected output 13
10-24 23:13:35.715  1042  1453 V APM_AudioPolicyManager: releaseOutput() 29
10-24 23:13:35.737  1042  1453 V APM_AudioPolicyManager: stopOutput() output 29, stream 3, session 12193
10-24 23:13:35.737  1042  1453 V APM_AudioPolicyManager: setBeaconMute(1) mBeaconMuteRefCount=2 mBeaconPlayingRefCount=0
10-24 23:13:35.737  1042  1453 V APM_AudioPolicyManager: selectOutputForMusicEffects activeOnly 1 outputs[2] flags 0x00000104
10-24 23:13:35.737  1042  1453 V APM_AudioPolicyManager: selectOutputForMusicEffects selected output 13
10-24 23:13:35.738  1042  1453 V APM_AudioPolicyManager: releaseOutput() 29
10-24 23:13:35.818  4937  5146 D ContactsProvider_EventLog: contents_sample_state: [CONTACT contacts(26) data(66) accounts({vnd.sec.contact.phone (1)=26}) accounts deleted({}) calls([logtype:100 cnt:82, logtype:200 cnt:207, logtype:300 cnt:293]) countryIso(US) userId(0)  ]

10-24 23:13:35.818  4937  5146 D ContactsProvider_EventLog: contents_sample_state: [ agr({[1]=26})  ]

10-24 23:13:35.818  4937  5146 D ContactsProvider_EventLog: contents_sample_state: [ actCnt({android.process.acore(4937)=1})  ]

10-24 23:13:35.818  4937  5146 D ContactsProvider_EventLog: contents_sample_state: [PROFILE contacts(1) data(2) accounts({vnd.sec.contact.phone (1)=1})  ]

10-24 23:13:35.818  4937  5146 D ContactsProvider_EventLog: contents_sample_state: [SAPROFILE contacts(1) data(5) accounts({vnd.sec.contact.phone (1)=1})  ]
10-24 23:13:35.820  4937  5146 E ContactsProvider_EventLog: Flush buffer to file cnt : 1 size : 1Kb duration : 1ms lastUpdatedAfter : 60118 ms mFlush_time_threasold : 2000 mCurrentSize : 560
10-24 23:13:36.278 10196 10196 V Vibrator: Called cancel() API - PUID: 10512, PackageName: com.YourCompany.GiftGame, token: android.os.Binder@e6ea675
10-24 23:13:36.278  1417  5405 D VibratorService: cancel() : android.os.BinderProxy@43a93f2
10-24 23:13:36.279  1417  5405 D VibratorService: Turning vibrator off
10-24 23:13:36.279   737   737 D SecVibrator-HAL: writeNode node:/sys/class/timed_output/vibrator/enable val:0
10-24 23:13:36.548 10196 10196 V Vibrator: Called vibrate(long) API!
10-24 23:13:36.550 10196 10196 V Vibrator: vibrate(long, AudioAttributes) API - PUID: 10512, PackageName: com.YourCompany.GiftGame, ms: 10000, AudioAttr: null
10-24 23:13:36.552 10196 10196 V Vibrator: Called vibrate(int, String, VibrationEffect, AudioAttributes) API - PUID: 10512, PackageName: com.YourCompany.GiftGame
10-24 23:13:36.553 10196 10196 V Vibrator: semVibrate - PUID: 10512, PackageName: com.YourCompany.GiftGame, token: android.os.Binder@e6ea675, effect: OneShot{mTiming=10000, mAmplitude=-1}, AudioAttr: null, Mag: -1, TYPE_EXTRA
10-24 23:13:36.554  1417  5405 V VibratorService: vibrateMagnitude - package: com.YourCompany.GiftGame, token: android.os.BinderProxy@43a93f2, effect: OneShot{mTiming=10000, mAmplitude=-1}, mag: 10000, TYPE_EXTRA
10-24 23:13:36.554  1417  5405 D VibratorService: Turning vibrator off
10-24 23:13:36.554   737   737 D SecVibrator-HAL: writeNode node:/sys/class/timed_output/vibrator/enable val:0
10-24 23:13:36.555  1417  5405 D VibratorService: vibratorOn() : 10000ms, amplitude :255, mag :10000, f : -1
10-24 23:13:36.556   737   737 D SecVibrator-HAL: writeNode node:/sys/class/timed_output/vibrator/intensity val:10000
10-24 23:13:36.556   737   737 D SecVibrator-HAL: writeNode node:/sys/class/timed_output/vibrator/enable val:10000
10-24 23:13:36.564  1417  2490 D InputReader: Input event(6): value=1 when=85887529217000
10-24 23:13:36.564  1417  2490 D InputReader: Input event(6): value=1 when=85887529217000
10-24 23:13:36.564  1417  2490 I InputReader: Touch event's action is 0x0 (deviceType=0) [pCnt=1, s=0.20902 ] when=85887529217000
10-24 23:13:36.564  1417  2489 I InputDispatcher: Delivering touch to (10196): action: 0x0, toolType: 1
10-24 23:13:36.567  1417  2490 D InputReader: Input event(8): value=1 when=85887532555000
10-24 23:13:36.567  1417  2490 D InputDispatcher: timeDiff is 3ms, cancelling touch
10-24 23:13:36.567  1417  2490 I InputDispatcher: Delivering touch to (10196): action: 0x3, toolType: 1
10-24 23:13:36.568 10196 10224 V threaded_app: New input event: type=2
10-24 23:13:36.569  1417  2489 D PowerManagerService: [api] userActivityFromNative : 810 (event: 2 flags: 0) eventTime = 85887529
10-24 23:13:36.569  1417  2490 D WindowManager: interceptKeyTq s_result=1
10-24 23:13:36.570  1417  2490 D SamsungPhoneWindowManager: f.b. a = false hd = true eme = false ksno = false id = -1 isDM = false
10-24 23:13:36.570  1417  2490 D SamsungPhoneWindowManager: haptic disabled by policy
10-24 23:13:36.570 10196 10224 V threaded_app: New input event: type=2
10-24 23:13:36.570   723   723 D SEC LightsHAL: button : 1 +
10-24 23:13:36.570 10196 10196 D ViewRootImpl@ba0b995[GameActivity]: ViewPostIme pointer 0
10-24 23:13:36.577  1417  2489 D API test: getContainerInfo: value is 
10-24 23:13:36.595   723   723 D SEC LightsHAL: button : 1 -
10-24 23:13:36.602  1417  2867 E Watchdog: !@Sync 2859 [2018-10-24 23:13:36.601]
10-24 23:13:36.613  2781  2781 D SystemServicesProxy: updateOverviewLastStackActiveTimeAsync: newTime=1540440799641
10-24 23:13:36.614  1417  6646 D SecContentProvider: query(), uri = 17 selection = isSettingsChangesAllowed
10-24 23:13:36.619  1417  6646 D SecContentProvider: called from android.uid.systemui:10063
10-24 23:13:36.619  2781  2896 D SystemServicesProxy: updateOverviewLastStackActiveTimeAsync: done.
10-24 23:13:36.620  2781  2781 I ApplicationPackageManager: load=com.YourCompany.GiftGame, bg=144-144, dr=144-144, forDefault=false, density=0
10-24 23:13:36.622  2781  2781 I ApplicationPackageManager: scaled rate=0.59999996, size=144, alpha=0, hold=0
10-24 23:13:36.622  2781  2781 I ApplicationPackageManager: load=com.YourCompany.GiftGame-theme2, bg=144-144, dr=144-144, tarScale=0.59999996, relScale=0.59999996, mask=false
10-24 23:13:36.656  1417  2490 D InputReader: Input event(6): value=0 when=85887620334000
10-24 23:13:36.656  1417  2490 D InputReader: Input event(6): value=0 when=85887620334000
10-24 23:13:36.656  1417  2490 I InputReader: Touch event's action is 0x1 (deviceType=0) [pCnt=1, s=] when=85887620334000
10-24 23:13:36.688  1417  2490 D InputReader: Input event(8): value=0 when=85887653369000
10-24 23:13:36.690  1417  2490 D WindowManager: interceptKeyTq s_result=1
10-24 23:13:36.698  1417  2489 D API test: getContainerInfo: value is 
10-24 23:13:36.699  2781  2781 D Recents : toggleRecentApps
10-24 23:13:36.709  2781  2781 V Surface : sf_framedrop debug : 0x4f4c, game : false, logging : 0
10-24 23:13:36.710  2781  2958 D OpenGLRenderer: eglCreateWindowSurface = 0x74802bf290
10-24 23:13:36.727  2781  2958 D OpenGLRenderer: eglDestroySurface = 0x74802bf290
10-24 23:13:36.727  2781  2781 E BufferItemConsumer: [unnamed-2781-180] Failed to release buffer: Unknown error -1 (1)
10-24 23:13:36.728  2781  2781 D RecentsImpl: startRecentsActivity - hideMenuEvent
10-24 23:13:36.728  2781  2781 D SystemServicesProxy: sendCloseSystemWindows: reason=recentapps
10-24 23:13:36.735  2749  2749 E adbd    : recv: OPEN 00001f46 00000000 000c:73 68 65 6C 6C 2C 76 32 3A 70 73 00 
10-24 23:13:36.735  2749  2749 E adbd    : service_to_fd: shell,v2:ps
10-24 23:13:36.736  1417  5405 D BatteryService: !@BatteryListener : batteryPropertiesChanged!
10-24 23:13:36.737  1417  5405 D BatteryService: level:100, scale:100, status:5, health:2, present:true, voltage: 4304, temperature: 328, technology: Li-ion, AC powered:false, USB powered:true, POGO powered:false, Wireless powered:false, icon:17303851, invalid charger:0, maxChargingCurrent:0, maxChargingVoltage:0, chargeCounter:0
10-24 23:13:36.737  1417  5405 D BatteryService: online:6, current avg:117, charge type:1, power sharing:false, high voltage charger:false, capacity:280000, batterySWSelfDischarging:false, misc_event:0, current_event:0, current_now:-451
10-24 23:13:36.737  1417  1417 D BatteryService: Sending ACTION_BATTERY_CHANGED.
10-24 23:13:36.739  1417  6646 I ActivityManager: START u0 {act=null typ=null flg=0x10804000 cmp=ComponentInfo{com.android.systemui/com.android.systemui.recents.RecentsActivity}} from uid 10063
10-24 23:13:36.746 10362 10362 E propClient: PropClient failed to load
10-24 23:13:36.758 10362 10362 E propClient: PropClient failed to load
10-24 23:13:36.759  1417  6646 D CustomFrequencyManagerService: acquireDVFSLockLocked : type : DVFS_MIN_LIMIT  frequency : 1632000  uid : 1000  pid : 1417  pkgName : AMS_ACT_START@CPU_MIN@86
10-24 23:13:36.760  1417  6646 D ActivityManagerPerformance: AMP_acquire() ACT_START
10-24 23:13:36.765  1417  6646 D ActivityManager: isScaleDownAnimationEnabled() : false
10-24 23:13:36.769  1417  6646 D PersonaManagerService: Current focused persona service handled id set to : 0
10-24 23:13:36.769  1417  6646 D InputDispatcher: Focused application set to: xxxx
10-24 23:13:36.770  1417  6646 D InputDispatcher: Focus left window: 10196
10-24 23:13:36.775 10196 10196 V threaded_app: Pause: 0xd812bc60
10-24 23:13:36.775 10196 10224 V threaded_app: activityState=13
10-24 23:13:36.776 10196 10224 D UE4     : Case APP_CMD_PAUSE
10-24 23:13:36.776 10196 10224 D UE4     : LogAndroidEvents: EnqueueAppEvent : 6, 0, tid = 10224
10-24 23:13:36.776 10196 10196 D UE4     : Unregistering sensor listeners
10-24 23:13:36.776 10196 10223 D UE4     : [2018.10.25-04.13.36:776][595]LogAndroid: Case APP_CMD_PAUSE
10-24 23:13:36.776  1417  6647 D SensorService: Calling activate off 1
10-24 23:13:36.779  1417  6647 D SensorService: Calling activate off 3
10-24 23:13:36.783  1417  3159 D SensorService: Calling activate off 5
10-24 23:13:36.787 10196 10223 D UE4     : LogAndroidEvents: Display: DequeueAppEvent : 6, 0
10-24 23:13:36.787 10196 10223 D UE4     : 
10-24 23:13:36.787 10196 10223 D UE4     : [2018.10.25-04.13.36:787][595]LogAndroidEvents: Display: DequeueAppEvent : 6, 0
10-24 23:13:36.789 10196 10196 D SensorManager: unregisterListener ::   
10-24 23:13:36.789 10196 10196 D UE4     : ==============> GameActive.onPause complete!
10-24 23:13:36.789 10196 10196 D ViewRootImpl@ba0b995[GameActivity]: MSG_WINDOW_FOCUS_CHANGED 0
10-24 23:13:36.790 10196 10196 V threaded_app: WindowFocusChanged: 0xd812bc60 -- 0
10-24 23:13:36.799  1417  6646 V WindowManager: rotationForOrientationLw(orient=-1, last=1); user=0 USER_ROTATION_LOCKED sensorRotation=-1 mLidState=-1 mDockMode=0 mHdmiPlugged=false
10-24 23:13:36.799  1417  6646 D SamsungPhoneWindowManager: setRotationLw() : rotation=0
10-24 23:13:36.799  1417  6646 D SamsungPhoneWindowManager: semDvfsWakeupBooster.acquire()
10-24 23:13:36.799  1417  6646 D CustomFrequencyManagerService: acquireDVFSLockLocked : type : DVFS_MIN_LIMIT  frequency : 2150400  uid : 1000  pid : 1417  pkgName : PWM_ROTATION@CPU_MIN@78
10-24 23:13:36.801  1417  6646 D InputDispatcher: setInputDispatchMode: enabled=1, frozen=1
10-24 23:13:36.803   772   772 I SurfaceFlinger: id=3447 createSurf (1080x1920),2 flag=4, ScreenshotSurface#0
10-24 23:13:36.804  1417  6646 V Surface : sf_framedrop debug : 0x4f4c, game : false, logging : 0
10-24 23:13:36.805   772   772 V Surface : sf_framedrop debug : 0x4f4c, game : false, logging : 0
10-24 23:13:36.832   772   772 D DisplayDevice: [MultiResolution] Input Value : o = 0, v = (1080x1920), f = (1440x2560), pre-mScaledDisplay = (1080x1920), mDisplay = (1440x2560)
10-24 23:13:36.832   772   772 I SurfaceFlinger: Disp[0] Orientation 1=>0
10-24 23:13:36.834  1417  6646 I ActivityManager: Config changes=480 {0 1.0 themeSeq = 0 showBtnBg = 0 311mcc480mnc [en_US] ldltr sw360dp w360dp h616dp 480dpi nrml long port finger -keyb/v/h -nav/h appBounds=Rect(0, 0 - 1080, 1920) s.99 mkbd/h}
10-24 23:13:36.839   772   772 I SurfaceFlinger: Display 0 HWC layers:
10-24 23:13:36.839   772   772 I SurfaceFlinger:     type    |    handle    | flag |  format   |   source crop (l,t,r,b)    |         frame       | name 
10-24 23:13:36.839   772   772 I SurfaceFlinger: ------------+--------------+------+-----------+----------------------------+---------------------+------
10-24 23:13:36.839   772   772 I SurfaceFlinger:      Client | 0x7dd43c3b80 | 0002 | RGBx_8888 |   0.0    0.0  720.0  720.0 |    0    0 1080 1080 | SurfaceView - com.YourCompany.GiftGa[...]icgames.ue4.GameActivity@2b5d69b@0#0
10-24 23:13:36.839   772   772 I SurfaceFlinger:      Client | 0x7dd43c3580 | 0000 | RGBA_8888 |   0.0    0.0 1080.0 1080.0 |    0    0 1080 1080 | com.YourCompany.GiftGame/com.epicgames.ue4.GameActivity#1
10-24 23:13:36.839   772   772 I SurfaceFlinger:      Client | 0x7dd4270500 | 0000 | RGBA_8888 |   0.0    0.0 1080.0 1920.0 |    0    0 1080 1920 | ScreenshotSurface#0
10-24 23:13:36.839   772   772 I SurfaceFlinger: 
10-24 23:13:36.841 10196 10318 D UE4     : *** JavaEnvDestructor: 10318
10-24 23:13:36.843  4077  4077 V Configuration:  needToUpdateOverlays
10-24 23:13:36.855  2750  2750 V Configuration:  needToUpdateOverlays
10-24 23:13:36.856  2750  2750 I chatty  : uid=10152(u0_a152) com.sec.android.inputmethod identical 44 lines
10-24 23:13:36.856  2750  2750 V Configuration:  needToUpdateOverlays
10-24 23:13:36.856  2750  2750 I SKBD    : SamsungKeypad onConfigurationChanged1
10-24 23:13:36.858  4296  4296 V Configuration:  needToUpdateOverlays
10-24 23:13:36.860  4296  4296 I chatty  : uid=10066(u0_a66) com.sec.android.app.launcher identical 11 lines
10-24 23:13:36.860  4296  4296 V Configuration:  needToUpdateOverlays
10-24 23:13:36.866  9693  9693 D Mms/MmsApp: [start]    onConfigurationChanged(), newConfig = {0 1.0 themeSeq = 0 showBtnBg = 0 311mcc480mnc [en_US] ldltr sw360dp w360dp h616dp 480dpi nrml long port finger -keyb/v/h -nav/h appBounds=Rect(0, 0 - 1080, 1920) s.99 mkbd/h} consume time = 18336.200879
10-24 23:13:36.867  9693  9693 D Mms/MmsApp: [end]    onConfigurationChanged(), newConfig = {0 1.0 themeSeq = 0 showBtnBg = 0 311mcc480mnc [en_US] ldltr sw360dp w360dp h616dp 480dpi nrml long port finger -keyb/v/h -nav/h appBounds=Rect(0, 0 - 1080, 1920) s.99 mkbd/h} consume time = 0.15901
10-24 23:13:36.873  2750  2750 I SKBD    : SamsungKeypad [IMI] onStartInput - caller pid : 10196, caller uid : 10512
10-24 23:13:36.873  2750  2750 I SKBD    : SamsungKeypad  CACHEDIC onStartInput  isCachedICEnabled:  false
10-24 23:13:36.873  2750  2750 I SKBD    : atl getDefaultInputRange : UNKNOWN
10-24 23:13:36.873  2750  2750 I SKBD    : awo resetBinderManager()
10-24 23:13:36.873  2750  2750 I SKBD_SYNC: SamsungKeypad onStartInput: import DLM
10-24 23:13:36.873  2750  2750 I SKBD    : atl setPrivateImeOptionsToTable privateImeOptions ( null )
10-24 23:13:36.873  2750  2750 I SKBD    : atl imeOptions is null
10-24 23:13:36.873  2750  2750 I SKBDC   : TymeCore iEC -502
10-24 23:13:36.875 10196 10361 D AudioTrack: stop() called with 55125 frames delivered
10-24 23:13:36.876 10196 10361 I AudioTrack: Skip ramp
10-24 23:13:36.876 10196 10361 D         : PlayerBase::stop() from IPlayer
10-24 23:13:36.878  4296  4296 V Configuration:  needToUpdateOverlays
10-24 23:13:36.881  2750  2750 I SKBD    : SamsungKeypad [PF_OP][onStartInput] 8494791
10-24 23:13:36.891   813   848 E Sensors : sns_reg.c(279):invalid data len: -978312876 (126)
10-24 23:13:36.895  5240  5240 V Configuration:  needToUpdateOverlays
10-24 23:13:36.896  5240  5240 I chatty  : uid=10033(u0_a33) com.android.vending identical 2 lines
10-24 23:13:36.896  5240  5240 V Configuration:  needToUpdateOverlays
10-24 23:13:36.899 12421 12421 V Configuration:  needToUpdateOverlays
10-24 23:13:36.900 12421 12421 V Configuration:  needToUpdateOverlays
10-24 23:13:36.901  1417  2418 V WindowManager: Relayout Window{6ed3e1e u0 InputMethod}: viewVisibility=8 req=1080x0 WM.LayoutParams{(0,0)(fillxwrap) gr=#50 sim=#20 ty=2011 fl=#800108 fmt=-2 wanim=0x7f0e00e1 vsysui=0x300 needsMenuKey=2 colorMode=0 naviIconColor=0 sfl=0x800}
10-24 23:13:36.908  2750  2750 D ViewRootImpl@aa24d99[InputMethod]: Relayout returned: old=[0,516][1080,1920] new=[0,516][1080,1920] result=0x1 surface={valid=false 0} changed=false
10-24 23:13:36.911 12421 12421 V Configuration:  needToUpdateOverlays
10-24 23:13:36.911 12421 12421 I chatty  : uid=10413(u0_a413) com.piriform.ccleaner identical 11 lines
10-24 23:13:36.911 12421 12421 V Configuration:  needToUpdateOverlays
