10-28 20:08:58.797 30689 30689 V threaded_app: WindowFocusChanged: 0xd812bc60 -- 1
10-28 20:08:58.797 30689 30745 D UE4     : LogAndroidEvents: EnqueueAppEvent : 11, 0, tid = 30745
10-28 20:08:58.798  1417  2907 D InputDispatcher: Focus left window: 30689
10-28 20:08:58.801  1417  2907 D MARsPolicyManager: onPackageResumedFG pkgName = com.google.android.packageinstaller, userId = 0
10-28 20:08:58.801  1417  2642 D GameManagerService: handleForegroundChange(). pkgName: com.google.android.packageinstaller, clsName: com.android.packageinstaller.permission.ui.GrantPermissionsActivity,FgActivityName:com.google.android.packageinstaller/com.android.packageinstaller.permission.ui.GrantPermissionsActivity
10-28 20:08:58.801  1417  2642 D GameManagerService: sem_perfomance_mode: 0
10-28 20:08:58.801  1417  2642 D GameManagerService: notifyResumePause(). pkg: com.google.android.packageinstaller, type: 4, isMinimized: false, isTunableApp: false
10-28 20:08:58.801  1417  2642 D GameManagerService:   notifyResumePause(). do nothing. mKillNotiCount: 3
10-28 20:08:58.816  1417  3896 D Dex2oatAdjuster: Before bg size = 0
10-28 20:08:58.816  1417  3896 D Dex2oatAdjuster: After bg size = 0 fg size = 0
10-28 20:08:58.817  1417  7866 D GamePkgDataHelper: getGamePkgDataIncServer(). com.google.android.packageinstaller
10-28 20:08:58.817  1417  7866 D GameManagerService: identifyGamePackage. com.google.android.packageinstaller
10-28 20:08:58.817  1417  7866 D GamePkgDataHelper: getGamePkgData(). com.google.android.packageinstaller
10-28 20:08:58.818  1417  7866 D GameManagerService: identifyGamePackage. com.google.android.packageinstaller
10-28 20:08:58.818  1417  7866 D GamePkgDataHelper: getGamePkgData(). com.google.android.packageinstaller
10-28 20:08:58.819  1417  1845 D WindowManager: set systemUiVisibility : systemUiFlags= 0x0 fullscreenStackSysUiFlags= 0x0
10-28 20:08:58.820  3089  3137 D ForegroundUtils: could not check pending caller
10-28 20:08:58.823  1042 23894 V APM_AudioPolicyManager: getAudioPolicyConfig: audioParam;outDevice
10-28 20:08:58.824  1042 23894 V APM_AudioPolicyManager: getNewOutputDevice() selected device 0
10-28 20:08:58.824  1042 23894 V APM_AudioPolicyManager: ### curdevice : 2
10-28 20:08:58.828  1042 23894 V APM_AudioPolicyManager: getAudioPolicyConfig: audioParam;outDevice
10-28 20:08:58.828  1042 23894 V APM_AudioPolicyManager: getNewOutputDevice() selected device 0
10-28 20:08:58.828  1042 23894 V APM_AudioPolicyManager: ### curdevice : 2
10-28 20:08:58.828  1042 23894 V APM_AudioPolicyManager: getAudioPolicyConfig: audioParam;outDevice
10-28 20:08:58.828  1042 23894 V APM_AudioPolicyManager: getNewOutputDevice() selected device 0
10-28 20:08:58.828  1042 23894 V APM_AudioPolicyManager: ### curdevice : 2
10-28 20:08:58.829 30762 30762 I zygote64: no shared libraies, dex_files: 1
10-28 20:08:58.832 30689 30689 V InputMethodManager: Starting input: tba=android.view.inputmethod.EditorInfo@13dc580 nm : com.YourCompany.GiftGame ic=null
10-28 20:08:58.833 30689 30689 I InputMethodManager: startInputInner - mService.startInputOrWindowGainedFocus
10-28 20:08:58.834  1417  4076 D InputMethodManagerService: startInputOrWindowGainedFocus : windowGainedFocus 
10-28 20:08:58.834  1417  4076 D InputMethodManagerService: windowGainedFocus: destinationUserId (getCallingUid) = 0
10-28 20:08:58.834  1417  4076 D InputMethodManagerService: windowGainedFocus: currentUserId=0
10-28 20:08:58.834  1417  4076 D InputMethodManagerService: windowGainedFocus: mCurrentFocusedUserId=0
10-28 20:08:58.834  1417  4076 D InputMethodManagerService: windowGainedFocus : lock - currentUserId = 0 destinationUserId = 0
10-28 20:08:58.834  1417  4076 D InputMethodManagerService: windowGainedFocus : mCurrentFocusedUserId - 0 and mSecureKeypadEnabled - false, userSwitched - false
10-28 20:08:58.835  1417  4076 W InputMethodManagerService: Focus gain on non-focused client com.android.internal.view.IInputMethodClient$Stub$Proxy@3d46b01 (uid=10530 pid=30689)
10-28 20:08:58.835  1417  4076 W InputMethodManagerService: calledFromValidUser : true, (mCurFocusedWindow == windowToken) : false, (attribute != null) : true
10-28 20:08:58.835  1417  4076 W InputMethodManagerService: (mCurClient != cs) : true, mCurFocusedWindow : android.os.BinderProxy@34ff326, windowToken : android.os.BinderProxy@76c0bc9
10-28 20:08:58.835  1417  4076 V InputMethodManagerService: Focus gain on non-focused client mCurClient info is ClientState{9b5ecdf uid 10066 pid 4296}
10-28 20:08:58.836  1042 23894 V APM_AudioPolicyManager: getAudioPolicyConfig: audioParam;activeStream
10-28 20:08:58.836  1042 23894 V APM_AudioPolicyManager: ### active stream : 0
10-28 20:08:58.836  1417  7866 D AudioService: active stream is 0x0
10-28 20:08:58.839  1417  7866 D GameManagerService: identifyGamePackage. com.google.android.packageinstaller
10-28 20:08:58.839  1417  7866 D GamePkgDataHelper: getGamePkgData(). com.google.android.packageinstaller
10-28 20:08:58.840  1417  7866 D GameManagerService: identifyGamePackage. com.google.android.packageinstaller
10-28 20:08:58.840  1417  7866 D GamePkgDataHelper: getGamePkgData(). com.google.android.packageinstaller
10-28 20:08:58.856 30689 30744 D UE4     : LogICUInternationalization: Display: ICU TimeZone Detection - Raw Offset: -6:00, Platform Override: ''
10-28 20:08:58.856 30689 30744 D UE4     : 
10-28 20:08:58.863  1417  2448 D SamsungAlarmManager: Expired : 8
10-28 20:08:58.863 30689 30744 D UE4     : EGL Extensions: 
10-28 20:08:58.863 30689 30744 D UE4     : EGL_KHR_get_all_proc_addresses EGL_ANDROID_presentation_time EGL_KHR_swap_buffers_with_damage EGL_ANDROID_get_native_client_buffer EGL_ANDROID_front_buffer_auto_refresh EGL_ANDROID_get_frame_timestamps EGL_KHR_image EGL_KHR_image_base EGL_KHR_lock_surface EGL_KHR_gl_colorspace EGL_KHR_gl_texture_2D_image EGL_KHR_gl_texture_3D_image EGL_KHR_gl_texture_cubemap_image EGL_KHR_gl_renderbuffer_image EGL_KHR_reusable_sync EGL_KHR_fence_sync EGL_KHR_create_context EGL_KHR_surfaceless_context EGL_EXT_create_context_robustness EGL_ANDROID_image_native_buffer EGL_KHR_wait_sync EGL_ANDROID_recordable EGL_KHR_partial_update EGL_EXT_pixel_format_float EGL_KHR_create_context_no_error EGL_KHR_mutable_render_buffer EGL_EXT_yuv_surface EGL_EXT_protected_content EGL_IMG_context_priority EGL_KHR_no_config_context 
10-28 20:08:58.863  1417  2448 I SamsungAlarmManager: setLocked to kernel - T:3 / 20181028T200900, SetElapsed=687288657, nowELAPSED=687287520
10-28 20:08:58.863  1417  2448 V SamsungAlarmManager: Sending to uid : 10068 action=null alarm=Alarm{dd20da6 type 3 when 687287520 com.asurion.android.verizon.vms}
10-28 20:08:58.876 30689 30744 D UE4     : FAndroidGPUInfo
10-28 20:08:58.876 30689 30744 D UE4     : AndroidEGL::InitSurface 1, 1
10-28 20:08:58.879 30689 30744 D UE4     : AndroidEGL::CreateEGLSurface() 0xbf0947d0
10-28 20:08:58.879 30689 30744 D UE4     : AndroidEGL::CreateEGLSurface(1), auxSurface = eglCreatePbufferSurface(), 8x8
10-28 20:08:58.881 30689 30744 D UE4     : Vulkan library detected, checking for available driver
10-28 20:08:58.882 30689 30744 I vndksupport: sphal namespace is not configured for this process. Loading /vendor/lib/hw/vulkan.msm8996.so from the current namespace instead.
10-28 20:08:58.886 30689 30689 D ViewRootImpl@ba0b995[GameActivity]: MSG_WINDOW_FOCUS_CHANGED 0
10-28 20:08:58.887 30689 30689 V threaded_app: WindowFocusChanged: 0xd812bc60 -- 0
10-28 20:08:58.887 30689 30745 D UE4     : LogAndroidEvents: EnqueueAppEvent : 10, 0, tid = 30745
10-28 20:08:58.889  1417  1417 D PreBindingService: handleMessage : 1
10-28 20:08:58.903  1417  5465 D SamsungAlarmManager: setExact Intent (T:3/F:5/AC:false) 20181028T200903 - CU:10068/CP:4257
10-28 20:08:58.906 30689 30744 D vulkan  : searching for layers in '/data/app/com.YourCompany.GiftGame-ETWydHo_NkC3NJYUPj_mWQ==/lib/arm'
10-28 20:08:58.906 30689 30744 D vulkan  : searching for layers in '/system/fake-libs'
10-28 20:08:58.907 30689 30744 D vulkan  : searching for layers in '/data/app/com.YourCompany.GiftGame-ETWydHo_NkC3NJYUPj_mWQ==/base.apk!/lib/armeabi-v7a'
10-28 20:08:58.908 30689 30744 D vulkan  : vulkan api version_1_0 1.0.0
10-28 20:08:58.908 30689 30744 D vulkan  : vulkan header version 46
10-28 20:08:58.908 30689 30744 I Adreno  : QUALCOMM build          : 1b7798b, I8a9bdcf8d3
10-28 20:08:58.908 30689 30744 I Adreno  : Build Date              : 03/15/18
10-28 20:08:58.908 30689 30744 I Adreno  : Shader Compiler Version : EV031.22.00.01
10-28 20:08:58.908 30689 30744 I Adreno  : Local Branch            : 
10-28 20:08:58.908 30689 30744 I Adreno  : Remote Branch           : refs/tags/AU_LINUX_ANDROID_LA.UM.6.5.R1.08.00.00.312.043
10-28 20:08:58.908 30689 30744 I Adreno  : Remote Branch           : NONE
10-28 20:08:58.908 30689 30744 I Adreno  : Reconstruct Branch      : NOTHING
10-28 20:08:58.909 30689 30744 I vndksupport: sphal namespace is not configured for this process. Loading /vendor/lib/hw/gralloc.msm8996.so from the current namespace instead.
10-28 20:08:58.910  1417  1417 D CustomFrequencyManagerService: releaseDVFSLockLocked : Getting Lock type frm List : DVFS_MIN_LIMIT  frequency : 2150400  uid : 1000  pid : 1417  tag : PWM_ROTATION@CPU_MIN@78
10-28 20:08:58.911 30689 30744 D UE4     : VulkanRHI is available, Vulkan capable device detected.
10-28 20:08:58.921   733   760 E ANDR-PERF-MPCTL: Invalid profile no. 0, total profiles 0 only
10-28 20:08:58.921  1417  4163 D CustomFrequencyManagerService: releaseDVFSLockLocked : Getting Lock type frm List : DVFS_MIN_LIMIT  frequency : 1555200  uid : 1000  pid : 1417  tag : AMS_APP_SWITCH@CPU_MIN@65
10-28 20:08:58.922  1417  4163 D CustomFrequencyManagerService: acquireDVFSLockLocked : type : DVFS_MIN_LIMIT  frequency : 1555200  uid : 1000  pid : 1417  pkgName : AMS_APP_SWITCH@CPU_MIN@65
10-28 20:08:58.922  1417  4163 D ActivityManagerPerformance: AMP_acquire() APP_SWITCH
10-28 20:08:58.923  1417  3898 D ActivityManagerPerformance: Received MSG_CFMS_HINT_AMS_SWITCH pkgName: com.YourCompany.GiftGame
10-28 20:08:58.923  1417  4163 D ActivityManager: isScaleDownAnimationEnabled() : false
10-28 20:08:58.924  1417  4163 D PersonaManagerService: Current focused persona service handled id set to : 0
10-28 20:08:58.924  1417  4163 D InputDispatcher: Focused application set to: xxxx
10-28 20:08:58.924  1417  1845 D WindowManager: set systemUiVisibility : systemUiFlags= 0x0 fullscreenStackSysUiFlags= 0x0
10-28 20:08:58.925  1417  4163 D InputDispatcher: Focus entered window: 30689
10-28 20:08:58.928 30689 30689 D ViewRootImpl@ba0b995[GameActivity]: MSG_WINDOW_FOCUS_CHANGED 1
10-28 20:08:58.931 30689 30689 V threaded_app: WindowFocusChanged: 0xd812bc60 -- 1
10-28 20:08:58.932 30689 30745 D UE4     : LogAndroidEvents: EnqueueAppEvent : 11, 0, tid = 30745
10-28 20:08:58.933  1417  2642 D GameManagerService: handleForegroundChange(). pkgName: com.YourCompany.GiftGame, clsName: com.epicgames.ue4.GameActivity,FgActivityName:com.YourCompany.GiftGame/com.epicgames.ue4.GameActivity
10-28 20:08:58.933  1417  4163 D MARsPolicyManager: onPackageResumedFG pkgName = com.YourCompany.GiftGame, userId = 0
10-28 20:08:58.933  1417  2642 D GameManagerService: sem_perfomance_mode: 0
10-28 20:08:58.933  1417  2642 D GameManagerService: notifyResumePause(). pkg: com.YourCompany.GiftGame, type: 4, isMinimized: false, isTunableApp: false
10-28 20:08:58.933  1417  2642 D GameManagerService:   notifyResumePause(). do nothing. mKillNotiCount: 3
10-28 20:08:58.934 30689 30689 V InputMethodManager: Starting input: tba=android.view.inputmethod.EditorInfo@a7a47b9 nm : com.YourCompany.GiftGame ic=null
10-28 20:08:58.934 30689 30689 I InputMethodManager: startInputInner - mService.startInputOrWindowGainedFocus
10-28 20:08:58.935  1417  5465 D InputMethodManagerService: startInputOrWindowGainedFocus : windowGainedFocus 
10-28 20:08:58.935  1417  5465 D InputMethodManagerService: windowGainedFocus: destinationUserId (getCallingUid) = 0
10-28 20:08:58.935  1417  5465 D InputMethodManagerService: windowGainedFocus: currentUserId=0
10-28 20:08:58.935  1417  5465 D InputMethodManagerService: windowGainedFocus: mCurrentFocusedUserId=0
10-28 20:08:58.935  1417  5465 D InputMethodManagerService: windowGainedFocus : lock - currentUserId = 0 destinationUserId = 0
10-28 20:08:58.935  1417  5465 D InputMethodManagerService: windowGainedFocus : mCurrentFocusedUserId - 0 and mSecureKeypadEnabled - false, userSwitched - false
10-28 20:08:58.940  1417  2412 D ViewRootImpl@795ef72[GiftGame]: dispatchDetachedFromWindow
10-28 20:08:58.940  1417  2412 D InputEventReceiver: channel 'df7dfc3 Splash Screen com.YourCompany.GiftGame (client)' ~ Disposing input event receiver.
10-28 20:08:58.940  1417  2412 D InputEventReceiver: channel 'df7dfc3 Splash Screen com.YourCompany.GiftGame (client)' ~NativeInputEventReceiver.
10-28 20:08:58.952  1417  1845 D WindowManager: set systemUiVisibility : systemUiFlags= 0x8 fullscreenStackSysUiFlags= 0x0
10-28 20:08:58.952  1417  5465 V InputMethodManagerService: windowGainedFocus : reason=WINDOW_FOCUS_GAIN client=android.os.BinderProxy@bae7b91 inputContext=null missingMethods= attribute=android.view.inputmethod.EditorInfo@3f48783 nm = com.YourCompany.GiftGame controlFlags=#101 softInputMode=#10 windowFlags=#1810500
10-28 20:08:58.952  1417  5465 V InputMethodManagerService: hideCurrentInputLocked : shouldHideSoftInput is false
10-28 20:08:58.952  1417  2412 I WindowManager: Destroying surface Surface(name=Splash Screen com.YourCompany.GiftGame) called by com.android.server.wm.WindowStateAnimator.destroySurface:2501 com.android.server.wm.WindowStateAnimator.destroySurfaceLocked:985 com.android.server.wm.WindowState.removeImmediately:2403 com.android.server.wm.WindowState.removeIfPossible:2611 com.android.server.wm.WindowState.removeIfPossible:2441 com.android.server.wm.WindowManagerService.removeWindow:2019 com.android.server.wm.Session.remove:237 android.view.ViewRootImpl.dispatchDetachedFromWindow:4101 
10-28 20:08:58.953   772   840 I SurfaceFlinger: id=10609 Removed Splash Screen com.YourCompany.GiftGame#0 (1/5)
10-28 20:08:58.953  2781  2781 D BarTransitions.PhoneStatusBarView: MODE_OPAQUE -> MODE_TRANSPARENT animate=false
10-28 20:08:58.953  1417  5465 D InputMethodManagerService: isImeSwitcherDisabledPackage : false
10-28 20:08:58.953  1417  5465 V InputMethodManagerService: Creating new session for client ClientState{2b9cd00 uid 10530 pid 30689}
10-28 20:08:58.955   772  3176 I SurfaceFlinger: id=10609 Removed Splash Screen com.YourCompany.GiftGame#0 (-2/5)
10-28 20:08:58.958   772   772 I Layer   : id=10609 onRemoved Splash Screen com.YourCompany.GiftGame#0 
10-28 20:08:58.960   772   772 D SurfaceFlinger: postFramebuffer : visible layers are empty!!
10-28 20:08:58.963  1417  4076 D InputMethodManagerService: setCurrentInputInfo - inputContext : null eidtorInfo : android.view.inputmethod.EditorInfo@3f48783 missingMethods : 0
10-28 20:08:58.965  2750  2750 I InputMethodWrapper:  call dispatchStartInputWithToken
10-28 20:08:58.965  2750  2750 I InputMethodService: dispatchStartInputWithToken
10-28 20:08:58.965  1417  4163 D WindowManager: adjustSystemUiVisibilityLw : vis= 0x8
10-28 20:08:58.965  2750  2750 I SKBD    : SamsungKeypad [IMI] onStartInput - caller pid : 30689, caller uid : 10530
10-28 20:08:58.965  2750  2750 I SKBD    : SamsungKeypad  CACHEDIC onStartInput  isCachedICEnabled:  false
10-28 20:08:58.965  2750  2750 I SKBD    : atl getDefaultInputRange : UNKNOWN
10-28 20:08:58.965  2750  2750 I SKBD    : awo resetBinderManager()
10-28 20:08:58.965  2750  2750 I SKBD_SYNC: SamsungKeypad onStartInput: import DLM
10-28 20:08:58.966  2750  2750 I SKBD    : atl setPrivateImeOptionsToTable privateImeOptions ( null )
10-28 20:08:58.966  2750  2750 I SKBD    : atl imeOptions is null
10-28 20:08:58.966  2750  2750 I SKBD    : SamsungKeypad setExtractTextView  : true
10-28 20:08:58.969  2750  2750 I SKBD    : SamsungKeypad [PF_OP][onStartInput] 3789531
10-28 20:08:58.971  1417  1845 D WindowManager: set systemUiVisibility : systemUiFlags= 0x0 fullscreenStackSysUiFlags= 0x0
10-28 20:08:58.972  2781  2781 D BarTransitions.PhoneStatusBarView: MODE_TRANSPARENT -> MODE_OPAQUE animate=false
10-28 20:08:58.979   772   772 I SurfaceFlinger: Display 0 HWC layers:
10-28 20:08:58.979   772   772 I SurfaceFlinger:     type    |    handle    | flag |  format   |   source crop (l,t,r,b)    |         frame       | name 
10-28 20:08:58.979   772   772 I SurfaceFlinger: ------------+--------------+------+-----------+----------------------------+---------------------+------
10-28 20:08:58.979   772   772 I SurfaceFlinger:      Device | 0x7dd942c280 | 0002 | RGBA_8888 |   0.0    0.0 1080.0 1920.0 |    0    0 1080 1920 | com.YourCompany.GiftGame/com.epicgames.ue4.GameActivity#0
10-28 20:08:58.979   772   772 I SurfaceFlinger: 
10-28 20:08:58.982  1417  9835 D WindowManager: adjustSystemUiVisibilityLw : vis= 0x0
10-28 20:08:58.983  1417  4163 V WindowManager: Relayout Window{6ed3e1e u0 InputMethod}: viewVisibility=8 req=1920x0 WM.LayoutParams{(0,0)(fillxwrap) gr=#50 sim=#20 ty=2011 fl=#800108 fmt=-2 wanim=0x7f0e00e1 vsysui=0x300 needsMenuKey=2 colorMode=0 naviIconColor=0 sfl=0x800}
10-28 20:08:58.985   733   760 E ANDR-PERF-MPCTL: Invalid profile no. 0, total profiles 0 only
10-28 20:08:58.985  1417  1887 D CustomFrequencyManagerService: acquireDVFSLockLocked : type : DVFS_MIN_LIMIT  frequency : 1555200  uid : 1000  pid : 1417  pkgName : AMS_RESUME_TAIL@CPU_MIN@71
10-28 20:08:58.985  1417  1887 D ActivityManagerPerformance: AMP_acquire() TAIL
10-28 20:08:58.985  1417  1887 D CustomFrequencyManagerService: releaseDVFSLockLocked : Getting Lock type frm List : DVFS_MIN_LIMIT  frequency : 1555200  uid : 1000  pid : 1417  tag : AMS_APP_SWITCH@CPU_MIN@65
10-28 20:08:58.986  1417  1887 D ActivityManagerPerformance: AMP_release() APP_SWITCH
10-28 20:08:58.990  2750  2750 D ViewRootImpl@aa24d99[InputMethod]: Relayout returned: old=[0,516][1080,1920] new=[0,516][1080,1920] result=0x1 surface={valid=false 0} changed=false
10-28 20:08:58.991 30689 30689 V threaded_app: Resume: 0xd812bc60
10-28 20:08:58.991 30689 30745 V threaded_app: activityState=11
10-28 20:08:58.991 30689 30745 D UE4     : Case APP_CMD_RESUME
10-28 20:08:58.991 30689 30745 D UE4     : LogAndroidEvents: EnqueueAppEvent : 7, 0, tid = 30745
10-28 20:08:58.991 30689 30689 D UE4     : Registering sensor listeners
10-28 20:08:58.991  2750  2750 I SKBD    : putCacheDrawable inputModule=0 key =ICON_SETTING
10-28 20:08:58.991  1417  2497 D MdnieScenarioControlService:  packageName : com.YourCompany.GiftGame    className : com.epicgames.ue4.GameActivity
10-28 20:08:58.992  1417  2497 V MdnieScenarioControlService: setUIMode from UI function(3)
10-28 20:08:58.993  1417  5465 I SensorService: createSensorEventConnection package name com.epicgames.ue4.GameActivity
10-28 20:08:58.994  1417  5465 D SensorService: Calling batch handle==1 flags=0 rate=20000000 timeout== 0
10-28 20:08:58.995   726  2415 I qti_sensors_hal: batch:sensor(android.sensor.accelerometer) handle:1 flags:0x0 period_ns 20000000
10-28 20:08:58.995   726  2415 I qti_sensors_hal: batch: current sample rate, report rate & buffering are equal to requested (50.000000,0.000000,0)
10-28 20:08:58.997   726  2415 I qti_sensors_hal: SMGRReportAdd:sensor(android.sensor.accelerometer) handle=1, sample_rate=50.000000 report_rate=0 buffer=0
10-28 20:08:59.001 30689 30689 D SensorManager: registerListener :: 1, K6DS3TR Accelerometer, 20000, 0,  
10-28 20:08:59.002  1417  5465 D SensorService: Calling batch handle==3 flags=0 rate=20000000 timeout== 0
10-28 20:08:59.002   726  2415 I qti_sensors_hal: batch:sensor(android.sensor.magnetic_field) handle:11 flags:0x0 period_ns 20000000
10-28 20:08:59.002   726  2415 I qti_sensors_hal: batch: current sample rate, report rate & buffering are equal to requested (50.000000,0.000000,0)
10-28 20:08:59.003   726  2415 I qti_sensors_hal: SMGRReportAdd:sensor(android.sensor.magnetic_field) handle=11, sample_rate=50.000000 report_rate=0 buffer=0
10-28 20:08:59.007 30689 30689 D SensorManager: registerListener :: 3, AK09911C Magnetometer, 20000, 0,  
10-28 20:08:59.008  1417  5465 D SensorService: Calling batch handle==5 flags=0 rate=20000000 timeout== 0
10-28 20:08:59.008   726  2415 I qti_sensors_hal: batch:sensor(android.sensor.gyroscope) handle:3 flags:0x0 period_ns 20000000
10-28 20:08:59.008   726  2415 I qti_sensors_hal: batch: current sample rate, report rate & buffering are equal to requested (50.000000,0.000000,0)
10-28 20:08:59.009   726  2415 I qti_sensors_hal: SMGRReportAdd:sensor(android.sensor.gyroscope) handle=3, sample_rate=50.000000 report_rate=0 buffer=0
10-28 20:08:59.010   726   878 I qti_sensors_hal: processReportInd: Cal Mag Filter, 0, 0, 0.000000, 0.000000, 0.000000, 0.000000, 0.000000, 0.000000, -8.276367, -15.641785, -43.690491
10-28 20:08:59.012 30689 30689 D SensorManager: registerListener :: 5, K6DS3TR Gyroscope, 20000, 0,  
10-28 20:08:59.012 30689 30689 D UE4     : App is running in Landscape
10-28 20:08:59.012 30689 30689 D UE4     : ==============> Resuming main init
10-28 20:08:59.012 30689 30689 D UE4     : ==============> GameActive.onResume complete!
10-28 20:08:59.014  1417  4163 D ActivityManager: post active user change for 0 fullscreen true isHomeActivity() false
10-28 20:08:59.015 30689 30689 V InputMethodManager: Starting input: tba=android.view.inputmethod.EditorInfo@a0117fe nm : com.YourCompany.GiftGame ic=null
10-28 20:08:59.024 25723 25799 I RecursiveFileObserver: CLOSE_WRITE: /mnt/sdcard/UE4Game/GiftGame/GiftGame/Saved/Config/Android/Engine.ini
10-28 20:08:59.028  1417  4163 V WindowManager: Relayout Window{b0e72ce u0 com.YourCompany.GiftGame/com.epicgames.ue4.GameActivity}: viewVisibility=0 req=1920x1080 WM.LayoutParams{(0,0)(fillxfill) sim=#110 ty=1 fl=#1810500 fmt=1 wanim=0x1030001 needsMenuKey=2 colorMode=0 naviIconColor=0}
10-28 20:08:59.034 30689 30689 D ViewRootImpl@ba0b995[GameActivity]: Relayout returned: old=[0,0][1920,1080] new=[0,0][1920,1080] result=0x1 surface={valid=true 3360946176} changed=false
10-28 20:08:59.040 25723 25799 I RecursiveFileObserver: CLOSE_WRITE: /mnt/sdcard/UE4Game/GiftGame/GiftGame/Saved/Config/Android/Game.ini
10-28 20:08:59.047  4296  4296 D StageManager: saved stages : inStack [1] , outStack[2, 3]
10-28 20:08:59.048  1417  3896 D Dex2oatAdjuster: Before fg size = 0
10-28 20:08:59.048  1417  3896 D Dex2oatAdjuster: After bg size = 0 fg size = 0
10-28 20:08:59.049  3089  3137 D ForegroundUtils: could not check pending caller
10-28 20:08:59.053   726   878 I qti_sensors_hal: processReportInd: Accel - X: 2.316 Y: 0.675 Z: 9.373
10-28 20:08:59.053   726   878 I qti_sensors_hal: processReportInd: Gyro - X: -0.001 Y: 0.001 Z: -0.002 status: 3
10-28 20:08:59.056  2781  3154 D SystemServicesProxy: updateOverviewLastStackActiveTimeAsync: newTime=1540775338926
10-28 20:08:59.057  1417  2907 D SecContentProvider: query(), uri = 17 selection = isSettingsChangesAllowed
10-28 20:08:59.059  1417  2907 D SecContentProvider: called from android.uid.systemui:10063
10-28 20:08:59.062 25723 25799 I RecursiveFileObserver: CLOSE_WRITE: /mnt/sdcard/UE4Game/GiftGame/GiftGame/Saved/Config/Android/Input.ini
10-28 20:08:59.063  2781  2896 D SystemServicesProxy: updateOverviewLastStackActiveTimeAsync: done.
10-28 20:08:59.065  1417  3896 D Dex2oatAdjuster: Before fg size = 0
10-28 20:08:59.065  3089  3137 D ForegroundUtils: could not check pending caller
10-28 20:08:59.065  1417  3896 D Dex2oatAdjuster: After bg size = 0 fg size = 0
10-28 20:08:59.084 25723 25799 I RecursiveFileObserver: CLOSE_WRITE: /mnt/sdcard/UE4Game/GiftGame/GiftGame/Saved/Config/Android/Scalability.ini
10-28 20:08:59.091 25723 25799 I RecursiveFileObserver: CLOSE_WRITE: /mnt/sdcard/UE4Game/GiftGame/GiftGame/Saved/Config/Android/Hardware.ini
10-28 20:08:59.098 25723 25799 I RecursiveFileObserver: CLOSE_WRITE: /mnt/sdcard/UE4Game/GiftGame/GiftGame/Saved/Config/Android/GameUserSettings.ini
10-28 20:08:59.132 25723 25799 I RecursiveFileObserver: DELETE_SELF: /mnt/sdcard/UE4Game/GiftGame/GiftGame/Saved/Config/CrashReportClient/UE4CC-Android-0002300608D63D0E951AC100D1D03C20/null
10-28 20:08:59.132 25723 25799 I RecursiveFileObserver: DEFAULT(32768): /mnt/sdcard/UE4Game/GiftGame/GiftGame/Saved/Config/CrashReportClient/UE4CC-Android-0002300608D63D0E951AC100D1D03C20/null
10-28 20:08:59.133 25723 25799 I RecursiveFileObserver: SOMETHING HAPPENED: /mnt/sdcard/UE4Game/GiftGame/GiftGame/Saved/Config/CrashReportClient/UE4CC-Android-0002A7DF08D63D1132664C7A14BE2E79
10-28 20:08:59.143 25723 25799 I RecursiveFileObserver: CLOSE_WRITE: /mnt/sdcard/UE4Game/GiftGame/GiftGame/Saved/Config/Android/Paper2D.ini
10-28 20:08:59.196  1417  2497 D MdnieScenarioControlService:  packageName : com.YourCompany.GiftGame    className : com.epicgames.ue4.GameActivity
10-28 20:08:59.196  1417  2497 V MdnieScenarioControlService: setUIMode from UI function(3)
10-28 20:08:59.237 25723 25799 I RecursiveFileObserver: CLOSE_WRITE: /mnt/sdcard/UE4Game/GiftGame/GiftGame/Saved/Config/Android/OculusVR.ini
10-28 20:08:59.243 25723 25799 I RecursiveFileObserver: CLOSE_WRITE: /mnt/sdcard/UE4Game/GiftGame/GiftGame/Saved/Config/Android/PhysXVehicles.ini
10-28 20:08:59.251 30689 30744 D UE4     : LogStreaming: Display: Took  0.117s to configure plugins.
10-28 20:08:59.251 30689 30744 D UE4     : 
10-28 20:08:59.261 30689 30744 D UE4     : LogOnline: Display: OnlineSubsystemGooglePlayModule::StartupModule()
10-28 20:08:59.261 30689 30744 D UE4     : 
10-28 20:08:59.261 30689 30744 D UE4     : LogOnline: Warning: FOnlineSubsystemGooglePlayModule was disabled
10-28 20:08:59.261 30689 30744 D UE4     : 
10-28 20:08:59.264 30689 30744 D UE4     : LogOnline: Warning: FOnlineSubsystemGooglePlayModule was disabled
10-28 20:08:59.264 30689 30744 D UE4     : 
10-28 20:08:59.267 30689 30744 D UE4     : LogStreaming: Display: Took  0.002s to delete old logs.
10-28 20:08:59.268 30689 30744 D UE4     : 
10-28 20:08:59.286  1417  1417 D CustomFrequencyManagerService: releaseDVFSLockLocked : Getting Lock type frm List : DVFS_MIN_LIMIT  frequency : 1555200  uid : 1000  pid : 1417  tag : AMS_RESUME_TAIL@CPU_MIN@71
10-28 20:08:59.299 30689 30744 D UE4     : LogStreaming: Display: Async Loading initialized: Event Driven Loader: true, Async Loading Thread: false, Async Post Load: true
10-28 20:08:59.299 30689 30744 D UE4     : 
10-28 20:08:59.350 30689 30744 D UE4     : ***** RequestedContentScaleFactor different 1.000000 != -1.000000, not using res cache
10-28 20:08:59.350 30689 30744 D UE4     : ***** Window different, not using res cache
10-28 20:08:59.350 30689 30744 D UE4     : ***** WindowWidth is -1, not using res cache
10-28 20:08:59.353 30689 30744 D UE4     : Vulkan not available as project packaged without bSupportsVulkan or bSupportsVulkanSM5.
10-28 20:08:59.376  1417  7866 D GamePkgDataHelper: getGamePkgDataIncServer(). com.YourCompany.GiftGame
10-28 20:08:59.378  1417  7866 D GameManagerService: identifyGamePackage. com.YourCompany.GiftGame
10-28 20:08:59.378  1417  7866 D GamePkgDataHelper: getGamePkgData(). com.YourCompany.GiftGame
10-28 20:08:59.380  1417  7866 D GameManagerService: identifyGamePackage. com.YourCompany.GiftGame
10-28 20:08:59.380  1417  7866 D GamePkgDataHelper: getGamePkgData(). com.YourCompany.GiftGame
10-28 20:08:59.382  1417  7866 D GameManagerService: identifyGamePackage. com.YourCompany.GiftGame
10-28 20:08:59.382  1417  7866 D GamePkgDataHelper: getGamePkgData(). com.YourCompany.GiftGame
10-28 20:08:59.396  1042 23894 V APM_AudioPolicyManager: getAudioPolicyConfig: audioParam;outDevice
10-28 20:08:59.396  1042 23894 V APM_AudioPolicyManager: getNewOutputDevice() selected device 0
10-28 20:08:59.396  1042 23894 V APM_AudioPolicyManager: ### curdevice : 2
10-28 20:08:59.397  1042 23894 V APM_AudioPolicyManager: getAudioPolicyConfig: audioParam;outDevice
10-28 20:08:59.397  1042 23894 V APM_AudioPolicyManager: getNewOutputDevice() selected device 0
10-28 20:08:59.397  1042 23894 V APM_AudioPolicyManager: ### curdevice : 2
10-28 20:08:59.398  1042 23894 V APM_AudioPolicyManager: getAudioPolicyConfig: audioParam;outDevice
10-28 20:08:59.398  1042 23894 V APM_AudioPolicyManager: getNewOutputDevice() selected device 0
10-28 20:08:59.398  1042 23894 V APM_AudioPolicyManager: ### curdevice : 2
10-28 20:08:59.399 25723 25799 I RecursiveFileObserver: CLOSE_WRITE: /mnt/sdcard/UE4Game/GiftGame/GiftGame/Saved/Config/Android/DeviceProfiles.ini
10-28 20:08:59.408  1042 23894 V APM_AudioPolicyManager: getAudioPolicyConfig: audioParam;activeStream
10-28 20:08:59.408  1042 23894 V APM_AudioPolicyManager: ### active stream : 0
10-28 20:08:59.409  1417  7866 D AudioService: active stream is 0x0
10-28 20:08:59.412  1417  7866 D GameManagerService: identifyGamePackage. com.YourCompany.GiftGame
10-28 20:08:59.412  1417  7866 D GamePkgDataHelper: getGamePkgData(). com.YourCompany.GiftGame
10-28 20:08:59.412  1417  7866 D GameManagerService: identifyGamePackage. com.YourCompany.GiftGame
10-28 20:08:59.412  1417  7866 D GamePkgDataHelper: getGamePkgData(). com.YourCompany.GiftGame
10-28 20:08:59.435 30689 30744 D UE4     : LogHAL: Display: Platform has ~ 4 GB [3903102976 / 4294967296 / 4], which maps to Default [LargestMinGB=8, LargerMinGB=6, DefaultMinGB=4, SmallerMinGB=3, SmallestMinGB=0)
10-28 20:08:59.435 30689 30744 D UE4     : 
10-28 20:08:59.493  1417  1417 D PreBindingService: handleMessage : 1
10-28 20:08:59.579 30689 30744 D UE4     : LogStreaming: Display: Took  0.133s to InitEngineTextLocalization.
10-28 20:08:59.579 30689 30744 D UE4     : 
10-28 20:08:59.608 30689 30744 D UE4     : VulkanRHI will NOT be used:
10-28 20:08:59.608 30689 30744 D UE4     :  ** Vulkan support is not available (Driver, RHI or shaders are missing, or disabled by cmdline)
10-28 20:08:59.608 30689 30744 D UE4     : OpenGL ES will be used.
10-28 20:08:59.608 30689 30744 D UE4     : FPlatformOpenGLDevice:Init
10-28 20:08:59.608 30689 30744 D UE4     : AndroidEGL::InitSurface 0, 1
10-28 20:08:59.608 30689 30744 D UE4     : [JAVA] - SetDesiredViewSize width=1280 and height=720
10-28 20:08:59.609 30689 30744 D UE4     : AndroidEGL::CreateEGLSurface() Already initialized: 0xbf0947d0
10-28 20:08:59.619 30689 30744 D libGLESv2: STS_GLApi : DTS, ODTC are not allowed for Package : com.YourCompany.GiftGame
10-28 20:08:59.640 30689 30744 D UE4     : LogRHI: Display: Testing for shader compiler compatibility
10-28 20:08:59.640 30689 30744 D UE4     : 
10-28 20:08:59.641 30689 30744 D UE4     : LogRHI: Display: Shaders compile fine no need to enable hacks
10-28 20:08:59.641 30689 30744 D UE4     : 
10-28 20:08:59.641 30689 30744 D UE4     : LogRHI: Display: Testing for round() function availability
10-28 20:08:59.641 30689 30744 D UE4     : 
10-28 20:08:59.641 30689 30744 D UE4     : LogRHI: Warning: Disabling the need for the round() function hack
10-28 20:08:59.641 30689 30744 D UE4     : 
10-28 20:08:59.642 30689 30744 D UE4     : LogShaderLibrary: Display: Failed to load Shared Shader Library: Global and no native library supported.
10-28 20:08:59.642 30689 30744 D UE4     : 
10-28 20:08:59.642 30689 30744 D UE4     : LogShaderLibrary: Display: Failed to load Shared Shader Library: Global_SC and no native library supported.
10-28 20:08:59.642 30689 30744 D UE4     : 
10-28 20:08:59.643 30689 30744 D UE4     : LogShaderLibrary: Display: Failed to load Shared Shader Library: Paper2D and no native library supported.
10-28 20:08:59.643 30689 30744 D UE4     : 
10-28 20:08:59.643 30689 30744 D UE4     : LogShaderLibrary: Display: Failed to load Shared Shader Library: Paper2D_SC and no native library supported.
10-28 20:08:59.643 30689 30744 D UE4     : 
10-28 20:08:59.643 30689 30744 D UE4     : LogShaderLibrary: Display: Failed to load Shared Shader Library: Paper2D and no native library supported.
10-28 20:08:59.643 30689 30744 D UE4     : 
10-28 20:08:59.644 30689 30744 D UE4     : LogShaderLibrary: Display: Failed to load Shared Shader Library: Paper2D_SC and no native library supported.
10-28 20:08:59.644 30689 30744 D UE4     : 
10-28 20:08:59.644 30689 30744 D UE4     : LogShaderLibrary: Display: Failed to load Shared Shader Library: CryptoKeys and no native library supported.
10-28 20:08:59.644 30689 30744 D UE4     : 
10-28 20:08:59.644 30689 30744 D UE4     : LogShaderLibrary: Display: Failed to load Shared Shader Library: CryptoKeys_SC and no native library supported.
10-28 20:08:59.644 30689 30744 D UE4     : 
10-28 20:08:59.644 30689 30744 D UE4     : LogShaderLibrary: Display: Failed to load Shared Shader Library: CryptoKeys and no native library supported.
10-28 20:08:59.644 30689 30744 D UE4     : 
10-28 20:08:59.645 30689 30744 D UE4     : LogShaderLibrary: Display: Failed to load Shared Shader Library: CryptoKeys_SC and no native library supported.
10-28 20:08:59.645 30689 30744 D UE4     : 
10-28 20:08:59.645 30689 30744 D UE4     : LogShaderLibrary: Display: Failed to load Shared Shader Library: MeshEditor and no native library supported.
10-28 20:08:59.645 30689 30744 D UE4     : 
10-28 20:08:59.645 30689 30744 D UE4     : LogShaderLibrary: Display: Failed to load Shared Shader Library: MeshEditor_SC and no native library supported.
10-28 20:08:59.645 30689 30744 D UE4     : 
10-28 20:08:59.646 30689 30744 D UE4     : LogShaderLibrary: Display: Failed to load Shared Shader Library: MeshEditor and no native library supported.
10-28 20:08:59.646 30689 30744 D UE4     : 
10-28 20:08:59.646 30689 30744 D UE4     : LogShaderLibrary: Display: Failed to load Shared Shader Library: MeshEditor_SC and no native library supported.
10-28 20:08:59.646 30689 30744 D UE4     : 
10-28 20:08:59.646 30689 30744 D UE4     : LogShaderLibrary: Display: Failed to load Shared Shader Library: DatasmithContent and no native library supported.
10-28 20:08:59.646 30689 30744 D UE4     : 
10-28 20:08:59.647 30689 30744 D UE4     : LogShaderLibrary: Display: Failed to load Shared Shader Library: DatasmithContent_SC and no native library supported.
10-28 20:08:59.647 30689 30744 D UE4     : 
10-28 20:08:59.647 30689 30744 D UE4     : LogShaderLibrary: Display: Failed to load Shared Shader Library: DatasmithContent and no native library supported.
10-28 20:08:59.647 30689 30744 D UE4     : 
10-28 20:08:59.647 30689 30744 D UE4     : LogShaderLibrary: Display: Failed to load Shared Shader Library: DatasmithContent_SC and no native library supported.
10-28 20:08:59.647 30689 30744 D UE4     : 
10-28 20:08:59.647 30689 30744 D UE4     : LogShaderLibrary: Display: Failed to load Shared Shader Library: MediaCompositing and no native library supported.
10-28 20:08:59.647 30689 30744 D UE4     : 
10-28 20:08:59.648 30689 30744 D UE4     : LogShaderLibrary: Display: Failed to load Shared Shader Library: MediaCompositing_SC and no native library supported.
10-28 20:08:59.648 30689 30744 D UE4     : 
10-28 20:08:59.648 30689 30744 D UE4     : LogShaderLibrary: Display: Failed to load Shared Shader Library: MediaCompositing and no native library supported.
10-28 20:08:59.648 30689 30744 D UE4     : 
10-28 20:08:59.648 30689 30744 D UE4     : LogShaderLibrary: Display: Failed to load Shared Shader Library: MediaCompositing_SC and no native library supported.
10-28 20:08:59.648 30689 30744 D UE4     : 
10-28 20:08:59.649 30689 30744 D UE4     : LogShaderLibrary: Display: Failed to load Shared Shader Library: OculusVR and no native library supported.
10-28 20:08:59.649 30689 30744 D UE4     : 
10-28 20:08:59.649 30689 30744 D UE4     : LogShaderLibrary: Display: Failed to load Shared Shader Library: OculusVR_SC and no native library supported.
10-28 20:08:59.649 30689 30744 D UE4     : 
10-28 20:08:59.649 30689 30744 D UE4     : LogShaderLibrary: Display: Failed to load Shared Shader Library: OculusVR and no native library supported.
10-28 20:08:59.649 30689 30744 D UE4     : 
10-28 20:08:59.649 30689 30744 D UE4     : LogShaderLibrary: Display: Failed to load Shared Shader Library: OculusVR_SC and no native library supported.
10-28 20:08:59.649 30689 30744 D UE4     : 
10-28 20:08:59.650 30689 30744 D UE4     : LogShaderLibrary: Display: Failed to load Shared Shader Library: SteamVR and no native library supported.
10-28 20:08:59.650 30689 30744 D UE4     : 
10-28 20:08:59.650 30689 30744 D UE4     : LogShaderLibrary: Display: Failed to load Shared Shader Library: SteamVR_SC and no native library supported.
10-28 20:08:59.650 30689 30744 D UE4     : 
10-28 20:08:59.650 30689 30744 D UE4     : LogShaderLibrary: Display: Failed to load Shared Shader Library: SteamVR and no native library supported.
10-28 20:08:59.650 30689 30744 D UE4     : 
10-28 20:08:59.650 30689 30744 D UE4     : LogShaderLibrary: Display: Failed to load Shared Shader Library: SteamVR_SC and no native library supported.
10-28 20:08:59.650 30689 30744 D UE4     : 
10-28 20:08:59.651 30689 30744 D UE4     : LogRHI: Display: Failed to open default shader pipeline cache for GiftGame using shader platform 8.
10-28 20:08:59.651 30689 30744 D UE4     : 
10-28 20:08:59.651 30689 30744 D UE4     : LogRHI: Display: Failed to open default shader pipeline cache for GiftGame using shader platform 8.
10-28 20:08:59.651 30689 30744 D UE4     : 
10-28 20:08:59.656  1417  1417 D PreBindingService: handleMessage : 1
10-28 20:08:59.867  2749  2749 E adbd    : recv: OPEN 00006f9c 00000000 000c:73 68 65 6C 6C 2C 76 32 3A 70 73 00 
10-28 20:08:59.867  2749  2749 E adbd    : service_to_fd: shell,v2:ps
10-28 20:08:59.890 30808 30808 E propClient: PropClient failed to load
10-28 20:08:59.913 30808 30808 E propClient: PropClient failed to load
10-28 20:08:59.936 30689 30744 D UE4     : LogShaderLibrary: Display: Failed to load Shared Shader Library: GiftGame and no native library supported.
10-28 20:08:59.936 30689 30744 D UE4     : 
10-28 20:08:59.937 30689 30744 D UE4     : LogShaderLibrary: Display: Failed to load Shared Shader Library: GiftGame_SC and no native library supported.
10-28 20:08:59.937 30689 30744 D UE4     : 
10-28 20:08:59.937 30689 30744 D UE4     : LogRHI: Display: Failed to open default shader pipeline cache for GiftGame using shader platform 8.
10-28 20:08:59.937 30689 30744 D UE4     : 
10-28 20:08:59.937 30689 30744 D UE4     : LogShaderLibrary: Display: Failed to load Shared Shader Library: GiftGame and no native library supported.
10-28 20:08:59.937 30689 30744 D UE4     : 
10-28 20:08:59.937 30689 30744 D UE4     : LogShaderLibrary: Display: Failed to load Shared Shader Library: GiftGame_SC and no native library supported.
10-28 20:08:59.937 30689 30744 D UE4     : 
10-28 20:08:59.938 30689 30744 D UE4     : LogRHI: Display: Failed to open default shader pipeline cache for GiftGame using shader platform 8.
10-28 20:08:59.938 30689 30744 D UE4     : 
10-28 20:09:00.000  1417  2448 D SamsungAlarmManager: Expired : 8
10-28 20:09:00.000  1417  2448 I SamsungAlarmManager: setLocked to kernel - T:3 / 20181028T200903, SetElapsed=687292544, nowELAPSED=687288657
10-28 20:09:00.001  1417  2448 V SamsungAlarmManager: Sending to uid : 1000 action=android.intent.action.TIME_TICK alarm=Alarm{1632b7e type 3 when 687288657 android}
10-28 20:09:00.004  1417  1417 D SamsungAlarmManager: setExact Intent (T:3/F:1/AC:false) 20181028T201000 - CU:1000/CP:1417
10-28 20:09:00.005  2781  2893 D KeyguardUpdateMonitor: received broadcast android.intent.action.TIME_TICK
10-28 20:09:00.006  2781  2781 D KeyguardServiceBoxContainer: refreshTime() 1
10-28 20:09:00.062 30689 30744 D UE4     : LogStreaming: Display: Took  0.125s to InitGameTextLocalization.
10-28 20:09:00.062 30689 30744 D UE4     : 
10-28 20:09:00.424  1417  1887 I zygote64: Explicit concurrent copying GC freed 133722(7MB) AllocSpace objects, 19(380KB) LOS objects, 29% free, 56MB/80MB, paused 3.267ms total 802.626ms
10-28 20:09:00.522  2749  2749 E adbd    : recv: OPEN 00006f9d 00000000 0009:74 63 70 3A 36 36 36 36 00 
10-28 20:09:00.523  2749  2749 E adbd    : service_to_fd: tcp:6666
10-28 20:09:00.527  1146  1555 D DnsProxyListener: DNSDBG::dns addrinfo af 2
10-28 20:09:00.535  2749  2749 E adbd    : failed to connect to socket 'tcp:6666': Connection refused
10-28 20:09:00.676 30689 30744 D UE4     : LogStreaming: Display: Flushing async loaders.
10-28 20:09:00.676 30689 30744 D UE4     : 
10-28 20:09:00.890  1417  1417 D PreBindingService: handleMessage : 1
10-28 20:09:00.935  1417  1417 D PreBindingService: handleMessage : 1
10-28 20:09:01.307  2749  2749 E adbd    : recv: OPEN 00006fa1 00000000 000c:73 68 65 6C 6C 2C 76 32 3A 70 73 00 
10-28 20:09:01.307  2749  2749 E adbd    : service_to_fd: shell,v2:ps
10-28 20:09:01.319 30811 30811 E propClient: PropClient failed to load
10-28 20:09:01.335 30811 30811 E propClient: PropClient failed to load
10-28 20:09:01.611 30689 30744 I MediaPlayer: Need to enable context aware info
10-28 20:09:01.611 30689 30744 V MediaPlayer-JNI: native_setup
10-28 20:09:01.611 30689 30744 V MediaPlayerNative: constructor
10-28 20:09:01.618 30689 30744 V MediaPlayerNative: setListener
10-28 20:09:01.638 25723 25799 I RecursiveFileObserver: CREATED: /mnt/sdcard/UE4Game/GiftGame/GiftGame/Saved/Logs/GiftGame-backup-2018.10.28-20.08.58.log
10-28 20:09:01.641 25723 25799 I RecursiveFileObserver: CLOSE_WRITE: /mnt/sdcard/UE4Game/GiftGame/GiftGame/Saved/Logs/GiftGame-backup-2018.10.28-20.08.58.log
10-28 20:09:01.643 30689 30744 D UE4     : [2018.10.29-01.09.01:643][  0]LogAndroid: Display: Android Version Make Model Language: 8.0.0 samsung SM-G930V en_US
10-28 20:09:01.643 30689 30744 D UE4     : [2018.10.29-01.09.01:643][  0]LogAndroid: Case APP_CMD_START
10-28 20:09:01.644 30689 30744 D UE4     : [2018.10.29-01.09.01:644][  0]LogAndroid: Case APP_CMD_RESUME
10-28 20:09:01.644 30689 30744 D UE4     : [2018.10.29-01.09.01:644][  0]LogAndroid: Case APP_CMD_INPUT_CHANGED
10-28 20:09:01.644 30689 30744 D UE4     : [2018.10.29-01.09.01:644][  0]LogAndroid: Case APP_CMD_INIT_WINDOW
10-28 20:09:01.644 30689 30744 D UE4     : [2018.10.29-01.09.01:644][  0]LogInit: Display: Running engine for game: GiftGame
10-28 20:09:01.644 30689 30744 D UE4     : [2018.10.29-01.09.01:644][  0]LogAndroid: Case APP_CMD_PAUSE
10-28 20:09:01.645 30689 30744 D UE4     : [2018.10.29-01.09.01:644][  0]LogTemp: 4 cores and 4 assignable cores
10-28 20:09:01.645 30689 30744 D UE4     : [2018.10.29-01.09.01:645][  0]LogTaskGraph: Started task graph with 5 named threads and 14 total threads with 3 sets of task threads.
10-28 20:09:01.645 30689 30744 D UE4     : [2018.10.29-01.09.01:645][  0]LogStats: Stats thread started at 0.851715
10-28 20:09:01.645 30689 30744 D UE4     : [2018.10.29-01.09.01:645][  0]LogAndroid: Case APP_CMD_GAINED_FOCUS
10-28 20:09:01.645 30689 30744 D UE4     : [2018.10.29-01.09.01:645][  0]LogICUInternationalization: Display: ICU TimeZone Detection - Raw Offset: -6:00, Platform Override: ''
10-28 20:09:01.645 30689 30744 D UE4     : [2018.10.29-01.09.01:645][  0]LogAndroid: Case APP_CMD_LOST_FOCUS
10-28 20:09:01.646 30689 30744 D UE4     : [2018.10.29-01.09.01:646][  0]LogAndroid: Case APP_CMD_GAINED_FOCUS
10-28 20:09:01.646 30689 30744 D UE4     : [2018.10.29-01.09.01:646][  0]LogAndroid: Case APP_CMD_RESUME
10-28 20:09:01.646 30689 30744 D UE4     : [2018.10.29-01.09.01:646][  0]LogPluginManager: Mounting plugin Paper2D
10-28 20:09:01.646 30689 30744 D UE4     : [2018.10.29-01.09.01:646][  0]LogPluginManager: Mounting plugin AISupport
10-28 20:09:01.646 30689 30744 D UE4     : [2018.10.29-01.09.01:646][  0]LogPluginManager: Mounting plugin LightPropagationVolume
10-28 20:09:01.646 30689 30744 D UE4     : [2018.10.29-01.09.01:646][  0]LogPluginManager: Mounting plugin AssetManagerEditor
10-28 20:09:01.646 30689 30744 D UE4     : [2018.10.29-01.09.01:646][  0]LogPluginManager: Mounting plugin CryptoKeys
10-28 20:09:01.647 30689 30744 D UE4     : [2018.10.29-01.09.01:646][  0]LogPluginManager: Mounting plugin FacialAnimation
10-28 20:09:01.647 30689 30744 D UE4     : [2018.10.29-01.09.01:647][  0]LogPluginManager: Mounting plugin MeshEditor
10-28 20:09:01.647 30689 30744 D UE4     : [2018.10.29-01.09.01:647][  0]LogPluginManager: Mounting plugin DatasmithContent
10-28 20:09:01.647 30689 30744 D UE4     : [2018.10.29-01.09.01:647][  0]LogPluginManager: Mounting plugin AlembicImporter
10-28 20:09:01.647 30689 30744 D UE4     : [2018.10.29-01.09.01:647][  0]LogPluginManager: Mounting plugin AppleImageUtils
10-28 20:09:01.647 30689 30744 D UE4     : [2018.10.29-01.09.01:647][  0]LogPluginManager: Mounting plugin AppleVision
10-28 20:09:01.647 30689 30744 D UE4     : [2018.10.29-01.09.01:647][  0]LogPluginManager: Mounting plugin BackChannel
10-28 20:09:01.648 30689 30744 D UE4     : [2018.10.29-01.09.01:648][  0]LogPluginManager: Mounting plugin CharacterAI
10-28 20:09:01.648 30689 30744 D UE4     : [2018.10.29-01.09.01:648][  0]LogPluginManager: Mounting plugin GeometryCache
10-28 20:09:01.648 30689 30744 D UE4     : [2018.10.29-01.09.01:648][  0]LogPluginManager: Mounting plugin AndroidMedia
10-28 20:09:01.648 30689 30744 D UE4     : [2018.10.29-01.09.01:648][  0]LogPluginManager: Mounting plugin ImgMedia
10-28 20:09:01.648 30689 30744 D UE4     : [2018.10.29-01.09.01:648][  0]LogPluginManager: Mounting plugin LinearTimecode
10-28 20:09:01.648 30689 30744 D UE4     : [2018.10.29-01.09.01:648][  0]LogPluginManager: Mounting plugin MediaCompositing
10-28 20:09:01.648 30689 30744 D UE4     : [2018.10.29-01.09.01:648][  0]LogPluginManager: Mounting plugin TcpMessaging
10-28 20:09:01.648 30689 30744 D UE4     : [2018.10.29-01.09.01:648][  0]LogPluginManager: Mounting plugin UdpMessaging
10-28 20:09:01.649 30689 30744 D UE4     : [2018.10.29-01.09.01:649][  0]LogPluginManager: Mounting plugin ActorSequence
10-28 20:09:01.649 30689 30744 D UE4     : [2018.10.29-01.09.01:649][  0]LogPluginManager: Mounting plugin NetcodeUnitTest
10-28 20:09:01.649 30689 30744 D UE4     : [2018.10.29-01.09.01:649][  0]LogPluginManager: Mounting plugin NUTUnrealEngine4
10-28 20:09:01.649 30689 30744 D UE4     : [2018.10.29-01.09.01:649][  0]LogPluginManager: Mounting plugin OnlineSubsystemGooglePlay
10-28 20:09:01.649 30689 30744 D UE4     : [2018.10.29-01.09.01:649][  0]LogPluginManager: Mounting plugin OnlineSubsystem
10-28 20:09:01.649 30689 30744 D UE4     : [2018.10.29-01.09.01:649][  0]LogPluginManager: Mounting plugin OnlineSubsystemNull
10-28 20:09:01.650 30689 30744 D UE4     : [2018.10.29-01.09.01:650][  0]LogPluginManager: Mounting plugin OnlineSubsystemUtils
10-28 20:09:01.650 30689 30744 D UE4     : [2018.10.29-01.09.01:650][  0]LogPluginManager: Mounting plugin AndroidDeviceProfileSelector
10-28 20:09:01.650 30689 30744 D UE4     : [2018.10.29-01.09.01:650][  0]LogPluginManager: Mounting plugin AndroidMoviePlayer
10-28 20:09:01.650 30689 30744 D UE4     : [2018.10.29-01.09.01:650][  0]LogPluginManager: Mounting plugin AndroidPermission
10-28 20:09:01.650 30689 30744 D UE4     : [2018.10.29-01.09.01:650][  0]LogPluginManager: Mounting plugin ArchVisCharacter
10-28 20:09:01.650 30689 30744 D UE4     : [2018.10.29-01.09.01:650][  0]LogPluginManager: Mounting plugin CableComponent
10-28 20:09:01.650 30689 30744 D UE4     : [2018.10.29-01.09.01:650][  0]LogPluginManager: Mounting plugin CustomMeshComponent
10-28 20:09:01.651 30689 30744 D UE4     : [2018.10.29-01.09.01:651][  0]LogPluginManager: Mounting plugin EditableMesh
10-28 20:09:01.651 30689 30744 D UE4     : [2018.10.29-01.09.01:651][  0]LogPluginManager: Mounting plugin ExampleDeviceProfileSelector
10-28 20:09:01.651 30689 30744 D UE4     : [2018.10.29-01.09.01:651][  0]LogPluginManager: Mounting plugin GoogleCloudMessaging
10-28 20:09:01.651 30689 30744 D UE4     : [2018.10.29-01.09.01:651][  0]LogPluginManager: Mounting plugin ImmediatePhysics
10-28 20:09:01.651 30689 30744 D UE4     : [2018.10.29-01.09.01:651][  0]LogPluginManager: Mounting plugin LocationServicesBPLibrary
10-28 20:09:01.651 30689 30744 D UE4     : [2018.10.29-01.09.01:651][  0]LogPluginManager: Mounting plugin MobilePatchingUtils
10-28 20:09:01.651 30689 30744 D UE4     : [2018.10.29-01.09.01:651][  0]LogPluginManager: Mounting plugin OculusVR
10-28 20:09:01.652 30689 30744 D UE4     : [2018.10.29-01.09.01:652][  0]LogPluginManager: Mounting plugin PhysXVehicles
10-28 20:09:01.652 30689 30744 D UE4     : [2018.10.29-01.09.01:652][  0]LogPluginManager: Mounting plugin ProceduralMeshComponent
10-28 20:09:01.652 30689 30744 D UE4     : [2018.10.29-01.09.01:652][  0]LogPluginManager: Mounting plugin RuntimePhysXCooking
10-28 20:09:01.652 30689 30744 D UE4     : [2018.10.29-01.09.01:652][  0]LogPluginManager: Mounting plugin SteamVR
10-28 20:09:01.652 30689 30744 D UE4     : [2018.10.29-01.09.01:652][  0]LogStreaming: Display: Took  0.117s to configure plugins.
10-28 20:09:01.652 30689 30744 D UE4     : [2018.10.29-01.09.01:652][  0]LogInit: Using libcurl 7.46.0
10-28 20:09:01.653 30689 30744 D UE4     : [2018.10.29-01.09.01:653][  0]LogInit:  - built for arm-unknown-linux-androideabi
10-28 20:09:01.653 30689 30744 D UE4     : [2018.10.29-01.09.01:653][  0]LogInit:  - supports SSL with OpenSSL/1.0.1s
10-28 20:09:01.653 30689 30744 D UE4     : [2018.10.29-01.09.01:653][  0]LogInit:  - supports HTTP deflate (compression) using libz 1.2.8
10-28 20:09:01.653 30689 30744 D UE4     : [2018.10.29-01.09.01:653][  0]LogInit:  - other features:
10-28 20:09:01.653 30689 30744 D UE4     : [2018.10.29-01.09.01:653][  0]LogInit:      CURL_VERSION_SSL
10-28 20:09:01.654 30689 30744 D UE4     : [2018.10.29-01.09.01:654][  0]LogInit:      CURL_VERSION_LIBZ
10-28 20:09:01.654 30689 30744 D UE4     : [2018.10.29-01.09.01:654][  0]LogInit:      CURL_VERSION_IPV6
10-28 20:09:01.654 30689 30744 D UE4     : [2018.10.29-01.09.01:654][  0]LogInit:      CURL_VERSION_ASYNCHDNS
10-28 20:09:01.654 30689 30744 D UE4     : [2018.10.29-01.09.01:654][  0]LogInit:      CURL_VERSION_TLSAUTH_SRP
