10-24 23:13:38.103  4296  4296 D Notification.Badge: [filtered] shouldBeFilteredOut().mTempRanking.canShowBadge[false], [sbn : StatusBarNotification(pkg=com.android.systemui user=UserHandle{-1} id=2131362726 tag=full_battery key=-1|com.android.systemui|2131362726|full_battery|10063: Notification(channel=FBT pri=-2 contentView=null vibrate=null sound=null tick defaults=0x0 flags=0xa color=0xff17c433 category=sys number=0 vis=PUBLIC semFlags=0x0 semPriority=0 semMissedCount=0))]
10-24 23:13:38.104  4296  4296 D Notification.Badge: [filtered] shouldBeFilteredOut().mTempRanking.canShowBadge[false], [sbn : StatusBarNotification(pkg=android user=UserHandle{-1} id=27 tag=null key=-1|android|27|null|1000: Notification(channel=USB pri=0 contentView=null vibrate=null sound=null tick defaults=0x0 flags=0x2 color=0xff607d8b number=0 vis=PUBLIC semFlags=0x0 semPriority=0 semMissedCount=0))]
10-24 23:13:38.104  4296  4359 D Notification.Badge: LauncherModel:onNotificationFullRefresh() : [3], IconType : [0]
10-24 23:13:38.104  4296  4359 D Notification.Badge: notificationKey : 0|com.samsung.android.messaging|123|com.samsung.android.messaging:msg:1172|10233, count : 1, this.count : 1
10-24 23:13:38.104  4296  4359 D Notification.Badge: notificationKey : 0|com.samsung.android.messaging|123|com.samsung.android.messaging:msg:1172|10233, count : 1, mTotalCount : 1
10-24 23:13:38.105  4296  4359 D Notification.Badge: notificationKey : 0|android|40|null|1000, count : 0, this.count : 1
10-24 23:13:38.105  4296  4359 D Notification.Badge: notificationKey : 0|android|40|null|1000, count : 1, mTotalCount : 1
10-24 23:13:38.105  4296  4359 D Notification.Badge: notificationKey : 0|com.google.android.apps.freighter|1|null|10426, count : 0, this.count : 1
10-24 23:13:38.105  4296  4359 D Notification.Badge: notificationKey : 0|com.google.android.apps.freighter|1|null|10426, count : 1, mTotalCount : 1
10-24 23:13:38.105  4296  4359 D Notification.Badge: LauncherModel:onNotificationFullRefresh() not need to update, updatedBadges.remove[com.google.android.apps.freighter], count : [1]
10-24 23:13:38.105  4296  4359 D Notification.Badge: LauncherModel:onNotificationFullRefresh() not need to update, updatedBadges.remove[com.samsung.android.messaging], count : [1]
10-24 23:13:38.105  4296  4359 D Notification.Badge: LauncherModel:onNotificationFullRefresh() not need to update, updatedBadges.remove[android], count : [1]
10-24 23:13:38.105  2781  2958 D OpenGLRenderer: eglDestroySurface = 0x74802bf5b0
10-24 23:13:38.106  1417  5405 V WindowManager: Relayout Window{61c4983 u0 com.android.systemui/com.android.systemui.recents.RecentsActivity}: viewVisibility=4 req=1080x1920 WM.LayoutParams{(0,0)(fillxfill) sim=#20 ty=1 fl=#89910500 pfl=0x24040 fmt=-3 vsysui=0x700 needsMenuKey=2 colorMode=0 naviIconColor=0}
10-24 23:13:38.108  1417  2418 D ActivityManager: post active user change for 0 fullscreen true isHomeActivity() true
10-24 23:13:38.108  1417  2418 I WallpaperManagerService: switchPersonaWallpaper is called for personaId-0
10-24 23:13:38.108  1417  1417 D WallpaperManagerService:  force update = false; persona id = 0; current user =0; current persona = 0
10-24 23:13:38.112  1042  1458 V APM_AudioPolicyManager: getAudioPolicyConfig: audioParam;outDevice
10-24 23:13:38.113  1042  1458 V APM_AudioPolicyManager: getNewOutputDevice() selected device 0
10-24 23:13:38.113  4296  4296 I Launcher: onWindowVisibilityChanged : true
10-24 23:13:38.113  2781  2781 D ViewRootImpl@a630088[RecentsActivity]: Relayout returned: old=[0,0][1080,1920] new=[0,0][1080,1920] result=0x5 surface={valid=false 0} changed=true
10-24 23:13:38.113  1042  1458 V APM_AudioPolicyManager: ### curdevice : 2
10-24 23:13:38.113  1042  1458 V APM_AudioPolicyManager: getAudioPolicyConfig: audioParam;outDevice
10-24 23:13:38.114  1042  1458 V APM_AudioPolicyManager: getNewOutputDevice() selected device 0
10-24 23:13:38.114  1042  1458 V APM_AudioPolicyManager: ### curdevice : 2
10-24 23:13:38.114  1042  1458 V APM_AudioPolicyManager: getAudioPolicyConfig: audioParam;outDevice
10-24 23:13:38.114  1042  1458 V APM_AudioPolicyManager: getNewOutputDevice() selected device 0
10-24 23:13:38.114  1042  1458 V APM_AudioPolicyManager: ### curdevice : 2
10-24 23:13:38.116  1417  5405 V WindowManager: Relayout Window{a844b67 u0 com.sec.android.app.launcher/com.sec.android.app.launcher.activities.LauncherActivity}: viewVisibility=0 req=1080x1920 WM.LayoutParams{(0,0)(fillxfill) sim=#130 ty=1 fl=#81910d00 pfl=0x20000 fmt=-2 wanim=0x10302ea vsysui=0x2700 needsMenuKey=2 colorMode=0 dimDuration=322 naviIconColor=0}
10-24 23:13:38.117   772   772 I SurfaceFlinger: id=3453 createSurf (1080x1920),1 flag=4, com.sec.android.app.launcher/com.sec.android.app.launcher.activities.LauncherActivity#0
10-24 23:13:38.119  1417  5405 V Surface : sf_framedrop debug : 0x4f4c, game : false, logging : 0
10-24 23:13:38.120  1417  1845 D WindowManager: set systemUiVisibility : systemUiFlags= 0x2708 fullscreenStackSysUiFlags= 0x0
10-24 23:13:38.123  1042  1458 V APM_AudioPolicyManager: getAudioPolicyConfig: audioParam;activeStream
10-24 23:13:38.123  1042  1458 V APM_AudioPolicyManager: ### active stream : 8
10-24 23:13:38.123  1417  7866 D AudioService: active stream is 0x8
10-24 23:13:38.126  1417  5405 D InputDispatcher: Focus entered window: 4296
10-24 23:13:38.128  4296  4296 V Surface : sf_framedrop debug : 0x4f4c, game : false, logging : 0
10-24 23:13:38.128  1417  5407 D WindowManager: adjustSystemUiVisibilityLw : vis= 0x2708
10-24 23:13:38.129  4296  4296 D ViewRootImpl@625a3ec[LauncherActivity]: Relayout returned: old=[0,0][1080,1920] new=[0,0][1080,1920] result=0x7 surface={valid=true 500343304192} changed=true
10-24 23:13:38.135  1042  1458 V APM_AudioPolicyManager: getAudioPolicyConfig: audioParam;activeStream
10-24 23:13:38.135  1042  1458 V APM_AudioPolicyManager: ### active stream : 8
10-24 23:13:38.136  1417  7866 D AudioService: active stream is 0x8
10-24 23:13:38.136  1417  7866 D AudioService: GetAppDevice, uid=1000
10-24 23:13:38.137  1417  7866 D AudioService: getStreamVolume 3 index 100
10-24 23:13:38.139  1417  7866 D GameManagerService: identifyGamePackage. com.sec.android.app.launcher
10-24 23:13:38.139  1417  7866 D GamePkgDataHelper: getGamePkgData(). com.sec.android.app.launcher
10-24 23:13:38.142  4296  4677 D OpenGLRenderer: eglCreateWindowSurface = 0x747f6f9c70
10-24 23:13:38.144  4296  4296 D AppsAdapter: notifyUpdate start : com.android.launcher3.Launcher@2f7db54
10-24 23:13:38.144  4296  4296 D AppsCustomAdapter: no change items
10-24 23:13:38.144  4296  4296 D AppsAdapter: notifyUpdate end : com.android.launcher3.Launcher@2f7db54
10-24 23:13:38.144  4296  4296 D ViewRootImpl@625a3ec[LauncherActivity]: MSG_RESIZED_REPORT: frame=Rect(0, 0 - 1080, 1920) ci=Rect(0, 0 - 0, 0) vi=Rect(0, 0 - 0, 0) or=1
10-24 23:13:38.144  4296  4296 D ViewRootImpl@625a3ec[LauncherActivity]: MSG_WINDOW_FOCUS_CHANGED 1
10-24 23:13:38.150  1417  7866 D GameManagerService: identifyGamePackage. com.sec.android.app.launcher
10-24 23:13:38.150  1417  7866 D GamePkgDataHelper: getGamePkgData(). com.sec.android.app.launcher
10-24 23:13:38.154  4296  4296 V InputMethodManager: Starting input: tba=android.view.inputmethod.EditorInfo@a5f0e43 nm : com.sec.android.app.launcher ic=null
10-24 23:13:38.154  4296  4296 I InputMethodManager: startInputInner - mService.startInputOrWindowGainedFocus
10-24 23:13:38.154  1417  5407 D InputMethodManagerService: startInputOrWindowGainedFocus : windowGainedFocus 
10-24 23:13:38.154  1417  5407 D InputMethodManagerService: windowGainedFocus: destinationUserId (getCallingUid) = 0
10-24 23:13:38.154  1417  5407 D InputMethodManagerService: windowGainedFocus: currentUserId=0
10-24 23:13:38.154  1417  5407 D InputMethodManagerService: windowGainedFocus: mCurrentFocusedUserId=0
10-24 23:13:38.154  1417  5407 D InputMethodManagerService: windowGainedFocus : lock - currentUserId = 0 destinationUserId = 0
10-24 23:13:38.154  1417  5407 D InputMethodManagerService: windowGainedFocus : mCurrentFocusedUserId - 0 and mSecureKeypadEnabled - false, userSwitched - false
10-24 23:13:38.154  1417  5407 V InputMethodManagerService: windowGainedFocus : reason=WINDOW_FOCUS_GAIN client=android.os.BinderProxy@9da8a7c inputContext=null missingMethods= attribute=android.view.inputmethod.EditorInfo@f156cab nm = com.sec.android.app.launcher controlFlags=#104 softInputMode=#130 windowFlags=#81910d00
10-24 23:13:38.154  1417  5407 V InputMethodManagerService: hideCurrentInputLocked : shouldHideSoftInput is false
10-24 23:13:38.155  1417  5407 D InputMethodManagerService: isImeSwitcherDisabledPackage : false
10-24 23:13:38.155  1417  5407 D InputMethodManagerService: setCurrentInputInfo - inputContext : null eidtorInfo : android.view.inputmethod.EditorInfo@f156cab missingMethods : 0
10-24 23:13:38.156  1417  5407 V WindowManager: Relayout Window{a844b67 u0 com.sec.android.app.launcher/com.sec.android.app.launcher.activities.LauncherActivity}: viewVisibility=0 req=1080x1920 WM.LayoutParams{(0,0)(fillxfill) sim=#130 ty=1 fl=#81910d00 pfl=0x20000 fmt=-2 wanim=0x10302ea vsysui=0x2700 needsMenuKey=2 colorMode=0 dimDuration=322 naviIconColor=0}
10-24 23:13:38.161  4296  4296 D ViewRootImpl@625a3ec[LauncherActivity]: Relayout returned: old=[0,0][1080,1920] new=[0,0][1080,1920] result=0x3 surface={valid=true 500343304192} changed=false
10-24 23:13:38.161  2749  2749 E adbd    : recv: OPEN 00001f4c 00000000 000c:73 68 65 6C 6C 2C 76 32 3A 70 73 00 
10-24 23:13:38.161  2749  2749 E adbd    : service_to_fd: shell,v2:ps
10-24 23:13:38.162  4296  4677 D OpenGLRenderer: eglDestroySurface = 0x747f6f9c70
10-24 23:13:38.164  4296  4677 D OpenGLRenderer: eglCreateWindowSurface = 0x747f6f9c70
10-24 23:13:38.164  4296  4296 D DragLayer: DragLayer dispatchDraw, mIsNaviBarPositionChanged = false, mWillOrientationChange = false
10-24 23:13:38.175 10374 10374 E propClient: PropClient failed to load
10-24 23:13:38.191  1417  5407 V WindowManager: finishDrawingLocked: mDrawState=COMMIT_DRAW_PENDING Window{a844b67 u0 com.sec.android.app.launcher/com.sec.android.app.launcher.activities.LauncherActivity} in Surface(name=com.sec.android.app.launcher/com.sec.android.app.launcher.activities.LauncherActivity)
10-24 23:13:38.192 10374 10374 E propClient: PropClient failed to load
10-24 23:13:38.204  1042  1453 V APM_AudioPolicyManager: releaseOutput() 29
10-24 23:13:38.207  1417  4162 I WindowManager: WIN DEATH: Window{42365 u0 com.YourCompany.GiftGame/com.epicgames.ue4.GameActivity}
10-24 23:13:38.207  1417  4162 I WindowManager: Destroying surface Surface(name=com.YourCompany.GiftGame/com.epicgames.ue4.GameActivity) called by com.android.server.wm.WindowStateAnimator.destroySurface:2501 com.android.server.wm.WindowStateAnimator.destroySurfaceLocked:985 com.android.server.wm.WindowState.removeImmediately:2403 com.android.server.wm.WindowState.removeIfPossible:2611 com.android.server.wm.WindowState.-wrap1:0 com.android.server.wm.WindowState$DeathRecipient.binderDied:3150 android.os.BinderProxy.sendDeathNotice:841 <bottom of call stack> 
10-24 23:13:38.207   772   996 I SurfaceFlinger: id=3444 Removed com.YourCompany.GiftGame/com.epicgames.ue4.GameActivity#1 (2/5)
10-24 23:13:38.211   772   996 I SurfaceFlinger: id=3444 Removed com.YourCompany.GiftGame/com.epicgames.ue4.GameActivity#1 (-2/5)
10-24 23:13:38.213   772   772 I SurfaceFlinger: removeLayer is called from message
10-24 23:13:38.213   772   772 I SurfaceFlinger: id=3444 Removed com.YourCompany.GiftGame/com.epicgames.ue4.GameActivity#1 (-2/5)
10-24 23:13:38.215  3089  3137 D ForegroundUtils: could not check pending caller
10-24 23:13:38.217   772   772 I Layer   : id=3444 onRemoved com.YourCompany.GiftGame/com.epicgames.ue4.GameActivity#1 
10-24 23:13:38.217   772   772 I Layer   : id=3446 onRemoved Background for - SurfaceView - com.YourCompany.GiftGame/com.epicgames.ue4.GameActivity@2b5d69b@0#0 
10-24 23:13:38.217   772   772 I Layer   : id=3445 onRemoved SurfaceView - com.YourCompany.GiftGame/com.epicgames.ue4.GameActivity@2b5d69b@0#0 
10-24 23:13:38.235  1417  2497 D MdnieScenarioControlService:  packageName : com.sec.android.app.launcher    className : com.sec.android.app.launcher.activities.LauncherActivity
10-24 23:13:38.235  1417  1887 W ActivityManager: setHasOverlayUi called on unknown pid: 10196
10-24 23:13:38.235  1417  2497 V MdnieScenarioControlService: setUIMode from UI function(3)
10-24 23:13:38.237  1417  1845 D WindowManager: set systemUiVisibility : systemUiFlags= 0x2708 fullscreenStackSysUiFlags= 0x2000
10-24 23:13:38.237  2781 17919 I zygote64: Explicit concurrent copying GC freed 109600(4MB) AllocSpace objects, 3(252KB) LOS objects, 49% free, 9MB/19MB, paused 354us total 146.218ms
10-24 23:13:38.254   772   772 I SurfaceFlinger: Display 0 HWC layers:
10-24 23:13:38.254   772   772 I SurfaceFlinger:     type    |    handle    | flag |  format   |   source crop (l,t,r,b)    |         frame       | name 
10-24 23:13:38.254   772   772 I SurfaceFlinger: ------------+--------------+------+-----------+----------------------------+---------------------+------
10-24 23:13:38.254   772   772 I SurfaceFlinger:      Device | 0x7dd4036a00 | 0002 | RGBx_8888 |   0.0    0.0 1080.0 1920.0 |    0    0 1080 1920 | com.android.systemui.ImageWallpaper#0
10-24 23:13:38.254   772   772 I SurfaceFlinger:      Device | 0x7dd4270780 | 0000 | RGBA_8888 |  18.0   32.0 1062.0 1887.0 |    0    0 1080 1920 | com.sec.android.app.launcher/com.sec[...]uncher.activities.LauncherActivity#0
10-24 23:13:38.254   772   772 I SurfaceFlinger:      Device | 0x7dd4376180 | 0000 | RGBA_8888 |   0.0    0.0 1080.0 1920.0 |    0    0 1080 1920 | com.android.systemui/com.android.systemui.recents.RecentsActivity#0
10-24 23:13:38.254   772   772 I SurfaceFlinger: 
10-24 23:13:38.270   772   772 I SurfaceFlinger: Display 0 HWC layers:
10-24 23:13:38.270   772   772 I SurfaceFlinger:     type    |    handle    | flag |  format   |   source crop (l,t,r,b)    |         frame       | name 
10-24 23:13:38.270   772   772 I SurfaceFlinger: ------------+--------------+------+-----------+----------------------------+---------------------+------
10-24 23:13:38.270   772   772 I SurfaceFlinger:      Device | 0x7dd4036a00 | 0002 | RGBx_8888 |   0.0    0.0 1080.0 1920.0 |    0    0 1080 1920 | com.android.systemui.ImageWallpaper#0
10-24 23:13:38.270   772   772 I SurfaceFlinger:      Device | 0x7dd4270780 | 0000 | RGBA_8888 |  11.0   19.0 1070.0 1902.0 |    0    0 1080 1920 | com.sec.android.app.launcher/com.sec[...]uncher.activities.LauncherActivity#0
10-24 23:13:38.270   772   772 I SurfaceFlinger:      Device | 0x7dd4376180 | 0000 | RGBA_8888 |   0.0    0.0 1080.0 1920.0 |    0    0 1080 1920 | com.android.systemui/com.android.systemui.recents.RecentsActivity#0
10-24 23:13:38.270   772   772 I SurfaceFlinger:      Device | 0x7dd4270380 | 0000 | RGBA_8888 |   0.0   58.0 1080.0   72.0 |    0    0 1080   14 | StatusBar#0
10-24 23:13:38.270   772   772 I SurfaceFlinger: 
10-24 23:13:38.277  1042  2087 I SoundAlive_Interface: [ -462403840 ][ 48000 ]FlushBuffers()
10-24 23:13:38.277  1042  2087 I SoundAlive_Core: [ -462403840 ][ 48000 ](interface-API)FlushBuffers()
10-24 23:13:38.278  1042  2087 D SoundAlive_Core: [ -462403840 ][ 48000 ](internal-API)ReOpen( ConfigMode : 1 )
10-24 23:13:38.278  1042  2087 I SoundAlive_Effect: [ -462403840 ][ 48000 ]Init() nch : 2  bitdepth : 0 
10-24 23:13:38.278  1042  2087 I SoundAlive_Effect: [ -462403840 ][ 48000 ]SamplingRateConfig() SamplingRate : 48000
10-24 23:13:38.278  1042  2087 I SoundAlive_Effect: [ -462403840 ][ 48000 ]OutDevConfig() OutDevConfig : 1
10-24 23:13:38.278  1042  2087 D SoundAlive_Core: [ -462403840 ][ 48000 ](internal-API)Set_Current_Effect_Configuration( ConfigMode : 1 )
10-24 23:13:38.278  1042  2087 I SoundAlive_Effect: [ -462403840 ][ 48000 ]Set_Preset() : 0
10-24 23:13:38.278  1042  2087 I SoundAlive_Effect: [ -462403840 ][ 48000 ]Set_User_BWE() 0
10-24 23:13:38.278  1042  2087 I SoundAlive_Effect: [ -462403840 ][ 48000 ]Set_User_CH() : 0
10-24 23:13:38.278  1042  2087 I SoundAlive_Effect: [ -462403840 ][ 48000 ]Set_SquareUI() : 4 , 4
10-24 23:13:38.278  1042  2087 I SoundAlive_Effect: [ -462403840 ][ 48000 ]Set_User_3D() : 0
10-24 23:13:38.278  1042  2087 I SoundAlive_Effect: [ -462403840 ][ 48000 ]Set_User_BE() : 0
10-24 23:13:38.290  1042  1453 V APM_AudioPolicyManager: stopOutput() output 29, stream 3, session 12161
10-24 23:13:38.290  1042  1453 V APM_AudioPolicyManager: setBeaconMute(1) mBeaconMuteRefCount=0 mBeaconPlayingRefCount=0
10-24 23:13:38.290  1042  1453 V APM_AudioPolicyManager: getNewOutputDevice() selected device 0
10-24 23:13:38.291  1042  1453 V APM_AudioPolicyManager: setOutputDevice() device 0000 delayMs 96
10-24 23:13:38.291  1042  1453 V APM_AudioPolicyManager: setOutputDevice() prevDevice 0x0002
10-24 23:13:38.291  1042  1453 V APM_AudioPolicyManager: setOutputDevice() setting same device 0x0000 or null device
10-24 23:13:38.291  1042  1453 V APM_AudioPolicyManager: selectOutputForMusicEffects selected output 13
10-24 23:13:38.291  1042  1453 V APM_AudioPolicyManager: releaseOutput() 29
10-24 23:13:38.370  1417  2412 I WindowManager: Destroying surface Surface(name=com.android.systemui/com.android.systemui.recents.RecentsActivity) called by com.android.server.wm.WindowStateAnimator.destroySurface:2501 com.android.server.wm.WindowStateAnimator.destroySurfaceLocked:985 com.android.server.wm.WindowState.destroyOrSaveSurfaceUnchecked:3679 com.android.server.wm.WindowState.destroySurface:3627 com.android.server.wm.AppWindowToken.destroySurfaces:722 com.android.server.wm.AppWindowToken.destroySurfaces:706 com.android.server.wm.WindowState.onExitAnimationDone:5326 com.android.server.wm.AppWindowAnimator.stepAnimationLocked:508 
10-24 23:13:38.370   772  3147 I SurfaceFlinger: id=3448 Removed com.android.systemui/com.android.systemui.recents.RecentsActivity#0 (3/4)
10-24 23:13:38.371   772   772 I SurfaceFlinger: Display 0 HWC layers:
10-24 23:13:38.371   772   772 I SurfaceFlinger:     type    |    handle    | flag |  format   |   source crop (l,t,r,b)    |         frame       | name 
10-24 23:13:38.371   772   772 I SurfaceFlinger: ------------+--------------+------+-----------+----------------------------+---------------------+------
10-24 23:13:38.371   772   772 I SurfaceFlinger:      Device | 0x7dd4036a00 | 0002 | RGBx_8888 |   0.0    0.0 1080.0 1920.0 |    0    0 1080 1920 | com.android.systemui.ImageWallpaper#0
10-24 23:13:38.371   772   772 I SurfaceFlinger:      Device | 0x7dd4270780 | 0000 | RGBA_8888 |   0.0    0.0 1080.0 1920.0 |    0    0 1080 1920 | com.sec.android.app.launcher/com.sec[...]uncher.activities.LauncherActivity#0
10-24 23:13:38.371   772   772 I SurfaceFlinger:      Device | 0x7dd4270380 | 0000 | RGBA_8888 |   0.0   11.0 1080.0   72.0 |    0    0 1080   61 | StatusBar#0
10-24 23:13:38.371   772   772 I SurfaceFlinger: 
10-24 23:13:38.377   772  3176 I SurfaceFlinger: id=3448 Removed com.android.systemui/com.android.systemui.recents.RecentsActivity#0 (-2/4)
10-24 23:13:38.384   772   772 I Layer   : id=3448 onRemoved com.android.systemui/com.android.systemui.recents.RecentsActivity#0 
10-24 23:13:38.555  1417  1417 D CustomFrequencyManagerService: releaseDVFSLockLocked : Getting Lock type frm List : DVFS_MIN_LIMIT  frequency : 2150400  uid : 1000  pid : 1417  tag : AMS_APP_HOME@CPU_MIN@19
10-24 23:13:38.673  4296  4677 W OpenGLRenderer: Incorrectly called buildLayer on View: WorkspaceCellLayoutChildren, destroying layer...
10-24 23:13:38.674  4296  4677 W OpenGLRenderer: Incorrectly called buildLayer on View: WorkspaceCellLayoutChildren, destroying layer...
10-24 23:13:38.765  1417  1417 D PreBindingService: handleMessage : 1
10-24 23:13:38.801  1417  1417 D CustomFrequencyManagerService: releaseDVFSLockLocked : Getting Lock type frm List : DVFS_MIN_LIMIT  frequency : 2150400  uid : 1000  pid : 1417  tag : PWM_ROTATION@CPU_MIN@78
10-24 23:13:38.914  3651  3651 D io_stats: !@   8,0 r 2503437 97561636 w 1121748 19195104 d 79731 6526756 f 496617 496986 iot 2005210 1208435 th 51200 0 0 pt 0 inp 0 0 85889.878
10-24 23:13:39.015  2750  2750 W InputConnectionWrapper.ICC: Timed out waiting on IInputContextCallback
10-24 23:13:39.016  2750  2750 E SKBD    : [IIManager] IIfo InputConnection is slow! type : 4 tookTime : 2002
10-24 23:13:39.016  2750  2750 I SKBD    : ajd [PF_KL][SIIC] getTextBeforeCursor[127] done 2002
10-24 23:13:39.018  2750  2750 I SKBD    : ajd [PF_KL][SIIC] getTextAfterCursor[127] done  2
10-24 23:13:39.019  2750  2750 I SKBDC   : TymeCore cASl
10-24 23:13:39.019  2750  2750 I SKBDC   : ?? 50
10-24 23:13:39.020  2750  2750 I SKBDC   : TymeCore cASl
10-24 23:13:39.020  2750  2750 I SKBDC   : ?? 50
10-24 23:13:39.020  2750  2750 I SKBDC   : TymeCore sCL 0
10-24 23:13:39.020  2750  2750 I SKBDC   : TymeCore sSf
10-24 23:13:39.021  2750  2750 I SKBDC   : TymeCore sCL 0
10-24 23:13:39.021  2750  2750 I SKBDC   : TymeCore sSf
10-24 23:13:39.022  2750  2750 I SKBD    : awo checkCocktailBar() first use took : 0
10-24 23:13:39.028  2750  2750 I InputMethodWrapper:  call dispatchStartInputWithToken
10-24 23:13:39.028  2750  2750 I InputMethodService: dispatchStartInputWithToken
10-24 23:13:39.030  2750  2750 I SKBD    : SamsungKeypad [IMI] onStartInput - caller pid : 2781, caller uid : 10063
10-24 23:13:39.033  2750  2750 I InputMethodWrapper:  call dispatchStartInputWithToken
10-24 23:13:39.033  2750  2750 I InputMethodService: dispatchStartInputWithToken
10-24 23:13:39.036  2750  2750 I SKBD    : SamsungKeypad [IMI] onStartInput - caller pid : 4296, caller uid : 10066
10-24 23:13:39.037  2750  2750 D InputEventReceiver: channel 'ClientState{21c7e63 uid 10512 pid 10196} (client)' ~ Disposing input event receiver.
10-24 23:13:39.037  2750  2750 D InputEventReceiver: channel 'ClientState{21c7e63 uid 10512 pid 10196} (client)' ~NativeInputEventReceiver.
10-24 23:13:39.328   723   723 D SEC LightsHAL: button : 0 +
10-24 23:13:39.356   723   723 D SEC LightsHAL: button : 0 -
10-24 23:13:39.471  2749  2749 E adbd    : recv: OPEN 00001f4e 00000000 004d:73 68 65 6C 6C 3A 65 78 70 6F 72 74 20 41 4E 44 52 4F 49 44 5F 4C 4F 47 5F 54 41 47 53 3D 22 27 27 22 3B 20 65 78 65 63 20 6C 6F 67 63 61 74 20 27 2D 64 27 20 27 2D 73 27 20 27 55 45 34 27 20 27 2D 73 27 20 27 44 65 62 75 67 27 00 
10-24 23:13:39.472  2749  2749 E adbd    : service_to_fd: shell:export ANDROID_LOG_TAGS="''"; exec logcat '-d' '-s' 'UE4' '-s' 'Debug'
10-24 23:13:39.486 10378 10378 E propClient: PropClient failed to load
10-24 23:13:39.498 10378 10378 E propClient: PropClient failed to load
10-24 23:13:39.723  2749  2749 E adbd    : recv: OPEN 00001f50 00000000 0035:73 68 65 6C 6C 3A 65 78 70 6F 72 74 20 41 4E 44 52 4F 49 44 5F 4C 4F 47 5F 54 41 47 53 3D 22 27 27 22 3B 20 65 78 65 63 20 6C 6F 67 63 61 74 20 27 2D 64 27 00 
10-24 23:13:39.724  2749  2749 E adbd    : service_to_fd: shell:export ANDROID_LOG_TAGS="''"; exec logcat '-d'
10-24 23:13:39.735 10381 10381 E propClient: PropClient failed to load
10-24 23:13:39.744  1417  2448 D SamsungAlarmManager: Expired : 8
10-24 23:13:39.746  1417  2448 V SamsungAlarmManager: Sending to uid : 10068 action=null alarm=Alarm{8ec68d9 type 3 when 352767321 com.asurion.android.verizon.vms}
10-24 23:13:39.768  1417  5405 D SamsungAlarmManager: setExact Intent (T:3/F:5/AC:false) 20181024T231344 - CU:10068/CP:4257
10-24 23:13:39.769  1417  5405 I SamsungAlarmManager: setLocked to kernel - T:3 / 20181024T231344, SetElapsed=352772342, nowELAPSED=352767345
