10-30 22:55:21.092  1417  2856 V WindowManager: finishDrawingLocked: mDrawState=COMMIT_DRAW_PENDING Window{7e99adf u0 com.android.systemui.ImageWallpaper} in Surface(name=com.android.systemui.ImageWallpaper)
10-30 22:55:21.092  2781  2781 D ImageWallpaper: onOffsetsChanged: xOffset=0.0, yOffset=0.0, xOffsetStep=0.0, yOffsetStep=0.0, xPixels=0, yPixels=0
10-30 22:55:21.092  2781  2781 D ImageWallpaper: newRotation : 0,mLastRotation : 0
10-30 22:55:21.092  2781  2781 W SemDesktopModeManager: Desktop Mode feature not available or SemDesktopModeManager not instantiated. Please check Configuration.semDesktopModeEnabled instead.
10-30 22:55:21.092  2781  2781 D ImageWallpaper: drawFrame:[frame.width()]1081[frame.height()]1920
10-30 22:55:21.092  2781  2781 D ImageWallpaper: surfaceDimensionsChanged=false mDisplayWidth=1080 mDisplayHeight=1920
10-30 22:55:21.093  2781  2781 D ImageWallpaper: mNewKeyboard : 0 mLastKeyboard : 0 mForceDraw = false
10-30 22:55:21.093  2781  2781 D ImageWallpaper: redrawNeeded = false, mOffsetsChanged = false
10-30 22:55:21.093  2781  2781 D ImageWallpaper: Suppressed drawFrame since redraw is not needed and offsets have not changed.
10-30 22:55:21.098  2781  2932 D TileLifecycleManager: onStopListening
10-30 22:55:21.099  2781  2932 D TileLifecycleManager: onStopListening
10-30 22:55:21.099  2781  2932 D Tile.WifiTile: handleUpdateState enabledChanging
10-30 22:55:21.100  2781  2979 V SystemUIAnalytics: SAPreference : 1104 / 1
10-30 22:55:21.100  2781  2781 D KeyguardUpdateMonitor: handleConfigurationChanged
10-30 22:55:21.100  2781  2781 D ViewRootImpl@8a8aace[StatusBar]: MSG_RESIZED_REPORT: frame=Rect(0, 0 - 1080, 72) ci=Rect(0, 0 - 0, 0) vi=Rect(0, 0 - 0, 0) or=1
10-30 22:55:21.102  2781  2979 V SystemUIAnalytics: SAPreference : 1105 / 0
10-30 22:55:21.104  2781  2932 D Tile.RotationLockTile:  handleUpdateState: false orientation = true
10-30 22:55:21.104  2781  2979 V SystemUIAnalytics: SAPreference : 1107 / 1
10-30 22:55:21.106  2781  2932 D Tile.BluetoothTile: handleUpdateState enabled = false connected = false bluetoothState = 10
10-30 22:55:21.106  2781  2979 V SystemUIAnalytics: SAPreference : 1106 / 0
10-30 22:55:21.108  2781  2932 D Tile.AirplaneModeTile: # of NON-poweroff( in servicestate) : 1
10-30 22:55:21.108  2781  2932 D Tile.AirplaneModeTile:  handleUpdateState:  value false  state.dim false
10-30 22:55:21.108  2781  2979 V SystemUIAnalytics: SAPreference : 2014 / 0
10-30 22:55:21.109  1417  2412 I WindowManager: Screen frozen for +396ms due to Window{7e99adf u0 com.android.systemui.ImageWallpaper}
10-30 22:55:21.110  2781  2932 D Tile.RotationLockTile:  handleUpdateState: false orientation = true
10-30 22:55:21.112   772   772 I SurfaceFlinger: id=12509 createSurf (3840x1080),-1 flag=20004, BlackSurface#0
10-30 22:55:21.113   772   772 I SurfaceFlinger: id=12510 createSurf (1920x2160),-1 flag=20004, BlackSurface#0
10-30 22:55:21.114   772   772 I SurfaceFlinger: id=12511 createSurf (3840x1080),-1 flag=20004, BlackSurface#0
10-30 22:55:21.115   772   772 I SurfaceFlinger: id=12512 createSurf (1920x2160),-1 flag=20004, BlackSurface#0
10-30 22:55:21.115  1417  2412 D InputDispatcher: setInputDispatchMode: enabled=1, frozen=0
10-30 22:55:21.117   714  2122 D audio_hw_primary: adev_set_parameters: enter: display_rotation=0
10-30 22:55:21.117   714  2122 V msm8974_platform: platform_set_parameters: enter: display_rotation=0
10-30 22:55:21.117   714  2122 V msm8974_platform: platform_set_parameters: exit with code(0)
10-30 22:55:21.117   714  2122 V audio_hw_sec: factory_set_parameters: enter: display_rotation=0
10-30 22:55:21.117   714  2122 E soundtrigger: audio_extn_sound_trigger_set_parameters: str_params NULL
10-30 22:55:21.117  1042  1457 V MultiRecordManager: setParameters(): io 0, keyvalue display_rotation=0, calling pid 1417
10-30 22:55:21.129   772   772 I SurfaceFlinger: Display 0 HWC layers:
10-30 22:55:21.129   772   772 I SurfaceFlinger:     type    |    handle    | flag |  format   |   source crop (l,t,r,b)    |         frame       | name 
10-30 22:55:21.129   772   772 I SurfaceFlinger: ------------+--------------+------+-----------+----------------------------+---------------------+------
10-30 22:55:21.129   772   772 I SurfaceFlinger:      Client | 0x7dd4270580 | 0002 | RGBx_8888 |   1.0    0.0 1081.0 1920.0 |    0    0 1080 1920 | com.android.systemui.ImageWallpaper#0
10-30 22:55:21.129   772   772 I SurfaceFlinger:      Client | 0x7dd9432700 | 0000 | RGBA_8888 |   0.0    0.0 1080.0 1920.0 |    0    0 1080 1920 | com.sec.android.app.launcher/com.sec[...]uncher.activities.LauncherActivity#0
10-30 22:55:21.129   772   772 I SurfaceFlinger:      Device | 0x7dd9432780 | 0000 | RGBA_8888 |   0.0    0.0 1080.0   72.0 |    0    0 1080   72 | StatusBar#0
10-30 22:55:21.129   772   772 I SurfaceFlinger:      Device | 0x7dd9432280 | 0000 | RGBA_8888 |   0.0    0.0 1080.0 1920.0 |    0    0 1080 1920 | ScreenshotSurface#0
10-30 22:55:21.129   772   772 I SurfaceFlinger: 
10-30 22:55:21.141   772   772 I SurfaceFlinger: Display 0 HWC layers:
10-30 22:55:21.141   772   772 I SurfaceFlinger:     type    |    handle    | flag |  format   |   source crop (l,t,r,b)    |         frame       | name 
10-30 22:55:21.141   772   772 I SurfaceFlinger: ------------+--------------+------+-----------+----------------------------+---------------------+------
10-30 22:55:21.141   772   772 I SurfaceFlinger:      Client | 0x7dd4270580 | 0002 | RGBx_8888 |   1.0    0.0 1081.0 1920.0 |    0    0 1080 1920 | com.android.systemui.ImageWallpaper#0
10-30 22:55:21.141   772   772 I SurfaceFlinger:      Client | 0x7dd9432700 | 0000 | RGBA_8888 |   0.0  421.0 1080.0 1499.0 |    0  419 1080 1501 | com.sec.android.app.launcher/com.sec[...]uncher.activities.LauncherActivity#0
10-30 22:55:21.141   772   772 I SurfaceFlinger:      Device | 0x7dd9432280 | 0000 | RGBA_8888 |   0.0    0.0 1080.0 1920.0 |    0    0 1080 1920 | ScreenshotSurface#0
10-30 22:55:21.141   772   772 I SurfaceFlinger: 
10-30 22:55:21.159   772   772 I SurfaceFlinger: Display 0 HWC layers:
10-30 22:55:21.159   772   772 I SurfaceFlinger:     type    |    handle    | flag |  format   |   source crop (l,t,r,b)    |         frame       | name 
10-30 22:55:21.159   772   772 I SurfaceFlinger: ------------+--------------+------+-----------+----------------------------+---------------------+------
10-30 22:55:21.159   772   772 I SurfaceFlinger:      Client | 0x7dd4270580 | 0002 | RGBx_8888 |   1.0    0.0 1081.0 1920.0 |    0    0 1080 1920 | com.android.systemui.ImageWallpaper#0
10-30 22:55:21.159   772   772 I SurfaceFlinger:      Client | 0x7dd9432700 | 0000 | RGBA_8888 |   0.0  216.0 1080.0 1703.0 |    0  229 1080 1692 | com.sec.android.app.launcher/com.sec[...]uncher.activities.LauncherActivity#0
10-30 22:55:21.159   772   772 I SurfaceFlinger:      Client | 0x7dd9432280 | 0000 | RGBA_8888 |   0.0    0.0 1080.0 1920.0 |    0    0 1080 1920 | ScreenshotSurface#0
10-30 22:55:21.159   772   772 I SurfaceFlinger:      Client |              | 0000 |  Unknown  |  -0.5   -0.9   -1.0   -1.0 |  375    0 1080 1629 | BlackSurface#0
10-30 22:55:21.159   772   772 I SurfaceFlinger:      Client |              | 0000 |  Unknown  |  -0.9   -0.0   -1.0   -0.4 |    0    0  879  644 | BlackSurface#0
10-30 22:55:21.159   772   772 I SurfaceFlinger:      Client |              | 0000 |  Unknown  |  -0.0    0.0   -0.5   -0.1 |    0  291  705 1920 | BlackSurface#0
10-30 22:55:21.159   772   772 I SurfaceFlinger:      Client |   
10-30 22:55:21.159   772   772 I SurfaceFlinger:            | 0000 |  Unknown  |   0.0   -0.6   -0.1   -1.0 |  201 1276 1080 1920 | BlackSurface#0
10-30 22:55:21.159   772   772 I SurfaceFlinger: 
10-30 22:55:21.175   772   772 I SurfaceFlinger: Display 0 HWC layers:
10-30 22:55:21.175   772   772 I SurfaceFlinger:     type    |    handle    | flag |  format   |   source crop (l,t,r,b)    |         frame       | name 
10-30 22:55:21.175   772   772 I SurfaceFlinger: ------------+--------------+------+-----------+----------------------------+---------------------+------
10-30 22:55:21.175   772   772 I SurfaceFlinger:      Client | 0x7dd4270580 | 0002 | RGBx_8888 |   1.0    0.0 1081.0 1920.0 |    0    0 1080 1920 | com.android.systemui.ImageWallpaper#0
10-30 22:55:21.175   772   772 I SurfaceFlinger:      Client | 0x7dd9432700 | 0000 | RGBA_8888 |   0.0    0.0 1080.0 1920.0 |    0    0 1080 1920 | com.sec.android.app.launcher/com.sec[...]uncher.activities.LauncherActivity#0
10-30 22:55:21.175   772   772 I SurfaceFlinger:      Client | 0x7dd9432780 | 0000 | RGBA_8888 |   0.0    0.0  820.0   72.0 | 1014    0 1080  736 | StatusBar#0
10-30 22:55:21.175   772   772 I SurfaceFlinger:      Client | 0x7dd9432280 | 0000 | RGBA_8888 |   0.0    0.0 1080.0 1920.0 |    0    0 1080 1920 | ScreenshotSurface#0
10-30 22:55:21.175   772   772 I SurfaceFlinger:      Client |              | 0000 |  Unknown  |  -0.4   -0.8   -0.9   -1.0 |    0    0 1080 1295 | BlackSurface#0
10-30 22:55:21.175   772   772 I SurfaceFlinger:      Client |              | 0000 |  Unknown  |  -0.8   -0.0   -1.0   -0.5 |    0    0  701 1343 | BlackSurface#0
10-30 22:55:21.175   772   772 I SurfaceFlinger:      Client |      
10-30 22:55:21.175   772   772 I SurfaceFlinger:         | 0000 |  Unknown  |  -0.1    0.0   -0.6   -0.2 |    0  625 1080 1920 | BlackSurface#0
10-30 22:55:21.175   772   772 I SurfaceFlinger:      Client |              | 0000 |  Unknown  |   0.0   -0.5   -0.2   -1.0 |  379  577 1080 1920 | BlackSurface#0
10-30 22:55:21.175   772   772 I SurfaceFlinger: 
10-30 22:55:21.210  1417  1417 D CustomFrequencyManagerService: releaseDVFSLockLocked : Getting Lock type frm List : DVFS_MIN_LIMIT  frequency : 2150400  uid : 1000  pid : 1417  tag : AMS_APP_HOME@CPU_MIN@19
10-30 22:55:21.255  2749  2749 E adbd    : recv: OPEN 000085f2 00000000 000c:73 68 65 6C 6C 2C 76 32 3A 70 73 00 
10-30 22:55:21.255  2749  2749 E adbd    : service_to_fd: shell,v2:ps
10-30 22:55:21.264 27151 27151 E propClient: PropClient failed to load
10-30 22:55:21.275 27151 27151 E propClient: PropClient failed to load
10-30 22:55:21.436  4296  4677 W OpenGLRenderer: Incorrectly called buildLayer on View: WorkspaceCellLayoutChildren, destroying layer...
10-30 22:55:21.436  4296  4677 W OpenGLRenderer: Incorrectly called buildLayer on View: WorkspaceCellLayoutChildren, destroying layer...
10-30 22:55:21.456   772   772 I SurfaceFlinger: Display 0 HWC layers:
10-30 22:55:21.456   772   772 I SurfaceFlinger:     type    |    handle    | flag |  format   |   source crop (l,t,r,b)    |         frame       | name 
10-30 22:55:21.456   772   772 I SurfaceFlinger: ------------+--------------+------+-----------+----------------------------+---------------------+------
10-30 22:55:21.456   772   772 I SurfaceFlinger:      Client | 0x7dd4270580 | 0002 | RGBx_8888 |   1.0    0.0 1081.0 1920.0 |    0    0 1080 1920 | com.android.systemui.ImageWallpaper#0
10-30 22:55:21.456   772   772 I SurfaceFlinger:      Client | 0x7dd43c3900 | 0000 | RGBA_8888 |   0.0    0.0 1079.0 1919.0 |    0    0 1080 1920 | com.sec.android.app.launcher/com.sec[...]uncher.activities.LauncherActivity#0
10-30 22:55:21.456   772   772 I SurfaceFlinger:      Client | 0x7dd4376280 | 0000 | RGBA_8888 |   0.0    0.0 1078.0   72.0 |    0    0 1080   74 | StatusBar#0
10-30 22:55:21.456   772   772 I SurfaceFlinger:      Client | 0x7dd9432280 | 0000 | RGBA_8888 |   0.0    0.0 1080.0 1920.0 |    0    0 1080 1920 | ScreenshotSurface#0
10-30 22:55:21.456   772   772 I SurfaceFlinger: 
10-30 22:55:21.491   772   772 I SurfaceFlinger: Display 0 HWC layers:
10-30 22:55:21.491   772   772 I SurfaceFlinger:     type    |    handle    | flag |  format   |   source crop (l,t,r,b)    |         frame       | name 
10-30 22:55:21.491   772   772 I SurfaceFlinger: ------------+--------------+------+-----------+----------------------------+---------------------+------
10-30 22:55:21.491   772   772 I SurfaceFlinger:      Client | 0x7dd4270580 | 0002 | RGBx_8888 |   1.0    0.0 1081.0 1920.0 |    0    0 1080 1920 | com.android.systemui.ImageWallpaper#0
10-30 22:55:21.491   772   772 I SurfaceFlinger:      Client | 0x7dd43c3900 | 0000 | RGBA_8888 |   1.0    1.0 1079.0 1919.0 |    0    0 1080 1920 | com.sec.android.app.launcher/com.sec[...]uncher.activities.LauncherActivity#0
10-30 22:55:21.491   772   772 I SurfaceFlinger:      Device | 0x7dd4376280 | 0000 | RGBA_8888 |   1.0    1.0 1079.0   72.0 |    0    0 1080   73 | StatusBar#0
10-30 22:55:21.491   772   772 I SurfaceFlinger:      Device | 0x7dd9432280 | 0000 | RGBA_8888 |   0.0    0.0 1080.0 1920.0 |    0    0 1080 1920 | ScreenshotSurface#0
10-30 22:55:21.491   772   772 I SurfaceFlinger: 
10-30 22:55:21.536   772  3176 I SurfaceFlinger: id=12507 Removed ScreenshotSurface#0 (4/8)
10-30 22:55:21.536   772  3176 I SurfaceFlinger: id=12507 Removed ScreenshotSurface#0 (-2/8)
10-30 22:55:21.536   772  3176 I SurfaceFlinger: id=12509 Removed BlackSurface#0 (4/7)
10-30 22:55:21.536   772  3147 I SurfaceFlinger: id=12509 Removed BlackSurface#0 (-2/7)
10-30 22:55:21.536   772   996 I SurfaceFlinger: id=12510 Removed BlackSurface#0 (4/6)
10-30 22:55:21.537   772   996 I SurfaceFlinger: id=12510 Removed BlackSurface#0 (-2/6)
10-30 22:55:21.537   772  3147 I SurfaceFlinger: id=12511 Removed BlackSurface#0 (4/5)
10-30 22:55:21.537   772   996 I SurfaceFlinger: id=12511 Removed BlackSurface#0 (-2/5)
10-30 22:55:21.537   772  3176 I SurfaceFlinger: id=12512 Removed BlackSurface#0 (4/4)
10-30 22:55:21.539   772  3176 I SurfaceFlinger: id=12512 Removed BlackSurface#0 (-2/4)
10-30 22:55:21.541  1417  2412 V WindowManager: rotationForOrientationLw(orient=5, last=0); user=0 USER_ROTATION_LOCKED sensorRotation=-1 mLidState=-1 mDockMode=0 mHdmiPlugged=false
10-30 22:55:21.541   772   772 I SurfaceFlinger: Display 0 HWC layers:
10-30 22:55:21.541   772   772 I SurfaceFlinger:     type    |    handle    | flag |  format   |   source crop (l,t,r,b)    |         frame       | name 
10-30 22:55:21.541   772   772 I SurfaceFlinger: ------------+--------------+------+-----------+----------------------------+---------------------+------
10-30 22:55:21.541   772   772 I SurfaceFlinger:      Client | 0x7dd4270580 | 0002 | RGBx_8888 |   1.0    0.0 1081.0 1920.0 |    0    0 1080 1920 | com.android.systemui.ImageWallpaper#0
10-30 22:55:21.541   772   772 I SurfaceFlinger:      Client | 0x7dd43c3900 | 0000 | RGBA_8888 |   1.0    1.0 1079.0 1919.0 |    0    0 1080 1920 | com.sec.android.app.launcher/com.sec[...]uncher.activities.LauncherActivity#0
10-30 22:55:21.541   772   772 I SurfaceFlinger:      Device | 0x7dd4376280 | 0000 | RGBA_8888 |   1.0    1.0 1079.0   72.0 |    0    0 1080   73 | StatusBar#0
10-30 22:55:21.541   772   772 I SurfaceFlinger: 
10-30 22:55:21.552   772   772 I Layer   : id=12507 onRemoved ScreenshotSurface#0 
10-30 22:55:21.552   772   772 I Layer   : id=12510 onRemoved BlackSurface#0 
10-30 22:55:21.552   772   772 I Layer   : id=12509 onRemoved BlackSurface#0 
10-30 22:55:21.552   772   772 I Layer   : id=12511 onRemoved BlackSurface#0 
10-30 22:55:21.552   772   772 I Layer   : id=12512 onRemoved BlackSurface#0 
10-30 22:55:21.557   772   772 I SurfaceFlinger: Display 0 HWC layers:
10-30 22:55:21.557   772   772 I SurfaceFlinger:     type    |    handle    | flag |  format   |   source crop (l,t,r,b)    |         frame       | name 
10-30 22:55:21.557   772   772 I SurfaceFlinger: ------------+--------------+------+-----------+----------------------------+---------------------+------
10-30 22:55:21.557   772   772 I SurfaceFlinger:      Client | 0x7dd4270580 | 0002 | RGBx_8888 |   1.0    0.0 1081.0 1920.0 |    0    0 1080 1920 | com.android.systemui.ImageWallpaper#0
10-30 22:55:21.557   772   772 I SurfaceFlinger:      Client | 0x7dd43c3900 | 0000 | RGBA_8888 |   0.0    0.0 1080.0 1920.0 |    0    0 1080 1920 | com.sec.android.app.launcher/com.sec[...]uncher.activities.LauncherActivity#0
10-30 22:55:21.557   772   772 I SurfaceFlinger:      Device | 0x7dd4376280 | 0000 | RGBA_8888 |   0.0    0.0 1080.0   72.0 |    0    0 1080   72 | StatusBar#0
10-30 22:55:21.557   772   772 I SurfaceFlinger: 
10-30 22:55:21.768   723   723 D SEC LightsHAL: button : 0 +
10-30 22:55:21.779   813   848 E Sensors : sns_reg.c(279):invalid data len: -978312876 (126)
10-30 22:55:21.791   723   723 D SEC LightsHAL: button : 0 -
10-30 22:55:22.511  2749  2749 E adbd    : recv: OPEN 000085f4 00000000 004d:73 68 65 6C 6C 3A 65 78 70 6F 72 74 20 41 4E 44 52 4F 49 44 5F 4C 4F 47 5F 54 41 47 53 3D 22 27 27 22 3B 20 65 78 65 63 20 6C 6F 67 63 61 74 20 27 2D 64 27 20 27 2D 73 27 20 27 55 45 34 27 20 27 2D 73 27 20 27 44 65 62 75 67 27 00 
10-30 22:55:22.511  2749  2749 E adbd    : service_to_fd: shell:export ANDROID_LOG_TAGS="''"; exec logcat '-d' '-s' 'UE4' '-s' 'Debug'
10-30 22:55:22.521 27156 27156 E propClient: PropClient failed to load
10-30 22:55:22.524  1417  5405 D SamsungAlarmManager: Cancel Alarm calling from uid:10016 pid :3010 / op:PendingIntent{e94c050: PendingIntentRecord{15cfbed com.google.android.gms broadcastIntent}}
10-30 22:55:22.526  1417  5405 I SamsungAlarmManager: setLocked to kernel - T:2 / 20181030T225600, SetElapsed=870108985, nowELAPSED=870071511
10-30 22:55:22.528  1417  5405 D SamsungAlarmManager: setExact Intent (T:2/F:5/AC:false) 20181030T232422 - CU:10016/CP:3010
10-30 22:55:22.533 27156 27156 E propClient: PropClient failed to load
10-30 22:55:22.536  1417  1844 D StorageManagerService: getExternalStorageMountMode : 1
10-30 22:55:22.537  1417  1844 D StorageManagerService: getExternalStorageMountMode : 3
10-30 22:55:22.537  1417  1844 D StorageManagerService: getExternalStorageMountMode : final mountMode=1, uid : 10501, packageName : com.diandian.gog
10-30 22:55:22.537  1417  1844 I ApplicationPolicy: isApplicationExternalStorageWhitelisted:com.diandian.gog user:0
10-30 22:55:22.537  1417  1844 D ApplicationPolicy: isApplicationExternalStorageWhitelisted: DO is not enabled on user 0. Allowed.
10-30 22:55:22.537  1417  1844 D ActivityManager: package  com.diandian.gog, user - 0 is SDcard whitelisted
10-30 22:55:22.537  1417  1844 I ApplicationPolicy: isApplicationExternalStorageBlacklisted:com.diandian.gog user:0
10-30 22:55:22.537  1417  1844 D ApplicationPolicy: isApplicationExternalStorageBlacklisted: DO is not enabled on user 0. Allowed.
10-30 22:55:22.553  1417  1844 I ActivityManager: Start proc 27159:com.diandian.gog/u0a501 for broadcast com.diandian.gog/com.google.android.gms.gcm.GcmReceiver
10-30 22:55:22.558 27159 27159 E Zygote  : isWhitelistProcess - Process is Whitelisted
10-30 22:55:22.560 27159 27159 E libpersona: scanKnoxPersonas
10-30 22:55:22.560 27159 27159 E libpersona: Couldn't open the File - /data/system/users/0/personalist.xml - No such file or directory
10-30 22:55:22.566 27159 27159 W SELinux : SELinux selinux_android_compute_policy_index : Policy Index[2],  Con:u:r:zygote:s0 RAM:SEPF_SM-G930V_8.0.0_0007, [-1 -1 -1 -1 0 1]
10-30 22:55:22.567 27159 27159 I SELinux : SELinux: seapp_context_lookup: seinfo=untrusted, level=s0:c512,c768, pkgname=com.diandian.gog 
10-30 22:55:22.577 27159 27159 W zygote  : Using default instruction set features for ARM CPU variant (cortex-a9) using conservative defaults
10-30 22:55:22.609 27159 27159 D TimaKeyStoreProvider: TimaKeyStore is not enabled: cannot add TimaSignature Service and generateKeyPair Service
10-30 22:55:22.609 27159 27159 D ActivityThread: Added TimaKeyStore provider
10-30 22:55:22.612  1417  1469 I ActivityManager: DSS on for com.diandian.gog and scale is 0.85
10-30 22:55:22.641 27159 27159 I zygote  : no shared libraies, dex_files: 1
10-30 22:55:22.680  1417  1469 W StorageManager: getStorageLowBytes lowPercent : 5, lowBytes : 1225677414, maxLowBytes : 524288000
10-30 22:55:22.687  1417  1469 W StorageManager: getStorageLowBytes lowPercent : 5, lowBytes : 1225677414, maxLowBytes : 524288000
10-30 22:55:22.699  1417  1417 D PreBindingService: handleMessage : 1
10-30 22:55:22.705 27159 27175 D FunplusGcmListenerService: From: 369675369803
10-30 22:55:22.705 27159 27175 D FunplusGcmListenerService: onMessageReceived data = Bundle[{audio_file_name=notification_reward, google.delivered_priority=normal, google.sent_time=1540958122804, google.ttl=2419200, google.original_priority=normal, acme=0, google.message_id=0:1540958122808839%8301d8c2f9fd7ecd, message=Mug has launched a rally against a Lv 20 Red Guard Captain!, notify_id=9700017}]
10-30 22:55:22.705 27159 27175 D FunplusGcmListenerService: Message: Mug has launched a rally against a Lv 20 Red Guard Captain!
10-30 22:55:22.710 27159 27175 W System.err: java.lang.NullPointerException: Attempt to invoke virtual method 'boolean java.lang.Boolean.booleanValue()' on a null object reference
10-30 22:55:22.712 27159 27175 W System.err: 	at com.funplus.sdk.utils.ContextUtils.getIsAppInForeground(ContextUtils.java:68)
10-30 22:55:22.712 27159 27175 W System.err: 	at com.funplus.sdk.caffeine.gcm.FunplusGcmListenerService.sendNotification(FunplusGcmListenerService.java:121)
10-30 22:55:22.712 27159 27175 W System.err: 	at com.funplus.sdk.caffeine.gcm.FunplusGcmListenerService.onMessageReceived(FunplusGcmListenerService.java:86)
10-30 22:55:22.712 27159 27175 W System.err: 	at com.google.android.gms.gcm.GcmListenerService.zzq(Unknown Source:68)
10-30 22:55:22.712 27159 27175 W System.err: 	at com.google.android.gms.gcm.GcmListenerService.zzp(Unknown Source:99)
10-30 22:55:22.712 27159 27175 W System.err: 	at com.google.android.gms.gcm.GcmListenerService.zzo(Unknown Source:70)
10-30 22:55:22.712 27159 27175 W System.err: 	at com.google.android.gms.gcm.GcmListenerService.zza(Unknown Source:0)
10-30 22:55:22.712 27159 27175 W System.err: 	at com.google.android.gms.gcm.GcmListenerService$1.run(Unknown Source:4)
10-30 22:55:22.713 27159 27175 W System.err: 	at java.util.concurrent.ThreadPoolExecutor.runWorker(ThreadPoolExecutor.java:1162)
10-30 22:55:22.713 27159 27175 W System.err: 	at java.util.concurrent.ThreadPoolExecutor$Worker.run(ThreadPoolExecutor.java:636)
10-30 22:55:22.713 27159 27175 W System.err: 	at java.lang.Thread.run(Thread.java:764)
10-30 22:55:22.713 27159 27175 D FunplusGcmListenerService: isAppInForeground: false, don't show notification
10-30 22:55:22.714  1417  1417 D CustomFrequencyManagerService: releaseDVFSLockLocked : Getting Lock type frm List : DVFS_MIN_LIMIT  frequency : 2150400  uid : 1000  pid : 1417  tag : PWM_ROTATION@CPU_MIN@78
10-30 22:55:22.715 27159 27175 I FunplusGcmListenerService: gcm_message json toString = {"audio_file_name":"notification_reward","google.delivered_priority":"normal","google.sent_time":1540958122804,"google.ttl":2419200,"google.original_priority":"normal","acme":"0","google.message_id":"0:1540958122808839%8301d8c2f9fd7ecd","message":"Mug has launched a rally against a Lv 20 Red Guard Captain!","notify_id":"9700017"}
10-30 22:55:22.715 27159 27175 I FunplusGcmListenerService: Create Pending Intent.
10-30 22:55:22.725 27159 27175 I FunplusGcmListenerService: GCM notification audioFileName = notification_reward
10-30 22:55:22.728  2749  2749 E adbd    : recv: OPEN 000085f5 00000000 0009:74 63 70 3A 36 36 36 36 00 
10-30 22:55:22.728 27159 27175 W Notification: Use of stream types is deprecated for operations other than volume control
10-30 22:55:22.728 27159 27175 W Notification: See the documentation of setSound() for what to use instead with android.media.AudioAttributes to qualify your playback use case
10-30 22:55:22.728  2749  2749 E adbd    : service_to_fd: tcp:6666
10-30 22:55:22.730 27159 27175 D Notification: allPendingIntents
10-30 22:55:22.730  1146  1555 D DnsProxyListener: DNSDBG::dns addrinfo af 2
10-30 22:55:22.731  1417  1469 D ApplicationPolicy: isStatusBarNotificationAllowedAsUser: packageName = com.diandian.gog,userId = 0
10-30 22:55:22.731  1417  1469 D API test: getContainerInfo: value is 
10-30 22:55:22.731  1417  1469 D ApplicationPolicy: isStatusBarNotificationAllowedAsUser: packageName = com.diandian.gog,userId = 0
10-30 22:55:22.731  1417  1469 D API test: getContainerInfo: value is 
10-30 22:55:22.732  1417  1469 E NotificationService: Suppressing notification from package by user request.
10-30 22:55:22.734  2749  2749 E adbd    : failed to connect to socket 'tcp:6666': Connection refused
10-30 22:55:22.738  2749  2749 E adbd    : recv: OPEN 000085f7 00000000 0035:73 68 65 6C 6C 3A 65 78 70 6F 72 74 20 41 4E 44 52 4F 49 44 5F 4C 4F 47 5F 54 41 47 53 3D 22 27 27 22 3B 20 65 78 65 63 20 6C 6F 67 63 61 74 20 27 2D 64 27 00 
10-30 22:55:22.739  2749  2749 E adbd    : service_to_fd: shell:export ANDROID_LOG_TAGS="''"; exec logcat '-d'
10-30 22:55:22.750 27178 27178 E propClient: PropClient failed to load
