10-24 23:13:36.913  2750  2750 I SKBD    : awo getNaviationBarHeight() first use took : 4
10-24 23:13:36.916  2750  2750 I SKBD    : putCacheDrawable inputModule=0 key =ICON_SETTING
10-24 23:13:36.922  2750  2750 I SKBDC   : TymeCore cASl
10-24 23:13:36.922  2750  2750 I SKBDC   : ?? 50
10-24 23:13:36.922  2750  2750 I SKBDC   : TymeCore sCL 0
10-24 23:13:36.922  2750  2750 I SKBDC   : TymeCore sSf
10-24 23:13:36.925  2798  2798 D ThemeManagerService: onConfigChanged - {0 1.0 themeSeq = 0 showBtnBg = 0 311mcc480mnc [en_US] ldltr sw360dp w360dp h616dp 480dpi nrml long port finger -keyb/v/h -nav/h appBounds=Rect(0, 0 - 1080, 1920) s.99 mkbd/h}
10-24 23:13:36.930  1417  6646 I ActivityManager: Override config changes=480 {0 1.0 themeSeq = 0 showBtnBg = 0 311mcc480mnc [en_US] ldltr sw360dp w360dp h616dp 480dpi nrml long port finger -keyb/v/h -nav/h appBounds=Rect(0, 0 - 1080, 1920) s.99 mkbd/h} for displayId=0
10-24 23:13:36.932  4207  4207 D SecUISvc: onConfigurationChanged, old dpi=480, new dpi=480
10-24 23:13:36.933  1417  6646 I SamsungPhoneWindowManager: setInitialDisplaySize() width=1080, height=1920, density=480, initWidth=1440, initHeight=2560, initDensity=640
10-24 23:13:36.933  2781  2781 V Configuration:  needToUpdateOverlays
10-24 23:13:36.935  2781  2781 I chatty  : uid=10063(u0_a63) com.android.systemui identical 5 lines
10-24 23:13:36.935  2781  2781 V Configuration:  needToUpdateOverlays
10-24 23:13:36.937  1417  6646 I SamsungPhoneWindowManager: setInitialDisplaySize() width=1080, height=1920, density=480, initWidth=1440, initHeight=2560, initDensity=640
10-24 23:13:36.939  2781  2781 V Configuration:  needToUpdateOverlays
10-24 23:13:36.941  2781  2781 I chatty  : uid=10063(u0_a63) com.android.systemui identical 92 lines
10-24 23:13:36.942  2781  2781 V Configuration:  needToUpdateOverlays
10-24 23:13:36.942  1417  6646 D MARsPolicyManager: onPackageResumedFG pkgName = com.android.systemui, userId = 0
10-24 23:13:36.943  1417  2642 D GameManagerService: handleForegroundChange(). pkgName: com.android.systemui, clsName: com.android.systemui.recents.RecentsActivity,FgActivityName:com.android.systemui/.recents.RecentsActivity
10-24 23:13:36.943  1417  2642 D GameManagerService: sem_perfomance_mode: 0
10-24 23:13:36.943  1417  2642 D GameManagerService: notifyResumePause(). pkg: com.android.systemui, type: 4, isMinimized: false, isTunableApp: false
10-24 23:13:36.943  1417  2642 D GameManagerService:   notifyResumePause(). do nothing. mKillNotiCount: 3
10-24 23:13:36.948  2781  2896 D SystemServicesProxy: startRecentsActivity for UserHandle{-2} done.
10-24 23:13:36.963  1417  1417 D CodecSolution: MultiWindowEventListener::onMultiWindowFocusChanged(5)
10-24 23:13:36.963  1417  1417 D MdnieScenarioControlService: Listener Real Multi Window State : true
10-24 23:13:36.964  1417  1417 D CS_HdrController: MultiWindowEventListener::onFocusStackChanged(5)
10-24 23:13:36.964  1417  1417 D CS_HdrController: updateMultiWindowState : 0
10-24 23:13:36.964  3089  3089 V Configuration:  needToUpdateOverlays
10-24 23:13:36.965  2781  2896 D SystemServicesProxy: sendCloseSystemWindows: done.
10-24 23:13:36.965  1417  1845 W Looper  : Dispatch took 166ms on android.ui, h=Handler (com.android.server.am.ActivityManagerService$UiHandler) {6363c1} cb=null msg=53
10-24 23:13:36.965  1417  1417 D TelecomService: onConfigurationChanged {0 1.0 themeSeq = 0 showBtnBg = 0 311mcc480mnc [en_US] ldltr sw360dp w360dp h616dp 480dpi nrml long port finger -keyb/v/h -nav/h appBounds=Rect(0, 0 - 1080, 1920) as.3 s.99 mkbd/h}
10-24 23:13:36.966  1417  1845 D WindowManager: set systemUiVisibility : systemUiFlags= 0x1706 fullscreenStackSysUiFlags= 0x0
10-24 23:13:36.966  1417  1417 D GameManagerService: onDisplayChanged. displyId: 0, state: 2
10-24 23:13:36.966  1417  1417 D GameManagerService: dpi: 480, longPixel: 1920, shortPixel: 1080
10-24 23:13:36.967  1417  1417 I CAE     : handleMessage(CaPowerManager.java:173) - AP_WAKEUP_Already_Delivered
10-24 23:13:36.968  1146  1562 D CommandListener: bwctrlcmd: argc=3 bandwidth removeniceapps ...
10-24 23:13:36.969  1146  1562 E IptablesRestoreController: [iptables debug]iptables-restore execute *filter
10-24 23:13:36.969  1146  1562 E IptablesRestoreController: -D bw_happy_box -m owner --uid-owner 10512 --jump RETURN
10-24 23:13:36.969  1146  1562 E IptablesRestoreController: COMMIT
10-24 23:13:36.970  2781 19857 D vol.VolumeDialogControl.VC: setLayoutDirection
10-24 23:13:36.971  1417  1886 D TetheringConfiguration: NAP is enabled by CSCfeature
10-24 23:13:36.971  2781  2942 D vol.VolumeDialogControl: onReceive ACTION_CONFIGURATION_CHANGED
10-24 23:13:36.978  1146  1562 E IptablesRestoreController: [iptables debug]iptables-restore execute done *filter
10-24 23:13:36.978  1146  1562 E IptablesRestoreController: -D bw_happy_box -m owner --uid-owner 10512 --jump RETURN
10-24 23:13:36.978  1146  1562 E IptablesRestoreController: COMMIT
10-24 23:13:36.978  1146  1562 E IptablesRestoreController: , res : 0
10-24 23:13:36.981  3101  3101 D DeviceLocale: onReceive
10-24 23:13:36.981  3101  3368 D EucModule: onLocaleChanged, languageCode=en
10-24 23:13:36.986   772   772 I SurfaceFlinger: Display 0 HWC layers:
10-24 23:13:36.986   772   772 I SurfaceFlinger:     type    |    handle    | flag |  format   |   source crop (l,t,r,b)    |         frame       | name 
10-24 23:13:36.986   772   772 I SurfaceFlinger: ------------+--------------+------+-----------+----------------------------+---------------------+------
10-24 23:13:36.986   772   772 I SurfaceFlinger:      Device | 0x7dd4270500 | 0000 | RGBA_8888 |   0.0    0.0 1080.0 1920.0 |    0    0 1080 1920 | ScreenshotSurface#0
10-24 23:13:36.986   772   772 I SurfaceFlinger: 
10-24 23:13:36.989  2781  2781 D ViewRootImpl@8b6bcda[AssistPreviewPanel]: setView = com.android.systemui.assist.AssistOrbContainer{df5050b G.E...... ......I. 0,0-0,0} TM=true MM=false
10-24 23:13:36.990  2781  2932 D NetworkController.MobileSignalController(0/1): getMobileIconGroup(): 13
10-24 23:13:36.992  2781  2932 D NetworkController.MobileSignalController(0/1): updateVZWMobileIconGroup(): 13
10-24 23:13:36.994  1417  2490 I InputReader: Reconfiguring input devices.  changes=0x00000004
10-24 23:13:36.995  1417  2490 I InputReader: Device reconfigured: id=6, name='sec_touchscreen', size 1080x1920, orientation 0, mode 1, display id 0
10-24 23:13:36.995  1417  2490 D InputReader: Wrote command set_rotation_status,0
10-24 23:13:36.995  1417  1417 D InputMethodManagerService: isImeSwitcherDisabledPackage : false
10-24 23:13:36.998  2781  2942 D vol.VolumeDialogControl: onReceive ACTION_CLOSE_SYSTEM_DIALOGS
10-24 23:13:37.008  3089  3089 I NfcP2pEventManager: changeConfiguration() in NfcService
10-24 23:13:37.010  3089  3089 D NfcService: PROXIMITY SCREEN ON
10-24 23:13:37.013  2750  2750 I SKBD    : ajd [PF_KL][SIIC] getSelectedText done 90
10-24 23:13:37.014  2750  2750 E SKBD    : axv [USICM][getSelectedText] updated, but null is returned
10-24 23:13:37.016  1042  1453 V APM_AudioPolicyManager: stopOutput() output 29, stream 3, session 12201
10-24 23:13:37.016  1042  1453 V APM_AudioPolicyManager: setBeaconMute(1) mBeaconMuteRefCount=1 mBeaconPlayingRefCount=0
10-24 23:13:37.017  1042  1453 V APM_AudioPolicyManager: selectOutputForMusicEffects activeOnly 1 outputs[2] flags 0x00000104
10-24 23:13:37.017  1042  1453 V APM_AudioPolicyManager: selectOutputForMusicEffects selected output 13
10-24 23:13:37.026  3089 10367 D NfcService: call the applyRouting
10-24 23:13:37.029 10196 10196 V threaded_app: SaveInstanceState: 0xd812bc60
10-24 23:13:37.033  2781  2932 D NetworkController.MobileSignalController(0/1): callState:0, callStateByPhone:false voLTECall:false voiceNetTpe:13 dataNetType:13, ine911:false, emergencyCallbackMode:false
10-24 23:13:37.036  1417  1417 I MotionRecognitionService: Plugged
10-24 23:13:37.036  1417  1417 D MotionRecognitionService:   mCableConnection= 1
10-24 23:13:37.036  1417  1417 D MotionRecognitionService: setPowerConnected : mGripEnabled = false
10-24 23:13:37.036  1417  1417 D SamsungPhoneWindowManager: ACTION_BATTERY_CHANGED - Level :: 100, battStatus :: 5
10-24 23:13:37.038  2781  2781 D ViewRootImpl@9bc13d[DockedStackDivider]: setView = com.android.systemui.stackdivider.DividerView{9600d32 I.E...... ......I. 0,0-0,0} TM=true MM=false
10-24 23:13:37.039  1417  1885 D UsbDeviceManager: handleMessage -> MSG_UPDATE_CHARGING_STATE = 1
10-24 23:13:37.043  5227  5227 V Configuration:  needToUpdateOverlays
10-24 23:13:37.044 25965 25965 V whitetile2_eat_srv:  mBatteryChangedReceiver voltage 4304
10-24 23:13:37.044  3127  3272 D EPDG -- SIM0 [EpdgSubScription]: android.intent.action.BATTERY_CHANGED intent received.
10-24 23:13:37.045  3107  3107 D PhoneApp: PhoneAppBroadcastReceiver onReceive android.intent.action.BATTERY_CHANGED
10-24 23:13:37.045  3107  3107 D TelephonyExtensionManager: lowBatterySound - isLowBatterySoundScheduled: false
10-24 23:13:37.045  3107  3107 D TelephonyExtensionManager: lowBatterySound - isPlayNow: false
10-24 23:13:37.047  3107  3107 D TelephonyExtensionManager: isSpeakerON - false
10-24 23:13:37.052  2781  2781 D ViewRootImpl@c93834f[DividerButtonsGroup]: dispatchDetachedFromWindow
10-24 23:13:37.052  2781  2781 D InputEventReceiver: channel 'da56c39 DividerButtonsGroup (client)' ~ Disposing input event receiver.
10-24 23:13:37.052  2781  2781 D InputEventReceiver: channel 'da56c39 DividerButtonsGroup (client)' ~NativeInputEventReceiver.
10-24 23:13:37.052  1417  2418 W AppOps  : Finishing op nesting under-run: uid 10063 pkg com.android.systemui code 70 time=0 duration=0 nesting=0
10-24 23:13:37.054  3107  3305 D TelephonyProvider: query: match = 1
10-24 23:13:37.054  3107  3305 D TelephonyProvider: URL_TELEPHONY uid = 1000, pid= 1417
10-24 23:13:37.055  2781  2803 D SystemServicesProxy: updateOverviewLastStackActiveTimeAsync: newTime=1540440816762
10-24 23:13:37.055  3107  3107 D TelephonyExtensionManager: lowBatterySound - batteryStatus: 5
10-24 23:13:37.055  3107  3107 D TelephonyExtensionManager: lowBatterySound - batteryLevel: 100
10-24 23:13:37.055  3107  3107 D TelephonyExtensionManager: lowBatterySound - cancel
10-24 23:13:37.056  2781  2932 D LocationControllerImpl: onReceive() = android.intent.action.CLOSE_SYSTEM_DIALOGS
10-24 23:13:37.056  1417  5465 D SamsungAlarmManager: Cancel Alarm calling from uid:1001 pid :3107 / op:PendingIntent{d535ebb: PendingIntentRecord{dbd220f com.android.phone broadcastIntent}}
10-24 23:13:37.056  1417  3145 D SecContentProvider: query(), uri = 17 selection = isSettingsChangesAllowed
10-24 23:13:37.056  3107  3107 D TelephonyExtension: Not stopping low battery tone
10-24 23:13:37.057  1417  3145 D SecContentProvider: called from android.uid.systemui:10063
10-24 23:13:37.059  2781  2896 D SystemServicesProxy: updateOverviewLastStackActiveTimeAsync: done.
10-24 23:13:37.060 12421 12421 D charging_screen: Naive charging time: 0 s
10-24 23:13:37.062  2781  2803 D skia    : approximate: numPoints=5, lengths[0]=0.000000, totalLength=1.503537, segmentPoints[0]=[0.000000,1.000000]
10-24 23:13:37.062  2781  2803 D skia    : approximate: approximation[0]=0.000000, approximation[1]=0.000000, approximation[2]=1.000000
10-24 23:13:37.062  2781  2803 D skia    : approximate: numPoints=5, lengths[4]=1.503537, totalLength=1.503537, segmentPoints[4]=[1.000000,0.000000]
10-24 23:13:37.062  2781  2803 D skia    : approximate: approximation[12]=1.000000, approximation[13]=1.000000, approximation[14]=0.000000
10-24 23:13:37.062  2781  2803 D skia    : approximate: numPoints=4, lengths[0]=0.000000, totalLength=1.605647, segmentPoints[0]=[0.000000,1.000000]
10-24 23:13:37.062  2781  2803 D skia    : approximate: approximation[0]=0.000000, approximation[1]=0.000000, approximation[2]=1.000000
10-24 23:13:37.062  2781  2803 D skia    : approximate: numPoints=4, lengths[3]=1.605647, totalLength=1.605647, segmentPoints[3]=[1.000000,0.000000]
10-24 23:13:37.062  2781  2803 D skia    : approximate: approximation[9]=1.000000, approximation[10]=1.000000, approximation[11]=0.000000
10-24 23:13:37.062  2781  2803 D skia    : approximate: numPoints=21, lengths[0]=0.000000, totalLength=1.118016, segmentPoints[0]=[0.000000,0.250000]
10-24 23:13:37.062  2781  2803 D skia    : approximate: approximation[0]=0.000000, approximation[1]=0.000000, approximation[2]=0.250000
10-24 23:13:37.062  2781  2803 D skia    : approximate: numPoints=21, lengths[20]=1.118016, totalLength=1.118016, segmentPoints[20]=[1.000000,0.150000]
10-24 23:13:37.062  2781  2803 D skia    : approximate: approximation[60]=1.000000, approximation[61]=1.000000, approximation[62]=0.150000
10-24 23:13:37.062  2781  2803 D skia    : approximate: numPoints=4, lengths[0]=0.000000, totalLength=1.162570, segmentPoints[0]=[0.000000,0.250000]
10-24 23:13:37.062  2781  2803 D skia    : approximate: approximation[0]=0.000000, approximation[1]=0.000000, approximation[2]=0.250000
10-24 23:13:37.062  2781  2803 D skia    : approximate: numPoints=4, lengths[3]=1.162570, totalLength=1.162570, segmentPoints[3]=[1.000000,0.250000]
10-24 23:13:37.063  2781  2803 D skia    : approximate: approximation[9]=1.000000, approximation[10]=1.000000, approximation[11]=0.250000
10-24 23:13:37.066  1417  1886 W Settings: Setting tether_dun_required has moved from android.provider.Settings.Secure to android.provider.Settings.Global
10-24 23:13:37.070  2781  2781 D ViewRootImpl@32edaf5[DividerButtonsGroup]: setView = com.android.systemui.stackdivider.DividerButtonsGroup{28108a I.E...... ......I. 0,0-0,0} TM=true MM=false
10-24 23:13:37.070  2781  2781 D ImageWallpaper: engine visible:false
10-24 23:13:37.073  2781  2781 D AnalyticUtils: sendScreenViewLog 500
10-24 23:13:37.074  2781  2781 D SamsungAnalytics: user do not agree
10-24 23:13:37.077  1417  2418 D ActivityManager: post active user change for 0 fullscreen true isHomeActivity() false
10-24 23:13:37.078  2781  2781 D ViewRootImpl@9e4beac[AssistPreviewPanel]: dispatchDetachedFromWindow
10-24 23:13:37.078  2781  2781 D InputEventReceiver: channel 'c71a4a6 AssistPreviewPanel (client)' ~ Disposing input event receiver.
10-24 23:13:37.078  2781  2781 D InputEventReceiver: channel 'c71a4a6 AssistPreviewPanel (client)' ~NativeInputEventReceiver.
10-24 23:13:37.078  1417  5405 W AppOps  : Finishing op nesting under-run: uid 10063 pkg com.android.systemui code 70 time=0 duration=0 nesting=0
10-24 23:13:37.082  2781  2781 D ViewRootImpl@8a8aace[StatusBar]: MSG_RESIZED_REPORT: frame=Rect(0, 0 - 1080, 72) ci=Rect(0, 0 - 0, 0) vi=Rect(0, 0 - 0, 0) or=1
10-24 23:13:37.083  2781  2781 D MetadataParser: onConfigurationChanged()
10-24 23:13:37.085  1417  5405 D SecContentProvider: query(), uri = 17 selection = isSettingsChangesAllowed
10-24 23:13:37.086  1417  5405 D SecContentProvider: called from android.uid.systemui:10063
10-24 23:13:37.087  1417  2418 D SecContentProvider: query(), uri = 17 selection = isSettingsChangesAllowed
10-24 23:13:37.087  1417  2418 D SecContentProvider: called from android.uid.systemui:10063
10-24 23:13:37.092  1417  2418 D SecContentProvider: query(), uri = 17 selection = isSettingsChangesAllowed
10-24 23:13:37.092  1417  2418 D SecContentProvider: called from android.uid.systemui:10063
10-24 23:13:37.100  2781  2781 I NotificationShelf: show backgroud: :false
10-24 23:13:37.104  2781  2781 D KeyguardUpdateMonitor: received broadcast android.intent.action.CONFIGURATION_CHANGED
10-24 23:13:37.104  2781  2781 D ViewRootImpl@8b6bcda[AssistPreviewPanel]: dispatchAttachedToWindow
10-24 23:13:37.105  1417  5405 V WindowManager: Relayout Window{a6de79f u0 AssistPreviewPanel}: viewVisibility=8 req=1080x750 WM.LayoutParams{(0,0)(fillx750) gr=#800053 sim=#31 ty=2033 fl=#1000118 fmt=-3 vsysui=0x700 colorMode=0 naviIconColor=0}
10-24 23:13:37.109  2781  2781 D ViewRootImpl@8b6bcda[AssistPreviewPanel]: Relayout returned: old=[0,0][0,0] new=[0,1920][1080,1920] result=0x1 surface={valid=false 0} changed=false
10-24 23:13:37.121  1417  5405 V WindowManager: Relayout Window{e0f52e6 u0 StatusBar}: viewVisibility=0 req=1080x72 WM.LayoutParams{(0,0)(fillx72) gr=#30 sim=#10 ty=2000 fl=#81840048 fmt=-3 vsysui=0x600 colorMode=0 naviIconColor=0}
10-24 23:13:37.138  2781  2781 D ViewRootImpl@8a8aace[StatusBar]: Relayout returned: old=[0,0][1080,72] new=[0,0][1080,72] result=0x23 surface={valid=true 500369395712} changed=false
10-24 23:13:37.141  2781  2958 D OpenGLRenderer: eglDestroySurface = 0x747c7b5890
10-24 23:13:37.141  2781  2781 D ScrollView:  onsize change changed 
10-24 23:13:37.143  2781  2958 D OpenGLRenderer: eglCreateWindowSurface = 0x747c7b5890
10-24 23:13:37.146  2781  2781 W View    : requestLayout() improperly called by android.widget.TextView{4b6bf65 V.ED..... ......ID 0,-18-1920,72 #7f0a03a2 app:id/notification_panel_carrier_label} during layout: running second layout pass
10-24 23:13:37.146  2781  2781 I ViewRootImpl@8a8aace[StatusBar]: requestLayout is already in process
10-24 23:13:37.159  1417  5405 V WindowManager: finishDrawingLocked: mDrawState=COMMIT_DRAW_PENDING Window{e0f52e6 u0 StatusBar} in Surface(name=StatusBar)
10-24 23:13:37.159  2781  2781 D ViewRootImpl@9bc13d[DockedStackDivider]: dispatchAttachedToWindow
10-24 23:13:37.164  1417  5405 V WindowManager: Relayout Window{574af4a u0 DockedStackDivider}: viewVisibility=4 req=1080x144 WM.LayoutParams{(0,0)(fillx144) sim=#20 ty=2034 fl=#21840028 pfl=0x40 fmt=-3 vsysui=0x700 colorMode=0 naviIconColor=0}
10-24 23:13:37.168  2781  2781 D ViewRootImpl@9bc13d[DockedStackDivider]: Relayout returned: old=[0,0][0,0] new=[0,0][0,0] result=0x1 surface={valid=false 0} changed=false
10-24 23:13:37.177  2781  2781 D ViewRootImpl@32edaf5[DividerButtonsGroup]: dispatchAttachedToWindow
10-24 23:13:37.178  1417  2418 V WindowManager: Relayout Window{a606f31 u0 DividerButtonsGroup}: viewVisibility=4 req=525x150 WM.LayoutParams{(0,0)(525x150) sim=#20 ty=2302 fl=#1040020 fmt=-3 vsysui=0x700 surfaceInsets=Rect(36, 36 - 36, 36) colorMode=0 naviIconColor=0}
10-24 23:13:37.181  2781  2781 D ViewRootImpl@32edaf5[DividerButtonsGroup]: Relayout returned: old=[0,0][0,0] new=[0,0][0,0] result=0x1 surface={valid=false 0} changed=false
10-24 23:13:37.183  1417  2418 V WindowManager: Relayout Window{61c4983 u0 com.android.systemui/com.android.systemui.recents.RecentsActivity}: viewVisibility=0 req=1080x1920 WM.LayoutParams{(0,0)(fillxfill) sim=#20 ty=1 fl=#89910500 pfl=0x24040 fmt=-3 vsysui=0x700 needsMenuKey=2 colorMode=0 naviIconColor=0}
10-24 23:13:37.184   772   772 I SurfaceFlinger: id=3448 createSurf (1080x1920),1 flag=4, com.android.systemui/com.android.systemui.recents.RecentsActivity#0
10-24 23:13:37.185  1417  2418 V Surface : sf_framedrop debug : 0x4f4c, game : false, logging : 0
10-24 23:13:37.186  1417  1845 D WindowManager: set systemUiVisibility : systemUiFlags= 0x708 fullscreenStackSysUiFlags= 0x0
10-24 23:13:37.190  1417  2418 D InputDispatcher: Focus entered window: 2781
10-24 23:13:37.191  2781  2781 V Surface : sf_framedrop debug : 0x4f4c, game : false, logging : 0
10-24 23:13:37.191  2781  2781 D ViewRootImpl@a630088[RecentsActivity]: Relayout returned: old=[0,0][1080,1920] new=[0,0][1080,1920] result=0x7 surface={valid=true 500267507712} changed=true
10-24 23:13:37.199  2781  2958 D OpenGLRenderer: eglCreateWindowSurface = 0x74802bf5b0
10-24 23:13:37.208  2781  2781 D vol.SecVolumeDialogImpl: dismissH reason: 2
10-24 23:13:37.209  2781  2781 D ViewRootImpl@792e057[DockedStackDivider]: dispatchDetachedFromWindow
10-24 23:13:37.209  2781  2781 D InputEventReceiver: channel '9738283 DockedStackDivider (client)' ~ Disposing input event receiver.
10-24 23:13:37.209  2781  2781 D InputEventReceiver: channel '9738283 DockedStackDivider (client)' ~NativeInputEventReceiver.
10-24 23:13:37.209  1417  5407 W AppOps  : Finishing op nesting under-run: uid 10063 pkg com.android.systemui code 70 time=0 duration=0 nesting=0
10-24 23:13:37.213  2781  2781 D Tile.AirplaneModeTile: onReceive: android.intent.action.CLOSE_SYSTEM_DIALOGS mSimCount 1
10-24 23:13:37.213  2781  2781 D Tile.MobileDataTile: action:android.intent.action.CLOSE_SYSTEM_DIALOGS
10-24 23:13:37.213  2781  2781 D PopupUI : PopupUIReceiver.onReceive() action : android.intent.action.CLOSE_SYSTEM_DIALOGS
10-24 23:13:37.213  2781  2781 D PopupUI.PopupUINotifications: dismissAlertDialogs()
10-24 23:13:37.213  2781  2781 D BrightnessMirror: hideMirror cancelled since it's not visible
10-24 23:13:37.213  2781  2781 D KeyguardUpdateMonitor: received broadcast android.intent.action.BATTERY_CHANGED
10-24 23:13:37.214  2781  2781 D BatteryController: onReceive-ACTION_BATTERY_CHANGED : mLevel=100, mBatteryStatus=5
10-24 23:13:37.215  2781  2781 D PowerUI : priorPlugType = 2 mPlugType =  2
10-24 23:13:37.223  2781  2932 D Tile.WifiTile: handleUpdateState enabledChanging
10-24 23:13:37.224  2781  2979 V SystemUIAnalytics: SAPreference : 1104 / 1
10-24 23:13:37.226  2781  2781 D KeyguardUpdateMonitor: handleConfigurationChanged
10-24 23:13:37.226  2781  2979 V SystemUIAnalytics: SAPreference : 1105 / 0
10-24 23:13:37.226  2781  2781 D ViewRootImpl@8a8aace[StatusBar]: MSG_RESIZED_REPORT: frame=Rect(0, 0 - 1080, 72) ci=Rect(0, 0 - 0, 0) vi=Rect(0, 0 - 0, 0) or=1
10-24 23:13:37.227  2781  2932 D Tile.RotationLockTile:  handleUpdateState: false orientation = true
10-24 23:13:37.227  2781  2932 D Tile.BluetoothTile: handleUpdateState enabled = false connected = false bluetoothState = 10
10-24 23:13:37.227  2781  2979 V SystemUIAnalytics: SAPreference : 1107 / 1
10-24 23:13:37.227  2781  2979 V SystemUIAnalytics: SAPreference : 1106 / 0
10-24 23:13:37.229  2781  2932 D Tile.AirplaneModeTile: # of NON-poweroff( in servicestate) : 1
10-24 23:13:37.229  2781  2932 D Tile.AirplaneModeTile:  handleUpdateState:  value false  state.dim false
10-24 23:13:37.229  2781  2979 V SystemUIAnalytics: SAPreference : 2014 / 0
10-24 23:13:37.249  1417  5407 V WindowManager: finishDrawingLocked: mDrawState=COMMIT_DRAW_PENDING Window{61c4983 u0 com.android.systemui/com.android.systemui.recents.RecentsActivity} in Surface(name=com.android.systemui/com.android.systemui.recents.RecentsActivity)
10-24 23:13:37.250  2781  2781 D BarTransitions.PhoneStatusBarView: MODE_OPAQUE -> MODE_TRANSPARENT animate=false
10-24 23:13:37.250  2781  2781 D ViewRootImpl@a630088[RecentsActivity]: MSG_RESIZED_REPORT: frame=Rect(0, 0 - 1080, 1920) ci=Rect(0, 0 - 0, 0) vi=Rect(0, 0 - 0, 0) or=1
10-24 23:13:37.250  2781  2781 D ViewRootImpl@a630088[RecentsActivity]: MSG_WINDOW_FOCUS_CHANGED 1
10-24 23:13:37.257  1417  2412 I WindowManager: Failed to capture screenshot of Token{48882c ActivityRecord{de1c3df u0 com.YourCompany.GiftGame/com.epicgames.ue4.GameActivity t290}} appWin=Window{42365 u0 com.YourCompany.GiftGame/com.epicgames.ue4.GameActivity} drawState=4
10-24 23:13:37.258  2781  2803 D WallpaperService: dispatchAppVisibility onVisibilityChanged(): true
10-24 23:13:37.261  1417  5405 D WindowManager: adjustSystemUiVisibilityLw : vis= 0x708
10-24 23:13:37.262  2781  2781 V InputMethodManager: Starting input: tba=android.view.inputmethod.EditorInfo@cfa85a2 nm : com.android.systemui ic=null
10-24 23:13:37.263  2781  2781 I InputMethodManager: startInputInner - mService.startInputOrWindowGainedFocus
10-24 23:13:37.263  1417  2418 D InputMethodManagerService: startInputOrWindowGainedFocus : windowGainedFocus 
10-24 23:13:37.263  1417  2418 D InputMethodManagerService: windowGainedFocus: destinationUserId (getCallingUid) = 0
10-24 23:13:37.263  1417  2418 D InputMethodManagerService: windowGainedFocus: currentUserId=0
10-24 23:13:37.263  1417  2418 D InputMethodManagerService: windowGainedFocus: mCurrentFocusedUserId=0
10-24 23:13:37.263  1417  2418 D InputMethodManagerService: windowGainedFocus : lock - currentUserId = 0 destinationUserId = 0
10-24 23:13:37.263  1417  2418 D InputMethodManagerService: windowGainedFocus : mCurrentFocusedUserId - 0 and mSecureKeypadEnabled - false, userSwitched - false
10-24 23:13:37.263  1417  2418 V InputMethodManagerService: windowGainedFocus : reason=WINDOW_FOCUS_GAIN client=android.os.BinderProxy@8c833b5 inputContext=null missingMethods= attribute=android.view.inputmethod.EditorInfo@dd67616 nm = com.android.systemui controlFlags=#100 softInputMode=#20 windowFlags=#89910500
10-24 23:13:37.263  1417  2418 V InputMethodManagerService: hideCurrentInputLocked : shouldHideSoftInput is false
10-24 23:13:37.264  1417  2418 D InputMethodManagerService: isImeSwitcherDisabledPackage : false
10-24 23:13:37.264  1417  2418 D InputMethodManagerService: setCurrentInputInfo - inputContext : null eidtorInfo : android.view.inputmethod.EditorInfo@dd67616 missingMethods : 0
10-24 23:13:37.268  1417  1887 D CustomFrequencyManagerService: acquireDVFSLockLocked : type : DVFS_MIN_LIMIT  frequency : 1555200  uid : 1000  pid : 1417  pkgName : AMS_RESUME_TAIL@CPU_MIN@71
10-24 23:13:37.268  1417  1887 D ActivityManagerPerformance: AMP_acquire() TAIL
10-24 23:13:37.268  1417  1887 D CustomFrequencyManagerService: releaseDVFSLockLocked : Getting Lock type frm List : DVFS_MIN_LIMIT  frequency : 1632000  uid : 1000  pid : 1417  tag : AMS_ACT_START@CPU_MIN@86
10-24 23:13:37.268  1417  1887 D ActivityManagerPerformance: AMP_release() ACT_START
10-24 23:13:37.272  2781  2913 I ApplicationPackageManager: load=com.YourCompany.GiftGame, bg=144-144, dr=144-144, forDefault=false, density=0
10-24 23:13:37.272  1417  5405 V WindowManager: Relayout Window{61c4983 u0 com.android.systemui/com.android.systemui.recents.RecentsActivity}: viewVisibility=0 req=1080x1920 WM.LayoutParams{(0,0)(fillxfill) sim=#20 ty=1 fl=#89910500 pfl=0x24040 fmt=-3 vsysui=0x700 needsMenuKey=2 colorMode=0 naviIconColor=0}
10-24 23:13:37.273  2781  2913 I ApplicationPackageManager: scaled rate=0.59999996, size=144, alpha=0, hold=0
10-24 23:13:37.273  2781  2913 I ApplicationPackageManager: load=com.YourCompany.GiftGame-theme2, bg=144-144, dr=144-144, tarScale=0.59999996, relScale=0.59999996, mask=false
10-24 23:13:37.276  2781  2781 D ViewRootImpl@a630088[RecentsActivity]: Relayout returned: old=[0,0][1080,1920] new=[0,0][1080,1920] result=0x1 surface={valid=true 500267507712} changed=false
10-24 23:13:37.278  2781  2958 D OpenGLRenderer: eglDestroySurface = 0x74802bf5b0
10-24 23:13:37.279  2781  2958 D OpenGLRenderer: eglCreateWindowSurface = 0x74802bf5b0
10-24 23:13:37.285   772   772 I SurfaceFlinger: Display 0 HWC layers:
10-24 23:13:37.285   772   772 I SurfaceFlinger:     type    |    handle    | flag |  format   |   source crop (l,t,r,b)    |         frame       | name 
10-24 23:13:37.285   772   772 I SurfaceFlinger: ------------+--------------+------+-----------+----------------------------+---------------------+------
10-24 23:13:37.285   772   772 I SurfaceFlinger:      Device | 0x7dd4376280 | 0000 | RGBA_8888 |   0.0    0.0 1080.0 1920.0 |    0    0 1080 1920 | com.android.systemui/com.android.systemui.recents.RecentsActivity#0
10-24 23:13:37.285   772   772 I SurfaceFlinger:      Device | 0x7dd4270500 | 0000 | RGBA_8888 |   0.0    0.0 1080.0 1920.0 |    0    0 1080 1920 | ScreenshotSurface#0
10-24 23:13:37.285   772   772 I SurfaceFlinger: 
10-24 23:13:37.294  2781  2781 D ImageWallpaper: onOffsetsChanged: xOffset=0.0, yOffset=0.0, xOffsetStep=0.0, yOffsetStep=0.0, xPixels=0, yPixels=0
10-24 23:13:37.294  2781  2781 D ImageWallpaper: newRotation : 0,mLastRotation : 1
10-24 23:13:37.294  2781  2781 W SemDesktopModeManager: Desktop Mode feature not available or SemDesktopModeManager not instantiated. Please check Configuration.semDesktopModeEnabled instead.
10-24 23:13:37.294  2781  2781 D ImageWallpaper: redraw is not needed, because rotation
10-24 23:13:37.294  2781  2781 D WallpaperService: updateSurface forceRelayout=false redrawNeeded=false myWidth=1080 myHeight=1920 fixedSize=true x = 0 y = 0 mWidth=1080 mHeight=1920 mIsSleepMode=false
10-24 23:13:37.294  2781  2781 D ImageWallpaper: onVisibilityChanged: mVisible, visible=false, true
10-24 23:13:37.294  2781  2781 D ImageWallpaper: Visibility changed to visible=true
10-24 23:13:37.294  2781  2781 D ImageWallpaper: newRotation : 0,mLastRotation : 0
10-24 23:13:37.294  2781  2781 W SemDesktopModeManager: Desktop Mode feature not available or SemDesktopModeManager not instantiated. Please check Configuration.semDesktopModeEnabled instead.
10-24 23:13:37.294  2781  2781 D ImageWallpaper: drawFrame:[frame.width()]1080[frame.height()]1920
10-24 23:13:37.294  2781  2781 D ImageWallpaper: surfaceDimensionsChanged=false mDisplayWidth=1080 mDisplayHeight=1920
10-24 23:13:37.294  2781  2781 D ImageWallpaper: mNewKeyboard : 0 mLastKeyboard : 0 mForceDraw = false
10-24 23:13:37.294  2781  2781 D ImageWallpaper: redrawNeeded = false, mOffsetsChanged = false
10-24 23:13:37.294  2781  2781 D ImageWallpaper: Suppressed drawFrame since redraw is not needed and offsets have not changed.
10-24 23:13:37.294  2781  2781 D WallpaperService: reportVisibility onVisibilityChanged visible: true
10-24 23:13:37.295  2781  2781 D WallpaperService: updateSurface forceRelayout=true redrawNeeded=true myWidth=1080 myHeight=1920 fixedSize=true x = 0 y = 0 mWidth=1080 mHeight=1920 mIsSleepMode=false
10-24 23:13:37.296  1417  2418 V WindowManager: Relayout Window{8d4195 u0 com.android.systemui.ImageWallpaper}: viewVisibility=0 req=1080x1920 WM.LayoutParams{(0,0)(1080x1920) gr=#800033 ty=2013 fl=#10318 fmt=2 wanim=0x103030e colorMode=0 naviIconColor=0 sfl=0x8}
10-24 23:13:37.299  2781  2781 D ImageWallpaper: onSurfaceRedrawNeeded
10-24 23:13:37.300  2781  2781 D ImageWallpaper: newRotation : 0,mLastRotation : 0
10-24 23:13:37.300  2781  2781 W SemDesktopModeManager: Desktop Mode feature not available or SemDesktopModeManager not instantiated. Please check Configuration.semDesktopModeEnabled instead.
10-24 23:13:37.300  2781  2781 D ImageWallpaper: drawFrame:[frame.width()]1080[frame.height()]1920
10-24 23:13:37.300  2781  2781 D ImageWallpaper: surfaceDimensionsChanged=false mDisplayWidth=1080 mDisplayHeight=1920
10-24 23:13:37.300  2781  2781 D ImageWallpaper: mNewKeyboard : 0 mLastKeyboard : 0 mForceDraw = false
10-24 23:13:37.300  2781  2781 D ImageWallpaper: redrawNeeded = false, mOffsetsChanged = false
10-24 23:13:37.300  2781  2781 D ImageWallpaper: Suppressed drawFrame since redraw is not needed and offsets have not changed.
10-24 23:13:37.300  2781  2781 D WallpaperService: updateSurface : finish redrawing
10-24 23:13:37.301  1417  2418 V WindowManager: finishDrawingLocked: mDrawState=COMMIT_DRAW_PENDING Window{8d4195 u0 com.android.systemui.ImageWallpaper} in Surface(name=com.android.systemui.ImageWallpaper)
10-24 23:13:37.301  2781  2781 D ImageWallpaper: onOffsetsChanged: xOffset=0.0, yOffset=0.0, xOffsetStep=0.0, yOffsetStep=0.0, xPixels=0, yPixels=0
10-24 23:13:37.302  2781  2781 D ImageWallpaper: newRotation : 0,mLastRotation : 0
10-24 23:13:37.302  2781  2781 W SemDesktopModeManager: Desktop Mode feature not available or SemDesktopModeManager not instantiated. Please check Configuration.semDesktopModeEnabled instead.
10-24 23:13:37.302  2781  2781 D ImageWallpaper: drawFrame:[frame.width()]1080[frame.height()]1920
10-24 23:13:37.302  2781  2781 D ImageWallpaper: surfaceDimensionsChanged=false mDisplayWidth=1080 mDisplayHeight=1920
10-24 23:13:37.302  2781  2781 D ImageWallpaper: mNewKeyboard : 0 mLastKeyboard : 0 mForceDraw = false
10-24 23:13:37.302  2781  2781 D ImageWallpaper: redrawNeeded = false, mOffsetsChanged = false
10-24 23:13:37.302  2781  2781 D ImageWallpaper: Suppressed drawFrame since redraw is not needed and offsets have not changed.
10-24 23:13:37.319  1417  2412 I WindowManager: Screen frozen for +517ms due to Window{8d4195 u0 com.android.systemui.ImageWallpaper}
10-24 23:13:37.320   772   772 I SurfaceFlinger: id=3449 createSurf (3840x1080),-1 flag=20004, BlackSurface#0
10-24 23:13:37.322   772   772 I SurfaceFlinger: id=3450 createSurf (1920x2160),-1 flag=20004, BlackSurface#0
10-24 23:13:37.323   772   772 I SurfaceFlinger: id=3451 createSurf (3840x1080),-1 flag=20004, BlackSurface#0
10-24 23:13:37.325   772   772 I SurfaceFlinger: id=3452 createSurf (1920x2160),-1 flag=20004, BlackSurface#0
10-24 23:13:37.326  1417  2412 D InputDispatcher: setInputDispatchMode: enabled=1, frozen=0
10-24 23:13:37.328   714  1323 D audio_hw_primary: adev_set_parameters: enter: display_rotation=0
10-24 23:13:37.328   714  1323 V msm8974_platform: platform_set_parameters: enter: display_rotation=0
10-24 23:13:37.328   714  1323 V msm8974_platform: platform_set_parameters: exit with code(0)
10-24 23:13:37.328   714  1323 V audio_hw_sec: factory_set_parameters: enter: display_rotation=0
10-24 23:13:37.328   714  1323 E soundtrigger: audio_extn_sound_trigger_set_parameters: str_params NULL
10-24 23:13:37.329  1042  1458 V MultiRecordManager: setParameters(): io 0, keyvalue display_rotation=0, calling pid 1417
10-24 23:13:37.337   772   772 I SurfaceFlinger: Display 0 HWC layers:
10-24 23:13:37.337   772   772 I SurfaceFlinger:     type    |    handle    | flag |  format   |   source crop (l,t,r,b)    |         frame       | name 
10-24 23:13:37.337   772   772 I SurfaceFlinger: ------------+--------------+------+-----------+----------------------------+---------------------+------
10-24 23:13:37.337   772   772 I SurfaceFlinger:      Device | 0x7dd4036a00 | 0002 | RGBx_8888 |   0.0    0.0 1080.0 1920.0 |    0    0 1080 1920 | com.android.systemui.ImageWallpaper#0
10-24 23:13:37.337   772   772 I SurfaceFlinger:      Device | 0x7dd4270280 | 0000 | RGBA_8888 |   0.0    0.0 1080.0 1920.0 |    0    0 1080 1920 | com.android.systemui/com.android.systemui.recents.RecentsActivity#0
10-24 23:13:37.337   772   772 I SurfaceFlinger:      Device | 0x7dd4270500 | 0000 | RGBA_8888 |   0.0    0.0 1080.0 1920.0 |    0    0 1080 1920 | ScreenshotSurface#0
10-24 23:13:37.337   772   772 I SurfaceFlinger: 
10-24 23:13:37.371   772   772 I SurfaceFlinger: Display 0 HWC layers:
10-24 23:13:37.371   772   772 I SurfaceFlinger:     type    |    handle    | flag |  format   |   source crop (l,t,r,b)    |         frame       | name 
10-24 23:13:37.371   772   772 I SurfaceFlinger: ------------+--------------+------+-----------+----------------------------+---------------------+------
10-24 23:13:37.371   772   772 I SurfaceFlinger:      Device | 0x7dd4036a00 | 0002 | RGBx_8888 |   0.0    0.0 1080.0 1920.0 |    0    0 1080 1920 | com.android.systemui.ImageWallpaper#0
10-24 23:13:37.371   772   772 I SurfaceFlinger:      Client | 0x7dd4376180 | 0000 | RGBA_8888 |   0.0  203.0 1080.0 1717.0 |    0  215 1080 1705 | com.android.systemui/com.android.systemui.recents.RecentsActivity#0
10-24 23:13:37.371   772   772 I SurfaceFlinger:      Client | 0x7dd4270500 | 0000 | RGBA_8888 |   0.0    0.0 1080.0 1920.0 |    0    0 1080 1920 | ScreenshotSurface#0
10-24 23:13:37.371   772   772 I SurfaceFlinger:      Client |              | 0000 |  Unknown  |  -0.5   -0.9   -1.0   -1.0 |  338    0 1080 1609 | BlackSurface#0
10-24 23:13:37.371   772   772 I SurfaceFlinger:      Client |              | 0000 |  Unknown  |  -0.9   -0.0   -1.0   -0.4 |    0    0  868  686 | BlackSurface#0
10-24 23:13:37.371   772   772 I SurfaceFlinger:      Client |              | 0000 |  Unknown  |  -0.0    0.0   -0.5   -0.1 |    0  311  742 1920 | BlackSurface#0
10-24 23:13:37.371   772   772 I SurfaceFlinger:      Client |             
10-24 23:13:37.371   772   772 I SurfaceFlinger:  | 0000 |  Unknown  |   0.0   -0.6   -0.1   -1.0 |  212 1234 1080 1920 | BlackSurface#0
10-24 23:13:37.371   772   772 I SurfaceFlinger: 
10-24 23:13:37.441 10196 10315 D UE4     : *** JavaEnvDestructor: 10315
10-24 23:13:37.441 10196 10317 D UE4     : *** JavaEnvDestructor: 10317
10-24 23:13:37.442 10196 10314 D UE4     : *** JavaEnvDestructor: 10314
10-24 23:13:37.460  1417  2448 D SamsungAlarmManager: Expired : 4
10-24 23:13:37.460  1417  2448 I SamsungAlarmManager: setLocked to kernel - T:2 / 20181024T231423, SetElapsed=352810820, nowELAPSED=352765037
10-24 23:13:37.460  1417  2448 I SamsungAlarmManager: setLocked to kernel - T:3 / 20181024T231339, SetElapsed=352767321, nowELAPSED=352765037
10-24 23:13:37.461  1417  2448 V SamsungAlarmManager: Sending to uid : 10069 action=null alarm=Alarm{6c171f0 type 0 when 1540440817460 com.cmplay.tiles2}
10-24 23:13:37.463 25965 25965 D CF      : ALARM_SERVICE_START_TIME = 1540440817463
10-24 23:13:37.464  1417  5407 D SamsungAlarmManager: Cancel Alarm calling from uid:10069 pid :25965 / op:PendingIntent{b4d369: PendingIntentRecord{6da05db com.cmplay.tiles2 startService}}
10-24 23:13:37.466  1417  5407 D SamsungAlarmManager: setExact Intent (T:0/F:5/AC:false) 20181024T231347 - CU:10069/CP:25965
10-24 23:13:37.466  1417  5407 I SamsungAlarmManager: setLocked to kernel - T:2 / 20181024T231347, SetElapsed=352775041, nowELAPSED=352765042
10-24 23:13:37.548 10196 10319 D UE4     : *** JavaEnvDestructor: 10319
10-24 23:13:37.570  1417  1417 D CustomFrequencyManagerService: releaseDVFSLockLocked : Getting Lock type frm List : DVFS_MIN_LIMIT  frequency : 1555200  uid : 1000  pid : 1417  tag : AMS_RESUME_TAIL@CPU_MIN@71
10-24 23:13:37.670   772   772 I SurfaceFlinger: Display 0 HWC layers:
10-24 23:13:37.670   772   772 I SurfaceFlinger:     type    |    handle    | flag |  format   |   source crop (l,t,r,b)    |         frame       | name 
10-24 23:13:37.670   772   772 I SurfaceFlinger: ------------+--------------+------+-----------+----------------------------+---------------------+------
10-24 23:13:37.670   772   772 I SurfaceFlinger:      Device | 0x7dd4036a00 | 0002 | RGBx_8888 |   0.0    0.0 1080.0 1920.0 |    0    0 1080 1920 | com.android.systemui.ImageWallpaper#0
10-24 23:13:37.670   772   772 I SurfaceFlinger:      Client | 0x7dd4376180 | 0000 | RGBA_8888 |   0.0    0.0 1079.0 1919.0 |    0    0 1080 1920 | com.android.systemui/com.android.systemui.recents.RecentsActivity#0
10-24 23:13:37.670   772   772 I SurfaceFlinger:      Client | 0x7dd4270500 | 0000 | RGBA_8888 |   0.0    0.0 1080.0 1920.0 |    0    0 1080 1920 | ScreenshotSurface#0
10-24 23:13:37.670   772   772 I SurfaceFlinger: 
10-24 23:13:37.719  1417  2490 D InputReader: Input event(6): value=1 when=85888685020000
10-24 23:13:37.719  1417  2490 D InputReader: Input event(6): value=1 when=85888685020000
10-24 23:13:37.720  1417  2490 I InputReader: Touch event's action is 0x0 (deviceType=0) [pCnt=1, s=0.20903 ] when=85888685020000
10-24 23:13:37.720  1417  2489 I InputDispatcher: Delivering touch to (2781): action: 0x0, toolType: 1
10-24 23:13:37.720  1417  2489 I InputDispatcher: Delivering touch to (2781): action: 0x0, toolType: 1
10-24 23:13:37.720  2781  2781 D ViewRootImpl@a630088[RecentsActivity]: ViewPostIme pointer 0
10-24 23:13:37.751   772   842 I SurfaceFlinger: id=3447 Removed ScreenshotSurface#0 (5/9)
10-24 23:13:37.751   772   842 I SurfaceFlinger: id=3447 Removed ScreenshotSurface#0 (-2/9)
10-24 23:13:37.751   772   996 I SurfaceFlinger: id=3449 Removed BlackSurface#0 (5/8)
10-24 23:13:37.752   772  3176 I SurfaceFlinger: id=3449 Removed BlackSurface#0 (-2/8)
10-24 23:13:37.752   772   996 I SurfaceFlinger: id=3450 Removed BlackSurface#0 (5/7)
10-24 23:13:37.753   772   996 I SurfaceFlinger: id=3450 Removed BlackSurface#0 (-2/7)
10-24 23:13:37.753   772  3176 I SurfaceFlinger: id=3451 Removed BlackSurface#0 (5/6)
10-24 23:13:37.754   772   840 I SurfaceFlinger: id=3451 Removed BlackSurface#0 (-2/6)
10-24 23:13:37.754   772   996 I SurfaceFlinger: id=3452 Removed BlackSurface#0 (5/5)
10-24 23:13:37.754   772  3176 I SurfaceFlinger: id=3452 Removed BlackSurface#0 (-2/5)
10-24 23:13:37.766   772   772 I Layer   : id=3449 onRemoved BlackSurface#0 
10-24 23:13:37.766   772   772 I Layer   : id=3452 onRemoved BlackSurface#0 
10-24 23:13:37.766   772   772 I Layer   : id=3451 onRemoved BlackSurface#0 
10-24 23:13:37.766   772   772 I Layer   : id=3450 onRemoved BlackSurface#0 
10-24 23:13:37.766   772   772 I Layer   : id=3447 onRemoved ScreenshotSurface#0 
10-24 23:13:37.771  1417  2412 V WindowManager: rotationForOrientationLw(orient=-1, last=0); user=0 USER_ROTATION_LOCKED sensorRotation=-1 mLidState=-1 mDockMode=0 mHdmiPlugged=false
10-24 23:13:37.771   772   772 I SurfaceFlinger: Display 0 HWC layers:
10-24 23:13:37.771   772   772 I SurfaceFlinger:     type    |    handle    | flag |  format   |   source crop (l,t,r,b)    |         frame       | name 
10-24 23:13:37.771   772   772 I SurfaceFlinger: ------------+--------------+------+-----------+----------------------------+---------------------+------
10-24 23:13:37.771   772   772 I SurfaceFlinger:      Device | 0x7dd4036a00 | 0002 | RGBx_8888 |   0.0    0.0 1080.0 1920.0 |    0    0 1080 1920 | com.android.systemui.ImageWallpaper#0
10-24 23:13:37.771   772   772 I SurfaceFlinger:      Device | 0x7dd4270580 | 0000 | RGBA_8888 |   1.0    1.0 1079.0 1919.0 |    0    0 1080 1920 | com.android.systemui/com.android.systemui.recents.RecentsActivity#0
10-24 23:13:37.771   772   772 I SurfaceFlinger: 
10-24 23:13:37.820  1417  2490 D InputReader: Input event(6): value=0 when=85888785312000
10-24 23:13:37.820  1417  2490 D InputReader: Input event(6): value=0 when=85888785312000
10-24 23:13:37.820  1417  2490 I InputReader: Touch event's action is 0x1 (deviceType=0) [pCnt=1, s=] when=85888785312000
10-24 23:13:37.820  1417  2489 I InputDispatcher: Delivering touch to (2781): action: 0x1, toolType: 1
10-24 23:13:37.820  1417  2489 I InputDispatcher: Delivering touch to (2781): action: 0x1, toolType: 1
10-24 23:13:37.820  2781  2781 D ViewRootImpl@a630088[RecentsActivity]: ViewPostIme pointer 1
10-24 23:13:37.822  2781  2781 D RecentsView: onClick(CloseAllButton) :: mBlockTwiceTouchOnCloseAllButton=false
10-24 23:13:37.824  2781  2781 D SystemUIAnalytics: sendEventLog 500, 5105, 1
10-24 23:13:37.824  2781  2781 D SamsungAnalytics: user do not agree
10-24 23:13:38.034  2781  2781 D SystemServicesProxy: removeTask: tid=290
10-24 23:13:38.035  2781  2781 D SystemServicesProxy: sendCloseSystemWindows: reason=homekey
10-24 23:13:38.042  1417  2418 I MARsPolicyManager: AR not enabled
10-24 23:13:38.042  1417  2418 I ActivityManager: Killing 10196:com.YourCompany.GiftGame/u0a512 (adj 900): remove task
10-24 23:13:38.044  2781  2896 D SystemServicesProxy: removeTask: done.
10-24 23:13:38.044  1417  3896 D Dex2oatAdjuster: Before fg size = 0
10-24 23:13:38.044  1417  3896 D Dex2oatAdjuster: After bg size = 0 fg size = 0
10-24 23:13:38.047  2781  2896 D SystemServicesProxy: sendCloseSystemWindows: done.
10-24 23:13:38.048  1417  5407 I ActivityManager: START u0 {act=android.intent.action.MAIN typ=null flg=0x10200000 cmp=ComponentInfo{com.sec.android.app.launcher/com.sec.android.app.launcher.activities.LauncherActivity}} from uid 10063
10-24 23:13:38.053  1417  5407 D CustomFrequencyManagerService: acquireDVFSLockLocked : type : DVFS_MIN_LIMIT  frequency : 2150400  uid : 1000  pid : 1417  pkgName : AMS_APP_HOME@CPU_MIN@19
10-24 23:13:38.053  1417  5407 D ActivityManagerPerformance: AMP_acquire() HOME
10-24 23:13:38.055  1417  1417 D CodecSolution: MultiWindowEventListener::onMultiWindowFocusChanged(0)
10-24 23:13:38.055  1417  1417 D MdnieScenarioControlService: Listener Real Multi Window State : true
10-24 23:13:38.055  1417  1417 D CS_HdrController: MultiWindowEventListener::onFocusStackChanged(0)
10-24 23:13:38.057  1417  5407 D ActivityManager: isScaleDownAnimationEnabled() : false
10-24 23:13:38.057  1417  5407 D PersonaManagerService: Current focused persona service handled id set to : 0
10-24 23:13:38.057  1417  5407 D InputDispatcher: Focused application set to: xxxx
10-24 23:13:38.058  1417  5407 D InputDispatcher: Focus left window: 2781
10-24 23:13:38.065  1417  5407 V WindowManager: rotationForOrientationLw(orient=5, last=0); user=0 USER_ROTATION_LOCKED sensorRotation=-1 mLidState=-1 mDockMode=0 mHdmiPlugged=false
10-24 23:13:38.067  4296  4296 I Launcher: onWindowVisibilityChanged : false
10-24 23:13:38.067  1417  5407 D MARsPolicyManager: onPackageResumedFG pkgName = com.sec.android.app.launcher, userId = 0
10-24 23:13:38.067  1417  2642 D GameManagerService: handleForegroundChange(). pkgName: com.sec.android.app.launcher, clsName: com.android.launcher3.Launcher,FgActivityName:com.sec.android.app.launcher/com.android.launcher3.Launcher
10-24 23:13:38.068  1417  2642 D GameManagerService: sem_perfomance_mode: 0
10-24 23:13:38.068  1417  2642 D GameManagerService: notifyResumePause(). pkg: com.sec.android.app.launcher, type: 4, isMinimized: false, isTunableApp: false
10-24 23:13:38.068  1417  2642 D GameManagerService:   notifyResumePause(). do nothing. mKillNotiCount: 3
10-24 23:13:38.072  1417  5405 V WindowManager: Relayout Window{a844b67 u0 com.sec.android.app.launcher/com.sec.android.app.launcher.activities.LauncherActivity}: viewVisibility=4 req=1080x1920 WM.LayoutParams{(0,0)(fillxfill) sim=#130 ty=1 fl=#81910d00 pfl=0x20000 fmt=-2 wanim=0x10302ea vsysui=0x2700 needsMenuKey=2 colorMode=0 dimDuration=322 naviIconColor=0}
10-24 23:13:38.075  2781  2942 D vol.VolumeDialogControl: onReceive ACTION_CLOSE_SYSTEM_DIALOGS
10-24 23:13:38.075  2781  2932 D LocationControllerImpl: onReceive() = android.intent.action.CLOSE_SYSTEM_DIALOGS
10-24 23:13:38.079  4296  4296 D ViewRootImpl@625a3ec[LauncherActivity]: Relayout returned: old=[0,0][1080,1920] new=[0,0][1080,1920] result=0x1 surface={valid=false 0} changed=false
10-24 23:13:38.079  4296  4296 D Launcher: onNewIntent
10-24 23:13:38.079  4296  4296 D InputMethodManager: HSIFW - flag : 0 Pid : 4296
10-24 23:13:38.080  2781  2781 D ViewRootImpl@a630088[RecentsActivity]: MSG_WINDOW_FOCUS_CHANGED 0
10-24 23:13:38.081  1417  5405 W InputMethodManagerService: hideSoftInput : Ignoring, uid 10066: com.android.internal.view.IInputMethodClient$Stub$Proxy@9be3d25
10-24 23:13:38.081  4296  4296 D HomeContainer: setAlpha : 1.0
10-24 23:13:38.082  1417  1417 D CS_HdrController: updateMultiWindowState : 0
10-24 23:13:38.083  1417  1417 D InputMethodManagerService: isImeSwitcherDisabledPackage : false
10-24 23:13:38.083  4296  4296 V Launcher: Launcher.onResume()
10-24 23:13:38.084  3089  3137 D ForegroundUtils: could not check pending caller
10-24 23:13:38.085  2781  2781 D vol.SecVolumeDialogImpl: dismissH reason: 2
10-24 23:13:38.085  2781  2781 D Tile.AirplaneModeTile: onReceive: android.intent.action.CLOSE_SYSTEM_DIALOGS mSimCount 1
10-24 23:13:38.085  2781  2781 D Tile.MobileDataTile: action:android.intent.action.CLOSE_SYSTEM_DIALOGS
10-24 23:13:38.086  2781  2781 D PopupUI : PopupUIReceiver.onReceive() action : android.intent.action.CLOSE_SYSTEM_DIALOGS
10-24 23:13:38.086  2781  2781 D PopupUI.PopupUINotifications: dismissAlertDialogs()
10-24 23:13:38.086  2781  2781 D BrightnessMirror: hideMirror cancelled since it's not visible
10-24 23:13:38.090  1417  3896 D Dex2oatAdjuster: Before bg size = 0
10-24 23:13:38.090  1417  3896 D Dex2oatAdjuster: After bg size = 0 fg size = 0
10-24 23:13:38.091  1417  7866 D GamePkgDataHelper: getGamePkgDataIncServer(). com.sec.android.app.launcher
10-24 23:13:38.091  1417  2418 W ActivityManager: Unable to start service Intent { act=com.android.launcher3.WINDOW_OVERLAY dat=app://com.sec.android.app.launcher:10066?v=0 pkg=com.google.android.googlequicksearchbox } U=0: not found
10-24 23:13:38.091  4296  4296 D ExternalMethodQueue: Getting and clearing EXTERNAL_METHOD_LIST: null
10-24 23:13:38.091  4296  4296 D Launcher.HomeController: onResume HomeContainer current alpha = 1.0
10-24 23:13:38.091  1417  7866 D GameManagerService: identifyGamePackage. com.sec.android.app.launcher
10-24 23:13:38.091  4296  4296 D AppsCustomAdapter: notifyUpdate : com.android.launcher3.Launcher@2f7db54
10-24 23:13:38.091  4296  4359 I LauncherAppWidgetInfo: reinflateWidgetsIfNecessary, Not required: AppWidget(id=6)
10-24 23:13:38.091  4296  4296 D AppsDragController: needDeferToBind : true , false
10-24 23:13:38.091  4296  4359 I LauncherAppWidgetInfo: reinflateWidgetsIfNecessary, Not required: AppWidget(id=8)
10-24 23:13:38.091  1417  7866 D GamePkgDataHelper: getGamePkgData(). com.sec.android.app.launcher
10-24 23:13:38.091  4296  4296 D Launcher: setupWallpaperScroller
10-24 23:13:38.091  4296  4359 I LauncherAppWidgetInfo: reinflateWidgetsIfNecessary, Not required: AppWidget(id=12)
10-24 23:13:38.092  4296  4359 I LauncherAppWidgetInfo: reinflateWidgetsIfNecessary, Not required: AppWidget(id=14)
10-24 23:13:38.092  4296  4359 I LauncherAppWidgetInfo: reinflateWidgetsIfNecessary, Not required: AppWidget(id=15)
10-24 23:13:38.092  4296  4359 I LauncherAppWidgetInfo: reinflateWidgetsIfNecessary, Not required: AppWidget(id=17)
10-24 23:13:38.092  4296  4359 I LauncherAppWidgetInfo: reinflateWidgetsIfNecessary, Not required: AppWidget(id=21)
10-24 23:13:38.092  4296  4359 I LauncherAppWidgetInfo: reinflateWidgetsIfNecessary, Not required: AppWidget(id=23)
10-24 23:13:38.092  4296  4359 I LauncherAppWidgetInfo: reinflateWidgetsIfNecessary, Not required: AppWidget(id=27)
10-24 23:13:38.092  3089  3137 D ForegroundUtils: could not check pending caller
10-24 23:13:38.092  1417  7866 D GameManagerService: identifyGamePackage. com.sec.android.app.launcher
10-24 23:13:38.092  1417  7866 D GamePkgDataHelper: getGamePkgData(). com.sec.android.app.launcher
10-24 23:13:38.096  1417  5405 D Notification: allPendingIntents
10-24 23:13:38.098  1417  5405 I chatty  : uid=1000(system) Binder:1417_18 identical 5 lines
10-24 23:13:38.098  1417  5405 D Notification: allPendingIntents
10-24 23:13:38.103  4296  4296 D Notification.Badge: [filtered] shouldBeFilteredOut().Notification.FLAG_ONGOING_EVENT [sbn : StatusBarNotification(pkg=org.malwarebytes.antimalware user=UserHandle{0} id=1 tag=null key=0|org.malwarebytes.antimalware|1|null|10317: Notification(channel=null pri=0 contentView=null vibrate=null sound=null defaults=0x0 flags=0x22 color=0x00000000 number=0 vis=PRIVATE semFlags=0x0 semPriority=0 semMissedCount=0))]
