10-28 20:09:05.860 30689 30744 D UE4     : [2018.10.29-01.09.05:860][  0]LogAndroidEvents: Display: DequeueAppEvent : 7, 0
10-28 20:09:05.888 30689 30744 D UE4     : [2018.10.29-01.09.05:888][  0]LogTemp: Android resume audio
10-28 20:09:05.889 30689 30744 D UE4     : Registering volume receiver
10-28 20:09:05.892  1417  4163 D AudioService: GetAppDevice, uid=10530
10-28 20:09:05.892  1417  4163 D AudioService: getStreamVolume 3 index 140
10-28 20:09:05.893 30689 30744 D UE4     : startVolumeReceiver: 14
10-28 20:09:05.893 30689 30744 D UE4     : nativeVolumeEvent(14)
10-28 20:09:05.894 30689 30744 D UE4     : Registering battery receiver
10-28 20:09:05.899 30689 30744 D UE4     : Registering headset receiver
10-28 20:09:05.904 30689 30744 D UE4     : startHeadsetReceiver: 0
10-28 20:09:05.904 30689 30744 D UE4     : nativeHeadsetEvent(0)
10-28 20:09:05.904 30689 30689 D UE4     : headsetReceiver::onReceive
10-28 20:09:05.904 30689 30689 D UE4     : nativeHeadsetEvent(0)
10-28 20:09:05.904 30689 30744 D UE4     : [2018.10.29-01.09.05:904][  0]LogUdpMessaging: Initializing bridge on interface 0.0.0.0:0 to multicast group 230.0.0.1:6666.
10-28 20:09:05.913 30689 30744 D UE4     : [2018.10.29-01.09.05:913][  0]LogTcpMessaging: Initializing TcpMessaging bridge, listening on 127.0.0.1:6666
10-28 20:09:05.916 30689 30744 D UE4     : Execution has been resumed!
10-28 20:09:05.972 30689 30836 D         : PlayerBase::PlayerBase()
10-28 20:09:05.974 30689 30836 D         : TrackPlayerBase::TrackPlayerBase()
10-28 20:09:05.974 30689 30836 I libOpenSLES: Emulating old channel mask behavior (ignoring positional mask 0x3, using default mask 0x3 based on channel count of 2)
10-28 20:09:05.977  1042  3275 V APM_AudioPolicyManager: getOutputForAttr() usage=1, content=2, tag= flags=00000000 session 25609 selectedDeviceId 0
10-28 20:09:05.978  1042  3275 D APM::SoundKitchen: getDevice, uid = 10530, device = 0
10-28 20:09:05.978  1042  3275 V APM_AudioPolicyManager: getOutputForAttr() device 0x2, samplingRate 44100, format 1, channelMask 3, flags 104
10-28 20:09:05.978  1042  3275 V APM_AudioPolicyManager: selectOutput() commonFlags for output 13, 0000
10-28 20:09:05.978  1042  3275 V APM_AudioPolicyManager: selectOutput() commonFlags for output 21, 0001
10-28 20:09:05.978  1042  3275 V APM_AudioPolicyManager: selectOutput() commonFlags for output 29, 0002
10-28 20:09:05.978  1042  3275 V APM_AudioPolicyManager:   getOutputForDevice() returns output 29
10-28 20:09:05.980 30689 30836 W AudioTrack: AUDIO_OUTPUT_FLAG_FAST denied by client; transfer 1, track 44100 Hz, output 48000 Hz
10-28 20:09:05.984  1042  3275 I AudioFlinger: add dynamic flag, can move to deep thread, session 25609
10-28 20:09:05.990 30689 30836 D AudioTrack: Client defaulted notificationFrames to 590 for frameCount 1772
10-28 20:09:05.994 30689 30836 I AudioTrack: updateAudioTranstionLength FadeIn[0] FadeOut[0] FadeInRing[0]
10-28 20:09:05.994  1042  3275 W AudioPolicyIntefaceImpl: Skipped to add effects on session 25609
10-28 20:09:05.995  1042  3275 V APM_AudioPolicyManager: startOutput() output 29, stream 3, session 25609
10-28 20:09:05.995  1042  3275 D APM::SoundKitchen: getDevice, uid = 10530, device = 0
10-28 20:09:05.995  1042  3275 D APM_AudioPolicyManager: newDevice=0
10-28 20:09:05.995  1042  3275 V APM_AudioPolicyManager: setBeaconMute(1) mBeaconMuteRefCount=1 mBeaconPlayingRefCount=0
10-28 20:09:05.995  1042  3275 V APM_AudioPolicyManager: selectOutputForMusicEffects activeOnly 1 outputs[2] flags 0x00000104
10-28 20:09:05.995  1042  3275 V APM_AudioPolicyManager: selectOutputForMusicEffects selected output 13
10-28 20:09:05.995  1042  3275 V APM_AudioPolicyManager: getNewOutputDevice() selected device 2
10-28 20:09:05.995  1042  3275 V APM_AudioPolicyManager: setOutputDevice() device 0002 delayMs 0
10-28 20:09:05.995  1042  3275 V APM_AudioPolicyManager: setOutputDevice() prevDevice 0x0002
10-28 20:09:05.995  1417  5465 D AudioPlaybackMonitor: Found a new active media playback. ID:17359 -- type:OpenSL ES AudioPlayer (Buffer Queue) -- u/pid:10530/30689 -- state:started -- attr:AudioAttributes: usage=1 content=0 flags=0x0 tags= bundle=null
10-28 20:09:05.995  1042  3275 V APM_AudioPolicyManager: setOutputDevice() setting same device 0x0002 or null device
10-28 20:09:05.996  1417  5465 D MediaSessionStack: updateMediaButtonSessionIfNeeded, callers=com.android.server.media.MediaSessionService$1.onAudioPlaybackStarted:189 com.android.server.media.AudioPlaybackMonitor.dispatchPlaybackConfigChange:127 
10-28 20:09:05.996  1042  3275 I AudioEffectStage: getStageIndex low_output_sub1_normal
10-28 20:09:05.997  1042  3275 I AudioFlinger: updateStageIndex prev 0, new -2902
10-28 20:09:05.997  1042  2087 I AudioSAEffectSecPlus: command EFFECT_CMD_SET_VOLUME left = 0.446533, right =0.446533
10-28 20:09:05.997  1042  3275 I AudioEffectStage: getSinkBuffer low_output_sub1_normal
10-28 20:09:05.998  1042  2087 I SoundAlive_PrePost: [ -462403840 ][ 48000 ]Exe_Pre() mRequiredPreVolume is changed - dB : -7.002730  mRequiredPreVolume : -7.002730
10-28 20:09:05.998  1042  2087 I SoundAlive_PrePost: [ -462403840 ][ 48000 ]Exe_Pre() mRequiredPreGain is changed - dB : -7.002730  mRequiredPreGain : 0.000000
10-28 20:09:05.998  1042  2087 I SoundAlive_PrePost: [ -462403840 ][ 48000 ]Exe_Post() mRequiredPostVolume is changed - dB : -7.002730  mRequiredPostVolume : 0.000000
10-28 20:09:05.998  1042  2087 I SoundAlive_PrePost: [ -462403840 ][ 48000 ]Exe_Post() mRequiredPostGain is changed - dB : -7.002730  mRequiredPostGain : 0.000000
10-28 20:09:05.999  1417  2602 D StorageManagerService: getExternalStorageMountMode : 1
10-28 20:09:05.999   714  7602 D audio_hw_primary: start_output_stream: enter: stream(0xe9ae1000)usecase(12: audio-ull-playback) devices(0x2)
10-28 20:09:05.999  1417  2602 D StorageManagerService: getExternalStorageMountMode : 3
10-28 20:09:05.999  1417  2602 D StorageManagerService: getExternalStorageMountMode : final mountMode=1, uid : 10061, packageName : com.sec.android.app.soundalive
10-28 20:09:06.000   714  7602 D audio_hw_primary: select_devices for use case (audio-ull-playback)
10-28 20:09:06.000   714  7602 V msm8974_platform: platform_get_output_snd_device: enter: output devices(0x2)
10-28 20:09:06.000   714  7602 V msm8974_platform: platform_get_output_snd_device: exit: snd_device(speaker)
10-28 20:09:06.000   714  7602 D audio_hw_primary: select_devices: out_snd_device(2: speaker) in_snd_device(0: )
10-28 20:09:06.000   714  7602 V msm8974_platform: platform_get_backend_index:napb: backend port - 0 device - 2 
10-28 20:09:06.000   714  7602 I msm8974_platform: platform_check_and_set_codec_backend_cfg:becf: afe: bitwidth 16, samplerate 48000 channels 2, backend_idx 0 usecase = 12 device (speaker)
10-28 20:09:06.000   714  7602 D msm8974_platform: platform_split_snd_device: snd_device(2) num devices(1) new_snd_devices(0)
10-28 20:09:06.000   714  7602 I msm8974_platform: platform_check_and_set_codec_backend_cfg: new_snd_devices[0] is 2
10-28 20:09:06.000   714  7602 V msm8974_platform: platform_get_native_support:napb: ui Prop enabled(0) version(4)
10-28 20:09:06.000   714  7602 V msm8974_platform: platform_get_backend_index:napb: backend port - 0 device - 2 
10-28 20:09:06.000   714  7602 I msm8974_platform: platform_check_codec_backend_cfg:becf: afe: bitwidth 16, samplerate 48000 channels 2, backend_idx 0 usecase = 12 device (speaker)
10-28 20:09:06.000   714  7602 V msm8974_platform: platform_check_backends_match: snd_device1 = speaker, snd_device2 = speaker
10-28 20:09:06.000   714  7602 V msm8974_platform: platform_check_backends_match: be_itf1 = SLIMBUS_0_RX, be_itf2 = SLIMBUS_0_RX, match 1
10-28 20:09:06.000   714  7602 D msm8974_platform: platform_check_codec_backend_cfg:becf: afe: playback on codec device not supporting native playback set default Sample Rate(48k)
10-28 20:09:06.000   714  7602 I msm8974_platform: platform_check_codec_backend_cfg:becf: afe: Codec selected backend: 0 updated bit width: 16 and sample rate: 48000
10-28 20:09:06.000   714  7602 D audio_hw_primary: check_usecases_codec_backend:becf: force routing 0
10-28 20:09:06.000   714  7602 V msm8974_platform: platform_check_backends_match: snd_device1 = speaker, snd_device2 = 
10-28 20:09:06.000   714  7602 E msm8974_platform: platform_check_backends_match: Invalid snd_device = 
10-28 20:09:06.000  1417  2602 I ApplicationPolicy: isApplicationExternalStorageWhitelisted:com.sec.android.app.soundalive user:0
10-28 20:09:06.000   714  7602 D audio_hw_primary: check_usecases_codec_backend:becf: (63) check_usecases curr device: speaker, usecase device: backends match 0
10-28 20:09:06.000   714  7602 D audio_hw_primary: check_usecases_codec_backend:becf: check_usecases num.of Usecases to switch 0
10-28 20:09:06.000   714  7602 D hardware_info: hw_info_append_hw_type : device_name = speaker
10-28 20:09:06.000   714  7602 D audio_hw_primary: enable_snd_device: snd_device(2: speaker)
10-28 20:09:06.000  1417  2602 D ApplicationPolicy: isApplicationExternalStorageWhitelisted: DO is not enabled on user 0. Allowed.
10-28 20:09:06.000  1417  2602 D ActivityManager: package  com.sec.android.app.soundalive, user - 0 is SDcard whitelisted
10-28 20:09:06.000   714  7602 D audio_hw_utils: audio_extn_utils_send_app_type_cfg: usecase->out_snd_device speaker
10-28 20:09:06.000  1417  2602 I ApplicationPolicy: isApplicationExternalStorageBlacklisted:com.sec.android.app.soundalive user:0
10-28 20:09:06.000   714  7602 D msm8974_platform: platform_split_snd_device: snd_device(2) num devices(0) new_snd_devices(0)
10-28 20:09:06.000   714  7602 I audio_hw_utils: ULL doesnt need sending app type cfg, returning
10-28 20:09:06.000  1417  2602 D ApplicationPolicy: isApplicationExternalStorageBlacklisted: DO is not enabled on user 0. Allowed.
10-28 20:09:06.000   714  7602 D msm8974_platform: platform_split_snd_device: snd_device(2) num devices(1) new_snd_devices(0)
10-28 20:09:06.000   714  7602 V msm8974_platform: platform_send_audio_calibration: sending audio calibration for snd_device(2) acdb_id(15)
10-28 20:09:06.000   714  7602 D ACDB-LOADER: ACDB -> send_audio_cal, acdb_id = 15, path = 0, app id = 0x11131, sample rate = 48000
10-28 20:09:06.001   714  7602 D ACDB-LOADER: ACDB -> send_asm_topology
10-28 20:09:06.001   714  7602 D ACDB-LOADER: ACDB -> ACDB_CMD_GET_AUDPROC_STREAM_TOPOLOGY_ID
10-28 20:09:06.001   714  7602 D ACDB-LOADER: ACDB -> send_adm_topology
10-28 20:09:06.001   714  7602 D ACDB-LOADER: ACDB -> ACDB_CMD_GET_AUDPROC_COMMON_TOPOLOGY_ID
10-28 20:09:06.001   714  7602 D ACDB-LOADER: ACDB -> send_audtable
10-28 20:09:06.001   714  7602 D ACDB-LOADER: ACDB -> ACDB_CMD_GET_AUDPROC_COMMON_TABLE_SIZE
10-28 20:09:06.001   714  7602 D ACDB-LOADER: ACDB -> ACDB_CMD_GET_AUDPROC_COMMON_TABLE
10-28 20:09:06.001   714  7602 D ACDB-LOADER: ACDB -> AUDIO_SET_AUDPROC_CAL
10-28 20:09:06.001   714  7602 D ACDB-LOADER: ACDB -> send_audvoltable
10-28 20:09:06.001   714  7602 D ACDB-LOADER: ACDB -> ACDB_CMD_GET_AUDPROC_VOL_STEP_TABLE_SIZE
10-28 20:09:06.001   714  7602 D ACDB-LOADER: ACDB -> ACDB_CMD_GET_AUDPROC_GAIN_DEP_STEP_TABLE, vol index 0
10-28 20:09:06.001   714  7602 D ACDB-LOADER: ACDB -> AUDIO_SET_VOL_CAL cal type = 12
10-28 20:09:06.001   714  7602 D ACDB-LOADER: ACDB -> ACDB_CMD_GET_AUDPROC_STREAM_TABLE_SIZE
10-28 20:09:06.001   714  7602 D ACDB-LOADER: ACDB -> send_audstrmtable
10-28 20:09:06.001   714  7602 D ACDB-LOADER: ACDB -> ACDB_CMD_GET_AUDPROC_STREAM_TABLE_V2
10-28 20:09:06.001   714  7602 D ACDB-LOADER: ACDB -> audstrm_cal->cal_type.cal_data.cal_size = 4160
10-28 20:09:06.001   714  7602 D ACDB-LOADER: ACDB -> send_afe_topology
10-28 20:09:06.001   714  7602 D ACDB-LOADER: ACDB -> ACDB_CMD_GET_AFE_TOPOLOGY_ID
10-28 20:09:06.001   714  7602 D ACDB-LOADER: ACDB -> GET_AFE_TOPOLOGY_ID for adcd_id 15, Topology Id 10001061
10-28 20:09:06.002   714  7602 D ACDB-LOADER: ACDB -> send_afe_cal
10-28 20:09:06.002   714  7602 D ACDB-LOADER: ACDB -> ACDB_CMD_GET_AFE_COMMON_TABLE_SIZE
10-28 20:09:06.002   714  7602 D ACDB-LOADER: ACDB -> ACDB_CMD_GET_AFE_COMMON_TABLE
10-28 20:09:06.002   714  7602 D ACDB-LOADER: ACDB -> AUDIO_SET_AFE_CAL
10-28 20:09:06.002   714  7602 D ACDB-LOADER: ACDB -> send_hw_delay : acdb_id = 15 path = 0
10-28 20:09:06.002   714  7602 D ACDB-LOADER: ACDB -> ACDB_AVSYNC_INFO: ACDB_CMD_GET_DEVICE_PROPERTY
10-28 20:09:06.002   714  7602 D audio_hw_primary: enable_audio_route: apply mixer and update path: audio-ull-playback speaker
10-28 20:09:06.002   714  7602 D audio_route: Setting mixer control: PRI_MI2S_RX Audio Mixer MultiMedia3, value: 1
10-28 20:09:06.006   714  7602 V audio_hw_sec: [MAXIM] sec_dsm_spkr_prot_control_tx_topology() enable:1, dsm_is_enabled:0
10-28 20:09:06.006   714  7602 D hardware_info: hw_info_append_hw_type : device_name = vi-feedback
10-28 20:09:06.006   714  7602 D audio_hw_primary: enable_snd_device: snd_device(389: vi-feedback)
10-28 20:09:06.006   714  7602 D audio_hw_utils: audio_extn_utils_send_app_type_cfg: usecase->in_snd_device vi-feedback
10-28 20:09:06.006   714  7602 D msm8974_platform: platform_split_snd_device: snd_device(389) num devices(0) new_snd_devices(0)
10-28 20:09:06.007   714  7602 V msm8974_platform: platform_get_snd_device_backend_index: enter with device 389
10-28 20:09:06.007   714  7602 E msm8974_platform: platform_get_snd_device_backend_index: BE DAI Name Table is not present
10-28 20:09:06.007   714  7602 E audio_hw_utils: send_app_type_cfg_for_device: Couldn't get the backend index for snd device vi-feedback ret=-14
10-28 20:09:06.007   714  7602 I audio_hw_utils: send_app_type_cfg_for_device default app_type 69936, acdb_dev_id 102, sample_rate 48000, snd_device_be_idx -14
10-28 20:09:06.008   714  7602 E voice   : voice_is_in_call_rec_stream: input stream is NULL
10-28 20:09:06.008   714  7602 D msm8974_platform: platform_split_snd_device: snd_device(389) num devices(1) new_snd_devices(0)
10-28 20:09:06.008   714  7602 V msm8974_platform: platform_send_audio_calibration: sending audio calibration for snd_device(389) acdb_id(102)
10-28 20:09:06.008   714  7602 D ACDB-LOADER: ACDB -> send_audio_cal, acdb_id = 102, path = 1, app id = 0x11130, sample rate = 48000
10-28 20:09:06.008   714  7602 D ACDB-LOADER: ACDB -> send_asm_topology
10-28 20:09:06.008   714  7602 D ACDB-LOADER: ACDB -> ACDB_CMD_GET_AUDPROC_STREAM_TOPOLOGY_ID
10-28 20:09:06.009   714  7602 D ACDB-LOADER: ACDB -> send_adm_topology
10-28 20:09:06.009   714  7602 D ACDB-LOADER: ACDB -> ACDB_CMD_GET_AUDPROC_COMMON_TOPOLOGY_ID
10-28 20:09:06.009   714  7602 D ACDB-LOADER: ACDB -> send_audtable
10-28 20:09:06.009   714  7602 D ACDB-LOADER: ACDB -> ACDB_CMD_GET_AUDPROC_COMMON_TABLE_SIZE
10-28 20:09:06.009   714  7602 D ACDB-LOADER: ACDB -> ACDB_CMD_GET_AUDPROC_COMMON_TABLE
10-28 20:09:06.009   714  7602 D ACDB-LOADER: ACDB -> AUDIO_SET_AUDPROC_CAL
10-28 20:09:06.009   714  7602 D ACDB-LOADER: ACDB -> send_audvoltable
10-28 20:09:06.009   714  7602 D ACDB-LOADER: ACDB -> ACDB_CMD_GET_AUDPROC_VOL_STEP_TABLE_SIZE
10-28 20:09:06.009   714  7602 D ACDB-LOADER: ACDB -> ACDB_CMD_GET_AUDPROC_GAIN_DEP_STEP_TABLE, vol index 0
10-28 20:09:06.009   714  7602 D         : Failed to fetch the lookup information of the device 00000066 
10-28 20:09:06.009   714  7602 E ACDB-LOADER: Error: ACDB AudProc vol returned = -19
10-28 20:09:06.009   714  7602 D ACDB-LOADER: ACDB -> AUDIO_SET_VOL_CAL cal type = 12
10-28 20:09:06.009   714  7602 D ACDB-LOADER: ACDB -> ACDB_CMD_GET_AUDPROC_STREAM_TABLE_SIZE
10-28 20:09:06.009   714  7602 D ACDB-LOADER: ACDB -> send_audstrmtable
10-28 20:09:06.009   714  7602 D ACDB-LOADER: ACDB -> ACDB_CMD_GET_AUDPROC_STREAM_TABLE_V2
10-28 20:09:06.009   714  7602 D ACDB-LOADER: ACDB -> audstrm_cal->cal_type.cal_data.cal_size = 4160
10-28 20:09:06.009   714  7602 D ACDB-LOADER: ACDB -> send_afe_topology
10-28 20:09:06.009   714  7602 D ACDB-LOADER: ACDB -> ACDB_CMD_GET_AFE_TOPOLOGY_ID
10-28 20:09:06.009   714  7602 D ACDB-LOADER: ACDB -> GET_AFE_TOPOLOGY_ID for adcd_id 102, Topology Id 10001060
10-28 20:09:06.010   714  7602 D ACDB-LOADER: ACDB -> send_afe_cal
10-28 20:09:06.010   714  7602 D ACDB-LOADER: ACDB -> ACDB_CMD_GET_AFE_COMMON_TABLE_SIZE
10-28 20:09:06.010   714  7602 D ACDB-LOADER: ACDB -> ACDB_CMD_GET_AFE_COMMON_TABLE
10-28 20:09:06.010   714  7602 D ACDB-LOADER: ACDB -> AUDIO_SET_AFE_CAL
10-28 20:09:06.010   714  7602 D ACDB-LOADER: ACDB -> send_hw_delay : acdb_id = 102 path = 1
10-28 20:09:06.010   714  7602 D ACDB-LOADER: ACDB -> ACDB_AVSYNC_INFO: ACDB_CMD_GET_DEVICE_PROPERTY
10-28 20:09:06.010   714  7602 D audio_hw_primary: enable_audio_route: apply mixer and update path: spkr-vi-feedback
10-28 20:09:06.010   714  7602 D audio_route: Setting mixer control: MultiMedia2 Mixer PRI_MI2S_TX, value: 1
10-28 20:09:06.039 30873 30873 E Zygote  : isWhitelistProcess - Process is Whitelisted
10-28 20:09:06.041 30873 30873 E libpersona: scanKnoxPersonas
10-28 20:09:06.041 30873 30873 E libpersona: Couldn't open the File - /data/system/users/0/personalist.xml - No such file or directory
10-28 20:09:06.043  1417  2602 I ActivityManager: Start proc 30873:com.sec.android.app.soundalive/u0a61 for content provider com.sec.android.app.soundalive/.compatibility.SAContentProvider
10-28 20:09:06.048 30873 30873 W SELinux : SELinux selinux_android_compute_policy_index : Policy Index[2],  Con:u:r:zygote:s0 RAM:SEPF_SM-G930V_8.0.0_0007, [-1 -1 -1 -1 0 1]
10-28 20:09:06.050 30873 30873 I SELinux : SELinux: seapp_context_lookup: seinfo=platform, level=s0:c512,c768, pkgname=com.sec.android.app.soundalive 
10-28 20:09:06.054   714  7602 V audio_hw_sec: [MAXIM] sec_dsm_spkr_prot_control_tx_topology() dsm enabled (c:0 d:1 m:0)
10-28 20:09:06.054   714  7602 D audio_hw_primary: select_devices: done
10-28 20:09:06.071   714  7602 V msm8974_platform: platform_set_channel_map channel_count:2
10-28 20:09:06.071   714  7602 D msm8974_platform: platform_set_channel_map mixer_ctl_name:Playback Channel Map4
10-28 20:09:06.071   714  7602 D msm8974_platform: platform_set_channel_map: set mapping(1 2 0 0 0 0 0 0) for channel:2
10-28 20:09:06.073   733   760 E ANDR-PERF-MPCTL: Invalid profile no. 0, total profiles 0 only
10-28 20:09:06.073   714  7602 D audio_hw_primary: start_output_stream: exit
10-28 20:09:06.094  1042  2087 I AudioMixer: create resampler src 44100, 2, dst 48000, 2, q 8
10-28 20:09:06.095  1042  2087 D SoundAliveResampler: [SoundAliveResampler] Init+++
10-28 20:09:06.113 30873 30873 D TimaKeyStoreProvider: TimaKeyStore is not enabled: cannot add TimaSignature Service and generateKeyPair Service
10-28 20:09:06.114 30873 30873 D ActivityThread: Added TimaKeyStore provider
10-28 20:09:06.117  1417  5465 I ActivityManager: DSS on for com.sec.android.app.soundalive and scale is 1.0
10-28 20:09:06.125  1146  1562 D CommandListener: bwctrlcmd: argc=3 bandwidth addniceapps ...
10-28 20:09:06.126  1146  1562 E IptablesRestoreController: [iptables debug]iptables-restore execute *filter
10-28 20:09:06.126  1146  1562 E IptablesRestoreController: -I bw_happy_box -m owner --uid-owner 10061 --jump RETURN
10-28 20:09:06.126  1146  1562 E IptablesRestoreController: COMMIT
10-28 20:09:06.142  1146  1562 E IptablesRestoreController: [iptables debug]iptables-restore execute done *filter
10-28 20:09:06.142  1146  1562 E IptablesRestoreController: -I bw_happy_box -m owner --uid-owner 10061 --jump RETURN
10-28 20:09:06.142  1146  1562 E IptablesRestoreController: COMMIT
10-28 20:09:06.142  1146  1562 E IptablesRestoreController: , res : 0
10-28 20:09:06.152 30873 30873 I zygote64: no shared libraies, dex_files: 1
10-28 20:09:06.171 30689 30744 D UE4     : [2018.10.29-01.09.06:171][  0]LogRHI: AndroidEGL:SwapBuffers Min=0, Max=1, Request=1, SetDriver=1
10-28 20:09:06.172 30689 30744 D UE4     : [2018.10.29-01.09.06:172][  0]LogSlate: Slate font cache was flushed
10-28 20:09:06.189   772   772 I SurfaceFlinger: Display 0 HWC layers:
10-28 20:09:06.189   772   772 I SurfaceFlinger:     type    |    handle    | flag |  format   |   source crop (l,t,r,b)    |         frame       | name 
10-28 20:09:06.189   772   772 I SurfaceFlinger: ------------+--------------+------+-----------+----------------------------+---------------------+------
10-28 20:09:06.189   772   772 I SurfaceFlinger:      Device | 0x7dd4270280 | 0002 | RGBx_8888 |   0.0    0.0  720.0 1280.0 |    0    0 1080 1920 | SurfaceView - com.YourCompany.GiftGa[...]icgames.ue4.GameActivity@2b5d69b@0#0
10-28 20:09:06.189   772   772 I SurfaceFlinger:      Device | 0x7dd4376080 | 0000 | RGBA_8888 |   0.0    0.0 1080.0 1920.0 |    0    0 1080 1920 | com.YourCompany.GiftGame/com.epicgames.ue4.GameActivity#1
10-28 20:09:06.189   772   772 I SurfaceFlinger: 
10-28 20:09:06.203 30689 30744 D UE4     : [2018.10.29-01.09.06:203][  1]LogSlate: Took 0.000935 seconds to synchronously load lazily loaded font '../../../Engine/Content/Slate/Fonts/Roboto-Regular.ttf' (155K)
10-28 20:09:06.240 30873 30873 D BixbyApplication: onCreate()
10-28 20:09:06.242  1417  2602 W Binder  : Outgoing transactions from this process must be FLAG_ONEWAY
10-28 20:09:06.242  1417  2602 W Binder  : java.lang.Throwable
10-28 20:09:06.242  1417  2602 W Binder  : 	at android.os.BinderProxy.transact(Binder.java:744)
10-28 20:09:06.242  1417  2602 W Binder  : 	at android.content.ContentProviderProxy.insert(ContentProviderNative.java:474)
10-28 20:09:06.242  1417  2602 W Binder  : 	at android.content.ContentResolver.insert(ContentResolver.java:1545)
10-28 20:09:06.242  1417  2602 W Binder  : 	at com.android.server.audio.AudioService.notifyDVFSToSoundAlive(AudioService.java:13083)
10-28 20:09:06.242  1417  2602 W Binder  : 	at com.android.server.audio.AudioService.-wrap37(Unknown Source:0)
10-28 20:09:06.242  1417  2602 W Binder  : 	at com.android.server.audio.AudioService$AudioHandler.handleMessage(AudioService.java:7361)
10-28 20:09:06.242  1417  2602 W Binder  : 	at android.os.Handler.dispatchMessage(Handler.java:105)
10-28 20:09:06.242  1417  2602 W Binder  : 	at android.os.Looper.loop(Looper.java:164)
10-28 20:09:06.242  1417  2602 W Binder  : 	at com.android.server.audio.AudioService$AudioSystemThread.run(AudioService.java:6637)
10-28 20:09:06.242 30873 30873 D a_0.1.0 : Version Name:8.0.41
10-28 20:09:06.255 30873 30873 D SADVFSHelper: Either heavy-duty effect is Off or Music playback is not active
10-28 20:09:06.256  1146  1562 D CommandListener: bwctrlcmd: argc=3 bandwidth removeniceapps ...
10-28 20:09:06.256  1146  1562 E IptablesRestoreController: [iptables debug]iptables-restore execute *filter
10-28 20:09:06.256  1146  1562 E IptablesRestoreController: -D bw_happy_box -m owner --uid-owner 10061 --jump RETURN
10-28 20:09:06.256  1146  1562 E IptablesRestoreController: COMMIT
10-28 20:09:06.261  1146  1562 E IptablesRestoreController: [iptables debug]iptables-restore execute done *filter
10-28 20:09:06.261  1146  1562 E IptablesRestoreController: -D bw_happy_box -m owner --uid-owner 10061 --jump RETURN
10-28 20:09:06.261  1146  1562 E IptablesRestoreController: COMMIT
10-28 20:09:06.261  1146  1562 E IptablesRestoreController: , res : 0
10-28 20:09:06.458  2749  2749 E adbd    : recv: OPEN 00006fb5 00000000 000c:73 68 65 6C 6C 2C 76 32 3A 70 73 00 
10-28 20:09:06.458  2749  2749 E adbd    : service_to_fd: shell,v2:ps
10-28 20:09:06.468 30892 30892 E propClient: PropClient failed to load
10-28 20:09:06.483 30892 30892 E propClient: PropClient failed to load
10-28 20:09:06.594  1417  2490 D InputReader: Input event(4): value=1 when=210809118329000
10-28 20:09:06.596  1417  2490 D CombinationKeyManager: Accessibility Shortcut unAvailable
10-28 20:09:06.598  1417  2490 D WindowManager: interceptKeyTq s_result=1
10-28 20:09:06.614  1417  2489 D WindowManager: interceptKeyTi s_result = 130
10-28 20:09:06.614  1417  2489 D InputDispatcher: We will try again in 130 msec by PWM
10-28 20:09:06.745  1417  2489 I InputDispatcher: Delivering key to (30689): action: 0x0 (0)
10-28 20:09:06.746 30689 30745 V threaded_app: New input event: type=1
10-28 20:09:06.748  2750  2750 I SKBD    : SamsungKeypad [HWKeyboard] This input is not processed by SKBD.
10-28 20:09:06.749  2750  2750 I SKBDC   : TymeCore cASl
10-28 20:09:06.749  2750  2750 I SKBDC   : ?? 50
10-28 20:09:06.749  2750  2750 D InputMethodService: onKeyDown not B key
10-28 20:09:06.751 30689 30745 V threaded_app: New input event: type=1
10-28 20:09:06.752 30689 30745 D UE4     : Received keycode: 25, softkey: 0
10-28 20:09:06.752 30689 30745 D UE4     : Received key event: 25
10-28 20:09:06.753 30689 30689 D ViewRootImpl@ba0b995[GameActivity]: ViewPostIme key 0
10-28 20:09:06.754  1417  5465 D MediaSessionService: dispatchVolumeKeyEvent, pid=30689, uid=10530, event=KeyEvent { action=ACTION_DOWN, keyCode=KEYCODE_VOLUME_DOWN, scanCode=114, metaState=0, flags=0x8, repeatCount=0, eventTime=210809118, downTime=210809118, deviceId=4, displayId=0, source=0x101 }
10-28 20:09:06.757  1417  5465 D MediaSessionService: Adjusting null by -1. flags=4113, suggestedStream=3, preferSuggestedStream=true
10-28 20:09:06.764  2781 23102 D vol.VolumeDialogControl.VC: isSafeVolumeDialogShowing : false
10-28 20:09:06.766  1417  1417 D AudioService: isEnabled
10-28 20:09:06.768  2781 23102 D vol.VolumeDialogControl.VC: isSafeVolumeDialogShowing : false
10-28 20:09:06.768  1042  3275 V APM_AudioPolicyManager: getAudioPolicyConfig: audioParam;isFMRadioRecording
10-28 20:09:06.769  1042  3275 V APM_AudioPolicyManager: FM radio recording off
10-28 20:09:06.773  2781 23102 D vol.VolumeDialogControl.VC: isSafeVolumeDialogShowing : false
10-28 20:09:06.778  1417  2602 I AudioService: isMediaSilentMode false
10-28 20:09:06.779  1042  3275 V APM_AudioPolicyManager: setStreamVolumeIndex() stream 3, device 00000002, index 13
10-28 20:09:06.779  2781 23102 D vol.VolumeDialogControl.VC: volumeChanged STREAM_MUSIC SHOW_UI,VIBRATE,FROM_KEY
10-28 20:09:06.779  2781  2942 I vol.Events: writeEvent active_stream_changed STREAM_MUSIC
10-28 20:09:06.779  2781  2942 D vol.VolumeDialogControl: updateActiveStreamW 3
10-28 20:09:06.779  2781  2942 D vol.VolumeDialogControl: forceVolumeControlStream 3
10-28 20:09:06.779  1042  3275 V APM_AudioPolicyManager: setStreamVolumeIndex() stream 11, device 00000002, index 13
10-28 20:09:06.780  1042  3275 V APM_AudioPolicyManager: setStreamVolumeIndex() stream 11, device 00000002, index 13
10-28 20:09:06.781  1042  3275 V APM_AudioPolicyManager: setStreamVolumeIndex() stream 10, device 00000002, index 13
10-28 20:09:06.782  1042  3275 V APM_AudioPolicyManager: setStreamVolumeIndex() stream 9, device 00000002, index 13
10-28 20:09:06.782  1417  5465 D AudioService: getStreamVolume 3 index 130
10-28 20:09:06.782  2781  2942 I vol.Events: writeEvent level_changed STREAM_MUSIC 1300
10-28 20:09:06.783  2781  2942 D vol.VolumeDialogControl: onVolumeChangedW stream = 3, flags = 4113, lastAudibleStreamVolume = 1300
10-28 20:09:06.783  1417  1417 I FMRadioService: *** mVolumeEventReceiver: ACTION  - android.media.VOLUME_CHANGED_ACTION
10-28 20:09:06.784  1417  1417 I FMRadioService: Stream: 3  and volume: 13
10-28 20:09:06.784  1417  1844 W BroadcastQueue: Background execution not allowed: receiving Intent { act=android.media.VOLUME_CHANGED_ACTION flg=0x14000010 (has extras) } to com.samsung.android.game.gamehome/.receiver.VolumeControlReceiver
10-28 20:09:06.788 30689 30689 D UE4     : OnReceive VOLUME_CHANGED_ACTION
10-28 20:09:06.788  1417  5465 D AudioService: GetAppDevice, uid=10016
10-28 20:09:06.788  2781  2942 I vol.Events: writeEvent key STREAM_MUSIC 1300
10-28 20:09:06.788 30689 30689 D UE4     : nativeVolumeEvent(13)
10-28 20:09:06.788  1417  5465 D AudioService: getStreamVolume 3 index 130
10-28 20:09:06.789  2781  2781 D vol.SecVolumeDialogImpl: updateWindowWidth lp.width=1248, mCurrentWindowWidth = 1248
10-28 20:09:06.789  2781  2781 D vol.SecVolumeDialogImpl: onStateChangedH animating=false
10-28 20:09:06.789  1417  4163 D AudioService: getStreamVolume 4 index 110
10-28 20:09:06.790  1417  5465 D AudioService: GetAppDevice, uid=1000
10-28 20:09:06.791  1417  5465 D AudioService: getStreamVolume 3 index 130
10-28 20:09:06.792  4193  4193 V UniSet-Utils: notifySettingsChange: volume_music_speaker
10-28 20:09:06.794  1042  2087 I AudioSAEffectSecPlus: command EFFECT_CMD_SET_VOLUME left = 0.316162, right =0.316162
10-28 20:09:06.795  1042  2087 I SoundAlive_PrePost: [ -462403840 ][ 48000 ]Exe_Pre() mRequiredPreVolume is changed - dB : -10.001529  mRequiredPreVolume : -10.001529
10-28 20:09:06.795  1042  2087 I SoundAlive_PrePost: [ -462403840 ][ 48000 ]Exe_Pre() mRequiredPreGain is changed - dB : -10.001529  mRequiredPreGain : 0.000000
10-28 20:09:06.795  1042  2087 I SoundAlive_PrePost: [ -462403840 ][ 48000 ]Exe_Post() mRequiredPostVolume is changed - dB : -10.001529  mRequiredPostVolume : 0.000000
10-28 20:09:06.795  1042  2087 I SoundAlive_PrePost: [ -462403840 ][ 48000 ]Exe_Post() mRequiredPostGain is changed - dB : -10.001529  mRequiredPostGain : 0.000000
10-28 20:09:06.795  2781  2781 D vol.SecVolumeDialogImpl: updateRowsH 3
10-28 20:09:06.795  4193  4193 W ContextImpl: Calling a method in the system process without a qualified user: android.app.ContextImpl.sendBroadcast:971 android.content.ContextWrapper.sendBroadcast:447 com.samsung.unifiedsettingservice.Utils.notifySettingsChange:144 com.samsung.unifiedsettingservice.settings.OtherSettings.checkKeyIfDirty:583 com.samsung.unifiedsettingservice.settings.OtherSettings.-wrap0:0 
10-28 20:09:06.796  2781  2781 D vol.SecVolumeDialogImpl: trimObsoleteH
10-28 20:09:06.796  2781  2781 D vol.SecVolumeDialogImpl: rescheduleTimeout 1500 com.android.systemui.volume.SecVolumeDialogImpl.onStateChangedH:1706
10-28 20:09:06.797  2781  2781 D vol.SecVolumeDialogImpl: updateVolumeRowH s=2, ss.level : 0, row.lastAudibleLevel : 1, row.ss.muted : true
10-28 20:09:06.797  2781  2781 D vol.SecVolumeDialogImpl: updateVolumeRowH s=3, ss.level : 1300, row.lastAudibleLevel : 1400, row.ss.muted : false
10-28 20:09:06.798  2781  2781 D vol.SecVolumeDialogImpl: STREAM_MUSIC onProgressChanged 1300 fromUser=false
10-28 20:09:06.798  1417  5465 D PowerManagerService: [api] [s] userActivity : event: 0 flags: 0 (uid: 10063 pid: 2781) eventTime = 210809321
10-28 20:09:06.798  2781  2781 D vol.SecVolumeDialogImpl: updateVolumeRowH s=5, ss.level : 0, row.lastAudibleLevel : 1, row.ss.muted : true
10-28 20:09:06.798  2781  2781 D vol.SecVolumeDialogImpl: updateVolumeRowH s=1, ss.level : 0, row.lastAudibleLevel : 1, row.ss.muted : true
10-28 20:09:06.798  2781  2781 D vol.SecVolumeDialogImpl: updateVolumeRowH s=4, ss.level : 11, row.lastAudibleLevel : 11, row.ss.muted : false
10-28 20:09:06.800  1417  4163 D AudioService: getStreamVolume 5 index 0
10-28 20:09:06.801  2781  2781 D vol.SecVolumeDialogImpl: updateVolumeRowH s=0, ss.level : 4, row.lastAudibleLevel : 4, row.ss.muted : false
10-28 20:09:06.801  1417  4163 D AudioService: getStreamVolume 1 index 0
10-28 20:09:06.803  2781  2781 D vol.SecVolumeDialogImpl: updateVolumeRowH s=6, ss.level : 7, row.lastAudibleLevel : 7, row.ss.muted : false
10-28 20:09:06.803  1417  2490 D InputReader: Input event(4): value=0 when=210809327673000
10-28 20:09:06.803  2781  2781 D vol.SecVolumeDialogImpl: updateVolumeRowH s=10, ss.level : 5, row.lastAudibleLevel : 5, row.ss.muted : false
10-28 20:09:06.803  2781  2781 D vol.SecVolumeDialogImpl: updateVolumeRowH s=14, ss.level : 7, row.lastAudibleLevel : 7, row.ss.muted : false
10-28 20:09:06.803  2781  2781 D vol.SecVolumeDialogImpl: updateVolumeRowH s=11, ss.level : 0, row.lastAudibleLevel : 1, row.ss.muted : false
10-28 20:09:06.804  2781  2781 D vol.SecVolumeDialogImpl: updateVolumeRowH s=12, ss.level : 500, row.lastAudibleLevel : 500, row.ss.muted : false
10-28 20:09:06.805  1417  4163 D AudioService: getStreamVolume 6 index 70
10-28 20:09:06.805  1417  2490 D WindowManager: interceptKeyTq s_result=1
10-28 20:09:06.807  2781  2781 D vol.SecVolumeDialogImpl: showH r=volume_changed, mShowing : false
10-28 20:09:06.807  2781  2781 D vol.SecVolumeDialogImpl: rescheduleTimeout 1500 com.android.systemui.volume.SecVolumeDialogImpl.showH:1273
10-28 20:09:06.808  1417  5465 D PowerManagerService: [api] [s] userActivity : event: 0 flags: 0 (uid: 10063 pid: 2781) eventTime = 210809332
10-28 20:09:06.809  2781  2781 D vol.VolumeDialogMotion: startShow
10-28 20:09:06.809  2781  2781 D vol.VolumeDialogMotion: mShowing = true
10-28 20:09:06.809  2781  2781 D vol.VolumeDialogMotion: mAnimating = true
10-28 20:09:06.809  2781  2781 D vol.VolumeDialogMotion: mDialog.show()
10-28 20:09:06.812  1417  2489 I InputDispatcher: Delivering key to (30689): action: 0x1 (0)
10-28 20:09:06.813 30689 30745 V threaded_app: New input event: type=1
10-28 20:09:06.814  2750  2750 D InputMethodService: onKeyUp not B key
10-28 20:09:06.817 30689 30745 V threaded_app: New input event: type=1
10-28 20:09:06.817 30689 30745 D UE4     : Received keycode: 25, softkey: 0
10-28 20:09:06.817 30689 30745 D UE4     : Received key event: 25
10-28 20:09:06.820 30689 30689 D ViewRootImpl@ba0b995[GameActivity]: ViewPostIme key 1
10-28 20:09:06.821  1417  5465 D MediaSessionService: dispatchVolumeKeyEvent, pid=30689, uid=10530, event=KeyEvent { action=ACTION_UP, keyCode=KEYCODE_VOLUME_DOWN, scanCode=114, metaState=0, flags=0x8, repeatCount=0, eventTime=210809327, downTime=210809118, deviceId=4, displayId=0, source=0x101 }
10-28 20:09:06.829  2781  2781 D ViewRootImpl@add6e6b[SecVolumeDialogImpl]: setView = DecorView@bada9aa[SecVolumeDialogImpl] TM=true MM=false
10-28 20:09:06.831  2781  2781 I vol.Events: writeEvent show_dialog volume_changed keyguard=false
10-28 20:09:06.833  1042 32714 V APM_AudioPolicyManager: getAudioPolicyConfig: audioParam;activeStream
10-28 20:09:06.833  1042 32714 V APM_AudioPolicyManager: ### active stream : 8
10-28 20:09:06.834  1417  5465 D AudioService: active stream is 0x8
10-28 20:09:06.836  1417  5465 D MediaSessionService: Adjusting null by 0. flags=4116, suggestedStream=3, preferSuggestedStream=true
10-28 20:09:06.837  2781  2781 D vol.SecVolumeDialogImpl: onViewAttachedToWindow
10-28 20:09:06.843  2781 23102 D vol.VolumeDialogControl.VC: isSafeVolumeDialogShowing : false
10-28 20:09:06.847  2781  2781 D ViewRootImpl@add6e6b[SecVolumeDialogImpl]: dispatchAttachedToWindow
10-28 20:09:06.849  1417  4076 V WindowManager: Relayout Window{8aa21bc u0 SecVolumeDialogImpl}: viewVisibility=0 req=1278x301 WM.LayoutParams{(0,0)(wrapxwrap) gr=#31 sim=#130 ty=2020 fl=#18c0128 fmt=-2 wanim=0xffffffff surfaceInsets=Rect(6, 6 - 6, 6) needsMenuKey=2 colorMode=0 dimDuration=150 naviIconColor=0}
10-28 20:09:06.851  1417  1417 D AudioService: isEnabled
10-28 20:09:06.851  2781 23102 D vol.VolumeDialogControl.VC: isSafeVolumeDialogShowing : false
10-28 20:09:06.853  1042 23894 V APM_AudioPolicyManager: getAudioPolicyConfig: audioParam;isFMRadioRecording
10-28 20:09:06.854  1042 23894 V APM_AudioPolicyManager: FM radio recording off
10-28 20:09:06.856   772   772 I SurfaceFlinger: id=10620 createSurf (1290x313),1 flag=4, SecVolumeDialogImpl#0
10-28 20:09:06.859  2781 23102 D vol.VolumeDialogControl.VC: volumeChanged STREAM_MUSIC VIBRATE,FROM_KEY
10-28 20:09:06.859  1417  5465 D AudioService: getStreamVolume 3 index 130
10-28 20:09:06.859  2781  2942 D vol.VolumeDialogControl: onVolumeChangedW stream = 3, flags = 4112, lastAudibleStreamVolume = 1300
10-28 20:09:06.861  1417  1417 I FMRadioService: *** mVolumeEventReceiver: ACTION  - android.media.VOLUME_CHANGED_ACTION
10-28 20:09:06.861  1417  1417 I FMRadioService: Stream: 3  and volume: 13
10-28 20:09:06.861  1417  1844 W BroadcastQueue: Background execution not allowed: receiving Intent { act=android.media.VOLUME_CHANGED_ACTION flg=0x14000010 (has extras) } to com.samsung.android.game.gamehome/.receiver.VolumeControlReceiver
10-28 20:09:06.863 30689 30689 D UE4     : OnReceive VOLUME_CHANGED_ACTION
10-28 20:09:06.864 30689 30689 D UE4     : nativeVolumeEvent(13)
10-28 20:09:06.864  1417  4076 V Surface : sf_framedrop debug : 0x4f4c, game : false, logging : 0
10-28 20:09:06.872  1417  9835 D AudioService: getStreamVolume 4 index 110
10-28 20:09:06.874  2781  2781 V Surface : sf_framedrop debug : 0x4f4c, game : false, logging : 0
10-28 20:09:06.875  2781  2781 D ViewRootImpl@add6e6b[SecVolumeDialogImpl]: Relayout returned: old=[0,0][0,0] new=[321,0][1599,301] result=0x7 surface={valid=true 500256935936} changed=true
10-28 20:09:06.877  1417  4076 D AudioService: GetAppDevice, uid=1000
10-28 20:09:06.878  1417  4076 D AudioService: getStreamVolume 3 index 130
10-28 20:09:06.879  1417  4076 D AudioService: getStreamVolume 5 index 0
10-28 20:09:06.880  2781  2958 D OpenGLRenderer: eglCreateWindowSurface = 0x74780c8ff0
10-28 20:09:06.881  1417  4076 D AudioService: getStreamVolume 1 index 0
10-28 20:09:06.882  1417  4076 D AudioService: getStreamVolume 6 index 70
10-28 20:09:06.884  2781  2781 D vol.VolumeDialogMotion: mDialog.onShow
10-28 20:09:06.884  2781  2781 D vol.VolumeDialogMotion: startShowAnimation
10-28 20:09:06.888  2781  2781 D ViewRootImpl@add6e6b[SecVolumeDialogImpl]: MSG_RESIZED_REPORT: frame=Rect(321, 0 - 1599, 301) ci=Rect(0, 0 - 0, 0) vi=Rect(0, 0 - 0, 0) or=2
10-28 20:09:06.895  1417  1417 D TelephonyManager: getCellLocation : Caller (PID / UID / TID): 1417 / 1000 / 1417
10-28 20:09:06.895  2781  2932 D NetworkController.MobileSignalController(0/1): onSignalStrengthsChanged signalStrength=SignalStrength: 99 99 -120 -160 -120 -1 -1 24 -94 -10 100 2147483647 0 2147483647 0x4000 P gsm|lte level=4
10-28 20:09:06.900  2781  2932 D NetworkController.MobileSignalController(0/1): getMobileIconGroup(): 13
10-28 20:09:06.900  2781  2932 D NetworkController.MobileSignalController(0/1): updateVZWMobileIconGroup(): 13
10-28 20:09:06.916  3127  3272 D EPDG -- SIM0 [SMARTWIFI]: onSignalStrengthsChanged: Received signal strength change, phone type is: 2
10-28 20:09:06.917  3127  5716 D EPDG -- SIM0 [SMARTWIFI]: lastLteRSRP is -94currentLteRSRP is -94
10-28 20:09:06.917  3127  5716 D EPDG -- SIM0 [SMARTWIFI]: lastLteRSRQ is -10currentLteRSRQ is -10
10-28 20:09:06.917  3127  5716 D EPDG -- SIM0 [SMARTWIFI]: lastCdmaDb is -16currentCdmaDb is -16
10-28 20:09:06.917  3127  5716 V EPDG -- SIM0 [SMARTWIFI]: Radio oldest entry removed
10-28 20:09:06.917  3127  5716 V EPDG -- SIM0 [SMARTWIFI]: New entry : (SignalStrength: 99 99 -120 -160 -120 -1 -1 24 -94 -10 100 2147483647 0 2147483647 0x4000 P gsm|lte : 0 )
10-28 20:09:06.917  3127  5716 V EPDG -- SIM0 [SMARTWIFI]: Radio entry added
10-28 20:09:06.918  1417  9835 V WindowManager: finishDrawingLocked: mDrawState=COMMIT_DRAW_PENDING Window{8aa21bc u0 SecVolumeDialogImpl} in Surface(name=SecVolumeDialogImpl)
10-28 20:09:06.930  2781  2932 D NetworkController.MobileSignalController(0/1): callState:0, callStateByPhone:false voLTECall:false voiceNetTpe:13 dataNetType:13, ine911:false, emergencyCallbackMode:false
10-28 20:09:06.956   772   772 I SurfaceFlinger: Display 0 HWC layers:
10-28 20:09:06.956   772   772 I SurfaceFlinger:     type    |    handle    | flag |  format   |   source crop (l,t,r,b)    |         frame       | name 
10-28 20:09:06.956   772   772 I SurfaceFlinger: ------------+--------------+------+-----------+----------------------------+---------------------+------
10-28 20:09:06.956   772   772 I SurfaceFlinger:      Device | 0x7dd757bc00 | 0002 | RGBx_8888 |   0.0    0.0  720.0 1280.0 |    0    0 1080 1920 | SurfaceView - com.YourCompany.GiftGa[...]icgames.ue4.GameActivity@2b5d69b@0#0
10-28 20:09:06.956   772   772 I SurfaceFlinger:      Device | 0x7dd4376080 | 0000 | RGBA_8888 |   0.0    0.0 1080.0 1920.0 |    0    0 1080 1920 | com.YourCompany.GiftGame/com.epicgames.ue4.GameActivity#1
10-28 20:09:06.956   772   772 I SurfaceFlinger:      Device | 0x7dd942c000 | 0000 | RGBA_8888 |   0.0    0.0  307.0 1290.0 |  773  315 1080 1605 | SecVolumeDialogImpl#0
10-28 20:09:06.956   772   772 I SurfaceFlinger: 
10-28 20:09:07.045  2781  2781 D vol.SecVolumeDialogImpl: rescheduleTimeout 1500 com.android.systemui.volume.SecVolumeDialogImpl$Accessibility.onRequestSendAccessibilityEvent:2908
10-28 20:09:07.049  1417  5465 D PowerManagerService: [api] [s] userActivity : event: 0 flags: 0 (uid: 10063 pid: 2781) eventTime = 210809570
10-28 20:09:07.256 30873 30873 D SADVFSHelper: Either heavy-duty effect is Off or Music playback is not active
10-28 20:09:07.302  2781  2781 D vol.VolumeDialogMotion: show.onAnimationEnd
10-28 20:09:07.302  2781  2781 D vol.VolumeDialogMotion: mShowing = false
10-28 20:09:07.302  2781  2781 D vol.VolumeDialogMotion: mAnimating = false
10-28 20:09:07.531  1417  2490 D InputReader: Input event(6): value=1 when=210810055408000
10-28 20:09:07.531  1417  2490 D InputReader: Input event(6): value=1 when=210810055408000
10-28 20:09:07.531  1417  2490 I InputReader: Touch event's action is 0x0 (deviceType=0) [pCnt=1, s=0.42087 ] when=210810055408000
10-28 20:09:07.531  1417  2489 I InputDispatcher: Delivering touch to (2781): action: 0x4, toolType: 1
10-28 20:09:07.531  1417  2489 I InputDispatcher: Delivering touch to (30689): action: 0x0, toolType: 1
10-28 20:09:07.537 30689 30745 V threaded_app: New input event: type=2
10-28 20:09:07.540 30689 30689 D ViewRootImpl@ba0b995[GameActivity]: ViewPostIme pointer 0
10-28 20:09:07.542   723   723 D SEC LightsHAL: button : 1 +
10-28 20:09:07.549 30689 30744 D UE4     : [2018.10.29-01.09.07:549][ 83]LogSlate: FSceneViewport::OnFocusLost() reason 0
10-28 20:09:07.550  2781  2781 D vol.SecVolumeDialogImpl: rescheduleTimeout 1500 com.android.systemui.volume.SecVolumeDialogImpl$CustomDialog.dispatchTouchEvent:2665
10-28 20:09:07.551  2781  2781 D vol.SecVolumeDialogImpl: dismissH reason: 1
10-28 20:09:07.551  2781  2781 D vol.SecVolumeDialogImpl: Set KeyguardStatubar Visibility : TRUE
10-28 20:09:07.551  2781  2781 D vol.SecVolumeDialogImpl: mLockScreenDialog is dismissing
10-28 20:09:07.551  2781  2781 D vol.VolumeDialogMotion: startDismiss
10-28 20:09:07.551  2781  2781 D vol.VolumeDialogMotion: mDismissing = true
10-28 20:09:07.551  2781  2781 D vol.VolumeDialogMotion: mAnimating = true
10-28 20:09:07.552  1417  9835 D PowerManagerService: [api] [s] userActivity : event: 0 flags: 0 (uid: 10063 pid: 2781) eventTime = 210810076
10-28 20:09:07.560  2781  2781 I vol.Events: writeEvent dismiss_dialog touch_outside
10-28 20:09:07.563  2781  2942 I vol.Events: writeEvent active_stream_changed UNKNOWN_STREAM_-1
10-28 20:09:07.563  2781  2942 D vol.VolumeDialogControl: updateActiveStreamW -1
10-28 20:09:07.563  2781  2942 D vol.VolumeDialogControl: forceVolumeControlStream -1
10-28 20:09:07.565   723   723 D SEC LightsHAL: button : 1 -
10-28 20:09:07.571 30689 30745 V threaded_app: New input event: type=2
10-28 20:09:07.572  2781  2781 D vol.SecVolumeDialogImpl: updateWindowWidth lp.width=1248, mCurrentWindowWidth = 1248
10-28 20:09:07.572  2781  2781 D vol.SecVolumeDialogImpl: onStateChangedH animating=true
10-28 20:09:07.614  1417  2490 D InputReader: Input event(6): value=0 when=210810138319000
10-28 20:09:07.614  1417  2490 D InputReader: Input event(6): value=0 when=210810138319000
10-28 20:09:07.614  1417  2490 I InputReader: Touch event's action is 0x1 (deviceType=0) [pCnt=1, s=] when=210810138319000
10-28 20:09:07.614  1417  2489 I InputDispatcher: Delivering touch to (30689): action: 0x1, toolType: 1
10-28 20:09:07.616 30689 30745 V threaded_app: New input event: type=2
10-28 20:09:07.617 30689 30745 V threaded_app: New input event: type=2
10-28 20:09:07.619 30689 30689 D ViewRootImpl@ba0b995[GameActivity]: ViewPostIme pointer 1
10-28 20:09:07.637 30689 30744 D UE4     : [2018.10.29-01.09.07:637][ 88]LogSlate: Took 0.001279 seconds to synchronously load lazily loaded font '../../../Engine/Content/EngineFonts/Faces/RobotoBold.ufont' (160K)
10-28 20:09:07.723  2749  2749 E adbd    : recv: OPEN 00006fb6 00000000 0009:74 63 70 3A 36 36 36 36 00 
10-28 20:09:07.723  2749  2749 E adbd    : service_to_fd: tcp:6666
10-28 20:09:07.724  1146  1555 D DnsProxyListener: DNSDBG::dns addrinfo af 2
10-28 20:09:07.733  2749  2749 E adbd    : recv: OPEN 00006fba 00000000 000c:73 68 65 6C 6C 2C 76 32 3A 70 73 00 
10-28 20:09:07.734  2749  2749 E adbd    : service_to_fd: shell,v2:ps
10-28 20:09:07.752 30899 30899 E propClient: PropClient failed to load
10-28 20:09:07.769 30899 30899 E propClient: PropClient failed to load
10-28 20:09:07.819  2781  2781 D vol.VolumeDialogMotion: dismiss.onAnimationEnd
10-28 20:09:07.870  2781  2781 D vol.VolumeDialogMotion: mDialog.dismiss()
10-28 20:09:07.876  2781  2781 D vol.SecVolumeDialogImpl: onViewDetachedFromWindow
10-28 20:09:07.882  2781  2958 D OpenGLRenderer: eglDestroySurface = 0x74780c8ff0
10-28 20:09:07.883  2781  2781 D ViewRootImpl@add6e6b[SecVolumeDialogImpl]: dispatchDetachedFromWindow
10-28 20:09:07.883  2781  2781 D InputEventReceiver: channel '8aa21bc SecVolumeDialogImpl (client)' ~ Disposing input event receiver.
10-28 20:09:07.883  2781  2781 D InputEventReceiver: channel '8aa21bc SecVolumeDialogImpl (client)' ~NativeInputEventReceiver.
10-28 20:09:07.884  1417  9835 I WindowManager: Destroying surface Surface(name=SecVolumeDialogImpl) called by com.android.server.wm.WindowStateAnimator.destroySurface:2501 com.android.server.wm.WindowStateAnimator.destroySurfaceLocked:985 com.android.server.wm.WindowState.removeImmediately:2403 com.android.server.wm.WindowState.removeIfPossible:2611 com.android.server.wm.WindowState.removeIfPossible:2441 com.android.server.wm.WindowManagerService.removeWindow:2019 com.android.server.wm.Session.remove:237 android.view.IWindowSession$Stub.onTransact:242 
10-28 20:09:07.884   772  3176 I SurfaceFlinger: id=10620 Removed SecVolumeDialogImpl#0 (4/4)
10-28 20:09:07.885   772  3176 I SurfaceFlinger: id=10620 Removed SecVolumeDialogImpl#0 (-2/4)
10-28 20:09:07.885  1417  9835 W AppOps  : Finishing op nesting under-run: uid 10063 pkg com.android.systemui code 70 time=0 duration=0 nesting=0
10-28 20:09:07.885   772   772 I Layer   : id=10620 onRemoved SecVolumeDialogImpl#0 
10-28 20:09:07.890   772   772 I SurfaceFlinger: Display 0 HWC layers:
10-28 20:09:07.890   772   772 I SurfaceFlinger:     type    |    handle    | flag |  format   |   source crop (l,t,r,b)    |         frame       | name 
10-28 20:09:07.890   772   772 I SurfaceFlinger: ------------+--------------+------+-----------+----------------------------+---------------------+------
10-28 20:09:07.890   772   772 I SurfaceFlinger:      Device | 0x7dd942c580 | 0002 | RGBx_8888 |   0.0    0.0  720.0 1280.0 |    0    0 1080 1920 | SurfaceView - com.YourCompany.GiftGa[...]icgames.ue4.GameActivity@2b5d69b@0#0
10-28 20:09:07.890   772   772 I SurfaceFlinger:      Device | 0x7dd4376080 | 0000 | RGBA_8888 |   0.0    0.0 1080.0 1920.0 |    0    0 1080 1920 | com.YourCompany.GiftGame/com.epicgames.ue4.GameActivity#1
10-28 20:09:07.890   772   772 I SurfaceFlinger: 
10-28 20:09:07.901  2781  2781 D vol.SecVolumeDialogImpl: onStop animating=true
10-28 20:09:07.901  2781  2781 D vol.VolumeDialogMotion: mDismissing = false
10-28 20:09:07.901  2781  2781 D vol.VolumeDialogMotion: mAnimating = false
10-28 20:09:07.901  2781  2781 D vol.VolumeDialogMotion: mDialog.onDismiss
10-28 20:09:07.902  2781  2781 D vol.SecVolumeDialogImpl: updateWindowWidth lp.width=1248, mCurrentWindowWidth = 1248
10-28 20:09:07.902  2781  2781 D vol.SecVolumeDialogImpl: onStateChangedH animating=false
10-28 20:09:07.915  2781  2781 D vol.SecVolumeDialogImpl: updateRowsH 2
10-28 20:09:07.915  2781  2781 D vol.SecVolumeDialogImpl: trimObsoleteH
10-28 20:09:07.917  2781  2781 D vol.SecVolumeDialogImpl: rescheduleTimeout 3000 com.android.systemui.volume.SecVolumeDialogImpl.onStateChangedH:1706
10-28 20:09:07.917  2781  2781 D vol.SecVolumeDialogImpl: updateVolumeRowH s=2, ss.level : 0, row.lastAudibleLevel : 1, row.ss.muted : true
10-28 20:09:07.918  2781  2781 D vol.SecVolumeDialogImpl: updateVolumeRowH s=3, ss.level : 1300, row.lastAudibleLevel : 1300, row.ss.muted : false
10-28 20:09:07.918  1417  4076 D PowerManagerService: [api] [s] userActivity : event: 0 flags: 0 (uid: 10063 pid: 2781) eventTime = 210810442
10-28 20:09:07.918  2781  2781 D vol.SecVolumeDialogImpl: updateVolumeRowH s=5, ss.level : 0, row.lastAudibleLevel : 1, row.ss.muted : true
10-28 20:09:07.921  2781  2781 D vol.SecVolumeDialogImpl: updateVolumeRowH s=1, ss.level : 0, row.lastAudibleLevel : 1, row.ss.muted : true
10-28 20:09:07.922  2781  2781 D vol.SecVolumeDialogImpl: updateVolumeRowH s=4, ss.level : 11, row.lastAudibleLevel : 11, row.ss.muted : false
10-28 20:09:07.922  2781  2781 D vol.SecVolumeDialogImpl: updateVolumeRowH s=0, ss.level : 4, row.lastAudibleLevel : 4, row.ss.muted : false
10-28 20:09:07.922  2781  2781 D vol.SecVolumeDialogImpl: updateVolumeRowH s=6, ss.level : 7, row.lastAudibleLevel : 7, row.ss.muted : false
10-28 20:09:07.923  2781  2781 D vol.SecVolumeDialogImpl: updateVolumeRowH s=10, ss.level : 5, row.lastAudibleLevel : 5, row.ss.muted : false
10-28 20:09:07.923  2781  2781 D vol.SecVolumeDialogImpl: updateVolumeRowH s=14, ss.level : 7, row.lastAudibleLevel : 7, row.ss.muted : false
10-28 20:09:07.923  2781  2781 D vol.SecVolumeDialogImpl: updateVolumeRowH s=11, ss.level : 0, row.lastAudibleLevel : 1, row.ss.muted : false
10-28 20:09:07.923  2781  2781 D vol.SecVolumeDialogImpl: updateVolumeRowH s=12, ss.level : 500, row.lastAudibleLevel : 500, row.ss.muted : false
10-28 20:09:07.923  2781  2781 D vol.SecVolumeDialogImpl: recheckH ALL
10-28 20:09:07.923  2781  2781 D vol.SecVolumeDialogImpl: trimObsoleteH
10-28 20:09:07.923  2781  2781 D vol.SecVolumeDialogImpl: updateVolumeRowH s=2, ss.level : 0, row.lastAudibleLevel : 1, row.ss.muted : true
10-28 20:09:07.924  2781  2781 D vol.SecVolumeDialogImpl: updateVolumeRowH s=3, ss.level : 1300, row.lastAudibleLevel : 1300, row.ss.muted : false
10-28 20:09:07.924  2781  2781 D vol.SecVolumeDialogImpl: updateVolumeRowH s=5, ss.level : 0, row.lastAudibleLevel : 1, row.ss.muted : true
