11-09 20:51:30.231  1936  5540 D AudioService: active stream is 0x8
11-09 20:51:30.232  1936  5540 D MediaSessionService: Adjusting null by 0. flags=4116, suggestedStream=3, preferSuggestedStream=true
11-09 20:51:30.234  1936  2740 I AudioService: isMediaSilentMode false
11-09 20:51:30.234  2905  2928 D vol.VolumeDialogControl.VC: volumeChanged STREAM_MUSIC SHOW_UI,VIBRATE,FROM_KEY
11-09 20:51:30.236  1062  3893 V APM_AudioPolicyManager: setStreamVolumeIndex() stream 3, device 00000002, index 11
11-09 20:51:30.237  1936  2077 W BroadcastQueue: Background execution not allowed: receiving Intent { act=android.media.VOLUME_CHANGED_ACTION flg=0x14000010 (has extras) } to com.samsung.android.game.gamehome/.receiver.VolumeControlReceiver
11-09 20:51:30.239  1936  3263 D AudioService: GetAppDevice, uid=10016
11-09 20:51:30.239  1936  4730 D AudioService: GetAppDevice, uid=10417
11-09 20:51:30.239  1062  2024 I AudioSAEffectSecPlus: command EFFECT_CMD_SET_VOLUME left = 0.199463, right =0.199463
11-09 20:51:30.240  1062  2024 I SoundAlive_PrePost: [ -296200960 ][ 48000 ]Exe_Pre() mRequiredPreVolume is changed - dB : -14.002323  mRequiredPreVolume : -10.002323
11-09 20:51:30.240  1062  2024 I SoundAlive_PrePost: [ -296200960 ][ 48000 ]Exe_Pre() mRequiredPreGain is changed - dB : -14.002323  mRequiredPreGain : 0.000000
11-09 20:51:30.240  1062  2024 I SoundAlive_PrePost: [ -296200960 ][ 48000 ]Exe_Post() mRequiredPostVolume is changed - dB : -14.002323  mRequiredPostVolume : -4.000000
11-09 20:51:30.240  1062  2024 I SoundAlive_PrePost: [ -296200960 ][ 48000 ]Exe_Post() mRequiredPostGain is changed - dB : -14.002323  mRequiredPostGain : 0.000000
11-09 20:51:30.241  1062  7830 V APM_AudioPolicyManager: setStreamVolumeIndex() stream 11, device 00000002, index 11
11-09 20:51:30.242  1062  7830 V APM_AudioPolicyManager: setStreamVolumeIndex() stream 11, device 00000002, index 11
11-09 20:51:30.243  5567  5567 D UE4     : OnReceive VOLUME_CHANGED_ACTION
11-09 20:51:30.243  2905  2928 D vol.VolumeDialogControl.VC: isSafeVolumeDialogShowing : false
11-09 20:51:30.243  5567  5567 D UE4     : nativeVolumeEvent(11)
11-09 20:51:30.245  1062  7830 V APM_AudioPolicyManager: setStreamVolumeIndex() stream 10, device 00000002, index 11
11-09 20:51:30.247  1062  7830 V APM_AudioPolicyManager: setStreamVolumeIndex() stream 9, device 00000002, index 11
11-09 20:51:30.248  1936  5540 D AudioService: getStreamVolume 3 index 110
11-09 20:51:30.248  2905  3250 I vol.Events: writeEvent level_changed STREAM_MUSIC 1100
11-09 20:51:30.248  2905  3250 D vol.VolumeDialogControl: onVolumeChangedW stream = 3, flags = 4113, lastAudibleStreamVolume = 1100
11-09 20:51:30.249  1936  1936 D AudioService: isEnabled
11-09 20:51:30.249  2905  2928 D vol.VolumeDialogControl.VC: isSafeVolumeDialogShowing : false
11-09 20:51:30.249  1936  4730 D AudioService: getStreamVolume 3 index 110
11-09 20:51:30.249  2905  3250 I vol.Events: writeEvent key STREAM_MUSIC 1100
11-09 20:51:30.249  2905  2905 D vol.SecVolumeDialogImpl: updateWindowWidth lp.width=1248, mCurrentWindowWidth = 1248
11-09 20:51:30.249  2905  2905 D vol.SecVolumeDialogImpl: onStateChangedH animating=false
11-09 20:51:30.250  1062  3893 V APM_AudioPolicyManager: getAudioPolicyConfig: audioParam;isFMRadioRecording
11-09 20:51:30.250  1062  3893 V APM_AudioPolicyManager: FM radio recording off
11-09 20:51:30.250  1936  2971 D AudioService: getStreamVolume 4 index 110
11-09 20:51:30.251  1936  3263 D AudioService: getStreamVolume 3 index 110
11-09 20:51:30.253  1936  3263 D AudioService: GetAppDevice, uid=1000
11-09 20:51:30.254  1936  3263 I chatty  : uid=1000(system) Binder:1936_D identical 1 line
11-09 20:51:30.255  2905  2905 D vol.SecVolumeDialogImpl: updateVolumeRowH s=2, ss.level : 0, row.lastAudibleLevel : 1, row.ss.muted : true
11-09 20:51:30.256  2905  2928 D vol.VolumeDialogControl.VC: volumeChanged STREAM_MUSIC VIBRATE,FROM_KEY
11-09 20:51:30.256  1936  1936 I FMRadioService: *** mVolumeEventReceiver: ACTION  - android.media.VOLUME_CHANGED_ACTION
11-09 20:51:30.256  1936  1936 I FMRadioService: Stream: 3  and volume: 11
11-09 20:51:30.258  1936  3263 D AudioService: getStreamVolume 3 index 110
11-09 20:51:30.258  2905  2905 D vol.SecVolumeDialogImpl: updateVolumeRowH s=3, ss.level : 1100, row.lastAudibleLevel : 1200, row.ss.muted : false
11-09 20:51:30.259  2905  2905 D vol.SecVolumeDialogImpl: updateVolumeRowH s=5, ss.level : 0, row.lastAudibleLevel : 1, row.ss.muted : true
11-09 20:51:30.259  2905  2905 D vol.SecVolumeDialogImpl: updateVolumeRowH s=1, ss.level : 0, row.lastAudibleLevel : 1, row.ss.muted : true
11-09 20:51:30.259  2905  3250 D vol.VolumeDialogControl: onVolumeChangedW stream = 3, flags = 4112, lastAudibleStreamVolume = 1100
11-09 20:51:30.259  2905  2905 D vol.SecVolumeDialogImpl: updateVolumeRowH s=4, ss.level : 11, row.lastAudibleLevel : 11, row.ss.muted : false
11-09 20:51:30.259  2905  2905 D vol.SecVolumeDialogImpl: updateVolumeRowH s=0, ss.level : 4, row.lastAudibleLevel : 4, row.ss.muted : false
11-09 20:51:30.259  2905  2905 D vol.SecVolumeDialogImpl: updateVolumeRowH s=6, ss.level : 7, row.lastAudibleLevel : 7, row.ss.muted : false
11-09 20:51:30.259  2905  2905 D vol.SecVolumeDialogImpl: updateVolumeRowH s=10, ss.level : 0, row.lastAudibleLevel : 7, row.ss.muted : false
11-09 20:51:30.259  2905  2905 D vol.SecVolumeDialogImpl: updateVolumeRowH s=14, ss.level : 7, row.lastAudibleLevel : 7, row.ss.muted : false
11-09 20:51:30.259  2905  2905 D vol.SecVolumeDialogImpl: updateVolumeRowH s=11, ss.level : 0, row.lastAudibleLevel : 1, row.ss.muted : false
11-09 20:51:30.259  2905  2905 D vol.SecVolumeDialogImpl: updateVolumeRowH s=12, ss.level : 820, row.lastAudibleLevel : 820, row.ss.muted : false
11-09 20:51:30.260  3764  3764 V UniSet-Utils: notifySettingsChange: volume_music_speaker
11-09 20:51:30.260  3764  3764 W ContextImpl: Calling a method in the system process without a qualified user: android.app.ContextImpl.sendBroadcast:971 android.content.ContextWrapper.sendBroadcast:447 com.samsung.unifiedsettingservice.Utils.notifySettingsChange:144 com.samsung.unifiedsettingservice.settings.OtherSettings.checkKeyIfDirty:583 com.samsung.unifiedsettingservice.settings.OtherSettings.-wrap0:0 
11-09 20:51:30.261  1936  1936 I FMRadioService: *** mVolumeEventReceiver: ACTION  - android.media.VOLUME_CHANGED_ACTION
11-09 20:51:30.261  1936  1936 I FMRadioService: Stream: 3  and volume: 11
11-09 20:51:30.262  2905  2905 D vol.SecVolumeDialogImpl: showH r=volume_changed, mShowing : true
11-09 20:51:30.262  2905  2905 D vol.SecVolumeDialogImpl: rescheduleTimeout 1500 com.android.systemui.volume.SecVolumeDialogImpl.showH:1273
11-09 20:51:30.263  1936  2971 D PowerManagerService: [api] [s] userActivity : event: 0 flags: 0 (uid: 10063 pid: 2905) eventTime = 276589115
11-09 20:51:30.263  1936  2077 W BroadcastQueue: Background execution not allowed: receiving Intent { act=android.media.VOLUME_CHANGED_ACTION flg=0x14000010 (has extras) } to com.samsung.android.game.gamehome/.receiver.VolumeControlReceiver
11-09 20:51:30.264  5567  5567 D UE4     : OnReceive VOLUME_CHANGED_ACTION
11-09 20:51:30.264  5567  5567 D UE4     : nativeVolumeEvent(11)
11-09 20:51:30.269  1936  3263 D AudioService: getStreamVolume 5 index 0
11-09 20:51:30.270  1936  3263 D AudioService: getStreamVolume 1 index 0
11-09 20:51:30.281  1936  2461 D InputReader: Input event(4): value=1 when=276589134418000
11-09 20:51:30.282  1936  2461 D CombinationKeyManager: Accessibility Shortcut unAvailable
11-09 20:51:30.283  1936  2461 D WindowManager: interceptKeyTq s_result=1
11-09 20:51:30.284  1936  3263 D AudioService: getStreamVolume 6 index 70
11-09 20:51:30.285  1936  3263 D AudioService: getStreamVolume 4 index 110
11-09 20:51:30.285  1936  3263 D AudioService: GetAppDevice, uid=1000
11-09 20:51:30.288  1936  3263 D AudioService: getStreamVolume 3 index 110
11-09 20:51:30.289  1936  2460 D WindowManager: interceptKeyTi s_result = 142
11-09 20:51:30.289  1936  2460 D InputDispatcher: We will try again in 142 msec by PWM
11-09 20:51:30.293  1936  2971 D AudioService: getStreamVolume 5 index 0
11-09 20:51:30.294  2905  2905 D vol.SecVolumeDialogImpl: STREAM_MUSIC onProgressChanged 1165 fromUser=false
11-09 20:51:30.297  1936  2971 D AudioService: getStreamVolume 1 index 0
11-09 20:51:30.298  1936  2971 D AudioService: getStreamVolume 6 index 70
11-09 20:51:30.308  2905  2905 D vol.SecVolumeDialogImpl: STREAM_MUSIC onProgressChanged 1135 fromUser=false
11-09 20:51:30.322  2905  2905 D vol.SecVolumeDialogImpl: STREAM_MUSIC onProgressChanged 1115 fromUser=false
11-09 20:51:30.329  1016  1016 E audit   : type=1400 audit(1541818290.316:41899): avc:  denied  { read } for  pid=5567 comm="Thread-2" name="stat" dev="proc" ino=4026532368 scontext=u:r:untrusted_app_25:s0:c512,c768 tcontext=u:object_r:proc_stat:s0 tclass=file permissive=0 SEPF_SM-G930V_8.0.0_0016 audit_filtered
11-09 20:51:30.329  1016  1016 E audit   : type=1300 audit(1541818290.316:41899): arch=40000028 syscall=322 per=8 success=no exit=-13 a0=ffffff9c a1=cb47cce8 a2=20000 a3=0 items=0 ppid=1058 pid=5567 auid=4294967295 uid=10536 gid=10536 euid=10536 suid=10536 fsuid=10536 egid=10536 sgid=10536 fsgid=10536 tty=(none) ses=4294967295 comm="Thread-2" exe="/system/bin/app_process32" subj=u:r:untrusted_app_25:s0:c512,c768 key=(null)
11-09 20:51:30.329  1016  1016 E audit   : type=1327 audit(1541818290.316:41899): proctitle="com.TeamNA.GiftGame"
11-09 20:51:30.338  2905  2905 D vol.SecVolumeDialogImpl: STREAM_MUSIC onProgressChanged 1103 fromUser=false
11-09 20:51:30.346  1936  2461 D InputReader: Input event(4): value=0 when=276589199584000
11-09 20:51:30.348  1936  2461 D WindowManager: interceptKeyTq s_result=1
11-09 20:51:30.357  2905  2905 D vol.SecVolumeDialogImpl: STREAM_MUSIC onProgressChanged 1100 fromUser=false
11-09 20:51:30.380  2920  2920 E adbd    : recv: OPEN 00000864 00000000 000c:73 68 65 6C 6C 2C 76 32 3A 70 73 00 
11-09 20:51:30.380  2920  2920 E adbd    : service_to_fd: shell,v2:ps
11-09 20:51:30.389  5781  5781 E propClient: PropClient failed to load
11-09 20:51:30.402  5781  5781 E propClient: PropClient failed to load
11-09 20:51:30.431  1016  1016 E audit   : type=1400 audit(1541818290.416:41900): avc:  denied  { read } for  pid=5567 comm="Thread-2" name="stat" dev="proc" ino=4026532368 scontext=u:r:untrusted_app_25:s0:c512,c768 tcontext=u:object_r:proc_stat:s0 tclass=file permissive=0 SEPF_SM-G930V_8.0.0_0016 audit_filtered
11-09 20:51:30.431  1016  1016 E audit   : type=1300 audit(1541818290.416:41900): arch=40000028 syscall=322 per=8 success=no exit=-13 a0=ffffff9c a1=cb47cce8 a2=20000 a3=0 items=0 ppid=1058 pid=5567 auid=4294967295 uid=10536 gid=10536 euid=10536 suid=10536 fsuid=10536 egid=10536 sgid=10536 fsgid=10536 tty=(none) ses=4294967295 comm="Thread-2" exe="/system/bin/app_process32" subj=u:r:untrusted_app_25:s0:c512,c768 key=(null)
11-09 20:51:30.431  1016  1016 E audit   : type=1327 audit(1541818290.416:41900): proctitle="com.TeamNA.GiftGame"
11-09 20:51:30.432  1936  2460 I InputDispatcher: Delivering key to (5567): action: 0x0 (0)
11-09 20:51:30.433  1936  2460 D InputDispatcher: Waiting for application to become ready for input: 5567.  Reason: Waiting to send key event because the focused window has not finished processing all of the input events that were previously delivered to it.  Outbound queue length: 0.  Wait queue length: 1.
11-09 20:51:30.433  5567  5595 V threaded_app: New input event: type=1
11-09 20:51:30.434  2886  2886 I SKBD    : SamsungKeypad [HWKeyboard] This input is not processed by SKBD.
11-09 20:51:30.434  2886  2886 I SKBDC   : TymeCore cASl
11-09 20:51:30.434  2886  2886 I SKBDC   : ?? 50
11-09 20:51:30.435  2886  2886 I SKBDC   : TymeCore sCL 0
11-09 20:51:30.435  2886  2886 I SKBDC   : TymeCore sSf
11-09 20:51:30.435  2886  2886 D InputMethodService: onKeyDown not B key
11-09 20:51:30.436  5567  5595 V threaded_app: New input event: type=1
11-09 20:51:30.436  5567  5595 D UE4     : Received keycode: 25, softkey: 0
11-09 20:51:30.436  5567  5595 D UE4     : Received key event: 25
11-09 20:51:30.436  5567  5567 D ViewRootImpl@916ac0b[GameActivity]: ViewPostIme key 0
11-09 20:51:30.436  5567  5567 D UE4     : === Restoring Transparent Bars due to KeyCode ===
11-09 20:51:30.437  5567  5567 D UE4     : === Restoring Transparent Bars ===
11-09 20:51:30.438  1936  3263 D MediaSessionService: dispatchVolumeKeyEvent, pid=5567, uid=10536, event=KeyEvent { action=ACTION_DOWN, keyCode=KEYCODE_VOLUME_DOWN, scanCode=114, metaState=0, flags=0x8, repeatCount=0, eventTime=276589134, downTime=276589134, deviceId=4, displayId=0, source=0x101 }
11-09 20:51:30.441  1936  3263 D MediaSessionService: Adjusting null by -1. flags=4113, suggestedStream=3, preferSuggestedStream=true
11-09 20:51:30.443  1936  2460 I InputDispatcher: Delivering key to (5567): action: 0x1 (0)
11-09 20:51:30.446  5567  5595 V threaded_app: New input event: type=1
11-09 20:51:30.448  2886  2886 D InputMethodService: onKeyUp not B key
11-09 20:51:30.448  1936 11112 D SSRM:j  : SIOP:: AP = 380, PST = 318 (W:6), BAT = 250, CHG = 289
11-09 20:51:30.449  2905  2928 D vol.VolumeDialogControl.VC: isSafeVolumeDialogShowing : false
11-09 20:51:30.449  5567  5595 V threaded_app: New input event: type=1
11-09 20:51:30.449  5567  5595 D UE4     : Received keycode: 25, softkey: 0
11-09 20:51:30.449  5567  5595 D UE4     : Received key event: 25
11-09 20:51:30.450  5567  5567 D ViewRootImpl@916ac0b[GameActivity]: ViewPostIme key 1
11-09 20:51:30.450  1936  1936 D AudioService: isEnabled
11-09 20:51:30.450  2905  2928 D vol.VolumeDialogControl.VC: isSafeVolumeDialogShowing : false
11-09 20:51:30.450  1936  3263 D MediaSessionService: dispatchVolumeKeyEvent, pid=5567, uid=10536, event=KeyEvent { action=ACTION_UP, keyCode=KEYCODE_VOLUME_DOWN, scanCode=114, metaState=0, flags=0x8, repeatCount=0, eventTime=276589199, downTime=276589134, deviceId=4, displayId=0, source=0x101 }
11-09 20:51:30.451  1062  1338 V APM_AudioPolicyManager: getAudioPolicyConfig: audioParam;isFMRadioRecording
11-09 20:51:30.451  1062  1338 V APM_AudioPolicyManager: FM radio recording off
11-09 20:51:30.460  2905  2928 D vol.VolumeDialogControl.VC: isSafeVolumeDialogShowing : false
11-09 20:51:30.465  1936  2740 I AudioService: isMediaSilentMode false
11-09 20:51:30.465  2905  2928 D vol.VolumeDialogControl.VC: volumeChanged STREAM_MUSIC SHOW_UI,VIBRATE,FROM_KEY
11-09 20:51:30.465  1936  1936 I FMRadioService: *** mVolumeEventReceiver: ACTION  - android.media.VOLUME_CHANGED_ACTION
11-09 20:51:30.466  1936  1936 I FMRadioService: Stream: 3  and volume: 10
11-09 20:51:30.466  1062  7830 V APM_AudioPolicyManager: setStreamVolumeIndex() stream 3, device 00000002, index 10
11-09 20:51:30.469  1936  2971 D AudioService: GetAppDevice, uid=10016
11-09 20:51:30.470  1062  1338 V APM_AudioPolicyManager: getAudioPolicyConfig: audioParam;activeStream
11-09 20:51:30.470  1936  2077 W BroadcastQueue: Background execution not allowed: receiving Intent { act=android.media.VOLUME_CHANGED_ACTION flg=0x14000010 (has extras) } to com.samsung.android.game.gamehome/.receiver.VolumeControlReceiver
11-09 20:51:30.470  1062  1338 V APM_AudioPolicyManager: ### active stream : 8
11-09 20:51:30.470  1936  3263 D AudioService: active stream is 0x8
11-09 20:51:30.473  1936  5540 D AudioService: GetAppDevice, uid=10417
11-09 20:51:30.474  1936  3263 D MediaSessionService: Adjusting null by 0. flags=4116, suggestedStream=3, preferSuggestedStream=true
11-09 20:51:30.476  5567  5567 D UE4     : OnReceive VOLUME_CHANGED_ACTION
11-09 20:51:30.476  5567  5567 D UE4     : nativeVolumeEvent(10)
11-09 20:51:30.476  1062  7830 V APM_AudioPolicyManager: setStreamVolumeIndex() stream 11, device 00000002, index 10
11-09 20:51:30.477  1062  7830 V APM_AudioPolicyManager: setStreamVolumeIndex() stream 11, device 00000002, index 10
11-09 20:51:30.478  1062  7830 V APM_AudioPolicyManager: setStreamVolumeIndex() stream 10, device 00000002, index 10
11-09 20:51:30.479  1062  1338 V APM_AudioPolicyManager: setStreamVolumeIndex() stream 9, device 00000002, index 10
11-09 20:51:30.479  1936  4730 D AudioService: getStreamVolume 4 index 110
11-09 20:51:30.479  1062  2024 I AudioSAEffectSecPlus: command EFFECT_CMD_SET_VOLUME left = 0.158447, right =0.158447
11-09 20:51:30.480  1062  2024 I SoundAlive_PrePost: [ -296200960 ][ 48000 ]Exe_Pre() mRequiredPreVolume is changed - dB : -16.001759  mRequiredPreVolume : -10.001759
11-09 20:51:30.480  1062  2024 I SoundAlive_PrePost: [ -296200960 ][ 48000 ]Exe_Pre() mRequiredPreGain is changed - dB : -16.001759  mRequiredPreGain : 0.000000
11-09 20:51:30.480  1062  2024 I SoundAlive_PrePost: [ -296200960 ][ 48000 ]Exe_Post() mRequiredPostVolume is changed - dB : -16.001759  mRequiredPostVolume : -6.000000
11-09 20:51:30.480  1062  2024 I SoundAlive_PrePost: [ -296200960 ][ 48000 ]Exe_Post() mRequiredPostGain is changed - dB : -16.001759  mRequiredPostGain : 0.000000
11-09 20:51:30.480  1936  4730 D AudioService: GetAppDevice, uid=1000
11-09 20:51:30.481  1936  3011 D AudioService: getStreamVolume 3 index 100
11-09 20:51:30.481  2905  3250 I vol.Events: writeEvent level_changed STREAM_MUSIC 1000
11-09 20:51:30.481  2905  3250 D vol.VolumeDialogControl: onVolumeChangedW stream = 3, flags = 4113, lastAudibleStreamVolume = 1000
11-09 20:51:30.482  2905  2928 D vol.VolumeDialogControl.VC: isSafeVolumeDialogShowing : false
11-09 20:51:30.482  1936  2971 D AudioService: getStreamVolume 3 index 100
11-09 20:51:30.482  2905  3250 I vol.Events: writeEvent key STREAM_MUSIC 1000
11-09 20:51:30.483  1936  1936 D AudioService: isEnabled
11-09 20:51:30.483  2905  2905 D vol.SecVolumeDialogImpl: updateWindowWidth lp.width=1248, mCurrentWindowWidth = 1248
11-09 20:51:30.483  2905  2905 D vol.SecVolumeDialogImpl: onStateChangedH animating=false
11-09 20:51:30.483  2905 26527 D vol.VolumeDialogControl.VC: isSafeVolumeDialogShowing : false
11-09 20:51:30.483  1936  5540 D AudioService: getStreamVolume 3 index 100
11-09 20:51:30.484  1936  4730 D AudioService: getStreamVolume 3 index 100
11-09 20:51:30.486  1062  1338 V APM_AudioPolicyManager: getAudioPolicyConfig: audioParam;isFMRadioRecording
11-09 20:51:30.486  1062  1338 V APM_AudioPolicyManager: FM radio recording off
11-09 20:51:30.486  2905  2905 D vol.SecVolumeDialogImpl: updateVolumeRowH s=2, ss.level : 0, row.lastAudibleLevel : 1, row.ss.muted : true
11-09 20:51:30.486  2905  2905 D vol.SecVolumeDialogImpl: updateVolumeRowH s=3, ss.level : 1000, row.lastAudibleLevel : 1100, row.ss.muted : false
11-09 20:51:30.487  3764  3764 V UniSet-Utils: notifySettingsChange: volume_music_speaker
11-09 20:51:30.487  2905  2905 D vol.SecVolumeDialogImpl: updateVolumeRowH s=5, ss.level : 0, row.lastAudibleLevel : 1, row.ss.muted : true
11-09 20:51:30.487  3764  3764 W ContextImpl: Calling a method in the system process without a qualified user: android.app.ContextImpl.sendBroadcast:971 android.content.ContextWrapper.sendBroadcast:447 com.samsung.unifiedsettingservice.Utils.notifySettingsChange:144 com.samsung.unifiedsettingservice.settings.OtherSettings.checkKeyIfDirty:583 com.samsung.unifiedsettingservice.settings.OtherSettings.-wrap0:0 
11-09 20:51:30.487  2905  2905 D vol.SecVolumeDialogImpl: updateVolumeRowH s=1, ss.level : 0, row.lastAudibleLevel : 1, row.ss.muted : true
11-09 20:51:30.488  2905  2905 D vol.SecVolumeDialogImpl: updateVolumeRowH s=4, ss.level : 11, row.lastAudibleLevel : 11, row.ss.muted : false
11-09 20:51:30.490  2905  2905 D vol.SecVolumeDialogImpl: updateVolumeRowH s=0, ss.level : 4, row.lastAudibleLevel : 4, row.ss.muted : false
11-09 20:51:30.490  2905  2905 D vol.SecVolumeDialogImpl: updateVolumeRowH s=6, ss.level : 7, row.lastAudibleLevel : 7, row.ss.muted : false
11-09 20:51:30.491  2905 26527 D vol.VolumeDialogControl.VC: volumeChanged STREAM_MUSIC VIBRATE,FROM_KEY
11-09 20:51:30.493  1936  5540 D AudioService: getStreamVolume 3 index 100
11-09 20:51:30.493  2905  3250 D vol.VolumeDialogControl: onVolumeChangedW stream = 3, flags = 4112, lastAudibleStreamVolume = 1000
11-09 20:51:30.494  2905  2905 D vol.SecVolumeDialogImpl: updateVolumeRowH s=10, ss.level : 0, row.lastAudibleLevel : 7, row.ss.muted : false
11-09 20:51:30.494  2905  2905 D vol.SecVolumeDialogImpl: updateVolumeRowH s=14, ss.level : 7, row.lastAudibleLevel : 7, row.ss.muted : false
11-09 20:51:30.494  2905  2905 D vol.SecVolumeDialogImpl: updateVolumeRowH s=11, ss.level : 0, row.lastAudibleLevel : 1, row.ss.muted : false
11-09 20:51:30.495  1936  1936 I FMRadioService: *** mVolumeEventReceiver: ACTION  - android.media.VOLUME_CHANGED_ACTION
11-09 20:51:30.495  1936  1936 I FMRadioService: Stream: 3  and volume: 10
11-09 20:51:30.495  5567  5567 D UE4     : === Restoring Transparent Bars ===
11-09 20:51:30.496  2905  2905 D vol.SecVolumeDialogImpl: updateVolumeRowH s=12, ss.level : 820, row.lastAudibleLevel : 820, row.ss.muted : false
11-09 20:51:30.496  1936  4730 D AudioService: getStreamVolume 5 index 0
11-09 20:51:30.497  2905  2905 D vol.SecVolumeDialogImpl: showH r=volume_changed, mShowing : true
11-09 20:51:30.498  2905  2905 D vol.SecVolumeDialogImpl: rescheduleTimeout 1500 com.android.systemui.volume.SecVolumeDialogImpl.showH:1273
11-09 20:51:30.498  1936  4730 D PowerManagerService: [api] [s] userActivity : event: 0 flags: 0 (uid: 10063 pid: 2905) eventTime = 276589351
11-09 20:51:30.499  1936  5540 D AudioService: getStreamVolume 1 index 0
11-09 20:51:30.503  1936  2971 D AudioService: getStreamVolume 6 index 70
11-09 20:51:30.506  2905  2905 D vol.SecVolumeDialogImpl: STREAM_MUSIC onProgressChanged 1065 fromUser=false
11-09 20:51:30.531  2905  2905 D vol.SecVolumeDialogImpl: STREAM_MUSIC onProgressChanged 1035 fromUser=false
11-09 20:51:30.533  1016  1016 E audit   : type=1400 audit(1541818290.516:41901): avc:  denied  { read } for  pid=5567 comm="Thread-2" name="stat" dev="proc" ino=4026532368 scontext=u:r:untrusted_app_25:s0:c512,c768 tcontext=u:object_r:proc_stat:s0 tclass=file permissive=0 SEPF_SM-G930V_8.0.0_0016 audit_filtered
11-09 20:51:30.533  1016  1016 E audit   : type=1300 audit(1541818290.516:41901): arch=40000028 syscall=322 per=8 success=no exit=-13 a0=ffffff9c a1=cb47cce8 a2=20000 a3=0 items=0 ppid=1058 pid=5567 auid=4294967295 uid=10536 gid=10536 euid=10536 suid=10536 fsuid=10536 egid=10536 sgid=10536 fsgid=10536 tty=(none) ses=4294967295 comm="Thread-2" exe="/system/bin/app_process32" subj=u:r:untrusted_app_25:s0:c512,c768 key=(null)
11-09 20:51:30.533  1016  1016 E audit   : type=1327 audit(1541818290.516:41901): proctitle="com.TeamNA.GiftGame"
11-09 20:51:30.550  2905  2905 D vol.SecVolumeDialogImpl: STREAM_MUSIC onProgressChanged 1015 fromUser=false
11-09 20:51:30.565  1936  4730 D AudioService: getStreamVolume 4 index 110
11-09 20:51:30.567  1936  4730 D AudioService: GetAppDevice, uid=1000
11-09 20:51:30.567  1936  4730 D AudioService: getStreamVolume 3 index 100
11-09 20:51:30.570  5567  5567 D UE4     : OnReceive VOLUME_CHANGED_ACTION
11-09 20:51:30.571  5567  5567 D UE4     : nativeVolumeEvent(10)
11-09 20:51:30.572  1936  4730 D AudioService: getStreamVolume 5 index 0
11-09 20:51:30.574  2905  2905 D vol.SecVolumeDialogImpl: STREAM_MUSIC onProgressChanged 1000 fromUser=false
11-09 20:51:30.589  1936  4730 D AudioService: getStreamVolume 1 index 0
11-09 20:51:30.597  1936  4730 D AudioService: getStreamVolume 6 index 70
11-09 20:51:30.644  1016  1016 E audit   : type=1400 audit(1541818290.626:41902): avc:  denied  { read } for  pid=5567 comm="Thread-2" name="stat" dev="proc" ino=4026532368 scontext=u:r:untrusted_app_25:s0:c512,c768 tcontext=u:object_r:proc_stat:s0 tclass=file permissive=0 SEPF_SM-G930V_8.0.0_0016 audit_filtered
11-09 20:51:30.646  1016  1016 E audit   : type=1300 audit(1541818290.626:41902): arch=40000028 syscall=322 per=8 success=no exit=-13 a0=ffffff9c a1=cb47cce8 a2=20000 a3=0 items=0 ppid=1058 pid=5567 auid=4294967295 uid=10536 gid=10536 euid=10536 suid=10536 fsuid=10536 egid=10536 sgid=10536 fsgid=10536 tty=(none) ses=4294967295 comm="Thread-2" exe="/system/bin/app_process32" subj=u:r:untrusted_app_25:s0:c512,c768 key=(null)
11-09 20:51:30.646  1016  1016 E audit   : type=1327 audit(1541818290.626:41902): proctitle="com.TeamNA.GiftGame"
11-09 20:51:30.654  1936  5540 W BroadcastQueue: Background execution not allowed: receiving Intent { act=android.media.VOLUME_CHANGED_ACTION flg=0x14000010 (has extras) } to com.samsung.android.game.gamehome/.receiver.VolumeControlReceiver
11-09 20:51:30.676   730   867 I qti_sensors_hal: processReportInd: Accel - X: 10.390 Y: -0.249 Z: 5.956
11-09 20:51:30.697   730   867 I qti_sensors_hal: processReportInd: Gyro - X: 0.058 Y: -1.176 Z: 0.062 status: 3
11-09 20:51:30.704  5567  5567 D UE4     : === Restoring Transparent Bars ===
11-09 20:51:30.750  1016  1016 E audit   : type=1400 audit(1541818290.736:41903): avc:  denied  { read } for  pid=5567 comm="Thread-2" name="stat" dev="proc" ino=4026532368 scontext=u:r:untrusted_app_25:s0:c512,c768 tcontext=u:object_r:proc_stat:s0 tclass=file permissive=0 SEPF_SM-G930V_8.0.0_0016 audit_filtered
11-09 20:51:30.750  1016  1016 E audit   : type=1300 audit(1541818290.736:41903): arch=40000028 syscall=322 per=8 success=no exit=-13 a0=ffffff9c a1=cb47cce8 a2=20000 a3=0 items=0 ppid=1058 pid=5567 auid=4294967295 uid=10536 gid=10536 euid=10536 suid=10536 fsuid=10536 egid=10536 sgid=10536 fsgid=10536 tty=(none) ses=4294967295 comm="Thread-2" exe="/system/bin/app_process32" subj=u:r:untrusted_app_25:s0:c512,c768 key=(null)
11-09 20:51:30.750  1016  1016 E audit   : type=1327 audit(1541818290.736:41903): proctitle="com.TeamNA.GiftGame"
11-09 20:51:30.774  2905  2905 D vol.SecVolumeDialogImpl: rescheduleTimeout 1500 com.android.systemui.volume.SecVolumeDialogImpl$Accessibility.onRequestSendAccessibilityEvent:2908
11-09 20:51:30.776  1936  5540 D PowerManagerService: [api] [s] userActivity : event: 0 flags: 0 (uid: 10063 pid: 2905) eventTime = 276589628
11-09 20:51:30.819  1936  5540 D BatteryService: !@BatteryListener : batteryPropertiesChanged!
11-09 20:51:30.820  1936  5540 D BatteryService: level:100, scale:100, status:5, health:2, present:true, voltage: 4234, temperature: 252, technology: Li-ion, AC powered:false, USB powered:true, POGO powered:false, Wireless powered:false, icon:17303851, invalid charger:0, maxChargingCurrent:0, maxChargingVoltage:0, chargeCounter:0
11-09 20:51:30.820  1936  5540 D BatteryService: online:6, current avg:66, charge type:1, power sharing:false, high voltage charger:false, capacity:280000, batterySWSelfDischarging:false, misc_event:0, current_event:0, current_now:-99
11-09 20:51:30.820  1936  1936 D BatteryService: Sending ACTION_BATTERY_CHANGED.
11-09 20:51:30.823  1936  1936 I MotionRecognitionService: Plugged
11-09 20:51:30.823  1936  1936 D MotionRecognitionService:   mCableConnection= 1
11-09 20:51:30.823  1936  1936 D MotionRecognitionService: setPowerConnected : mGripEnabled = false
11-09 20:51:30.824  1936  1936 D SamsungPhoneWindowManager: ACTION_BATTERY_CHANGED - Level :: 100, battStatus :: 5
11-09 20:51:30.825  1936  2132 D UsbDeviceManager: handleMessage -> MSG_UPDATE_CHARGING_STATE = 1
11-09 20:51:30.827  2905  2905 D KeyguardUpdateMonitor: received broadcast android.intent.action.BATTERY_CHANGED
11-09 20:51:30.827  2905  2905 D BatteryController: onReceive-ACTION_BATTERY_CHANGED : mLevel=100, mBatteryStatus=5
11-09 20:51:30.830  3196  3196 D PhoneApp: PhoneAppBroadcastReceiver onReceive android.intent.action.BATTERY_CHANGED
11-09 20:51:30.832  3225  3666 D EPDG -- SIM0 [EpdgSubScription]: android.intent.action.BATTERY_CHANGED intent received.
11-09 20:51:30.834  3196  3196 D TelephonyExtensionManager: lowBatterySound - isLowBatterySoundScheduled: false
11-09 20:51:30.834  3196  3196 D TelephonyExtensionManager: lowBatterySound - isPlayNow: false
11-09 20:51:30.835  5567  5567 D UE4     : Battery: status = 5, rawlevel = 100, scale = 100
11-09 20:51:30.836  5567  5567 D UE4     : nativeBatteryEvent(stat = 5, lvl = 100  temp = 25.20 C)
11-09 20:51:30.838  2905  2905 D PowerUI : priorPlugType = 2 mPlugType =  2
11-09 20:51:30.840  3196  3196 D TelephonyExtensionManager: isSpeakerON - false
11-09 20:51:30.842 21322 21322 D charging_screen: Naive charging time: 0 s
11-09 20:51:30.846  3196  3196 D TelephonyExtensionManager: lowBatterySound - batteryStatus: 5
11-09 20:51:30.846  3196  3196 D TelephonyExtensionManager: lowBatterySound - batteryLevel: 100
11-09 20:51:30.846  3196  3196 D TelephonyExtensionManager: lowBatterySound - cancel
11-09 20:51:30.846  1936  2971 D SamsungAlarmManager: Cancel Alarm calling from uid:1001 pid :3196 / op:PendingIntent{afd1318: PendingIntentRecord{7e4f8d1 com.android.phone broadcastIntent}}
11-09 20:51:30.847  3196  3196 D TelephonyExtension: Not stopping low battery tone
11-09 20:51:30.937  5567  5567 D UE4     : === Restoring Transparent Bars ===
11-09 20:51:30.975   730   867 I qti_sensors_hal: processReportInd: Cal Mag Filter, 0, 0, 0.000000, 0.000000, 0.000000, 0.000000, 0.000000, 0.000000, -52.772522, 3.979492, 6.561279
11-09 20:51:31.217  1936  2461 D InputReader: Input event(6): value=1 when=276590070321000
11-09 20:51:31.217  1936  2461 D InputReader: Input event(6): value=1 when=276590070321000
11-09 20:51:31.217  1936  2461 I InputReader: Touch event's action is 0x0 (deviceType=0) [pCnt=1, s=0.20510 ] when=276590070321000
11-09 20:51:31.217  1936  2460 I InputDispatcher: Delivering touch to (2905): action: 0x4, toolType: 1
11-09 20:51:31.217  1936  2460 I InputDispatcher: Delivering touch to (5567): action: 0x0, toolType: 1
11-09 20:51:31.219  2905  2905 D vol.SecVolumeDialogImpl: rescheduleTimeout 1500 com.android.systemui.volume.SecVolumeDialogImpl$CustomDialog.dispatchTouchEvent:2665
11-09 20:51:31.219  5567  5595 V threaded_app: New input event: type=2
11-09 20:51:31.219  2905  2905 D vol.SecVolumeDialogImpl: dismissH reason: 1
11-09 20:51:31.219  2905  2905 D vol.SecVolumeDialogImpl: Set KeyguardStatubar Visibility : TRUE
11-09 20:51:31.219  2905  2905 D vol.SecVolumeDialogImpl: mLockScreenDialog is dismissing
11-09 20:51:31.219  2905  2905 D vol.VolumeDialogMotion: startDismiss
11-09 20:51:31.219  2905  2905 D vol.VolumeDialogMotion: mDismissing = true
11-09 20:51:31.219  2905  2905 D vol.VolumeDialogMotion: mAnimating = true
11-09 20:51:31.220  1936  3011 D PowerManagerService: [api] [s] userActivity : event: 0 flags: 0 (uid: 10063 pid: 2905) eventTime = 276590073
11-09 20:51:31.225  5567  5567 D ViewRootImpl@916ac0b[GameActivity]: ViewPostIme pointer 0
11-09 20:51:31.234  2905  2905 I vol.Events: writeEvent dismiss_dialog touch_outside
11-09 20:51:31.239  2905  3250 I vol.Events: writeEvent active_stream_changed UNKNOWN_STREAM_-1
11-09 20:51:31.239  2905  3250 D vol.VolumeDialogControl: updateActiveStreamW -1
11-09 20:51:31.239  2905  3250 D vol.VolumeDialogControl: forceVolumeControlStream -1
11-09 20:51:31.248  2905  2905 D vol.SecVolumeDialogImpl: updateWindowWidth lp.width=1248, mCurrentWindowWidth = 1248
11-09 20:51:31.248  2905  2905 D vol.SecVolumeDialogImpl: onStateChangedH animating=true
11-09 20:51:31.291  5567  5595 V threaded_app: New input event: type=2
11-09 20:51:31.307  5567  5595 V threaded_app: New input event: type=2
11-09 20:51:31.312  7195  7212 I Finsky  : [11460] com.google.android.finsky.bp.am.run(6): Stats for Executor: Db-frosting.db com.google.android.finsky.bp.an@b5550f5[Running, pool size = 0, active threads = 0, queued tasks = 0, completed tasks = 2]
11-09 20:51:31.318  1936  2460 D PowerManagerService: [api] userActivityFromNative : 90 (event: 2 flags: 0) eventTime = 276590170
11-09 20:51:31.319   727   727 D SEC LightsHAL: button : 1 +
11-09 20:51:31.325  5567  5595 V threaded_app: New input event: type=2
11-09 20:51:31.344  5567  5595 V threaded_app: New input event: type=2
11-09 20:51:31.347   727   727 D SEC LightsHAL: button : 1 -
11-09 20:51:31.356  5567  5595 V threaded_app: New input event: type=2
11-09 20:51:31.359  1936  2461 D InputReader: Input event(6): value=0 when=276590212480000
11-09 20:51:31.359  1936  2461 D InputReader: Input event(6): value=0 when=276590212480000
11-09 20:51:31.359  1936  2461 I InputReader: Touch event's action is 0x1 (deviceType=0) [pCnt=1, s=] when=276590212480000
11-09 20:51:31.359  1936  2460 I InputDispatcher: Delivering touch to (5567): action: 0x1, toolType: 1
11-09 20:51:31.360  5567  5595 V threaded_app: New input event: type=2
11-09 20:51:31.361  5567  5567 D ViewRootImpl@916ac0b[GameActivity]: ViewPostIme pointer 1
11-09 20:51:31.415  1016  1016 E audit   : type=1400 audit(1541818291.396:41909): avc:  denied  { read } for  pid=5567 comm="Thread-2" name="stat" dev="proc" ino=4026532368 scontext=u:r:untrusted_app_25:s0:c512,c768 tcontext=u:object_r:proc_stat:s0 tclass=file permissive=0 SEPF_SM-G930V_8.0.0_0016 audit_filtered
11-09 20:51:31.415  1016  1016 E audit   : type=1300 audit(1541818291.396:41909): arch=40000028 syscall=322 per=8 success=no exit=-13 a0=ffffff9c a1=cb47cce8 a2=20000 a3=0 items=0 ppid=1058 pid=5567 auid=4294967295 uid=10536 gid=10536 euid=10536 suid=10536 fsuid=10536 egid=10536 sgid=10536 fsgid=10536 tty=(none) ses=4294967295 comm="Thread-2" exe="/system/bin/app_process32" subj=u:r:untrusted_app_25:s0:c512,c768 key=(null)
11-09 20:51:31.415  1016  1016 E audit   : type=1327 audit(1541818291.396:41909): proctitle="com.TeamNA.GiftGame"
11-09 20:51:31.422   718  1217 D audio_hw_primary: adev_set_parameters: enter: setDSMThermalLimiter=0
11-09 20:51:31.423   718  1217 V msm8974_platform: platform_set_parameters: enter: setDSMThermalLimiter=0
11-09 20:51:31.425   718  1217 V msm8974_platform: platform_set_parameters: exit with code(0)
11-09 20:51:31.425   718  1217 V audio_hw_sec: factory_set_parameters: enter: setDSMThermalLimiter=0
11-09 20:51:31.425   718  1217 E soundtrigger: audio_extn_sound_trigger_set_parameters: str_params NULL
11-09 20:51:31.427  1062  5687 V MultiRecordManager: setParameters(): io 0, keyvalue setDSMThermalLimiter=0, calling pid 1062
11-09 20:51:31.476  2905  2905 D vol.VolumeDialogMotion: dismiss.onAnimationEnd
11-09 20:51:31.526  2905  2905 D vol.VolumeDialogMotion: mDialog.dismiss()
11-09 20:51:31.528  2905  2905 D vol.SecVolumeDialogImpl: onViewDetachedFromWindow
11-09 20:51:31.531  1016  1016 E audit   : type=1400 audit(1541818291.516:41910): avc:  denied  { read } for  pid=5567 comm="Thread-2" name="stat" dev="proc" ino=4026532368 scontext=u:r:untrusted_app_25:s0:c512,c768 tcontext=u:object_r:proc_stat:s0 tclass=file permissive=0 SEPF_SM-G930V_8.0.0_0016 audit_filtered
11-09 20:51:31.532  1016  1016 E audit   : type=1300 audit(1541818291.516:41910): arch=40000028 syscall=322 per=8 success=no exit=-13 a0=ffffff9c a1=cb47cce8 a2=20000 a3=0 items=0 ppid=1058 pid=5567 auid=4294967295 uid=10536 gid=10536 euid=10536 suid=10536 fsuid=10536 egid=10536 sgid=10536 fsgid=10536 tty=(none) ses=4294967295 comm="Thread-2" exe="/system/bin/app_process32" subj=u:r:untrusted_app_25:s0:c512,c768 key=(null)
11-09 20:51:31.532  1016  1016 E audit   : type=1327 audit(1541818291.516:41910): proctitle="com.TeamNA.GiftGame"
11-09 20:51:31.535  2905  3298 D OpenGLRenderer: eglDestroySurface = 0x772b707f10
11-09 20:51:31.536  2905  2905 D ViewRootImpl@80d8722[SecVolumeDialogImpl]: dispatchDetachedFromWindow
11-09 20:51:31.536  2905  2905 D InputEventReceiver: channel '3d7facd SecVolumeDialogImpl (client)' ~ Disposing input event receiver.
11-09 20:51:31.536  2905  2905 D InputEventReceiver: channel '3d7facd SecVolumeDialogImpl (client)' ~NativeInputEventReceiver.
11-09 20:51:31.537  1936  5540 I WindowManager: Destroying surface Surface(name=SecVolumeDialogImpl) called by com.android.server.wm.WindowStateAnimator.destroySurface:2501 com.android.server.wm.WindowStateAnimator.destroySurfaceLocked:985 com.android.server.wm.WindowState.removeImmediately:2404 com.android.server.wm.WindowState.removeIfPossible:2612 com.android.server.wm.WindowState.removeIfPossible:2442 com.android.server.wm.WindowManagerService.removeWindow:2019 com.android.server.wm.Session.remove:237 android.view.IWindowSession$Stub.onTransact:242 
11-09 20:51:31.538   769   825 I SurfaceFlinger: id=4643 Removed SecVolumeDialogImpl#0 (4/4)
11-09 20:51:31.538   769  2246 I SurfaceFlinger: id=4643 Removed SecVolumeDialogImpl#0 (-2/4)
11-09 20:51:31.538  1936  5540 W AppOps  : Finishing op nesting under-run: uid 10063 pkg com.android.systemui code 70 time=0 duration=0 nesting=0
11-09 20:51:31.539   769   769 I Layer   : id=4643 onRemoved SecVolumeDialogImpl#0 
11-09 20:51:31.546   769   769 I SurfaceFlinger: Display 0 HWC layers:
11-09 20:51:31.546   769   769 I SurfaceFlinger:     type    |    handle    | flag |  format   |   source crop (l,t,r,b)    |         frame       | name 
11-09 20:51:31.546   769   769 I SurfaceFlinger: ------------+--------------+------+-----------+----------------------------+---------------------+------
11-09 20:51:31.546   769   769 I SurfaceFlinger:      Device | 0x771ae33f00 | 0002 | RGBx_8888 |   0.0    0.0  720.0 1280.0 |    0    0 1080 1920 | SurfaceView - com.TeamNA.GiftGame/com.epicgames.ue4.GameActivity@69d4501@0#0
11-09 20:51:31.546   769   769 I SurfaceFlinger:      Device | 0x771ae33200 | 0000 | RGBA_8888 |   0.0    0.0 1080.0 1920.0 |    0    0 1080 1920 | com.TeamNA.GiftGame/com.epicgames.ue4.GameActivity#1
11-09 20:51:31.546   769   769 I SurfaceFlinger: 
11-09 20:51:31.552  2905  2905 D vol.SecVolumeDialogImpl: onStop animating=true
11-09 20:51:31.552  2905  2905 D vol.VolumeDialogMotion: mDismissing = false
11-09 20:51:31.552  2905  2905 D vol.VolumeDialogMotion: mAnimating = false
11-09 20:51:31.552  2905  2905 D vol.VolumeDialogMotion: mDialog.onDismiss
11-09 20:51:31.552  2905  2905 D vol.SecVolumeDialogImpl: updateWindowWidth lp.width=1248, mCurrentWindowWidth = 1248
11-09 20:51:31.552  2905  2905 D vol.SecVolumeDialogImpl: onStateChangedH animating=false
11-09 20:51:31.554  2905  2905 D vol.SecVolumeDialogImpl: updateRowsH 2
11-09 20:51:31.554  2905  2905 D vol.SecVolumeDialogImpl: trimObsoleteH
11-09 20:51:31.554  2905  2905 D vol.SecVolumeDialogImpl: rescheduleTimeout 3000 com.android.systemui.volume.SecVolumeDialogImpl.onStateChangedH:1706
11-09 20:51:31.555  1936  5540 D PowerManagerService: [api] [s] userActivity : event: 0 flags: 0 (uid: 10063 pid: 2905) eventTime = 276590408
11-09 20:51:31.555  2905  2905 D vol.SecVolumeDialogImpl: updateVolumeRowH s=2, ss.level : 0, row.lastAudibleLevel : 1, row.ss.muted : true
11-09 20:51:31.555  2905  2905 D vol.SecVolumeDialogImpl: updateVolumeRowH s=3, ss.level : 1000, row.lastAudibleLevel : 1000, row.ss.muted : false
11-09 20:51:31.555  2905  2905 D vol.SecVolumeDialogImpl: updateVolumeRowH s=5, ss.level : 0, row.lastAudibleLevel : 1, row.ss.muted : true
11-09 20:51:31.555  2905  2905 D vol.SecVolumeDialogImpl: updateVolumeRowH s=1, ss.level : 0, row.lastAudibleLevel : 1, row.ss.muted : true
11-09 20:51:31.555  2905  2905 D vol.SecVolumeDialogImpl: updateVolumeRowH s=4, ss.level : 11, row.lastAudibleLevel : 11, row.ss.muted : false
11-09 20:51:31.555  2905  2905 D vol.SecVolumeDialogImpl: updateVolumeRowH s=0, ss.level : 4, row.lastAudibleLevel : 4, row.ss.muted : false
11-09 20:51:31.556  2905  2905 D vol.SecVolumeDialogImpl: updateVolumeRowH s=6, ss.level : 7, row.lastAudibleLevel : 7, row.ss.muted : false
11-09 20:51:31.556  2905  2905 D vol.SecVolumeDialogImpl: updateVolumeRowH s=10, ss.level : 0, row.lastAudibleLevel : 7, row.ss.muted : false
11-09 20:51:31.558  2905  2905 D vol.SecVolumeDialogImpl: updateVolumeRowH s=14, ss.level : 7, row.lastAudibleLevel : 7, row.ss.muted : false
11-09 20:51:31.558  2905  2905 D vol.SecVolumeDialogImpl: updateVolumeRowH s=11, ss.level : 0, row.lastAudibleLevel : 1, row.ss.muted : false
11-09 20:51:31.561  2905  2905 D vol.SecVolumeDialogImpl: updateVolumeRowH s=12, ss.level : 820, row.lastAudibleLevel : 820, row.ss.muted : false
11-09 20:51:31.563  2905  2905 D vol.SecVolumeDialogImpl: recheckH ALL
11-09 20:51:31.563  2905  2905 D vol.SecVolumeDialogImpl: trimObsoleteH
11-09 20:51:31.563  2905  2905 D vol.SecVolumeDialogImpl: updateVolumeRowH s=2, ss.level : 0, row.lastAudibleLevel : 1, row.ss.muted : true
11-09 20:51:31.563  2905  2905 D vol.SecVolumeDialogImpl: updateVolumeRowH s=3, ss.level : 1000, row.lastAudibleLevel : 1000, row.ss.muted : false
11-09 20:51:31.563  2905  2905 D vol.SecVolumeDialogImpl: updateVolumeRowH s=5, ss.level : 0, row.lastAudibleLevel : 1, row.ss.muted : true
11-09 20:51:31.563  2905  2905 D vol.SecVolumeDialogImpl: updateVolumeRowH s=1, ss.level : 0, row.lastAudibleLevel : 1, row.ss.muted : true
11-09 20:51:31.563  2905  2905 D vol.SecVolumeDialogImpl: updateVolumeRowH s=4, ss.level : 11, row.lastAudibleLevel : 11, row.ss.muted : false
11-09 20:51:31.563  2905  2905 D vol.SecVolumeDialogImpl: updateVolumeRowH s=0, ss.level : 4, row.lastAudibleLevel : 4, row.ss.muted : false
11-09 20:51:31.563  2905  2905 D vol.SecVolumeDialogImpl: updateVolumeRowH s=6, ss.level : 7, row.lastAudibleLevel : 7, row.ss.muted : false
11-09 20:51:31.564  2905  2905 D vol.SecVolumeDialogImpl: updateVolumeRowH s=10, ss.level : 0, row.lastAudibleLevel : 7, row.ss.muted : false
11-09 20:51:31.564  2905  2905 D vol.SecVolumeDialogImpl: updateVolumeRowH s=14, ss.level : 7, row.lastAudibleLevel : 7, row.ss.muted : false
11-09 20:51:31.564  2905  2905 D vol.SecVolumeDialogImpl: updateVolumeRowH s=11, ss.level : 0, row.lastAudibleLevel : 1, row.ss.muted : false
11-09 20:51:31.564  2905  2905 D vol.SecVolumeDialogImpl: updateVolumeRowH s=12, ss.level : 820, row.lastAudibleLevel : 820, row.ss.muted : false
11-09 20:51:31.633  1016  1016 E audit   : type=1400 audit(1541818291.616:41911): avc:  denied  { read } for  pid=5567 comm="Thread-2" name="stat" dev="proc" ino=4026532368 scontext=u:r:untrusted_app_25:s0:c512,c768 tcontext=u:object_r:proc_stat:s0 tclass=file permissive=0 SEPF_SM-G930V_8.0.0_0016 audit_filtered
11-09 20:51:31.633  1016  1016 E audit   : type=1300 audit(1541818291.616:41911): arch=40000028 syscall=322 per=8 success=no exit=-13 a0=ffffff9c a1=cb47cce8 a2=20000 a3=0 items=0 ppid=1058 pid=5567 auid=4294967295 uid=10536 gid=10536 euid=10536 suid=10536 fsuid=10536 egid=10536 sgid=10536 fsgid=10536 tty=(none) ses=4294967295 comm="Thread-2" exe="/system/bin/app_process32" subj=u:r:untrusted_app_25:s0:c512,c768 key=(null)
11-09 20:51:31.633  1016  1016 E audit   : type=1327 audit(1541818291.616:41911): proctitle="com.TeamNA.GiftGame"
11-09 20:51:31.714  2920  2920 E adbd    : recv: OPEN 0000086a 00000000 000c:73 68 65 6C 6C 2C 76 32 3A 70 73 00 
11-09 20:51:31.714  2920  2920 E adbd    : service_to_fd: shell,v2:ps
11-09 20:51:31.732  5785  5785 E propClient: PropClient failed to load
11-09 20:51:31.736  1016  1016 E audit   : type=1400 audit(1541818291.716:41912): avc:  denied  { read } for  pid=5567 comm="Thread-2" name="stat" dev="proc" ino=4026532368 scontext=u:r:untrusted_app_25:s0:c512,c768 tcontext=u:object_r:proc_stat:s0 tclass=file permissive=0 SEPF_SM-G930V_8.0.0_0016 audit_filtered
11-09 20:51:31.736  1016  1016 E audit   : type=1300 audit(1541818291.716:41912): arch=40000028 syscall=322 per=8 success=no exit=-13 a0=ffffff9c a1=cb47cce8 a2=20000 a3=0 items=0 ppid=1058 pid=5567 auid=4294967295 uid=10536 gid=10536 euid=10536 suid=10536 fsuid=10536 egid=10536 sgid=10536 fsgid=10536 tty=(none) ses=4294967295 comm="Thread-2" exe="/system/bin/app_process32" subj=u:r:untrusted_app_25:s0:c512,c768 key=(null)
11-09 20:51:31.736  1016  1016 E audit   : type=1327 audit(1541818291.716:41912): proctitle="com.TeamNA.GiftGame"
11-09 20:51:31.753  5785  5785 E propClient: PropClient failed to load
11-09 20:51:31.793  1936  1936 D TelephonyManager: getCellLocation : Caller (PID / UID / TID): 1936 / 1000 / 1936
11-09 20:51:31.796  2905  3151 D NetworkController.MobileSignalController(0/1): onSignalStrengthsChanged signalStrength=SignalStrength: 99 99 -120 -160 -120 -1 -1 23 -95 -10 186 2147483647 0 2147483647 0x4000 P gsm|lte level=4
11-09 20:51:31.796  2905  3151 D NetworkController.MobileSignalController(0/1): getMobileIconGroup(): 13
11-09 20:51:31.796  2905  3151 D NetworkController.MobileSignalController(0/1): updateVZWMobileIconGroup(): 13
11-09 20:51:31.810  3225  3666 D EPDG -- SIM0 [SMARTWIFI]: onSignalStrengthsChanged: Received signal strength change, phone type is: 2
11-09 20:51:31.810  3225  5381 D EPDG -- SIM0 [SMARTWIFI]: lastLteRSRP is -94currentLteRSRP is -95
11-09 20:51:31.810  3225  5381 D EPDG -- SIM0 [SMARTWIFI]: lastLteRSRQ is -10currentLteRSRQ is -10
11-09 20:51:31.810  3225  5381 D EPDG -- SIM0 [SMARTWIFI]: lastCdmaDb is -16currentCdmaDb is -16
11-09 20:51:31.810  3225  5381 V EPDG -- SIM0 [SMARTWIFI]: Radio oldest entry removed
11-09 20:51:31.810  3225  5381 V EPDG -- SIM0 [SMARTWIFI]: New entry : (SignalStrength: 99 99 -120 -160 -120 -1 -1 23 -95 -10 186 2147483647 0 2147483647 0x4000 P gsm|lte : 0 )
11-09 20:51:31.810  3225  5381 V EPDG -- SIM0 [SMARTWIFI]: Radio entry added
11-09 20:51:31.821  2905  3151 D NetworkController.MobileSignalController(0/1): callState:0, callStateByPhone:false voLTECall:false voiceNetTpe:13 dataNetType:13, ine911:false, emergencyCallbackMode:false
11-09 20:51:31.848  1016  1016 E audit   : type=1400 audit(1541818291.836:41913): avc:  denied  { read } for  pid=5567 comm="Thread-2" name="stat" dev="proc" ino=4026532368 scontext=u:r:untrusted_app_25:s0:c512,c768 tcontext=u:object_r:proc_stat:s0 tclass=file permissive=0 SEPF_SM-G930V_8.0.0_0016 audit_filtered
11-09 20:51:31.848  1016  1016 E audit   : type=1300 audit(1541818291.836:41913): arch=40000028 syscall=322 per=8 success=no exit=-13 a0=ffffff9c a1=cb47cce8 a2=20000 a3=0 items=0 ppid=1058 pid=5567 auid=4294967295 uid=10536 gid=10536 euid=10536 suid=10536 fsuid=10536 egid=10536 sgid=10536 fsgid=10536 tty=(none) ses=4294967295 comm="Thread-2" exe="/system/bin/app_process32" subj=u:r:untrusted_app_25:s0:c512,c768 key=(null)
11-09 20:51:31.848  1016  1016 E audit   : type=1327 audit(1541818291.836:41913): proctitle="com.TeamNA.GiftGame"
11-09 20:51:32.022  1936  2461 D InputReader: Input event(8): value=1 when=276590872753000
11-09 20:51:32.028  1936  2461 D WindowManager: interceptKeyTq s_result=1
11-09 20:51:32.029  1936  2461 D SamsungPhoneWindowManager: f.b. a = false hd = true eme = false ksno = false id = -1 isDM = false
11-09 20:51:32.029  1936  2461 D SamsungPhoneWindowManager: haptic disabled by policy
11-09 20:51:32.034  1936  2460 D API test: getContainerInfo: value is 
11-09 20:51:32.045  2905  2905 D SystemServicesProxy: updateOverviewLastStackActiveTimeAsync: newTime=1541818260688
11-09 20:51:32.049  1936  5540 D SecContentProvider: query(), uri = 17 selection = isSettingsChangesAllowed
11-09 20:51:32.051  1936  5540 D SecContentProvider: called from android.uid.systemui:10063
11-09 20:51:32.051  2905  3060 D SystemServicesProxy: updateOverviewLastStackActiveTimeAsync: done.
11-09 20:51:32.064  2905  2905 I ApplicationPackageManager: load=com.TeamNA.GiftGame, bg=144-144, dr=144-144, forDefault=false, density=0
11-09 20:51:32.065  2905  2905 I ApplicationPackageManager: scaled rate=0.59999996, size=144, alpha=0, hold=0
11-09 20:51:32.065  2905  2905 I ApplicationPackageManager: load=com.TeamNA.GiftGame-theme2, bg=144-144, dr=144-144, tarScale=0.59999996, relScale=0.59999996, mask=false
11-09 20:51:32.214  1936  2461 D InputReader: Input event(8): value=0 when=276591067473000
11-09 20:51:32.217  1936  2461 D WindowManager: interceptKeyTq s_result=1
11-09 20:51:32.223  1936  2460 D API test: getContainerInfo: value is 
11-09 20:51:32.228  2905  2905 D Recents : toggleRecentApps
11-09 20:51:32.236  2905  2905 V Surface : sf_framedrop debug : 0x4f4c, game : false, logging : 0
11-09 20:51:32.238  2905  3298 D OpenGLRenderer: eglCreateWindowSurface = 0x772b707f10
11-09 20:51:32.246  2905  3298 D OpenGLRenderer: eglDestroySurface = 0x772b707f10
11-09 20:51:32.246  2905  2905 E BufferItemConsumer: [unnamed-2905-204] Failed to release buffer: Unknown error -1 (1)
11-09 20:51:32.247  2905  2905 D RecentsImpl: startRecentsActivity - hideMenuEvent
11-09 20:51:32.247  2905  2905 D SystemServicesProxy: sendCloseSystemWindows: reason=recentapps
11-09 20:51:32.252  1936  3011 I ActivityManager: START u0 {act=null typ=null flg=0x10804000 cmp=ComponentInfo{com.android.systemui/com.android.systemui.recents.RecentsActivity}} from uid 10063
11-09 20:51:32.256  1936  3011 D CustomFrequencyManagerService: acquireDVFSLockLocked : type : DVFS_MIN_LIMIT  frequency : 1632000  uid : 1000  pid : 1936  pkgName : AMS_ACT_START@CPU_MIN@20
11-09 20:51:32.256  1936  3011 D ActivityManagerPerformance: AMP_acquire() ACT_START
11-09 20:51:32.263  1936  1936 D MdnieScenarioControlService: Listener Real Multi Window State : true
11-09 20:51:32.263  1936  1936 D CodecSolution: MultiWindowEventListener::onMultiWindowFocusChanged(5)
11-09 20:51:32.264  1936  1936 D CS_HdrController: MultiWindowEventListener::onFocusStackChanged(5)
11-09 20:51:32.267  5567  5567 V threaded_app: Pause: 0xe0f2cda0
11-09 20:51:32.267  5567  5595 V threaded_app: activityState=13
11-09 20:51:32.267  5567  5595 D UE4     : Case APP_CMD_PAUSE
11-09 20:51:32.267  5567  5595 D UE4     : LogAndroidEvents: EnqueueAppEvent : 6, 0, tid = 5595
11-09 20:51:32.268  5567  5567 D UE4     : Unregistering sensor listeners
11-09 20:51:32.268  1936  3011 D ActivityManager: isScaleDownAnimationEnabled() : false
11-09 20:51:32.268  1936  5540 D SensorService: Calling activate off 1
11-09 20:51:32.269  1936  3011 D PersonaManagerService: Current focused persona service handled id set to : 0
11-09 20:51:32.269  1936  3011 D InputDispatcher: Focused application set to: xxxx
11-09 20:51:32.270  1936  3011 D InputDispatcher: Focus left window: 5567
11-09 20:51:32.272  1936  5540 D SensorService: Calling activate off 3
11-09 20:51:32.277  5567  5594 D UE4     : [2018.11.10-02.51.32:277][537]LogAndroid: Case APP_CMD_PAUSE
