--------- beginning of main
11-09 10:22:23.497 30797 30797 I chatty  : uid=2000(shell) /system/bin/adbd expire 3 lines
11-09 10:22:23.503 30797 30797 W /system/bin/adbd: type=1400 audit(0.0:37362): avc: denied { search } for comm=73796E6320737663203230 name="oem" dev="dm-0" ino=2879 scontext=u:r:adbd:s0 tcontext=u:object_r:oemfs:s0 tclass=dir permissive=0
--------- beginning of system
11-09 10:22:24.406   898  2443 I ActivityManager: START u0 {flg=0x10000000 cmp=com.TeamNA.GiftGame/com.epicgames.ue4.SplashActivity} from uid 2000
11-09 10:22:24.424   673   673 D QCOM PowerHAL: LAUNCH HINT: ON
11-09 10:22:24.426   673   673 D QCOM PowerHAL: Activity launch hint handled
11-09 10:22:24.469   898   969 I ActivityManager: Start proc 30862:com.TeamNA.GiftGame/u0a344 for activity com.TeamNA.GiftGame/com.epicgames.ue4.SplashActivity
11-09 10:22:24.472   898   990 I ActivityManager: Config changes=20000480 {1.0 311mcc480mnc [en_US] ldltr sw411dp w683dp h387dp 420dpi nrml land night finger -keyb/v/h -nav/h winConfig={ mBounds=Rect(0, 0 - 1080, 1794) mAppBounds=Rect(0, 0 - 1794, 1080) mWindowingMode=fullscreen mActivityType=undefined} s.233}
11-09 10:22:24.483 30862 30862 I TeamNA.GiftGam: Late-enabling -Xcheck:jni
11-09 10:22:24.497 18748 29040 I PBSessionCacheImpl: Deleted sessionId[82456117541723785] from persistence.
11-09 10:22:24.500 18748 18748 W SearchServiceCore: Abort, client detached.
11-09 10:22:24.522   898   990 I ActivityManager: Override config changes=20000480 {1.0 311mcc480mnc [en_US] ldltr sw411dp w683dp h387dp 420dpi nrml land night finger -keyb/v/h -nav/h winConfig={ mBounds=Rect(0, 0 - 1080, 1794) mAppBounds=Rect(0, 0 - 1794, 1080) mWindowingMode=fullscreen mActivityType=undefined} s.233} for displayId=0
11-09 10:22:24.556   898  1217 I InputReader: Reconfiguring input devices.  changes=0x00000004
11-09 10:22:24.557   898  1217 I InputReader: Device reconfigured: id=8, name='synaptics_dsxv26', size 1080x1920, orientation 1, mode 1, display id 0
11-09 10:22:24.624   898  1217 I InputReader: Reconfiguring input devices.  changes=0x00000004
11-09 10:22:24.628   898  1217 I InputReader: Reconfiguring input devices.  changes=0x00000004
11-09 10:22:24.725  1400  1400 D StatusBar: disable<e i a s b h r c s > disable2<q i n >
11-09 10:22:24.749   898   968 W ActivityManager: Showing SDK deprecation warning for package com.TeamNA.GiftGame
11-09 10:22:24.770 30862 30862 I TeamNA.GiftGam: The ClassLoaderContext is a special shared library.
11-09 10:22:24.946  1400  1400 D StatusBar: disable<e i a s b h r c s > disable2<q i n >
11-09 10:22:24.963   898   968 W Looper  : Slow dispatch took 177ms android.ui h=android.view.Choreographer$FrameHandler c=android.view.Choreographer$FrameDisplayEventReceiver@83f5ef m=0
11-09 10:22:24.976 29602 29613 W System  : A resource failed to call close. 
11-09 10:22:24.976 29602 29613 W System  : A resource failed to call close. 
11-09 10:22:24.991   493   575 W SurfaceFlinger: Attempting to destroy on removed layer: 63913ac AssistPreviewPanel#0
11-09 10:22:25.004   493   575 W SurfaceFlinger: Attempting to destroy on removed layer: ef9be98 DockedStackDivider#0
11-09 10:22:25.233   898  2256 I ActivityManager: START u0 {flg=0x10000 cmp=com.TeamNA.GiftGame/com.epicgames.ue4.GameActivity (has extras)} from uid 10344
11-09 10:22:25.235   673   673 D QCOM PowerHAL: LAUNCH HINT: ON
11-09 10:22:25.259  2212  2471 D SharedPreferencesImpl: Time required to fsync /data/user/0/com.teslacoilsw.launcher/shared_prefs/com.google.android.gms.measurement.prefs.xml: [<1: 0, <2: 0, <4: 54, <8: 200, <16: 281, <32: 113, <64: 31, <128: 5, <256: 1, <512: 0, <1024: 1, <2048: 1, <4096: 1, <8192: 1, <16384: 0, >=16384: 0]
11-09 10:22:25.263   898  2443 I WindowManager: Screen frozen for +813ms due to AppWindowToken{e81bbeb token=Token{3fa833a ActivityRecord{5adaa65 u0 com.TeamNA.GiftGame/com.epicgames.ue4.SplashActivity t702}}}
11-09 10:22:25.268   493   493 D SurfaceFlinger: duplicate layer name: changing BlackSurface to BlackSurface#1
11-09 10:22:25.269   493   493 I chatty  : uid=1000(system) /system/bin/surfaceflinger identical 1 line
11-09 10:22:25.271   493   493 D SurfaceFlinger: duplicate layer name: changing BlackSurface to BlackSurface#1
11-09 10:22:25.280 30862 30862 W ActivityThread: handleWindowVisibility: no activity for token android.os.BinderProxy@45f8d88
11-09 10:22:25.319 30862 30862 W linker  : Warning: "/data/app/com.TeamNA.GiftGame-0UEAxT60gpQ5QCRdQCf_xg==/lib/arm/libOVRPlugin.so" has no DT_SONAME (will use libOVRPlugin.so instead) and will not work when the app moves to API level 23 or later (https://android.googlesource.com/platform/bionic/+/master/missing-soname-enforced-for-api-level-23) (allowing for now because this app's target API level is still 14)
11-09 10:22:25.320   898   968 W ActivityManager: Showing SDK deprecation warning for package com.TeamNA.GiftGame
11-09 10:22:25.320 30862 30862 D OVRPlugin: JNI_OnLoad
11-09 10:22:25.320 30862 30862 E libsigchain: Warning: Unexpected sigaction action found 0xf0fb8765
11-09 10:22:25.342   493   493 D SurfaceFlinger: duplicate layer name: changing DeprecatedTargetSdkVersionDialog to DeprecatedTargetSdkVersionDialog#1
11-09 10:22:25.346   898  9076 I OpenGLRenderer: Initialized EGL, version 1.4
11-09 10:22:25.346   898  9076 D OpenGLRenderer: Swap behavior 1
11-09 10:22:25.359 30862 30862 D UE4     : Used memory before allocating anything was 128.19MB
11-09 10:22:25.430   493   493 D SurfaceFlinger: duplicate layer name: changing Dim Layer for - mAboveAppWindowsContainers to Dim Layer for - mAboveAppWindowsContainers#1
11-09 10:22:25.453   493   524 W SurfaceFlinger: Attempting to set client state on removed layer: Dim Layer for - mAboveAppWindowsContainers#0
11-09 10:22:25.453   493   524 W SurfaceFlinger: Attempting to destroy on removed layer: Dim Layer for - mAboveAppWindowsContainers#0
11-09 10:22:25.457   493   524 W SurfaceFlinger: Attempting to destroy on removed layer: 3738bcb DeprecatedTargetSdkVersionDialog#0
11-09 10:22:25.470  5467 30434 E NetworkScheduler: Invalid component specified.
11-09 10:22:25.601 30862 30862 D UE4     : In the JNI_OnLoad function
11-09 10:22:25.602 30862 30862 D UE4     : [JNI] - Failed to determine if app purchasing is enabled!
11-09 10:22:25.604 30862 30862 D UE4     : Path found as '/storage/emulated/0'
11-09 10:22:25.604 30862 30862 D UE4     : Font Path found as '/system/fonts/'
11-09 10:22:25.604 30862 30862 D UE4     : In the JNI_OnLoad function 5
11-09 10:22:25.628 30862 30862 V threaded_app: Creating: 0xed39dc00
11-09 10:22:25.629 30862 30885 V threaded_app: Config: mcc=311 mnc=480 lang=en cnt=US orien=2 touch=3 dens=420 keys=1 nav=1 keysHid=3 navHid=0 sdk=28 size=2 long=1 modetype=1 modenight=2
11-09 10:22:25.630 30862 30885 D UE4     : Entering native app glue main function
11-09 10:22:25.630 30862 30885 D UE4     : Created event thread
11-09 10:22:25.630 30862 30885 D UE4     : Entered AndroidMain()
11-09 10:22:25.630 30862 30886 D UE4     : Entering event processing thread engine entry point
11-09 10:22:25.630 30862 30886 D UE4     : Prepared looper for event thread
11-09 10:22:25.630 30862 30886 D UE4     : Passed callback initialization
11-09 10:22:25.630 30862 30886 D UE4     : Passed sensor initialization
11-09 10:22:25.632 30862 30885 D UE4     : Controller interface supported
11-09 10:22:25.655 30862 30862 D OpenGLRenderer: Skia GL Pipeline
11-09 10:22:25.682 30862 30862 D PermissionFragment: Creating PlayGamesFragment
11-09 10:22:25.688   898  2443 I ActivityManager: START u0 {act=android.content.pm.action.REQUEST_PERMISSIONS pkg=com.google.android.packageinstaller cmp=com.google.android.packageinstaller/com.android.packageinstaller.permission.ui.GrantPermissionsActivity (has extras)} from uid 10344
11-09 10:22:25.692   673   673 D QCOM PowerHAL: LAUNCH HINT: ON
11-09 10:22:25.704 30862 30862 D UE4     : Vulkan version: 1.1.0
11-09 10:22:25.704 30862 30862 D UE4     : Vulkan level: 0
11-09 10:22:25.706 30862 30862 D UE4     : Found DepthBufferPreference = 0
11-09 10:22:25.707 30862 30862 D UE4     : Found bPackageDataInsideApk = 0
11-09 10:22:25.707 30862 30862 D UE4     : Found ProjectName = GiftGame
11-09 10:22:25.707 30862 30862 D UE4     : Found AppType = 
11-09 10:22:25.707 30862 30862 D UE4     : Found bHasOBBFiles = 0
11-09 10:22:25.707 30862 30862 D UE4     : Found bVerifyOBBOnStartUp = false
11-09 10:22:25.707 30862 30862 D UE4     : UI hiding set to true
11-09 10:22:25.707 30862 30862 D UE4     : BuildConfiguration set to Development
11-09 10:22:25.707 30862 30862 D UE4     : UseExternalFilesDir set to false
11-09 10:22:25.707 30862 30862 D UE4     : AllowIMU set to true
11-09 10:22:25.707 30862 30862 D UE4     : No GearVR mode detected.
11-09 10:22:25.707 30862 30862 D UE4     : APK path: /data/app/com.TeamNA.GiftGame-0UEAxT60gpQ5QCRdQCf_xg==/base.apk
11-09 10:22:25.707 30862 30862 D UE4     : OBB in APK: false
11-09 10:22:25.710 30862 30862 D UE4     : InternalFilePath found as '/data/user/0/com.TeamNA.GiftGame/files'
11-09 10:22:25.710 30862 30862 D UE4     : ExternalFilePath found as '/storage/emulated/0/Android/data/com.TeamNA.GiftGame/files'
11-09 10:22:25.710 30862 30862 D UE4     : App is running in Landscape
11-09 10:22:25.711 30862 30862 D UE4     : Android version is 9
11-09 10:22:25.711 30862 30862 D UE4     : Android manufacturer is Google
11-09 10:22:25.711 30862 30862 D UE4     : Android model is Pixel
11-09 10:22:25.711 30862 30862 D UE4     : OS language is set to en_US
11-09 10:22:25.711 30862 30862 D UE4     : Debugger attached is false
11-09 10:22:25.808 30862 30862 W PopupManager: You have not specified a View to use as content view for popups. Falling back to the Activity content view. Note that this may not work as expected in multi-screen environments
11-09 10:22:25.829 30862 30862 D UE4     : ==============> GameActive.onCreate complete!
11-09 10:22:25.833 30862 30862 V threaded_app: Start: 0xed39dc00
11-09 10:22:25.834 30862 30886 V threaded_app: activityState=10
11-09 10:22:25.834 30862 30862 D UE4     : Creating console command broadcast listener
11-09 10:22:25.834 30862 30886 D UE4     : LogAndroidEvents: EnqueueAppEvent : 9, 0, tid = 30886
11-09 10:22:25.836 30862 30862 D UE4     : ==================================> Inside onStart function in GameActivity
11-09 10:22:25.837 30862 30862 V threaded_app: Resume: 0xed39dc00
11-09 10:22:25.837 30862 30886 V threaded_app: activityState=11
11-09 10:22:25.837 30862 30886 D UE4     : Case APP_CMD_RESUME
11-09 10:22:25.837 30862 30886 D UE4     : LogAndroidEvents: EnqueueAppEvent : 7, 0, tid = 30886
11-09 10:22:25.837 30862 30862 D UE4     : Registering sensor listeners
11-09 10:22:25.847   665   665 I /vendor/bin/hw/android.hardware.health@2.0-service.marlin: SRAM data: 2595000
11-09 10:22:25.855 30862 30862 D UE4     : App is running in Landscape
11-09 10:22:25.855 30862 30862 D UE4     : === Restoring Transparent Bars ===
11-09 10:22:25.856 30862 30862 D UE4     : ==============> Resuming main init
11-09 10:22:25.865 30862 30885 D UE4     : APK Commandline: ../../../GiftGame/GiftGame.uproject  /Game/Maps/MainGame -Messaging -SessionId=CD3CAA954B4AEB9BFAF8C899BD7F008B -SessionOwner="Phenrear" -SessionName="Launch On Device" -iterative
11-09 10:22:25.866 30862 30885 D UE4     : Override Commandline: ../../../GiftGame/GiftGame.uproject  /Game/Maps/MainGame -Messaging -SessionId=39FCDCE4455C07DF5635B99A15FD711C -SessionOwner="Phenrear" -SessionName="Launch On Device" -iterative
11-09 10:22:25.866 30862 30885 D UE4     : Final commandline: ../../../GiftGame/GiftGame.uproject  /Game/Maps/MainGame -Messaging -SessionId=39FCDCE4455C07DF5635B99A15FD711C -SessionOwner="Phenrear" -SessionName="Launch On Device" -iterative
11-09 10:22:25.866 30862 30885 D UE4     : Created sync event
11-09 10:22:25.876 30862 30862 D UE4     : ==============> GameActive.onResume complete!
11-09 10:22:25.886 30862 30862 V threaded_app: InputQueueCreated: 0xed39dc00 -- 0xed39e2e0
11-09 10:22:25.886 30862 30886 V threaded_app: APP_CMD_INPUT_CHANGED
11-09 10:22:25.886 30862 30886 V threaded_app: Attaching input queue to looper
11-09 10:22:25.904 30862 30887 I Adreno  : QUALCOMM build                   : 984b9a6, Ibe1bf21abc
11-09 10:22:25.904 30862 30887 I Adreno  : Build Date                       : 06/04/18
11-09 10:22:25.904 30862 30887 I Adreno  : OpenGL ES Shader Compiler Version: EV031.24.00.00
11-09 10:22:25.904 30862 30887 I Adreno  : Local Branch                     : googldrp
11-09 10:22:25.904 30862 30887 I Adreno  : Remote Branch                    : 
11-09 10:22:25.904 30862 30887 I Adreno  : Remote Branch                    : 
11-09 10:22:25.904 30862 30887 I Adreno  : Reconstruct Branch               : 
11-09 10:22:25.904 30862 30887 I Adreno  : Build Config                     : S L 4.0.10 AArch32
11-09 10:22:25.910 30862 30887 I Adreno  : PFP: 0x005ff110, ME: 0x005ff066
11-09 10:22:25.916 30862 30887 I ConfigStore: android::hardware::configstore::V1_0::ISurfaceFlingerConfigs::hasWideColorDisplay retrieved: 0
11-09 10:22:25.916 30862 30887 I ConfigStore: android::hardware::configstore::V1_0::ISurfaceFlingerConfigs::hasHDRDisplay retrieved: 0
11-09 10:22:25.917 30862 30887 I OpenGLRenderer: Initialized EGL, version 1.4
11-09 10:22:25.917 30862 30887 D OpenGLRenderer: Swap behavior 1
11-09 10:22:25.935   493   493 D SurfaceFlinger: duplicate layer name: changing com.TeamNA.GiftGame/com.epicgames.ue4.GameActivity to com.TeamNA.GiftGame/com.epicgames.ue4.GameActivity#1
11-09 10:22:25.966 30862 30862 V threaded_app: NativeWindowCreated: 0xed39dc00 -- 0xd4720808
11-09 10:22:25.966 30862 30886 V threaded_app: APP_CMD_INIT_WINDOW
11-09 10:22:25.966 30862 30886 D UE4     : Case APP_CMD_INIT_WINDOW
11-09 10:22:25.968 30862 30886 D UE4     : LogAndroidEvents: EnqueueAppEvent : 0, 3564242952, tid = 30886
11-09 10:22:25.973 30862 30862 V threaded_app: Pause: 0xed39dc00
11-09 10:22:25.973 30862 30886 V threaded_app: activityState=13
11-09 10:22:25.973 30862 30886 D UE4     : Case APP_CMD_PAUSE
11-09 10:22:25.973 30862 30886 D UE4     : LogAndroidEvents: EnqueueAppEvent : 6, 0, tid = 30886
11-09 10:22:25.973 30862 30862 D UE4     : Unregistering sensor listeners
11-09 10:22:25.983 30862 30862 D UE4     : ==============> GameActive.onPause complete!
11-09 10:22:26.006   898   969 I ActivityManager: Start proc 30902:com.google.android.packageinstaller/u0a25 for activity com.google.android.packageinstaller/com.android.packageinstaller.permission.ui.GrantPermissionsActivity
11-09 10:22:26.026 30902 30902 E ackageinstalle: Not starting debugger since process cannot load the jdwp agent.
11-09 10:22:26.151 30862 30862 V threaded_app: Resume: 0xed39dc00
11-09 10:22:26.151 30862 30886 V threaded_app: activityState=11
11-09 10:22:26.151 30862 30886 D UE4     : Case APP_CMD_RESUME
11-09 10:22:26.151 30862 30886 D UE4     : LogAndroidEvents: EnqueueAppEvent : 7, 0, tid = 30886
11-09 10:22:26.151 30862 30862 D UE4     : Registering sensor listeners
11-09 10:22:26.168 30862 30862 D UE4     : App is running in Landscape
11-09 10:22:26.168 30862 30862 D UE4     : === Restoring Transparent Bars ===
11-09 10:22:26.168 30862 30862 D UE4     : ==============> Resuming main init
11-09 10:22:26.168 30862 30862 D UE4     : ==============> GameActive.onResume complete!
11-09 10:22:26.181 30862 30885 D UE4     : LogICUInternationalization: Display: ICU TimeZone Detection - Raw Offset: -6:00, Platform Override: ''
11-09 10:22:26.181 30862 30885 D UE4     : 
11-09 10:22:26.185 30862 30885 D UE4     : EGL Extensions: 
11-09 10:22:26.185 30862 30885 D UE4     : EGL_KHR_get_all_proc_addresses EGL_ANDROID_presentation_time EGL_KHR_swap_buffers_with_damage EGL_ANDROID_get_native_client_buffer EGL_ANDROID_front_buffer_auto_refresh EGL_ANDROID_get_frame_timestamps EGL_EXT_surface_SMPTE2086_metadata EGL_EXT_surface_CTA861_3_metadata EGL_KHR_image EGL_KHR_image_base EGL_EXT_image_gl_colorspace EGL_KHR_lock_surface EGL_KHR_gl_colorspace EGL_KHR_gl_texture_2D_image EGL_KHR_gl_texture_3D_image EGL_KHR_gl_texture_cubemap_image EGL_KHR_gl_renderbuffer_image EGL_KHR_reusable_sync EGL_KHR_fence_sync EGL_KHR_create_context EGL_KHR_surfaceless_context EGL_EXT_create_context_robustness EGL_ANDROID_image_native_buffer EGL_KHR_wait_sync EGL_ANDROID_recordable EGL_KHR_partial_update EGL_EXT_pixel_format_float EGL_KHR_create_context_no_error EGL_KHR_mutable_render_buffer EGL_EXT_yuv_surface EGL_EXT_protected_content EGL_IMG_context_priority EGL_KHR_no_config_context 
11-09 10:22:26.188 30862 30885 D UE4     : FAndroidGPUInfo
11-09 10:22:26.188 30862 30885 D UE4     : AndroidEGL::InitSurface 1, 1
11-09 10:22:26.188 30862 30885 D UE4     : AndroidEGL::CreateEGLSurface() 0xd4ba2f20
11-09 10:22:26.189 30862 30885 D UE4     : AndroidEGL::CreateEGLSurface(1), auxSurface = eglCreatePbufferSurface(), 8x8
11-09 10:22:26.190 30862 30885 D UE4     : Vulkan library detected, checking for available driver
11-09 10:22:26.202 30862 30862 D UE4     : === Restoring Transparent Bars due to Visibility Change ===
11-09 10:22:26.202 30862 30862 D UE4     : === Restoring Transparent Bars ===
11-09 10:22:26.202 30862 30885 D vulkan  : searching for layers in '/data/app/com.TeamNA.GiftGame-0UEAxT60gpQ5QCRdQCf_xg==/lib/arm'
11-09 10:22:26.202 30862 30885 D vulkan  : searching for layers in '/system/fake-libs'
11-09 10:22:26.202 30862 30885 D vulkan  : searching for layers in '/data/app/com.TeamNA.GiftGame-0UEAxT60gpQ5QCRdQCf_xg==/base.apk!/lib/armeabi-v7a'
11-09 10:22:26.204 30862 30885 I Adreno  : QUALCOMM build          : 984b9a6, Ibe1bf21abc
11-09 10:22:26.204 30862 30885 I Adreno  : Build Date              : 06/04/18
11-09 10:22:26.204 30862 30885 I Adreno  : Shader Compiler Version : EV031.24.00.00
11-09 10:22:26.204 30862 30885 I Adreno  : Local Branch            : googldrp
11-09 10:22:26.204 30862 30885 I Adreno  : Remote Branch           : 
11-09 10:22:26.204 30862 30885 I Adreno  : Remote Branch           : 
11-09 10:22:26.204 30862 30885 I Adreno  : Reconstruct Branch      : 
11-09 10:22:26.204 30862 30885 I Adreno  : Build Config                     : S L 4.0.10 AArch32
11-09 10:22:26.206 30862 30885 D UE4     : VulkanRHI is available, Vulkan capable device detected.
11-09 10:22:26.217   673   673 D QCOM PowerHAL: LAUNCH HINT: OFF
11-09 10:22:26.350   898  2246 I WifiService: acquireWifiLock uid=10018 lockMode=2
11-09 10:22:26.459 30862 30885 D UE4     : LogStreaming: Display: Took  0.093s to configure plugins.
11-09 10:22:26.459 30862 30885 D UE4     : 
11-09 10:22:26.556 30862 30885 D UE4     : LogOnline: Display: OnlineSubsystemGooglePlayModule::StartupModule()
11-09 10:22:26.556 30862 30885 D UE4     : 
11-09 10:22:26.556 30862 30885 D UE4     : LogOnline: Warning: FOnlineSubsystemGooglePlayModule was disabled
11-09 10:22:26.556 30862 30885 D UE4     : 
11-09 10:22:26.559 30862 30885 D UE4     : LogOnline: Warning: FOnlineSubsystemGooglePlayModule was disabled
11-09 10:22:26.559 30862 30885 D UE4     : 
11-09 10:22:26.560 30862 30885 D UE4     : LogStreaming: Display: Took  0.000s to delete old logs.
11-09 10:22:26.560 30862 30885 D UE4     : 
11-09 10:22:26.593 30862 30885 D UE4     : LogStreaming: Display: Async Loading initialized: Event Driven Loader: true, Async Loading Thread: false, Async Post Load: true
11-09 10:22:26.593 30862 30885 D UE4     : 
11-09 10:22:26.639 30862 30885 D UE4     : ***** RequestedContentScaleFactor different 1.000000 != -1.000000, not using res cache
11-09 10:22:26.639 30862 30885 D UE4     : ***** Window different, not using res cache
11-09 10:22:26.639 30862 30885 D UE4     : ***** WindowWidth is -1, not using res cache
11-09 10:22:26.642 30862 30885 D UE4     : Vulkan not available as project packaged without bSupportsVulkan or bSupportsVulkanSM5.
11-09 10:22:26.766 30862 30885 D UE4     : LogHAL: Display: Platform has ~ 4 GB [3944181760 / 4294967296 / 4], which maps to Default [LargestMinGB=8, LargerMinGB=6, DefaultMinGB=4, SmallerMinGB=3, SmallestMinGB=0)
11-09 10:22:26.766 30862 30885 D UE4     : 
11-09 10:22:26.894 30862 30885 D UE4     : LogStreaming: Display: Took  0.121s to InitEngineTextLocalization.
11-09 10:22:26.894 30862 30885 D UE4     : 
11-09 10:22:26.918 30862 30885 D UE4     : VulkanRHI will NOT be used:
11-09 10:22:26.918 30862 30885 D UE4     :  ** Vulkan support is not available (Driver, RHI or shaders are missing, or disabled by cmdline)
11-09 10:22:26.918 30862 30885 D UE4     : OpenGL ES will be used.
11-09 10:22:26.918 30862 30885 D UE4     : FPlatformOpenGLDevice:Init
11-09 10:22:26.918 30862 30885 D UE4     : AndroidEGL::InitSurface 0, 1
11-09 10:22:26.919 30862 30885 D UE4     : [JAVA] - SetDesiredViewSize width=1280 and height=720
11-09 10:22:26.919 30862 30885 D UE4     : AndroidEGL::CreateEGLSurface() Already initialized: 0xd4ba2f20
11-09 10:22:26.935 30862 30885 D UE4     : LogRHI: Display: Testing for shader compiler compatibility
11-09 10:22:26.935 30862 30885 D UE4     : 
11-09 10:22:26.938 30862 30885 D UE4     : LogRHI: Display: Shaders compile fine no need to enable hacks
11-09 10:22:26.938 30862 30885 D UE4     : 
11-09 10:22:26.939 30862 30885 D UE4     : LogRHI: Display: Testing for round() function availability
11-09 10:22:26.939 30862 30885 D UE4     : 
11-09 10:22:26.941 30862 30885 D UE4     : LogRHI: Warning: Disabling the need for the round() function hack
11-09 10:22:26.941 30862 30885 D UE4     : 
11-09 10:22:26.941 30862 30885 D UE4     : LogShaderLibrary: Display: Failed to load Shared Shader Library: Global and no native library supported.
11-09 10:22:26.941 30862 30885 D UE4     : 
11-09 10:22:26.941 30862 30885 D UE4     : LogShaderLibrary: Display: Failed to load Shared Shader Library: Global_SC and no native library supported.
11-09 10:22:26.941 30862 30885 D UE4     : 
11-09 10:22:26.941 30862 30885 D UE4     : LogShaderLibrary: Display: Failed to load Shared Shader Library: Paper2D and no native library supported.
11-09 10:22:26.941 30862 30885 D UE4     : 
11-09 10:22:26.942 30862 30885 D UE4     : LogShaderLibrary: Display: Failed to load Shared Shader Library: Paper2D_SC and no native library supported.
11-09 10:22:26.942 30862 30885 D UE4     : 
11-09 10:22:26.942 30862 30885 D UE4     : LogShaderLibrary: Display: Failed to load Shared Shader Library: Paper2D and no native library supported.
11-09 10:22:26.942 30862 30885 D UE4     : 
11-09 10:22:26.942 30862 30885 D UE4     : LogShaderLibrary: Display: Failed to load Shared Shader Library: Paper2D_SC and no native library supported.
11-09 10:22:26.942 30862 30885 D UE4     : 
11-09 10:22:26.942 30862 30885 D UE4     : LogShaderLibrary: Display: Failed to load Shared Shader Library: CryptoKeys and no native library supported.
11-09 10:22:26.942 30862 30885 D UE4     : 
11-09 10:22:26.942 30862 30885 D UE4     : LogShaderLibrary: Display: Failed to load Shared Shader Library: CryptoKeys_SC and no native library supported.
11-09 10:22:26.942 30862 30885 D UE4     : 
11-09 10:22:26.942 30862 30885 D UE4     : LogShaderLibrary: Display: Failed to load Shared Shader Library: CryptoKeys and no native library supported.
11-09 10:22:26.942 30862 30885 D UE4     : 
11-09 10:22:26.943 30862 30885 D UE4     : LogShaderLibrary: Display: Failed to load Shared Shader Library: CryptoKeys_SC and no native library supported.
11-09 10:22:26.943 30862 30885 D UE4     : 
11-09 10:22:26.943 30862 30885 D UE4     : LogShaderLibrary: Display: Failed to load Shared Shader Library: MeshEditor and no native library supported.
11-09 10:22:26.943 30862 30885 D UE4     : 
11-09 10:22:26.943 30862 30885 D UE4     : LogShaderLibrary: Display: Failed to load Shared Shader Library: MeshEditor_SC and no native library supported.
11-09 10:22:26.943 30862 30885 D UE4     : 
11-09 10:22:26.943 30862 30885 D UE4     : LogShaderLibrary: Display: Failed to load Shared Shader Library: MeshEditor and no native library supported.
11-09 10:22:26.943 30862 30885 D UE4     : 
11-09 10:22:26.943 30862 30885 D UE4     : LogShaderLibrary: Display: Failed to load Shared Shader Library: MeshEditor_SC and no native library supported.
11-09 10:22:26.943 30862 30885 D UE4     : 
11-09 10:22:26.943 30862 30885 D UE4     : LogShaderLibrary: Display: Failed to load Shared Shader Library: DatasmithContent and no native library supported.
11-09 10:22:26.943 30862 30885 D UE4     : 
11-09 10:22:26.943 30862 30885 D UE4     : LogShaderLibrary: Display: Failed to load Shared Shader Library: DatasmithContent_SC and no native library supported.
11-09 10:22:26.943 30862 30885 D UE4     : 
11-09 10:22:26.944 30862 30885 D UE4     : LogShaderLibrary: Display: Failed to load Shared Shader Library: DatasmithContent and no native library supported.
11-09 10:22:26.944 30862 30885 D UE4     : 
11-09 10:22:26.944 30862 30885 D UE4     : LogShaderLibrary: Display: Failed to load Shared Shader Library: DatasmithContent_SC and no native library supported.
11-09 10:22:26.944 30862 30885 D UE4     : 
11-09 10:22:26.944 30862 30885 D UE4     : LogShaderLibrary: Display: Failed to load Shared Shader Library: MediaCompositing and no native library supported.
11-09 10:22:26.944 30862 30885 D UE4     : 
11-09 10:22:26.944 30862 30885 D UE4     : LogShaderLibrary: Display: Failed to load Shared Shader Library: MediaCompositing_SC and no native library supported.
11-09 10:22:26.944 30862 30885 D UE4     : 
11-09 10:22:26.944 30862 30885 D UE4     : LogShaderLibrary: Display: Failed to load Shared Shader Library: MediaCompositing and no native library supported.
11-09 10:22:26.944 30862 30885 D UE4     : 
11-09 10:22:26.944 30862 30885 D UE4     : LogShaderLibrary: Display: Failed to load Shared Shader Library: MediaCompositing_SC and no native library supported.
11-09 10:22:26.944 30862 30885 D UE4     : 
11-09 10:22:26.944 30862 30885 D UE4     : LogShaderLibrary: Display: Failed to load Shared Shader Library: OculusVR and no native library supported.
11-09 10:22:26.944 30862 30885 D UE4     : 
11-09 10:22:26.945 30862 30885 D UE4     : LogShaderLibrary: Display: Failed to load Shared Shader Library: OculusVR_SC and no native library supported.
11-09 10:22:26.945 30862 30885 D UE4     : 
11-09 10:22:26.945 30862 30885 D UE4     : LogShaderLibrary: Display: Failed to load Shared Shader Library: OculusVR and no native library supported.
11-09 10:22:26.945 30862 30885 D UE4     : 
11-09 10:22:26.945 30862 30885 D UE4     : LogShaderLibrary: Display: Failed to load Shared Shader Library: OculusVR_SC and no native library supported.
11-09 10:22:26.945 30862 30885 D UE4     : 
11-09 10:22:26.945 30862 30885 D UE4     : LogShaderLibrary: Display: Failed to load Shared Shader Library: SteamVR and no native library supported.
11-09 10:22:26.945 30862 30885 D UE4     : 
11-09 10:22:26.945 30862 30885 D UE4     : LogShaderLibrary: Display: Failed to load Shared Shader Library: SteamVR_SC and no native library supported.
11-09 10:22:26.945 30862 30885 D UE4     : 
11-09 10:22:26.945 30862 30885 D UE4     : LogShaderLibrary: Display: Failed to load Shared Shader Library: SteamVR and no native library supported.
11-09 10:22:26.945 30862 30885 D UE4     : 
11-09 10:22:26.945 30862 30885 D UE4     : LogShaderLibrary: Display: Failed to load Shared Shader Library: SteamVR_SC and no native library supported.
11-09 10:22:26.945 30862 30885 D UE4     : 
11-09 10:22:26.946 30862 30885 D UE4     : LogRHI: Display: Failed to open default shader pipeline cache for GiftGame using shader platform 8.
11-09 10:22:26.946 30862 30885 D UE4     : 
11-09 10:22:27.096 30862 30885 D UE4     : LogShaderLibrary: Display: Failed to load Shared Shader Library: GiftGame and no native library supported.
11-09 10:22:27.096 30862 30885 D UE4     : 
11-09 10:22:27.096 30862 30885 D UE4     : LogShaderLibrary: Display: Failed to load Shared Shader Library: GiftGame_SC and no native library supported.
11-09 10:22:27.096 30862 30885 D UE4     : 
11-09 10:22:27.117 30862 30885 D UE4     : LogRHI: Display: Failed to open default shader pipeline cache for GiftGame using shader platform 8.
11-09 10:22:27.117 30862 30885 D UE4     : 
11-09 10:22:27.117 30862 30885 D UE4     : LogShaderLibrary: Display: Failed to load Shared Shader Library: GiftGame and no native library supported.
11-09 10:22:27.117 30862 30885 D UE4     : 
11-09 10:22:27.117 30862 30885 D UE4     : LogShaderLibrary: Display: Failed to load Shared Shader Library: GiftGame_SC and no native library supported.
11-09 10:22:27.117 30862 30885 D UE4     : 
11-09 10:22:27.117 30862 30885 D UE4     : LogRHI: Display: Failed to open default shader pipeline cache for GiftGame using shader platform 8.
11-09 10:22:27.117 30862 30885 D UE4     : 
11-09 10:22:27.204 30862 30885 D UE4     : LogStreaming: Display: Took  0.087s to InitGameTextLocalization.
11-09 10:22:27.204 30862 30885 D UE4     : 
11-09 10:22:27.254 28287 28287 V BugleNetwork: Ditto lock already released.
11-09 10:22:27.255 28287 28287 D BugleServices: Destroying DittoForegroundService...
11-09 10:22:27.780 30862 30885 D UE4     : LogStreaming: Display: Flushing async loaders.
11-09 10:22:27.780 30862 30885 D UE4     : 
11-09 10:22:27.865   898   990 I system_server: Explicit concurrent copying GC freed 249830(12MB) AllocSpace objects, 41(2MB) LOS objects, 42% free, 29MB/51MB, paused 273us total 591.667ms
11-09 10:22:28.492   898  2256 D WificondControl: Scan result ready event
11-09 10:22:28.506   898  1267 D WificondScannerImpl: Filtering out 11 scan results.
11-09 10:22:28.610   898  2720 I WifiService: releaseWifiLock uid=10018
11-09 10:22:29.064 30862 30885 D UE4     : [2018.11.09-16.22.29:064][  0]LogAndroid: Display: Android Version Make Model Language: 9 Google Pixel en_US
11-09 10:22:29.065 30862 30885 D UE4     : [2018.11.09-16.22.29:064][  0]LogAndroid: Case APP_CMD_START
11-09 10:22:29.065 30862 30885 D UE4     : [2018.11.09-16.22.29:065][  0]LogAndroid: Case APP_CMD_RESUME
11-09 10:22:29.065 30862 30885 D UE4     : [2018.11.09-16.22.29:065][  0]LogAndroid: Case APP_CMD_INPUT_CHANGED
11-09 10:22:29.066 30862 30885 D UE4     : [2018.11.09-16.22.29:065][  0]LogAndroid: Case APP_CMD_INIT_WINDOW
11-09 10:22:29.066 30862 30885 D UE4     : [2018.11.09-16.22.29:066][  0]LogInit: Display: Running engine for game: GiftGame
11-09 10:22:29.066 30862 30885 D UE4     : [2018.11.09-16.22.29:066][  0]LogAndroid: Case APP_CMD_PAUSE
11-09 10:22:29.066 30862 30885 D UE4     : [2018.11.09-16.22.29:066][  0]LogTemp: 4 cores and 4 assignable cores
11-09 10:22:29.067 30862 30885 D UE4     : [2018.11.09-16.22.29:067][  0]LogTaskGraph: Started task graph with 5 named threads and 14 total threads with 3 sets of task threads.
11-09 10:22:29.068 30862 30885 D UE4     : [2018.11.09-16.22.29:067][  0]LogStats: Stats thread started at 0.638334
11-09 10:22:29.069 30862 30885 D UE4     : [2018.11.09-16.22.29:069][  0]LogAndroid: Case APP_CMD_RESUME
11-09 10:22:29.069 30862 30885 D UE4     : [2018.11.09-16.22.29:069][  0]LogICUInternationalization: Display: ICU TimeZone Detection - Raw Offset: -6:00, Platform Override: ''
11-09 10:22:29.069 30862 30885 D UE4     : [2018.11.09-16.22.29:069][  0]LogPluginManager: Mounting plugin Paper2D
11-09 10:22:29.070 30862 30885 D UE4     : [2018.11.09-16.22.29:070][  0]LogPluginManager: Mounting plugin AISupport
11-09 10:22:29.070 30862 30885 D UE4     : [2018.11.09-16.22.29:070][  0]LogPluginManager: Mounting plugin LightPropagationVolume
11-09 10:22:29.070 30862 30885 D UE4     : [2018.11.09-16.22.29:070][  0]LogPluginManager: Mounting plugin AssetManagerEditor
11-09 10:22:29.071 30862 30885 D UE4     : [2018.11.09-16.22.29:070][  0]LogPluginManager: Mounting plugin CryptoKeys
11-09 10:22:29.071 30862 30885 D UE4     : [2018.11.09-16.22.29:071][  0]LogPluginManager: Mounting plugin FacialAnimation
11-09 10:22:29.071 30862 30885 D UE4     : [2018.11.09-16.22.29:071][  0]LogPluginManager: Mounting plugin MeshEditor
11-09 10:22:29.072 30862 30885 D UE4     : [2018.11.09-16.22.29:071][  0]LogPluginManager: Mounting plugin DatasmithContent
11-09 10:22:29.072 30862 30885 D UE4     : [2018.11.09-16.22.29:072][  0]LogPluginManager: Mounting plugin AlembicImporter
11-09 10:22:29.072 30862 30885 D UE4     : [2018.11.09-16.22.29:072][  0]LogPluginManager: Mounting plugin AppleImageUtils
11-09 10:22:29.073 30862 30885 D UE4     : [2018.11.09-16.22.29:072][  0]LogPluginManager: Mounting plugin AppleVision
11-09 10:22:29.073 30862 30885 D UE4     : [2018.11.09-16.22.29:073][  0]LogPluginManager: Mounting plugin BackChannel
11-09 10:22:29.073 30862 30885 D UE4     : [2018.11.09-16.22.29:073][  0]LogPluginManager: Mounting plugin CharacterAI
11-09 10:22:29.074 30862 30885 D UE4     : [2018.11.09-16.22.29:073][  0]LogPluginManager: Mounting plugin GeometryCache
11-09 10:22:29.074 30862 30885 D UE4     : [2018.11.09-16.22.29:074][  0]LogPluginManager: Mounting plugin AndroidMedia
11-09 10:22:29.074 30862 30885 D UE4     : [2018.11.09-16.22.29:074][  0]LogPluginManager: Mounting plugin ImgMedia
11-09 10:22:29.074 30862 30885 D UE4     : [2018.11.09-16.22.29:074][  0]LogPluginManager: Mounting plugin LinearTimecode
11-09 10:22:29.075 30862 30885 D UE4     : [2018.11.09-16.22.29:075][  0]LogPluginManager: Mounting plugin MediaCompositing
11-09 10:22:29.075 30862 30885 D UE4     : [2018.11.09-16.22.29:075][  0]LogPluginManager: Mounting plugin TcpMessaging
11-09 10:22:29.075 30862 30885 D UE4     : [2018.11.09-16.22.29:075][  0]LogPluginManager: Mounting plugin UdpMessaging
11-09 10:22:29.076 30862 30885 D UE4     : [2018.11.09-16.22.29:076][  0]LogPluginManager: Mounting plugin ActorSequence
11-09 10:22:29.076 30862 30885 D UE4     : [2018.11.09-16.22.29:076][  0]LogPluginManager: Mounting plugin NetcodeUnitTest
11-09 10:22:29.076 30862 30885 D UE4     : [2018.11.09-16.22.29:076][  0]LogPluginManager: Mounting plugin NUTUnrealEngine4
11-09 10:22:29.077 30862 30885 D UE4     : [2018.11.09-16.22.29:077][  0]LogPluginManager: Mounting plugin OnlineSubsystemGooglePlay
11-09 10:22:29.077 30862 30885 D UE4     : [2018.11.09-16.22.29:077][  0]LogPluginManager: Mounting plugin OnlineSubsystem
11-09 10:22:29.077 30862 30885 D UE4     : [2018.11.09-16.22.29:077][  0]LogPluginManager: Mounting plugin OnlineSubsystemNull
11-09 10:22:29.078 30862 30885 D UE4     : [2018.11.09-16.22.29:078][  0]LogPluginManager: Mounting plugin OnlineSubsystemUtils
11-09 10:22:29.078 30862 30885 D UE4     : [2018.11.09-16.22.29:078][  0]LogPluginManager: Mounting plugin AndroidDeviceProfileSelector
11-09 10:22:29.078 30862 30885 D UE4     : [2018.11.09-16.22.29:078][  0]LogPluginManager: Mounting plugin AndroidMoviePlayer
11-09 10:22:29.079 30862 30885 D UE4     : [2018.11.09-16.22.29:079][  0]LogPluginManager: Mounting plugin AndroidPermission
11-09 10:22:29.079 30862 30885 D UE4     : [2018.11.09-16.22.29:079][  0]LogPluginManager: Mounting plugin ArchVisCharacter
11-09 10:22:29.080 30862 30885 D UE4     : [2018.11.09-16.22.29:079][  0]LogPluginManager: Mounting plugin CableComponent
11-09 10:22:29.080 30862 30885 D UE4     : [2018.11.09-16.22.29:080][  0]LogPluginManager: Mounting plugin CustomMeshComponent
11-09 10:22:29.080 30862 30885 D UE4     : [2018.11.09-16.22.29:080][  0]LogPluginManager: Mounting plugin EditableMesh
11-09 10:22:29.081 30862 30885 D UE4     : [2018.11.09-16.22.29:080][  0]LogPluginManager: Mounting plugin ExampleDeviceProfileSelector
11-09 10:22:29.081 30862 30885 D UE4     : [2018.11.09-16.22.29:081][  0]LogPluginManager: Mounting plugin GoogleCloudMessaging
11-09 10:22:29.081 30862 30885 D UE4     : [2018.11.09-16.22.29:081][  0]LogPluginManager: Mounting plugin ImmediatePhysics
11-09 10:22:29.082 30862 30885 D UE4     : [2018.11.09-16.22.29:082][  0]LogPluginManager: Mounting plugin LocationServicesBPLibrary
11-09 10:22:29.082 30862 30885 D UE4     : [2018.11.09-16.22.29:082][  0]LogPluginManager: Mounting plugin MobilePatchingUtils
11-09 10:22:29.082 30862 30885 D UE4     : [2018.11.09-16.22.29:082][  0]LogPluginManager: Mounting plugin OculusVR
11-09 10:22:29.083 30862 30885 D UE4     : [2018.11.09-16.22.29:082][  0]LogPluginManager: Mounting plugin PhysXVehicles
11-09 10:22:29.083 30862 30885 D UE4     : [2018.11.09-16.22.29:083][  0]LogPluginManager: Mounting plugin ProceduralMeshComponent
11-09 10:22:29.083 30862 30885 D UE4     : [2018.11.09-16.22.29:083][  0]LogPluginManager: Mounting plugin RuntimePhysXCooking
11-09 10:22:29.083 30862 30885 D UE4     : [2018.11.09-16.22.29:083][  0]LogPluginManager: Mounting plugin SteamVR
11-09 10:22:29.084 30862 30885 D UE4     : [2018.11.09-16.22.29:084][  0]LogStreaming: Display: Took  0.093s to configure plugins.
11-09 10:22:29.084 30862 30885 D UE4     : [2018.11.09-16.22.29:084][  0]LogInit: Using libcurl 7.46.0
11-09 10:22:29.084 30862 30885 D UE4     : [2018.11.09-16.22.29:084][  0]LogInit:  - built for arm-unknown-linux-androideabi
11-09 10:22:29.085 30862 30885 D UE4     : [2018.11.09-16.22.29:084][  0]LogInit:  - supports SSL with OpenSSL/1.0.1s
11-09 10:22:29.085 30862 30885 D UE4     : [2018.11.09-16.22.29:085][  0]LogInit:  - supports HTTP deflate (compression) using libz 1.2.11
11-09 10:22:29.085 30862 30885 D UE4     : [2018.11.09-16.22.29:085][  0]LogInit:  - other features:
11-09 10:22:29.085 30862 30885 D UE4     : [2018.11.09-16.22.29:085][  0]LogInit:      CURL_VERSION_SSL
11-09 10:22:29.086 30862 30885 D UE4     : [2018.11.09-16.22.29:086][  0]LogInit:      CURL_VERSION_LIBZ
11-09 10:22:29.086 30862 30885 D UE4     : [2018.11.09-16.22.29:086][  0]LogInit:      CURL_VERSION_IPV6
11-09 10:22:29.086 30862 30885 D UE4     : [2018.11.09-16.22.29:086][  0]LogInit:      CURL_VERSION_ASYNCHDNS
11-09 10:22:29.087 30862 30885 D UE4     : [2018.11.09-16.22.29:087][  0]LogInit:      CURL_VERSION_TLSAUTH_SRP
11-09 10:22:29.087 30862 30885 D UE4     : [2018.11.09-16.22.29:087][  0]LogInit:  Libcurl: using generated PEM file: '/storage/emulated/0/Android/data/com.TeamNA.GiftGame/files/ca-bundle.pem'
11-09 10:22:29.088 30862 30885 D UE4     : [2018.11.09-16.22.29:088][  0]LogInit:  CurlRequestOptions (configurable via config and command line):
11-09 10:22:29.088 30862 30885 D UE4     : [2018.11.09-16.22.29:088][  0]LogInit:  - bVerifyPeer = true  - Libcurl will verify peer certificate
11-09 10:22:29.089 30862 30885 D UE4     : [2018.11.09-16.22.29:089][  0]LogInit:  - bUseHttpProxy = false  - Libcurl will NOT use HTTP proxy
11-09 10:22:29.089 30862 30885 D UE4     : [2018.11.09-16.22.29:089][  0]LogInit:  - bDontReuseConnections = false  - Libcurl will reuse connections
11-09 10:22:29.090 30862 30885 D UE4     : [2018.11.09-16.22.29:089][  0]LogInit:  - CertBundlePath = /storage/emulated/0/Android/data/com.TeamNA.GiftGame/files/ca-bundle.pem  - Libcurl will set CURLOPT_CAINFO to it
11-09 10:22:29.090 30862 30885 D UE4     : [2018.11.09-16.22.29:090][  0]LogInit:  - MaxHostConnections = 16  - Libcurl will limit the number of connections to a host
11-09 10:22:29.090 30862 30885 D UE4     : [2018.11.09-16.22.29:090][  0]LogInit:  - LocalHostAddr = Default
11-09 10:22:29.090 30862 30885 D UE4     : [2018.11.09-16.22.29:090][  0]LogInit:  - BufferSize = 65536
11-09 10:22:29.091 30862 30885 D UE4     : [2018.11.09-16.22.29:091][  0]LogOnline: Display: OnlineSubsystemGooglePlayModule::StartupModule()
11-09 10:22:29.091 30862 30885 D UE4     : [2018.11.09-16.22.29:091][  0]LogOnline: Warning: FOnlineSubsystemGooglePlayModule was disabled
11-09 10:22:29.092 30862 30885 D UE4     : [2018.11.09-16.22.29:091][  0]LogOnline: Warning: FOnlineSubsystemGooglePlayModule was disabled
11-09 10:22:29.092 30862 30885 D UE4     : [2018.11.09-16.22.29:092][  0]LogHMD: App is not packaged for Gear VR
11-09 10:22:29.092 30862 30885 D UE4     : [2018.11.09-16.22.29:092][  0]LogInit: Build: ++UE4+Release-4.20-CL-4302132
11-09 10:22:29.092 30862 30885 D UE4     : [2018.11.09-16.22.29:092][  0]LogInit: Engine Version: 4.20.2-4302132+++UE4+Release-4.20
11-09 10:22:29.093 30862 30885 D UE4     : [2018.11.09-16.22.29:093][  0]LogInit: Compatible Engine Version: 4.20.0-4212847+++UE4+Release-4.20
11-09 10:22:29.093 30862 30885 D UE4     : [2018.11.09-16.22.29:093][  0]LogInit: Net CL: 4212847
11-09 10:22:29.093 30862 30885 D UE4     : [2018.11.09-16.22.29:093][  0]LogInit: OS: Android (9), CPU: Pixel, GPU: Adreno (TM) 530
11-09 10:22:29.094 30862 30885 D UE4     : [2018.11.09-16.22.29:094][  0]LogInit: Compiled (32-bit): Aug 21 2018 05:38:37
11-09 10:22:29.094 30862 30885 D UE4     : [2018.11.09-16.22.29:094][  0]LogInit: Compiled with Clang: 3.8.256229 
11-09 10:22:29.095 30862 30885 D UE4     : [2018.11.09-16.22.29:095][  0]LogInit: Build Configuration: Development
11-09 10:22:29.095 30862 30885 D UE4     : [2018.11.09-16.22.29:095][  0]LogInit: Branch Name: ++UE4+Release-4.20
11-09 10:22:29.095 30862 30885 D UE4     : [2018.11.09-16.22.29:095][  0]LogInit: Command Line:   /Game/Maps/MainGame -Messaging -SessionId=39FCDCE4455C07DF5635B99A15FD711C -SessionOwner="Phenrear" -SessionName="Launch On Device" -iterative
11-09 10:22:29.096 30862 30885 D UE4     : [2018.11.09-16.22.29:096][  0]LogInit: Base Directory: 
11-09 10:22:29.096 30862 30885 D UE4     : [2018.11.09-16.22.29:096][  0]LogInit: Installed Engine Build: 0
11-09 10:22:29.096 30862 30885 D UE4     : [2018.11.09-16.22.29:096][  0]LogDevObjectVersion: Number of dev versions registered: 20
11-09 10:22:29.096 30862 30885 D UE4     : [2018.11.09-16.22.29:096][  0]LogDevObjectVersion:   Dev-Blueprints (B0D832E4-1F89-4F0D-ACCF-7EB736FD4AA2): 10
11-09 10:22:29.096 30862 30885 D UE4     : [2018.11.09-16.22.29:096][  0]LogDevObjectVersion:   Dev-Build (E1C64328-A22C-4D53-A36C-8E866417BD8C): 0
11-09 10:22:29.096 30862 30885 D UE4     : [2018.11.09-16.22.29:096][  0]LogDevObjectVersion:   Dev-Core (375EC13C-06E4-48FB-B500-84F0262A717E): 2
11-09 10:22:29.097 30862 30885 D UE4     : [2018.11.09-16.22.29:097][  0]LogDevObjectVersion:   Dev-Editor (E4B068ED-F494-42E9-A231-DA0B2E46BB41): 24
11-09 10:22:29.097 30862 30885 D UE4     : [2018.11.09-16.22.29:097][  0]LogDevObjectVersion:   Dev-Framework (CFFC743F-43B0-4480-9391-14DF171D2073): 34
11-09 10:22:29.097 30862 30885 D UE4     : [2018.11.09-16.22.29:097][  0]LogDevObjectVersion:   Dev-Mobile (B02B49B5-BB20-44E9-A304-32B752E40360): 2
11-09 10:22:29.097 30862 30885 D UE4     : [2018.11.09-16.22.29:097][  0]LogDevObjectVersion:   Dev-Networking (A4E4105C-59A1-49B5-A7C5-40C4547EDFEE): 0
11-09 10:22:29.098 30862 30885 D UE4     : [2018.11.09-16.22.29:098][  0]LogDevObjectVersion:   Dev-Online (39C831C9-5AE6-47DC-9A44-9C173E1C8E7C): 0
11-09 10:22:29.098 30862 30885 D UE4     : [2018.11.09-16.22.29:098][  0]LogDevObjectVersion:   Dev-Physics (78F01B33-EBEA-4F98-B9B4-84EACCB95AA2): 0
11-09 10:22:29.098 30862 30885 D UE4     : [2018.11.09-16.22.29:098][  0]LogDevObjectVersion:   Dev-Platform (6631380F-2D4D-43E0-8009-CF276956A95A): 0
11-09 10:22:29.098 30862 30885 D UE4     : [2018.11.09-16.22.29:098][  0]LogDevObjectVersion:   Dev-Rendering (12F88B9F-8875-4AFC-A67C-D90C383ABD29): 26
11-09 10:22:29.099 30862 30885 D UE4     : [2018.11.09-16.22.29:099][  0]LogDevObjectVersion:   Dev-Sequencer (7B5AE74C-D270-4C10-A958-57980B212A5A): 9
11-09 10:22:29.099 30862 30885 D UE4     : [2018.11.09-16.22.29:099][  0]LogDevObjectVersion:   Dev-VR (D7296918-1DD6-4BDD-9DE2-64A83CC13884): 2
11-09 10:22:29.099 30862 30885 D UE4     : [2018.11.09-16.22.29:099][  0]LogDevObjectVersion:   Dev-LoadTimes (C2A15278-BFE7-4AFE-6C17-90FF531DF755): 1
11-09 10:22:29.099 30862 30885 D UE4     : [2018.11.09-16.22.29:099][  0]LogDevObjectVersion:   Private-Geometry (6EACA3D4-40EC-4CC1-B786-8BED09428FC5): 3
11-09 10:22:29.099 30862 30885 D UE4     : [2018.11.09-16.22.29:099][  0]LogDevObjectVersion:   Dev-AnimPhys (29E575DD-E0A3-4627-9D10-D276232CDCEA): 17
11-09 10:22:29.100 30862 30885 D UE4     : [2018.11.09-16.22.29:100][  0]LogDevObjectVersion:   Dev-ReflectionCapture (6B266CEC-1EC7-4B8F-A30B-E4D90942FC07): 1
11-09 10:22:29.100 30862 30885 D UE4     : [2018.11.09-16.22.29:100][  0]LogDevObjectVersion:   Dev-Automation (0DF73D61-A23F-47EA-B727-89E90C41499A): 1
11-09 10:22:29.100 30862 30885 D UE4     : [2018.11.09-16.22.29:100][  0]LogDevObjectVersion:   FortniteMain (601D1886-AC64-4F84-AA16-D3DE0DEAC7D6): 12
11-09 10:22:29.100 30862 30885 D UE4     : [2018.11.09-16.22.29:100][  0]LogDevObjectVersion:   Dev-Enterprise (9DFFBCD6-494F-0158-E221-12823C92A888): 1
11-09 10:22:29.100 30862 30885 D UE4     : [2018.11.09-16.22.29:100][  0]LogStreaming: Display: Took  0.000s to delete old logs.
11-09 10:22:29.100 30862 30885 D UE4     : [2018.11.09-16.22.29:100][  0]LogInit: Presizing for max 131072 objects, including 0 objects not considered by GC, pre-allocating 0 bytes for permanent pool.
11-09 10:22:29.101 30862 30885 D UE4     : [2018.11.09-16.22.29:101][  0]LogStreaming: Display: Async Loading initialized: Event Driven Loader: true, Async Loading Thread: false, Async Post Load: true
11-09 10:22:29.101 30862 30885 D UE4     : [2018.11.09-16.22.29:101][  0]LogInit: Object subsystem initialized
11-09 10:22:29.101 30862 30885 D UE4     : [2018.11.09-16.22.29:101][  0]LogAndroid: Mobile HDR: no
11-09 10:22:29.101 30862 30885 D UE4     : [2018.11.09-16.22.29:101][  0]LogAndroid: Setting Width=1280 and Height=720 (requested scale = 1.000000)
11-09 10:22:29.101 30862 30885 D UE4     : [2018.11.09-16.22.29:101][  0]LogAndroid: Checking 31 rules from DeviceProfile ini file.
11-09 10:22:29.101 30862 30885 D UE4     : [2018.11.09-16.22.29:101][  0]LogAndroid:   Default profile: Android_Default
11-09 10:22:29.102 30862 30885 D UE4     : [2018.11.09-16.22.29:102][  0]LogAndroid:   GpuFamily: Adreno (TM) 530
11-09 10:22:29.102 30862 30885 D UE4     : [2018.11.09-16.22.29:102][  0]LogAndroid:   GlVersion: OpenGL ES 3.2 V@313.0 (GIT@984b9a6, Ibe1bf21abc) (Date:06/04/18)
11-09 10:22:29.102 30862 30885 D UE4     : [2018.11.09-16.22.29:102][  0]LogAndroid:   VulkanAvailable: false
11-09 10:22:29.102 30862 30885 D UE4     : [2018.11.09-16.22.29:102][  0]LogAndroid:   VulkanVersion: 1.1.66
11-09 10:22:29.102 30862 30885 D UE4     : [2018.11.09-16.22.29:102][  0]LogAndroid:   AndroidVersion: 9
11-09 10:22:29.103 30862 30885 D UE4     : [2018.11.09-16.22.29:103][  0]LogAndroid:   DeviceMake: Google
11-09 10:22:29.103 30862 30885 D UE4     : [2018.11.09-16.22.29:103][  0]LogAndroid:   DeviceModel: Pixel
11-09 10:22:29.103 30862 30885 D UE4     : [2018.11.09-16.22.29:103][  0]LogAndroid:   UsingHoudini: false
11-09 10:22:29.103 30862 30885 D UE4     : [2018.11.09-16.22.29:103][  0]LogAndroid: Selected Device Profile: [Android_Adreno5xx]
11-09 10:22:29.103 30862 30885 D UE4     : [2018.11.09-16.22.29:103][  0]LogInit: Applying CVar settings loaded from the selected device profile: [Android_Adreno5xx]
11-09 10:22:29.104 30862 30885 D UE4     : [2018.11.09-16.22.29:104][  0]LogHAL: Display: Platform has ~ 4 GB [3944181760 / 4294967296 / 4], which maps to Default [LargestMinGB=8, LargerMinGB=6, DefaultMinGB=4, SmallerMinGB=3, SmallestMinGB=0)
11-09 10:22:29.104 30862 30885 D UE4     : [2018.11.09-16.22.29:104][  0]LogInit: Setting Device Profile CVar: [[r.DisjointTimerQueries:1]]
11-09 10:22:29.104 30862 30885 D UE4     : [2018.11.09-16.22.29:104][  0]LogInit: Going up to parent DeviceProfile [Android_High]
11-09 10:22:29.104 30862 30885 D UE4     : [2018.11.09-16.22.29:104][  0]LogInit: Setting Device Profile CVar: [[r.BloomQuality:1]]
11-09 10:22:29.104 30862 30885 D UE4     : [2018.11.09-16.22.29:104][  0]LogInit: Setting Device Profile CVar: [[r.DepthOfFieldQuality:1]]
11-09 10:22:29.104 30862 30885 D UE4     : [2018.11.09-16.22.29:104][  0]LogInit: Setting Device Profile CVar: [[r.LightShaftQuality:1]]
11-09 10:22:29.105 30862 30885 D UE4     : [2018.11.09-16.22.29:105][  0]LogInit: Setting Device Profile CVar: [[r.RefractionQuality:1]]
11-09 10:22:29.105 30862 30885 D UE4     : [2018.11.09-16.22.29:105][  0]LogInit: Setting Device Profile CVar: [[r.MobileContentScaleFactor:1.0]]
11-09 10:22:29.105 30862 30885 D UE4     : [2018.11.09-16.22.29:105][  0]LogInit: Going up to parent DeviceProfile [Android]
11-09 10:22:29.105 30862 30885 D UE4     : [2018.11.09-16.22.29:105][  0]LogInit: Setting Device Profile CVar: [[r.ShadowQuality:2]]
11-09 10:22:29.105 30862 30885 D UE4     : [2018.11.09-16.22.29:105][  0]LogInit: Setting Device Profile CVar: [[slate.AbsoluteIndices:1]]
11-09 10:22:29.105 30862 30885 D UE4     : [2018.11.09-16.22.29:105][  0]LogInit: Setting Device Profile CVar: [[r.Vulkan.DelayAcquireBackBuffer:0]]
11-09 10:22:29.106 30862 30885 D UE4     : [2018.11.09-16.22.29:105][  0]LogInit: Going up to parent DeviceProfile []
11-09 10:22:29.106 30862 30885 D UE4     : [2018.11.09-16.22.29:106][  0]LogInit: Memory total: Physical=3761.46MB (4GB approx) Available=1673.52MB PageSize=4.0KB
11-09 10:22:29.106 30862 30885 D UE4     : [2018.11.09-16.22.29:106][  0]LogInit: Using OS detected language (en-US).
11-09 10:22:29.106 30862 30885 D UE4     : [2018.11.09-16.22.29:106][  0]LogInit: Using OS detected locale (en-US).
11-09 10:22:29.106 30862 30885 D UE4     : [2018.11.09-16.22.29:106][  0]LogTextLocalizationManager: No specific localization for 'en-US' exists, so the 'en' localization will be used.
11-09 10:22:29.107 30862 30885 D UE4     : [2018.11.09-16.22.29:107][  0]LogStreaming: Display: Took  0.121s to InitEngineTextLocalization.
11-09 10:22:29.107 30862 30885 D UE4     : [2018.11.09-16.22.29:107][  0]LogSlate: New Slate User Created.  User Index 0, Is Virtual User: 0
11-09 10:22:29.107 30862 30885 D UE4     : [2018.11.09-16.22.29:107][  0]LogSlate: Slate User Registered.  User Index 0, Is Virtual User: 0
11-09 10:22:29.107 30862 30885 D UE4     : [2018.11.09-16.22.29:107][  0]LogRHI: Initializing OpenGL RHI
11-09 10:22:29.108 30862 30885 D UE4     : [2018.11.09-16.22.29:107][  0]LogRHI:   GL_VENDOR: Qualcomm
11-09 10:22:29.108 30862 30885 D UE4     : [2018.11.09-16.22.29:108][  0]LogRHI:   GL_RENDERER: Adreno (TM) 530
