10-28 20:09:07.924  2781  2781 D vol.SecVolumeDialogImpl: updateVolumeRowH s=1, ss.level : 0, row.lastAudibleLevel : 1, row.ss.muted : true
10-28 20:09:07.924  2781  2781 D vol.SecVolumeDialogImpl: updateVolumeRowH s=4, ss.level : 11, row.lastAudibleLevel : 11, row.ss.muted : false
10-28 20:09:07.925  2781  2781 D vol.SecVolumeDialogImpl: updateVolumeRowH s=0, ss.level : 4, row.lastAudibleLevel : 4, row.ss.muted : false
10-28 20:09:07.925  2781  2781 D vol.SecVolumeDialogImpl: updateVolumeRowH s=6, ss.level : 7, row.lastAudibleLevel : 7, row.ss.muted : false
10-28 20:09:07.925  2781  2781 D vol.SecVolumeDialogImpl: updateVolumeRowH s=10, ss.level : 5, row.lastAudibleLevel : 5, row.ss.muted : false
10-28 20:09:07.925  2781  2781 D vol.SecVolumeDialogImpl: updateVolumeRowH s=14, ss.level : 7, row.lastAudibleLevel : 7, row.ss.muted : false
10-28 20:09:07.925  2781  2781 D vol.SecVolumeDialogImpl: updateVolumeRowH s=11, ss.level : 0, row.lastAudibleLevel : 1, row.ss.muted : false
10-28 20:09:07.926  2781  2781 D vol.SecVolumeDialogImpl: updateVolumeRowH s=12, ss.level : 500, row.lastAudibleLevel : 500, row.ss.muted : false
10-28 20:09:08.226  3651  3651 D io_stats: !@   8,0 r 6270603 244276052 w 2558474 52793904 d 196480 24671612 f 1021553 1021858 iot 4554310 2914030 th 51200 0 0 pt 0 inp 0 0 210810.750
10-28 20:09:08.258 30873 30873 D SADVFSHelper: Either heavy-duty effect is Off or Music playback is not active
10-28 20:09:08.288  1417  2490 D InputReader: Input event(6): value=1 when=210810811359000
10-28 20:09:08.288  1417  2490 D InputReader: Input event(6): value=1 when=210810811359000
10-28 20:09:08.288  1417  2490 I InputReader: Touch event's action is 0x0 (deviceType=0) [pCnt=1, s=0.42088 ] when=210810811359000
10-28 20:09:08.289  1417  2489 I InputDispatcher: Delivering touch to (30689): action: 0x0, toolType: 1
10-28 20:09:08.292  1417  2489 D PowerManagerService: [api] userActivityFromNative : 10 (event: 2 flags: 0) eventTime = 210810811
10-28 20:09:08.298 30689 30745 V threaded_app: New input event: type=2
10-28 20:09:08.299 30689 30689 D ViewRootImpl@ba0b995[GameActivity]: ViewPostIme pointer 0
10-28 20:09:08.306 30689 30745 V threaded_app: New input event: type=2
10-28 20:09:08.337 30689 30745 I chatty  : uid=10530(u0_a530) identical 1 line
10-28 20:09:08.404 30689 30745 V threaded_app: New input event: type=2
10-28 20:09:08.412  1417  2490 D InputReader: Input event(6): value=0 when=210810936464000
10-28 20:09:08.412  1417  2490 D InputReader: Input event(6): value=0 when=210810936464000
10-28 20:09:08.412  1417  2490 I InputReader: Touch event's action is 0x1 (deviceType=0) [pCnt=1, s=] when=210810936464000
10-28 20:09:08.412  1417  2489 I InputDispatcher: Delivering touch to (30689): action: 0x1, toolType: 1
10-28 20:09:08.413 30689 30745 V threaded_app: New input event: type=2
10-28 20:09:08.413 30689 30689 D ViewRootImpl@ba0b995[GameActivity]: ViewPostIme pointer 1
10-28 20:09:08.551  1417  9835 D ConnectivityService: filterNetworkStateForUid() uid: 10028 networkInfo: [type: WIFI[] - WIFI, state: CONNECTED/CONNECTED, reason: (unspecified), extra: "AsimovWasRight", failover: false, available: true, roaming: false, metered: false]
10-28 20:09:08.559  1417  9835 D SamsungAlarmManager: Cancel Alarm calling from uid:10028 pid :30093 / op:PendingIntent{2a0d066: PendingIntentRecord{2dbffa7 com.facebook.katana broadcastIntent}}
10-28 20:09:08.934  1417  2448 D SamsungAlarmManager: Expired : 8
10-28 20:09:08.935  1417  2448 I SamsungAlarmManager: setLocked to kernel - T:3 / 20181028T200924, SetElapsed=687313452, nowELAPSED=687297592
10-28 20:09:08.936  1417  2448 V SamsungAlarmManager: Sending to uid : 10068 action=null alarm=Alarm{1baec54 type 3 when 687297591 com.asurion.android.verizon.vms}
10-28 20:09:08.959  1417  9835 D SamsungAlarmManager: setExact Intent (T:3/F:5/AC:false) 20181028T200913 - CU:10068/CP:4257
10-28 20:09:08.959  1417  9835 I SamsungAlarmManager: setLocked to kernel - T:3 / 20181028T200913, SetElapsed=687302611, nowELAPSED=687297616
10-28 20:09:08.959   726   878 I qti_sensors_hal: processReportInd: Accel - X: 8.830 Y: 0.627 Z: 4.269
10-28 20:09:08.963   726   878 I qti_sensors_hal: processReportInd: Gyro - X: 0.021 Y: -0.131 Z: 0.074 status: 3
10-28 20:09:09.026   726   878 I qti_sensors_hal: processReportInd: Cal Mag Filter, 0, 0, 0.000000, 0.000000, 0.000000, 0.000000, 0.000000, 0.000000, -48.989868, -2.928162, -3.755188
10-28 20:09:09.052  2749  2749 E adbd    : recv: OPEN 00006fbe 00000000 000c:73 68 65 6C 6C 2C 76 32 3A 70 73 00 
10-28 20:09:09.052  2749  2749 E adbd    : service_to_fd: shell,v2:ps
10-28 20:09:09.063 30905 30905 E propClient: PropClient failed to load
10-28 20:09:09.080 30905 30905 E propClient: PropClient failed to load
10-28 20:09:09.426  1417  2490 D InputReader: Input event(6): value=1 when=210811950860000
10-28 20:09:09.426  1417  2490 D InputReader: Input event(6): value=1 when=210811950860000
10-28 20:09:09.426  1417  2490 I InputReader: Touch event's action is 0x0 (deviceType=0) [pCnt=1, s=0.42089 ] when=210811950860000
10-28 20:09:09.427  1417  2489 I InputDispatcher: Delivering touch to (30689): action: 0x0, toolType: 1
10-28 20:09:09.432 30689 30745 V threaded_app: New input event: type=2
10-28 20:09:09.434 30689 30689 D ViewRootImpl@ba0b995[GameActivity]: ViewPostIme pointer 0
10-28 20:09:09.457 30689 30745 V threaded_app: New input event: type=2
10-28 20:09:09.499  1417  2490 D InputReader: Input event(6): value=0 when=210812023883000
10-28 20:09:09.499  1417  2490 D InputReader: Input event(6): value=0 when=210812023883000
10-28 20:09:09.499  1417  2490 I InputReader: Touch event's action is 0x1 (deviceType=0) [pCnt=1, s=] when=210812023883000
10-28 20:09:09.499  1417  2489 I InputDispatcher: Delivering touch to (30689): action: 0x1, toolType: 1
10-28 20:09:09.500 30689 30745 V threaded_app: New input event: type=2
10-28 20:09:09.502 30689 30745 V threaded_app: New input event: type=2
10-28 20:09:09.504 30689 30689 D ViewRootImpl@ba0b995[GameActivity]: ViewPostIme pointer 1
10-28 20:09:10.331  2749  2749 E adbd    : recv: OPEN 00006fc2 00000000 000c:73 68 65 6C 6C 2C 76 32 3A 70 73 00 
10-28 20:09:10.331  2749  2749 E adbd    : service_to_fd: shell,v2:ps
10-28 20:09:10.342 30907 30907 E propClient: PropClient failed to load
10-28 20:09:10.359 30907 30907 E propClient: PropClient failed to load
10-28 20:09:10.797 14673 14703 I Finsky  : [6915] com.google.android.finsky.bo.ad.run(6): Stats for Executor: BlockingExecutor com.google.android.finsky.bo.ae@7fa876e[Running, pool size = 0, active threads = 0, queued tasks = 0, completed tasks = 6]
10-28 20:09:10.802 14673 14703 I Finsky  : [6915] com.google.android.finsky.bo.ad.run(6): Stats for Executor: LightweightExecutor com.google.android.finsky.bo.ae@8035e0f[Running, pool size = 3, active threads = 0, queued tasks = 0, completed tasks = 44]
10-28 20:09:10.803 14673 14703 I Finsky  : [6915] com.google.android.finsky.bo.ad.run(6): Stats for Executor: bgExecutor com.google.android.finsky.bo.ae@eb1ce9c[Running, pool size = 4, active threads = 0, queued tasks = 0, completed tasks = 46]
10-28 20:09:10.917  2781  2781 D vol.SecVolumeDialogImpl: dismissH reason: 3
10-28 20:09:10.937   723   723 D SEC LightsHAL: button : 0 +
10-28 20:09:10.966   723   723 D SEC LightsHAL: button : 0 -
10-28 20:09:11.004   714  2121 D audio_hw_primary: adev_set_parameters: enter: setDSMThermalLimiter=1
10-28 20:09:11.005   714  2121 V msm8974_platform: platform_set_parameters: enter: setDSMThermalLimiter=1
10-28 20:09:11.005   714  2121 V msm8974_platform: platform_set_parameters: exit with code(0)
10-28 20:09:11.006   714  2121 V audio_hw_sec: factory_set_parameters: enter: setDSMThermalLimiter=1
10-28 20:09:11.006   714  2121 E soundtrigger: audio_extn_sound_trigger_set_parameters: str_params NULL
10-28 20:09:11.007  1042 30872 V MultiRecordManager: setParameters(): io 0, keyvalue setDSMThermalLimiter=1, calling pid 1042
10-28 20:09:11.351 25781 25834 I ReschedulableTimer: [#CMH#] ReschedulableTimer started 
10-28 20:09:11.610  2749  2749 E adbd    : recv: OPEN 00006fc6 00000000 000c:73 68 65 6C 6C 2C 76 32 3A 70 73 00 
10-28 20:09:11.610  2749  2749 E adbd    : service_to_fd: shell,v2:ps
10-28 20:09:11.626 30910 30910 E propClient: PropClient failed to load
10-28 20:09:11.647 30910 30910 E propClient: PropClient failed to load
10-28 20:09:12.005  1417  7866 D SSRM:n  : SIOP:: AP = 340, PST = 273 (W:6), BAT = 252, CHG = 273
10-28 20:09:12.073  1417  2490 D InputReader: Input event(6): value=1 when=210814598079000
10-28 20:09:12.073  1417  2490 D InputReader: Input event(6): value=1 when=210814598079000
10-28 20:09:12.074  1417  2490 I InputReader: Touch event's action is 0x0 (deviceType=0) [pCnt=1, s=0.42090 ] when=210814598079000
10-28 20:09:12.074  1417  2489 I InputDispatcher: Delivering touch to (30689): action: 0x0, toolType: 1
10-28 20:09:12.076 30689 30745 V threaded_app: New input event: type=2
10-28 20:09:12.078 30689 30689 D ViewRootImpl@ba0b995[GameActivity]: ViewPostIme pointer 0
10-28 20:09:12.078   723   723 D SEC LightsHAL: button : 1 +
10-28 20:09:12.093 30689 30745 V threaded_app: New input event: type=2
10-28 20:09:12.105   723   723 D SEC LightsHAL: button : 1 -
10-28 20:09:12.108 30689 30745 V threaded_app: New input event: type=2
10-28 20:09:12.159 30689 30745 I chatty  : uid=10530(u0_a530) identical 3 lines
10-28 20:09:12.178 30689 30745 V threaded_app: New input event: type=2
10-28 20:09:12.190  1417  2490 D InputReader: Input event(6): value=0 when=210814714577000
10-28 20:09:12.190  1417  2490 D InputReader: Input event(6): value=0 when=210814714577000
10-28 20:09:12.191  1417  2490 I InputReader: Touch event's action is 0x1 (deviceType=0) [pCnt=1, s=] when=210814714577000
10-28 20:09:12.192  1417  2489 I InputDispatcher: Delivering touch to (30689): action: 0x1, toolType: 1
10-28 20:09:12.193 30689 30745 V threaded_app: New input event: type=2
10-28 20:09:12.196 30689 30745 V threaded_app: New input event: type=2
10-28 20:09:12.197 30689 30689 D ViewRootImpl@ba0b995[GameActivity]: ViewPostIme pointer 1
10-28 20:09:12.704  1417  2490 D InputReader: Input event(6): value=1 when=210815228264000
10-28 20:09:12.704  1417  2490 D InputReader: Input event(6): value=1 when=210815228264000
10-28 20:09:12.704  1417  2490 I InputReader: Touch event's action is 0x0 (deviceType=0) [pCnt=1, s=0.42091 ] when=210815228264000
10-28 20:09:12.705  1417  2489 I InputDispatcher: Delivering touch to (30689): action: 0x0, toolType: 1
10-28 20:09:12.706 30689 30745 V threaded_app: New input event: type=2
10-28 20:09:12.714 30689 30689 D ViewRootImpl@ba0b995[GameActivity]: ViewPostIme pointer 0
10-28 20:09:12.828 30689 30745 V threaded_app: New input event: type=2
10-28 20:09:12.828  1417  2490 D InputReader: Input event(6): value=0 when=210815352652000
10-28 20:09:12.828  1417  2490 D InputReader: Input event(6): value=0 when=210815352652000
10-28 20:09:12.828  1417  2490 I InputReader: Touch event's action is 0x1 (deviceType=0) [pCnt=1, s=] when=210815352652000
10-28 20:09:12.832  1417  2489 I InputDispatcher: Delivering touch to (30689): action: 0x1, toolType: 1
10-28 20:09:12.836 30689 30745 V threaded_app: New input event: type=2
10-28 20:09:12.838 30689 30689 D ViewRootImpl@ba0b995[GameActivity]: ViewPostIme pointer 1
10-28 20:09:12.913  2749  2749 E adbd    : recv: OPEN 00006fca 00000000 000c:73 68 65 6C 6C 2C 76 32 3A 70 73 00 
10-28 20:09:12.914  2749  2749 E adbd    : service_to_fd: shell,v2:ps
10-28 20:09:12.932 30912 30912 E propClient: PropClient failed to load
10-28 20:09:12.957 30912 30912 E propClient: PropClient failed to load
10-28 20:09:13.232  3651  3651 D io_stats: !@   8,0 r 6270645 244277868 w 2558498 52794028 d 196481 24671616 f 1021578 1021883 iot 4554410 2914047 th 51200 0 0 pt 0 inp 0 0 210815.755
10-28 20:09:13.450  1417  2490 D InputReader: Input event(6): value=1 when=210815974226000
10-28 20:09:13.450  1417  2490 D InputReader: Input event(6): value=1 when=210815974226000
10-28 20:09:13.450  1417  2490 I InputReader: Touch event's action is 0x0 (deviceType=0) [pCnt=1, s=0.42092 ] when=210815974226000
10-28 20:09:13.451  1417  2489 I InputDispatcher: Delivering touch to (30689): action: 0x0, toolType: 1
10-28 20:09:13.457 30689 30745 V threaded_app: New input event: type=2
10-28 20:09:13.459 30689 30689 D ViewRootImpl@ba0b995[GameActivity]: ViewPostIme pointer 0
10-28 20:09:13.512 30689 30745 V threaded_app: New input event: type=2
10-28 20:09:13.528 30689 30745 I chatty  : uid=10530(u0_a530) identical 1 line
10-28 20:09:13.544 30689 30745 V threaded_app: New input event: type=2
10-28 20:09:13.546 30689 30694 I zygote  : Do partial code cache collection, code=27KB, data=29KB
10-28 20:09:13.546 30689 30694 I zygote  : After code cache collection, code=27KB, data=29KB
10-28 20:09:13.546 30689 30694 I zygote  : Increasing code cache capacity to 128KB
10-28 20:09:13.549  1417  2490 D InputReader: Input event(6): value=0 when=210816073843000
10-28 20:09:13.549  1417  2490 D InputReader: Input event(6): value=0 when=210816073843000
10-28 20:09:13.549  1417  2490 I InputReader: Touch event's action is 0x1 (deviceType=0) [pCnt=1, s=] when=210816073843000
10-28 20:09:13.553  1417  2489 I InputDispatcher: Delivering touch to (30689): action: 0x1, toolType: 1
10-28 20:09:13.554 30689 30745 V threaded_app: New input event: type=2
10-28 20:09:13.556 30689 30689 D ViewRootImpl@ba0b995[GameActivity]: ViewPostIme pointer 1
10-28 20:09:13.955  1417  2448 D SamsungAlarmManager: Expired : 8
10-28 20:09:13.956  1417  2448 I SamsungAlarmManager: setLocked to kernel - T:3 / 20181028T200924, SetElapsed=687313452, nowELAPSED=687302612
10-28 20:09:13.956  1417  2448 V SamsungAlarmManager: Sending to uid : 10068 action=null alarm=Alarm{d98cf2 type 3 when 687302611 com.asurion.android.verizon.vms}
10-28 20:09:13.993  1417  4163 D SamsungAlarmManager: setExact Intent (T:3/F:5/AC:false) 20181028T200918 - CU:10068/CP:4257
10-28 20:09:13.993  1417  4163 I SamsungAlarmManager: setLocked to kernel - T:3 / 20181028T200918, SetElapsed=687307646, nowELAPSED=687302649
10-28 20:09:14.023  1417  2490 D InputReader: Input event(8): value=1 when=210816548302000
10-28 20:09:14.026  1417  2490 D WindowManager: interceptKeyTq s_result=1
10-28 20:09:14.030  1417  2490 D SamsungPhoneWindowManager: f.b. a = false hd = true eme = false ksno = false id = -1 isDM = false
10-28 20:09:14.030  1417  2490 D SamsungPhoneWindowManager: haptic disabled by policy
10-28 20:09:14.034  1417  2489 D API test: getContainerInfo: value is 
10-28 20:09:14.059  2781  2781 D SystemServicesProxy: updateOverviewLastStackActiveTimeAsync: newTime=1540775338926
10-28 20:09:14.061  1417  4076 D SecContentProvider: query(), uri = 17 selection = isSettingsChangesAllowed
10-28 20:09:14.067  1417  4076 D SecContentProvider: called from android.uid.systemui:10063
10-28 20:09:14.068  2781  2896 D SystemServicesProxy: updateOverviewLastStackActiveTimeAsync: done.
10-28 20:09:14.087  2781  2781 I ApplicationPackageManager: load=com.YourCompany.GiftGame, bg=144-144, dr=144-144, forDefault=false, density=0
10-28 20:09:14.087  2781  2781 I ApplicationPackageManager: scaled rate=0.59999996, size=144, alpha=0, hold=0
10-28 20:09:14.088  2781  2781 I ApplicationPackageManager: load=com.YourCompany.GiftGame-theme2, bg=144-144, dr=144-144, tarScale=0.59999996, relScale=0.59999996, mask=false
10-28 20:09:14.154  1417  2490 D InputReader: Input event(8): value=0 when=210816678812000
10-28 20:09:14.156  1417  2490 D WindowManager: interceptKeyTq s_result=1
10-28 20:09:14.163  1417  2489 D API test: getContainerInfo: value is 
10-28 20:09:14.166  2781  2781 D Recents : toggleRecentApps
10-28 20:09:14.174  2781  2781 V Surface : sf_framedrop debug : 0x4f4c, game : false, logging : 0
10-28 20:09:14.176  2781  2958 D OpenGLRenderer: eglCreateWindowSurface = 0x74780c8ff0
10-28 20:09:14.183  2781  2958 D OpenGLRenderer: eglDestroySurface = 0x74780c8ff0
10-28 20:09:14.183  2781  2781 E BufferItemConsumer: [unnamed-2781-398] Failed to release buffer: Unknown error -1 (1)
10-28 20:09:14.184  2781  2781 D RecentsImpl: startRecentsActivity - hideMenuEvent
10-28 20:09:14.184  2781  2781 D SystemServicesProxy: sendCloseSystemWindows: reason=recentapps
10-28 20:09:14.199  1417  4076 I ActivityManager: START u0 {act=null typ=null flg=0x10804000 cmp=ComponentInfo{com.android.systemui/com.android.systemui.recents.RecentsActivity}} from uid 10063
10-28 20:09:14.207  1417  4076 D CustomFrequencyManagerService: acquireDVFSLockLocked : type : DVFS_MIN_LIMIT  frequency : 1632000  uid : 1000  pid : 1417  pkgName : AMS_ACT_START@CPU_MIN@86
10-28 20:09:14.207  2749  2749 E adbd    : recv: OPEN 00006fce 00000000 000c:73 68 65 6C 6C 2C 76 32 3A 70 73 00 
10-28 20:09:14.208  1417  4076 D ActivityManagerPerformance: AMP_acquire() ACT_START
10-28 20:09:14.208  2749  2749 E adbd    : service_to_fd: shell,v2:ps
10-28 20:09:14.217  1417  1417 D CodecSolution: MultiWindowEventListener::onMultiWindowFocusChanged(5)
10-28 20:09:14.217  1417  1417 D MdnieScenarioControlService: Listener Real Multi Window State : true
10-28 20:09:14.217  1417  1417 D CS_HdrController: MultiWindowEventListener::onFocusStackChanged(5)
10-28 20:09:14.220 30689 30689 V threaded_app: Pause: 0xd812bc60
10-28 20:09:14.220 30689 30745 V threaded_app: activityState=13
10-28 20:09:14.220 30689 30745 D UE4     : Case APP_CMD_PAUSE
10-28 20:09:14.221 30689 30745 D UE4     : LogAndroidEvents: EnqueueAppEvent : 6, 0, tid = 30745
10-28 20:09:14.221 30689 30689 D UE4     : Unregistering sensor listeners
10-28 20:09:14.221 30916 30916 E propClient: PropClient failed to load
10-28 20:09:14.222 30689 30744 D UE4     : [2018.10.29-01.09.14:222][483]LogAndroid: Case APP_CMD_PAUSE
10-28 20:09:14.223  1417  4163 D SensorService: Calling activate off 1
10-28 20:09:14.223  1417  4076 D ActivityManager: isScaleDownAnimationEnabled() : false
10-28 20:09:14.223   726   878 I qti_sensors_hal: processReportInd: Accel - X: 8.947 Y: -0.089 Z: 4.041
10-28 20:09:14.223  1417  4076 D PersonaManagerService: Current focused persona service handled id set to : 0
10-28 20:09:14.224  1417  4076 D InputDispatcher: Focused application set to: xxxx
10-28 20:09:14.225  1417  4076 D InputDispatcher: Focus left window: 30689
10-28 20:09:14.225  1417  4163 D SensorService: Calling activate off 3
10-28 20:09:14.227 30689 30744 D UE4     : LogAndroidEvents: Display: DequeueAppEvent : 6, 0
10-28 20:09:14.227 30689 30744 D UE4     : 
10-28 20:09:14.227 30689 30744 D UE4     : [2018.10.29-01.09.14:227][483]LogAndroidEvents: Display: DequeueAppEvent : 6, 0
10-28 20:09:14.231  1417  4163 D SensorService: Calling activate off 5
10-28 20:09:14.235  1417  4076 V WindowManager: rotationForOrientationLw(orient=-1, last=1); user=0 USER_ROTATION_LOCKED sensorRotation=-1 mLidState=-1 mDockMode=0 mHdmiPlugged=false
10-28 20:09:14.235  1417  4076 D SamsungPhoneWindowManager: setRotationLw() : rotation=0
10-28 20:09:14.235  1417  4076 D SamsungPhoneWindowManager: semDvfsWakeupBooster.acquire()
10-28 20:09:14.236  1417  4076 D CustomFrequencyManagerService: acquireDVFSLockLocked : type : DVFS_MIN_LIMIT  frequency : 2150400  uid : 1000  pid : 1417  pkgName : PWM_ROTATION@CPU_MIN@78
10-28 20:09:14.237 30689 30689 D SensorManager: unregisterListener ::   
10-28 20:09:14.237 30689 30689 D UE4     : ==============> GameActive.onPause complete!
10-28 20:09:14.237  1417  4076 D InputDispatcher: setInputDispatchMode: enabled=1, frozen=1
10-28 20:09:14.237 30689 30689 D ViewRootImpl@ba0b995[GameActivity]: MSG_WINDOW_FOCUS_CHANGED 0
10-28 20:09:14.238 30689 30689 V threaded_app: WindowFocusChanged: 0xd812bc60 -- 0
10-28 20:09:14.238 30916 30916 E propClient: PropClient failed to load
10-28 20:09:14.238   772   772 I SurfaceFlinger: id=10621 createSurf (1080x1920),2 flag=4, ScreenshotSurface#0
10-28 20:09:14.239  1417  4076 V Surface : sf_framedrop debug : 0x4f4c, game : false, logging : 0
10-28 20:09:14.240   772   772 V Surface : sf_framedrop debug : 0x4f4c, game : false, logging : 0
10-28 20:09:14.261   772   772 D DisplayDevice: [MultiResolution] Input Value : o = 0, v = (1080x1920), f = (1440x2560), pre-mScaledDisplay = (1080x1920), mDisplay = (1440x2560)
10-28 20:09:14.261   772   772 I SurfaceFlinger: Disp[0] Orientation 1=>0
10-28 20:09:14.262  1417  4076 I ActivityManager: Config changes=480 {0 1.0 themeSeq = 0 showBtnBg = 0 311mcc480mnc [en_US] ldltr sw360dp w360dp h616dp 480dpi nrml long port finger -keyb/v/h -nav/h appBounds=Rect(0, 0 - 1080, 1920) s.359 mkbd/h}
10-28 20:09:14.268   772   772 I SurfaceFlinger: Display 0 HWC layers:
10-28 20:09:14.268   772   772 I SurfaceFlinger:     type    |    handle    | flag |  format   |   source crop (l,t,r,b)    |         frame       | name 
10-28 20:09:14.268   772   772 I SurfaceFlinger: ------------+--------------+------+-----------+----------------------------+---------------------+------
10-28 20:09:14.268   772   772 I SurfaceFlinger:      Client | 0x7dd757bc00 | 0002 | RGBx_8888 |   0.0    0.0  720.0  720.0 |    0    0 1080 1080 | SurfaceView - com.YourCompany.GiftGa[...]icgames.ue4.GameActivity@2b5d69b@0#0
10-28 20:09:14.268   772   772 I SurfaceFlinger:      Client | 0x7dd4376080 | 0000 | RGBA_8888 |   0.0    0.0 1080.0 1080.0 |    0    0 1080 1080 | com.YourCompany.GiftGame/com.epicgames.ue4.GameActivity#1
10-28 20:09:14.268   772   772 I SurfaceFlinger:      Client | 0x7dd4270300 | 0000 | RGBA_8888 |   0.0    0.0 1080.0 1920.0 |    0    0 1080 1920 | ScreenshotSurface#0
10-28 20:09:14.268   772   772 I SurfaceFlinger: 
10-28 20:09:14.274  2750  2750 V Configuration:  needToUpdateOverlays
10-28 20:09:14.281  2750  2750 I chatty  : uid=10152(u0_a152) com.sec.android.inputmethod identical 34 lines
10-28 20:09:14.281  2750  2750 V Configuration:  needToUpdateOverlays
10-28 20:09:14.283  2750  2750 I SKBD    : SamsungKeypad onConfigurationChanged1
10-28 20:09:14.290  4296  4296 V Configuration:  needToUpdateOverlays
10-28 20:09:14.291  4077  4077 V Configuration:  needToUpdateOverlays
10-28 20:09:14.294  4296  4296 I chatty  : uid=10066(u0_a66) com.sec.android.app.launcher expire 5 lines
10-28 20:09:14.298  4296  4296 V Configuration:  needToUpdateOverlays
10-28 20:09:14.300  2750  2750 I SKBD    : SamsungKeypad [IMI] onStartInput - caller pid : 30689, caller uid : 10530
10-28 20:09:14.300  2750  2750 I SKBD    : SamsungKeypad  CACHEDIC onStartInput  isCachedICEnabled:  false
10-28 20:09:14.300  2750  2750 I SKBD    : atl getDefaultInputRange : UNKNOWN
10-28 20:09:14.300  2750  2750 I SKBD    : awo resetBinderManager()
10-28 20:09:14.300  2750  2750 I SKBD_SYNC: SamsungKeypad onStartInput: import DLM
10-28 20:09:14.300  2750  2750 I SKBD    : atl setPrivateImeOptionsToTable privateImeOptions ( null )
10-28 20:09:14.301  2750  2750 I SKBD    : atl imeOptions is null
10-28 20:09:14.301  2750  2750 I SKBDC   : TymeCore iEC -502
10-28 20:09:14.301  2750  2750 I SKBD    : SamsungKeypad [PF_OP][onStartInput] 1290469
10-28 20:09:14.315  1417  5404 V WindowManager: Relayout Window{6ed3e1e u0 InputMethod}: viewVisibility=8 req=1080x0 WM.LayoutParams{(0,0)(fillxwrap) gr=#50 sim=#20 ty=2011 fl=#800108 fmt=-2 wanim=0x7f0e00e1 vsysui=0x300 needsMenuKey=2 colorMode=0 naviIconColor=0 sfl=0x800}
10-28 20:09:14.320 14673 14673 V Configuration:  needToUpdateOverlays
10-28 20:09:14.320 14673 14673 I chatty  : uid=10033(u0_a33) com.android.vending identical 2 lines
10-28 20:09:14.320 14673 14673 V Configuration:  needToUpdateOverlays
10-28 20:09:14.325  2750  2750 D ViewRootImpl@aa24d99[InputMethod]: Relayout returned: old=[0,516][1080,1920] new=[0,516][1080,1920] result=0x1 surface={valid=false 0} changed=false
10-28 20:09:14.326 30689 30868 D UE4     : *** JavaEnvDestructor: 30868
10-28 20:09:14.328  2750  2750 I SKBD    : awo getNaviationBarHeight() first use took : 2
10-28 20:09:14.328  2750  2750 I SKBD    : putCacheDrawable inputModule=0 key =ICON_SETTING
10-28 20:09:14.335 28029 28029 V Configuration:  needToUpdateOverlays
10-28 20:09:14.336 28029 28029 D AOD_CONFIG@AODConfigurationController: updateMonitor MONITOR_CONFIGURATION
10-28 20:09:14.337 26880 26880 V Configuration:  needToUpdateOverlays
10-28 20:09:14.338   813   848 E Sensors : sns_reg.c(279):invalid data len: -978312876 (126)
10-28 20:09:14.340  2750  2750 I SKBDC   : TymeCore cASl
10-28 20:09:14.340  2750  2750 I SKBDC   : ?? 50
10-28 20:09:14.367 28656 28656 D Mms/MmsApp: [start]    onConfigurationChanged(), newConfig = {0 1.0 themeSeq = 0 showBtnBg = 0 311mcc480mnc [en_US] ldltr sw360dp w360dp h616dp 480dpi nrml long port finger -keyb/v/h -nav/h appBounds=Rect(0, 0 - 1080, 1920) s.359 mkbd/h} consume time = 17054.634525
10-28 20:09:14.367 28656 28656 D Mms/MmsApp: [end]    onConfigurationChanged(), newConfig = {0 1.0 themeSeq = 0 showBtnBg = 0 311mcc480mnc [en_US] ldltr sw360dp w360dp h616dp 480dpi nrml long port finger -keyb/v/h -nav/h appBounds=Rect(0, 0 - 1080, 1920) s.359 mkbd/h} consume time = 0.260573
10-28 20:09:14.373 12421 12421 V Configuration:  needToUpdateOverlays
10-28 20:09:14.384 12421 12421 I chatty  : uid=10413(u0_a413) com.piriform.ccleaner identical 5 lines
10-28 20:09:14.384 12421 12421 V Configuration:  needToUpdateOverlays
10-28 20:09:14.389  1417  4076 I ActivityManager: Override config changes=480 {0 1.0 themeSeq = 0 showBtnBg = 0 311mcc480mnc [en_US] ldltr sw360dp w360dp h616dp 480dpi nrml long port finger -keyb/v/h -nav/h appBounds=Rect(0, 0 - 1080, 1920) s.359 mkbd/h} for displayId=0
10-28 20:09:14.395 28528 28528 V Configuration:  needToUpdateOverlays
10-28 20:09:14.396  4207  4207 D SecUISvc: onConfigurationChanged, old dpi=480, new dpi=480
10-28 20:09:14.396 28528 28528 I chatty  : uid=10431(u0_a431) com.snapchat.android expire 23 lines
10-28 20:09:14.396 28528 28528 V Configuration:  needToUpdateOverlays
10-28 20:09:14.396 28528 28528 V Configuration:  needToUpdateOverlays
10-28 20:09:14.397 28528 28528 I chatty  : uid=10431(u0_a431) com.snapchat.android identical 21 lines
10-28 20:09:14.397 28528 28528 V Configuration:  needToUpdateOverlays
10-28 20:09:14.398  2781  2781 V Configuration:  needToUpdateOverlays
10-28 20:09:14.403  2781  2781 I chatty  : uid=10063(u0_a63) com.android.systemui identical 16 lines
10-28 20:09:14.404  3089  3089 V Configuration:  needToUpdateOverlays
10-28 20:09:14.405  2781  2781 V Configuration:  needToUpdateOverlays
10-28 20:09:14.405  2781  2781 V Configuration:  needToUpdateOverlays
10-28 20:09:14.406  2781  2781 I chatty  : uid=10063(u0_a63) com.android.systemui identical 5 lines
10-28 20:09:14.406  2781  2781 V Configuration:  needToUpdateOverlays
10-28 20:09:14.407  1417  4076 I SamsungPhoneWindowManager: setInitialDisplaySize() width=1080, height=1920, density=480, initWidth=1440, initHeight=2560, initDensity=640
10-28 20:09:14.408  2781  2781 V Configuration:  needToUpdateOverlays
10-28 20:09:14.409  1417  4076 I SamsungPhoneWindowManager: setInitialDisplaySize() width=1080, height=1920, density=480, initWidth=1440, initHeight=2560, initDensity=640
10-28 20:09:14.411  2781  2781 V Configuration:  needToUpdateOverlays
10-28 20:09:14.413 27422 27422 V Configuration:  needToUpdateOverlays
10-28 20:09:14.413 27422 27422 V Configuration:  needToUpdateOverlays
10-28 20:09:14.417  2781  2781 V Configuration:  needToUpdateOverlays
10-28 20:09:14.419  2798  2798 D ThemeManagerService: onConfigChanged - {0 1.0 themeSeq = 0 showBtnBg = 0 311mcc480mnc [en_US] ldltr sw360dp w360dp h616dp 480dpi nrml long port finger -keyb/v/h -nav/h appBounds=Rect(0, 0 - 1080, 1920) s.359 mkbd/h}
10-28 20:09:14.425  2781  2781 I chatty  : uid=10063(u0_a63) com.android.systemui identical 109 lines
10-28 20:09:14.425  2781  2781 V Configuration:  needToUpdateOverlays
10-28 20:09:14.427  3089  3089 I NfcP2pEventManager: changeConfiguration() in NfcService
10-28 20:09:14.428  1417  4076 D MARsPolicyManager: onPackageResumedFG pkgName = com.android.systemui, userId = 0
10-28 20:09:14.428  1417  2642 D GameManagerService: handleForegroundChange(). pkgName: com.android.systemui, clsName: com.android.systemui.recents.RecentsActivity,FgActivityName:com.android.systemui/.recents.RecentsActivity
10-28 20:09:14.429  1417  2642 D GameManagerService: sem_perfomance_mode: 0
10-28 20:09:14.429  1417  2642 D GameManagerService: notifyResumePause(). pkg: com.android.systemui, type: 4, isMinimized: false, isTunableApp: false
10-28 20:09:14.429  1417  2642 D GameManagerService:   notifyResumePause(). do nothing. mKillNotiCount: 3
10-28 20:09:14.430  2750  2750 I SKBD    : ajd [PF_KL][SIIC] getSelectedText done 90
10-28 20:09:14.430  2750  2750 E SKBD    : axv [USICM][getSelectedText] updated, but null is returned
10-28 20:09:14.431  2750  2750 I SKBD    : ajd [PF_KL][SIIC] getTextBeforeCursor[127] done 1
10-28 20:09:14.433  2750  2750 I SKBD    : ajd [PF_KL][SIIC] getTextAfterCursor[127] done  2
10-28 20:09:14.433  2750  2750 I SKBDC   : TymeCore cASl
10-28 20:09:14.433  2750  2750 I SKBDC   : ?? 50
10-28 20:09:14.436  2750  2750 I SKBDC   : TymeCore cASl
10-28 20:09:14.436  2750  2750 I SKBDC   : ?? 50
10-28 20:09:14.436  2750  2750 I SKBDC   : TymeCore sCL 0
10-28 20:09:14.436  2750  2750 I SKBDC   : TymeCore sUS
10-28 20:09:14.437  2750  2750 I SKBD    : awo checkCocktailBar() first use took : 0
10-28 20:09:14.445  1417  1417 D CS_HdrController: updateMultiWindowState : 0
10-28 20:09:14.445  2781  2896 D SystemServicesProxy: startRecentsActivity for UserHandle{-2} done.
10-28 20:09:14.445  1417  1417 D TelecomService: onConfigurationChanged {0 1.0 themeSeq = 0 showBtnBg = 0 311mcc480mnc [en_US] ldltr sw360dp w360dp h616dp 480dpi nrml long port finger -keyb/v/h -nav/h appBounds=Rect(0, 0 - 1080, 1920) as.3 s.359 mkbd/h}
10-28 20:09:14.449  2781  2781 D ViewRootImpl@fb501d1[AssistPreviewPanel]: setView = com.android.systemui.assist.AssistOrbContainer{f45a436 G.E...... ......I. 0,0-0,0} TM=true MM=false
10-28 20:09:14.449  2781  2932 D NetworkController.MobileSignalController(0/1): getMobileIconGroup(): 13
10-28 20:09:14.449  2781  2932 D NetworkController.MobileSignalController(0/1): updateVZWMobileIconGroup(): 13
10-28 20:09:14.450 30689 30689 V threaded_app: SaveInstanceState: 0xd812bc60
10-28 20:09:14.456  2781  2896 D SystemServicesProxy: sendCloseSystemWindows: done.
10-28 20:09:14.457  1417  1417 D GameManagerService: onDisplayChanged. displyId: 0, state: 2
10-28 20:09:14.457  1417  1417 D GameManagerService: dpi: 480, longPixel: 1920, shortPixel: 1080
10-28 20:09:14.458  1417  1417 I CAE     : handleMessage(CaPowerManager.java:173) - AP_WAKEUP_Already_Delivered
10-28 20:09:14.458  1146  1562 D CommandListener: bwctrlcmd: argc=3 bandwidth removeniceapps ...
10-28 20:09:14.458  1146  1562 E IptablesRestoreController: [iptables debug]iptables-restore execute *filter
10-28 20:09:14.458  1146  1562 E IptablesRestoreController: -D bw_happy_box -m owner --uid-owner 10530 --jump RETURN
10-28 20:09:14.458  1146  1562 E IptablesRestoreController: COMMIT
10-28 20:09:14.458  1417  1845 W Looper  : Dispatch took 221ms on android.ui, h=Handler (com.android.server.am.ActivityManagerService$UiHandler) {6363c1} cb=null msg=53
10-28 20:09:14.460  1417  1845 D WindowManager: set systemUiVisibility : systemUiFlags= 0x0 fullscreenStackSysUiFlags= 0x0
10-28 20:09:14.471  1417  1886 D TetheringConfiguration: NAP is enabled by CSCfeature
10-28 20:09:14.473  1417  1417 D InputMethodManagerService: isImeSwitcherDisabledPackage : false
10-28 20:09:14.476  3101  3101 D DeviceLocale: onReceive
10-28 20:09:14.476  3101  3368 D EucModule: onLocaleChanged, languageCode=en
10-28 20:09:14.478 27422 27422 D PEDIT_FinishService: MSG_HIDE_VIEW, mAnimationDuration : 200
10-28 20:09:14.478 27422 27422 D PEDIT_FinishService: Don't need hide view. Because didn't show image view
10-28 20:09:14.479  3089  3089 D NfcService: PROXIMITY SCREEN ON
10-28 20:09:14.481  1146  1562 E IptablesRestoreController: [iptables debug]iptables-restore execute done *filter
10-28 20:09:14.481  1146  1562 E IptablesRestoreController: -D bw_happy_box -m owner --uid-owner 10530 --jump RETURN
10-28 20:09:14.481  1146  1562 E IptablesRestoreController: COMMIT
10-28 20:09:14.481  1146  1562 E IptablesRestoreController: , res : 0
10-28 20:09:14.482   772   772 I SurfaceFlinger: Display 0 HWC layers:
10-28 20:09:14.482   772   772 I SurfaceFlinger:     type    |    handle    | flag |  format   |   source crop (l,t,r,b)    |         frame       | name 
10-28 20:09:14.482   772   772 I SurfaceFlinger: ------------+--------------+------+-----------+----------------------------+---------------------+------
10-28 20:09:14.482   772   772 I SurfaceFlinger:      Device | 0x7dd4270300 | 0000 | RGBA_8888 |   0.0    0.0 1080.0 1920.0 |    0    0 1080 1920 | ScreenshotSurface#0
10-28 20:09:14.482   772   772 I SurfaceFlinger: 
10-28 20:09:14.485  2781  2803 D vol.VolumeDialogControl.VC: setLayoutDirection
10-28 20:09:14.486  2781  2942 D vol.VolumeDialogControl: onReceive ACTION_CONFIGURATION_CHANGED
10-28 20:09:14.486  2781  2942 D vol.VolumeDialogControl: onReceive ACTION_CLOSE_SYSTEM_DIALOGS
10-28 20:09:14.493  1417  2490 I InputReader: Reconfiguring input devices.  changes=0x00000004
10-28 20:09:14.493  1417  2490 I InputReader: Device reconfigured: id=6, name='sec_touchscreen', size 1080x1920, orientation 0, mode 1, display id 0
10-28 20:09:14.493  1417  2490 D InputReader: Wrote command set_rotation_status,0
10-28 20:09:14.496  1417  2490 I InputReader: Reconfiguring input devices.  changes=0x00000004
10-28 20:09:14.508  3107  4191 D TelephonyProvider: query: match = 1
10-28 20:09:14.508  3107  4191 D TelephonyProvider: URL_TELEPHONY uid = 1000, pid= 1417
10-28 20:09:14.516  2781  3154 D SystemServicesProxy: updateOverviewLastStackActiveTimeAsync: newTime=1540775354218
10-28 20:09:14.516  1417  2907 D SecContentProvider: query(), uri = 17 selection = isSettingsChangesAllowed
10-28 20:09:14.517  1417  2907 D SecContentProvider: called from android.uid.systemui:10063
10-28 20:09:14.518  2781  2896 D SystemServicesProxy: updateOverviewLastStackActiveTimeAsync: done.
10-28 20:09:14.523  2781  3154 D skia    : approximate: numPoints=5, lengths[0]=0.000000, totalLength=1.503537, segmentPoints[0]=[0.000000,1.000000]
10-28 20:09:14.523  2781  3154 D skia    : approximate: approximation[0]=0.000000, approximation[1]=0.000000, approximation[2]=1.000000
10-28 20:09:14.523  2781  3154 D skia    : approximate: numPoints=5, lengths[4]=1.503537, totalLength=1.503537, segmentPoints[4]=[1.000000,0.000000]
10-28 20:09:14.523  2781  3154 D skia    : approximate: approximation[12]=1.000000, approximation[13]=1.000000, approximation[14]=0.000000
10-28 20:09:14.523  2781  3154 D skia    : approximate: numPoints=4, lengths[0]=0.000000, totalLength=1.605647, segmentPoints[0]=[0.000000,1.000000]
10-28 20:09:14.523  2781  3154 D skia    : approximate: approximation[0]=0.000000, approximation[1]=0.000000, approximation[2]=1.000000
10-28 20:09:14.523  2781  3154 D skia    : approximate: numPoints=4, lengths[3]=1.605647, totalLength=1.605647, segmentPoints[3]=[1.000000,0.000000]
10-28 20:09:14.523  2781  3154 D skia    : approximate: approximation[9]=1.000000, approximation[10]=1.000000, approximation[11]=0.000000
10-28 20:09:14.523  2781  3154 D skia    : approximate: numPoints=21, lengths[0]=0.000000, totalLength=1.118016, segmentPoints[0]=[0.000000,0.250000]
10-28 20:09:14.523  2781  3154 D skia    : approximate: approximation[0]=0.000000, approximation[1]=0.000000, approximation[2]=0.250000
10-28 20:09:14.523  2781  3154 D skia    : approximate: numPoints=21, lengths[20]=1.118016, totalLength=1.118016, segmentPoints[20]=[1.000000,0.150000]
10-28 20:09:14.523  2781  3154 D skia    : approximate: approximation[60]=1.000000, approximation[61]=1.000000, approximation[62]=0.150000
10-28 20:09:14.523  2781  3154 D skia    : approximate: numPoints=4, lengths[0]=0.000000, totalLength=1.162570, segmentPoints[0]=[0.000000,0.250000]
10-28 20:09:14.523  2781  3154 D skia    : approximate: approximation[0]=0.000000, approximation[1]=0.000000, approximation[2]=0.250000
10-28 20:09:14.523  2781  3154 D skia    : approximate: numPoints=4, lengths[3]=1.162570, totalLength=1.162570, segmentPoints[3]=[1.000000,0.250000]
10-28 20:09:14.523  2781  3154 D skia    : approximate: approximation[9]=1.000000, approximation[10]=1.000000, approximation[11]=0.250000
10-28 20:09:14.523  3089 30918 D NfcService: call the applyRouting
10-28 20:09:14.525  1417  1886 W Settings: Setting tether_dun_required has moved from android.provider.Settings.Secure to android.provider.Settings.Global
10-28 20:09:14.529  2781  2781 D ViewRootImpl@8122f10[DockedStackDivider]: setView = com.android.systemui.stackdivider.DividerView{751a09 I.E...... ......I. 0,0-0,0} TM=true MM=false
10-28 20:09:14.529  2781  2932 D NetworkController.MobileSignalController(0/1): callState:0, callStateByPhone:false voLTECall:false voiceNetTpe:13 dataNetType:13, ine911:false, emergencyCallbackMode:false
10-28 20:09:14.531  2781  2781 D ViewRootImpl@6bf8eeb[DividerButtonsGroup]: dispatchDetachedFromWindow
10-28 20:09:14.531  2781  2781 D InputEventReceiver: channel '6dcb104 DividerButtonsGroup (client)' ~ Disposing input event receiver.
10-28 20:09:14.531  2781  2781 D InputEventReceiver: channel '6dcb104 DividerButtonsGroup (client)' ~NativeInputEventReceiver.
10-28 20:09:14.532  1417  5404 W AppOps  : Finishing op nesting under-run: uid 10063 pkg com.android.systemui code 70 time=0 duration=0 nesting=0
10-28 20:09:14.557  2781  2781 D ViewRootImpl@f44d028[DividerButtonsGroup]: setView = com.android.systemui.stackdivider.DividerButtonsGroup{ea90141 I.E...... ......I. 0,0-0,0} TM=true MM=false
10-28 20:09:14.557  2781  2781 D ImageWallpaper: engine visible:false
10-28 20:09:14.561  1417  1417 D TelephonyManager: getCellLocation : Caller (PID / UID / TID): 1417 / 1000 / 1417
10-28 20:09:14.575  2781  2781 D AnalyticUtils: sendScreenViewLog 500
10-28 20:09:14.577  2781  2781 D SamsungAnalytics: user do not agree
10-28 20:09:14.581  2781  2781 D ViewRootImpl@3baabf6[AssistPreviewPanel]: dispatchDetachedFromWindow
10-28 20:09:14.581  2781  2781 D InputEventReceiver: channel 'e53843b AssistPreviewPanel (client)' ~ Disposing input event receiver.
10-28 20:09:14.581  2781  2781 D InputEventReceiver: channel 'e53843b AssistPreviewPanel (client)' ~NativeInputEventReceiver.
10-28 20:09:14.582  1417  1470 W AppOps  : Finishing op nesting under-run: uid 10063 pkg com.android.systemui code 70 time=0 duration=0 nesting=0
10-28 20:09:14.585  3127  3272 D EPDG -- SIM0 [SMARTWIFI]: onSignalStrengthsChanged: Received signal strength change, phone type is: 2
10-28 20:09:14.585  3127  5716 D EPDG -- SIM0 [SMARTWIFI]: lastLteRSRP is -94currentLteRSRP is -93
10-28 20:09:14.585  3127  5716 D EPDG -- SIM0 [SMARTWIFI]: lastLteRSRQ is -10currentLteRSRQ is -10
10-28 20:09:14.585  3127  5716 D EPDG -- SIM0 [SMARTWIFI]: lastCdmaDb is -16currentCdmaDb is -16
10-28 20:09:14.585  3127  5716 V EPDG -- SIM0 [SMARTWIFI]: Radio oldest entry removed
10-28 20:09:14.585  3127  5716 V EPDG -- SIM0 [SMARTWIFI]: New entry : (SignalStrength: 99 99 -120 -160 -120 -1 -1 24 -93 -10 146 2147483647 0 2147483647 0x4000 P gsm|lte : 0 )
10-28 20:09:14.585  3127  5716 V EPDG -- SIM0 [SMARTWIFI]: Radio entry added
10-28 20:09:14.591  1417  2907 D ActivityManager: post active user change for 0 fullscreen true isHomeActivity() false
10-28 20:09:14.592  2781  2781 D ViewRootImpl@fb501d1[AssistPreviewPanel]: dispatchAttachedToWindow
10-28 20:09:14.593  1417  5404 V WindowManager: Relayout Window{a9771ec u0 AssistPreviewPanel}: viewVisibility=8 req=1080x750 WM.LayoutParams{(0,0)(fillx750) gr=#800053 sim=#31 ty=2033 fl=#1000118 fmt=-3 vsysui=0x700 colorMode=0 naviIconColor=0}
10-28 20:09:14.602  2781  2781 D ViewRootImpl@fb501d1[AssistPreviewPanel]: Relayout returned: old=[0,0][0,0] new=[0,1920][1080,1920] result=0x1 surface={valid=false 0} changed=false
10-28 20:09:14.608  2781  2781 D ViewRootImpl@8122f10[DockedStackDivider]: dispatchAttachedToWindow
10-28 20:09:14.616  1417  5404 V WindowManager: Relayout Window{bfd03bb u0 DockedStackDivider}: viewVisibility=4 req=1080x144 WM.LayoutParams{(0,0)(fillx144) sim=#20 ty=2034 fl=#21840028 pfl=0x40 fmt=-3 vsysui=0x700 colorMode=0 naviIconColor=0}
10-28 20:09:14.621  5227  5227 V Configuration:  needToUpdateOverlays
10-28 20:09:14.621  2781  2932 D LocationControllerImpl: onReceive() = android.intent.action.CLOSE_SYSTEM_DIALOGS
10-28 20:09:14.621  2781  2932 D NetworkController.MobileSignalController(0/1): onSignalStrengthsChanged signalStrength=SignalStrength: 99 99 -120 -160 -120 -1 -1 24 -93 -10 146 2147483647 0 2147483647 0x4000 P gsm|lte level=4
10-28 20:09:14.621  2781  2932 D NetworkController.MobileSignalController(0/1): getMobileIconGroup(): 13
10-28 20:09:14.621  2781  2932 D NetworkController.MobileSignalController(0/1): updateVZWMobileIconGroup(): 13
10-28 20:09:14.624  2781  2781 D ViewRootImpl@8122f10[DockedStackDivider]: Relayout returned: old=[0,0][0,0] new=[0,0][0,0] result=0x1 surface={valid=false 0} changed=false
10-28 20:09:14.627  2781  2932 D NetworkController.MobileSignalController(0/1): callState:0, callStateByPhone:false voLTECall:false voiceNetTpe:13 dataNetType:13, ine911:false, emergencyCallbackMode:false
10-28 20:09:14.630  2781  2781 D ViewRootImpl@f44d028[DividerButtonsGroup]: dispatchAttachedToWindow
10-28 20:09:14.634  1417  5404 V WindowManager: Relayout Window{5371c31 u0 DividerButtonsGroup}: viewVisibility=4 req=525x150 WM.LayoutParams{(0,0)(525x150) sim=#20 ty=2302 fl=#1040020 fmt=-3 vsysui=0x700 surfaceInsets=Rect(36, 36 - 36, 36) colorMode=0 naviIconColor=0}
10-28 20:09:14.639  2781  2781 D ViewRootImpl@f44d028[DividerButtonsGroup]: Relayout returned: old=[0,0][0,0] new=[0,0][0,0] result=0x1 surface={valid=false 0} changed=false
10-28 20:09:14.640  1417  5404 V WindowManager: Relayout Window{61c4983 u0 com.android.systemui/com.android.systemui.recents.RecentsActivity}: viewVisibility=0 req=1080x1920 WM.LayoutParams{(0,0)(fillxfill) sim=#20 ty=1 fl=#89910500 pfl=0x24040 fmt=-3 vsysui=0x700 needsMenuKey=2 colorMode=0 naviIconColor=0}
10-28 20:09:14.641   772   772 I SurfaceFlinger: id=10622 createSurf (1080x1920),1 flag=4, com.android.systemui/com.android.systemui.recents.RecentsActivity#0
10-28 20:09:14.643  1417  5404 V Surface : sf_framedrop debug : 0x4f4c, game : false, logging : 0
10-28 20:09:14.644  1417  1845 D WindowManager: set systemUiVisibility : systemUiFlags= 0x708 fullscreenStackSysUiFlags= 0x0
10-28 20:09:14.648  1417  5404 D InputDispatcher: Focus entered window: 2781
10-28 20:09:14.650  2781  2781 V Surface : sf_framedrop debug : 0x4f4c, game : false, logging : 0
10-28 20:09:14.650  2781  2781 D ViewRootImpl@a630088[RecentsActivity]: Relayout returned: old=[0,0][1080,1920] new=[0,0][1080,1920] result=0x7 surface={valid=true 500256935936} changed=true
10-28 20:09:14.653  3101  3120 I zygote64: Background concurrent copying GC freed 135245(5MB) AllocSpace objects, 23(460KB) LOS objects, 50% free, 5MB/11MB, paused 12.027ms total 177.378ms
10-28 20:09:14.675  2781  2958 D OpenGLRenderer: eglCreateWindowSurface = 0x74780c8ff0
10-28 20:09:14.678  2781  2781 D ViewRootImpl@8a8aace[StatusBar]: MSG_RESIZED_REPORT: frame=Rect(0, 0 - 1080, 72) ci=Rect(0, 0 - 0, 0) vi=Rect(0, 0 - 0, 0) or=1
10-28 20:09:14.681  2781  2781 D MetadataParser: onConfigurationChanged()
10-28 20:09:14.683  1417  5404 D SecContentProvider: query(), uri = 17 selection = isSettingsChangesAllowed
10-28 20:09:14.684  1417  5404 D SecContentProvider: called from android.uid.systemui:10063
10-28 20:09:14.685  1417  1470 D SecContentProvider: query(), uri = 17 selection = isSettingsChangesAllowed
10-28 20:09:14.687  1417  1470 D SecContentProvider: called from android.uid.systemui:10063
10-28 20:09:14.694  1417  5404 D SecContentProvider: query(), uri = 17 selection = isSettingsChangesAllowed
10-28 20:09:14.694  1417  5404 D SecContentProvider: called from android.uid.systemui:10063
10-28 20:09:14.705  2781  2781 I NotificationShelf: show backgroud: :false
10-28 20:09:14.709  2781  2781 D KeyguardUpdateMonitor: received broadcast android.intent.action.CONFIGURATION_CHANGED
10-28 20:09:14.711  2781  2781 D Tile.AirplaneModeTile: onReceive: android.intent.action.CLOSE_SYSTEM_DIALOGS mSimCount 1
10-28 20:09:14.711  2781  2781 D Tile.MobileDataTile: action:android.intent.action.CLOSE_SYSTEM_DIALOGS
10-28 20:09:14.711  2781  2781 D PopupUI : PopupUIReceiver.onReceive() action : android.intent.action.CLOSE_SYSTEM_DIALOGS
10-28 20:09:14.711  2781  2781 D PopupUI.PopupUINotifications: dismissAlertDialogs()
10-28 20:09:14.712  2781  2781 D BrightnessMirror: hideMirror cancelled since it's not visible
10-28 20:09:14.718  2781  2781 D vol.SecVolumeDialogImpl: dismissH reason: 2
10-28 20:09:14.719  2781  2781 D ViewRootImpl@8e6b22c[DockedStackDivider]: dispatchDetachedFromWindow
10-28 20:09:14.719  2781  2781 D InputEventReceiver: channel 'dfaf996 DockedStackDivider (client)' ~ Disposing input event receiver.
10-28 20:09:14.719  2781  2781 D InputEventReceiver: channel 'dfaf996 DockedStackDivider (client)' ~NativeInputEventReceiver.
10-28 20:09:14.720  1417  1470 W AppOps  : Finishing op nesting under-run: uid 10063 pkg com.android.systemui code 70 time=0 duration=0 nesting=0
10-28 20:09:14.726  2781  2781 D BarTransitions.PhoneStatusBarView: MODE_OPAQUE -> MODE_TRANSPARENT animate=false
10-28 20:09:14.727  1417  5404 D WindowManager: adjustSystemUiVisibilityLw : vis= 0x708
10-28 20:09:14.727  2781  2781 D ViewRootImpl@a630088[RecentsActivity]: MSG_RESIZED_REPORT: frame=Rect(0, 0 - 1080, 1920) ci=Rect(0, 0 - 0, 0) vi=Rect(0, 0 - 0, 0) or=1
10-28 20:09:14.727  2781  2781 D ViewRootImpl@a630088[RecentsActivity]: MSG_WINDOW_FOCUS_CHANGED 1
10-28 20:09:14.728  2781  2781 V InputMethodManager: Starting input: tba=android.view.inputmethod.EditorInfo@e8dcbb3 nm : com.android.systemui ic=null
10-28 20:09:14.729  2781  2781 I InputMethodManager: startInputInner - mService.startInputOrWindowGainedFocus
10-28 20:09:14.729  1417  1470 D InputMethodManagerService: startInputOrWindowGainedFocus : windowGainedFocus 
10-28 20:09:14.729  1417  1470 D InputMethodManagerService: windowGainedFocus: destinationUserId (getCallingUid) = 0
10-28 20:09:14.729  1417  1470 D InputMethodManagerService: windowGainedFocus: currentUserId=0
10-28 20:09:14.729  1417  1470 D InputMethodManagerService: windowGainedFocus: mCurrentFocusedUserId=0
10-28 20:09:14.729  1417  1470 D InputMethodManagerService: windowGainedFocus : lock - currentUserId = 0 destinationUserId = 0
10-28 20:09:14.729  1417  1470 D InputMethodManagerService: windowGainedFocus : mCurrentFocusedUserId - 0 and mSecureKeypadEnabled - false, userSwitched - false
10-28 20:09:14.730  1417  1470 V InputMethodManagerService: windowGainedFocus : reason=WINDOW_FOCUS_GAIN client=android.os.BinderProxy@8c833b5 inputContext=null missingMethods= attribute=android.view.inputmethod.EditorInfo@1f41f16 nm = com.android.systemui controlFlags=#100 softInputMode=#20 windowFlags=#89910500
10-28 20:09:14.730  1417  1470 V InputMethodManagerService: hideCurrentInputLocked : shouldHideSoftInput is false
10-28 20:09:14.730  1417  1470 D InputMethodManagerService: isImeSwitcherDisabledPackage : false
10-28 20:09:14.731  1417  1470 D InputMethodManagerService: setCurrentInputInfo - inputContext : null eidtorInfo : android.view.inputmethod.EditorInfo@1f41f16 missingMethods : 0
10-28 20:09:14.732  2750  2750 I InputMethodWrapper:  call dispatchStartInputWithToken
10-28 20:09:14.732  2750  2750 I InputMethodService: dispatchStartInputWithToken
10-28 20:09:14.733  2750  2750 I SKBD    : SamsungKeypad [IMI] onStartInput - caller pid : 2781, caller uid : 10063
10-28 20:09:14.734  1417  1470 V WindowManager: Relayout Window{61c4983 u0 com.android.systemui/com.android.systemui.recents.RecentsActivity}: viewVisibility=0 req=1080x1920 WM.LayoutParams{(0,0)(fillxfill) sim=#20 ty=1 fl=#89910500 pfl=0x24040 fmt=-3 vsysui=0x700 needsMenuKey=2 colorMode=0 naviIconColor=0}
10-28 20:09:14.739  2781  2781 D ViewRootImpl@a630088[RecentsActivity]: Relayout returned: old=[0,0][1080,1920] new=[0,0][1080,1920] result=0x3 surface={valid=true 500256935936} changed=false
10-28 20:09:14.740  2781  2958 D OpenGLRenderer: eglDestroySurface = 0x74780c8ff0
10-28 20:09:14.749  2781  2958 D OpenGLRenderer: eglCreateWindowSurface = 0x74780c8ff0
10-28 20:09:14.764  1417  1470 V WindowManager: finishDrawingLocked: mDrawState=COMMIT_DRAW_PENDING Window{61c4983 u0 com.android.systemui/com.android.systemui.recents.RecentsActivity} in Surface(name=com.android.systemui/com.android.systemui.recents.RecentsActivity)
10-28 20:09:14.777  1417  2412 I WindowManager: Failed to capture screenshot of Token{2003fb3 ActivityRecord{3651922 u0 com.YourCompany.GiftGame/com.epicgames.ue4.GameActivity t625}} appWin=Window{b0e72ce u0 com.YourCompany.GiftGame/com.epicgames.ue4.GameActivity} drawState=4
10-28 20:09:14.780  2781  3154 D WallpaperService: dispatchAppVisibility onVisibilityChanged(): true
10-28 20:09:14.786  1417  5404 V WindowManager: Relayout Window{e0f52e6 u0 StatusBar}: viewVisibility=0 req=1080x72 WM.LayoutParams{(0,0)(fillx72) gr=#30 sim=#10 ty=2000 fl=#81840048 fmt=-3 vsysui=0x600 colorMode=0 naviIconColor=0}
10-28 20:09:14.791  1417  1887 D CustomFrequencyManagerService: acquireDVFSLockLocked : type : DVFS_MIN_LIMIT  frequency : 1555200  uid : 1000  pid : 1417  pkgName : AMS_RESUME_TAIL@CPU_MIN@71
10-28 20:09:14.791  1417  1887 D ActivityManagerPerformance: AMP_acquire() TAIL
10-28 20:09:14.791  1417  1887 D CustomFrequencyManagerService: releaseDVFSLockLocked : Getting Lock type frm List : DVFS_MIN_LIMIT  frequency : 1632000  uid : 1000  pid : 1417  tag : AMS_ACT_START@CPU_MIN@86
10-28 20:09:14.791  1417  1887 D ActivityManagerPerformance: AMP_release() ACT_START
