11-09 10:23:08.676  1945  4511 I Icing   : IndexChimeraService.getServiceInterface callingPackage=com.google.android.apps.messaging componentName=null serviceId=36
11-09 10:23:08.693 28287 28323 I BugleNotifications: RefreshStatefulNotificationsAction: Refreshing message notifications: for incoming messages = true , for failures = true , isSilent = false , isQuickReply = false , isSmartReplyUpdate = false , conversation{id:null}
11-09 10:23:08.730 28287 29712 I BugleNetwork: Received result for RPC: n
11-09 10:23:08.730 28287 29712 I BugleNetwork: Sent ditto response for request: [requestId=2e84d966-879f-450b-393e-a4c4434ac04c, browserId=+1-K4YIx8H0Qwt6hYXpMQEev9]
11-09 10:23:08.731 28287 31164 I BugleNetwork: Pull messages got 1 messages to process
11-09 10:23:08.731 28287 31164 V BugleNetwork: Acquiring Ditto lock.
11-09 10:23:08.733 28287 31164 I BugleNetwork: outstandingPullRequests has 1 requests, waiting...
11-09 10:23:08.794 28287 28323 V BugleNotifications: BugleNotificationFactory: no unseen incoming message notifications
11-09 10:23:08.800  1945  4511 I Icing   : IndexChimeraService.getServiceInterface callingPackage=com.google.android.apps.messaging componentName=null serviceId=36
11-09 10:23:08.826 28287 28323 W BugleDataModel: Used 133ms for RefreshStatefulNotificationsAction:RefreshStatefulNotificationsAction:1541778249759286#executeAction
11-09 10:23:08.892  1945 30042 I Icing   : Indexing com.google.android.apps.messaging-partsCorpus from com.google.android.apps.messaging
11-09 10:23:08.910  1945  3839 E native  : contacts-annotator.cc:94 Contacts annotator params do not exist
11-09 10:23:08.911  1945  3839 E native  : installed-app-annotator.cc:94 Installed app annotator params do not exist
11-09 10:23:08.912  1945  3839 I Icing   : No annotation is returned.
11-09 10:23:08.994  1945 30042 I Icing   : Indexing done com.google.android.apps.messaging-messagesCorpus
11-09 10:23:09.031 28287 29712 I BugleNetwork: Received result for RPC: n
11-09 10:23:09.032 28287 29712 V BugleNetwork: Acquiring Ditto lock.
11-09 10:23:09.034 28287 29712 W BugleNetwork: pull message request complete, outstandingPullRequests now has 0 requests
11-09 10:23:09.035 28287 31164 I BugleNetwork: All pullMessage requests acked
11-09 10:23:09.035  1945 30042 I Icing   : Usage reports ok 0, Failed Usage reports 0, indexed 0, rejected 0, imm upload false
11-09 10:23:09.086  1945 30042 I Icing   : Usage reports ok 0, Failed Usage reports 0, indexed 0, rejected 0, imm upload false
11-09 10:23:09.102  1945  3839 I Icing   : IndexChimeraService.getServiceInterface callingPackage=com.google.android.apps.messaging componentName=null serviceId=36
11-09 10:23:09.161  1945  3839 I Icing   : IndexChimeraService.getServiceInterface callingPackage=com.google.android.apps.messaging componentName=null serviceId=36
11-09 10:23:09.261  1945 30042 I Icing   : Indexing done com.google.android.apps.messaging-participantsCorpus
11-09 10:23:09.316  1945  4511 E native  : contacts-annotator.cc:94 Contacts annotator params do not exist
11-09 10:23:09.317  1945  4511 E native  : installed-app-annotator.cc:94 Installed app annotator params do not exist
11-09 10:23:09.317  1945  4511 I Icing   : No annotation is returned.
11-09 10:23:09.319  1945 30042 I Icing   : Indexing done com.google.android.apps.messaging-partsCorpus
11-09 10:23:09.437  1945 30042 I Icing   : Usage reports ok 0, Failed Usage reports 0, indexed 0, rejected 0, imm upload false
11-09 10:23:09.495  1945 30042 I Icing   : Usage reports ok 0, Failed Usage reports 0, indexed 0, rejected 0, imm upload false
11-09 10:23:09.507  1945 30042 I Icing   : Indexing com.google.android.apps.messaging-messagesCorpus from com.google.android.apps.messaging
11-09 10:23:09.574 28287 28323 W BugleUsageStatistics: Unable to retrieve the RCS Config for getting the user's P-CSCF
11-09 10:23:09.577 28287 28323 W BugleUsageStatistics: org: Jibe SDK Service not available. Is the Jibe SDK service running? Did you call connect() and wait for the notification before calling an API function?
11-09 10:23:09.577 28287 28323 W BugleUsageStatistics: 	at orc.c(SourceFile:70)
11-09 10:23:09.577 28287 28323 W BugleUsageStatistics: 	at com.google.android.rcs.client.profile.RcsProfileService.getRcsConfig(SourceFile:54)
11-09 10:23:09.577 28287 28323 W BugleUsageStatistics: 	at ciu.f(SourceFile:1069)
11-09 10:23:09.577 28287 28323 W BugleUsageStatistics: 	at ciu.a(SourceFile:501)
11-09 10:23:09.577 28287 28323 W BugleUsageStatistics: 	at ciu.a(SourceFile:484)
11-09 10:23:09.577 28287 28323 W BugleUsageStatistics: 	at com.google.android.apps.messaging.shared.datamodel.action.ProcessDeliveryReportAction.a(SourceFile:48)
11-09 10:23:09.577 28287 28323 W BugleUsageStatistics: 	at csq.a(Unknown Source:10)
11-09 10:23:09.577 28287 28323 W BugleUsageStatistics: 	at cmz.a(SourceFile:286)
11-09 10:23:09.577 28287 28323 W BugleUsageStatistics: 	at com.google.android.apps.messaging.shared.datamodel.action.ProcessDeliveryReportAction.executeAction(SourceFile:36)
11-09 10:23:09.577 28287 28323 W BugleUsageStatistics: 	at daw.a(SourceFile:6)
11-09 10:23:09.577 28287 28323 W BugleUsageStatistics: 	at daf.run(SourceFile:8)
11-09 10:23:09.577 28287 28323 W BugleUsageStatistics: 	at java.util.concurrent.ThreadPoolExecutor.runWorker(ThreadPoolExecutor.java:1167)
11-09 10:23:09.577 28287 28323 W BugleUsageStatistics: 	at java.util.concurrent.ThreadPoolExecutor$Worker.run(ThreadPoolExecutor.java:641)
11-09 10:23:09.577 28287 28323 W BugleUsageStatistics: 	at java.lang.Thread.run(Thread.java:764)
11-09 10:23:09.577 28287 28323 W BugleUsageStatistics: Unable to retrieve the user's P-CSCF
11-09 10:23:09.623  5467 30556 E NetworkScheduler: Invalid component specified.
11-09 10:23:09.657  5467 30555 E NetworkScheduler: Invalid component specified.
11-09 10:23:09.659 28287 28287 V BugleNetwork: Acquiring Ditto lock.
11-09 10:23:09.662 28287 28287 V BugleAction: Showing notification for processing message update.
11-09 10:23:09.662 28287 28287 V BugleNetwork: Acquiring Ditto lock.
11-09 10:23:09.673 28287 28323 W BugleDataModel: Used 262ms for ProcessDeliveryReportAction:ProcessDeliveryReportAction:1541778249759287#executeAction
11-09 10:23:09.678  1945  4511 I Icing   : IndexChimeraService.getServiceInterface callingPackage=com.google.android.apps.messaging componentName=null serviceId=36
11-09 10:23:09.766  1945  4511 I Icing   : IndexChimeraService.getServiceInterface callingPackage=com.google.android.apps.messaging componentName=null serviceId=36
11-09 10:23:09.830 28287 28323 D BugleNetwork: Created InboxSendRequest, type: GET_UPDATES.MESSAGE
11-09 10:23:09.834  1945  4066 I Icing   : IndexChimeraService.getServiceInterface callingPackage=com.google.android.apps.messaging componentName=null serviceId=36
11-09 10:23:09.848 28287 28323 D BugleNetwork: starting tachyon registration
11-09 10:23:09.859 28287 28323 D BugleNetwork: using immediateFuture based on stored tachyon registration
11-09 10:23:09.870 28287 30147 I BugleNetwork: Executing RPC: m
11-09 10:23:09.901  1945 30042 I Icing   : Usage reports ok 0, Failed Usage reports 0, indexed 0, rejected 0, imm upload false
11-09 10:23:09.954  1945 30042 I Icing   : Usage reports ok 0, Failed Usage reports 0, indexed 0, rejected 0, imm upload false
11-09 10:23:09.985  1945 30042 I Icing   : Indexing done com.google.android.apps.messaging-messagesCorpus
11-09 10:23:10.025  1945 30042 I Icing   : Usage reports ok 0, Failed Usage reports 0, indexed 0, rejected 0, imm upload false
11-09 10:23:10.030  1945 30042 I Icing   : Indexing com.google.android.apps.messaging-participantsCorpus from com.google.android.apps.messaging
11-09 10:23:10.054  1945 30042 I Icing   : Indexing done com.google.android.apps.messaging-participantsCorpus
11-09 10:23:10.056  1945  3839 E native  : contacts-annotator.cc:94 Contacts annotator params do not exist
11-09 10:23:10.057  1945  3839 E native  : installed-app-annotator.cc:94 Installed app annotator params do not exist
11-09 10:23:10.058  1945  3839 I Icing   : No annotation is returned.
11-09 10:23:10.095  1945 30042 I Icing   : Indexing com.google.android.apps.messaging-partsCorpus from com.google.android.apps.messaging
11-09 10:23:10.139  1945 30042 I Icing   : Indexing done com.google.android.apps.messaging-partsCorpus
11-09 10:23:10.158  1945 30042 I Icing   : Indexing com.google.android.apps.messaging-internal.3p:Message_no_gsa from com.google.android.apps.messaging
11-09 10:23:10.206 28287 28338 V BugleDataModel: RCS is not enabled. Cannot send delivery reports.
11-09 10:23:10.207  1945 30042 I Icing   : Indexing done com.google.android.apps.messaging-internal.3p:Message_no_gsa
11-09 10:23:10.209 28287 28287 D BugleDataModel: ActionExecutor Empty Service destroyed
11-09 10:23:10.263 28287 29712 I BugleNetwork: Received result for RPC: n
11-09 10:23:10.263 28287 29712 V BugleNetwork: Acquiring Ditto lock.
11-09 10:23:10.271  1945 30042 I Icing   : Indexing com.google.android.apps.messaging-internal.3p:Person_no_gsa from com.google.android.apps.messaging
11-09 10:23:10.380   898   966 W BroadcastQueue: Background execution not allowed: receiving Intent { act=com.microsoft.bing.dss.signalslib.sync.REQUEST_SYNC flg=0x10 (has extras) } to com.microsoft.cortana/com.microsoft.bing.dss.servicelib.service.controller.KeyProcessReceiver
11-09 10:23:10.388 28287 28297 I .apps.messagin: Background concurrent copying GC freed 85285(4MB) AllocSpace objects, 34(1768KB) LOS objects, 50% free, 5MB/11MB, paused 100us total 170.135ms
11-09 10:23:10.436  2162  3940 E PresencePolling: [EABService] cursor is zero. Do nothing.
11-09 10:23:10.542  1945 30042 I Icing   : Indexing done com.google.android.apps.messaging-internal.3p:Person_no_gsa
11-09 10:23:10.559  1945 30042 I Icing   : Indexing com.google.android.apps.messaging-internal.3p:Conversation_no_gsa from com.google.android.apps.messaging
11-09 10:23:10.691  1945 30042 I Icing   : Indexing com.google.android.apps.messaging-internal.3p:Message_no_gsa from com.google.android.apps.messaging
11-09 10:23:10.717  1945 30042 I Icing   : Indexing done com.google.android.apps.messaging-internal.3p:Message_no_gsa
11-09 10:23:10.742  1945 30042 I Icing   : Indexing done com.google.android.apps.messaging-internal.3p:Conversation_no_gsa
11-09 10:23:10.744  1945 30042 I Icing   : Indexing com.google.android.apps.messaging-internal.3p:Person_no_gsa from com.google.android.apps.messaging
11-09 10:23:10.751  1945 30042 I Icing   : Indexing done com.google.android.apps.messaging-internal.3p:Person_no_gsa
11-09 10:23:10.752  1945 30042 I Icing   : Indexing com.google.android.apps.messaging-internal.3p:Message_no_gsa from com.google.android.apps.messaging
11-09 10:23:10.758  1945 30042 I Icing   : Indexing done com.google.android.apps.messaging-internal.3p:Message_no_gsa
11-09 10:23:10.805  1945 30042 I Icing   : Indexing com.google.android.apps.messaging-internal.3p:Message_no_gsa from com.google.android.apps.messaging
11-09 10:23:10.815  1945 30042 I Icing   : Indexing done com.google.android.apps.messaging-internal.3p:Message_no_gsa
11-09 10:23:10.822  1945 30042 I Icing   : Indexing com.google.android.apps.messaging-internal.3p:Person_no_gsa from com.google.android.apps.messaging
11-09 10:23:10.828   674   853 I nanohub : osLog: [AR_CHRE] IDLE => ON
11-09 10:23:10.833  1945 30042 I Icing   : Indexing done com.google.android.apps.messaging-internal.3p:Person_no_gsa
11-09 10:23:10.839  1945 30042 I Icing   : Indexing com.google.android.apps.messaging-internal.3p:Conversation_no_gsa from com.google.android.apps.messaging
11-09 10:23:10.848  1945 30042 I Icing   : Indexing done com.google.android.apps.messaging-internal.3p:Conversation_no_gsa
11-09 10:23:10.855  1945 30042 I Icing   : Indexing com.google.android.apps.messaging-internal.3p:Conversation_no_gsa from com.google.android.apps.messaging
11-09 10:23:10.862  1945 30042 I Icing   : Indexing done com.google.android.apps.messaging-internal.3p:Conversation_no_gsa
11-09 10:23:10.863  1945 30042 I Icing   : Indexing com.google.android.apps.messaging-internal.3p:Person_no_gsa from com.google.android.apps.messaging
11-09 10:23:10.871  1945 30042 I Icing   : Indexing done com.google.android.apps.messaging-internal.3p:Person_no_gsa
11-09 10:23:10.872  1945 30042 I Icing   : Indexing com.google.android.apps.messaging-internal.3p:Message_no_gsa from com.google.android.apps.messaging
11-09 10:23:10.881  1945 30042 I Icing   : Indexing done com.google.android.apps.messaging-internal.3p:Message_no_gsa
11-09 10:23:10.995  1945 30042 I Icing   : Indexing com.google.android.apps.messaging-internal.3p:Conversation_no_gsa from com.google.android.apps.messaging
11-09 10:23:11.008  1945 30042 I Icing   : Indexing done com.google.android.apps.messaging-internal.3p:Conversation_no_gsa
11-09 10:23:11.021  1945 30042 I Icing   : Indexing com.google.android.apps.messaging-internal.3p:Person_no_gsa from com.google.android.apps.messaging
11-09 10:23:11.030  1945 30042 I Icing   : Indexing done com.google.android.apps.messaging-internal.3p:Person_no_gsa
11-09 10:23:11.032  1945 30042 I Icing   : Indexing com.google.android.apps.messaging-internal.3p:Message_no_gsa from com.google.android.apps.messaging
11-09 10:23:11.038  1945 30042 I Icing   : Indexing done com.google.android.apps.messaging-internal.3p:Message_no_gsa
11-09 10:23:11.085  1945 30042 I Icing   : Indexing com.google.android.apps.messaging-internal.3p:Message_no_gsa from com.google.android.apps.messaging
11-09 10:23:11.094  1945 30042 I Icing   : Indexing done com.google.android.apps.messaging-internal.3p:Message_no_gsa
11-09 10:23:11.095  1945 30042 I Icing   : Indexing com.google.android.apps.messaging-internal.3p:Person_no_gsa from com.google.android.apps.messaging
11-09 10:23:11.100  1945 30042 I Icing   : Indexing done com.google.android.apps.messaging-internal.3p:Person_no_gsa
11-09 10:23:11.102  1945 30042 I Icing   : Indexing com.google.android.apps.messaging-internal.3p:Conversation_no_gsa from com.google.android.apps.messaging
11-09 10:23:11.112  1945 30042 I Icing   : Indexing done com.google.android.apps.messaging-internal.3p:Conversation_no_gsa
11-09 10:23:11.189  1945 30042 I Icing   : Indexing com.google.android.apps.messaging-internal.3p:Conversation_no_gsa from com.google.android.apps.messaging
11-09 10:23:11.222  1945 30042 I Icing   : Indexing done com.google.android.apps.messaging-internal.3p:Conversation_no_gsa
11-09 10:23:11.254  1945 30042 I Icing   : Indexing com.google.android.apps.messaging-internal.3p:Person_no_gsa from com.google.android.apps.messaging
11-09 10:23:11.275  1945 30042 I Icing   : Indexing done com.google.android.apps.messaging-internal.3p:Person_no_gsa
11-09 10:23:11.282  1945 30042 I Icing   : Indexing com.google.android.apps.messaging-internal.3p:Message_no_gsa from com.google.android.apps.messaging
11-09 10:23:11.300  1945 30042 I Icing   : Indexing done com.google.android.apps.messaging-internal.3p:Message_no_gsa
11-09 10:23:11.527   898   908 I system_server: Background concurrent copying GC freed 362696(17MB) AllocSpace objects, 45(2MB) LOS objects, 42% free, 30MB/52MB, paused 176us total 480.881ms
11-09 10:23:11.552 30862 30876 D         : TrackPlayerBase::~TrackPlayerBase()
11-09 10:23:11.552 30862 30876 D         : PlayerBase::~PlayerBase()
11-09 10:23:11.665 28287 28287 D BugleDataModel: ActionExecutor Empty Service started
11-09 10:23:11.787  1945  3839 E native  : contacts-annotator.cc:94 Contacts annotator params do not exist
11-09 10:23:11.787  1945  3839 E native  : installed-app-annotator.cc:94 Installed app annotator params do not exist
11-09 10:23:11.788  1945  3839 I Icing   : No annotation is returned.
11-09 10:23:11.905 28287 28287 D BugleDataModel: ActionExecutor Empty Service destroyed
11-09 10:23:12.277 22709 22709 I ContactsDataManager: coq: startImportContentTask()
11-09 10:23:12.278 22709 22709 I EmailDataManager: coq: startImportContentTask()
11-09 10:23:12.279 22709 31205 I ContactsDataManager: cou: doInBackground()
11-09 10:23:12.302 22709 31205 I ContactsDataManager: coq: importRecords() : Canceled
11-09 10:23:12.313 22709 31205 I ContactsDataManager: coq: importContentData() : Ending import process
11-09 10:23:12.317 22709 22709 I ContactsDataManager: cou: onPostExecute() : Result = [0,0]
11-09 10:23:12.318 22709 22709 I ContactsDataManager: crh: onImportFinished() : Result = 0 : Count = 0
11-09 10:23:12.320 22709 31205 I EmailDataManager: cou: doInBackground()
11-09 10:23:12.334 22709 31205 I EmailDataManager: coq: importRecords() : Canceled
11-09 10:23:12.344 22709 31205 I EmailDataManager: coq: importContentData() : Ending import process
11-09 10:23:12.344 22709 22709 I EmailDataManager: cou: onPostExecute() : Result = [0,0]
11-09 10:23:12.345 22709 22709 I EmailDataManager: chw: onImportFinished() : Result = 0 : Count = 0
11-09 10:23:12.635 28287 28287 D BugleDataModel: ActionExecutor Empty Service started
11-09 10:23:12.766  1945 27185 I Icing   : Indexing com.google.android.apps.messaging-internal.3p:Message_no_gsa from com.google.android.apps.messaging
11-09 10:23:12.839  1945 27185 I Icing   : Indexing done com.google.android.apps.messaging-internal.3p:Message_no_gsa
11-09 10:23:12.840  1945 27185 I Icing   : Indexing com.google.android.apps.messaging-internal.3p:Person_no_gsa from com.google.android.apps.messaging
11-09 10:23:12.856  1945 27185 I Icing   : Indexing com.google.android.apps.messaging-internal.3p:Conversation_no_gsa from com.google.android.apps.messaging
11-09 10:23:12.889  1945 27185 I Icing   : Indexing done com.google.android.apps.messaging-internal.3p:Person_no_gsa
11-09 10:23:12.903  1945 27185 I Icing   : Indexing done com.google.android.apps.messaging-internal.3p:Conversation_no_gsa
11-09 10:23:13.024 28287 29712 I BugleNetwork: Received onNext in BindHandlerV2: PONG
11-09 10:23:13.024 28287 29712 I BugleNetwork: handlePong()
11-09 10:23:13.050 28287 28287 D BugleDataModel: ActionExecutor Empty Service destroyed
11-09 10:23:13.055 28287 28287 D BugleDataModel: ActionExecutor Empty Service started
11-09 10:23:13.062 28287 28287 D BugleDataModel: ActionExecutor Empty Service destroyed
11-09 10:23:13.551  1945  1957 I gle.android.gm: Background concurrent copying GC freed 439638(15MB) AllocSpace objects, 94(4MB) LOS objects, 49% free, 22MB/44MB, paused 186us total 284.179ms
11-09 10:23:13.616   898   898 V SettingsProvider: Notifying for 0: content://settings/system/screen_brightness
11-09 10:23:14.219  1945 30042 I Icing   : Indexing com.google.android.gms-internal.3p:Message from com.google.android.gms
11-09 10:23:14.314  1945 30042 I Icing   : Indexing done com.google.android.gms-internal.3p:Message
11-09 10:23:14.316  1945 30042 I Icing   : Indexing com.google.android.gms-internal.3p:MobileApplication from com.google.android.gms
11-09 10:23:14.352  1945 30042 I Icing   : Indexing com.google.android.gms-internal.3p:ContextualEvent from com.google.android.gms
11-09 10:23:14.376  1945 30042 I Icing   : Indexing com.google.android.gms-internal.3p:MusicGroup from com.google.android.gms
11-09 10:23:14.402  1945 30042 I Icing   : Indexing com.google.android.gms-internal.3p:DigitalDocument from com.google.android.gms
11-09 10:23:14.447  1945 30042 I Icing   : Indexing done com.google.android.gms-internal.3p:MobileApplication
11-09 10:23:14.456  1945 30042 I Icing   : Indexing done com.google.android.gms-internal.3p:ContextualEvent
11-09 10:23:14.461  1945 30042 I Icing   : Indexing done com.google.android.gms-internal.3p:MusicGroup
11-09 10:23:14.465  1945 30042 I Icing   : Indexing done com.google.android.gms-internal.3p:DigitalDocument
11-09 10:23:14.466  1945 30042 I Icing   : Indexing com.google.android.gms-internal.3p:MusicAlbum from com.google.android.gms
11-09 10:23:14.476  1945 30042 I Icing   : Indexing com.google.android.gms-internal.3p:Event from com.google.android.gms
11-09 10:23:14.486  1945 30042 I Icing   : Indexing com.google.android.gms-internal.3p:Photograph from com.google.android.gms
11-09 10:23:14.495  1945 30042 I Icing   : Indexing com.google.android.gms-internal.3p:MusicRecording from com.google.android.gms
11-09 10:23:14.507  1945 30042 I Icing   : Indexing done com.google.android.gms-internal.3p:MusicAlbum
11-09 10:23:14.511  1945 30042 I Icing   : Indexing done com.google.android.gms-internal.3p:Event
11-09 10:23:14.516  1945 30042 I Icing   : Indexing done com.google.android.gms-internal.3p:Photograph
11-09 10:23:14.520  1945 30042 I Icing   : Indexing done com.google.android.gms-internal.3p:MusicRecording
11-09 10:23:14.788  1945  3839 I Icing   : IndexChimeraService.getServiceInterface callingPackage=com.google.android.gms componentName=null serviceId=36
11-09 10:23:14.852  1945 27185 I Icing   : Usage reports ok 0, Failed Usage reports 0, indexed 0, rejected 0, imm upload false
11-09 10:23:15.867  1945 30042 I Icing   : Indexing com.google.android.gms-sms from com.google.android.gms
11-09 10:23:15.894  1945 30042 I Icing   : Indexing done com.google.android.gms-sms
11-09 10:23:15.995 28287 29712 I BugleNetwork: Received onNext in BindHandlerV2: INBOX_MESSAGE
11-09 10:23:15.995 28287 29712 V BugleNetwork: Acquiring Ditto lock.
11-09 10:23:16.024 28287 28344 V BugleNetwork: Acquiring Ditto lock.
11-09 10:23:16.026 28287 28344 I BugleNetwork: BugleFirebaseMessagingService: Handling firebase tickle, ID: c840a32d-cd43-4734-0d8d-0f6c2ddb04b3
11-09 10:23:16.026 28287 28344 D BugleNetwork: beginning of startBindHandler
11-09 10:23:16.026 28287 28344 D BugleNetwork: starting tachyon registration
11-09 10:23:16.026 28287 28344 D BugleNetwork: using immediateFuture based on stored tachyon registration
11-09 10:23:16.027 28287 31164 D BugleNetwork: receiveMessages already running, checking if we should call pullMessages
11-09 10:23:16.038 28287 31164 I BugleNetwork: starting pullMessages call
11-09 10:23:16.083 28287 31164 I BugleNetwork: BugleFirebaseMessagingService: Successfully handled tickle with ID: c840a32d-cd43-4734-0d8d-0f6c2ddb04b3
11-09 10:23:16.083 28287 30147 I BugleNetwork: Handling DittoRequest: NOTIFY_DITTO_ACTIVITY [requestId=c840a32d-cd43-4734-0d8d-0f6c2ddb04b3, browserId=+1-K4YIx8H0Qwt6hYXpMQEev9]
11-09 10:23:16.103 28287 30147 D BugleNetwork: Created InboxSendRequest, type: NOTIFY_DITTO_ACTIVITY
11-09 10:23:16.103 28287 30147 D BugleNetwork: starting tachyon registration
11-09 10:23:16.104 28287 30147 D BugleNetwork: using immediateFuture based on stored tachyon registration
11-09 10:23:16.121 28287 30147 I BugleNetwork: Executing RPC: m
11-09 10:23:16.187 28287 30147 I BugleNetwork: Pull messages got 1 messages to process
11-09 10:23:16.187 28287 30147 V BugleNetwork: Acquiring Ditto lock.
11-09 10:23:16.192 28287 30147 I BugleNetwork: outstandingPullRequests has 1 requests, waiting...
11-09 10:23:16.367 28287 29712 I BugleNetwork: Received result for RPC: n
11-09 10:23:16.368 28287 29712 I BugleNetwork: Sent ditto response for request: [requestId=c840a32d-cd43-4734-0d8d-0f6c2ddb04b3, browserId=+1-K4YIx8H0Qwt6hYXpMQEev9]
11-09 10:23:16.383 28287 29712 V BugleNetwork: Acquiring Ditto lock.
11-09 10:23:16.715 28287 29712 W BugleNetwork: pull message request complete, outstandingPullRequests now has 0 requests
11-09 10:23:16.715 28287 30147 I BugleNetwork: All pullMessage requests acked
11-09 10:23:16.985   898  9076 D OpenGLRenderer: endAllActiveAnimators on 0x7ce07c4100 (RippleDrawable) with handle 0x7ceb269aa0
11-09 10:23:17.027 30862 30862 V threaded_app: WindowFocusChanged: 0xed39dc00 -- 1
11-09 10:23:17.027 30862 30886 D UE4     : LogAndroidEvents: EnqueueAppEvent : 11, 0, tid = 30886
11-09 10:23:17.028 30862 30885 D UE4     : [2018.11.09-16.23.17:028][591]LogAndroid: Case APP_CMD_GAINED_FOCUS
11-09 10:23:17.033 30862 30862 D UE4     : === Restoring Transparent Bars due to Visibility Change ===
11-09 10:23:17.033 30862 30862 D UE4     : === Restoring Transparent Bars ===
11-09 10:23:17.036 30862 30885 D UE4     : LogAndroidEvents: Display: DequeueAppEvent : 11, 0
11-09 10:23:17.036 30862 30885 D UE4     : 
11-09 10:23:17.036 30862 30885 D UE4     : [2018.11.09-16.23.17:036][591]LogAndroidEvents: Display: DequeueAppEvent : 11, 0
11-09 10:23:17.167   493   524 W SurfaceFlinger: Attempting to set client state on removed layer: Dim Layer for - mAboveAppWindowsContainers#1
11-09 10:23:17.168   493   524 W SurfaceFlinger: Attempting to destroy on removed layer: Dim Layer for - mAboveAppWindowsContainers#1
11-09 10:23:17.174   493  2049 W SurfaceFlinger: Attempting to destroy on removed layer: 66aad4d DeprecatedTargetSdkVersionDialog#0
11-09 10:23:17.704 30862 30886 V threaded_app: New input event: type=2
11-09 10:23:17.716 30862 30885 D UE4     : [2018.11.09-16.23.17:716][632]LogSlate: FSceneViewport::OnFocusLost() reason 0
11-09 10:23:17.739 30862 30886 V threaded_app: New input event: type=2
11-09 10:23:17.770 30862 30886 I chatty  : uid=10344(com.TeamNA.GiftGame) identical 2 lines
11-09 10:23:17.771 30862 30886 V threaded_app: New input event: type=2
11-09 10:23:17.788 30862 30885 D UE4     : [2018.11.09-16.23.17:788][636]LogSlate: Took 0.000667 seconds to synchronously load lazily loaded font '../../../Engine/Content/EngineFonts/Faces/RobotoBold.ufont' (160K)
11-09 10:23:19.748 30862 30886 V threaded_app: New input event: type=2
11-09 10:23:19.849 30862 30886 I chatty  : uid=10344(com.TeamNA.GiftGame) identical 5 lines
11-09 10:23:19.851 30862 30886 V threaded_app: New input event: type=2
11-09 10:23:19.863 30862 30885 D UE4     : LogUMG: Display: Widget Class MainGameWidget_C - Loaded Fast Template.
11-09 10:23:19.863 30862 30885 D UE4     : 
11-09 10:23:19.863 30862 30885 D UE4     : [2018.11.09-16.23.19:863][761]LogUMG: Display: Widget Class MainGameWidget_C - Loaded Fast Template.
11-09 10:23:20.511 30862 30886 V threaded_app: New input event: type=2
11-09 10:23:22.996 30862 30886 I chatty  : uid=10344(com.TeamNA.GiftGame) identical 44 lines
11-09 10:23:22.997 30862 30886 V threaded_app: New input event: type=2
11-09 10:23:23.060 28287 29712 I BugleNetwork: Received onNext in BindHandlerV2: PONG
11-09 10:23:23.061 28287 29712 I BugleNetwork: handlePong()
11-09 10:23:23.194 30862 30886 V threaded_app: New input event: type=2
11-09 10:23:24.320 30862 30886 I chatty  : uid=10344(com.TeamNA.GiftGame) identical 34 lines
11-09 10:23:24.322 30862 30886 V threaded_app: New input event: type=2
11-09 10:23:24.394 28287 28287 V BugleNetwork: Ditto lock already released.
11-09 10:23:24.395 28287 28287 D BugleServices: Destroying DittoForegroundService...
11-09 10:23:24.512 30862 30886 V threaded_app: New input event: type=2
11-09 10:23:25.118 30862 30886 I chatty  : uid=10344(com.TeamNA.GiftGame) identical 15 lines
11-09 10:23:25.119 30862 30886 V threaded_app: New input event: type=2
11-09 10:23:25.847   665   665 I /vendor/bin/hw/android.hardware.health@2.0-service.marlin: SRAM data: 2595000
11-09 10:23:25.852 30862 30862 D UE4     : Battery: status = 5, rawlevel = 100, scale = 100
11-09 10:23:25.852 30862 30862 D UE4     : nativeBatteryEvent(stat = 5, lvl = 100  temp = 28.70 C)
11-09 10:23:26.117 30862 30886 V threaded_app: New input event: type=2
11-09 10:23:26.185 30862 30886 I chatty  : uid=10344(com.TeamNA.GiftGame) identical 3 lines
11-09 10:23:26.186 30862 30886 V threaded_app: New input event: type=2
11-09 10:23:28.532 30862 30980 D         : PlayerBase::PlayerBase()
11-09 10:23:28.533 30862 30980 D         : TrackPlayerBase::TrackPlayerBase()
11-09 10:23:28.533 30862 30980 I libOpenSLES: Emulating old channel mask behavior (ignoring positional mask 0x3, using default mask 0x3 based on channel count of 2)
11-09 10:23:28.534   681 30440 D AudioFlinger: Client defaulted notificationFrames to 590 for frameCount 1772
11-09 10:23:28.536 30862 30980 W AudioTrack: AUDIO_OUTPUT_FLAG_FAST denied by server; frameCount 0 -> 1772
11-09 10:23:28.542   640   640 W AshmemAllocator: ashmem_create_region(7680) returning hidl_memory(0x74f522c100, 7680)
11-09 10:23:28.545   640   640 W AshmemAllocator: ashmem_create_region(7680) returning hidl_memory(0x74f522c100, 7680)
11-09 10:23:28.548 30862 30980 D         : PlayerBase::stop() from IPlayer
11-09 10:23:28.548 30862 30980 D AudioTrack: stop() called with 1770 frames delivered
11-09 10:23:28.553 30862 30980 D         : PlayerBase::PlayerBase()
11-09 10:23:28.554 30862 30980 D         : TrackPlayerBase::TrackPlayerBase()
11-09 10:23:28.554 30862 30980 I libOpenSLES: Emulating old channel mask behavior (ignoring positional mask 0x3, using default mask 0x3 based on channel count of 2)
11-09 10:23:28.555   681 20335 D AudioFlinger: Client defaulted notificationFrames to 590 for frameCount 1772
11-09 10:23:28.556 30862 30980 W AudioTrack: AUDIO_OUTPUT_FLAG_FAST denied by server; frameCount 0 -> 1772
11-09 10:23:28.560   640   640 W AshmemAllocator: ashmem_create_region(7680) returning hidl_memory(0x74f522c100, 7680)
11-09 10:23:28.564   640   640 W AshmemAllocator: ashmem_create_region(7680) returning hidl_memory(0x74f522c100, 7680)
11-09 10:23:28.566 30862 30980 D         : PlayerBase::stop() from IPlayer
11-09 10:23:28.566 30862 30980 D AudioTrack: stop() called with 1770 frames delivered
11-09 10:23:28.571 30862 30980 D         : PlayerBase::PlayerBase()
11-09 10:23:28.571 30862 30980 D         : TrackPlayerBase::TrackPlayerBase()
11-09 10:23:28.571 30862 30980 I libOpenSLES: Emulating old channel mask behavior (ignoring positional mask 0x3, using default mask 0x3 based on channel count of 2)
11-09 10:23:28.572   681  2082 D AudioFlinger: Client defaulted notificationFrames to 590 for frameCount 1772
11-09 10:23:28.573 30862 30980 W AudioTrack: AUDIO_OUTPUT_FLAG_FAST denied by server; frameCount 0 -> 1772
11-09 10:23:28.577   640   640 W AshmemAllocator: ashmem_create_region(7680) returning hidl_memory(0x74f522c100, 7680)
11-09 10:23:28.579   640   640 W AshmemAllocator: ashmem_create_region(7680) returning hidl_memory(0x74f522c100, 7680)
11-09 10:23:28.582 30862 30980 D         : PlayerBase::stop() from IPlayer
11-09 10:23:28.582 30862 30980 D AudioTrack: stop() called with 0 frames delivered
11-09 10:23:28.588 30862 30980 D         : PlayerBase::PlayerBase()
11-09 10:23:28.589 30862 30980 D         : TrackPlayerBase::TrackPlayerBase()
11-09 10:23:28.589 30862 30980 I libOpenSLES: Emulating old channel mask behavior (ignoring positional mask 0x3, using default mask 0x3 based on channel count of 2)
11-09 10:23:28.590   681 30440 D AudioFlinger: Client defaulted notificationFrames to 590 for frameCount 1772
11-09 10:23:28.591 30862 30980 W AudioTrack: AUDIO_OUTPUT_FLAG_FAST denied by server; frameCount 0 -> 1772
11-09 10:23:28.595   640   640 W AshmemAllocator: ashmem_create_region(7680) returning hidl_memory(0x74f522c100, 7680)
11-09 10:23:28.598   640   640 W AshmemAllocator: ashmem_create_region(7680) returning hidl_memory(0x74f522c100, 7680)
11-09 10:23:28.602 30862 30980 D         : PlayerBase::stop() from IPlayer
11-09 10:23:28.602 30862 30980 D AudioTrack: stop() called with 1770 frames delivered
11-09 10:23:28.607 30862 30980 D         : PlayerBase::PlayerBase()
11-09 10:23:28.608 30862 30980 D         : TrackPlayerBase::TrackPlayerBase()
11-09 10:23:28.608 30862 30980 I libOpenSLES: Emulating old channel mask behavior (ignoring positional mask 0x3, using default mask 0x3 based on channel count of 2)
11-09 10:23:28.609   681 30440 D AudioFlinger: Client defaulted notificationFrames to 590 for frameCount 1772
11-09 10:23:28.610 30862 30980 W AudioTrack: AUDIO_OUTPUT_FLAG_FAST denied by server; frameCount 0 -> 1772
11-09 10:23:28.614   640   640 W AshmemAllocator: ashmem_create_region(7680) returning hidl_memory(0x74f522c100, 7680)
11-09 10:23:28.615   640   640 W AshmemAllocator: ashmem_create_region(7680) returning hidl_memory(0x74f522c100, 7680)
11-09 10:23:28.619 30862 30980 D         : PlayerBase::stop() from IPlayer
11-09 10:23:28.619 30862 30980 D AudioTrack: stop() called with 1770 frames delivered
11-09 10:23:28.626 30862 30980 D         : PlayerBase::PlayerBase()
11-09 10:23:28.627 30862 30980 D         : TrackPlayerBase::TrackPlayerBase()
11-09 10:23:28.627 30862 30980 I libOpenSLES: Emulating old channel mask behavior (ignoring positional mask 0x3, using default mask 0x3 based on channel count of 2)
11-09 10:23:28.627   681 20335 D AudioFlinger: Client defaulted notificationFrames to 590 for frameCount 1772
11-09 10:23:28.628 30862 30980 W AudioTrack: AUDIO_OUTPUT_FLAG_FAST denied by server; frameCount 0 -> 1772
11-09 10:23:28.632   640   640 W AshmemAllocator: ashmem_create_region(7680) returning hidl_memory(0x74f522c100, 7680)
11-09 10:23:28.634   640   640 W AshmemAllocator: ashmem_create_region(7680) returning hidl_memory(0x74f522c100, 7680)
11-09 10:23:28.647   676   676 E VibratorService: Setting amplitude  to: 3596
11-09 10:23:28.765 30862 30980 D         : PlayerBase::stop() from IPlayer
11-09 10:23:28.765 30862 30980 D AudioTrack: stop() called with 7064 frames delivered
11-09 10:23:28.770 30862 30980 D         : PlayerBase::PlayerBase()
11-09 10:23:28.771 30862 30980 D         : TrackPlayerBase::TrackPlayerBase()
11-09 10:23:28.771 30862 30980 I libOpenSLES: Emulating old channel mask behavior (ignoring positional mask 0x3, using default mask 0x3 based on channel count of 2)
11-09 10:23:28.772   681  2082 D AudioFlinger: Client defaulted notificationFrames to 590 for frameCount 1772
11-09 10:23:28.774 30862 30980 W AudioTrack: AUDIO_OUTPUT_FLAG_FAST denied by server; frameCount 0 -> 1772
11-09 10:23:28.778   640   640 W AshmemAllocator: ashmem_create_region(7680) returning hidl_memory(0x74f522c100, 7680)
11-09 10:23:28.781   640   640 W AshmemAllocator: ashmem_create_region(7680) returning hidl_memory(0x74f522c100, 7680)
11-09 10:23:28.783 30862 30980 D         : PlayerBase::stop() from IPlayer
11-09 10:23:28.784 30862 30980 D AudioTrack: stop() called with 1770 frames delivered
11-09 10:23:28.788 30862 30980 D         : PlayerBase::PlayerBase()
11-09 10:23:28.789 30862 30980 D         : TrackPlayerBase::TrackPlayerBase()
11-09 10:23:28.789 30862 30980 I libOpenSLES: Emulating old channel mask behavior (ignoring positional mask 0x3, using default mask 0x3 based on channel count of 2)
11-09 10:23:28.790   681 30440 D AudioFlinger: Client defaulted notificationFrames to 590 for frameCount 1772
11-09 10:23:28.790 30862 30980 W AudioTrack: AUDIO_OUTPUT_FLAG_FAST denied by server; frameCount 0 -> 1772
11-09 10:23:28.796   640   640 W AshmemAllocator: ashmem_create_region(7680) returning hidl_memory(0x74f522c100, 7680)
11-09 10:23:28.798   640   640 W AshmemAllocator: ashmem_create_region(7680) returning hidl_memory(0x74f522c100, 7680)
11-09 10:23:28.802 30862 30980 D         : PlayerBase::stop() from IPlayer
11-09 10:23:28.802 30862 30980 D AudioTrack: stop() called with 1770 frames delivered
11-09 10:23:28.808 30862 30980 D         : PlayerBase::PlayerBase()
11-09 10:23:28.808 30862 30980 D         : TrackPlayerBase::TrackPlayerBase()
11-09 10:23:28.808 30862 30980 I libOpenSLES: Emulating old channel mask behavior (ignoring positional mask 0x3, using default mask 0x3 based on channel count of 2)
11-09 10:23:28.809   681 30440 D AudioFlinger: Client defaulted notificationFrames to 590 for frameCount 1772
11-09 10:23:28.810 30862 30980 W AudioTrack: AUDIO_OUTPUT_FLAG_FAST denied by server; frameCount 0 -> 1772
11-09 10:23:28.814   640   640 W AshmemAllocator: ashmem_create_region(7680) returning hidl_memory(0x74f522c100, 7680)
11-09 10:23:28.816   640   640 W AshmemAllocator: ashmem_create_region(7680) returning hidl_memory(0x74f522c100, 7680)
11-09 10:23:28.819 30862 30980 D         : PlayerBase::stop() from IPlayer
11-09 10:23:28.820 30862 30980 D AudioTrack: stop() called with 1770 frames delivered
11-09 10:23:28.824 30862 30980 D         : PlayerBase::PlayerBase()
11-09 10:23:28.825 30862 30980 D         : TrackPlayerBase::TrackPlayerBase()
11-09 10:23:28.825 30862 30980 I libOpenSLES: Emulating old channel mask behavior (ignoring positional mask 0x3, using default mask 0x3 based on channel count of 2)
11-09 10:23:28.826   681 30440 D AudioFlinger: Client defaulted notificationFrames to 590 for frameCount 1772
11-09 10:23:28.827 30862 30980 W AudioTrack: AUDIO_OUTPUT_FLAG_FAST denied by server; frameCount 0 -> 1772
11-09 10:23:28.831   640   640 W AshmemAllocator: ashmem_create_region(7680) returning hidl_memory(0x74f522c100, 7680)
11-09 10:23:28.833   640   640 W AshmemAllocator: ashmem_create_region(7680) returning hidl_memory(0x74f522c100, 7680)
11-09 10:23:28.979 30862 30980 D         : PlayerBase::stop() from IPlayer
11-09 10:23:28.979 30862 30980 D AudioTrack: stop() called with 8828 frames delivered
11-09 10:23:28.988 30862 30980 D         : PlayerBase::PlayerBase()
11-09 10:23:28.991 30862 30980 D         : TrackPlayerBase::TrackPlayerBase()
11-09 10:23:28.991 30862 30980 I libOpenSLES: Emulating old channel mask behavior (ignoring positional mask 0x3, using default mask 0x3 based on channel count of 2)
11-09 10:23:28.992   681 16163 D AudioFlinger: Client defaulted notificationFrames to 590 for frameCount 1772
11-09 10:23:28.993 30862 30980 W AudioTrack: AUDIO_OUTPUT_FLAG_FAST denied by server; frameCount 0 -> 1772
11-09 10:23:28.998   640   640 W AshmemAllocator: ashmem_create_region(7680) returning hidl_memory(0x74f522c100, 7680)
11-09 10:23:29.001   640   640 W AshmemAllocator: ashmem_create_region(7680) returning hidl_memory(0x74f522c100, 7680)
11-09 10:23:29.005 30862 30980 D         : PlayerBase::stop() from IPlayer
11-09 10:23:29.005 30862 30980 D AudioTrack: stop() called with 1770 frames delivered
11-09 10:23:29.010 30862 30980 D         : PlayerBase::PlayerBase()
11-09 10:23:29.010 30862 30980 D         : TrackPlayerBase::TrackPlayerBase()
11-09 10:23:29.010 30862 30980 I libOpenSLES: Emulating old channel mask behavior (ignoring positional mask 0x3, using default mask 0x3 based on channel count of 2)
11-09 10:23:29.011   681 16163 D AudioFlinger: Client defaulted notificationFrames to 590 for frameCount 1772
11-09 10:23:29.012 30862 30980 W AudioTrack: AUDIO_OUTPUT_FLAG_FAST denied by server; frameCount 0 -> 1772
11-09 10:23:29.018   640   640 W AshmemAllocator: ashmem_create_region(7680) returning hidl_memory(0x74f522c100, 7680)
11-09 10:23:29.021   640   640 W AshmemAllocator: ashmem_create_region(7680) returning hidl_memory(0x74f522c100, 7680)
11-09 10:23:29.025 30862 30980 D         : PlayerBase::stop() from IPlayer
11-09 10:23:29.025 30862 30980 D AudioTrack: stop() called with 1770 frames delivered
11-09 10:23:29.030 30862 30980 D         : PlayerBase::PlayerBase()
11-09 10:23:29.030 30862 30980 D         : TrackPlayerBase::TrackPlayerBase()
11-09 10:23:29.030 30862 30980 I libOpenSLES: Emulating old channel mask behavior (ignoring positional mask 0x3, using default mask 0x3 based on channel count of 2)
11-09 10:23:29.031   681  2082 D AudioFlinger: Client defaulted notificationFrames to 590 for frameCount 1772
11-09 10:23:29.032 30862 30980 W AudioTrack: AUDIO_OUTPUT_FLAG_FAST denied by server; frameCount 0 -> 1772
11-09 10:23:29.038   640   640 W AshmemAllocator: ashmem_create_region(7680) returning hidl_memory(0x74f522c100, 7680)
11-09 10:23:29.040   640   640 W AshmemAllocator: ashmem_create_region(7680) returning hidl_memory(0x74f522c100, 7680)
11-09 10:23:29.044 30862 30980 D         : PlayerBase::stop() from IPlayer
11-09 10:23:29.044 30862 30980 D AudioTrack: stop() called with 1770 frames delivered
11-09 10:23:29.050 30862 30980 D         : PlayerBase::PlayerBase()
11-09 10:23:29.050 30862 30980 D         : TrackPlayerBase::TrackPlayerBase()
11-09 10:23:29.050 30862 30980 I libOpenSLES: Emulating old channel mask behavior (ignoring positional mask 0x3, using default mask 0x3 based on channel count of 2)
11-09 10:23:29.051   681  2082 D AudioFlinger: Client defaulted notificationFrames to 590 for frameCount 1772
11-09 10:23:29.052 30862 30980 W AudioTrack: AUDIO_OUTPUT_FLAG_FAST denied by server; frameCount 0 -> 1772
11-09 10:23:29.057   640   640 W AshmemAllocator: ashmem_create_region(7680) returning hidl_memory(0x74f522c100, 7680)
11-09 10:23:29.059   640   640 W AshmemAllocator: ashmem_create_region(7680) returning hidl_memory(0x74f522c100, 7680)
11-09 10:23:29.214 30862 30980 D         : PlayerBase::stop() from IPlayer
11-09 10:23:29.214 30862 30980 D AudioTrack: stop() called with 7946 frames delivered
11-09 10:23:29.221 30862 30980 D         : PlayerBase::PlayerBase()
11-09 10:23:29.221 30862 30980 D         : TrackPlayerBase::TrackPlayerBase()
11-09 10:23:29.221 30862 30980 I libOpenSLES: Emulating old channel mask behavior (ignoring positional mask 0x3, using default mask 0x3 based on channel count of 2)
11-09 10:23:29.223   681 16578 D AudioFlinger: Client defaulted notificationFrames to 590 for frameCount 1772
11-09 10:23:29.226 30862 30980 W AudioTrack: AUDIO_OUTPUT_FLAG_FAST denied by server; frameCount 0 -> 1772
11-09 10:23:29.233   640   640 W AshmemAllocator: ashmem_create_region(7680) returning hidl_memory(0x74f522c100, 7680)
11-09 10:23:29.236   640   640 W AshmemAllocator: ashmem_create_region(7680) returning hidl_memory(0x74f522c100, 7680)
11-09 10:23:29.240 30862 30980 D         : PlayerBase::stop() from IPlayer
11-09 10:23:29.240 30862 30980 D AudioTrack: stop() called with 1770 frames delivered
11-09 10:23:29.248 30862 30980 D         : PlayerBase::PlayerBase()
11-09 10:23:29.249 30862 30980 D         : TrackPlayerBase::TrackPlayerBase()
11-09 10:23:29.249 30862 30980 I libOpenSLES: Emulating old channel mask behavior (ignoring positional mask 0x3, using default mask 0x3 based on channel count of 2)
11-09 10:23:29.250   681 20335 D AudioFlinger: Client defaulted notificationFrames to 590 for frameCount 1772
11-09 10:23:29.252 30862 30980 W AudioTrack: AUDIO_OUTPUT_FLAG_FAST denied by server; frameCount 0 -> 1772
11-09 10:23:29.257   640   640 W AshmemAllocator: ashmem_create_region(7680) returning hidl_memory(0x74f522c100, 7680)
11-09 10:23:29.259   640   640 W AshmemAllocator: ashmem_create_region(7680) returning hidl_memory(0x74f522c100, 7680)
11-09 10:23:29.764 30862 30886 V threaded_app: New input event: type=2
11-09 10:23:29.832 30862 30886 I chatty  : uid=10344(com.TeamNA.GiftGame) identical 3 lines
11-09 10:23:29.832 30862 30886 V threaded_app: New input event: type=2
11-09 10:23:30.116 30862 31267 D         : PlayerBase::stop() from IPlayer
11-09 10:23:30.116 30862 31267 D AudioTrack: stop() called with 39065 frames delivered
11-09 10:23:30.130 30862 30980 D         : PlayerBase::stop() from IPlayer
11-09 10:23:30.411 30862 30980 D         : PlayerBase::PlayerBase()
11-09 10:23:30.412 30862 30980 D         : TrackPlayerBase::TrackPlayerBase()
11-09 10:23:30.412 30862 30980 I libOpenSLES: Emulating old channel mask behavior (ignoring positional mask 0x3, using default mask 0x3 based on channel count of 2)
11-09 10:23:30.413   681 20335 D AudioFlinger: Client defaulted notificationFrames to 590 for frameCount 1772
11-09 10:23:30.414 30862 30980 W AudioTrack: AUDIO_OUTPUT_FLAG_FAST denied by server; frameCount 0 -> 1772
11-09 10:23:30.419   640   640 W AshmemAllocator: ashmem_create_region(7680) returning hidl_memory(0x74f522c100, 7680)
11-09 10:23:30.421   640   640 W AshmemAllocator: ashmem_create_region(7680) returning hidl_memory(0x74f522c100, 7680)
11-09 10:23:30.427 30862 30980 D         : PlayerBase::stop() from IPlayer
11-09 10:23:30.427 30862 30980 D AudioTrack: stop() called with 1770 frames delivered
11-09 10:23:30.431 30862 30980 D         : PlayerBase::PlayerBase()
11-09 10:23:30.432 30862 30980 D         : TrackPlayerBase::TrackPlayerBase()
11-09 10:23:30.432 30862 30980 I libOpenSLES: Emulating old channel mask behavior (ignoring positional mask 0x3, using default mask 0x3 based on channel count of 2)
11-09 10:23:30.433   681 16163 D AudioFlinger: Client defaulted notificationFrames to 590 for frameCount 1772
11-09 10:23:30.434 30862 30980 W AudioTrack: AUDIO_OUTPUT_FLAG_FAST denied by server; frameCount 0 -> 1772
11-09 10:23:30.439   640   640 W AshmemAllocator: ashmem_create_region(7680) returning hidl_memory(0x74f522c100, 7680)
11-09 10:23:30.441   640   640 W AshmemAllocator: ashmem_create_region(7680) returning hidl_memory(0x74f522c100, 7680)
11-09 10:23:30.443 30862 30980 D         : PlayerBase::stop() from IPlayer
11-09 10:23:30.444 30862 30980 D AudioTrack: stop() called with 1770 frames delivered
11-09 10:23:30.450 30862 30980 D         : PlayerBase::PlayerBase()
11-09 10:23:30.450 30862 30980 D         : TrackPlayerBase::TrackPlayerBase()
11-09 10:23:30.450 30862 30980 I libOpenSLES: Emulating old channel mask behavior (ignoring positional mask 0x3, using default mask 0x3 based on channel count of 2)
11-09 10:23:30.451   681 16578 D AudioFlinger: Client defaulted notificationFrames to 590 for frameCount 1772
11-09 10:23:30.452 30862 30980 W AudioTrack: AUDIO_OUTPUT_FLAG_FAST denied by server; frameCount 0 -> 1772
11-09 10:23:30.457   640   640 W AshmemAllocator: ashmem_create_region(7680) returning hidl_memory(0x74f522c100, 7680)
11-09 10:23:30.459   640   640 W AshmemAllocator: ashmem_create_region(7680) returning hidl_memory(0x74f522c100, 7680)
11-09 10:23:30.462 30862 30980 D         : PlayerBase::stop() from IPlayer
11-09 10:23:30.463 30862 30980 D AudioTrack: stop() called with 1770 frames delivered
11-09 10:23:30.468 30862 30980 D         : PlayerBase::PlayerBase()
11-09 10:23:30.469 30862 30980 D         : TrackPlayerBase::TrackPlayerBase()
11-09 10:23:30.469 30862 30980 I libOpenSLES: Emulating old channel mask behavior (ignoring positional mask 0x3, using default mask 0x3 based on channel count of 2)
11-09 10:23:30.470   681 16163 D AudioFlinger: Client defaulted notificationFrames to 590 for frameCount 1772
11-09 10:23:30.471 30862 30980 W AudioTrack: AUDIO_OUTPUT_FLAG_FAST denied by server; frameCount 0 -> 1772
11-09 10:23:30.476   640   640 W AshmemAllocator: ashmem_create_region(7680) returning hidl_memory(0x74f522c100, 7680)
11-09 10:23:30.478   640   640 W AshmemAllocator: ashmem_create_region(7680) returning hidl_memory(0x74f522c100, 7680)
11-09 10:23:30.481 30862 30980 D         : PlayerBase::stop() from IPlayer
11-09 10:23:30.481 30862 30980 D AudioTrack: stop() called with 1770 frames delivered
11-09 10:23:30.486 30862 30980 D         : PlayerBase::PlayerBase()
11-09 10:23:30.486 30862 30980 D         : TrackPlayerBase::TrackPlayerBase()
11-09 10:23:30.486 30862 30980 I libOpenSLES: Emulating old channel mask behavior (ignoring positional mask 0x3, using default mask 0x3 based on channel count of 2)
11-09 10:23:30.487   681   681 D AudioFlinger: Client defaulted notificationFrames to 590 for frameCount 1772
11-09 10:23:30.488 30862 30980 W AudioTrack: AUDIO_OUTPUT_FLAG_FAST denied by server; frameCount 0 -> 1772
11-09 10:23:30.492   640   640 W AshmemAllocator: ashmem_create_region(7680) returning hidl_memory(0x74f522c100, 7680)
11-09 10:23:30.494   640   640 W AshmemAllocator: ashmem_create_region(7680) returning hidl_memory(0x74f522c100, 7680)
11-09 10:23:30.526   676   676 E VibratorService: Setting amplitude  to: 3596
11-09 10:23:30.645 30862 30980 D         : PlayerBase::stop() from IPlayer
11-09 10:23:30.645 30862 30980 D AudioTrack: stop() called with 8828 frames delivered
11-09 10:23:30.651 30862 30980 D         : PlayerBase::PlayerBase()
11-09 10:23:30.651 30862 30980 D         : TrackPlayerBase::TrackPlayerBase()
11-09 10:23:30.651 30862 30980 I libOpenSLES: Emulating old channel mask behavior (ignoring positional mask 0x3, using default mask 0x3 based on channel count of 2)
11-09 10:23:30.652   681   681 D AudioFlinger: Client defaulted notificationFrames to 590 for frameCount 1772
11-09 10:23:30.653 30862 30980 W AudioTrack: AUDIO_OUTPUT_FLAG_FAST denied by server; frameCount 0 -> 1772
11-09 10:23:30.657   640   640 W AshmemAllocator: ashmem_create_region(7680) returning hidl_memory(0x74f522c100, 7680)
11-09 10:23:30.659   640   640 W AshmemAllocator: ashmem_create_region(7680) returning hidl_memory(0x74f522c100, 7680)
11-09 10:23:30.661 30862 30980 D         : PlayerBase::stop() from IPlayer
11-09 10:23:30.661 30862 30980 D AudioTrack: stop() called with 1770 frames delivered
11-09 10:23:30.667 30862 30980 D         : PlayerBase::PlayerBase()
11-09 10:23:30.668 30862 30980 D         : TrackPlayerBase::TrackPlayerBase()
11-09 10:23:30.668 30862 30980 I libOpenSLES: Emulating old channel mask behavior (ignoring positional mask 0x3, using default mask 0x3 based on channel count of 2)
11-09 10:23:30.669   681 16578 D AudioFlinger: Client defaulted notificationFrames to 590 for frameCount 1772
11-09 10:23:30.670 30862 30980 W AudioTrack: AUDIO_OUTPUT_FLAG_FAST denied by server; frameCount 0 -> 1772
11-09 10:23:30.674   640   640 W AshmemAllocator: ashmem_create_region(7680) returning hidl_memory(0x74f522c100, 7680)
11-09 10:23:30.676   640   640 W AshmemAllocator: ashmem_create_region(7680) returning hidl_memory(0x74f522c100, 7680)
11-09 10:23:30.679 30862 30980 D         : PlayerBase::stop() from IPlayer
11-09 10:23:30.679 30862 30980 D AudioTrack: stop() called with 1770 frames delivered
11-09 10:23:30.683 30862 30980 D         : PlayerBase::PlayerBase()
11-09 10:23:30.684 30862 30980 D         : TrackPlayerBase::TrackPlayerBase()
11-09 10:23:30.684 30862 30980 I libOpenSLES: Emulating old channel mask behavior (ignoring positional mask 0x3, using default mask 0x3 based on channel count of 2)
11-09 10:23:30.684   681 16578 D AudioFlinger: Client defaulted notificationFrames to 590 for frameCount 1772
11-09 10:23:30.687 30862 30980 W AudioTrack: AUDIO_OUTPUT_FLAG_FAST denied by server; frameCount 0 -> 1772
11-09 10:23:30.691   640   640 W AshmemAllocator: ashmem_create_region(7680) returning hidl_memory(0x74f522c100, 7680)
11-09 10:23:30.692   640   640 W AshmemAllocator: ashmem_create_region(7680) returning hidl_memory(0x74f522c100, 7680)
11-09 10:23:30.695 30862 30980 D         : PlayerBase::stop() from IPlayer
